
         /\      Grafana   /‾‾/  
    /\  /  \     |\  __   /  /   
   /  \/    \    | |/ /  /   ‾‾\ 
  /          \   |   (  |  (‾)  |
 / __________ \  |_|\_\  \_____/ 

     execution: local
        script: workflow/spin/k6_open_client.js
        output: -

     scenarios: (100.00%) 1 scenario, 10000 max VUs, 15s max duration (incl. graceful stop):
              * default: 3600.00 iterations/s for 15s (maxVUs: 3600-10000)


running (00.9s), 00208/03600 VUs, 2974 complete and 0 interrupted iterations
default   [   6% ] 00208/03600 VUs  00.9s/15s  3600.00 iters/s

running (01.9s), 00197/03600 VUs, 6583 complete and 0 interrupted iterations
default   [  13% ] 00197/03600 VUs  01.9s/15s  3600.00 iters/s

running (02.9s), 00240/03600 VUs, 10140 complete and 0 interrupted iterations
default   [  19% ] 00240/03600 VUs  02.9s/15s  3600.00 iters/s

running (03.9s), 00195/03600 VUs, 13786 complete and 0 interrupted iterations
default   [  26% ] 00195/03600 VUs  03.9s/15s  3600.00 iters/s

running (04.9s), 00204/03600 VUs, 17378 complete and 0 interrupted iterations
default   [  33% ] 00204/03600 VUs  04.9s/15s  3600.00 iters/s

running (05.9s), 00200/03600 VUs, 20980 complete and 0 interrupted iterations
default   [  39% ] 00200/03600 VUs  05.9s/15s  3600.00 iters/s

running (06.9s), 00194/03600 VUs, 24583 complete and 0 interrupted iterations
default   [  46% ] 00194/03600 VUs  06.9s/15s  3600.00 iters/s

running (07.9s), 00186/03600 VUs, 28194 complete and 0 interrupted iterations
default   [  53% ] 00187/03600 VUs  07.9s/15s  3600.00 iters/s

running (08.9s), 00208/03600 VUs, 31771 complete and 0 interrupted iterations
default   [  59% ] 00208/03600 VUs  08.9s/15s  3600.00 iters/s

running (09.9s), 00172/03600 VUs, 35407 complete and 0 interrupted iterations
default   [  66% ] 00172/03600 VUs  09.9s/15s  3600.00 iters/s

running (10.9s), 00205/03600 VUs, 38976 complete and 0 interrupted iterations
default   [  73% ] 00205/03600 VUs  10.9s/15s  3600.00 iters/s

running (11.9s), 00176/03600 VUs, 42602 complete and 0 interrupted iterations
default   [  79% ] 00176/03600 VUs  11.9s/15s  3600.00 iters/s

running (12.9s), 00205/03600 VUs, 46175 complete and 0 interrupted iterations
default   [  86% ] 00205/03600 VUs  12.9s/15s  3600.00 iters/s

running (13.9s), 00227/03600 VUs, 49753 complete and 0 interrupted iterations
default   [  93% ] 00227/03600 VUs  13.9s/15s  3600.00 iters/s

running (14.9s), 00200/03600 VUs, 53380 complete and 0 interrupted iterations
default   [  99% ] 00200/03600 VUs  14.9s/15s  3600.00 iters/s


  █ TOTAL RESULTS 

    HTTP
    http_req_duration..............: avg=59.17ms min=36.15ms med=58.12ms max=125.11ms p(90)=68.21ms p(95)=73.46ms
      { expected_response:true }...: avg=59.17ms min=36.15ms med=58.12ms max=125.11ms p(90)=68.21ms p(95)=73.46ms
    http_req_failed................: 0.00% 0 out of 53752
    http_reqs......................: 53752 3581.888536/s

    EXECUTION
    iteration_duration.............: avg=59.27ms min=36.25ms med=58.21ms max=125.4ms  p(90)=68.3ms  p(95)=73.59ms
    iterations.....................: 53752 3581.888536/s
    vus............................: 200   min=172        max=240 
    vus_max........................: 3600  min=3600       max=3600

    NETWORK
    data_received..................: 11 MB 727 kB/s
    data_sent......................: 10 MB 691 kB/s




running (15.0s), 00000/03600 VUs, 53748 complete and 255 interrupted iterations
default ✓ [ 100% ] 00255/03600 VUs  15s  3600.00 iters/s
