
         /\      Grafana   /‾‾/  
    /\  /  \     |\  __   /  /   
   /  \/    \    | |/ /  /   ‾‾\ 
  /          \   |   (  |  (‾)  |
 / __________ \  |_|\_\  \_____/ 

     execution: local
        script: workflow/spin/k6_open_client.js
        output: -

     scenarios: (100.00%) 1 scenario, 10000 max VUs, 15s max duration (incl. graceful stop):
              * default: 3300.00 iterations/s for 15s (maxVUs: 3300-10000)


running (00.9s), 00502/03300 VUs, 2419 complete and 0 interrupted iterations
default   [   6% ] 00502/03300 VUs  00.9s/15s  3300.00 iters/s

running (01.9s), 00842/03300 VUs, 5376 complete and 0 interrupted iterations
default   [  13% ] 00842/03300 VUs  01.9s/15s  3300.00 iters/s

running (02.9s), 01049/03300 VUs, 8472 complete and 0 interrupted iterations
default   [  19% ] 01049/03300 VUs  02.9s/15s  3300.00 iters/s

running (03.9s), 01176/03300 VUs, 11648 complete and 0 interrupted iterations
default   [  26% ] 01176/03300 VUs  03.9s/15s  3300.00 iters/s

running (04.9s), 01470/03300 VUs, 14651 complete and 0 interrupted iterations
default   [  33% ] 01470/03300 VUs  04.9s/15s  3300.00 iters/s

running (05.9s), 01629/03300 VUs, 17792 complete and 0 interrupted iterations
default   [  39% ] 01629/03300 VUs  05.9s/15s  3300.00 iters/s

running (06.9s), 01850/03300 VUs, 20871 complete and 0 interrupted iterations
default   [  46% ] 01850/03300 VUs  06.9s/15s  3300.00 iters/s

running (07.9s), 02082/03300 VUs, 23936 complete and 0 interrupted iterations
default   [  53% ] 02082/03300 VUs  07.9s/15s  3300.00 iters/s

running (08.9s), 02441/03300 VUs, 26880 complete and 0 interrupted iterations
default   [  59% ] 02441/03300 VUs  08.9s/15s  3300.00 iters/s

running (09.9s), 02707/03300 VUs, 29914 complete and 0 interrupted iterations
default   [  66% ] 02707/03300 VUs  09.9s/15s  3300.00 iters/s

running (10.9s), 02897/03300 VUs, 33024 complete and 0 interrupted iterations
default   [  73% ] 02897/03300 VUs  10.9s/15s  3300.00 iters/s

running (11.9s), 03123/03300 VUs, 36096 complete and 0 interrupted iterations
default   [  79% ] 03123/03300 VUs  11.9s/15s  3300.00 iters/s

running (12.9s), 03300/03319 VUs, 39168 complete and 0 interrupted iterations
default   [  86% ] 03300/03319 VUs  12.9s/15s  3300.00 iters/s

running (13.9s), 03293/03358 VUs, 42368 complete and 0 interrupted iterations
default   [  93% ] 03293/03358 VUs  13.9s/15s  3300.00 iters/s

running (14.9s), 03378/03431 VUs, 45370 complete and 0 interrupted iterations
default   [  99% ] 03378/03431 VUs  14.9s/15s  3300.00 iters/s


  █ TOTAL RESULTS 

    HTTP
    http_req_duration..............: avg=629.99ms min=60.08ms med=612.53ms max=1.1s  p(90)=1.04s p(95)=1.05s
      { expected_response:true }...: avg=629.99ms min=60.08ms med=612.53ms max=1.1s  p(90)=1.04s p(95)=1.05s
    http_req_failed................: 0.00%  0 out of 45718
    http_reqs......................: 45718  3041.789681/s

    EXECUTION
    dropped_iterations.............: 381    25.349356/s
    iteration_duration.............: avg=630.1ms  min=60.58ms med=612.61ms max=1.12s p(90)=1.04s p(95)=1.05s
    iterations.....................: 45718  3041.789681/s
    vus............................: 3379   min=501        max=3379
    vus_max........................: 3431   min=3300       max=3431

    NETWORK
    data_received..................: 9.3 MB 618 kB/s
    data_sent......................: 9.4 MB 627 kB/s




running (15.0s), 00000/03434 VUs, 45696 complete and 3422 interrupted iterations
default ✓ [ 100% ] 03422/03434 VUs  15s  3300.00 iters/s
