
         /\      Grafana   /‾‾/  
    /\  /  \     |\  __   /  /   
   /  \/    \    | |/ /  /   ‾‾\ 
  /          \   |   (  |  (‾)  |
 / __________ \  |_|\_\  \_____/ 

     execution: local
        script: workflow/response/k6_open_client.js
        output: -

     scenarios: (100.00%) 1 scenario, 10000 max VUs, 15s max duration (incl. graceful stop):
              * default: 441.00 iterations/s for 15s (maxVUs: 441-10000)


running (01.0s), 00020/00441 VUs, 411 complete and 0 interrupted iterations
default   [   7% ] 00020/00441 VUs  01.0s/15s  441.00 iters/s

running (02.0s), 00024/00441 VUs, 848 complete and 0 interrupted iterations
default   [  13% ] 00024/00441 VUs  02.0s/15s  441.00 iters/s

running (03.0s), 00026/00441 VUs, 1288 complete and 0 interrupted iterations
default   [  20% ] 00026/00441 VUs  03.0s/15s  441.00 iters/s

running (04.0s), 00013/00441 VUs, 1741 complete and 0 interrupted iterations
default   [  27% ] 00013/00441 VUs  04.0s/15s  441.00 iters/s

running (05.0s), 00015/00441 VUs, 2180 complete and 0 interrupted iterations
default   [  33% ] 00015/00441 VUs  05.0s/15s  441.00 iters/s

running (06.0s), 00022/00441 VUs, 2614 complete and 0 interrupted iterations
default   [  40% ] 00021/00441 VUs  06.0s/15s  441.00 iters/s

running (07.0s), 00026/00441 VUs, 3051 complete and 0 interrupted iterations
default   [  47% ] 00026/00441 VUs  07.0s/15s  441.00 iters/s

running (08.0s), 00015/00441 VUs, 3503 complete and 0 interrupted iterations
default   [  53% ] 00015/00441 VUs  08.0s/15s  441.00 iters/s

running (09.0s), 00017/00441 VUs, 3943 complete and 0 interrupted iterations
default   [  60% ] 00017/00441 VUs  09.0s/15s  441.00 iters/s

running (10.0s), 00023/00441 VUs, 4377 complete and 0 interrupted iterations
default   [  67% ] 00023/00441 VUs  10.0s/15s  441.00 iters/s

running (11.0s), 00016/00441 VUs, 4825 complete and 0 interrupted iterations
default   [  73% ] 00016/00441 VUs  11.0s/15s  441.00 iters/s

running (12.0s), 00018/00441 VUs, 5264 complete and 0 interrupted iterations
default   [  80% ] 00018/00441 VUs  12.0s/15s  441.00 iters/s

running (13.0s), 00026/00441 VUs, 5698 complete and 0 interrupted iterations
default   [  87% ] 00026/00441 VUs  13.0s/15s  441.00 iters/s

running (14.0s), 00018/00441 VUs, 6146 complete and 0 interrupted iterations
default   [  93% ] 00018/00441 VUs  14.0s/15s  441.00 iters/s

running (15.0s), 00024/00441 VUs, 6582 complete and 0 interrupted iterations
default   [ 100% ] 00024/00441 VUs  15.0s/15s  441.00 iters/s


  █ TOTAL RESULTS 

    HTTP
    http_req_duration..............: avg=45.44ms min=25.54ms med=45.36ms max=70.38ms p(90)=57.44ms p(95)=59.3ms 
      { expected_response:true }...: avg=45.44ms min=25.54ms med=45.36ms max=70.38ms p(90)=57.44ms p(95)=59.3ms 
    http_req_failed................: 0.00%  0 out of 6596
    http_reqs......................: 6596   439.677901/s

    EXECUTION
    iteration_duration.............: avg=45.53ms min=25.61ms med=45.45ms max=70.46ms p(90)=57.52ms p(95)=59.37ms
    iterations.....................: 6596   439.677901/s
    vus............................: 24     min=13        max=27 
    vus_max........................: 441    min=441       max=441

    NETWORK
    data_received..................: 1.3 MB 88 kB/s
    data_sent......................: 1.3 MB 86 kB/s




running (15.0s), 00000/00441 VUs, 6596 complete and 20 interrupted iterations
default ✓ [ 100% ] 00020/00441 VUs  15s  441.00 iters/s
