
         /\      Grafana   /‾‾/  
    /\  /  \     |\  __   /  /   
   /  \/    \    | |/ /  /   ‾‾\ 
  /          \   |   (  |  (‾)  |
 / __________ \  |_|\_\  \_____/ 

     execution: local
        script: workflow/hotel/k6_open_hotels_client.js
        output: -

     scenarios: (100.00%) 1 scenario, 10000 max VUs, 10s max duration (incl. graceful stop):
              * default: 492.00 iterations/s for 10s (maxVUs: 492-10000)


running (01.0s), 00003/00492 VUs, 477 complete and 0 interrupted iterations
default   [  10% ] 00003/00492 VUs  01.0s/10s  492.00 iters/s

running (02.0s), 00002/00492 VUs, 970 complete and 0 interrupted iterations
default   [  20% ] 00002/00492 VUs  02.0s/10s  492.00 iters/s

running (03.0s), 00002/00492 VUs, 1462 complete and 0 interrupted iterations
default   [  30% ] 00002/00492 VUs  03.0s/10s  492.00 iters/s

running (04.0s), 00002/00492 VUs, 1954 complete and 0 interrupted iterations
default   [  40% ] 00002/00492 VUs  04.0s/10s  492.00 iters/s

running (05.0s), 00002/00492 VUs, 2446 complete and 0 interrupted iterations
default   [  50% ] 00002/00492 VUs  05.0s/10s  492.00 iters/s

running (06.0s), 00002/00492 VUs, 2938 complete and 0 interrupted iterations
default   [  60% ] 00002/00492 VUs  06.0s/10s  492.00 iters/s

running (07.0s), 00002/00492 VUs, 3430 complete and 0 interrupted iterations
default   [  70% ] 00002/00492 VUs  07.0s/10s  492.00 iters/s

running (08.0s), 00003/00492 VUs, 3921 complete and 0 interrupted iterations
default   [  80% ] 00003/00492 VUs  08.0s/10s  492.00 iters/s

running (09.0s), 00002/00492 VUs, 4414 complete and 0 interrupted iterations
default   [  90% ] 00002/00492 VUs  09.0s/10s  492.00 iters/s

running (10.0s), 00002/00492 VUs, 4906 complete and 0 interrupted iterations
default   [ 100% ] 00002/00492 VUs  10.0s/10s  492.00 iters/s


  █ TOTAL RESULTS 

    HTTP
    http_req_duration..............: avg=3.77ms min=2.62ms   med=3.18ms max=14.52ms p(90)=5.6ms  p(95)=7.12ms
      { expected_response:true }...: avg=3.77ms min=2.62ms   med=3.18ms max=14.52ms p(90)=5.6ms  p(95)=7.12ms
    http_req_failed................: 0.00%  0 out of 4919
    http_reqs......................: 4919   491.831242/s

    EXECUTION
    iteration_duration.............: avg=3.89ms min=414.38µs med=3.31ms max=14.65ms p(90)=5.72ms p(95)=7.25ms
    iterations.....................: 4920   491.931228/s
    vus............................: 2      min=1         max=3  
    vus_max........................: 492    min=492       max=492

    NETWORK
    data_received..................: 1.4 MB 140 kB/s
    data_sent......................: 1.6 MB 161 kB/s




running (10.0s), 00000/00492 VUs, 4919 complete and 2 interrupted iterations
default ✓ [ 100% ] 00002/00492 VUs  10s  492.00 iters/s
