
         /\      Grafana   /‾‾/  
    /\  /  \     |\  __   /  /   
   /  \/    \    | |/ /  /   ‾‾\ 
  /          \   |   (  |  (‾)  |
 / __________ \  |_|\_\  \_____/ 

     execution: local
        script: workflow/spin/k6_open_client.js
        output: -

     scenarios: (100.00%) 1 scenario, 10000 max VUs, 15s max duration (incl. graceful stop):
              * default: 1883.00 iterations/s for 15s (maxVUs: 1883-10000)


running (00.9s), 00277/01883 VUs, 1475 complete and 0 interrupted iterations
default   [   6% ] 00277/01883 VUs  00.9s/15s  1883.00 iters/s

running (01.9s), 00215/01883 VUs, 3421 complete and 0 interrupted iterations
default   [  13% ] 00215/01883 VUs  01.9s/15s  1883.00 iters/s

running (02.9s), 00320/01883 VUs, 5196 complete and 0 interrupted iterations
default   [  20% ] 00321/01883 VUs  02.9s/15s  1883.00 iters/s

running (03.9s), 00333/01883 VUs, 7068 complete and 0 interrupted iterations
default   [  26% ] 00333/01883 VUs  03.9s/15s  1883.00 iters/s

running (04.9s), 00357/01883 VUs, 8926 complete and 0 interrupted iterations
default   [  33% ] 00357/01883 VUs  04.9s/15s  1883.00 iters/s

running (05.9s), 00319/01883 VUs, 10846 complete and 0 interrupted iterations
default   [  40% ] 00320/01883 VUs  05.9s/15s  1883.00 iters/s

running (06.9s), 00244/01883 VUs, 12806 complete and 0 interrupted iterations
default   [  46% ] 00244/01883 VUs  06.9s/15s  1883.00 iters/s

running (07.9s), 00343/01883 VUs, 14589 complete and 0 interrupted iterations
default   [  53% ] 00343/01883 VUs  07.9s/15s  1883.00 iters/s

running (08.9s), 00269/01883 VUs, 16548 complete and 0 interrupted iterations
default   [  60% ] 00269/01883 VUs  08.9s/15s  1883.00 iters/s

running (09.9s), 00250/01883 VUs, 18448 complete and 0 interrupted iterations
default   [  66% ] 00250/01883 VUs  09.9s/15s  1883.00 iters/s

running (10.9s), 00299/01883 VUs, 20284 complete and 0 interrupted iterations
default   [  73% ] 00299/01883 VUs  10.9s/15s  1883.00 iters/s

running (11.9s), 00366/01883 VUs, 22098 complete and 0 interrupted iterations
default   [  80% ] 00366/01883 VUs  11.9s/15s  1883.00 iters/s

running (12.9s), 00349/01883 VUs, 23999 complete and 0 interrupted iterations
default   [  86% ] 00349/01883 VUs  12.9s/15s  1883.00 iters/s

running (13.9s), 00276/01883 VUs, 25955 complete and 0 interrupted iterations
default   [  93% ] 00276/01883 VUs  13.9s/15s  1883.00 iters/s

running (14.9s), 00276/01883 VUs, 27837 complete and 0 interrupted iterations
default   [ 100% ] 00276/01883 VUs  14.9s/15s  1883.00 iters/s


  █ TOTAL RESULTS 

    HTTP
    http_req_duration..............: avg=160.07ms min=97.99ms med=160.25ms max=257.84ms p(90)=194.41ms p(95)=202.11ms
      { expected_response:true }...: avg=160.07ms min=97.99ms med=160.25ms max=257.84ms p(90)=194.41ms p(95)=202.11ms
    http_req_failed................: 0.00%  0 out of 27922
    http_reqs......................: 27922  1860.904129/s

    EXECUTION
    iteration_duration.............: avg=160.16ms min=98.06ms med=160.34ms max=257.93ms p(90)=194.51ms p(95)=202.22ms
    iterations.....................: 27922  1860.904129/s
    vus............................: 276    min=215        max=366 
    vus_max........................: 1883   min=1883       max=1883

    NETWORK
    data_received..................: 5.7 MB 378 kB/s
    data_sent......................: 5.4 MB 361 kB/s




running (15.0s), 00000/01883 VUs, 27922 complete and 324 interrupted iterations
default ✓ [ 100% ] 00324/01883 VUs  15s  1883.00 iters/s
