
         /\      Grafana   /‾‾/  
    /\  /  \     |\  __   /  /   
   /  \/    \    | |/ /  /   ‾‾\ 
  /          \   |   (  |  (‾)  |
 / __________ \  |_|\_\  \_____/ 

     execution: local
        script: workflow/spin/k6_open_client.js
        output: -

     scenarios: (100.00%) 1 scenario, 10000 max VUs, 15s max duration (incl. graceful stop):
              * default: 2776.00 iterations/s for 15s (maxVUs: 2776-10000)


running (00.9s), 00013/02776 VUs, 2495 complete and 0 interrupted iterations
default   [   6% ] 00013/02776 VUs  00.9s/15s  2776.00 iters/s

running (01.9s), 00011/02776 VUs, 5273 complete and 0 interrupted iterations
default   [  13% ] 00011/02776 VUs  01.9s/15s  2776.00 iters/s

running (02.9s), 00011/02776 VUs, 8048 complete and 0 interrupted iterations
default   [  19% ] 00011/02776 VUs  02.9s/15s  2776.00 iters/s

running (03.9s), 00020/02776 VUs, 10815 complete and 0 interrupted iterations
default   [  26% ] 00020/02776 VUs  03.9s/15s  2776.00 iters/s

running (04.9s), 00011/02776 VUs, 13600 complete and 0 interrupted iterations
default   [  33% ] 00012/02776 VUs  04.9s/15s  2776.00 iters/s

running (05.9s), 00013/02776 VUs, 16374 complete and 0 interrupted iterations
default   [  39% ] 00013/02776 VUs  05.9s/15s  2776.00 iters/s

running (06.9s), 00012/02776 VUs, 19152 complete and 0 interrupted iterations
default   [  46% ] 00012/02776 VUs  06.9s/15s  2776.00 iters/s

running (07.9s), 00014/02776 VUs, 21926 complete and 0 interrupted iterations
default   [  53% ] 00013/02776 VUs  07.9s/15s  2776.00 iters/s

running (08.9s), 00011/02776 VUs, 24705 complete and 0 interrupted iterations
default   [  59% ] 00011/02776 VUs  08.9s/15s  2776.00 iters/s

running (09.9s), 00012/02776 VUs, 27480 complete and 0 interrupted iterations
default   [  66% ] 00011/02776 VUs  09.9s/15s  2776.00 iters/s

running (10.9s), 00012/02776 VUs, 30257 complete and 0 interrupted iterations
default   [  73% ] 00012/02776 VUs  10.9s/15s  2776.00 iters/s

running (11.9s), 00011/02776 VUs, 33033 complete and 0 interrupted iterations
default   [  79% ] 00011/02776 VUs  11.9s/15s  2776.00 iters/s

running (12.9s), 00011/02776 VUs, 35809 complete and 0 interrupted iterations
default   [  86% ] 00011/02776 VUs  12.9s/15s  2776.00 iters/s

running (13.9s), 00012/02776 VUs, 38584 complete and 0 interrupted iterations
default   [  93% ] 00012/02776 VUs  13.9s/15s  2776.00 iters/s

running (14.9s), 00012/02776 VUs, 41360 complete and 0 interrupted iterations
default   [  99% ] 00012/02776 VUs  14.9s/15s  2776.00 iters/s


  █ TOTAL RESULTS 

    HTTP
    http_req_duration..............: avg=4.32ms min=3.58ms med=3.97ms max=33.79ms p(90)=4.81ms p(95)=5.61ms
      { expected_response:true }...: avg=4.32ms min=3.58ms med=3.97ms max=33.79ms p(90)=4.81ms p(95)=5.61ms
    http_req_failed................: 0.00%  0 out of 41630
    http_reqs......................: 41630  2774.681336/s

    EXECUTION
    iteration_duration.............: avg=4.41ms min=3.65ms med=4.06ms max=33.92ms p(90)=4.91ms p(95)=5.7ms 
    iterations.....................: 41630  2774.681336/s
    vus............................: 12     min=10         max=20  
    vus_max........................: 2776   min=2776       max=2776

    NETWORK
    data_received..................: 8.5 MB 563 kB/s
    data_sent......................: 8.0 MB 533 kB/s




running (15.0s), 00000/02776 VUs, 41630 complete and 11 interrupted iterations
default ✓ [ 100% ] 00011/02776 VUs  15s  2776.00 iters/s
