
         /\      Grafana   /‾‾/  
    /\  /  \     |\  __   /  /   
   /  \/    \    | |/ /  /   ‾‾\ 
  /          \   |   (  |  (‾)  |
 / __________ \  |_|\_\  \_____/ 

     execution: local
        script: workflow/media/k6_open_review_compose.js
        output: -

     scenarios: (100.00%) 1 scenario, 10000 max VUs, 15s max duration (incl. graceful stop):
              * default: 1936.00 iterations/s for 15s (maxVUs: 1936-10000)


running (00.9s), 00020/01936 VUs, 1769 complete and 0 interrupted iterations
default   [   6% ] 00020/01936 VUs  00.9s/15s  1936.00 iters/s

running (01.9s), 00016/01936 VUs, 3708 complete and 0 interrupted iterations
default   [  13% ] 00017/01936 VUs  01.9s/15s  1936.00 iters/s

running (02.9s), 00061/01936 VUs, 5599 complete and 0 interrupted iterations
default   [  19% ] 00061/01936 VUs  02.9s/15s  1936.00 iters/s

running (03.9s), 00011/01936 VUs, 7586 complete and 0 interrupted iterations
default   [  26% ] 00011/01936 VUs  03.9s/15s  1936.00 iters/s

running (04.9s), 00010/01936 VUs, 9523 complete and 0 interrupted iterations
default   [  33% ] 00010/01936 VUs  04.9s/15s  1936.00 iters/s

running (05.9s), 00036/01936 VUs, 11434 complete and 0 interrupted iterations
default   [  39% ] 00036/01936 VUs  05.9s/15s  1936.00 iters/s

running (06.9s), 00016/01936 VUs, 13389 complete and 0 interrupted iterations
default   [  46% ] 00016/01936 VUs  06.9s/15s  1936.00 iters/s

running (07.9s), 00049/01936 VUs, 15292 complete and 0 interrupted iterations
default   [  53% ] 00049/01936 VUs  07.9s/15s  1936.00 iters/s

running (08.9s), 00029/01936 VUs, 17249 complete and 0 interrupted iterations
default   [  59% ] 00029/01936 VUs  08.9s/15s  1936.00 iters/s

running (09.9s), 00111/01936 VUs, 19102 complete and 0 interrupted iterations
default   [  66% ] 00111/01936 VUs  09.9s/15s  1936.00 iters/s

running (10.9s), 00007/01936 VUs, 21143 complete and 0 interrupted iterations
default   [  73% ] 00007/01936 VUs  10.9s/15s  1936.00 iters/s

running (11.9s), 00022/01936 VUs, 23063 complete and 0 interrupted iterations
default   [  79% ] 00022/01936 VUs  11.9s/15s  1936.00 iters/s

running (12.9s), 00018/01936 VUs, 25003 complete and 0 interrupted iterations
default   [  86% ] 00018/01936 VUs  12.9s/15s  1936.00 iters/s

running (13.9s), 00025/01936 VUs, 26932 complete and 0 interrupted iterations
default   [  93% ] 00025/01936 VUs  13.9s/15s  1936.00 iters/s

running (14.9s), 00012/01936 VUs, 28881 complete and 0 interrupted iterations
default   [  99% ] 00011/01936 VUs  14.9s/15s  1936.00 iters/s


  █ TOTAL RESULTS 

    HTTP
    http_req_duration..............: avg=15.02ms min=2.25ms med=10.88ms max=93.37ms p(90)=33.16ms p(95)=43.98ms
      { expected_response:true }...: avg=15.02ms min=2.25ms med=10.88ms max=93.37ms p(90)=33.16ms p(95)=43.98ms
    http_req_failed................: 0.00%  0 out of 29025
    http_reqs......................: 29025  1934.5702/s

    EXECUTION
    iteration_duration.............: avg=15.14ms min=2.37ms med=10.99ms max=93.52ms p(90)=33.3ms  p(95)=44.17ms
    iterations.....................: 29025  1934.5702/s
    vus............................: 12     min=7          max=110 
    vus_max........................: 1936   min=1936       max=1936

    NETWORK
    data_received..................: 6.7 MB 448 kB/s
    data_sent......................: 16 MB  1.1 MB/s




running (15.0s), 00000/01936 VUs, 29023 complete and 19 interrupted iterations
default ✓ [ 100% ] 00019/01936 VUs  15s  1936.00 iters/s
