
         /\      Grafana   /‾‾/  
    /\  /  \     |\  __   /  /   
   /  \/    \    | |/ /  /   ‾‾\ 
  /          \   |   (  |  (‾)  |
 / __________ \  |_|\_\  \_____/ 

     execution: local
        script: workflow/social/k6_open_client.js
        output: -

     scenarios: (100.00%) 1 scenario, 10000 max VUs, 10s max duration (incl. graceful stop):
              * default: 2092.00 iterations/s for 10s (maxVUs: 2092-10000)


running (00.9s), 00969/02092 VUs, 956 complete and 0 interrupted iterations
default   [   9% ] 00969/02092 VUs  00.9s/10s  2092.00 iters/s

running (01.9s), 01115/02092 VUs, 2903 complete and 0 interrupted iterations
default   [  19% ] 01115/02092 VUs  01.9s/10s  2092.00 iters/s

running (02.9s), 01209/02092 VUs, 4901 complete and 0 interrupted iterations
default   [  29% ] 01209/02092 VUs  02.9s/10s  2092.00 iters/s

running (03.9s), 01267/02092 VUs, 6936 complete and 0 interrupted iterations
default   [  39% ] 01267/02092 VUs  03.9s/10s  2092.00 iters/s

running (04.9s), 01293/02092 VUs, 9000 complete and 0 interrupted iterations
default   [  49% ] 01293/02092 VUs  04.9s/10s  2092.00 iters/s

running (05.9s), 01379/02092 VUs, 11007 complete and 0 interrupted iterations
default   [  59% ] 01379/02092 VUs  05.9s/10s  2092.00 iters/s

running (06.9s), 01456/02092 VUs, 13022 complete and 0 interrupted iterations
default   [  69% ] 01456/02092 VUs  06.9s/10s  2092.00 iters/s

running (07.9s), 01453/02092 VUs, 15117 complete and 0 interrupted iterations
default   [  79% ] 01453/02092 VUs  07.9s/10s  2092.00 iters/s

running (08.9s), 01512/02092 VUs, 17150 complete and 0 interrupted iterations
default   [  89% ] 01513/02092 VUs  08.9s/10s  2092.00 iters/s

running (09.9s), 01466/02092 VUs, 19286 complete and 0 interrupted iterations
default   [  99% ] 01466/02092 VUs  09.9s/10s  2092.00 iters/s


  █ TOTAL RESULTS 

    HTTP
    http_req_duration..............: avg=126.53ms min=1.2ms  med=125.16ms max=223.79ms p(90)=211.64ms p(95)=216.01ms
      { expected_response:true }...: avg=126.53ms min=1.2ms  med=125.16ms max=223.79ms p(90)=211.64ms p(95)=216.01ms
    http_req_failed................: 0.00%  0 out of 19463
    http_reqs......................: 19463  1944.104692/s

    EXECUTION
    iteration_duration.............: avg=126.64ms min=1.48ms med=125.26ms max=223.88ms p(90)=211.74ms p(95)=216.11ms
    iterations.....................: 19463  1944.104692/s
    vus............................: 1467   min=970        max=1513
    vus_max........................: 2092   min=2092       max=2092

    NETWORK
    data_received..................: 4.4 MB 437 kB/s
    data_sent......................: 6.5 MB 652 kB/s




running (10.0s), 00000/02092 VUs, 19459 complete and 1462 interrupted iterations
default ✓ [ 100% ] 01462/02092 VUs  10s  2092.00 iters/s
