
         /\      Grafana   /‾‾/  
    /\  /  \     |\  __   /  /   
   /  \/    \    | |/ /  /   ‾‾\ 
  /          \   |   (  |  (‾)  |
 / __________ \  |_|\_\  \_____/ 

     execution: local
        script: workflow/spin/k6_open_client.js
        output: -

     scenarios: (100.00%) 1 scenario, 10000 max VUs, 15s max duration (incl. graceful stop):
              * default: 486.00 iterations/s for 15s (maxVUs: 486-10000)


running (01.0s), 00021/00486 VUs, 453 complete and 0 interrupted iterations
default   [   6% ] 00021/00486 VUs  01.0s/15s  486.00 iters/s

running (02.0s), 00021/00486 VUs, 939 complete and 0 interrupted iterations
default   [  13% ] 00021/00486 VUs  02.0s/15s  486.00 iters/s

running (03.0s), 00012/00486 VUs, 1433 complete and 0 interrupted iterations
default   [  20% ] 00013/00486 VUs  03.0s/15s  486.00 iters/s

running (04.0s), 00015/00486 VUs, 1917 complete and 0 interrupted iterations
default   [  26% ] 00015/00486 VUs  04.0s/15s  486.00 iters/s

running (05.0s), 00019/00486 VUs, 2399 complete and 0 interrupted iterations
default   [  33% ] 00019/00486 VUs  05.0s/15s  486.00 iters/s

running (06.0s), 00011/00486 VUs, 2893 complete and 0 interrupted iterations
default   [  40% ] 00011/00486 VUs  06.0s/15s  486.00 iters/s

running (07.0s), 00008/00486 VUs, 3382 complete and 0 interrupted iterations
default   [  46% ] 00008/00486 VUs  07.0s/15s  486.00 iters/s

running (08.0s), 00007/00486 VUs, 3869 complete and 0 interrupted iterations
default   [  53% ] 00007/00486 VUs  08.0s/15s  486.00 iters/s

running (09.0s), 00011/00486 VUs, 4351 complete and 0 interrupted iterations
default   [  60% ] 00011/00486 VUs  09.0s/15s  486.00 iters/s

running (10.0s), 00012/00486 VUs, 4836 complete and 0 interrupted iterations
default   [  66% ] 00012/00486 VUs  10.0s/15s  486.00 iters/s

running (11.0s), 00012/00486 VUs, 5322 complete and 0 interrupted iterations
default   [  73% ] 00012/00486 VUs  11.0s/15s  486.00 iters/s

running (12.0s), 00014/00486 VUs, 5806 complete and 0 interrupted iterations
default   [  80% ] 00014/00486 VUs  12.0s/15s  486.00 iters/s

running (13.0s), 00015/00486 VUs, 6291 complete and 0 interrupted iterations
default   [  86% ] 00015/00486 VUs  13.0s/15s  486.00 iters/s

running (14.0s), 00016/00486 VUs, 6776 complete and 0 interrupted iterations
default   [  93% ] 00016/00486 VUs  14.0s/15s  486.00 iters/s

running (15.0s), 00013/00486 VUs, 7265 complete and 0 interrupted iterations
default   [ 100% ] 00013/00486 VUs  15.0s/15s  486.00 iters/s


  █ TOTAL RESULTS 

    HTTP
    http_req_duration..............: avg=28.25ms min=11.47ms med=28.21ms max=47.61ms p(90)=40.31ms p(95)=41.82ms
      { expected_response:true }...: avg=28.25ms min=11.47ms med=28.21ms max=47.61ms p(90)=40.31ms p(95)=41.82ms
    http_req_failed................: 0.00%  0 out of 7281
    http_reqs......................: 7281   485.345271/s

    EXECUTION
    iteration_duration.............: avg=28.34ms min=11.54ms med=28.29ms max=47.83ms p(90)=40.41ms p(95)=41.91ms
    iterations.....................: 7281   485.345271/s
    vus............................: 12     min=7         max=21 
    vus_max........................: 486    min=486       max=486

    NETWORK
    data_received..................: 1.5 MB 98 kB/s
    data_sent......................: 1.4 MB 93 kB/s




running (15.0s), 00000/00486 VUs, 7281 complete and 9 interrupted iterations
default ✓ [ 100% ] 00009/00486 VUs  15s  486.00 iters/s
