
         /\      Grafana   /‾‾/  
    /\  /  \     |\  __   /  /   
   /  \/    \    | |/ /  /   ‾‾\ 
  /          \   |   (  |  (‾)  |
 / __________ \  |_|\_\  \_____/ 

     execution: local
        script: workflow/spin/k6_open_client.js
        output: -

     scenarios: (100.00%) 1 scenario, 10000 max VUs, 15s max duration (incl. graceful stop):
              * default: 1746.00 iterations/s for 15s (maxVUs: 1746-10000)


running (00.9s), 00689/01746 VUs, 940 complete and 0 interrupted iterations
default   [   6% ] 00689/01746 VUs  00.9s/15s  1746.00 iters/s

running (01.9s), 00816/01746 VUs, 2560 complete and 0 interrupted iterations
default   [  13% ] 00816/01746 VUs  01.9s/15s  1746.00 iters/s

running (02.9s), 00861/01746 VUs, 4260 complete and 0 interrupted iterations
default   [  20% ] 00860/01746 VUs  02.9s/15s  1746.00 iters/s

running (03.9s), 00724/01746 VUs, 6144 complete and 0 interrupted iterations
default   [  26% ] 00724/01746 VUs  03.9s/15s  1746.00 iters/s

running (04.9s), 00933/01746 VUs, 7680 complete and 0 interrupted iterations
default   [  33% ] 00933/01746 VUs  04.9s/15s  1746.00 iters/s

running (05.9s), 00633/01746 VUs, 9728 complete and 0 interrupted iterations
default   [  40% ] 00633/01746 VUs  05.9s/15s  1746.00 iters/s

running (06.9s), 00842/01746 VUs, 11264 complete and 0 interrupted iterations
default   [  46% ] 00842/01746 VUs  06.9s/15s  1746.00 iters/s

running (07.9s), 00773/01746 VUs, 13078 complete and 0 interrupted iterations
default   [  53% ] 00773/01746 VUs  07.9s/15s  1746.00 iters/s

running (08.9s), 00750/01746 VUs, 14848 complete and 0 interrupted iterations
default   [  60% ] 00750/01746 VUs  08.9s/15s  1746.00 iters/s

running (09.9s), 00960/01746 VUs, 16384 complete and 0 interrupted iterations
default   [  66% ] 00960/01746 VUs  09.9s/15s  1746.00 iters/s

running (10.9s), 00659/01746 VUs, 18432 complete and 0 interrupted iterations
default   [  73% ] 00659/01746 VUs  10.9s/15s  1746.00 iters/s

running (11.9s), 00869/01746 VUs, 19968 complete and 0 interrupted iterations
default   [  80% ] 00869/01746 VUs  11.9s/15s  1746.00 iters/s

running (12.9s), 00584/01746 VUs, 21997 complete and 0 interrupted iterations
default   [  86% ] 00584/01746 VUs  12.9s/15s  1746.00 iters/s

running (13.9s), 00776/01746 VUs, 23552 complete and 0 interrupted iterations
default   [  93% ] 00776/01746 VUs  13.9s/15s  1746.00 iters/s

running (14.9s), 00952/01746 VUs, 25121 complete and 0 interrupted iterations
default   [ 100% ] 00952/01746 VUs  14.9s/15s  1746.00 iters/s


  █ TOTAL RESULTS 

    HTTP
    http_req_duration..............: avg=459.3ms  min=327.6ms  med=458.06ms max=587.53ms p(90)=546.52ms p(95)=558.49ms
      { expected_response:true }...: avg=459.3ms  min=327.6ms  med=458.06ms max=587.53ms p(90)=546.52ms p(95)=558.49ms
    http_req_failed................: 0.00%  0 out of 25577
    http_reqs......................: 25577  1704.431805/s

    EXECUTION
    iteration_duration.............: avg=459.39ms min=327.67ms med=458.14ms max=587.61ms p(90)=546.67ms p(95)=558.68ms
    iterations.....................: 25577  1704.431805/s
    vus............................: 952    min=584        max=960 
    vus_max........................: 1746   min=1746       max=1746

    NETWORK
    data_received..................: 5.2 MB 346 kB/s
    data_sent......................: 5.0 MB 335 kB/s




running (15.0s), 00000/01746 VUs, 25569 complete and 622 interrupted iterations
default ✓ [ 100% ] 00622/01746 VUs  15s  1746.00 iters/s
