
         /\      Grafana   /‾‾/  
    /\  /  \     |\  __   /  /   
   /  \/    \    | |/ /  /   ‾‾\ 
  /          \   |   (  |  (‾)  |
 / __________ \  |_|\_\  \_____/ 

     execution: local
        script: workflow/social/k6_open_client.js
        output: -

     scenarios: (100.00%) 1 scenario, 10000 max VUs, 15s max duration (incl. graceful stop):
              * default: 2789.00 iterations/s for 15s (maxVUs: 2789-10000)


running (00.9s), 00060/02789 VUs, 2460 complete and 0 interrupted iterations
default   [   6% ] 00060/02789 VUs  00.9s/15s  2789.00 iters/s

running (01.9s), 00062/02789 VUs, 5247 complete and 0 interrupted iterations
default   [  13% ] 00062/02789 VUs  01.9s/15s  2789.00 iters/s

running (02.9s), 00048/02789 VUs, 8050 complete and 0 interrupted iterations
default   [  19% ] 00048/02789 VUs  02.9s/15s  2789.00 iters/s

running (03.9s), 00051/02789 VUs, 10836 complete and 0 interrupted iterations
default   [  26% ] 00051/02789 VUs  03.9s/15s  2789.00 iters/s

running (04.9s), 00041/02789 VUs, 13636 complete and 0 interrupted iterations
default   [  33% ] 00041/02789 VUs  04.9s/15s  2789.00 iters/s

running (05.9s), 00049/02789 VUs, 16418 complete and 0 interrupted iterations
default   [  39% ] 00049/02789 VUs  05.9s/15s  2789.00 iters/s

running (06.9s), 00053/02789 VUs, 19201 complete and 0 interrupted iterations
default   [  46% ] 00053/02789 VUs  06.9s/15s  2789.00 iters/s

running (07.9s), 00060/02789 VUs, 21985 complete and 0 interrupted iterations
default   [  53% ] 00060/02789 VUs  07.9s/15s  2789.00 iters/s

running (08.9s), 00094/02789 VUs, 24737 complete and 0 interrupted iterations
default   [  59% ] 00094/02789 VUs  08.9s/15s  2789.00 iters/s

running (09.9s), 00057/02789 VUs, 27564 complete and 0 interrupted iterations
default   [  66% ] 00057/02789 VUs  09.9s/15s  2789.00 iters/s

running (10.9s), 00052/02789 VUs, 30358 complete and 0 interrupted iterations
default   [  73% ] 00052/02789 VUs  10.9s/15s  2789.00 iters/s

running (11.9s), 00047/02789 VUs, 33152 complete and 0 interrupted iterations
default   [  79% ] 00047/02789 VUs  11.9s/15s  2789.00 iters/s

running (12.9s), 00048/02789 VUs, 35940 complete and 0 interrupted iterations
default   [  86% ] 00048/02789 VUs  12.9s/15s  2789.00 iters/s

running (13.9s), 00047/02789 VUs, 38729 complete and 0 interrupted iterations
default   [  93% ] 00047/02789 VUs  13.9s/15s  2789.00 iters/s

running (14.9s), 00054/02789 VUs, 41512 complete and 0 interrupted iterations
default   [  99% ] 00054/02789 VUs  14.9s/15s  2789.00 iters/s


  █ TOTAL RESULTS 

    HTTP
    http_req_duration..............: avg=18.24ms min=8.8ms med=17.51ms max=51.71ms p(90)=22.85ms p(95)=25.9ms 
      { expected_response:true }...: avg=18.24ms min=8.8ms med=17.51ms max=51.71ms p(90)=22.85ms p(95)=25.9ms 
    http_req_failed................: 0.00%  0 out of 41791
    http_reqs......................: 41791  2785.235349/s

    EXECUTION
    iteration_duration.............: avg=18.36ms min=9.1ms med=17.63ms max=53.31ms p(90)=22.97ms p(95)=26.04ms
    iterations.....................: 41791  2785.235349/s
    vus............................: 53     min=42         max=96  
    vus_max........................: 2789   min=2789       max=2789

    NETWORK
    data_received..................: 9.4 MB 629 kB/s
    data_sent......................: 14 MB  916 kB/s




running (15.0s), 00000/02789 VUs, 41791 complete and 43 interrupted iterations
default ✓ [ 100% ] 00043/02789 VUs  15s  2789.00 iters/s
