
         /\      Grafana   /‾‾/  
    /\  /  \     |\  __   /  /   
   /  \/    \    | |/ /  /   ‾‾\ 
  /          \   |   (  |  (‾)  |
 / __________ \  |_|\_\  \_____/ 

     execution: local
        script: workflow/spin/k6_open_client.js
        output: -

     scenarios: (100.00%) 1 scenario, 10000 max VUs, 15s max duration (incl. graceful stop):
              * default: 3888.00 iterations/s for 15s (maxVUs: 3888-10000)


running (00.9s), 00234/03888 VUs, 3165 complete and 0 interrupted iterations
default   [   6% ] 00234/03888 VUs  00.9s/15s  3888.00 iters/s

running (01.9s), 00203/03888 VUs, 7084 complete and 0 interrupted iterations
default   [  12% ] 00203/03888 VUs  01.9s/15s  3888.00 iters/s

running (02.9s), 00236/03888 VUs, 10939 complete and 0 interrupted iterations
default   [  19% ] 00235/03888 VUs  02.9s/15s  3888.00 iters/s

running (03.9s), 00258/03888 VUs, 14805 complete and 0 interrupted iterations
default   [  26% ] 00258/03888 VUs  03.9s/15s  3888.00 iters/s

running (04.9s), 00236/03888 VUs, 18718 complete and 0 interrupted iterations
default   [  32% ] 00236/03888 VUs  04.9s/15s  3888.00 iters/s

running (05.9s), 00269/03888 VUs, 22570 complete and 0 interrupted iterations
default   [  39% ] 00269/03888 VUs  05.9s/15s  3888.00 iters/s

running (06.9s), 00252/03888 VUs, 26475 complete and 0 interrupted iterations
default   [  46% ] 00252/03888 VUs  06.9s/15s  3888.00 iters/s

running (07.9s), 00206/03888 VUs, 30411 complete and 0 interrupted iterations
default   [  52% ] 00206/03888 VUs  07.9s/15s  3888.00 iters/s

running (08.9s), 00265/03888 VUs, 34239 complete and 0 interrupted iterations
default   [  59% ] 00265/03888 VUs  08.9s/15s  3888.00 iters/s

running (09.9s), 00280/03888 VUs, 38112 complete and 0 interrupted iterations
default   [  66% ] 00280/03888 VUs  09.9s/15s  3888.00 iters/s

running (10.9s), 00368/03888 VUs, 41911 complete and 0 interrupted iterations
default   [  72% ] 00368/03888 VUs  10.9s/15s  3888.00 iters/s

running (11.9s), 00235/03888 VUs, 45932 complete and 0 interrupted iterations
default   [  79% ] 00235/03888 VUs  11.9s/15s  3888.00 iters/s

running (12.9s), 00224/03888 VUs, 49832 complete and 0 interrupted iterations
default   [  86% ] 00223/03888 VUs  12.9s/15s  3888.00 iters/s

running (13.9s), 00222/03888 VUs, 53721 complete and 0 interrupted iterations
default   [  92% ] 00222/03888 VUs  13.9s/15s  3888.00 iters/s

running (14.9s), 00237/03888 VUs, 57591 complete and 0 interrupted iterations
default   [  99% ] 00237/03888 VUs  14.9s/15s  3888.00 iters/s


  █ TOTAL RESULTS 

    HTTP
    http_req_duration..............: avg=65.1ms  min=40.42ms med=62.13ms max=128.82ms p(90)=80.62ms p(95)=92.14ms
      { expected_response:true }...: avg=65.1ms  min=40.42ms med=62.13ms max=128.82ms p(90)=80.62ms p(95)=92.14ms
    http_req_failed................: 0.00% 0 out of 58092
    http_reqs......................: 58092 3871.019501/s

    EXECUTION
    iteration_duration.............: avg=65.19ms min=40.54ms med=62.22ms max=128.9ms  p(90)=80.76ms p(95)=92.25ms
    iterations.....................: 58092 3871.019501/s
    vus............................: 242   min=204        max=368 
    vus_max........................: 3888  min=3888       max=3888

    NETWORK
    data_received..................: 12 MB 786 kB/s
    data_sent......................: 11 MB 746 kB/s




running (15.0s), 00000/03888 VUs, 58092 complete and 230 interrupted iterations
default ✓ [ 100% ] 00230/03888 VUs  15s  3888.00 iters/s
