
         /\      Grafana   /‾‾/  
    /\  /  \     |\  __   /  /   
   /  \/    \    | |/ /  /   ‾‾\ 
  /          \   |   (  |  (‾)  |
 / __________ \  |_|\_\  \_____/ 

     execution: local
        script: workflow/spin/k6_open_client.js
        output: -

     scenarios: (100.00%) 1 scenario, 10000 max VUs, 15s max duration (incl. graceful stop):
              * default: 3349.00 iterations/s for 15s (maxVUs: 3349-10000)


running (00.9s), 00031/03349 VUs, 2906 complete and 0 interrupted iterations
default   [   6% ] 00031/03349 VUs  00.9s/15s  3349.00 iters/s

running (01.9s), 00012/03349 VUs, 6275 complete and 0 interrupted iterations
default   [  13% ] 00012/03349 VUs  01.9s/15s  3349.00 iters/s

running (02.9s), 00012/03349 VUs, 9625 complete and 0 interrupted iterations
default   [  19% ] 00012/03349 VUs  02.9s/15s  3349.00 iters/s

running (03.9s), 00009/03349 VUs, 12977 complete and 0 interrupted iterations
default   [  26% ] 00009/03349 VUs  03.9s/15s  3349.00 iters/s

running (04.9s), 00009/03349 VUs, 16325 complete and 0 interrupted iterations
default   [  33% ] 00009/03349 VUs  04.9s/15s  3349.00 iters/s

running (05.9s), 00012/03349 VUs, 19671 complete and 0 interrupted iterations
default   [  39% ] 00012/03349 VUs  05.9s/15s  3349.00 iters/s

running (06.9s), 00012/03349 VUs, 23022 complete and 0 interrupted iterations
default   [  46% ] 00012/03349 VUs  06.9s/15s  3349.00 iters/s

running (07.9s), 00010/03349 VUs, 26372 complete and 0 interrupted iterations
default   [  53% ] 00010/03349 VUs  07.9s/15s  3349.00 iters/s

running (08.9s), 00011/03349 VUs, 29719 complete and 0 interrupted iterations
default   [  59% ] 00011/03349 VUs  08.9s/15s  3349.00 iters/s

running (09.9s), 00009/03349 VUs, 33070 complete and 0 interrupted iterations
default   [  66% ] 00009/03349 VUs  09.9s/15s  3349.00 iters/s

running (10.9s), 00009/03349 VUs, 36419 complete and 0 interrupted iterations
default   [  73% ] 00009/03349 VUs  10.9s/15s  3349.00 iters/s

running (11.9s), 00010/03349 VUs, 39767 complete and 0 interrupted iterations
default   [  79% ] 00010/03349 VUs  11.9s/15s  3349.00 iters/s

running (12.9s), 00011/03349 VUs, 43115 complete and 0 interrupted iterations
default   [  86% ] 00011/03349 VUs  12.9s/15s  3349.00 iters/s

running (13.9s), 00009/03349 VUs, 46465 complete and 0 interrupted iterations
default   [  93% ] 00009/03349 VUs  13.9s/15s  3349.00 iters/s

running (14.9s), 00009/03349 VUs, 49815 complete and 0 interrupted iterations
default   [  99% ] 00009/03349 VUs  14.9s/15s  3349.00 iters/s


  █ TOTAL RESULTS 

    HTTP
    http_req_duration..............: avg=4.59ms min=2.38ms med=2.88ms max=109.34ms p(90)=4.37ms p(95)=7.45ms
      { expected_response:true }...: avg=4.59ms min=2.38ms med=2.88ms max=109.34ms p(90)=4.37ms p(95)=7.45ms
    http_req_failed................: 0.00%  0 out of 50224
    http_reqs......................: 50224  3347.167427/s

    EXECUTION
    iteration_duration.............: avg=4.84ms min=2.44ms med=2.96ms max=120.44ms p(90)=4.46ms p(95)=7.96ms
    iterations.....................: 50224  3347.167427/s
    vus............................: 9      min=8          max=31  
    vus_max........................: 3349   min=3349       max=3349

    NETWORK
    data_received..................: 10 MB  680 kB/s
    data_sent......................: 9.6 MB 642 kB/s




running (15.0s), 00000/03349 VUs, 50219 complete and 16 interrupted iterations
default ✓ [ 100% ] 00016/03349 VUs  15s  3349.00 iters/s
