
         /\      Grafana   /‾‾/  
    /\  /  \     |\  __   /  /   
   /  \/    \    | |/ /  /   ‾‾\ 
  /          \   |   (  |  (‾)  |
 / __________ \  |_|\_\  \_____/ 

     execution: local
        script: workflow/response/k6_open_client.js
        output: -

     scenarios: (100.00%) 1 scenario, 10000 max VUs, 15s max duration (incl. graceful stop):
              * default: 526.00 iterations/s for 15s (maxVUs: 526-10000)


running (01.0s), 00021/00526 VUs, 491 complete and 0 interrupted iterations
default   [   6% ] 00021/00526 VUs  01.0s/15s  526.00 iters/s

running (02.0s), 00027/00526 VUs, 1011 complete and 0 interrupted iterations
default   [  13% ] 00027/00526 VUs  02.0s/15s  526.00 iters/s

running (03.0s), 00028/00526 VUs, 1536 complete and 0 interrupted iterations
default   [  20% ] 00028/00526 VUs  03.0s/15s  526.00 iters/s

running (04.0s), 00030/00526 VUs, 2060 complete and 0 interrupted iterations
default   [  26% ] 00030/00526 VUs  04.0s/15s  526.00 iters/s

running (05.0s), 00020/00526 VUs, 2596 complete and 0 interrupted iterations
default   [  33% ] 00020/00526 VUs  05.0s/15s  526.00 iters/s

running (06.0s), 00024/00526 VUs, 3118 complete and 0 interrupted iterations
default   [  40% ] 00024/00526 VUs  06.0s/15s  526.00 iters/s

running (07.0s), 00028/00526 VUs, 3640 complete and 0 interrupted iterations
default   [  46% ] 00028/00526 VUs  07.0s/15s  526.00 iters/s

running (08.0s), 00033/00526 VUs, 4161 complete and 0 interrupted iterations
default   [  53% ] 00033/00526 VUs  08.0s/15s  526.00 iters/s

running (09.0s), 00028/00526 VUs, 4692 complete and 0 interrupted iterations
default   [  60% ] 00028/00526 VUs  09.0s/15s  526.00 iters/s

running (10.0s), 00032/00526 VUs, 5214 complete and 0 interrupted iterations
default   [  66% ] 00032/00526 VUs  10.0s/15s  526.00 iters/s

running (11.0s), 00020/00526 VUs, 5752 complete and 0 interrupted iterations
default   [  73% ] 00020/00526 VUs  11.0s/15s  526.00 iters/s

running (12.0s), 00023/00526 VUs, 6275 complete and 0 interrupted iterations
default   [  80% ] 00023/00526 VUs  12.0s/15s  526.00 iters/s

running (13.0s), 00035/00526 VUs, 6793 complete and 0 interrupted iterations
default   [  87% ] 00035/00526 VUs  13.0s/15s  526.00 iters/s

running (14.0s), 00030/00526 VUs, 7320 complete and 0 interrupted iterations
default   [  93% ] 00030/00526 VUs  14.0s/15s  526.00 iters/s

running (15.0s), 00021/00526 VUs, 7855 complete and 0 interrupted iterations
default   [ 100% ] 00021/00526 VUs  15.0s/15s  526.00 iters/s


  █ TOTAL RESULTS 

    HTTP
    http_req_duration..............: avg=48.85ms min=29.23ms med=48.82ms max=72.89ms p(90)=60.8ms  p(95)=62.9ms 
      { expected_response:true }...: avg=48.85ms min=29.23ms med=48.82ms max=72.89ms p(90)=60.8ms  p(95)=62.9ms 
    http_req_failed................: 0.00%  0 out of 7873
    http_reqs......................: 7873   524.828506/s

    EXECUTION
    iteration_duration.............: avg=48.94ms min=29.29ms med=48.89ms max=72.99ms p(90)=60.88ms p(95)=62.98ms
    iterations.....................: 7873   524.828506/s
    vus............................: 21     min=19        max=32 
    vus_max........................: 526    min=526       max=526

    NETWORK
    data_received..................: 1.6 MB 106 kB/s
    data_sent......................: 1.5 MB 103 kB/s




running (15.0s), 00000/00526 VUs, 7873 complete and 18 interrupted iterations
default ✓ [ 100% ] 00018/00526 VUs  15s  526.00 iters/s
