
         /\      Grafana   /‾‾/  
    /\  /  \     |\  __   /  /   
   /  \/    \    | |/ /  /   ‾‾\ 
  /          \   |   (  |  (‾)  |
 / __________ \  |_|\_\  \_____/ 

     execution: local
        script: workflow/spin/k6_open_client.js
        output: -

     scenarios: (100.00%) 1 scenario, 10000 max VUs, 15s max duration (incl. graceful stop):
              * default: 1777.00 iterations/s for 15s (maxVUs: 1777-10000)


running (00.9s), 00079/01777 VUs, 1585 complete and 0 interrupted iterations
default   [   6% ] 00079/01777 VUs  00.9s/15s  1777.00 iters/s

running (01.9s), 00088/01777 VUs, 3354 complete and 0 interrupted iterations
default   [  13% ] 00088/01777 VUs  01.9s/15s  1777.00 iters/s

running (02.9s), 00058/01777 VUs, 5161 complete and 0 interrupted iterations
default   [  20% ] 00058/01777 VUs  02.9s/15s  1777.00 iters/s

running (03.9s), 00070/01777 VUs, 6918 complete and 0 interrupted iterations
default   [  26% ] 00078/01777 VUs  03.9s/15s  1777.00 iters/s

running (04.9s), 00091/01777 VUs, 8682 complete and 0 interrupted iterations
default   [  33% ] 00091/01777 VUs  04.9s/15s  1777.00 iters/s

running (05.9s), 00105/01777 VUs, 10446 complete and 0 interrupted iterations
default   [  40% ] 00105/01777 VUs  05.9s/15s  1777.00 iters/s

running (06.9s), 00081/01777 VUs, 12247 complete and 0 interrupted iterations
default   [  46% ] 00081/01777 VUs  06.9s/15s  1777.00 iters/s

running (07.9s), 00090/01777 VUs, 14014 complete and 0 interrupted iterations
default   [  53% ] 00090/01777 VUs  07.9s/15s  1777.00 iters/s

running (08.9s), 00074/01777 VUs, 15807 complete and 0 interrupted iterations
default   [  60% ] 00074/01777 VUs  08.9s/15s  1777.00 iters/s

running (09.9s), 00093/01777 VUs, 17566 complete and 0 interrupted iterations
default   [  66% ] 00093/01777 VUs  09.9s/15s  1777.00 iters/s

running (10.9s), 00068/01777 VUs, 19367 complete and 0 interrupted iterations
default   [  73% ] 00068/01777 VUs  10.9s/15s  1777.00 iters/s

running (11.9s), 00092/01777 VUs, 21120 complete and 0 interrupted iterations
default   [  80% ] 00092/01777 VUs  11.9s/15s  1777.00 iters/s

running (12.9s), 00069/01777 VUs, 22921 complete and 0 interrupted iterations
default   [  86% ] 00069/01777 VUs  12.9s/15s  1777.00 iters/s

running (13.9s), 00073/01777 VUs, 24692 complete and 0 interrupted iterations
default   [  93% ] 00073/01777 VUs  13.9s/15s  1777.00 iters/s

running (14.9s), 00100/01777 VUs, 26443 complete and 0 interrupted iterations
default   [ 100% ] 00100/01777 VUs  14.9s/15s  1777.00 iters/s


  █ TOTAL RESULTS 

    HTTP
    http_req_duration..............: avg=44.32ms min=20.15ms med=44.18ms max=76.91ms p(90)=54.77ms p(95)=56.48ms
      { expected_response:true }...: avg=44.32ms min=20.15ms med=44.18ms max=76.91ms p(90)=54.77ms p(95)=56.48ms
    http_req_failed................: 0.00%  0 out of 26547
    http_reqs......................: 26547  1769.354585/s

    EXECUTION
    iteration_duration.............: avg=44.41ms min=20.26ms med=44.26ms max=77.08ms p(90)=54.85ms p(95)=56.58ms
    iterations.....................: 26547  1769.354585/s
    vus............................: 101    min=58         max=106 
    vus_max........................: 1777   min=1777       max=1777

    NETWORK
    data_received..................: 5.4 MB 359 kB/s
    data_sent......................: 5.1 MB 341 kB/s




running (15.0s), 00000/01777 VUs, 26547 complete and 108 interrupted iterations
default ✓ [ 100% ] 00108/01777 VUs  15s  1777.00 iters/s
