
         /\      Grafana   /‾‾/  
    /\  /  \     |\  __   /  /   
   /  \/    \    | |/ /  /   ‾‾\ 
  /          \   |   (  |  (‾)  |
 / __________ \  |_|\_\  \_____/ 

     execution: local
        script: workflow/spin/k6_open_client.js
        output: -

     scenarios: (100.00%) 1 scenario, 10000 max VUs, 15s max duration (incl. graceful stop):
              * default: 2244.00 iterations/s for 15s (maxVUs: 2244-10000)


running (00.9s), 00350/02244 VUs, 1711 complete and 0 interrupted iterations
default   [   6% ] 00350/02244 VUs  00.9s/15s  2244.00 iters/s

running (01.9s), 00438/02244 VUs, 3866 complete and 0 interrupted iterations
default   [  13% ] 00438/02244 VUs  01.9s/15s  2244.00 iters/s

running (02.9s), 00351/02244 VUs, 6199 complete and 0 interrupted iterations
default   [  19% ] 00351/02244 VUs  02.9s/15s  2244.00 iters/s

running (03.9s), 00371/02244 VUs, 8422 complete and 0 interrupted iterations
default   [  26% ] 00371/02244 VUs  03.9s/15s  2244.00 iters/s

running (04.9s), 00446/02244 VUs, 10590 complete and 0 interrupted iterations
default   [  33% ] 00446/02244 VUs  04.9s/15s  2244.00 iters/s

running (05.9s), 00463/02244 VUs, 12819 complete and 0 interrupted iterations
default   [  39% ] 00463/02244 VUs  05.9s/15s  2244.00 iters/s

running (06.9s), 00356/02244 VUs, 15168 complete and 0 interrupted iterations
default   [  46% ] 00357/02244 VUs  06.9s/15s  2244.00 iters/s

running (07.9s), 00447/02244 VUs, 17323 complete and 0 interrupted iterations
default   [  53% ] 00447/02244 VUs  07.9s/15s  2244.00 iters/s

running (08.9s), 00371/02244 VUs, 19643 complete and 0 interrupted iterations
default   [  59% ] 00371/02244 VUs  08.9s/15s  2244.00 iters/s

running (09.9s), 00345/02244 VUs, 21912 complete and 0 interrupted iterations
default   [  66% ] 00345/02244 VUs  09.9s/15s  2244.00 iters/s

running (10.9s), 00446/02244 VUs, 24056 complete and 0 interrupted iterations
default   [  73% ] 00446/02244 VUs  10.9s/15s  2244.00 iters/s

running (11.9s), 00337/02244 VUs, 26409 complete and 0 interrupted iterations
default   [  79% ] 00337/02244 VUs  11.9s/15s  2244.00 iters/s

running (12.9s), 00371/02244 VUs, 28619 complete and 0 interrupted iterations
default   [  86% ] 00371/02244 VUs  12.9s/15s  2244.00 iters/s

running (13.9s), 00446/02244 VUs, 30790 complete and 0 interrupted iterations
default   [  93% ] 00446/02244 VUs  13.9s/15s  2244.00 iters/s

running (14.9s), 00357/02244 VUs, 33121 complete and 0 interrupted iterations
default   [  99% ] 00357/02244 VUs  14.9s/15s  2244.00 iters/s


  █ TOTAL RESULTS 

    HTTP
    http_req_duration..............: avg=173.67ms min=116.76ms med=173.57ms max=239.6ms  p(90)=202.55ms p(95)=207.69ms
      { expected_response:true }...: avg=173.67ms min=116.76ms med=173.57ms max=239.6ms  p(90)=202.55ms p(95)=207.69ms
    http_req_failed................: 0.00%  0 out of 33210
    http_reqs......................: 33210  2213.185541/s

    EXECUTION
    iteration_duration.............: avg=173.77ms min=117.09ms med=173.65ms max=239.66ms p(90)=202.64ms p(95)=207.78ms
    iterations.....................: 33210  2213.185541/s
    vus............................: 356    min=337        max=462 
    vus_max........................: 2244   min=2244       max=2244

    NETWORK
    data_received..................: 6.7 MB 449 kB/s
    data_sent......................: 6.5 MB 430 kB/s




running (15.0s), 00000/02244 VUs, 33210 complete and 450 interrupted iterations
default ✓ [ 100% ] 00450/02244 VUs  15s  2244.00 iters/s
