
         /\      Grafana   /‾‾/  
    /\  /  \     |\  __   /  /   
   /  \/    \    | |/ /  /   ‾‾\ 
  /          \   |   (  |  (‾)  |
 / __________ \  |_|\_\  \_____/ 

     execution: local
        script: workflow/spin/k6_open_client.js
        output: -

     scenarios: (100.00%) 1 scenario, 10000 max VUs, 15s max duration (incl. graceful stop):
              * default: 3600.00 iterations/s for 15s (maxVUs: 3600-10000)


running (00.9s), 00215/03600 VUs, 2949 complete and 0 interrupted iterations
default   [   6% ] 00216/03600 VUs  00.9s/15s  3600.00 iters/s

running (01.9s), 00166/03600 VUs, 6601 complete and 0 interrupted iterations
default   [  13% ] 00166/03600 VUs  01.9s/15s  3600.00 iters/s

running (02.9s), 00176/03600 VUs, 10189 complete and 0 interrupted iterations
default   [  19% ] 00176/03600 VUs  02.9s/15s  3600.00 iters/s

running (03.9s), 00194/03600 VUs, 13771 complete and 0 interrupted iterations
default   [  26% ] 00194/03600 VUs  03.9s/15s  3600.00 iters/s

running (04.9s), 00178/03600 VUs, 17390 complete and 0 interrupted iterations
default   [  33% ] 00178/03600 VUs  04.9s/15s  3600.00 iters/s

running (05.9s), 00185/03600 VUs, 20980 complete and 0 interrupted iterations
default   [  39% ] 00185/03600 VUs  05.9s/15s  3600.00 iters/s

running (06.9s), 00151/03600 VUs, 24616 complete and 0 interrupted iterations
default   [  46% ] 00151/03600 VUs  06.9s/15s  3600.00 iters/s

running (07.9s), 00196/03600 VUs, 28169 complete and 0 interrupted iterations
default   [  53% ] 00196/03600 VUs  07.9s/15s  3600.00 iters/s

running (08.9s), 00171/03600 VUs, 31796 complete and 0 interrupted iterations
default   [  59% ] 00171/03600 VUs  08.9s/15s  3600.00 iters/s

running (09.9s), 00154/03600 VUs, 35411 complete and 0 interrupted iterations
default   [  66% ] 00154/03600 VUs  09.9s/15s  3600.00 iters/s

running (10.9s), 00163/03600 VUs, 39002 complete and 0 interrupted iterations
default   [  73% ] 00163/03600 VUs  10.9s/15s  3600.00 iters/s

running (11.9s), 00186/03600 VUs, 42577 complete and 0 interrupted iterations
default   [  79% ] 00186/03600 VUs  11.9s/15s  3600.00 iters/s

running (12.9s), 00171/03600 VUs, 46194 complete and 0 interrupted iterations
default   [  86% ] 00170/03600 VUs  12.9s/15s  3600.00 iters/s

running (13.9s), 00203/03600 VUs, 49763 complete and 0 interrupted iterations
default   [  93% ] 00203/03600 VUs  13.9s/15s  3600.00 iters/s

running (14.9s), 00155/03600 VUs, 53408 complete and 0 interrupted iterations
default   [  99% ] 00155/03600 VUs  14.9s/15s  3600.00 iters/s


  █ TOTAL RESULTS 

    HTTP
    http_req_duration..............: avg=51.01ms min=28.55ms med=50.32ms max=95.1ms  p(90)=59.29ms p(95)=63.03ms
      { expected_response:true }...: avg=51.01ms min=28.55ms med=50.32ms max=95.1ms  p(90)=59.29ms p(95)=63.03ms
    http_req_failed................: 0.00% 0 out of 53837
    http_reqs......................: 53837 3587.791146/s

    EXECUTION
    iteration_duration.............: avg=51.11ms min=28.82ms med=50.42ms max=95.35ms p(90)=59.39ms p(95)=63.14ms
    iterations.....................: 53837 3587.791146/s
    vus............................: 156   min=150        max=215 
    vus_max........................: 3600  min=3600       max=3600

    NETWORK
    data_received..................: 11 MB 728 kB/s
    data_sent......................: 10 MB 691 kB/s




running (15.0s), 00000/03600 VUs, 53837 complete and 163 interrupted iterations
default ✓ [ 100% ] 00163/03600 VUs  15s  3600.00 iters/s
