
         /\      Grafana   /‾‾/  
    /\  /  \     |\  __   /  /   
   /  \/    \    | |/ /  /   ‾‾\ 
  /          \   |   (  |  (‾)  |
 / __________ \  |_|\_\  \_____/ 

     execution: local
        script: workflow/online_boutique/k6_open_add_to_cart.js
        output: -

     scenarios: (100.00%) 1 scenario, 10000 max VUs, 15s max duration (incl. graceful stop):
              * default: 5692.00 iterations/s for 15s (maxVUs: 5692-10000)


running (00.8s), 02530/05692 VUs, 2081 complete and 0 interrupted iterations
default   [   5% ] 02530/05692 VUs  00.8s/15s  5692.00 iters/s

running (01.8s), 02962/05692 VUs, 7341 complete and 0 interrupted iterations
default   [  12% ] 02962/05692 VUs  01.8s/15s  5692.00 iters/s

running (02.8s), 03303/05692 VUs, 12691 complete and 0 interrupted iterations
default   [  19% ] 03303/05692 VUs  02.8s/15s  5692.00 iters/s

running (03.8s), 03578/05692 VUs, 18108 complete and 0 interrupted iterations
default   [  25% ] 03578/05692 VUs  03.8s/15s  5692.00 iters/s

running (04.8s), 03838/05692 VUs, 23540 complete and 0 interrupted iterations
default   [  32% ] 03838/05692 VUs  04.8s/15s  5692.00 iters/s

running (05.8s), 04044/05692 VUs, 29027 complete and 0 interrupted iterations
default   [  39% ] 04044/05692 VUs  05.8s/15s  5692.00 iters/s

running (06.8s), 04578/05692 VUs, 34184 complete and 0 interrupted iterations
default   [  45% ] 04578/05692 VUs  06.8s/15s  5692.00 iters/s

running (07.8s), 04633/05692 VUs, 39821 complete and 0 interrupted iterations
default   [  52% ] 04633/05692 VUs  07.8s/15s  5692.00 iters/s

running (08.8s), 04765/05692 VUs, 45381 complete and 0 interrupted iterations
default   [  59% ] 04765/05692 VUs  08.8s/15s  5692.00 iters/s

running (09.8s), 05132/05692 VUs, 50706 complete and 0 interrupted iterations
default   [  65% ] 05132/05692 VUs  09.8s/15s  5692.00 iters/s

running (10.8s), 05275/05692 VUs, 56255 complete and 0 interrupted iterations
default   [  72% ] 05275/05692 VUs  10.8s/15s  5692.00 iters/s

running (11.8s), 05555/05692 VUs, 61667 complete and 0 interrupted iterations
default   [  79% ] 05555/05692 VUs  11.8s/15s  5692.00 iters/s

running (12.8s), 05650/05692 VUs, 67264 complete and 0 interrupted iterations
default   [  85% ] 05650/05692 VUs  12.8s/15s  5692.00 iters/s

running (13.8s), 05699/05720 VUs, 72832 complete and 0 interrupted iterations
default   [  92% ] 05699/05720 VUs  13.8s/15s  5692.00 iters/s

running (14.8s), 05739/05747 VUs, 78429 complete and 0 interrupted iterations
default   [  99% ] 05739/05747 VUs  14.8s/15s  5692.00 iters/s


  █ TOTAL RESULTS 

    CUSTOM
    online_boutique_application_errors...: 0.00% 0 out of 79574

    HTTP
    http_req_duration....................: avg=789.08ms min=320.91ms med=812.6ms  max=1.02s p(90)=1.01s p(95)=1.01s
      { expected_response:true }.........: avg=789.08ms min=320.91ms med=812.6ms  max=1.02s p(90)=1.01s p(95)=1.01s
    http_req_failed......................: 0.00% 0 out of 79609
    http_reqs............................: 79609 5286.181692/s

    EXECUTION
    dropped_iterations...................: 131   8.698637/s
    iteration_duration...................: avg=789.33ms min=324.79ms med=812.76ms max=1.05s p(90)=1.01s p(95)=1.01s
    iterations...........................: 79609 5286.181692/s
    vus..................................: 5740  min=2530       max=5740
    vus_max..............................: 5747  min=5692       max=5747

    NETWORK
    data_received........................: 69 MB 4.6 MB/s
    data_sent............................: 22 MB 1.5 MB/s




running (15.1s), 00000/05747 VUs, 79511 complete and 5739 interrupted iterations
default ✓ [ 100% ] 05739/05747 VUs  15s  5692.00 iters/s
