
         /\      Grafana   /‾‾/  
    /\  /  \     |\  __   /  /   
   /  \/    \    | |/ /  /   ‾‾\ 
  /          \   |   (  |  (‾)  |
 / __________ \  |_|\_\  \_____/ 

     execution: local
        script: workflow/hotel/k6_open_recommendations_client.js
        output: -

     scenarios: (100.00%) 1 scenario, 10000 max VUs, 15s max duration (incl. graceful stop):
              * default: 5699.00 iterations/s for 15s (maxVUs: 5699-10000)


running (00.8s), 00615/05699 VUs, 3897 complete and 0 interrupted iterations
default   [   5% ] 00616/05699 VUs  00.8s/15s  5699.00 iters/s

running (01.8s), 00565/05699 VUs, 9772 complete and 0 interrupted iterations
default   [  12% ] 00565/05699 VUs  01.8s/15s  5699.00 iters/s

running (02.8s), 00010/05699 VUs, 16026 complete and 0 interrupted iterations
default   [  19% ] 00010/05699 VUs  02.8s/15s  5699.00 iters/s

running (03.8s), 00039/05699 VUs, 21696 complete and 0 interrupted iterations
default   [  25% ] 00039/05699 VUs  03.8s/15s  5699.00 iters/s

running (04.8s), 00004/05699 VUs, 27406 complete and 0 interrupted iterations
default   [  32% ] 00004/05699 VUs  04.8s/15s  5699.00 iters/s

running (05.8s), 00027/05699 VUs, 33106 complete and 0 interrupted iterations
default   [  39% ] 00027/05699 VUs  05.8s/15s  5699.00 iters/s

running (06.8s), 00009/05699 VUs, 38824 complete and 0 interrupted iterations
default   [  45% ] 00009/05699 VUs  06.8s/15s  5699.00 iters/s

running (07.8s), 00012/05699 VUs, 44519 complete and 0 interrupted iterations
default   [  52% ] 00012/05699 VUs  07.8s/15s  5699.00 iters/s

running (08.8s), 00067/05699 VUs, 50163 complete and 0 interrupted iterations
default   [  59% ] 00068/05699 VUs  08.8s/15s  5699.00 iters/s

running (09.8s), 00029/05699 VUs, 55900 complete and 0 interrupted iterations
default   [  65% ] 00029/05699 VUs  09.8s/15s  5699.00 iters/s

running (10.8s), 00035/05699 VUs, 61593 complete and 0 interrupted iterations
default   [  72% ] 00035/05699 VUs  10.8s/15s  5699.00 iters/s

running (11.8s), 00033/05699 VUs, 67294 complete and 0 interrupted iterations
default   [  79% ] 00033/05699 VUs  11.8s/15s  5699.00 iters/s

running (12.8s), 00009/05699 VUs, 73018 complete and 0 interrupted iterations
default   [  85% ] 00009/05699 VUs  12.8s/15s  5699.00 iters/s

running (13.8s), 00041/05699 VUs, 78684 complete and 0 interrupted iterations
default   [  92% ] 00041/05699 VUs  13.8s/15s  5699.00 iters/s

running (14.8s), 00021/05699 VUs, 84404 complete and 0 interrupted iterations
default   [  99% ] 00021/05699 VUs  14.8s/15s  5699.00 iters/s


  █ TOTAL RESULTS 

    HTTP
    http_req_duration..............: avg=19.8ms  min=933.91µs med=5.01ms max=337.38ms p(90)=77.98ms p(95)=112.27ms
      { expected_response:true }...: avg=19.8ms  min=933.91µs med=5.01ms max=337.38ms p(90)=77.98ms p(95)=112.27ms
    http_req_failed................: 0.00% 0 out of 85456
    http_reqs......................: 85456 5693.979183/s

    EXECUTION
    iteration_duration.............: avg=20.27ms min=1.03ms   med=5.11ms max=337.51ms p(90)=78.35ms p(95)=117.69ms
    iterations.....................: 85456 5693.979183/s
    vus............................: 21    min=2          max=615 
    vus_max........................: 5699  min=5699       max=5699

    NETWORK
    data_received..................: 46 MB 3.0 MB/s
    data_sent......................: 24 MB 1.6 MB/s




running (15.0s), 00000/05699 VUs, 85451 complete and 35 interrupted iterations
default ✓ [ 100% ] 00035/05699 VUs  15s  5699.00 iters/s
