
         /\      Grafana   /‾‾/  
    /\  /  \     |\  __   /  /   
   /  \/    \    | |/ /  /   ‾‾\ 
  /          \   |   (  |  (‾)  |
 / __________ \  |_|\_\  \_____/ 

     execution: local
        script: workflow/spin/k6_open_client.js
        output: -

     scenarios: (100.00%) 1 scenario, 10000 max VUs, 15s max duration (incl. graceful stop):
              * default: 3686.00 iterations/s for 15s (maxVUs: 3686-10000)


running (00.9s), 00016/03686 VUs, 3236 complete and 0 interrupted iterations
default   [   6% ] 00017/03686 VUs  00.9s/15s  3686.00 iters/s

running (01.9s), 00021/03686 VUs, 6919 complete and 0 interrupted iterations
default   [  13% ] 00021/03686 VUs  01.9s/15s  3686.00 iters/s

running (02.9s), 00015/03686 VUs, 10611 complete and 0 interrupted iterations
default   [  19% ] 00015/03686 VUs  02.9s/15s  3686.00 iters/s

running (03.9s), 00015/03686 VUs, 14296 complete and 0 interrupted iterations
default   [  26% ] 00015/03686 VUs  03.9s/15s  3686.00 iters/s

running (04.9s), 00019/03686 VUs, 17978 complete and 0 interrupted iterations
default   [  33% ] 00019/03686 VUs  04.9s/15s  3686.00 iters/s

running (05.9s), 00018/03686 VUs, 21665 complete and 0 interrupted iterations
default   [  39% ] 00018/03686 VUs  05.9s/15s  3686.00 iters/s

running (06.9s), 00019/03686 VUs, 25350 complete and 0 interrupted iterations
default   [  46% ] 00019/03686 VUs  06.9s/15s  3686.00 iters/s

running (07.9s), 00027/03686 VUs, 29030 complete and 0 interrupted iterations
default   [  53% ] 00027/03686 VUs  07.9s/15s  3686.00 iters/s

running (08.9s), 00019/03686 VUs, 32722 complete and 0 interrupted iterations
default   [  59% ] 00019/03686 VUs  08.9s/15s  3686.00 iters/s

running (09.9s), 00020/03686 VUs, 36407 complete and 0 interrupted iterations
default   [  66% ] 00020/03686 VUs  09.9s/15s  3686.00 iters/s

running (10.9s), 00015/03686 VUs, 40098 complete and 0 interrupted iterations
default   [  73% ] 00015/03686 VUs  10.9s/15s  3686.00 iters/s

running (11.9s), 00017/03686 VUs, 43782 complete and 0 interrupted iterations
default   [  79% ] 00017/03686 VUs  11.9s/15s  3686.00 iters/s

running (12.9s), 00016/03686 VUs, 47469 complete and 0 interrupted iterations
default   [  86% ] 00016/03686 VUs  12.9s/15s  3686.00 iters/s

running (13.9s), 00018/03686 VUs, 51150 complete and 0 interrupted iterations
default   [  93% ] 00018/03686 VUs  13.9s/15s  3686.00 iters/s

running (14.9s), 00017/03686 VUs, 54842 complete and 0 interrupted iterations
default   [  99% ] 00017/03686 VUs  14.9s/15s  3686.00 iters/s


  █ TOTAL RESULTS 

    HTTP
    http_req_duration..............: avg=5.26ms min=3.55ms med=4.53ms max=78.15ms p(90)=6.06ms p(95)=7ms   
      { expected_response:true }...: avg=5.26ms min=3.55ms med=4.53ms max=78.15ms p(90)=6.06ms p(95)=7ms   
    http_req_failed................: 0.00% 0 out of 55274
    http_reqs......................: 55274 3683.598226/s

    EXECUTION
    iteration_duration.............: avg=5.35ms min=3.61ms med=4.62ms max=78.43ms p(90)=6.15ms p(95)=7.08ms
    iterations.....................: 55274 3683.598226/s
    vus............................: 15    min=15         max=27  
    vus_max........................: 3686  min=3686       max=3686

    NETWORK
    data_received..................: 11 MB 748 kB/s
    data_sent......................: 11 MB 707 kB/s




running (15.0s), 00000/03686 VUs, 55269 complete and 22 interrupted iterations
default ✓ [ 100% ] 00022/03686 VUs  15s  3686.00 iters/s
