
         /\      Grafana   /‾‾/  
    /\  /  \     |\  __   /  /   
   /  \/    \    | |/ /  /   ‾‾\ 
  /          \   |   (  |  (‾)  |
 / __________ \  |_|\_\  \_____/ 

     execution: local
        script: workflow/online_boutique/k6_open_product_page.js
        output: -

     scenarios: (100.00%) 1 scenario, 10000 max VUs, 15s max duration (incl. graceful stop):
              * default: 505.00 iterations/s for 15s (maxVUs: 505-10000)


running (01.0s), 00101/00505 VUs, 388 complete and 0 interrupted iterations
default   [   6% ] 00101/00505 VUs  01.0s/15s  505.00 iters/s

running (02.0s), 00145/00505 VUs, 850 complete and 0 interrupted iterations
default   [  13% ] 00145/00505 VUs  02.0s/15s  505.00 iters/s

running (03.0s), 00110/00505 VUs, 1390 complete and 0 interrupted iterations
default   [  20% ] 00110/00505 VUs  03.0s/15s  505.00 iters/s

running (04.0s), 00150/00505 VUs, 1854 complete and 0 interrupted iterations
default   [  26% ] 00150/00505 VUs  04.0s/15s  505.00 iters/s

running (05.0s), 00117/00505 VUs, 2393 complete and 0 interrupted iterations
default   [  33% ] 00117/00505 VUs  05.0s/15s  505.00 iters/s

running (06.0s), 00083/00505 VUs, 2931 complete and 0 interrupted iterations
default   [  40% ] 00083/00505 VUs  06.0s/15s  505.00 iters/s

running (07.0s), 00125/00505 VUs, 3395 complete and 0 interrupted iterations
default   [  46% ] 00125/00505 VUs  07.0s/15s  505.00 iters/s

running (08.0s), 00098/00505 VUs, 3926 complete and 0 interrupted iterations
default   [  53% ] 00098/00505 VUs  08.0s/15s  505.00 iters/s

running (09.0s), 00130/00505 VUs, 4399 complete and 0 interrupted iterations
default   [  60% ] 00130/00505 VUs  09.0s/15s  505.00 iters/s

running (10.0s), 00094/00505 VUs, 4940 complete and 0 interrupted iterations
default   [  66% ] 00094/00505 VUs  10.0s/15s  505.00 iters/s

running (11.0s), 00136/00505 VUs, 5404 complete and 0 interrupted iterations
default   [  73% ] 00136/00505 VUs  11.0s/15s  505.00 iters/s

running (12.0s), 00099/00505 VUs, 5945 complete and 0 interrupted iterations
default   [  80% ] 00099/00505 VUs  12.0s/15s  505.00 iters/s

running (13.0s), 00140/00505 VUs, 6409 complete and 0 interrupted iterations
default   [  86% ] 00140/00505 VUs  13.0s/15s  505.00 iters/s

running (14.0s), 00106/00505 VUs, 6949 complete and 0 interrupted iterations
default   [  93% ] 00106/00505 VUs  14.0s/15s  505.00 iters/s

running (15.0s), 00144/00505 VUs, 7416 complete and 0 interrupted iterations
default   [ 100% ] 00144/00505 VUs  15.0s/15s  505.00 iters/s


  █ TOTAL RESULTS 

    CUSTOM
    online_boutique_application_errors........: 0.00%  0 out of 7455
    online_boutique_recommendation_winner_1...: 5747   383.094672/s
    online_boutique_recommendation_winner_3...: 1708   113.855177/s

    HTTP
    http_req_duration.........................: avg=234.77ms min=151.29ms med=235ms    max=322.6ms  p(90)=290.19ms p(95)=297.7ms 
      { expected_response:true }..............: avg=234.77ms min=151.29ms med=235ms    max=322.6ms  p(90)=290.19ms p(95)=297.7ms 
    http_req_failed...........................: 0.00%  0 out of 7455
    http_reqs.................................: 7455   496.949849/s

    EXECUTION
    iteration_duration........................: avg=234.99ms min=151.45ms med=235.17ms max=322.79ms p(90)=290.34ms p(95)=297.89ms
    iterations................................: 7455   496.949849/s
    vus.......................................: 144    min=83        max=151
    vus_max...................................: 505    min=505       max=505

    NETWORK
    data_received.............................: 13 MB  894 kB/s
    data_sent.................................: 2.1 MB 140 kB/s




running (15.0s), 00000/00505 VUs, 7453 complete and 122 interrupted iterations
default ✓ [ 100% ] 00122/00505 VUs  15s  505.00 iters/s
