
         /\      Grafana   /‾‾/  
    /\  /  \     |\  __   /  /   
   /  \/    \    | |/ /  /   ‾‾\ 
  /          \   |   (  |  (‾)  |
 / __________ \  |_|\_\  \_____/ 

     execution: local
        script: workflow/spin/k6_open_client.js
        output: -

     scenarios: (100.00%) 1 scenario, 10000 max VUs, 15s max duration (incl. graceful stop):
              * default: 4640.00 iterations/s for 15s (maxVUs: 4640-10000)


running (00.9s), 00646/04640 VUs, 3333 complete and 0 interrupted iterations
default   [   6% ] 00646/04640 VUs  00.9s/15s  4640.00 iters/s

running (01.9s), 00526/04640 VUs, 8093 complete and 0 interrupted iterations
default   [  12% ] 00526/04640 VUs  01.9s/15s  4640.00 iters/s

running (02.9s), 00584/04640 VUs, 12675 complete and 0 interrupted iterations
default   [  19% ] 00587/04640 VUs  02.9s/15s  4640.00 iters/s

running (03.9s), 00496/04640 VUs, 17403 complete and 0 interrupted iterations
default   [  26% ] 00496/04640 VUs  03.9s/15s  4640.00 iters/s

running (04.9s), 00495/04640 VUs, 22047 complete and 0 interrupted iterations
default   [  32% ] 00495/04640 VUs  04.9s/15s  4640.00 iters/s

running (05.9s), 00536/04640 VUs, 26643 complete and 0 interrupted iterations
default   [  39% ] 00536/04640 VUs  05.9s/15s  4640.00 iters/s

running (06.9s), 00519/04640 VUs, 31300 complete and 0 interrupted iterations
default   [  46% ] 00518/04640 VUs  06.9s/15s  4640.00 iters/s

running (07.9s), 00552/04640 VUs, 35905 complete and 0 interrupted iterations
default   [  52% ] 00552/04640 VUs  07.9s/15s  4640.00 iters/s

running (08.9s), 00548/04640 VUs, 40551 complete and 0 interrupted iterations
default   [  59% ] 00547/04640 VUs  08.9s/15s  4640.00 iters/s

running (09.9s), 00509/04640 VUs, 45230 complete and 0 interrupted iterations
default   [  66% ] 00509/04640 VUs  09.9s/15s  4640.00 iters/s

running (10.9s), 00488/04640 VUs, 49894 complete and 0 interrupted iterations
default   [  72% ] 00488/04640 VUs  10.9s/15s  4640.00 iters/s

running (11.9s), 00488/04640 VUs, 54531 complete and 0 interrupted iterations
default   [  79% ] 00487/04640 VUs  11.9s/15s  4640.00 iters/s

running (12.9s), 00512/04640 VUs, 59147 complete and 0 interrupted iterations
default   [  86% ] 00512/04640 VUs  12.9s/15s  4640.00 iters/s

running (13.9s), 00561/04640 VUs, 63737 complete and 0 interrupted iterations
default   [  92% ] 00561/04640 VUs  13.9s/15s  4640.00 iters/s

running (14.9s), 00470/04640 VUs, 68469 complete and 0 interrupted iterations
default   [  99% ] 00470/04640 VUs  14.9s/15s  4640.00 iters/s


  █ TOTAL RESULTS 

    HTTP
    http_req_duration..............: avg=113.13ms min=78.5ms  med=110.48ms max=222.29ms p(90)=126.32ms p(95)=144.59ms
      { expected_response:true }...: avg=113.13ms min=78.5ms  med=110.48ms max=222.29ms p(90)=126.32ms p(95)=144.59ms
    http_req_failed................: 0.00% 0 out of 69083
    http_reqs......................: 69083 4602.420571/s

    EXECUTION
    iteration_duration.............: avg=113.27ms min=78.93ms med=110.57ms max=222.58ms p(90)=126.47ms p(95)=145.97ms
    iterations.....................: 69083 4602.420571/s
    vus............................: 469   min=469        max=646 
    vus_max........................: 4640  min=4640       max=4640

    NETWORK
    data_received..................: 14 MB 934 kB/s
    data_sent......................: 13 MB 890 kB/s




running (15.0s), 00000/04640 VUs, 69078 complete and 527 interrupted iterations
default ✓ [ 100% ] 00527/04640 VUs  15s  4640.00 iters/s
