
         /\      Grafana   /‾‾/  
    /\  /  \     |\  __   /  /   
   /  \/    \    | |/ /  /   ‾‾\ 
  /          \   |   (  |  (‾)  |
 / __________ \  |_|\_\  \_____/ 

     execution: local
        script: workflow/spin/k6_open_client.js
        output: -

     scenarios: (100.00%) 1 scenario, 10000 max VUs, 15s max duration (incl. graceful stop):
              * default: 3202.00 iterations/s for 15s (maxVUs: 3202-10000)


running (00.9s), 00391/03202 VUs, 2482 complete and 0 interrupted iterations
default   [   6% ] 00390/03202 VUs  00.9s/15s  3202.00 iters/s

running (01.9s), 00442/03202 VUs, 5632 complete and 0 interrupted iterations
default   [  13% ] 00442/03202 VUs  01.9s/15s  3202.00 iters/s

running (02.9s), 00483/03202 VUs, 8792 complete and 0 interrupted iterations
default   [  19% ] 00484/03202 VUs  02.9s/15s  3202.00 iters/s

running (03.9s), 00571/03202 VUs, 11908 complete and 0 interrupted iterations
default   [  26% ] 00571/03202 VUs  03.9s/15s  3202.00 iters/s

running (04.9s), 00617/03202 VUs, 15064 complete and 0 interrupted iterations
default   [  33% ] 00617/03202 VUs  04.9s/15s  3202.00 iters/s

running (05.9s), 00534/03202 VUs, 18349 complete and 0 interrupted iterations
default   [  39% ] 00534/03202 VUs  05.9s/15s  3202.00 iters/s

running (06.9s), 00494/03202 VUs, 21592 complete and 0 interrupted iterations
default   [  46% ] 00494/03202 VUs  06.9s/15s  3202.00 iters/s

running (07.9s), 00507/03202 VUs, 24782 complete and 0 interrupted iterations
default   [  53% ] 00507/03202 VUs  07.9s/15s  3202.00 iters/s

running (08.9s), 00595/03202 VUs, 27894 complete and 0 interrupted iterations
default   [  59% ] 00595/03202 VUs  08.9s/15s  3202.00 iters/s

running (09.9s), 00595/03202 VUs, 31096 complete and 0 interrupted iterations
default   [  66% ] 00595/03202 VUs  09.9s/15s  3202.00 iters/s

running (10.9s), 00615/03202 VUs, 34278 complete and 0 interrupted iterations
default   [  73% ] 00615/03202 VUs  10.9s/15s  3202.00 iters/s

running (11.9s), 00575/03202 VUs, 37520 complete and 0 interrupted iterations
default   [  79% ] 00575/03202 VUs  11.9s/15s  3202.00 iters/s

running (12.9s), 00534/03202 VUs, 40763 complete and 0 interrupted iterations
default   [  86% ] 00534/03202 VUs  12.9s/15s  3202.00 iters/s

running (13.9s), 00531/03202 VUs, 43968 complete and 0 interrupted iterations
default   [  93% ] 00531/03202 VUs  13.9s/15s  3202.00 iters/s

running (14.9s), 00484/03202 VUs, 47217 complete and 0 interrupted iterations
default   [  99% ] 00484/03202 VUs  14.9s/15s  3202.00 iters/s


  █ TOTAL RESULTS 

    HTTP
    http_req_duration..............: avg=163.11ms min=63.97ms med=167.8ms  max=202.12ms p(90)=184.48ms p(95)=188.06ms
      { expected_response:true }...: avg=163.11ms min=63.97ms med=167.8ms  max=202.12ms p(90)=184.48ms p(95)=188.06ms
    http_req_failed................: 0.00%  0 out of 47566
    http_reqs......................: 47566  3169.447653/s

    EXECUTION
    iteration_duration.............: avg=163.2ms  min=64.38ms med=167.89ms max=202.21ms p(90)=184.56ms p(95)=188.14ms
    iterations.....................: 47566  3169.447653/s
    vus............................: 484    min=390        max=616 
    vus_max........................: 3202   min=3202       max=3202

    NETWORK
    data_received..................: 9.7 MB 643 kB/s
    data_sent......................: 9.2 MB 614 kB/s




running (15.0s), 00000/03202 VUs, 47566 complete and 465 interrupted iterations
default ✓ [ 100% ] 00464/03202 VUs  15s  3202.00 iters/s
