
         /\      Grafana   /‾‾/  
    /\  /  \     |\  __   /  /   
   /  \/    \    | |/ /  /   ‾‾\ 
  /          \   |   (  |  (‾)  |
 / __________ \  |_|\_\  \_____/ 

     execution: local
        script: workflow/response/k6_open_client.js
        output: -

     scenarios: (100.00%) 1 scenario, 10000 max VUs, 15s max duration (incl. graceful stop):
              * default: 1249.00 iterations/s for 15s (maxVUs: 1249-10000)


running (00.9s), 00050/01249 VUs, 1134 complete and 0 interrupted iterations
default   [   6% ] 00050/01249 VUs  00.9s/15s  1249.00 iters/s

running (01.9s), 00012/01249 VUs, 2421 complete and 0 interrupted iterations
default   [  13% ] 00012/01249 VUs  01.9s/15s  1249.00 iters/s

running (02.9s), 00004/01249 VUs, 3678 complete and 0 interrupted iterations
default   [  20% ] 00004/01249 VUs  02.9s/15s  1249.00 iters/s

running (03.9s), 00003/01249 VUs, 4927 complete and 0 interrupted iterations
default   [  26% ] 00003/01249 VUs  03.9s/15s  1249.00 iters/s

running (04.9s), 00003/01249 VUs, 6177 complete and 0 interrupted iterations
default   [  33% ] 00003/01249 VUs  04.9s/15s  1249.00 iters/s

running (05.9s), 00005/01249 VUs, 7424 complete and 0 interrupted iterations
default   [  40% ] 00005/01249 VUs  05.9s/15s  1249.00 iters/s

running (06.9s), 00013/01249 VUs, 8665 complete and 0 interrupted iterations
default   [  46% ] 00013/01249 VUs  06.9s/15s  1249.00 iters/s

running (07.9s), 00037/01249 VUs, 9890 complete and 0 interrupted iterations
default   [  53% ] 00037/01249 VUs  07.9s/15s  1249.00 iters/s

running (08.9s), 00037/01249 VUs, 11139 complete and 0 interrupted iterations
default   [  60% ] 00037/01249 VUs  08.9s/15s  1249.00 iters/s

running (09.9s), 00003/01249 VUs, 12422 complete and 0 interrupted iterations
default   [  66% ] 00003/01249 VUs  09.9s/15s  1249.00 iters/s

running (10.9s), 00003/01249 VUs, 13671 complete and 0 interrupted iterations
default   [  73% ] 00003/01249 VUs  10.9s/15s  1249.00 iters/s

running (11.9s), 00002/01249 VUs, 14920 complete and 0 interrupted iterations
default   [  80% ] 00002/01249 VUs  11.9s/15s  1249.00 iters/s

running (12.9s), 00002/01249 VUs, 16169 complete and 0 interrupted iterations
default   [  86% ] 00002/01249 VUs  12.9s/15s  1249.00 iters/s

running (13.9s), 00003/01249 VUs, 17417 complete and 0 interrupted iterations
default   [  93% ] 00003/01249 VUs  13.9s/15s  1249.00 iters/s

running (14.9s), 00023/01249 VUs, 18647 complete and 0 interrupted iterations
default   [ 100% ] 00023/01249 VUs  14.9s/15s  1249.00 iters/s


  █ TOTAL RESULTS 

    HTTP
    http_req_duration..............: avg=11ms    min=1.17ms med=5.88ms max=48.97ms p(90)=28.2ms  p(95)=34.49ms
      { expected_response:true }...: avg=11ms    min=1.17ms med=5.88ms max=48.97ms p(90)=28.2ms  p(95)=34.49ms
    http_req_failed................: 0.00%  0 out of 18715
    http_reqs......................: 18715  1247.455358/s

    EXECUTION
    iteration_duration.............: avg=11.29ms min=1.23ms med=5.99ms max=80.38ms p(90)=28.89ms p(95)=35.56ms
    iterations.....................: 18715  1247.455358/s
    vus............................: 24     min=2          max=50  
    vus_max........................: 1249   min=1249       max=1249

    NETWORK
    data_received..................: 3.8 MB 253 kB/s
    data_sent......................: 3.7 MB 245 kB/s




running (15.0s), 00000/01249 VUs, 18713 complete and 23 interrupted iterations
default ✓ [ 100% ] 00023/01249 VUs  15s  1249.00 iters/s
