
         /\      Grafana   /‾‾/  
    /\  /  \     |\  __   /  /   
   /  \/    \    | |/ /  /   ‾‾\ 
  /          \   |   (  |  (‾)  |
 / __________ \  |_|\_\  \_____/ 

     execution: local
        script: workflow/spin/k6_open_client.js
        output: -

     scenarios: (100.00%) 1 scenario, 10000 max VUs, 15s max duration (incl. graceful stop):
              * default: 2485.00 iterations/s for 15s (maxVUs: 2485-10000)


running (00.9s), 00120/02485 VUs, 2164 complete and 0 interrupted iterations
default   [   6% ] 00120/02485 VUs  00.9s/15s  2485.00 iters/s

running (01.9s), 00139/02485 VUs, 4630 complete and 0 interrupted iterations
default   [  13% ] 00138/02485 VUs  01.9s/15s  2485.00 iters/s

running (02.9s), 00137/02485 VUs, 7117 complete and 0 interrupted iterations
default   [  19% ] 00138/02485 VUs  02.9s/15s  2485.00 iters/s

running (03.9s), 00105/02485 VUs, 9633 complete and 0 interrupted iterations
default   [  26% ] 00105/02485 VUs  03.9s/15s  2485.00 iters/s

running (04.9s), 00136/02485 VUs, 12087 complete and 0 interrupted iterations
default   [  33% ] 00136/02485 VUs  04.9s/15s  2485.00 iters/s

running (05.9s), 00128/02485 VUs, 14581 complete and 0 interrupted iterations
default   [  39% ] 00128/02485 VUs  05.9s/15s  2485.00 iters/s

running (06.9s), 00105/02485 VUs, 17088 complete and 0 interrupted iterations
default   [  46% ] 00105/02485 VUs  06.9s/15s  2485.00 iters/s

running (07.9s), 00100/02485 VUs, 19581 complete and 0 interrupted iterations
default   [  53% ] 00100/02485 VUs  07.9s/15s  2485.00 iters/s

running (08.9s), 00106/02485 VUs, 22058 complete and 0 interrupted iterations
default   [  59% ] 00106/02485 VUs  08.9s/15s  2485.00 iters/s

running (09.9s), 00090/02485 VUs, 24558 complete and 0 interrupted iterations
default   [  66% ] 00090/02485 VUs  09.9s/15s  2485.00 iters/s

running (10.9s), 00098/02485 VUs, 27036 complete and 0 interrupted iterations
default   [  73% ] 00098/02485 VUs  10.9s/15s  2485.00 iters/s

running (11.9s), 00135/02485 VUs, 29482 complete and 0 interrupted iterations
default   [  79% ] 00135/02485 VUs  11.9s/15s  2485.00 iters/s

running (12.9s), 00131/02485 VUs, 31973 complete and 0 interrupted iterations
default   [  86% ] 00131/02485 VUs  12.9s/15s  2485.00 iters/s

running (13.9s), 00104/02485 VUs, 34487 complete and 0 interrupted iterations
default   [  93% ] 00104/02485 VUs  13.9s/15s  2485.00 iters/s

running (14.9s), 00106/02485 VUs, 36968 complete and 0 interrupted iterations
default   [  99% ] 00106/02485 VUs  14.9s/15s  2485.00 iters/s


  █ TOTAL RESULTS 

    HTTP
    http_req_duration..............: avg=45.16ms min=26.43ms med=45.04ms max=82.29ms p(90)=54.99ms p(95)=56.76ms
      { expected_response:true }...: avg=45.16ms min=26.43ms med=45.04ms max=82.29ms p(90)=54.99ms p(95)=56.76ms
    http_req_failed................: 0.00%  0 out of 37165
    http_reqs......................: 37165  2477.020836/s

    EXECUTION
    iteration_duration.............: avg=45.26ms min=26.74ms med=45.13ms max=82.41ms p(90)=55.08ms p(95)=56.86ms
    iterations.....................: 37165  2477.020836/s
    vus............................: 106    min=93         max=138 
    vus_max........................: 2485   min=2485       max=2485

    NETWORK
    data_received..................: 7.5 MB 503 kB/s
    data_sent......................: 7.2 MB 477 kB/s




running (15.0s), 00000/02485 VUs, 37165 complete and 111 interrupted iterations
default ✓ [ 100% ] 00111/02485 VUs  15s  2485.00 iters/s
