
         /\      Grafana   /‾‾/  
    /\  /  \     |\  __   /  /   
   /  \/    \    | |/ /  /   ‾‾\ 
  /          \   |   (  |  (‾)  |
 / __________ \  |_|\_\  \_____/ 

     execution: local
        script: workflow/online_boutique/k6_open_checkout.js
        output: -

     scenarios: (100.00%) 1 scenario, 10000 max VUs, 15s max duration (incl. graceful stop):
              * default: 287.00 iterations/s for 15s (maxVUs: 287-10000)


running (01.0s), 00105/00287 VUs, 177 complete and 0 interrupted iterations
default   [   7% ] 00105/00287 VUs  01.0s/15s  287.00 iters/s

running (02.0s), 00128/00287 VUs, 441 complete and 0 interrupted iterations
default   [  13% ] 00128/00287 VUs  02.0s/15s  287.00 iters/s

running (03.0s), 00197/00287 VUs, 659 complete and 0 interrupted iterations
default   [  20% ] 00197/00287 VUs  03.0s/15s  287.00 iters/s

running (04.0s), 00221/00287 VUs, 922 complete and 0 interrupted iterations
default   [  27% ] 00221/00287 VUs  04.0s/15s  287.00 iters/s

running (05.0s), 00285/00288 VUs, 1144 complete and 0 interrupted iterations
default   [  33% ] 00285/00288 VUs  05.0s/15s  287.00 iters/s

running (06.0s), 00259/00297 VUs, 1448 complete and 0 interrupted iterations
default   [  40% ] 00259/00297 VUs  06.0s/15s  287.00 iters/s

running (07.0s), 00274/00314 VUs, 1703 complete and 0 interrupted iterations
default   [  47% ] 00274/00314 VUs  07.0s/15s  287.00 iters/s

running (08.0s), 00297/00331 VUs, 1950 complete and 0 interrupted iterations
default   [  53% ] 00297/00331 VUs  08.0s/15s  287.00 iters/s

running (09.0s), 00320/00343 VUs, 2202 complete and 0 interrupted iterations
default   [  60% ] 00320/00343 VUs  09.0s/15s  287.00 iters/s

running (10.0s), 00311/00349 VUs, 2492 complete and 0 interrupted iterations
default   [  67% ] 00311/00349 VUs  10.0s/15s  287.00 iters/s

running (11.0s), 00332/00359 VUs, 2748 complete and 0 interrupted iterations
default   [  73% ] 00332/00359 VUs  11.0s/15s  287.00 iters/s

running (12.0s), 00355/00367 VUs, 3004 complete and 0 interrupted iterations
default   [  80% ] 00355/00367 VUs  12.0s/15s  287.00 iters/s

running (13.0s), 00378/00378 VUs, 3257 complete and 0 interrupted iterations
default   [  87% ] 00378/00378 VUs  13.0s/15s  287.00 iters/s

running (14.0s), 00388/00401 VUs, 3511 complete and 0 interrupted iterations
default   [  93% ] 00388/00401 VUs  14.0s/15s  287.00 iters/s

running (15.0s), 00411/00420 VUs, 3756 complete and 0 interrupted iterations
default   [ 100% ] 00411/00420 VUs  15.0s/15s  287.00 iters/s


  █ TOTAL RESULTS 

    CUSTOM
    online_boutique_application_errors...: 0.00%  0 out of 3762

    HTTP
    http_req_duration....................: avg=1.02s min=206ms    med=1.11s max=1.55s p(90)=1.38s p(95)=1.45s
      { expected_response:true }.........: avg=1.02s min=206ms    med=1.11s max=1.55s p(90)=1.38s p(95)=1.45s
    http_req_failed......................: 0.00%  0 out of 3762
    http_reqs............................: 3762   250.757093/s

    EXECUTION
    dropped_iterations...................: 133    8.86515/s
    iteration_duration...................: avg=1.02s min=206.33ms med=1.11s max=1.55s p(90)=1.38s p(95)=1.45s
    iterations...........................: 3762   250.757093/s
    vus..................................: 411    min=105       max=411
    vus_max..............................: 420    min=287       max=420

    NETWORK
    data_received........................: 7.6 MB 509 kB/s
    data_sent............................: 2.3 MB 155 kB/s




running (15.0s), 00000/00420 VUs, 3762 complete and 411 interrupted iterations
default ✓ [ 100% ] 00411/00420 VUs  15s  287.00 iters/s
