
         /\      Grafana   /‾‾/  
    /\  /  \     |\  __   /  /   
   /  \/    \    | |/ /  /   ‾‾\ 
  /          \   |   (  |  (‾)  |
 / __________ \  |_|\_\  \_____/ 

     execution: local
        script: workflow/spin/k6_open_client.js
        output: -

     scenarios: (100.00%) 1 scenario, 10000 max VUs, 15s max duration (incl. graceful stop):
              * default: 5015.00 iterations/s for 15s (maxVUs: 5015-10000)


running (00.8s), 00846/05015 VUs, 3375 complete and 0 interrupted iterations
default   [   6% ] 00846/05015 VUs  00.8s/15s  5015.00 iters/s

running (01.8s), 00519/05015 VUs, 8717 complete and 0 interrupted iterations
default   [  12% ] 00518/05015 VUs  01.8s/15s  5015.00 iters/s

running (02.8s), 00211/05015 VUs, 14040 complete and 0 interrupted iterations
default   [  19% ] 00211/05015 VUs  02.8s/15s  5015.00 iters/s

running (03.8s), 00158/05015 VUs, 19109 complete and 0 interrupted iterations
default   [  26% ] 00158/05015 VUs  03.8s/15s  5015.00 iters/s

running (04.8s), 00081/05015 VUs, 24201 complete and 0 interrupted iterations
default   [  32% ] 00081/05015 VUs  04.8s/15s  5015.00 iters/s

running (05.8s), 00106/05015 VUs, 29190 complete and 0 interrupted iterations
default   [  39% ] 00106/05015 VUs  05.8s/15s  5015.00 iters/s

running (06.8s), 00250/05015 VUs, 34063 complete and 0 interrupted iterations
default   [  46% ] 00250/05015 VUs  06.8s/15s  5015.00 iters/s

running (07.8s), 00135/05015 VUs, 39192 complete and 0 interrupted iterations
default   [  52% ] 00135/05015 VUs  07.8s/15s  5015.00 iters/s

running (08.8s), 00087/05015 VUs, 44254 complete and 0 interrupted iterations
default   [  59% ] 00087/05015 VUs  08.8s/15s  5015.00 iters/s

running (09.8s), 00057/05015 VUs, 49299 complete and 0 interrupted iterations
default   [  66% ] 00057/05015 VUs  09.8s/15s  5015.00 iters/s

running (10.8s), 00107/05015 VUs, 54265 complete and 0 interrupted iterations
default   [  72% ] 00107/05015 VUs  10.8s/15s  5015.00 iters/s

running (11.8s), 00067/05015 VUs, 59319 complete and 0 interrupted iterations
default   [  79% ] 00067/05015 VUs  11.8s/15s  5015.00 iters/s

running (12.8s), 00241/05015 VUs, 64161 complete and 0 interrupted iterations
default   [  86% ] 00241/05015 VUs  12.8s/15s  5015.00 iters/s

running (13.8s), 00191/05015 VUs, 69226 complete and 0 interrupted iterations
default   [  92% ] 00191/05015 VUs  13.8s/15s  5015.00 iters/s

running (14.8s), 00146/05015 VUs, 74285 complete and 0 interrupted iterations
default   [  99% ] 00146/05015 VUs  14.8s/15s  5015.00 iters/s


  █ TOTAL RESULTS 

    HTTP
    http_req_duration..............: avg=42.13ms min=5.83ms med=28.88ms max=223.66ms p(90)=104.53ms p(95)=125.48ms
      { expected_response:true }...: avg=42.13ms min=5.83ms med=28.88ms max=223.66ms p(90)=104.53ms p(95)=125.48ms
    http_req_failed................: 0.00% 0 out of 75066
    http_reqs......................: 75066 5001.867073/s

    EXECUTION
    iteration_duration.............: avg=42.37ms min=5.9ms  med=28.96ms max=228.23ms p(90)=104.66ms p(95)=125.84ms
    iterations.....................: 75066 5001.867073/s
    vus............................: 146   min=57         max=846 
    vus_max........................: 5015  min=5015       max=5015

    NETWORK
    data_received..................: 15 MB 1.0 MB/s
    data_sent......................: 14 MB 962 kB/s




running (15.0s), 00000/05015 VUs, 75065 complete and 161 interrupted iterations
default ✓ [ 100% ] 00161/05015 VUs  15s  5015.00 iters/s
