
         /\      Grafana   /‾‾/  
    /\  /  \     |\  __   /  /   
   /  \/    \    | |/ /  /   ‾‾\ 
  /          \   |   (  |  (‾)  |
 / __________ \  |_|\_\  \_____/ 

     execution: local
        script: workflow/spin/k6_open_client.js
        output: -

     scenarios: (100.00%) 1 scenario, 10000 max VUs, 15s max duration (incl. graceful stop):
              * default: 1453.00 iterations/s for 15s (maxVUs: 1453-10000)


running (00.9s), 00106/01453 VUs, 1270 complete and 0 interrupted iterations
default   [   6% ] 00106/01453 VUs  00.9s/15s  1453.00 iters/s

running (01.9s), 00089/01453 VUs, 2740 complete and 0 interrupted iterations
default   [  13% ] 00089/01453 VUs  01.9s/15s  1453.00 iters/s

running (02.9s), 00125/01453 VUs, 4157 complete and 0 interrupted iterations
default   [  20% ] 00125/01453 VUs  02.9s/15s  1453.00 iters/s

running (03.9s), 00107/01453 VUs, 5627 complete and 0 interrupted iterations
default   [  26% ] 00107/01453 VUs  03.9s/15s  1453.00 iters/s

running (04.9s), 00142/01453 VUs, 7046 complete and 0 interrupted iterations
default   [  33% ] 00142/01453 VUs  04.9s/15s  1453.00 iters/s

running (05.9s), 00178/01453 VUs, 8463 complete and 0 interrupted iterations
default   [  40% ] 00178/01453 VUs  05.9s/15s  1453.00 iters/s

running (06.9s), 00170/01453 VUs, 9925 complete and 0 interrupted iterations
default   [  46% ] 00170/01453 VUs  06.9s/15s  1453.00 iters/s

running (07.9s), 00205/01453 VUs, 11342 complete and 0 interrupted iterations
default   [  53% ] 00205/01453 VUs  07.9s/15s  1453.00 iters/s

running (08.9s), 00242/01453 VUs, 12758 complete and 0 interrupted iterations
default   [  60% ] 00242/01453 VUs  08.9s/15s  1453.00 iters/s

running (09.9s), 00250/01453 VUs, 14203 complete and 0 interrupted iterations
default   [  66% ] 00250/01453 VUs  09.9s/15s  1453.00 iters/s

running (10.9s), 00263/01453 VUs, 15642 complete and 0 interrupted iterations
default   [  73% ] 00263/01453 VUs  10.9s/15s  1453.00 iters/s

running (11.9s), 00253/01453 VUs, 17106 complete and 0 interrupted iterations
default   [  80% ] 00253/01453 VUs  11.9s/15s  1453.00 iters/s

running (12.9s), 00265/01453 VUs, 18547 complete and 0 interrupted iterations
default   [  86% ] 00265/01453 VUs  12.9s/15s  1453.00 iters/s

running (13.9s), 00277/01453 VUs, 19988 complete and 0 interrupted iterations
default   [  93% ] 00277/01453 VUs  13.9s/15s  1453.00 iters/s

running (14.9s), 00273/01453 VUs, 21445 complete and 0 interrupted iterations
default   [ 100% ] 00273/01453 VUs  14.9s/15s  1453.00 iters/s


  █ TOTAL RESULTS 

    HTTP
    http_req_duration..............: avg=133.47ms min=44.94ms med=139.95ms max=216.28ms p(90)=192.99ms p(95)=198.9ms 
      { expected_response:true }...: avg=133.47ms min=44.94ms med=139.95ms max=216.28ms p(90)=192.99ms p(95)=198.9ms 
    http_req_failed................: 0.00%  0 out of 21502
    http_reqs......................: 21502  1433.019018/s

    EXECUTION
    iteration_duration.............: avg=133.57ms min=45.01ms med=140.03ms max=216.36ms p(90)=193.06ms p(95)=198.97ms
    iterations.....................: 21502  1433.019018/s
    vus............................: 273    min=89         max=277 
    vus_max........................: 1453   min=1453       max=1453

    NETWORK
    data_received..................: 4.4 MB 291 kB/s
    data_sent......................: 4.2 MB 279 kB/s




running (15.0s), 00000/01453 VUs, 21502 complete and 293 interrupted iterations
default ✓ [ 100% ] 00293/01453 VUs  15s  1453.00 iters/s
