
         /\      Grafana   /‾‾/  
    /\  /  \     |\  __   /  /   
   /  \/    \    | |/ /  /   ‾‾\ 
  /          \   |   (  |  (‾)  |
 / __________ \  |_|\_\  \_____/ 

     execution: local
        script: workflow/spin/k6_open_client.js
        output: -

     scenarios: (100.00%) 1 scenario, 10000 max VUs, 15s max duration (incl. graceful stop):
              * default: 3559.00 iterations/s for 15s (maxVUs: 3559-10000)


running (00.9s), 00208/03559 VUs, 2958 complete and 0 interrupted iterations
default   [   6% ] 00208/03559 VUs  00.9s/15s  3559.00 iters/s

running (01.9s), 00173/03559 VUs, 6552 complete and 0 interrupted iterations
default   [  13% ] 00173/03559 VUs  01.9s/15s  3559.00 iters/s

running (02.9s), 00226/03559 VUs, 10058 complete and 0 interrupted iterations
default   [  19% ] 00226/03559 VUs  02.9s/15s  3559.00 iters/s

running (03.9s), 00178/03559 VUs, 13665 complete and 0 interrupted iterations
default   [  26% ] 00178/03559 VUs  03.9s/15s  3559.00 iters/s

running (04.9s), 00202/03559 VUs, 17200 complete and 0 interrupted iterations
default   [  33% ] 00202/03559 VUs  04.9s/15s  3559.00 iters/s

running (05.9s), 00245/03559 VUs, 20717 complete and 0 interrupted iterations
default   [  39% ] 00245/03559 VUs  05.9s/15s  3559.00 iters/s

running (06.9s), 00186/03559 VUs, 24334 complete and 0 interrupted iterations
default   [  46% ] 00186/03559 VUs  06.9s/15s  3559.00 iters/s

running (07.9s), 00184/03559 VUs, 27895 complete and 0 interrupted iterations
default   [  53% ] 00184/03559 VUs  07.9s/15s  3559.00 iters/s

running (08.9s), 00189/03559 VUs, 31450 complete and 0 interrupted iterations
default   [  59% ] 00190/03559 VUs  08.9s/15s  3559.00 iters/s

running (09.9s), 00171/03559 VUs, 35026 complete and 0 interrupted iterations
default   [  66% ] 00171/03559 VUs  09.9s/15s  3559.00 iters/s

running (10.9s), 00229/03559 VUs, 38530 complete and 0 interrupted iterations
default   [  73% ] 00229/03559 VUs  10.9s/15s  3559.00 iters/s

running (11.9s), 00244/03559 VUs, 42074 complete and 0 interrupted iterations
default   [  79% ] 00244/03559 VUs  11.9s/15s  3559.00 iters/s

running (12.9s), 00217/03559 VUs, 45657 complete and 0 interrupted iterations
default   [  86% ] 00217/03559 VUs  12.9s/15s  3559.00 iters/s

running (13.9s), 00316/03559 VUs, 49127 complete and 0 interrupted iterations
default   [  93% ] 00318/03559 VUs  13.9s/15s  3559.00 iters/s

running (14.9s), 00227/03559 VUs, 52766 complete and 0 interrupted iterations
default   [  99% ] 00227/03559 VUs  14.9s/15s  3559.00 iters/s


  █ TOTAL RESULTS 

    HTTP
    http_req_duration..............: avg=57.48ms min=21.39ms med=57.04ms max=95.1ms  p(90)=65.8ms  p(95)=68.97ms
      { expected_response:true }...: avg=57.48ms min=21.39ms med=57.04ms max=95.1ms  p(90)=65.8ms  p(95)=68.97ms
    http_req_failed................: 0.00% 0 out of 53200
    http_reqs......................: 53200 3545.322054/s

    EXECUTION
    iteration_duration.............: avg=57.57ms min=21.49ms med=57.14ms max=96.03ms p(90)=65.92ms p(95)=69.12ms
    iterations.....................: 53200 3545.322054/s
    vus............................: 223   min=171        max=316 
    vus_max........................: 3559  min=3559       max=3559

    NETWORK
    data_received..................: 11 MB 720 kB/s
    data_sent......................: 10 MB 683 kB/s




running (15.0s), 00000/03559 VUs, 53195 complete and 191 interrupted iterations
default ✓ [ 100% ] 00191/03559 VUs  15s  3559.00 iters/s
