
         /\      Grafana   /‾‾/  
    /\  /  \     |\  __   /  /   
   /  \/    \    | |/ /  /   ‾‾\ 
  /          \   |   (  |  (‾)  |
 / __________ \  |_|\_\  \_____/ 

     execution: local
        script: workflow/spin/k6_open_client.js
        output: -

     scenarios: (100.00%) 1 scenario, 10000 max VUs, 15s max duration (incl. graceful stop):
              * default: 2699.00 iterations/s for 15s (maxVUs: 2699-10000)


running (00.9s), 00393/02699 VUs, 2048 complete and 0 interrupted iterations
default   [   6% ] 00393/02699 VUs  00.9s/15s  2699.00 iters/s

running (01.9s), 00532/02699 VUs, 4608 complete and 0 interrupted iterations
default   [  13% ] 00532/02699 VUs  01.9s/15s  2699.00 iters/s

running (02.9s), 00412/02699 VUs, 7424 complete and 0 interrupted iterations
default   [  19% ] 00412/02699 VUs  02.9s/15s  2699.00 iters/s

running (03.9s), 00478/02699 VUs, 10060 complete and 0 interrupted iterations
default   [  26% ] 00478/02699 VUs  03.9s/15s  2699.00 iters/s

running (04.9s), 00438/02699 VUs, 12800 complete and 0 interrupted iterations
default   [  33% ] 00438/02699 VUs  04.9s/15s  2699.00 iters/s

running (05.9s), 00458/02699 VUs, 15478 complete and 0 interrupted iterations
default   [  39% ] 00458/02699 VUs  05.9s/15s  2699.00 iters/s

running (06.9s), 00461/02699 VUs, 18176 complete and 0 interrupted iterations
default   [  46% ] 00461/02699 VUs  06.9s/15s  2699.00 iters/s

running (07.9s), 00389/02699 VUs, 20945 complete and 0 interrupted iterations
default   [  53% ] 00389/02699 VUs  07.9s/15s  2699.00 iters/s

running (08.9s), 00483/02699 VUs, 23552 complete and 0 interrupted iterations
default   [  59% ] 00483/02699 VUs  08.9s/15s  2699.00 iters/s

running (09.9s), 00365/02699 VUs, 26368 complete and 0 interrupted iterations
default   [  66% ] 00365/02699 VUs  09.9s/15s  2699.00 iters/s

running (10.9s), 00502/02699 VUs, 28928 complete and 0 interrupted iterations
default   [  73% ] 00502/02699 VUs  10.9s/15s  2699.00 iters/s

running (11.9s), 00387/02699 VUs, 31744 complete and 0 interrupted iterations
default   [  79% ] 00387/02699 VUs  11.9s/15s  2699.00 iters/s

running (12.9s), 00484/02699 VUs, 34345 complete and 0 interrupted iterations
default   [  86% ] 00484/02699 VUs  12.9s/15s  2699.00 iters/s

running (13.9s), 00405/02699 VUs, 37120 complete and 0 interrupted iterations
default   [  93% ] 00405/02699 VUs  13.9s/15s  2699.00 iters/s

running (14.9s), 00517/02699 VUs, 39710 complete and 0 interrupted iterations
default   [  99% ] 00517/02699 VUs  14.9s/15s  2699.00 iters/s


  █ TOTAL RESULTS 

    HTTP
    http_req_duration..............: avg=168.5ms min=124.82ms med=169.41ms max=221.14ms p(90)=192.04ms p(95)=197.27ms
      { expected_response:true }...: avg=168.5ms min=124.82ms med=169.41ms max=221.14ms p(90)=192.04ms p(95)=197.27ms
    http_req_failed................: 0.00%  0 out of 40028
    http_reqs......................: 40028  2667.349263/s

    EXECUTION
    iteration_duration.............: avg=168.6ms min=124.89ms med=169.51ms max=221.23ms p(90)=192.14ms p(95)=197.41ms
    iterations.....................: 40028  2667.349263/s
    vus............................: 516    min=362        max=532 
    vus_max........................: 2699   min=2699       max=2699

    NETWORK
    data_received..................: 8.1 MB 542 kB/s
    data_sent......................: 7.8 MB 518 kB/s




running (15.0s), 00000/02699 VUs, 40021 complete and 465 interrupted iterations
default ✓ [ 100% ] 00465/02699 VUs  15s  2699.00 iters/s
