
         /\      Grafana   /‾‾/  
    /\  /  \     |\  __   /  /   
   /  \/    \    | |/ /  /   ‾‾\ 
  /          \   |   (  |  (‾)  |
 / __________ \  |_|\_\  \_____/ 

     execution: local
        script: workflow/write/k6_open_client.js
        output: -

     scenarios: (100.00%) 1 scenario, 10000 max VUs, 15s max duration (incl. graceful stop):
              * default: 2199.00 iterations/s for 15s (maxVUs: 2199-10000)


running (00.9s), 00209/02199 VUs, 1811 complete and 0 interrupted iterations
default   [   6% ] 00209/02199 VUs  00.9s/15s  2199.00 iters/s

running (01.9s), 00087/02199 VUs, 4132 complete and 0 interrupted iterations
default   [  13% ] 00087/02199 VUs  01.9s/15s  2199.00 iters/s

running (02.9s), 00157/02199 VUs, 6258 complete and 0 interrupted iterations
default   [  19% ] 00157/02199 VUs  02.9s/15s  2199.00 iters/s

running (03.9s), 00150/02199 VUs, 8466 complete and 0 interrupted iterations
default   [  26% ] 00150/02199 VUs  03.9s/15s  2199.00 iters/s

running (04.9s), 00105/02199 VUs, 10709 complete and 0 interrupted iterations
default   [  33% ] 00106/02199 VUs  04.9s/15s  2199.00 iters/s

running (05.9s), 00177/02199 VUs, 12837 complete and 0 interrupted iterations
default   [  39% ] 00177/02199 VUs  05.9s/15s  2199.00 iters/s

running (06.9s), 00256/02199 VUs, 14956 complete and 0 interrupted iterations
default   [  46% ] 00257/02199 VUs  06.9s/15s  2199.00 iters/s

running (07.9s), 00111/02199 VUs, 17301 complete and 0 interrupted iterations
default   [  53% ] 00111/02199 VUs  07.9s/15s  2199.00 iters/s

running (08.9s), 00125/02199 VUs, 19486 complete and 0 interrupted iterations
default   [  59% ] 00126/02199 VUs  08.9s/15s  2199.00 iters/s

running (09.9s), 00180/02199 VUs, 21629 complete and 0 interrupted iterations
default   [  66% ] 00180/02199 VUs  09.9s/15s  2199.00 iters/s

running (10.9s), 00341/02199 VUs, 23668 complete and 0 interrupted iterations
default   [  73% ] 00341/02199 VUs  10.9s/15s  2199.00 iters/s

running (11.9s), 00117/02199 VUs, 26089 complete and 0 interrupted iterations
default   [  79% ] 00117/02199 VUs  11.9s/15s  2199.00 iters/s

running (12.9s), 00112/02199 VUs, 28295 complete and 0 interrupted iterations
default   [  86% ] 00112/02199 VUs  12.9s/15s  2199.00 iters/s

running (13.9s), 00109/02199 VUs, 30496 complete and 0 interrupted iterations
default   [  93% ] 00110/02199 VUs  13.9s/15s  2199.00 iters/s

running (14.9s), 00140/02199 VUs, 32666 complete and 0 interrupted iterations
default   [  99% ] 00140/02199 VUs  14.9s/15s  2199.00 iters/s


  █ TOTAL RESULTS 

    HTTP
    http_req_duration..............: avg=67.29ms min=27.63ms med=54.09ms max=182.11ms p(90)=117.19ms p(95)=135.98ms
      { expected_response:true }...: avg=67.29ms min=27.63ms med=54.09ms max=182.11ms p(90)=117.19ms p(95)=135.98ms
    http_req_failed................: 0.00%  0 out of 32867
    http_reqs......................: 32867  2190.540396/s

    EXECUTION
    iteration_duration.............: avg=67.36ms min=27.68ms med=54.15ms max=182.17ms p(90)=117.25ms p(95)=136.04ms
    iterations.....................: 32867  2190.540396/s
    vus............................: 141    min=87         max=341 
    vus_max........................: 2199   min=2199       max=2199

    NETWORK
    data_received..................: 6.7 MB 445 kB/s
    data_sent......................: 3.3 MB 220 kB/s




running (15.0s), 00000/02199 VUs, 32867 complete and 120 interrupted iterations
default ✓ [ 100% ] 00120/02199 VUs  15s  2199.00 iters/s
