
         /\      Grafana   /‾‾/  
    /\  /  \     |\  __   /  /   
   /  \/    \    | |/ /  /   ‾‾\ 
  /          \   |   (  |  (‾)  |
 / __________ \  |_|\_\  \_____/ 

     execution: local
        script: workflow/online_boutique/k6_open_view_cart.js
        output: -

     scenarios: (100.00%) 1 scenario, 10000 max VUs, 15s max duration (incl. graceful stop):
              * default: 808.00 iterations/s for 15s (maxVUs: 808-10000)


running (01.0s), 00156/00808 VUs, 621 complete and 0 interrupted iterations
default   [   6% ] 00156/00808 VUs  01.0s/15s  808.00 iters/s

running (02.0s), 00275/00808 VUs, 1310 complete and 0 interrupted iterations
default   [  13% ] 00275/00808 VUs  02.0s/15s  808.00 iters/s

running (03.0s), 00332/00808 VUs, 2062 complete and 0 interrupted iterations
default   [  20% ] 00332/00808 VUs  03.0s/15s  808.00 iters/s

running (04.0s), 00407/00808 VUs, 2795 complete and 0 interrupted iterations
default   [  26% ] 00407/00808 VUs  04.0s/15s  808.00 iters/s

running (05.0s), 00489/00808 VUs, 3521 complete and 0 interrupted iterations
default   [  33% ] 00489/00808 VUs  05.0s/15s  808.00 iters/s

running (06.0s), 00575/00808 VUs, 4242 complete and 0 interrupted iterations
default   [  40% ] 00575/00808 VUs  06.0s/15s  808.00 iters/s

running (07.0s), 00618/00808 VUs, 5008 complete and 0 interrupted iterations
default   [  46% ] 00618/00808 VUs  07.0s/15s  808.00 iters/s

running (08.0s), 00673/00808 VUs, 5760 complete and 0 interrupted iterations
default   [  53% ] 00673/00808 VUs  08.0s/15s  808.00 iters/s

running (09.0s), 00725/00808 VUs, 6516 complete and 0 interrupted iterations
default   [  60% ] 00726/00808 VUs  09.0s/15s  808.00 iters/s

running (10.0s), 00747/00808 VUs, 7302 complete and 0 interrupted iterations
default   [  66% ] 00747/00808 VUs  10.0s/15s  808.00 iters/s

running (11.0s), 00776/00808 VUs, 8081 complete and 0 interrupted iterations
default   [  73% ] 00776/00808 VUs  11.0s/15s  808.00 iters/s

running (12.0s), 00818/00818 VUs, 8835 complete and 0 interrupted iterations
default   [  80% ] 00818/00818 VUs  12.0s/15s  808.00 iters/s

running (13.0s), 00817/00831 VUs, 9631 complete and 0 interrupted iterations
default   [  86% ] 00817/00831 VUs  13.0s/15s  808.00 iters/s

running (14.0s), 00837/00843 VUs, 10406 complete and 0 interrupted iterations
default   [  93% ] 00838/00843 VUs  14.0s/15s  808.00 iters/s

running (15.0s), 00859/00860 VUs, 11174 complete and 0 interrupted iterations
default   [ 100% ] 00859/00860 VUs  15.0s/15s  808.00 iters/s


  █ TOTAL RESULTS 

    CUSTOM
    online_boutique_application_errors...: 0.00%  0 out of 11203

    HTTP
    http_req_duration....................: avg=736.05ms min=23.52ms med=815.95ms max=1.33s p(90)=1.05s p(95)=1.06s
      { expected_response:true }.........: avg=736.05ms min=23.52ms med=815.95ms max=1.33s p(90)=1.05s p(95)=1.06s
    http_req_failed......................: 0.00%  0 out of 11203
    http_reqs............................: 11203  746.501238/s

    EXECUTION
    dropped_iterations...................: 58     3.864775/s
    iteration_duration...................: avg=736.39ms min=24.35ms med=816.1ms  max=1.33s p(90)=1.05s p(95)=1.06s
    iterations...........................: 11203  746.501238/s
    vus..................................: 859    min=155        max=859
    vus_max..............................: 860    min=808        max=860

    NETWORK
    data_received........................: 22 MB  1.5 MB/s
    data_sent............................: 2.9 MB 193 kB/s




running (15.0s), 00000/00862 VUs, 11203 complete and 860 interrupted iterations
default ✓ [ 100% ] 00860/00862 VUs  15s  808.00 iters/s
