
         /\      Grafana   /‾‾/  
    /\  /  \     |\  __   /  /   
   /  \/    \    | |/ /  /   ‾‾\ 
  /          \   |   (  |  (‾)  |
 / __________ \  |_|\_\  \_____/ 

     execution: local
        script: workflow/write/k6_open_client.js
        output: -

     scenarios: (100.00%) 1 scenario, 10000 max VUs, 15s max duration (incl. graceful stop):
              * default: 1031.00 iterations/s for 15s (maxVUs: 1031-10000)


running (01.0s), 00001/01031 VUs, 988 complete and 0 interrupted iterations
default   [   6% ] 00001/01031 VUs  01.0s/15s  1031.00 iters/s

running (02.0s), 00000/01031 VUs, 2019 complete and 0 interrupted iterations
default   [  13% ] 00000/01031 VUs  02.0s/15s  1031.00 iters/s

running (03.0s), 00000/01031 VUs, 3050 complete and 0 interrupted iterations
default   [  20% ] 00000/01031 VUs  03.0s/15s  1031.00 iters/s

running (04.0s), 00002/01031 VUs, 4079 complete and 0 interrupted iterations
default   [  26% ] 00001/01031 VUs  04.0s/15s  1031.00 iters/s

running (05.0s), 00001/01031 VUs, 5111 complete and 0 interrupted iterations
default   [  33% ] 00001/01031 VUs  05.0s/15s  1031.00 iters/s

running (06.0s), 00001/01031 VUs, 6142 complete and 0 interrupted iterations
default   [  40% ] 00001/01031 VUs  06.0s/15s  1031.00 iters/s

running (07.0s), 00001/01031 VUs, 7173 complete and 0 interrupted iterations
default   [  46% ] 00001/01031 VUs  07.0s/15s  1031.00 iters/s

running (08.0s), 00002/01031 VUs, 8203 complete and 0 interrupted iterations
default   [  53% ] 00002/01031 VUs  08.0s/15s  1031.00 iters/s

running (09.0s), 00001/01031 VUs, 9235 complete and 0 interrupted iterations
default   [  60% ] 00001/01031 VUs  09.0s/15s  1031.00 iters/s

running (10.0s), 00002/01031 VUs, 10265 complete and 0 interrupted iterations
default   [  66% ] 00002/01031 VUs  10.0s/15s  1031.00 iters/s

running (11.0s), 00002/01031 VUs, 11296 complete and 0 interrupted iterations
default   [  73% ] 00002/01031 VUs  11.0s/15s  1031.00 iters/s

running (12.0s), 00000/01031 VUs, 12328 complete and 0 interrupted iterations
default   [  80% ] 00001/01031 VUs  12.0s/15s  1031.00 iters/s

running (13.0s), 00000/01031 VUs, 13360 complete and 0 interrupted iterations
default   [  86% ] 00000/01031 VUs  13.0s/15s  1031.00 iters/s

running (14.0s), 00002/01031 VUs, 14389 complete and 0 interrupted iterations
default   [  93% ] 00001/01031 VUs  14.0s/15s  1031.00 iters/s

running (15.0s), 00002/01031 VUs, 15420 complete and 0 interrupted iterations
default   [ 100% ] 00002/01031 VUs  15.0s/15s  1031.00 iters/s


  █ TOTAL RESULTS 

    HTTP
    http_req_duration..............: avg=661.22µs min=458.42µs med=615.84µs max=11.08ms p(90)=820.74µs p(95)=870.23µs
      { expected_response:true }...: avg=661.22µs min=458.42µs med=615.84µs max=11.08ms p(90)=820.74µs p(95)=870.23µs
    http_req_failed................: 0.00%  0 out of 15465
    http_reqs......................: 15465  1030.872514/s

    EXECUTION
    iteration_duration.............: avg=721.74µs min=516.16µs med=666.64µs max=11.31ms p(90)=892.78µs p(95)=952.34µs
    iterations.....................: 15465  1030.872514/s
    vus............................: 1      min=0          max=1   
    vus_max........................: 1031   min=1031       max=1031

    NETWORK
    data_received..................: 3.1 MB 209 kB/s
    data_sent......................: 1.5 MB 103 kB/s




running (15.0s), 00000/01031 VUs, 15465 complete and 1 interrupted iterations
default ✓ [ 100% ] 00001/01031 VUs  15s  1031.00 iters/s
