
         /\      Grafana   /‾‾/  
    /\  /  \     |\  __   /  /   
   /  \/    \    | |/ /  /   ‾‾\ 
  /          \   |   (  |  (‾)  |
 / __________ \  |_|\_\  \_____/ 

     execution: local
        script: workflow/spin/k6_open_client.js
        output: -

     scenarios: (100.00%) 1 scenario, 10000 max VUs, 15s max duration (incl. graceful stop):
              * default: 2376.00 iterations/s for 15s (maxVUs: 2376-10000)


running (00.9s), 00660/02376 VUs, 1524 complete and 0 interrupted iterations
default   [   6% ] 00660/02376 VUs  00.9s/15s  2376.00 iters/s

running (01.9s), 01036/02376 VUs, 3522 complete and 0 interrupted iterations
default   [  13% ] 01037/02376 VUs  01.9s/15s  2376.00 iters/s

running (02.9s), 00914/02376 VUs, 6023 complete and 0 interrupted iterations
default   [  19% ] 00914/02376 VUs  02.9s/15s  2376.00 iters/s

running (03.9s), 00669/02376 VUs, 8643 complete and 0 interrupted iterations
default   [  26% ] 00669/02376 VUs  03.9s/15s  2376.00 iters/s

running (04.9s), 00411/02376 VUs, 11279 complete and 0 interrupted iterations
default   [  33% ] 00411/02376 VUs  04.9s/15s  2376.00 iters/s

running (05.9s), 00486/02376 VUs, 13580 complete and 0 interrupted iterations
default   [  39% ] 00486/02376 VUs  05.9s/15s  2376.00 iters/s

running (06.9s), 00349/02376 VUs, 16091 complete and 0 interrupted iterations
default   [  46% ] 00349/02376 VUs  06.9s/15s  2376.00 iters/s

running (07.9s), 00431/02376 VUs, 18385 complete and 0 interrupted iterations
default   [  53% ] 00431/02376 VUs  07.9s/15s  2376.00 iters/s

running (08.9s), 00393/02376 VUs, 20801 complete and 0 interrupted iterations
default   [  59% ] 00393/02376 VUs  08.9s/15s  2376.00 iters/s

running (09.9s), 00387/02376 VUs, 23180 complete and 0 interrupted iterations
default   [  66% ] 00388/02376 VUs  09.9s/15s  2376.00 iters/s

running (10.9s), 00497/02376 VUs, 25447 complete and 0 interrupted iterations
default   [  73% ] 00497/02376 VUs  10.9s/15s  2376.00 iters/s

running (11.9s), 00347/02376 VUs, 27973 complete and 0 interrupted iterations
default   [  79% ] 00348/02376 VUs  11.9s/15s  2376.00 iters/s

running (12.9s), 00483/02376 VUs, 30212 complete and 0 interrupted iterations
default   [  86% ] 00483/02376 VUs  12.9s/15s  2376.00 iters/s

running (13.9s), 00328/02376 VUs, 32743 complete and 0 interrupted iterations
default   [  93% ] 00328/02376 VUs  13.9s/15s  2376.00 iters/s

running (14.9s), 00435/02376 VUs, 35014 complete and 0 interrupted iterations
default   [  99% ] 00435/02376 VUs  14.9s/15s  2376.00 iters/s


  █ TOTAL RESULTS 

    HTTP
    http_req_duration..............: avg=217.99ms min=118.9ms med=186.74ms max=494.63ms p(90)=366.65ms p(95)=419.9ms 
      { expected_response:true }...: avg=217.99ms min=118.9ms med=186.74ms max=494.63ms p(90)=366.65ms p(95)=419.9ms 
    http_req_failed................: 0.00%  0 out of 35265
    http_reqs......................: 35265  2350.072174/s

    EXECUTION
    iteration_duration.............: avg=218.09ms min=119ms   med=186.86ms max=494.71ms p(90)=366.76ms p(95)=419.99ms
    iterations.....................: 35265  2350.072174/s
    vus............................: 435    min=328        max=1039
    vus_max........................: 2376   min=2376       max=2376

    NETWORK
    data_received..................: 7.2 MB 477 kB/s
    data_sent......................: 6.8 MB 456 kB/s




running (15.0s), 00000/02376 VUs, 35265 complete and 377 interrupted iterations
default ✓ [ 100% ] 00377/02376 VUs  15s  2376.00 iters/s
