
         /\      Grafana   /‾‾/  
    /\  /  \     |\  __   /  /   
   /  \/    \    | |/ /  /   ‾‾\ 
  /          \   |   (  |  (‾)  |
 / __________ \  |_|\_\  \_____/ 

     execution: local
        script: workflow/spin/k6_open_client.js
        output: -

     scenarios: (100.00%) 1 scenario, 10000 max VUs, 15s max duration (incl. graceful stop):
              * default: 4410.00 iterations/s for 15s (maxVUs: 4410-10000)


running (00.9s), 00668/04410 VUs, 3139 complete and 0 interrupted iterations
default   [   6% ] 00668/04410 VUs  00.9s/15s  4410.00 iters/s

running (01.9s), 00817/04410 VUs, 7400 complete and 0 interrupted iterations
default   [  12% ] 00817/04410 VUs  01.9s/15s  4410.00 iters/s

running (02.9s), 00996/04410 VUs, 11631 complete and 0 interrupted iterations
default   [  19% ] 00996/04410 VUs  02.9s/15s  4410.00 iters/s

running (03.9s), 01253/04410 VUs, 15785 complete and 0 interrupted iterations
default   [  26% ] 01253/04410 VUs  03.9s/15s  4410.00 iters/s

running (04.9s), 01461/04410 VUs, 19986 complete and 0 interrupted iterations
default   [  32% ] 01461/04410 VUs  04.9s/15s  4410.00 iters/s

running (05.9s), 01604/04410 VUs, 24253 complete and 0 interrupted iterations
default   [  39% ] 01604/04410 VUs  05.9s/15s  4410.00 iters/s

running (06.9s), 01710/04410 VUs, 28557 complete and 0 interrupted iterations
default   [  46% ] 01710/04410 VUs  06.9s/15s  4410.00 iters/s

running (07.9s), 01795/04410 VUs, 32882 complete and 0 interrupted iterations
default   [  52% ] 01795/04410 VUs  07.9s/15s  4410.00 iters/s

running (08.9s), 01776/04410 VUs, 37311 complete and 0 interrupted iterations
default   [  59% ] 01776/04410 VUs  08.9s/15s  4410.00 iters/s

running (09.9s), 01938/04410 VUs, 41560 complete and 0 interrupted iterations
default   [  66% ] 01938/04410 VUs  09.9s/15s  4410.00 iters/s

running (10.9s), 01956/04410 VUs, 45951 complete and 0 interrupted iterations
default   [  72% ] 01956/04410 VUs  10.9s/15s  4410.00 iters/s

running (11.9s), 02021/04410 VUs, 50296 complete and 0 interrupted iterations
default   [  79% ] 02021/04410 VUs  11.9s/15s  4410.00 iters/s

running (12.9s), 02144/04410 VUs, 54584 complete and 0 interrupted iterations
default   [  86% ] 02143/04410 VUs  12.9s/15s  4410.00 iters/s

running (13.9s), 02294/04410 VUs, 58844 complete and 0 interrupted iterations
default   [  92% ] 02294/04410 VUs  13.9s/15s  4410.00 iters/s

running (14.9s), 02391/04410 VUs, 63157 complete and 0 interrupted iterations
default   [  99% ] 02391/04410 VUs  14.9s/15s  4410.00 iters/s


  █ TOTAL RESULTS 

    HTTP
    http_req_duration..............: avg=369.05ms min=60.87ms med=398.69ms max=559.4ms  p(90)=510.66ms p(95)=527.69ms
      { expected_response:true }...: avg=369.05ms min=60.87ms med=398.69ms max=559.4ms  p(90)=510.66ms p(95)=527.69ms
    http_req_failed................: 0.00% 0 out of 63762
    http_reqs......................: 63762 4244.550328/s

    EXECUTION
    iteration_duration.............: avg=369.15ms min=62.36ms med=398.78ms max=559.48ms p(90)=510.75ms p(95)=527.76ms
    iterations.....................: 63762 4244.550328/s
    vus............................: 2391  min=669        max=2391
    vus_max........................: 4410  min=4410       max=4410

    NETWORK
    data_received..................: 13 MB 862 kB/s
    data_sent......................: 13 MB 845 kB/s




running (15.0s), 00000/04410 VUs, 63762 complete and 2393 interrupted iterations
default ✓ [ 100% ] 02393/04410 VUs  15s  4410.00 iters/s
