
         /\      Grafana   /‾‾/  
    /\  /  \     |\  __   /  /   
   /  \/    \    | |/ /  /   ‾‾\ 
  /          \   |   (  |  (‾)  |
 / __________ \  |_|\_\  \_____/ 

     execution: local
        script: workflow/response/k6_open_client.js
        output: -

     scenarios: (100.00%) 1 scenario, 10000 max VUs, 15s max duration (incl. graceful stop):
              * default: 334.00 iterations/s for 15s (maxVUs: 334-10000)


running (01.0s), 00042/00334 VUs, 286 complete and 0 interrupted iterations
default   [   7% ] 00042/00334 VUs  01.0s/15s  334.00 iters/s

running (02.0s), 00060/00334 VUs, 602 complete and 0 interrupted iterations
default   [  13% ] 00060/00334 VUs  02.0s/15s  334.00 iters/s

running (03.0s), 00072/00334 VUs, 924 complete and 0 interrupted iterations
default   [  20% ] 00072/00334 VUs  03.0s/15s  334.00 iters/s

running (04.0s), 00094/00334 VUs, 1236 complete and 0 interrupted iterations
default   [  27% ] 00094/00334 VUs  04.0s/15s  334.00 iters/s

running (05.0s), 00117/00334 VUs, 1547 complete and 0 interrupted iterations
default   [  33% ] 00117/00334 VUs  05.0s/15s  334.00 iters/s

running (06.0s), 00114/00334 VUs, 1884 complete and 0 interrupted iterations
default   [  40% ] 00114/00334 VUs  06.0s/15s  334.00 iters/s

running (07.0s), 00124/00334 VUs, 2208 complete and 0 interrupted iterations
default   [  47% ] 00124/00334 VUs  07.0s/15s  334.00 iters/s

running (08.0s), 00138/00334 VUs, 2528 complete and 0 interrupted iterations
default   [  53% ] 00138/00334 VUs  08.0s/15s  334.00 iters/s

running (09.0s), 00152/00334 VUs, 2848 complete and 0 interrupted iterations
default   [  60% ] 00152/00334 VUs  09.0s/15s  334.00 iters/s

running (10.0s), 00173/00334 VUs, 3161 complete and 0 interrupted iterations
default   [  67% ] 00173/00334 VUs  10.0s/15s  334.00 iters/s

running (11.0s), 00183/00334 VUs, 3485 complete and 0 interrupted iterations
default   [  73% ] 00183/00334 VUs  11.0s/15s  334.00 iters/s

running (12.0s), 00197/00334 VUs, 3805 complete and 0 interrupted iterations
default   [  80% ] 00197/00334 VUs  12.0s/15s  334.00 iters/s

running (13.0s), 00233/00334 VUs, 4103 complete and 0 interrupted iterations
default   [  87% ] 00233/00334 VUs  13.0s/15s  334.00 iters/s

running (14.0s), 00246/00334 VUs, 4424 complete and 0 interrupted iterations
default   [  93% ] 00246/00334 VUs  14.0s/15s  334.00 iters/s

running (15.0s), 00266/00334 VUs, 4738 complete and 0 interrupted iterations
default   [ 100% ] 00266/00334 VUs  15.0s/15s  334.00 iters/s


  █ TOTAL RESULTS 

    HTTP
    http_req_duration..............: avg=417.29ms min=46.92ms med=404.5ms  max=827.49ms p(90)=704.66ms p(95)=728.38ms
      { expected_response:true }...: avg=417.29ms min=46.92ms med=404.5ms  max=827.49ms p(90)=704.66ms p(95)=728.38ms
    http_req_failed................: 0.00%  0 out of 4738
    http_reqs......................: 4738   315.802257/s

    EXECUTION
    iteration_duration.............: avg=417.38ms min=47.18ms med=404.56ms max=827.56ms p(90)=704.73ms p(95)=728.46ms
    iterations.....................: 4738   315.802257/s
    vus............................: 266    min=42        max=266
    vus_max........................: 334    min=334       max=334

    NETWORK
    data_received..................: 952 kB 64 kB/s
    data_sent......................: 982 kB 65 kB/s




running (15.0s), 00000/00334 VUs, 4738 complete and 273 interrupted iterations
default ✓ [ 100% ] 00273/00334 VUs  15s  334.00 iters/s
