
         /\      Grafana   /‾‾/  
    /\  /  \     |\  __   /  /   
   /  \/    \    | |/ /  /   ‾‾\ 
  /          \   |   (  |  (‾)  |
 / __________ \  |_|\_\  \_____/ 

     execution: local
        script: workflow/spin/k6_open_client.js
        output: -

     scenarios: (100.00%) 1 scenario, 10000 max VUs, 15s max duration (incl. graceful stop):
              * default: 2173.00 iterations/s for 15s (maxVUs: 2173-10000)


running (00.9s), 00352/02173 VUs, 1657 complete and 0 interrupted iterations
default   [   6% ] 00352/02173 VUs  00.9s/15s  2173.00 iters/s

running (01.9s), 00422/02173 VUs, 3760 complete and 0 interrupted iterations
default   [  13% ] 00422/02173 VUs  01.9s/15s  2173.00 iters/s

running (02.9s), 00325/02173 VUs, 6031 complete and 0 interrupted iterations
default   [  20% ] 00325/02173 VUs  02.9s/15s  2173.00 iters/s

running (03.9s), 00334/02173 VUs, 8195 complete and 0 interrupted iterations
default   [  26% ] 00334/02173 VUs  03.9s/15s  2173.00 iters/s

running (04.9s), 00430/02173 VUs, 10272 complete and 0 interrupted iterations
default   [  33% ] 00430/02173 VUs  04.9s/15s  2173.00 iters/s

running (05.9s), 00290/02173 VUs, 12586 complete and 0 interrupted iterations
default   [  40% ] 00290/02173 VUs  05.9s/15s  2173.00 iters/s

running (06.9s), 00393/02173 VUs, 14654 complete and 0 interrupted iterations
default   [  46% ] 00393/02173 VUs  06.9s/15s  2173.00 iters/s

running (07.9s), 00418/02173 VUs, 16802 complete and 0 interrupted iterations
default   [  53% ] 00418/02173 VUs  07.9s/15s  2173.00 iters/s

running (08.9s), 00260/02173 VUs, 19132 complete and 0 interrupted iterations
default   [  60% ] 00260/02173 VUs  08.9s/15s  2173.00 iters/s

running (09.9s), 00316/02173 VUs, 21248 complete and 0 interrupted iterations
default   [  66% ] 00316/02173 VUs  09.9s/15s  2173.00 iters/s

running (10.9s), 00423/02173 VUs, 23317 complete and 0 interrupted iterations
default   [  73% ] 00423/02173 VUs  10.9s/15s  2173.00 iters/s

running (11.9s), 00294/02173 VUs, 25618 complete and 0 interrupted iterations
default   [  79% ] 00294/02173 VUs  11.9s/15s  2173.00 iters/s

running (12.9s), 00369/02173 VUs, 27716 complete and 0 interrupted iterations
default   [  86% ] 00369/02173 VUs  12.9s/15s  2173.00 iters/s

running (13.9s), 00414/02173 VUs, 29844 complete and 0 interrupted iterations
default   [  93% ] 00415/02173 VUs  13.9s/15s  2173.00 iters/s

running (14.9s), 00413/02173 VUs, 32018 complete and 0 interrupted iterations
default   [  99% ] 00412/02173 VUs  14.9s/15s  2173.00 iters/s


  █ TOTAL RESULTS 

    HTTP
    http_req_duration..............: avg=166.24ms min=108.2ms  med=165.49ms max=225.05ms p(90)=196.46ms p(95)=201.28ms
      { expected_response:true }...: avg=166.24ms min=108.2ms  med=165.49ms max=225.05ms p(90)=196.46ms p(95)=201.28ms
    http_req_failed................: 0.00%  0 out of 32163
    http_reqs......................: 32163  2143.328744/s

    EXECUTION
    iteration_duration.............: avg=166.34ms min=108.28ms med=165.59ms max=225.15ms p(90)=196.58ms p(95)=201.39ms
    iterations.....................: 32163  2143.328744/s
    vus............................: 412    min=260        max=430 
    vus_max........................: 2173   min=2173       max=2173

    NETWORK
    data_received..................: 6.5 MB 435 kB/s
    data_sent......................: 6.3 MB 417 kB/s




running (15.0s), 00000/02173 VUs, 32163 complete and 432 interrupted iterations
default ✓ [ 100% ] 00432/02173 VUs  15s  2173.00 iters/s
