
         /\      Grafana   /‾‾/  
    /\  /  \     |\  __   /  /   
   /  \/    \    | |/ /  /   ‾‾\ 
  /          \   |   (  |  (‾)  |
 / __________ \  |_|\_\  \_____/ 

     execution: local
        script: workflow/response/k6_open_client.js
        output: -

     scenarios: (100.00%) 1 scenario, 10000 max VUs, 15s max duration (incl. graceful stop):
              * default: 651.00 iterations/s for 15s (maxVUs: 651-10000)


running (01.0s), 00041/00651 VUs, 592 complete and 0 interrupted iterations
default   [   6% ] 00041/00651 VUs  01.0s/15s  651.00 iters/s

running (02.0s), 00042/00651 VUs, 1242 complete and 0 interrupted iterations
default   [  13% ] 00043/00651 VUs  02.0s/15s  651.00 iters/s

running (03.0s), 00048/00651 VUs, 1888 complete and 0 interrupted iterations
default   [  20% ] 00048/00651 VUs  03.0s/15s  651.00 iters/s

running (04.0s), 00051/00651 VUs, 2536 complete and 0 interrupted iterations
default   [  26% ] 00051/00651 VUs  04.0s/15s  651.00 iters/s

running (05.0s), 00056/00651 VUs, 3181 complete and 0 interrupted iterations
default   [  33% ] 00057/00651 VUs  05.0s/15s  651.00 iters/s

running (06.0s), 00058/00651 VUs, 3831 complete and 0 interrupted iterations
default   [  40% ] 00058/00651 VUs  06.0s/15s  651.00 iters/s

running (07.0s), 00052/00651 VUs, 4488 complete and 0 interrupted iterations
default   [  46% ] 00052/00651 VUs  07.0s/15s  651.00 iters/s

running (08.0s), 00040/00651 VUs, 5151 complete and 0 interrupted iterations
default   [  53% ] 00040/00651 VUs  08.0s/15s  651.00 iters/s

running (09.0s), 00039/00651 VUs, 5803 complete and 0 interrupted iterations
default   [  60% ] 00039/00651 VUs  09.0s/15s  651.00 iters/s

running (10.0s), 00043/00651 VUs, 6450 complete and 0 interrupted iterations
default   [  66% ] 00043/00651 VUs  10.0s/15s  651.00 iters/s

running (11.0s), 00041/00651 VUs, 7103 complete and 0 interrupted iterations
default   [  73% ] 00041/00651 VUs  11.0s/15s  651.00 iters/s

running (12.0s), 00034/00651 VUs, 7760 complete and 0 interrupted iterations
default   [  80% ] 00034/00651 VUs  12.0s/15s  651.00 iters/s

running (13.0s), 00048/00651 VUs, 8397 complete and 0 interrupted iterations
default   [  86% ] 00048/00651 VUs  13.0s/15s  651.00 iters/s

running (14.0s), 00035/00651 VUs, 9062 complete and 0 interrupted iterations
default   [  93% ] 00035/00651 VUs  14.0s/15s  651.00 iters/s

running (15.0s), 00043/00651 VUs, 9705 complete and 0 interrupted iterations
default   [ 100% ] 00043/00651 VUs  15.0s/15s  651.00 iters/s


  █ TOTAL RESULTS 

    HTTP
    http_req_duration..............: avg=69.02ms min=34.9ms  med=66.85ms max=118.14ms p(90)=92.68ms p(95)=100.27ms
      { expected_response:true }...: avg=69.02ms min=34.9ms  med=66.85ms max=118.14ms p(90)=92.68ms p(95)=100.27ms
    http_req_failed................: 0.00%  0 out of 9726
    http_reqs......................: 9726   648.331169/s

    EXECUTION
    iteration_duration.............: avg=69.1ms  min=34.98ms med=66.93ms max=118.24ms p(90)=92.76ms p(95)=100.34ms
    iterations.....................: 9726   648.331169/s
    vus............................: 43     min=34        max=58 
    vus_max........................: 651    min=651       max=651

    NETWORK
    data_received..................: 2.0 MB 131 kB/s
    data_sent......................: 1.9 MB 128 kB/s




running (15.0s), 00000/00651 VUs, 9726 complete and 39 interrupted iterations
default ✓ [ 100% ] 00039/00651 VUs  15s  651.00 iters/s
