
         /\      Grafana   /‾‾/  
    /\  /  \     |\  __   /  /   
   /  \/    \    | |/ /  /   ‾‾\ 
  /          \   |   (  |  (‾)  |
 / __________ \  |_|\_\  \_____/ 

     execution: local
        script: workflow/spin/k6_open_client.js
        output: -

     scenarios: (100.00%) 1 scenario, 10000 max VUs, 15s max duration (incl. graceful stop):
              * default: 459.00 iterations/s for 15s (maxVUs: 459-10000)


running (01.0s), 00020/00459 VUs, 429 complete and 0 interrupted iterations
default   [   7% ] 00020/00459 VUs  01.0s/15s  459.00 iters/s

running (02.0s), 00008/00459 VUs, 900 complete and 0 interrupted iterations
default   [  13% ] 00008/00459 VUs  02.0s/15s  459.00 iters/s

running (03.0s), 00007/00459 VUs, 1360 complete and 0 interrupted iterations
default   [  20% ] 00007/00459 VUs  03.0s/15s  459.00 iters/s

running (04.0s), 00008/00459 VUs, 1818 complete and 0 interrupted iterations
default   [  27% ] 00008/00459 VUs  04.0s/15s  459.00 iters/s

running (05.0s), 00006/00459 VUs, 2278 complete and 0 interrupted iterations
default   [  33% ] 00006/00459 VUs  05.0s/15s  459.00 iters/s

running (06.0s), 00008/00459 VUs, 2736 complete and 0 interrupted iterations
default   [  40% ] 00008/00459 VUs  06.0s/15s  459.00 iters/s

running (07.0s), 00012/00459 VUs, 3191 complete and 0 interrupted iterations
default   [  47% ] 00012/00459 VUs  07.0s/15s  459.00 iters/s

running (08.0s), 00015/00459 VUs, 3647 complete and 0 interrupted iterations
default   [  53% ] 00015/00459 VUs  08.0s/15s  459.00 iters/s

running (09.0s), 00015/00459 VUs, 4106 complete and 0 interrupted iterations
default   [  60% ] 00015/00459 VUs  09.0s/15s  459.00 iters/s

running (10.0s), 00016/00459 VUs, 4564 complete and 0 interrupted iterations
default   [  67% ] 00016/00459 VUs  10.0s/15s  459.00 iters/s

running (11.0s), 00018/00459 VUs, 5021 complete and 0 interrupted iterations
default   [  73% ] 00018/00459 VUs  11.0s/15s  459.00 iters/s

running (12.0s), 00006/00459 VUs, 5492 complete and 0 interrupted iterations
default   [  80% ] 00006/00459 VUs  12.0s/15s  459.00 iters/s

running (13.0s), 00019/00459 VUs, 5938 complete and 0 interrupted iterations
default   [  87% ] 00019/00459 VUs  13.0s/15s  459.00 iters/s

running (14.0s), 00019/00459 VUs, 6397 complete and 0 interrupted iterations
default   [  93% ] 00019/00459 VUs  14.0s/15s  459.00 iters/s

running (15.0s), 00018/00459 VUs, 6857 complete and 0 interrupted iterations
default   [ 100% ] 00018/00459 VUs  15.0s/15s  459.00 iters/s


  █ TOTAL RESULTS 

    HTTP
    http_req_duration..............: avg=27.34ms min=10.89ms med=27.34ms max=45.37ms p(90)=39.46ms p(95)=40.9ms
      { expected_response:true }...: avg=27.34ms min=10.89ms med=27.34ms max=45.37ms p(90)=39.46ms p(95)=40.9ms
    http_req_failed................: 0.00%  0 out of 6872
    http_reqs......................: 6872   458.080848/s

    EXECUTION
    iteration_duration.............: avg=27.43ms min=10.96ms med=27.42ms max=45.78ms p(90)=39.55ms p(95)=41ms  
    iterations.....................: 6872   458.080848/s
    vus............................: 18     min=6         max=20 
    vus_max........................: 459    min=459       max=459

    NETWORK
    data_received..................: 1.4 MB 92 kB/s
    data_sent......................: 1.3 MB 88 kB/s




running (15.0s), 00000/00459 VUs, 6872 complete and 13 interrupted iterations
default ✓ [ 100% ] 00013/00459 VUs  15s  459.00 iters/s
