
         /\      Grafana   /‾‾/  
    /\  /  \     |\  __   /  /   
   /  \/    \    | |/ /  /   ‾‾\ 
  /          \   |   (  |  (‾)  |
 / __________ \  |_|\_\  \_____/ 

     execution: local
        script: workflow/spin/k6_open_client.js
        output: -

     scenarios: (100.00%) 1 scenario, 10000 max VUs, 15s max duration (incl. graceful stop):
              * default: 2942.00 iterations/s for 15s (maxVUs: 2942-10000)


running (00.9s), 00415/02942 VUs, 2238 complete and 0 interrupted iterations
default   [   6% ] 00415/02942 VUs  00.9s/15s  2942.00 iters/s

running (01.9s), 00389/02942 VUs, 5206 complete and 0 interrupted iterations
default   [  13% ] 00389/02942 VUs  01.9s/15s  2942.00 iters/s

running (02.9s), 00427/02942 VUs, 8110 complete and 0 interrupted iterations
default   [  19% ] 00427/02942 VUs  02.9s/15s  2942.00 iters/s

running (03.9s), 00540/02942 VUs, 10939 complete and 0 interrupted iterations
default   [  26% ] 00540/02942 VUs  03.9s/15s  2942.00 iters/s

running (04.9s), 00491/02942 VUs, 13930 complete and 0 interrupted iterations
default   [  33% ] 00491/02942 VUs  04.9s/15s  2942.00 iters/s

running (05.9s), 00391/02942 VUs, 16974 complete and 0 interrupted iterations
default   [  39% ] 00391/02942 VUs  05.9s/15s  2942.00 iters/s

running (06.9s), 00492/02942 VUs, 19813 complete and 0 interrupted iterations
default   [  46% ] 00492/02942 VUs  06.9s/15s  2942.00 iters/s

running (07.9s), 00420/02942 VUs, 22827 complete and 0 interrupted iterations
default   [  53% ] 00420/02942 VUs  07.9s/15s  2942.00 iters/s

running (08.9s), 00500/02942 VUs, 25691 complete and 0 interrupted iterations
default   [  59% ] 00500/02942 VUs  08.9s/15s  2942.00 iters/s

running (09.9s), 00436/02942 VUs, 28695 complete and 0 interrupted iterations
default   [  66% ] 00436/02942 VUs  09.9s/15s  2942.00 iters/s

running (10.9s), 00500/02942 VUs, 31571 complete and 0 interrupted iterations
default   [  73% ] 00500/02942 VUs  10.9s/15s  2942.00 iters/s

running (11.9s), 00378/02942 VUs, 34637 complete and 0 interrupted iterations
default   [  79% ] 00378/02942 VUs  11.9s/15s  2942.00 iters/s

running (12.9s), 00505/02942 VUs, 37455 complete and 0 interrupted iterations
default   [  86% ] 00505/02942 VUs  12.9s/15s  2942.00 iters/s

running (13.9s), 00411/02942 VUs, 40489 complete and 0 interrupted iterations
default   [  93% ] 00411/02942 VUs  13.9s/15s  2942.00 iters/s

running (14.9s), 00457/02942 VUs, 43387 complete and 0 interrupted iterations
default   [  99% ] 00457/02942 VUs  14.9s/15s  2942.00 iters/s


  █ TOTAL RESULTS 

    HTTP
    http_req_duration..............: avg=147.13ms min=104.58ms med=146.26ms max=208.44ms p(90)=169.94ms p(95)=177.94ms
      { expected_response:true }...: avg=147.13ms min=104.58ms med=146.26ms max=208.44ms p(90)=169.94ms p(95)=177.94ms
    http_req_failed................: 0.00%  0 out of 43617
    http_reqs......................: 43617  2906.238497/s

    EXECUTION
    iteration_duration.............: avg=147.23ms min=104.67ms med=146.37ms max=208.51ms p(90)=170.04ms p(95)=178.04ms
    iterations.....................: 43617  2906.238497/s
    vus............................: 457    min=381        max=539 
    vus_max........................: 2942   min=2942       max=2942

    NETWORK
    data_received..................: 8.9 MB 590 kB/s
    data_sent......................: 8.5 MB 564 kB/s




running (15.0s), 00000/02942 VUs, 43613 complete and 516 interrupted iterations
default ✓ [ 100% ] 00516/02942 VUs  15s  2942.00 iters/s
