
         /\      Grafana   /‾‾/  
    /\  /  \     |\  __   /  /   
   /  \/    \    | |/ /  /   ‾‾\ 
  /          \   |   (  |  (‾)  |
 / __________ \  |_|\_\  \_____/ 

     execution: local
        script: workflow/echo/k6_open_client.js
        output: -

     scenarios: (100.00%) 1 scenario, 100000 max VUs, 15s max duration (incl. graceful stop):
              * default: 6776.00 iterations/s for 15s (maxVUs: 6776-100000)


running (00.8s), 001082/006776 VUs, 4133 complete and 0 interrupted iterations
default   [   5% ] 001082/006776 VUs  00.8s/15s  6776.00 iters/s

running (01.8s), 001757/006776 VUs, 10315 complete and 0 interrupted iterations
default   [  12% ] 001757/006776 VUs  01.8s/15s  6776.00 iters/s

running (02.8s), 001714/006776 VUs, 17134 complete and 0 interrupted iterations
default   [  19% ] 001714/006776 VUs  02.8s/15s  6776.00 iters/s

running (03.8s), 001806/006776 VUs, 23819 complete and 0 interrupted iterations
default   [  25% ] 001806/006776 VUs  03.8s/15s  6776.00 iters/s

running (04.8s), 001954/006776 VUs, 30446 complete and 0 interrupted iterations
default   [  32% ] 001954/006776 VUs  04.8s/15s  6776.00 iters/s

running (05.8s), 001899/006776 VUs, 37276 complete and 0 interrupted iterations
default   [  39% ] 001899/006776 VUs  05.8s/15s  6776.00 iters/s

running (06.8s), 001907/006776 VUs, 44045 complete and 0 interrupted iterations
default   [  45% ] 001907/006776 VUs  06.8s/15s  6776.00 iters/s

running (07.8s), 002028/006776 VUs, 50700 complete and 0 interrupted iterations
default   [  52% ] 002029/006776 VUs  07.8s/15s  6776.00 iters/s

running (08.8s), 002149/006776 VUs, 57354 complete and 0 interrupted iterations
default   [  59% ] 002149/006776 VUs  08.8s/15s  6776.00 iters/s

running (09.8s), 002134/006776 VUs, 64147 complete and 0 interrupted iterations
default   [  65% ] 002133/006776 VUs  09.8s/15s  6776.00 iters/s

running (10.8s), 002034/006776 VUs, 71018 complete and 0 interrupted iterations
default   [  72% ] 002034/006776 VUs  10.8s/15s  6776.00 iters/s

running (11.8s), 001980/006776 VUs, 77852 complete and 0 interrupted iterations
default   [  79% ] 001980/006776 VUs  11.8s/15s  6776.00 iters/s

running (12.8s), 002022/006776 VUs, 84586 complete and 0 interrupted iterations
default   [  85% ] 002022/006776 VUs  12.8s/15s  6776.00 iters/s

running (13.8s), 002217/006776 VUs, 91167 complete and 0 interrupted iterations
default   [  92% ] 002217/006776 VUs  13.8s/15s  6776.00 iters/s

running (14.8s), 001854/006776 VUs, 98307 complete and 0 interrupted iterations
default   [  99% ] 001854/006776 VUs  14.8s/15s  6776.00 iters/s


  █ TOTAL RESULTS 

    HTTP
    http_req_duration..............: avg=278.6ms  min=35.36ms med=285.29ms max=453.08ms p(90)=319.1ms p(95)=323.05ms
      { expected_response:true }...: avg=278.6ms  min=35.36ms med=285.29ms max=453.08ms p(90)=319.1ms p(95)=323.05ms
    http_req_failed................: 0.00% 0 out of 99973
    http_reqs......................: 99973 6654.986926/s

    EXECUTION
    iteration_duration.............: avg=279.21ms min=36.32ms med=285.45ms max=554.14ms p(90)=319.2ms p(95)=323.16ms
    iterations.....................: 99973 6654.986926/s
    vus............................: 1855  min=1078       max=2218
    vus_max........................: 6776  min=6776       max=6776

    NETWORK
    data_received..................: 20 MB 1.4 MB/s
    data_sent......................: 10 MB 677 kB/s




running (15.0s), 000000/006776 VUs, 99938 complete and 1703 interrupted iterations
default ✓ [ 100% ] 001703/006776 VUs  15s  6776.00 iters/s
