
         /\      Grafana   /‾‾/  
    /\  /  \     |\  __   /  /   
   /  \/    \    | |/ /  /   ‾‾\ 
  /          \   |   (  |  (‾)  |
 / __________ \  |_|\_\  \_____/ 

     execution: local
        script: workflow/spin/k6_open_client.js
        output: -

     scenarios: (100.00%) 1 scenario, 10000 max VUs, 15s max duration (incl. graceful stop):
              * default: 5760.00 iterations/s for 15s (maxVUs: 5760-10000)


running (00.8s), 01219/05760 VUs, 3476 complete and 0 interrupted iterations
default   [   5% ] 01219/05760 VUs  00.8s/15s  5760.00 iters/s

running (01.8s), 02178/05760 VUs, 8277 complete and 0 interrupted iterations
default   [  12% ] 02178/05760 VUs  01.8s/15s  5760.00 iters/s

running (02.8s), 03142/05760 VUs, 13073 complete and 0 interrupted iterations
default   [  19% ] 03142/05760 VUs  02.8s/15s  5760.00 iters/s

running (03.8s), 04152/05760 VUs, 17821 complete and 0 interrupted iterations
default   [  25% ] 04152/05760 VUs  03.8s/15s  5760.00 iters/s

running (04.8s), 05118/05760 VUs, 22620 complete and 0 interrupted iterations
default   [  32% ] 05118/05760 VUs  04.8s/15s  5760.00 iters/s

running (05.8s), 05796/05871 VUs, 27441 complete and 0 interrupted iterations
default   [  39% ] 05796/05871 VUs  05.8s/15s  5760.00 iters/s

running (06.8s), 06002/06012 VUs, 32578 complete and 0 interrupted iterations
default   [  45% ] 06002/06012 VUs  06.8s/15s  5760.00 iters/s

running (07.8s), 06273/06273 VUs, 37558 complete and 0 interrupted iterations
default   [  52% ] 06273/06273 VUs  07.8s/15s  5760.00 iters/s

running (08.8s), 06463/06546 VUs, 42542 complete and 0 interrupted iterations
default   [  59% ] 06463/06546 VUs  08.8s/15s  5760.00 iters/s

running (09.8s), 06629/06630 VUs, 47931 complete and 0 interrupted iterations
default   [  65% ] 06629/06630 VUs  09.8s/15s  5760.00 iters/s

running (10.8s), 06859/06861 VUs, 52917 complete and 0 interrupted iterations
default   [  72% ] 06859/06861 VUs  10.8s/15s  5760.00 iters/s

running (11.8s), 07067/07069 VUs, 57886 complete and 0 interrupted iterations
default   [  79% ] 07067/07069 VUs  11.8s/15s  5760.00 iters/s

running (12.8s), 07312/07313 VUs, 62847 complete and 0 interrupted iterations
default   [  85% ] 07312/07313 VUs  12.8s/15s  5760.00 iters/s

running (13.8s), 07622/07623 VUs, 67600 complete and 0 interrupted iterations
default   [  92% ] 07622/07623 VUs  13.8s/15s  5760.00 iters/s

running (14.8s), 07890/07891 VUs, 72517 complete and 0 interrupted iterations
default   [  99% ] 07890/07891 VUs  14.8s/15s  5760.00 iters/s


  █ TOTAL RESULTS 

    HTTP
    http_req_duration..............: avg=1.02s min=2.64ms med=1.17s max=2.9s p(90)=1.49s p(95)=1.52s
      { expected_response:true }...: avg=1.02s min=2.64ms med=1.17s max=2.9s p(90)=1.49s p(95)=1.52s
    http_req_failed................: 0.00% 0 out of 73520
    http_reqs......................: 73520 4875.673834/s

    EXECUTION
    dropped_iterations.............: 5070  336.2305/s
    iteration_duration.............: avg=1.02s min=2.72ms med=1.17s max=2.9s p(90)=1.49s p(95)=1.52s
    iterations.....................: 73519 4875.607516/s
    vus............................: 7889  min=1223       max=7889
    vus_max........................: 7891  min=5760       max=7891

    NETWORK
    data_received..................: 15 MB 990 kB/s
    data_sent......................: 16 MB 1.0 MB/s




running (15.1s), 00000/07963 VUs, 73378 complete and 7953 interrupted iterations
default ✓ [ 100% ] 07953/07963 VUs  15s  5760.00 iters/s
