
         /\      Grafana   /‾‾/  
    /\  /  \     |\  __   /  /   
   /  \/    \    | |/ /  /   ‾‾\ 
  /          \   |   (  |  (‾)  |
 / __________ \  |_|\_\  \_____/ 

     execution: local
        script: workflow/hotel/k6_open_hotels_client.js
        output: -

     scenarios: (100.00%) 1 scenario, 10000 max VUs, 15s max duration (incl. graceful stop):
              * default: 720.00 iterations/s for 15s (maxVUs: 720-10000)


running (01.0s), 00001/00720 VUs, 693 complete and 0 interrupted iterations
default   [   6% ] 00001/00720 VUs  01.0s/15s  720.00 iters/s

running (02.0s), 00002/00720 VUs, 1412 complete and 0 interrupted iterations
default   [  13% ] 00002/00720 VUs  02.0s/15s  720.00 iters/s

running (03.0s), 00001/00720 VUs, 2133 complete and 0 interrupted iterations
default   [  20% ] 00001/00720 VUs  03.0s/15s  720.00 iters/s

running (04.0s), 00002/00720 VUs, 2852 complete and 0 interrupted iterations
default   [  26% ] 00002/00720 VUs  04.0s/15s  720.00 iters/s

running (05.0s), 00001/00720 VUs, 3573 complete and 0 interrupted iterations
default   [  33% ] 00001/00720 VUs  05.0s/15s  720.00 iters/s

running (06.0s), 00002/00720 VUs, 4292 complete and 0 interrupted iterations
default   [  40% ] 00002/00720 VUs  06.0s/15s  720.00 iters/s

running (07.0s), 00001/00720 VUs, 5013 complete and 0 interrupted iterations
default   [  46% ] 00001/00720 VUs  07.0s/15s  720.00 iters/s

running (08.0s), 00001/00720 VUs, 5733 complete and 0 interrupted iterations
default   [  53% ] 00001/00720 VUs  08.0s/15s  720.00 iters/s

running (09.0s), 00002/00720 VUs, 6452 complete and 0 interrupted iterations
default   [  60% ] 00002/00720 VUs  09.0s/15s  720.00 iters/s

running (10.0s), 00002/00720 VUs, 7172 complete and 0 interrupted iterations
default   [  66% ] 00002/00720 VUs  10.0s/15s  720.00 iters/s

running (11.0s), 00002/00720 VUs, 7892 complete and 0 interrupted iterations
default   [  73% ] 00002/00720 VUs  11.0s/15s  720.00 iters/s

running (12.0s), 00001/00720 VUs, 8613 complete and 0 interrupted iterations
default   [  80% ] 00001/00720 VUs  12.0s/15s  720.00 iters/s

running (13.0s), 00002/00720 VUs, 9332 complete and 0 interrupted iterations
default   [  86% ] 00002/00720 VUs  13.0s/15s  720.00 iters/s

running (14.0s), 00001/00720 VUs, 10053 complete and 0 interrupted iterations
default   [  93% ] 00001/00720 VUs  14.0s/15s  720.00 iters/s

running (15.0s), 00003/00720 VUs, 10771 complete and 0 interrupted iterations
default   [ 100% ] 00003/00720 VUs  15.0s/15s  720.00 iters/s


  █ TOTAL RESULTS 

    HTTP
    http_req_duration..............: avg=1.42ms min=1.08ms med=1.28ms max=10.25ms p(90)=1.72ms p(95)=2.47ms
      { expected_response:true }...: avg=1.42ms min=1.08ms med=1.28ms max=10.25ms p(90)=1.72ms p(95)=2.47ms
    http_req_failed................: 0.00%  0 out of 10799
    http_reqs......................: 10799  719.856909/s

    EXECUTION
    iteration_duration.............: avg=1.54ms min=1.17ms med=1.4ms  max=10.81ms p(90)=1.87ms p(95)=2.59ms
    iterations.....................: 10799  719.856909/s
    vus............................: 2      min=0          max=2  
    vus_max........................: 720    min=720        max=720

    NETWORK
    data_received..................: 3.1 MB 205 kB/s
    data_sent......................: 3.5 MB 236 kB/s




running (15.0s), 00000/00720 VUs, 10799 complete and 2 interrupted iterations
default ✓ [ 100% ] 00002/00720 VUs  15s  720.00 iters/s
