
         /\      Grafana   /‾‾/  
    /\  /  \     |\  __   /  /   
   /  \/    \    | |/ /  /   ‾‾\ 
  /          \   |   (  |  (‾)  |
 / __________ \  |_|\_\  \_____/ 

     execution: local
        script: workflow/write/k6_open_client.js
        output: -

     scenarios: (100.00%) 1 scenario, 10000 max VUs, 15s max duration (incl. graceful stop):
              * default: 2186.00 iterations/s for 15s (maxVUs: 2186-10000)


running (00.9s), 00170/02186 VUs, 1850 complete and 0 interrupted iterations
default   [   6% ] 00170/02186 VUs  00.9s/15s  2186.00 iters/s

running (01.9s), 00099/02186 VUs, 4107 complete and 0 interrupted iterations
default   [  13% ] 00099/02186 VUs  01.9s/15s  2186.00 iters/s

running (02.9s), 00096/02186 VUs, 6297 complete and 0 interrupted iterations
default   [  19% ] 00096/02186 VUs  02.9s/15s  2186.00 iters/s

running (03.9s), 00084/02186 VUs, 8492 complete and 0 interrupted iterations
default   [  26% ] 00084/02186 VUs  03.9s/15s  2186.00 iters/s

running (04.9s), 00086/02186 VUs, 10678 complete and 0 interrupted iterations
default   [  33% ] 00086/02186 VUs  04.9s/15s  2186.00 iters/s

running (05.9s), 00083/02186 VUs, 12867 complete and 0 interrupted iterations
default   [  39% ] 00083/02186 VUs  05.9s/15s  2186.00 iters/s

running (06.9s), 00093/02186 VUs, 15043 complete and 0 interrupted iterations
default   [  46% ] 00093/02186 VUs  06.9s/15s  2186.00 iters/s

running (07.9s), 00111/02186 VUs, 17210 complete and 0 interrupted iterations
default   [  53% ] 00111/02186 VUs  07.9s/15s  2186.00 iters/s

running (08.9s), 00108/02186 VUs, 19400 complete and 0 interrupted iterations
default   [  59% ] 00108/02186 VUs  08.9s/15s  2186.00 iters/s

running (09.9s), 00072/02186 VUs, 21622 complete and 0 interrupted iterations
default   [  66% ] 00072/02186 VUs  09.9s/15s  2186.00 iters/s

running (10.9s), 00114/02186 VUs, 23766 complete and 0 interrupted iterations
default   [  73% ] 00114/02186 VUs  10.9s/15s  2186.00 iters/s

running (11.9s), 00111/02186 VUs, 25954 complete and 0 interrupted iterations
default   [  79% ] 00112/02186 VUs  11.9s/15s  2186.00 iters/s

running (12.9s), 00098/02186 VUs, 28153 complete and 0 interrupted iterations
default   [  86% ] 00098/02186 VUs  12.9s/15s  2186.00 iters/s

running (13.9s), 00095/02186 VUs, 30343 complete and 0 interrupted iterations
default   [  93% ] 00095/02186 VUs  13.9s/15s  2186.00 iters/s

running (14.9s), 00129/02186 VUs, 32492 complete and 0 interrupted iterations
default   [  99% ] 00129/02186 VUs  14.9s/15s  2186.00 iters/s


  █ TOTAL RESULTS 

    HTTP
    http_req_duration..............: avg=48.95ms min=26.19ms med=48.69ms max=86.69ms p(90)=59.16ms p(95)=61.05ms
      { expected_response:true }...: avg=48.95ms min=26.19ms med=48.69ms max=86.69ms p(90)=59.16ms p(95)=61.05ms
    http_req_failed................: 0.00%  0 out of 32696
    http_reqs......................: 32696  2179.124888/s

    EXECUTION
    iteration_duration.............: avg=49.03ms min=26.41ms med=48.76ms max=87.74ms p(90)=59.24ms p(95)=61.15ms
    iterations.....................: 32696  2179.124888/s
    vus............................: 132    min=71         max=170 
    vus_max........................: 2186   min=2186       max=2186

    NETWORK
    data_received..................: 6.6 MB 442 kB/s
    data_sent......................: 3.3 MB 219 kB/s




running (15.0s), 00000/02186 VUs, 32696 complete and 96 interrupted iterations
default ✓ [ 100% ] 00096/02186 VUs  15s  2186.00 iters/s
