
         /\      Grafana   /‾‾/  
    /\  /  \     |\  __   /  /   
   /  \/    \    | |/ /  /   ‾‾\ 
  /          \   |   (  |  (‾)  |
 / __________ \  |_|\_\  \_____/ 

     execution: local
        script: workflow/spin/k6_open_client.js
        output: -

     scenarios: (100.00%) 1 scenario, 10000 max VUs, 15s max duration (incl. graceful stop):
              * default: 2324.00 iterations/s for 15s (maxVUs: 2324-10000)


running (00.9s), 00191/02324 VUs, 1941 complete and 0 interrupted iterations
default   [   6% ] 00191/02324 VUs  00.9s/15s  2324.00 iters/s

running (01.9s), 00113/02324 VUs, 4343 complete and 0 interrupted iterations
default   [  13% ] 00113/02324 VUs  01.9s/15s  2324.00 iters/s

running (02.9s), 00157/02324 VUs, 6623 complete and 0 interrupted iterations
default   [  19% ] 00157/02324 VUs  02.9s/15s  2324.00 iters/s

running (03.9s), 00110/02324 VUs, 8995 complete and 0 interrupted iterations
default   [  26% ] 00110/02324 VUs  03.9s/15s  2324.00 iters/s

running (04.9s), 00113/02324 VUs, 11313 complete and 0 interrupted iterations
default   [  33% ] 00113/02324 VUs  04.9s/15s  2324.00 iters/s

running (05.9s), 00104/02324 VUs, 13649 complete and 0 interrupted iterations
default   [  39% ] 00104/02324 VUs  05.9s/15s  2324.00 iters/s

running (06.9s), 00098/02324 VUs, 15980 complete and 0 interrupted iterations
default   [  46% ] 00098/02324 VUs  06.9s/15s  2324.00 iters/s

running (07.9s), 00091/02324 VUs, 18309 complete and 0 interrupted iterations
default   [  53% ] 00091/02324 VUs  07.9s/15s  2324.00 iters/s

running (08.9s), 00136/02324 VUs, 20588 complete and 0 interrupted iterations
default   [  59% ] 00136/02324 VUs  08.9s/15s  2324.00 iters/s

running (09.9s), 00151/02324 VUs, 22897 complete and 0 interrupted iterations
default   [  66% ] 00151/02324 VUs  09.9s/15s  2324.00 iters/s

running (10.9s), 00143/02324 VUs, 25229 complete and 0 interrupted iterations
default   [  73% ] 00143/02324 VUs  10.9s/15s  2324.00 iters/s

running (11.9s), 00142/02324 VUs, 27553 complete and 0 interrupted iterations
default   [  79% ] 00142/02324 VUs  11.9s/15s  2324.00 iters/s

running (12.9s), 00143/02324 VUs, 29879 complete and 0 interrupted iterations
default   [  86% ] 00143/02324 VUs  12.9s/15s  2324.00 iters/s

running (13.9s), 00134/02324 VUs, 32212 complete and 0 interrupted iterations
default   [  93% ] 00134/02324 VUs  13.9s/15s  2324.00 iters/s

running (14.9s), 00126/02324 VUs, 34542 complete and 0 interrupted iterations
default   [  99% ] 00126/02324 VUs  14.9s/15s  2324.00 iters/s


  █ TOTAL RESULTS 

    HTTP
    http_req_duration..............: avg=53.2ms  min=33.06ms med=52.63ms max=102.96ms p(90)=63.53ms p(95)=67.76ms
      { expected_response:true }...: avg=53.2ms  min=33.06ms med=52.63ms max=102.96ms p(90)=63.53ms p(95)=67.76ms
    http_req_failed................: 0.00%  0 out of 34731
    http_reqs......................: 34731  2314.77621/s

    EXECUTION
    iteration_duration.............: avg=53.29ms min=33.16ms med=52.72ms max=103.37ms p(90)=63.63ms p(95)=67.86ms
    iterations.....................: 34731  2314.77621/s
    vus............................: 126    min=91         max=191 
    vus_max........................: 2324   min=2324       max=2324

    NETWORK
    data_received..................: 7.1 MB 470 kB/s
    data_sent......................: 6.7 MB 446 kB/s




running (15.0s), 00000/02324 VUs, 34726 complete and 135 interrupted iterations
default ✓ [ 100% ] 00135/02324 VUs  15s  2324.00 iters/s
