
         /\      Grafana   /‾‾/  
    /\  /  \     |\  __   /  /   
   /  \/    \    | |/ /  /   ‾‾\ 
  /          \   |   (  |  (‾)  |
 / __________ \  |_|\_\  \_____/ 

     execution: local
        script: workflow/spin/k6_open_client.js
        output: -

     scenarios: (100.00%) 1 scenario, 10000 max VUs, 15s max duration (incl. graceful stop):
              * default: 3960.00 iterations/s for 15s (maxVUs: 3960-10000)


running (00.9s), 00189/03960 VUs, 3228 complete and 0 interrupted iterations
default   [   6% ] 00189/03960 VUs  00.9s/15s  3960.00 iters/s

running (01.9s), 00213/03960 VUs, 7161 complete and 0 interrupted iterations
default   [  12% ] 00213/03960 VUs  01.9s/15s  3960.00 iters/s

running (02.9s), 00199/03960 VUs, 11138 complete and 0 interrupted iterations
default   [  19% ] 00199/03960 VUs  02.9s/15s  3960.00 iters/s

running (03.9s), 00231/03960 VUs, 15065 complete and 0 interrupted iterations
default   [  26% ] 00232/03960 VUs  03.9s/15s  3960.00 iters/s

running (04.9s), 00488/03960 VUs, 18769 complete and 0 interrupted iterations
default   [  32% ] 00488/03960 VUs  04.9s/15s  3960.00 iters/s

running (05.9s), 00937/03960 VUs, 22280 complete and 0 interrupted iterations
default   [  39% ] 00937/03960 VUs  05.9s/15s  3960.00 iters/s

running (06.9s), 01087/03960 VUs, 26090 complete and 0 interrupted iterations
default   [  46% ] 01087/03960 VUs  06.9s/15s  3960.00 iters/s

running (07.9s), 00888/03960 VUs, 30251 complete and 0 interrupted iterations
default   [  52% ] 00888/03960 VUs  07.9s/15s  3960.00 iters/s

running (08.9s), 00501/03960 VUs, 34596 complete and 0 interrupted iterations
default   [  59% ] 00502/03960 VUs  08.9s/15s  3960.00 iters/s

running (09.9s), 00290/03960 VUs, 38767 complete and 0 interrupted iterations
default   [  66% ] 00290/03960 VUs  09.9s/15s  3960.00 iters/s

running (10.9s), 00208/03960 VUs, 42806 complete and 0 interrupted iterations
default   [  72% ] 00208/03960 VUs  10.9s/15s  3960.00 iters/s

running (11.9s), 00189/03960 VUs, 46789 complete and 0 interrupted iterations
default   [  79% ] 00189/03960 VUs  11.9s/15s  3960.00 iters/s

running (12.9s), 00258/03960 VUs, 50678 complete and 0 interrupted iterations
default   [  86% ] 00259/03960 VUs  12.9s/15s  3960.00 iters/s

running (13.9s), 00214/03960 VUs, 54683 complete and 0 interrupted iterations
default   [  92% ] 00215/03960 VUs  13.9s/15s  3960.00 iters/s

running (14.9s), 00232/03960 VUs, 58625 complete and 0 interrupted iterations
default   [  99% ] 00232/03960 VUs  14.9s/15s  3960.00 iters/s


  █ TOTAL RESULTS 

    HTTP
    http_req_duration..............: avg=104.31ms min=39.17ms med=61.32ms max=317.46ms p(90)=240.55ms p(95)=277.5ms 
      { expected_response:true }...: avg=104.31ms min=39.17ms med=61.32ms max=317.46ms p(90)=240.55ms p(95)=277.5ms 
    http_req_failed................: 0.00% 0 out of 59192
    http_reqs......................: 59192 3944.578861/s

    EXECUTION
    iteration_duration.............: avg=104.41ms min=39.26ms med=61.43ms max=317.53ms p(90)=240.64ms p(95)=277.59ms
    iterations.....................: 59192 3944.578861/s
    vus............................: 232   min=185        max=1086
    vus_max........................: 3960  min=3960       max=3960

    NETWORK
    data_received..................: 12 MB 801 kB/s
    data_sent......................: 11 MB 760 kB/s




running (15.0s), 00000/03960 VUs, 59189 complete and 212 interrupted iterations
default ✓ [ 100% ] 00212/03960 VUs  15s  3960.00 iters/s
