
         /\      Grafana   /‾‾/  
    /\  /  \     |\  __   /  /   
   /  \/    \    | |/ /  /   ‾‾\ 
  /          \   |   (  |  (‾)  |
 / __________ \  |_|\_\  \_____/ 

     execution: local
        script: workflow/spin/k6_open_client.js
        output: -

     scenarios: (100.00%) 1 scenario, 10000 max VUs, 15s max duration (incl. graceful stop):
              * default: 3600.00 iterations/s for 15s (maxVUs: 3600-10000)


running (00.9s), 00292/03600 VUs, 2888 complete and 0 interrupted iterations
default   [   6% ] 00293/03600 VUs  00.9s/15s  3600.00 iters/s

running (01.9s), 00339/03600 VUs, 6443 complete and 0 interrupted iterations
default   [  13% ] 00339/03600 VUs  01.9s/15s  3600.00 iters/s

running (02.9s), 00268/03600 VUs, 10114 complete and 0 interrupted iterations
default   [  19% ] 00268/03600 VUs  02.9s/15s  3600.00 iters/s

running (03.9s), 00260/03600 VUs, 13722 complete and 0 interrupted iterations
default   [  26% ] 00260/03600 VUs  03.9s/15s  3600.00 iters/s

running (04.9s), 00346/03600 VUs, 17236 complete and 0 interrupted iterations
default   [  33% ] 00346/03600 VUs  04.9s/15s  3600.00 iters/s

running (05.9s), 00235/03600 VUs, 20946 complete and 0 interrupted iterations
default   [  39% ] 00235/03600 VUs  05.9s/15s  3600.00 iters/s

running (06.9s), 00274/03600 VUs, 24508 complete and 0 interrupted iterations
default   [  46% ] 00274/03600 VUs  06.9s/15s  3600.00 iters/s

running (07.9s), 00271/03600 VUs, 28111 complete and 0 interrupted iterations
default   [  53% ] 00271/03600 VUs  07.9s/15s  3600.00 iters/s

running (08.9s), 00322/03600 VUs, 31662 complete and 0 interrupted iterations
default   [  59% ] 00322/03600 VUs  08.9s/15s  3600.00 iters/s

running (09.9s), 00303/03600 VUs, 35279 complete and 0 interrupted iterations
default   [  66% ] 00303/03600 VUs  09.9s/15s  3600.00 iters/s

running (10.9s), 00356/03600 VUs, 38830 complete and 0 interrupted iterations
default   [  73% ] 00356/03600 VUs  10.9s/15s  3600.00 iters/s

running (11.9s), 00296/03600 VUs, 42487 complete and 0 interrupted iterations
default   [  79% ] 00296/03600 VUs  11.9s/15s  3600.00 iters/s

running (12.9s), 00277/03600 VUs, 46105 complete and 0 interrupted iterations
default   [  86% ] 00277/03600 VUs  12.9s/15s  3600.00 iters/s

running (13.9s), 00267/03600 VUs, 49717 complete and 0 interrupted iterations
default   [  93% ] 00267/03600 VUs  13.9s/15s  3600.00 iters/s

running (14.9s), 00300/03600 VUs, 53280 complete and 0 interrupted iterations
default   [  99% ] 00300/03600 VUs  14.9s/15s  3600.00 iters/s


  █ TOTAL RESULTS 

    HTTP
    http_req_duration..............: avg=84.27ms min=57.84ms med=84.03ms max=134.74ms p(90)=97.51ms p(95)=101.16ms
      { expected_response:true }...: avg=84.27ms min=57.84ms med=84.03ms max=134.74ms p(90)=97.51ms p(95)=101.16ms
    http_req_failed................: 0.00% 0 out of 53721
    http_reqs......................: 53721 3579.860963/s

    EXECUTION
    iteration_duration.............: avg=84.37ms min=57.91ms med=84.12ms max=134.82ms p(90)=97.62ms p(95)=101.28ms
    iterations.....................: 53721 3579.860963/s
    vus............................: 302   min=237        max=352 
    vus_max........................: 3600  min=3600       max=3600

    NETWORK
    data_received..................: 11 MB 727 kB/s
    data_sent......................: 10 MB 691 kB/s




running (15.0s), 00000/03600 VUs, 53721 complete and 277 interrupted iterations
default ✓ [ 100% ] 00277/03600 VUs  15s  3600.00 iters/s
