
         /\      Grafana   /‾‾/  
    /\  /  \     |\  __   /  /   
   /  \/    \    | |/ /  /   ‾‾\ 
  /          \   |   (  |  (‾)  |
 / __________ \  |_|\_\  \_____/ 

     execution: local
        script: workflow/spin/k6_open_client.js
        output: -

     scenarios: (100.00%) 1 scenario, 10000 max VUs, 15s max duration (incl. graceful stop):
              * default: 540.00 iterations/s for 15s (maxVUs: 540-10000)


running (01.0s), 00008/00540 VUs, 518 complete and 0 interrupted iterations
default   [   6% ] 00009/00540 VUs  01.0s/15s  540.00 iters/s

running (02.0s), 00009/00540 VUs, 1058 complete and 0 interrupted iterations
default   [  13% ] 00009/00540 VUs  02.0s/15s  540.00 iters/s

running (03.0s), 00010/00540 VUs, 1597 complete and 0 interrupted iterations
default   [  20% ] 00010/00540 VUs  03.0s/15s  540.00 iters/s

running (04.0s), 00016/00540 VUs, 2131 complete and 0 interrupted iterations
default   [  26% ] 00016/00540 VUs  04.0s/15s  540.00 iters/s

running (05.0s), 00012/00540 VUs, 2675 complete and 0 interrupted iterations
default   [  33% ] 00012/00540 VUs  05.0s/15s  540.00 iters/s

running (06.0s), 00008/00540 VUs, 3219 complete and 0 interrupted iterations
default   [  40% ] 00008/00540 VUs  06.0s/15s  540.00 iters/s

running (07.0s), 00021/00540 VUs, 3746 complete and 0 interrupted iterations
default   [  46% ] 00021/00540 VUs  07.0s/15s  540.00 iters/s

running (08.0s), 00016/00540 VUs, 4290 complete and 0 interrupted iterations
default   [  53% ] 00016/00540 VUs  08.0s/15s  540.00 iters/s

running (09.0s), 00016/00540 VUs, 4831 complete and 0 interrupted iterations
default   [  60% ] 00016/00540 VUs  09.0s/15s  540.00 iters/s

running (10.0s), 00013/00540 VUs, 5374 complete and 0 interrupted iterations
default   [  66% ] 00013/00540 VUs  10.0s/15s  540.00 iters/s

running (11.0s), 00012/00540 VUs, 5915 complete and 0 interrupted iterations
default   [  73% ] 00012/00540 VUs  11.0s/15s  540.00 iters/s

running (12.0s), 00009/00540 VUs, 6458 complete and 0 interrupted iterations
default   [  80% ] 00009/00540 VUs  12.0s/15s  540.00 iters/s

running (13.0s), 00020/00540 VUs, 6987 complete and 0 interrupted iterations
default   [  86% ] 00020/00540 VUs  13.0s/15s  540.00 iters/s

running (14.0s), 00014/00540 VUs, 7533 complete and 0 interrupted iterations
default   [  93% ] 00014/00540 VUs  14.0s/15s  540.00 iters/s

running (15.0s), 00009/00540 VUs, 8078 complete and 0 interrupted iterations
default   [ 100% ] 00009/00540 VUs  15.0s/15s  540.00 iters/s


  █ TOTAL RESULTS 

    HTTP
    http_req_duration..............: avg=25.07ms min=10.98ms med=25.17ms max=46.19ms p(90)=35.29ms p(95)=36.5ms
      { expected_response:true }...: avg=25.07ms min=10.98ms med=25.17ms max=46.19ms p(90)=35.29ms p(95)=36.5ms
    http_req_failed................: 0.00%  0 out of 8093
    http_reqs......................: 8093   539.493333/s

    EXECUTION
    iteration_duration.............: avg=25.16ms min=11.06ms med=25.27ms max=46.37ms p(90)=35.39ms p(95)=36.6ms
    iterations.....................: 8093   539.493333/s
    vus............................: 9      min=7         max=21 
    vus_max........................: 540    min=540       max=540

    NETWORK
    data_received..................: 1.6 MB 109 kB/s
    data_sent......................: 1.6 MB 104 kB/s




running (15.0s), 00000/00540 VUs, 8093 complete and 7 interrupted iterations
default ✓ [ 100% ] 00007/00540 VUs  15s  540.00 iters/s
