
         /\      Grafana   /‾‾/  
    /\  /  \     |\  __   /  /   
   /  \/    \    | |/ /  /   ‾‾\ 
  /          \   |   (  |  (‾)  |
 / __________ \  |_|\_\  \_____/ 

     execution: local
        script: workflow/response/k6_open_client.js
        output: -

     scenarios: (100.00%) 1 scenario, 10000 max VUs, 15s max duration (incl. graceful stop):
              * default: 5936.00 iterations/s for 15s (maxVUs: 5936-10000)


running (00.8s), 01143/05936 VUs, 3711 complete and 0 interrupted iterations
default   [   5% ] 01143/05936 VUs  00.8s/15s  5936.00 iters/s

running (01.8s), 01296/05936 VUs, 9494 complete and 0 interrupted iterations
default   [  12% ] 01296/05936 VUs  01.8s/15s  5936.00 iters/s

running (02.8s), 01516/05936 VUs, 15210 complete and 0 interrupted iterations
default   [  19% ] 01516/05936 VUs  02.8s/15s  5936.00 iters/s

running (03.8s), 01669/05936 VUs, 20993 complete and 0 interrupted iterations
default   [  25% ] 01669/05936 VUs  03.8s/15s  5936.00 iters/s

running (04.8s), 01935/05936 VUs, 26663 complete and 0 interrupted iterations
default   [  32% ] 01935/05936 VUs  04.8s/15s  5936.00 iters/s

running (05.8s), 02228/05936 VUs, 32307 complete and 0 interrupted iterations
default   [  39% ] 02227/05936 VUs  05.8s/15s  5936.00 iters/s

running (06.8s), 02478/05936 VUs, 37993 complete and 0 interrupted iterations
default   [  45% ] 02478/05936 VUs  06.8s/15s  5936.00 iters/s

running (07.8s), 02831/05936 VUs, 43577 complete and 0 interrupted iterations
default   [  52% ] 02831/05936 VUs  07.8s/15s  5936.00 iters/s

running (08.8s), 03178/05936 VUs, 49164 complete and 0 interrupted iterations
default   [  59% ] 03178/05936 VUs  08.8s/15s  5936.00 iters/s

running (09.8s), 03522/05936 VUs, 54756 complete and 0 interrupted iterations
default   [  65% ] 03522/05936 VUs  09.8s/15s  5936.00 iters/s

running (10.8s), 03906/05936 VUs, 60309 complete and 0 interrupted iterations
default   [  72% ] 03906/05936 VUs  10.8s/15s  5936.00 iters/s

running (11.8s), 04173/05936 VUs, 65976 complete and 0 interrupted iterations
default   [  79% ] 04173/05936 VUs  11.8s/15s  5936.00 iters/s

running (12.8s), 04572/05936 VUs, 71513 complete and 0 interrupted iterations
default   [  85% ] 04572/05936 VUs  12.8s/15s  5936.00 iters/s

running (13.8s), 04896/05936 VUs, 77127 complete and 0 interrupted iterations
default   [  92% ] 04896/05936 VUs  13.8s/15s  5936.00 iters/s

running (14.8s), 05341/05936 VUs, 82617 complete and 0 interrupted iterations
default   [  99% ] 05341/05936 VUs  14.8s/15s  5936.00 iters/s


  █ TOTAL RESULTS 

    HTTP
    http_req_duration..............: avg=485.2ms  min=457.5µs  med=459.79ms max=2.3s p(90)=811.83ms p(95)=854.02ms
      { expected_response:true }...: avg=485.2ms  min=457.5µs  med=459.79ms max=2.3s p(90)=811.83ms p(95)=854.02ms
    http_req_failed................: 0.00% 0 out of 83631
    http_reqs......................: 83631 5557.178998/s

    EXECUTION
    iteration_duration.............: avg=485.72ms min=543.02µs med=459.87ms max=2.3s p(90)=811.91ms p(95)=854.11ms
    iterations.....................: 83631 5557.178998/s
    vus............................: 5341  min=1142       max=5341
    vus_max........................: 5936  min=5936       max=5936

    NETWORK
    data_received..................: 17 MB 1.1 MB/s
    data_sent......................: 17 MB 1.2 MB/s




running (15.0s), 00000/05936 VUs, 83614 complete and 5427 interrupted iterations
default ✓ [ 100% ] 05427/05936 VUs  15s  5936.00 iters/s
