
         /\      Grafana   /‾‾/  
    /\  /  \     |\  __   /  /   
   /  \/    \    | |/ /  /   ‾‾\ 
  /          \   |   (  |  (‾)  |
 / __________ \  |_|\_\  \_____/ 

     execution: local
        script: workflow/spin/k6_open_client.js
        output: -

     scenarios: (100.00%) 1 scenario, 10000 max VUs, 15s max duration (incl. graceful stop):
              * default: 1379.00 iterations/s for 15s (maxVUs: 1379-10000)


running (00.9s), 00069/01379 VUs, 1238 complete and 0 interrupted iterations
default   [   6% ] 00069/01379 VUs  00.9s/15s  1379.00 iters/s

running (01.9s), 00089/01379 VUs, 2597 complete and 0 interrupted iterations
default   [  13% ] 00089/01379 VUs  01.9s/15s  1379.00 iters/s

running (02.9s), 00070/01379 VUs, 3994 complete and 0 interrupted iterations
default   [  20% ] 00071/01379 VUs  02.9s/15s  1379.00 iters/s

running (03.9s), 00060/01379 VUs, 5385 complete and 0 interrupted iterations
default   [  26% ] 00060/01379 VUs  03.9s/15s  1379.00 iters/s

running (04.9s), 00087/01379 VUs, 6736 complete and 0 interrupted iterations
default   [  33% ] 00087/01379 VUs  04.9s/15s  1379.00 iters/s

running (05.9s), 00071/01379 VUs, 8131 complete and 0 interrupted iterations
default   [  40% ] 00071/01379 VUs  05.9s/15s  1379.00 iters/s

running (06.9s), 00097/01379 VUs, 9484 complete and 0 interrupted iterations
default   [  46% ] 00097/01379 VUs  06.9s/15s  1379.00 iters/s

running (07.9s), 00075/01379 VUs, 10886 complete and 0 interrupted iterations
default   [  53% ] 00075/01379 VUs  07.9s/15s  1379.00 iters/s

running (08.9s), 00059/01379 VUs, 12281 complete and 0 interrupted iterations
default   [  60% ] 00059/01379 VUs  08.9s/15s  1379.00 iters/s

running (09.9s), 00085/01379 VUs, 13633 complete and 0 interrupted iterations
default   [  66% ] 00085/01379 VUs  09.9s/15s  1379.00 iters/s

running (10.9s), 00074/01379 VUs, 15022 complete and 0 interrupted iterations
default   [  73% ] 00074/01379 VUs  10.9s/15s  1379.00 iters/s

running (11.9s), 00061/01379 VUs, 16415 complete and 0 interrupted iterations
default   [  80% ] 00061/01379 VUs  11.9s/15s  1379.00 iters/s

running (12.9s), 00082/01379 VUs, 17772 complete and 0 interrupted iterations
default   [  86% ] 00082/01379 VUs  12.9s/15s  1379.00 iters/s

running (13.9s), 00072/01379 VUs, 19162 complete and 0 interrupted iterations
default   [  93% ] 00072/01379 VUs  13.9s/15s  1379.00 iters/s

running (14.9s), 00060/01379 VUs, 20552 complete and 0 interrupted iterations
default   [ 100% ] 00061/01379 VUs  14.9s/15s  1379.00 iters/s


  █ TOTAL RESULTS 

    HTTP
    http_req_duration..............: avg=53.69ms min=30.79ms med=53.58ms max=83.54ms p(90)=64.88ms p(95)=67.7ms 
      { expected_response:true }...: avg=53.69ms min=30.79ms med=53.58ms max=83.54ms p(90)=64.88ms p(95)=67.7ms 
    http_req_failed................: 0.00%  0 out of 20596
    http_reqs......................: 20596  1372.774314/s

    EXECUTION
    iteration_duration.............: avg=53.78ms min=31.06ms med=53.67ms max=83.97ms p(90)=64.99ms p(95)=67.84ms
    iterations.....................: 20596  1372.774314/s
    vus............................: 62     min=59         max=97  
    vus_max........................: 1379   min=1379       max=1379

    NETWORK
    data_received..................: 4.2 MB 278 kB/s
    data_sent......................: 4.0 MB 265 kB/s




running (15.0s), 00000/01379 VUs, 20596 complete and 89 interrupted iterations
default ✓ [ 100% ] 00089/01379 VUs  15s  1379.00 iters/s
