
         /\      Grafana   /‾‾/  
    /\  /  \     |\  __   /  /   
   /  \/    \    | |/ /  /   ‾‾\ 
  /          \   |   (  |  (‾)  |
 / __________ \  |_|\_\  \_____/ 

     execution: local
        script: workflow/online_boutique/k6_open_product_page.js
        output: -

     scenarios: (100.00%) 1 scenario, 10000 max VUs, 15s max duration (incl. graceful stop):
              * default: 515.00 iterations/s for 15s (maxVUs: 515-10000)


running (01.0s), 00180/00515 VUs, 318 complete and 0 interrupted iterations
default   [   6% ] 00181/00515 VUs  01.0s/15s  515.00 iters/s

running (02.0s), 00146/00515 VUs, 867 complete and 0 interrupted iterations
default   [  13% ] 00146/00515 VUs  02.0s/15s  515.00 iters/s

running (03.0s), 00193/00515 VUs, 1336 complete and 0 interrupted iterations
default   [  20% ] 00193/00515 VUs  03.0s/15s  515.00 iters/s

running (04.0s), 00235/00515 VUs, 1809 complete and 0 interrupted iterations
default   [  26% ] 00235/00515 VUs  04.0s/15s  515.00 iters/s

running (05.0s), 00225/00515 VUs, 2333 complete and 0 interrupted iterations
default   [  33% ] 00225/00515 VUs  05.0s/15s  515.00 iters/s

running (06.0s), 00246/00515 VUs, 2827 complete and 0 interrupted iterations
default   [  40% ] 00246/00515 VUs  06.0s/15s  515.00 iters/s

running (07.0s), 00291/00515 VUs, 3298 complete and 0 interrupted iterations
default   [  46% ] 00291/00515 VUs  07.0s/15s  515.00 iters/s

running (08.0s), 00257/00515 VUs, 3846 complete and 0 interrupted iterations
default   [  53% ] 00257/00515 VUs  08.0s/15s  515.00 iters/s

running (09.0s), 00303/00515 VUs, 4315 complete and 0 interrupted iterations
default   [  60% ] 00303/00515 VUs  09.0s/15s  515.00 iters/s

running (10.0s), 00348/00515 VUs, 4785 complete and 0 interrupted iterations
default   [  66% ] 00348/00515 VUs  10.0s/15s  515.00 iters/s

running (11.0s), 00316/00515 VUs, 5333 complete and 0 interrupted iterations
default   [  73% ] 00316/00515 VUs  11.0s/15s  515.00 iters/s

running (12.0s), 00359/00515 VUs, 5804 complete and 0 interrupted iterations
default   [  80% ] 00359/00515 VUs  12.0s/15s  515.00 iters/s

running (13.0s), 00327/00515 VUs, 6351 complete and 0 interrupted iterations
default   [  86% ] 00328/00515 VUs  13.0s/15s  515.00 iters/s

running (14.0s), 00372/00515 VUs, 6821 complete and 0 interrupted iterations
default   [  93% ] 00372/00515 VUs  14.0s/15s  515.00 iters/s

running (15.0s), 00410/00515 VUs, 7298 complete and 0 interrupted iterations
default   [ 100% ] 00410/00515 VUs  15.0s/15s  515.00 iters/s


  █ TOTAL RESULTS 

    CUSTOM
    online_boutique_application_errors........: 0.00%  0 out of 7369
    online_boutique_recommendation_winner_1...: 3428   228.459077/s
    online_boutique_recommendation_winner_2...: 2685   178.941838/s
    online_boutique_recommendation_winner_3...: 1256   83.706126/s

    HTTP
    http_req_duration.........................: avg=534.17ms min=188.89ms med=545.23ms max=807.73ms p(90)=701.8ms  p(95)=723.95ms
      { expected_response:true }..............: avg=534.17ms min=188.89ms med=545.23ms max=807.73ms p(90)=701.8ms  p(95)=723.95ms
    http_req_failed...........................: 0.00%  0 out of 7369
    http_reqs.................................: 7369   491.107041/s

    EXECUTION
    iteration_duration........................: avg=534.43ms min=189.23ms med=545.4ms  max=807.91ms p(90)=702.01ms p(95)=724.1ms 
    iterations................................: 7369   491.107041/s
    vus.......................................: 410    min=147       max=410
    vus_max...................................: 515    min=515       max=515

    NETWORK
    data_received.............................: 13 MB  883 kB/s
    data_sent.................................: 2.1 MB 143 kB/s




running (15.0s), 00000/00515 VUs, 7369 complete and 356 interrupted iterations
default ✓ [ 100% ] 00356/00515 VUs  15s  515.00 iters/s
