
         /\      Grafana   /‾‾/  
    /\  /  \     |\  __   /  /   
   /  \/    \    | |/ /  /   ‾‾\ 
  /          \   |   (  |  (‾)  |
 / __________ \  |_|\_\  \_____/ 

     execution: local
        script: workflow/online_boutique/k6_open_checkout.js
        output: -

     scenarios: (100.00%) 1 scenario, 10000 max VUs, 15s max duration (incl. graceful stop):
              * default: 261.00 iterations/s for 15s (maxVUs: 261-10000)


running (01.0s), 00047/00261 VUs, 210 complete and 0 interrupted iterations
default   [   7% ] 00047/00261 VUs  01.0s/15s  261.00 iters/s

running (02.0s), 00058/00261 VUs, 460 complete and 0 interrupted iterations
default   [  13% ] 00058/00261 VUs  02.0s/15s  261.00 iters/s

running (03.0s), 00079/00261 VUs, 700 complete and 0 interrupted iterations
default   [  20% ] 00079/00261 VUs  03.0s/15s  261.00 iters/s

running (04.0s), 00058/00261 VUs, 981 complete and 0 interrupted iterations
default   [  27% ] 00058/00261 VUs  04.0s/15s  261.00 iters/s

running (05.0s), 00080/00261 VUs, 1221 complete and 0 interrupted iterations
default   [  33% ] 00080/00261 VUs  05.0s/15s  261.00 iters/s

running (06.0s), 00061/00261 VUs, 1501 complete and 0 interrupted iterations
default   [  40% ] 00061/00261 VUs  06.0s/15s  261.00 iters/s

running (07.0s), 00041/00261 VUs, 1782 complete and 0 interrupted iterations
default   [  47% ] 00041/00261 VUs  07.0s/15s  261.00 iters/s

running (08.0s), 00061/00261 VUs, 2023 complete and 0 interrupted iterations
default   [  53% ] 00061/00261 VUs  08.0s/15s  261.00 iters/s

running (09.0s), 00042/00261 VUs, 2303 complete and 0 interrupted iterations
default   [  60% ] 00042/00261 VUs  09.0s/15s  261.00 iters/s

running (10.0s), 00063/00261 VUs, 2543 complete and 0 interrupted iterations
default   [  67% ] 00063/00261 VUs  10.0s/15s  261.00 iters/s

running (11.0s), 00043/00261 VUs, 2824 complete and 0 interrupted iterations
default   [  73% ] 00043/00261 VUs  11.0s/15s  261.00 iters/s

running (12.0s), 00063/00261 VUs, 3065 complete and 0 interrupted iterations
default   [  80% ] 00063/00261 VUs  12.0s/15s  261.00 iters/s

running (13.0s), 00045/00261 VUs, 3344 complete and 0 interrupted iterations
default   [  87% ] 00045/00261 VUs  13.0s/15s  261.00 iters/s

running (14.0s), 00065/00261 VUs, 3585 complete and 0 interrupted iterations
default   [  93% ] 00065/00261 VUs  14.0s/15s  261.00 iters/s

running (15.0s), 00045/00261 VUs, 3866 complete and 0 interrupted iterations
default   [ 100% ] 00045/00261 VUs  15.0s/15s  261.00 iters/s


  █ TOTAL RESULTS 

    CUSTOM
    online_boutique_application_errors...: 0.00%  0 out of 3866

    HTTP
    http_req_duration....................: avg=226.7ms  min=140ms    med=226.62ms max=324.32ms p(90)=285ms    p(95)=292.95ms
      { expected_response:true }.........: avg=226.7ms  min=140ms    med=226.62ms max=324.32ms p(90)=285ms    p(95)=292.95ms
    http_req_failed......................: 0.00%  0 out of 3866
    http_reqs............................: 3866   257.703601/s

    EXECUTION
    iteration_duration...................: avg=227.02ms min=140.21ms med=226.83ms max=358.61ms p(90)=285.22ms p(95)=293.19ms
    iterations...........................: 3866   257.703601/s
    vus..................................: 45     min=41        max=80 
    vus_max..............................: 261    min=261       max=261

    NETWORK
    data_received........................: 7.8 MB 522 kB/s
    data_sent............................: 2.2 MB 145 kB/s




running (15.0s), 00000/00261 VUs, 3866 complete and 50 interrupted iterations
default ✓ [ 100% ] 00050/00261 VUs  15s  261.00 iters/s
