
         /\      Grafana   /‾‾/  
    /\  /  \     |\  __   /  /   
   /  \/    \    | |/ /  /   ‾‾\ 
  /          \   |   (  |  (‾)  |
 / __________ \  |_|\_\  \_____/ 

     execution: local
        script: workflow/hotel/k6_open_hotels_client.js
        output: -

     scenarios: (100.00%) 1 scenario, 10000 max VUs, 15s max duration (incl. graceful stop):
              * default: 5580.00 iterations/s for 15s (maxVUs: 5580-10000)


running (00.8s), 00109/05580 VUs, 4416 complete and 0 interrupted iterations
default   [   5% ] 00109/05580 VUs  00.8s/15s  5580.00 iters/s

running (01.8s), 00074/05580 VUs, 10031 complete and 0 interrupted iterations
default   [  12% ] 00074/05580 VUs  01.8s/15s  5580.00 iters/s

running (02.8s), 00050/05580 VUs, 15635 complete and 0 interrupted iterations
default   [  19% ] 00050/05580 VUs  02.8s/15s  5580.00 iters/s

running (03.8s), 00105/05580 VUs, 21160 complete and 0 interrupted iterations
default   [  25% ] 00105/05580 VUs  03.8s/15s  5580.00 iters/s

running (04.8s), 00064/05580 VUs, 26781 complete and 0 interrupted iterations
default   [  32% ] 00064/05580 VUs  04.8s/15s  5580.00 iters/s

running (05.8s), 00106/05580 VUs, 32319 complete and 0 interrupted iterations
default   [  39% ] 00106/05580 VUs  05.8s/15s  5580.00 iters/s

running (06.8s), 00059/05580 VUs, 37946 complete and 0 interrupted iterations
default   [  45% ] 00059/05580 VUs  06.8s/15s  5580.00 iters/s

running (07.8s), 00042/05580 VUs, 43543 complete and 0 interrupted iterations
default   [  52% ] 00042/05580 VUs  07.8s/15s  5580.00 iters/s

running (08.8s), 00095/05580 VUs, 49070 complete and 0 interrupted iterations
default   [  59% ] 00095/05580 VUs  08.8s/15s  5580.00 iters/s

running (09.8s), 00038/05580 VUs, 54707 complete and 0 interrupted iterations
default   [  65% ] 00038/05580 VUs  09.8s/15s  5580.00 iters/s

running (10.8s), 00099/05580 VUs, 60226 complete and 0 interrupted iterations
default   [  72% ] 00099/05580 VUs  10.8s/15s  5580.00 iters/s

running (11.8s), 00048/05580 VUs, 65857 complete and 0 interrupted iterations
default   [  79% ] 00047/05580 VUs  11.8s/15s  5580.00 iters/s

running (12.8s), 00120/05580 VUs, 71367 complete and 0 interrupted iterations
default   [  85% ] 00120/05580 VUs  12.8s/15s  5580.00 iters/s

running (13.8s), 00046/05580 VUs, 77019 complete and 0 interrupted iterations
default   [  92% ] 00046/05580 VUs  13.8s/15s  5580.00 iters/s

running (14.8s), 00063/05580 VUs, 82582 complete and 0 interrupted iterations
default   [  99% ] 00063/05580 VUs  14.8s/15s  5580.00 iters/s


  █ TOTAL RESULTS 

    HTTP
    http_req_duration..............: avg=14.23ms min=4.52ms med=10.14ms max=120.29ms p(90)=26.82ms p(95)=33.08ms
      { expected_response:true }...: avg=14.23ms min=4.52ms med=10.14ms max=120.29ms p(90)=26.82ms p(95)=33.08ms
    http_req_failed................: 0.00% 0 out of 83563
    http_reqs......................: 83563 5567.73489/s

    EXECUTION
    iteration_duration.............: avg=14.38ms min=4.65ms med=10.3ms  max=120.67ms p(90)=26.97ms p(95)=33.22ms
    iterations.....................: 83563 5567.73489/s
    vus............................: 63    min=38         max=120 
    vus_max........................: 5580  min=5580       max=5580

    NETWORK
    data_received..................: 24 MB 1.6 MB/s
    data_sent......................: 27 MB 1.8 MB/s




running (15.0s), 00000/05580 VUs, 83559 complete and 143 interrupted iterations
default ✓ [ 100% ] 00143/05580 VUs  15s  5580.00 iters/s
