
         /\      Grafana   /‾‾/  
    /\  /  \     |\  __   /  /   
   /  \/    \    | |/ /  /   ‾‾\ 
  /          \   |   (  |  (‾)  |
 / __________ \  |_|\_\  \_____/ 

     execution: local
        script: workflow/hotel/k6_open_recommendations_client.js
        output: -

     scenarios: (100.00%) 1 scenario, 10000 max VUs, 15s max duration (incl. graceful stop):
              * default: 1156.00 iterations/s for 15s (maxVUs: 1156-10000)


running (01.0s), 00113/01156 VUs, 989 complete and 0 interrupted iterations
default   [   6% ] 00113/01156 VUs  01.0s/15s  1156.00 iters/s

running (02.0s), 00168/01156 VUs, 2091 complete and 0 interrupted iterations
default   [  13% ] 00168/01156 VUs  02.0s/15s  1156.00 iters/s

running (03.0s), 00106/01156 VUs, 3309 complete and 0 interrupted iterations
default   [  20% ] 00106/01156 VUs  03.0s/15s  1156.00 iters/s

running (04.0s), 00173/01156 VUs, 4398 complete and 0 interrupted iterations
default   [  26% ] 00173/01156 VUs  04.0s/15s  1156.00 iters/s

running (05.0s), 00113/01156 VUs, 5613 complete and 0 interrupted iterations
default   [  33% ] 00113/01156 VUs  05.0s/15s  1156.00 iters/s

running (06.0s), 00136/01156 VUs, 6746 complete and 0 interrupted iterations
default   [  40% ] 00136/01156 VUs  06.0s/15s  1156.00 iters/s

running (07.0s), 00125/01156 VUs, 7913 complete and 0 interrupted iterations
default   [  46% ] 00126/01156 VUs  07.0s/15s  1156.00 iters/s

running (08.0s), 00074/01156 VUs, 9120 complete and 0 interrupted iterations
default   [  53% ] 00073/01156 VUs  08.0s/15s  1156.00 iters/s

running (09.0s), 00120/01156 VUs, 10230 complete and 0 interrupted iterations
default   [  60% ] 00120/01156 VUs  09.0s/15s  1156.00 iters/s

running (10.0s), 00156/01156 VUs, 11350 complete and 0 interrupted iterations
default   [  66% ] 00156/01156 VUs  10.0s/15s  1156.00 iters/s

running (11.0s), 00131/01156 VUs, 12531 complete and 0 interrupted iterations
default   [  73% ] 00131/01156 VUs  11.0s/15s  1156.00 iters/s

running (12.0s), 00159/01156 VUs, 13659 complete and 0 interrupted iterations
default   [  80% ] 00158/01156 VUs  12.0s/15s  1156.00 iters/s

running (13.0s), 00145/01156 VUs, 14829 complete and 0 interrupted iterations
default   [  86% ] 00145/01156 VUs  13.0s/15s  1156.00 iters/s

running (14.0s), 00086/01156 VUs, 16044 complete and 0 interrupted iterations
default   [  93% ] 00086/01156 VUs  14.0s/15s  1156.00 iters/s

running (15.0s), 00145/01156 VUs, 17141 complete and 0 interrupted iterations
default   [ 100% ] 00146/01156 VUs  15.0s/15s  1156.00 iters/s


  █ TOTAL RESULTS 

    HTTP
    http_req_duration..............: avg=106.99ms min=53.86ms med=107.21ms max=167.15ms p(90)=143.15ms p(95)=147.88ms
      { expected_response:true }...: avg=106.99ms min=53.86ms med=107.21ms max=167.15ms p(90)=143.15ms p(95)=147.88ms
    http_req_failed................: 0.00%  0 out of 17261
    http_reqs......................: 17261  1150.530908/s

    EXECUTION
    iteration_duration.............: avg=107.1ms  min=53.94ms med=107.33ms max=167.25ms p(90)=143.27ms p(95)=147.97ms
    iterations.....................: 17261  1150.530908/s
    vus............................: 146    min=73         max=173 
    vus_max........................: 1156   min=1156       max=1156

    NETWORK
    data_received..................: 9.8 MB 654 kB/s
    data_sent......................: 4.9 MB 329 kB/s




running (15.0s), 00000/01156 VUs, 17261 complete and 79 interrupted iterations
default ✓ [ 100% ] 00079/01156 VUs  15s  1156.00 iters/s
