
         /\      Grafana   /‾‾/  
    /\  /  \     |\  __   /  /   
   /  \/    \    | |/ /  /   ‾‾\ 
  /          \   |   (  |  (‾)  |
 / __________ \  |_|\_\  \_____/ 

     execution: local
        script: workflow/spin/k6_open_client.js
        output: -

     scenarios: (100.00%) 1 scenario, 10000 max VUs, 15s max duration (incl. graceful stop):
              * default: 178.00 iterations/s for 15s (maxVUs: 178-10000)


running (01.0s), 00002/00178 VUs, 174 complete and 0 interrupted iterations
default   [   7% ] 00002/00178 VUs  01.0s/15s  178.00 iters/s

running (02.0s), 00006/00178 VUs, 348 complete and 0 interrupted iterations
default   [  13% ] 00006/00178 VUs  02.0s/15s  178.00 iters/s

running (03.0s), 00004/00178 VUs, 528 complete and 0 interrupted iterations
default   [  20% ] 00004/00178 VUs  03.0s/15s  178.00 iters/s

running (04.0s), 00005/00178 VUs, 705 complete and 0 interrupted iterations
default   [  27% ] 00004/00178 VUs  04.0s/15s  178.00 iters/s

running (05.0s), 00006/00178 VUs, 882 complete and 0 interrupted iterations
default   [  33% ] 00006/00178 VUs  05.0s/15s  178.00 iters/s

running (06.0s), 00004/00178 VUs, 1062 complete and 0 interrupted iterations
default   [  40% ] 00004/00178 VUs  06.0s/15s  178.00 iters/s

running (07.0s), 00007/00178 VUs, 1237 complete and 0 interrupted iterations
default   [  47% ] 00007/00178 VUs  07.0s/15s  178.00 iters/s

running (08.0s), 00006/00178 VUs, 1416 complete and 0 interrupted iterations
default   [  53% ] 00006/00178 VUs  08.0s/15s  178.00 iters/s

running (09.0s), 00004/00178 VUs, 1596 complete and 0 interrupted iterations
default   [  60% ] 00004/00178 VUs  09.0s/15s  178.00 iters/s

running (10.0s), 00004/00178 VUs, 1774 complete and 0 interrupted iterations
default   [  67% ] 00003/00178 VUs  10.0s/15s  178.00 iters/s

running (11.0s), 00006/00178 VUs, 1950 complete and 0 interrupted iterations
default   [  73% ] 00006/00178 VUs  11.0s/15s  178.00 iters/s

running (12.0s), 00004/00178 VUs, 2130 complete and 0 interrupted iterations
default   [  80% ] 00004/00178 VUs  12.0s/15s  178.00 iters/s

running (13.0s), 00004/00178 VUs, 2308 complete and 0 interrupted iterations
default   [  87% ] 00004/00178 VUs  13.0s/15s  178.00 iters/s

running (14.0s), 00006/00178 VUs, 2484 complete and 0 interrupted iterations
default   [  93% ] 00006/00178 VUs  14.0s/15s  178.00 iters/s

running (15.0s), 00004/00178 VUs, 2664 complete and 0 interrupted iterations
default   [ 100% ] 00004/00178 VUs  15.0s/15s  178.00 iters/s


  █ TOTAL RESULTS 

    HTTP
    http_req_duration..............: avg=27.53ms min=11.52ms med=28.23ms max=45.3ms  p(90)=40.94ms p(95)=41.47ms
      { expected_response:true }...: avg=27.53ms min=11.52ms med=28.23ms max=45.3ms  p(90)=40.94ms p(95)=41.47ms
    http_req_failed................: 0.00%  0 out of 2664
    http_reqs......................: 2664   177.590719/s

    EXECUTION
    iteration_duration.............: avg=27.63ms min=11.59ms med=28.3ms  max=45.41ms p(90)=41.05ms p(95)=41.57ms
    iterations.....................: 2664   177.590719/s
    vus............................: 4      min=2         max=7  
    vus_max........................: 178    min=178       max=178

    NETWORK
    data_received..................: 536 kB 36 kB/s
    data_sent......................: 512 kB 34 kB/s




running (15.0s), 00000/00178 VUs, 2664 complete and 6 interrupted iterations
default ✓ [ 100% ] 00006/00178 VUs  15s  178.00 iters/s
