
         /\      Grafana   /‾‾/  
    /\  /  \     |\  __   /  /   
   /  \/    \    | |/ /  /   ‾‾\ 
  /          \   |   (  |  (‾)  |
 / __________ \  |_|\_\  \_____/ 

     execution: local
        script: workflow/social/k6_open_client.js
        output: -

     scenarios: (100.00%) 1 scenario, 10000 max VUs, 15s max duration (incl. graceful stop):
              * default: 6859.00 iterations/s for 15s (maxVUs: 6859-10000)


running (00.8s), 01969/06859 VUs, 3341 complete and 0 interrupted iterations
default   [   5% ] 01969/06859 VUs  00.8s/15s  6859.00 iters/s

running (01.8s), 02013/06859 VUs, 10156 complete and 0 interrupted iterations
default   [  12% ] 02013/06859 VUs  01.8s/15s  6859.00 iters/s

running (02.8s), 01762/06859 VUs, 17266 complete and 0 interrupted iterations
default   [  18% ] 01762/06859 VUs  02.8s/15s  6859.00 iters/s

running (03.8s), 01180/06859 VUs, 24707 complete and 0 interrupted iterations
default   [  25% ] 01180/06859 VUs  03.8s/15s  6859.00 iters/s

running (04.8s), 00202/06859 VUs, 32544 complete and 0 interrupted iterations
default   [  32% ] 00202/06859 VUs  04.8s/15s  6859.00 iters/s

running (05.8s), 00635/06859 VUs, 38971 complete and 0 interrupted iterations
default   [  38% ] 00635/06859 VUs  05.8s/15s  6859.00 iters/s

running (06.8s), 01052/06859 VUs, 45413 complete and 0 interrupted iterations
default   [  45% ] 01052/06859 VUs  06.8s/15s  6859.00 iters/s

running (07.8s), 00748/06859 VUs, 52576 complete and 0 interrupted iterations
default   [  52% ] 00748/06859 VUs  07.8s/15s  6859.00 iters/s

running (08.8s), 00504/06859 VUs, 59679 complete and 0 interrupted iterations
default   [  58% ] 00504/06859 VUs  08.8s/15s  6859.00 iters/s

running (09.8s), 00158/06859 VUs, 66884 complete and 0 interrupted iterations
default   [  65% ] 00158/06859 VUs  09.8s/15s  6859.00 iters/s

running (10.8s), 00164/06859 VUs, 73737 complete and 0 interrupted iterations
default   [  72% ] 00164/06859 VUs  10.8s/15s  6859.00 iters/s

running (11.8s), 00311/06859 VUs, 80449 complete and 0 interrupted iterations
default   [  78% ] 00311/06859 VUs  11.8s/15s  6859.00 iters/s

running (12.8s), 00084/06859 VUs, 87535 complete and 0 interrupted iterations
default   [  85% ] 00084/06859 VUs  12.8s/15s  6859.00 iters/s

running (13.8s), 00320/06859 VUs, 94157 complete and 0 interrupted iterations
default   [  92% ] 00320/06859 VUs  13.8s/15s  6859.00 iters/s

running (14.8s), 00052/06859 VUs, 101285 complete and 0 interrupted iterations
default   [  98% ] 00052/06859 VUs  14.8s/15s  6859.00 iters/s


  █ TOTAL RESULTS 

    HTTP
    http_req_duration..............: avg=102.37ms min=3.75ms med=65.41ms max=434.53ms p(90)=263.07ms p(95)=275.24ms
      { expected_response:true }...: avg=102.37ms min=3.75ms med=65.41ms max=434.53ms p(90)=263.07ms p(95)=275.24ms
    http_req_failed................: 0.00%  0 out of 102748
    http_reqs......................: 102748 6845.343981/s

    EXECUTION
    iteration_duration.............: avg=102.82ms min=3.85ms med=66.11ms max=434.85ms p(90)=263.73ms p(95)=275.51ms
    iterations.....................: 102748 6845.343981/s
    vus............................: 51     min=51          max=2013
    vus_max........................: 6859   min=6859        max=6859

    NETWORK
    data_received..................: 23 MB  1.6 MB/s
    data_sent......................: 34 MB  2.3 MB/s




running (15.0s), 00000/06859 VUs, 102744 complete and 142 interrupted iterations
default ✓ [ 100% ] 00142/06859 VUs  15s  6859.00 iters/s
