
         /\      Grafana   /‾‾/  
    /\  /  \     |\  __   /  /   
   /  \/    \    | |/ /  /   ‾‾\ 
  /          \   |   (  |  (‾)  |
 / __________ \  |_|\_\  \_____/ 

     execution: local
        script: workflow/online_boutique/k6_open_product_page.js
        output: -

     scenarios: (100.00%) 1 scenario, 10000 max VUs, 15s max duration (incl. graceful stop):
              * default: 180.00 iterations/s for 15s (maxVUs: 180-10000)


running (01.0s), 00040/00180 VUs, 138 complete and 0 interrupted iterations
default   [   7% ] 00040/00180 VUs  01.0s/15s  180.00 iters/s

running (02.0s), 00053/00180 VUs, 305 complete and 0 interrupted iterations
default   [  13% ] 00053/00180 VUs  02.0s/15s  180.00 iters/s

running (03.0s), 00038/00180 VUs, 500 complete and 0 interrupted iterations
default   [  20% ] 00038/00180 VUs  03.0s/15s  180.00 iters/s

running (04.0s), 00051/00180 VUs, 667 complete and 0 interrupted iterations
default   [  27% ] 00051/00180 VUs  04.0s/15s  180.00 iters/s

running (05.0s), 00038/00180 VUs, 860 complete and 0 interrupted iterations
default   [  33% ] 00038/00180 VUs  05.0s/15s  180.00 iters/s

running (06.0s), 00037/00180 VUs, 1040 complete and 0 interrupted iterations
default   [  40% ] 00037/00180 VUs  06.0s/15s  180.00 iters/s

running (07.0s), 00036/00180 VUs, 1222 complete and 0 interrupted iterations
default   [  47% ] 00036/00180 VUs  07.0s/15s  180.00 iters/s

running (08.0s), 00050/00180 VUs, 1388 complete and 0 interrupted iterations
default   [  53% ] 00050/00180 VUs  08.0s/15s  180.00 iters/s

running (09.0s), 00036/00180 VUs, 1582 complete and 0 interrupted iterations
default   [  60% ] 00036/00180 VUs  09.0s/15s  180.00 iters/s

running (10.0s), 00050/00180 VUs, 1748 complete and 0 interrupted iterations
default   [  67% ] 00050/00180 VUs  10.0s/15s  180.00 iters/s

running (11.0s), 00036/00180 VUs, 1941 complete and 0 interrupted iterations
default   [  73% ] 00036/00180 VUs  11.0s/15s  180.00 iters/s

running (12.0s), 00049/00180 VUs, 2109 complete and 0 interrupted iterations
default   [  80% ] 00049/00180 VUs  12.0s/15s  180.00 iters/s

running (13.0s), 00036/00180 VUs, 2302 complete and 0 interrupted iterations
default   [  87% ] 00036/00180 VUs  13.0s/15s  180.00 iters/s

running (14.0s), 00050/00180 VUs, 2467 complete and 0 interrupted iterations
default   [  93% ] 00050/00180 VUs  14.0s/15s  180.00 iters/s

running (15.0s), 00038/00180 VUs, 2660 complete and 0 interrupted iterations
default   [ 100% ] 00038/00180 VUs  15.0s/15s  180.00 iters/s


  █ TOTAL RESULTS 

    CUSTOM
    online_boutique_application_errors........: 0.00%  0 out of 2660
    online_boutique_recommendation_winner_1...: 1042   69.46247/s
    online_boutique_recommendation_winner_2...: 896    59.729725/s
    online_boutique_recommendation_winner_3...: 722    48.130426/s

    HTTP
    http_req_duration.........................: avg=208.85ms min=128.25ms med=208.52ms max=293.71ms p(90)=268.22ms p(95)=275.88ms
      { expected_response:true }..............: avg=208.85ms min=128.25ms med=208.52ms max=293.71ms p(90)=268.22ms p(95)=275.88ms
    http_req_failed...........................: 0.00%  0 out of 2660
    http_reqs.................................: 2660   177.322621/s

    EXECUTION
    iteration_duration........................: avg=209.05ms min=128.41ms med=208.71ms max=293.89ms p(90)=268.41ms p(95)=276.15ms
    iterations................................: 2660   177.322621/s
    vus.......................................: 38     min=35        max=53 
    vus_max...................................: 180    min=180       max=180

    NETWORK
    data_received.............................: 4.8 MB 319 kB/s
    data_sent.................................: 750 kB 50 kB/s




running (15.0s), 00000/00180 VUs, 2660 complete and 40 interrupted iterations
default ✓ [ 100% ] 00040/00180 VUs  15s  180.00 iters/s
