
         /\      Grafana   /‾‾/  
    /\  /  \     |\  __   /  /   
   /  \/    \    | |/ /  /   ‾‾\ 
  /          \   |   (  |  (‾)  |
 / __________ \  |_|\_\  \_____/ 

     execution: local
        script: workflow/media/k6_open_review_compose.js
        output: -

     scenarios: (100.00%) 1 scenario, 10000 max VUs, 10s max duration (incl. graceful stop):
              * default: 223.00 iterations/s for 10s (maxVUs: 223-10000)


running (01.0s), 00010/00223 VUs, 210 complete and 0 interrupted iterations
default   [  10% ] 00010/00223 VUs  01.0s/10s  223.00 iters/s

running (02.0s), 00014/00223 VUs, 429 complete and 0 interrupted iterations
default   [  20% ] 00013/00223 VUs  02.0s/10s  223.00 iters/s

running (03.0s), 00021/00223 VUs, 645 complete and 0 interrupted iterations
default   [  30% ] 00021/00223 VUs  03.0s/10s  223.00 iters/s

running (04.0s), 00022/00223 VUs, 867 complete and 0 interrupted iterations
default   [  40% ] 00022/00223 VUs  04.0s/10s  223.00 iters/s

running (05.0s), 00030/00223 VUs, 1082 complete and 0 interrupted iterations
default   [  50% ] 00030/00223 VUs  05.0s/10s  223.00 iters/s

running (06.0s), 00034/00223 VUs, 1301 complete and 0 interrupted iterations
default   [  60% ] 00034/00223 VUs  06.0s/10s  223.00 iters/s

running (07.0s), 00034/00223 VUs, 1524 complete and 0 interrupted iterations
default   [  70% ] 00034/00223 VUs  07.0s/10s  223.00 iters/s

running (08.0s), 00043/00223 VUs, 1738 complete and 0 interrupted iterations
default   [  80% ] 00043/00223 VUs  08.0s/10s  223.00 iters/s

running (09.0s), 00044/00223 VUs, 1960 complete and 0 interrupted iterations
default   [  90% ] 00044/00223 VUs  09.0s/10s  223.00 iters/s

running (10.0s), 00048/00223 VUs, 2179 complete and 0 interrupted iterations
default   [ 100% ] 00048/00223 VUs  10.0s/10s  223.00 iters/s


  █ TOTAL RESULTS 

    HTTP
    http_req_duration..............: avg=125.29ms min=9.66ms  med=131.89ms max=218.67ms p(90)=199.31ms p(95)=207.58ms
      { expected_response:true }...: avg=125.29ms min=9.66ms  med=131.89ms max=218.67ms p(90)=199.31ms p(95)=207.58ms
    http_req_failed................: 0.00%  0 out of 2183
    http_reqs......................: 2183   218.279974/s

    EXECUTION
    iteration_duration.............: avg=125.43ms min=10.28ms med=131.98ms max=218.78ms p(90)=199.44ms p(95)=207.7ms 
    iterations.....................: 2183   218.279974/s
    vus............................: 48     min=10        max=48 
    vus_max........................: 223    min=223       max=223

    NETWORK
    data_received..................: 501 kB 50 kB/s
    data_sent......................: 1.2 MB 124 kB/s




running (10.0s), 00000/00223 VUs, 2183 complete and 48 interrupted iterations
default ✓ [ 100% ] 00048/00223 VUs  10s  223.00 iters/s
