
         /\      Grafana   /‾‾/  
    /\  /  \     |\  __   /  /   
   /  \/    \    | |/ /  /   ‾‾\ 
  /          \   |   (  |  (‾)  |
 / __________ \  |_|\_\  \_____/ 

     execution: local
        script: workflow/spin/k6_open_client.js
        output: -

     scenarios: (100.00%) 1 scenario, 10000 max VUs, 15s max duration (incl. graceful stop):
              * default: 2479.00 iterations/s for 15s (maxVUs: 2479-10000)


running (00.9s), 00213/02479 VUs, 2048 complete and 0 interrupted iterations
default   [   6% ] 00213/02479 VUs  00.9s/15s  2479.00 iters/s

running (01.9s), 00132/02479 VUs, 4607 complete and 0 interrupted iterations
default   [  13% ] 00132/02479 VUs  01.9s/15s  2479.00 iters/s

running (02.9s), 00190/02479 VUs, 7027 complete and 0 interrupted iterations
default   [  19% ] 00190/02479 VUs  02.9s/15s  2479.00 iters/s

running (03.9s), 00176/02479 VUs, 9521 complete and 0 interrupted iterations
default   [  26% ] 00176/02479 VUs  03.9s/15s  2479.00 iters/s

running (04.9s), 00159/02479 VUs, 12019 complete and 0 interrupted iterations
default   [  33% ] 00159/02479 VUs  04.9s/15s  2479.00 iters/s

running (05.9s), 00205/02479 VUs, 14450 complete and 0 interrupted iterations
default   [  39% ] 00206/02479 VUs  05.9s/15s  2479.00 iters/s

running (06.9s), 00125/02479 VUs, 17009 complete and 0 interrupted iterations
default   [  46% ] 00125/02479 VUs  06.9s/15s  2479.00 iters/s

running (07.9s), 00173/02479 VUs, 19440 complete and 0 interrupted iterations
default   [  53% ] 00173/02479 VUs  07.9s/15s  2479.00 iters/s

running (08.9s), 00218/02479 VUs, 21872 complete and 0 interrupted iterations
default   [  59% ] 00218/02479 VUs  08.9s/15s  2479.00 iters/s

running (09.9s), 00141/02479 VUs, 24432 complete and 0 interrupted iterations
default   [  66% ] 00141/02479 VUs  09.9s/15s  2479.00 iters/s

running (10.9s), 00184/02479 VUs, 26864 complete and 0 interrupted iterations
default   [  73% ] 00184/02479 VUs  10.9s/15s  2479.00 iters/s

running (11.9s), 00169/02479 VUs, 29360 complete and 0 interrupted iterations
default   [  79% ] 00169/02479 VUs  11.9s/15s  2479.00 iters/s

running (12.9s), 00175/02479 VUs, 31833 complete and 0 interrupted iterations
default   [  86% ] 00175/02479 VUs  12.9s/15s  2479.00 iters/s

running (13.9s), 00220/02479 VUs, 34265 complete and 0 interrupted iterations
default   [  93% ] 00220/02479 VUs  13.9s/15s  2479.00 iters/s

running (14.9s), 00142/02479 VUs, 36825 complete and 0 interrupted iterations
default   [  99% ] 00142/02479 VUs  14.9s/15s  2479.00 iters/s


  █ TOTAL RESULTS 

    HTTP
    http_req_duration..............: avg=70.64ms min=45.24ms med=70.68ms max=101.08ms p(90)=86.06ms p(95)=88.32ms
      { expected_response:true }...: avg=70.64ms min=45.24ms med=70.68ms max=101.08ms p(90)=86.06ms p(95)=88.32ms
    http_req_failed................: 0.00%  0 out of 36984
    http_reqs......................: 36984  2464.765492/s

    EXECUTION
    iteration_duration.............: avg=70.73ms min=45.3ms  med=70.77ms max=101.16ms p(90)=86.16ms p(95)=88.42ms
    iterations.....................: 36984  2464.765492/s
    vus............................: 139    min=125        max=220 
    vus_max........................: 2479   min=2479       max=2479

    NETWORK
    data_received..................: 7.5 MB 500 kB/s
    data_sent......................: 7.1 MB 476 kB/s




running (15.0s), 00000/02479 VUs, 36969 complete and 217 interrupted iterations
default ✓ [ 100% ] 00216/02479 VUs  15s  2479.00 iters/s
