
         /\      Grafana   /‾‾/  
    /\  /  \     |\  __   /  /   
   /  \/    \    | |/ /  /   ‾‾\ 
  /          \   |   (  |  (‾)  |
 / __________ \  |_|\_\  \_____/ 

     execution: local
        script: workflow/spin/k6_open_client.js
        output: -

     scenarios: (100.00%) 1 scenario, 10000 max VUs, 15s max duration (incl. graceful stop):
              * default: 3774.00 iterations/s for 15s (maxVUs: 3774-10000)


running (00.9s), 00272/03774 VUs, 3020 complete and 0 interrupted iterations
default   [   6% ] 00272/03774 VUs  00.9s/15s  3774.00 iters/s

running (01.9s), 00239/03774 VUs, 6825 complete and 0 interrupted iterations
default   [  12% ] 00241/03774 VUs  01.9s/15s  3774.00 iters/s

running (02.9s), 00222/03774 VUs, 10618 complete and 0 interrupted iterations
default   [  19% ] 00222/03774 VUs  02.9s/15s  3774.00 iters/s

running (03.9s), 00245/03774 VUs, 14369 complete and 0 interrupted iterations
default   [  26% ] 00245/03774 VUs  03.9s/15s  3774.00 iters/s

running (04.9s), 00211/03774 VUs, 18176 complete and 0 interrupted iterations
default   [  32% ] 00211/03774 VUs  04.9s/15s  3774.00 iters/s

running (05.9s), 00204/03774 VUs, 21958 complete and 0 interrupted iterations
default   [  39% ] 00204/03774 VUs  05.9s/15s  3774.00 iters/s

running (06.9s), 00230/03774 VUs, 25708 complete and 0 interrupted iterations
default   [  46% ] 00230/03774 VUs  06.9s/15s  3774.00 iters/s

running (07.9s), 00251/03774 VUs, 29459 complete and 0 interrupted iterations
default   [  52% ] 00251/03774 VUs  07.9s/15s  3774.00 iters/s

running (08.9s), 00240/03774 VUs, 33244 complete and 0 interrupted iterations
default   [  59% ] 00240/03774 VUs  08.9s/15s  3774.00 iters/s

running (09.9s), 00256/03774 VUs, 37002 complete and 0 interrupted iterations
default   [  66% ] 00256/03774 VUs  09.9s/15s  3774.00 iters/s

running (10.9s), 00255/03774 VUs, 40776 complete and 0 interrupted iterations
default   [  72% ] 00256/03774 VUs  10.9s/15s  3774.00 iters/s

running (11.9s), 00237/03774 VUs, 44568 complete and 0 interrupted iterations
default   [  79% ] 00237/03774 VUs  11.9s/15s  3774.00 iters/s

running (12.9s), 00243/03774 VUs, 48337 complete and 0 interrupted iterations
default   [  86% ] 00243/03774 VUs  12.9s/15s  3774.00 iters/s

running (13.9s), 00244/03774 VUs, 52107 complete and 0 interrupted iterations
default   [  92% ] 00244/03774 VUs  13.9s/15s  3774.00 iters/s

running (14.9s), 00278/03774 VUs, 55850 complete and 0 interrupted iterations
default   [  99% ] 00278/03774 VUs  14.9s/15s  3774.00 iters/s


  █ TOTAL RESULTS 

    HTTP
    http_req_duration..............: avg=64.19ms min=38.05ms med=63.18ms max=107.6ms  p(90)=72.54ms p(95)=80.14ms
      { expected_response:true }...: avg=64.19ms min=38.05ms med=63.18ms max=107.6ms  p(90)=72.54ms p(95)=80.14ms
    http_req_failed................: 0.00% 0 out of 56365
    http_reqs......................: 56365 3756.042043/s

    EXECUTION
    iteration_duration.............: avg=64.28ms min=38.15ms med=63.27ms max=109.84ms p(90)=72.65ms p(95)=80.29ms
    iterations.....................: 56364 3755.975405/s
    vus............................: 278   min=203        max=278 
    vus_max........................: 3774  min=3774       max=3774

    NETWORK
    data_received..................: 11 MB 763 kB/s
    data_sent......................: 11 MB 724 kB/s




running (15.0s), 00000/03774 VUs, 56358 complete and 253 interrupted iterations
default ✓ [ 100% ] 00253/03774 VUs  15s  3774.00 iters/s
