
         /\      Grafana   /‾‾/  
    /\  /  \     |\  __   /  /   
   /  \/    \    | |/ /  /   ‾‾\ 
  /          \   |   (  |  (‾)  |
 / __________ \  |_|\_\  \_____/ 

     execution: local
        script: workflow/spin/k6_open_client.js
        output: -

     scenarios: (100.00%) 1 scenario, 10000 max VUs, 15s max duration (incl. graceful stop):
              * default: 375.00 iterations/s for 15s (maxVUs: 375-10000)


running (01.0s), 00002/00375 VUs, 365 complete and 0 interrupted iterations
default   [   7% ] 00002/00375 VUs  01.0s/15s  375.00 iters/s

running (02.0s), 00002/00375 VUs, 740 complete and 0 interrupted iterations
default   [  13% ] 00002/00375 VUs  02.0s/15s  375.00 iters/s

running (03.0s), 00002/00375 VUs, 1115 complete and 0 interrupted iterations
default   [  20% ] 00002/00375 VUs  03.0s/15s  375.00 iters/s

running (04.0s), 00002/00375 VUs, 1490 complete and 0 interrupted iterations
default   [  27% ] 00002/00375 VUs  04.0s/15s  375.00 iters/s

running (05.0s), 00002/00375 VUs, 1865 complete and 0 interrupted iterations
default   [  33% ] 00002/00375 VUs  05.0s/15s  375.00 iters/s

running (06.0s), 00002/00375 VUs, 2240 complete and 0 interrupted iterations
default   [  40% ] 00002/00375 VUs  06.0s/15s  375.00 iters/s

running (07.0s), 00002/00375 VUs, 2615 complete and 0 interrupted iterations
default   [  47% ] 00002/00375 VUs  07.0s/15s  375.00 iters/s

running (08.0s), 00002/00375 VUs, 2990 complete and 0 interrupted iterations
default   [  53% ] 00002/00375 VUs  08.0s/15s  375.00 iters/s

running (09.0s), 00002/00375 VUs, 3365 complete and 0 interrupted iterations
default   [  60% ] 00002/00375 VUs  09.0s/15s  375.00 iters/s

running (10.0s), 00002/00375 VUs, 3740 complete and 0 interrupted iterations
default   [  67% ] 00002/00375 VUs  10.0s/15s  375.00 iters/s

running (11.0s), 00002/00375 VUs, 4115 complete and 0 interrupted iterations
default   [  73% ] 00002/00375 VUs  11.0s/15s  375.00 iters/s

running (12.0s), 00002/00375 VUs, 4490 complete and 0 interrupted iterations
default   [  80% ] 00002/00375 VUs  12.0s/15s  375.00 iters/s

running (13.0s), 00002/00375 VUs, 4865 complete and 0 interrupted iterations
default   [  87% ] 00002/00375 VUs  13.0s/15s  375.00 iters/s

running (14.0s), 00002/00375 VUs, 5240 complete and 0 interrupted iterations
default   [  93% ] 00002/00375 VUs  14.0s/15s  375.00 iters/s

running (15.0s), 00002/00375 VUs, 5615 complete and 0 interrupted iterations
default   [ 100% ] 00002/00375 VUs  15.0s/15s  375.00 iters/s


  █ TOTAL RESULTS 

    HTTP
    http_req_duration..............: avg=5.43ms min=4.95ms med=5.3ms  max=16.21ms p(90)=5.67ms p(95)=6.05ms
      { expected_response:true }...: avg=5.43ms min=4.95ms med=5.3ms  max=16.21ms p(90)=5.67ms p(95)=6.05ms
    http_req_failed................: 0.00%  0 out of 5623
    http_reqs......................: 5623   374.847784/s

    EXECUTION
    iteration_duration.............: avg=5.53ms min=5.02ms med=5.39ms max=16.29ms p(90)=5.8ms  p(95)=6.17ms
    iterations.....................: 5623   374.847784/s
    vus............................: 2      min=2         max=2  
    vus_max........................: 375    min=375       max=375

    NETWORK
    data_received..................: 1.3 MB 85 kB/s
    data_sent......................: 1.1 MB 72 kB/s




running (15.0s), 00000/00375 VUs, 5623 complete and 2 interrupted iterations
default ✓ [ 100% ] 00002/00375 VUs  15s  375.00 iters/s
