
         /\      Grafana   /‾‾/  
    /\  /  \     |\  __   /  /   
   /  \/    \    | |/ /  /   ‾‾\ 
  /          \   |   (  |  (‾)  |
 / __________ \  |_|\_\  \_____/ 

     execution: local
        script: workflow/online_boutique/k6_open_checkout.js
        output: -

     scenarios: (100.00%) 1 scenario, 10000 max VUs, 15s max duration (incl. graceful stop):
              * default: 218.00 iterations/s for 15s (maxVUs: 218-10000)


running (01.0s), 00047/00218 VUs, 167 complete and 0 interrupted iterations
default   [   7% ] 00048/00218 VUs  01.0s/15s  218.00 iters/s

running (02.0s), 00033/00218 VUs, 400 complete and 0 interrupted iterations
default   [  13% ] 00033/00218 VUs  02.0s/15s  218.00 iters/s

running (03.0s), 00050/00218 VUs, 600 complete and 0 interrupted iterations
default   [  20% ] 00050/00218 VUs  03.0s/15s  218.00 iters/s

running (04.0s), 00036/00218 VUs, 833 complete and 0 interrupted iterations
default   [  27% ] 00036/00218 VUs  04.0s/15s  218.00 iters/s

running (05.0s), 00053/00218 VUs, 1034 complete and 0 interrupted iterations
default   [  33% ] 00053/00218 VUs  05.0s/15s  218.00 iters/s

running (06.0s), 00037/00218 VUs, 1268 complete and 0 interrupted iterations
default   [  40% ] 00037/00218 VUs  06.0s/15s  218.00 iters/s

running (07.0s), 00055/00218 VUs, 1468 complete and 0 interrupted iterations
default   [  47% ] 00055/00218 VUs  07.0s/15s  218.00 iters/s

running (08.0s), 00039/00218 VUs, 1702 complete and 0 interrupted iterations
default   [  53% ] 00039/00218 VUs  08.0s/15s  218.00 iters/s

running (09.0s), 00055/00218 VUs, 1903 complete and 0 interrupted iterations
default   [  60% ] 00055/00218 VUs  09.0s/15s  218.00 iters/s

running (10.0s), 00040/00218 VUs, 2137 complete and 0 interrupted iterations
default   [  67% ] 00040/00218 VUs  10.0s/15s  218.00 iters/s

running (11.0s), 00058/00218 VUs, 2337 complete and 0 interrupted iterations
default   [  73% ] 00058/00218 VUs  11.0s/15s  218.00 iters/s

running (12.0s), 00043/00218 VUs, 2570 complete and 0 interrupted iterations
default   [  80% ] 00043/00218 VUs  12.0s/15s  218.00 iters/s

running (13.0s), 00060/00218 VUs, 2771 complete and 0 interrupted iterations
default   [  87% ] 00060/00218 VUs  13.0s/15s  218.00 iters/s

running (14.0s), 00044/00218 VUs, 3004 complete and 0 interrupted iterations
default   [  93% ] 00044/00218 VUs  14.0s/15s  218.00 iters/s

running (15.0s), 00062/00218 VUs, 3204 complete and 0 interrupted iterations
default   [ 100% ] 00062/00218 VUs  15.0s/15s  218.00 iters/s


  █ TOTAL RESULTS 

    CUSTOM
    online_boutique_application_errors...: 0.00%  0 out of 3216

    HTTP
    http_req_duration....................: avg=215.19ms min=133.45ms med=215.24ms max=300.45ms p(90)=273.37ms p(95)=281.19ms
      { expected_response:true }.........: avg=215.19ms min=133.45ms med=215.24ms max=300.45ms p(90)=273.37ms p(95)=281.19ms
    http_req_failed......................: 0.00%  0 out of 3217
    http_reqs............................: 3217   214.454061/s

    EXECUTION
    iteration_duration...................: avg=215.43ms min=133.65ms med=215.48ms max=300.68ms p(90)=273.57ms p(95)=281.39ms
    iterations...........................: 3217   214.454061/s
    vus..................................: 63     min=32        max=63 
    vus_max..............................: 218    min=218       max=218

    NETWORK
    data_received........................: 6.5 MB 435 kB/s
    data_sent............................: 1.8 MB 121 kB/s




running (15.0s), 00000/00218 VUs, 3215 complete and 56 interrupted iterations
default ✓ [ 100% ] 00056/00218 VUs  15s  218.00 iters/s
