
         /\      Grafana   /‾‾/  
    /\  /  \     |\  __   /  /   
   /  \/    \    | |/ /  /   ‾‾\ 
  /          \   |   (  |  (‾)  |
 / __________ \  |_|\_\  \_____/ 

     execution: local
        script: workflow/social/k6_open_client.js
        output: -

     scenarios: (100.00%) 1 scenario, 10000 max VUs, 15s max duration (incl. graceful stop):
              * default: 7301.00 iterations/s for 15s (maxVUs: 7301-10000)


running (00.8s), 01871/07301 VUs, 3649 complete and 0 interrupted iterations
default   [   5% ] 01871/07301 VUs  00.8s/15s  7301.00 iters/s

running (01.8s), 01824/07301 VUs, 10998 complete and 0 interrupted iterations
default   [  12% ] 01824/07301 VUs  01.8s/15s  7301.00 iters/s

running (02.8s), 01312/07301 VUs, 18811 complete and 0 interrupted iterations
default   [  18% ] 01311/07301 VUs  02.8s/15s  7301.00 iters/s

running (03.8s), 01535/07301 VUs, 25889 complete and 0 interrupted iterations
default   [  25% ] 01535/07301 VUs  03.8s/15s  7301.00 iters/s

running (04.8s), 01635/07301 VUs, 33090 complete and 0 interrupted iterations
default   [  32% ] 01635/07301 VUs  04.8s/15s  7301.00 iters/s

running (05.8s), 01946/07301 VUs, 40080 complete and 0 interrupted iterations
default   [  38% ] 01946/07301 VUs  05.8s/15s  7301.00 iters/s

running (06.8s), 01499/07301 VUs, 47828 complete and 0 interrupted iterations
default   [  45% ] 01499/07301 VUs  06.8s/15s  7301.00 iters/s

running (07.8s), 01127/07301 VUs, 55503 complete and 0 interrupted iterations
default   [  52% ] 01127/07301 VUs  07.8s/15s  7301.00 iters/s

running (08.8s), 00402/07301 VUs, 63530 complete and 0 interrupted iterations
default   [  58% ] 00402/07301 VUs  08.8s/15s  7301.00 iters/s

running (09.8s), 00193/07301 VUs, 71038 complete and 0 interrupted iterations
default   [  65% ] 00193/07301 VUs  09.8s/15s  7301.00 iters/s

running (10.8s), 00240/07301 VUs, 78291 complete and 0 interrupted iterations
default   [  72% ] 00240/07301 VUs  10.8s/15s  7301.00 iters/s

running (11.8s), 00438/07301 VUs, 85394 complete and 0 interrupted iterations
default   [  78% ] 00438/07301 VUs  11.8s/15s  7301.00 iters/s

running (12.8s), 00139/07301 VUs, 92996 complete and 0 interrupted iterations
default   [  85% ] 00139/07301 VUs  12.8s/15s  7301.00 iters/s

running (13.8s), 00306/07301 VUs, 100128 complete and 0 interrupted iterations
default   [  92% ] 00306/07301 VUs  13.8s/15s  7301.00 iters/s

running (14.8s), 00157/07301 VUs, 107578 complete and 0 interrupted iterations
default   [  98% ] 00157/07301 VUs  14.8s/15s  7301.00 iters/s


  █ TOTAL RESULTS 

    HTTP
    http_req_duration..............: avg=134.36ms min=3.67ms med=139.57ms max=487.6ms  p(90)=259.11ms p(95)=288.71ms
      { expected_response:true }...: avg=134.36ms min=3.67ms med=139.57ms max=487.6ms  p(90)=259.11ms p(95)=288.71ms
    http_req_failed................: 0.00%  0 out of 108954
    http_reqs......................: 108954 7257.228638/s

    EXECUTION
    iteration_duration.............: avg=135.38ms min=3.77ms med=140.36ms max=487.91ms p(90)=259.74ms p(95)=289.32ms
    iterations.....................: 108954 7257.228638/s
    vus............................: 157    min=139         max=1945
    vus_max........................: 7301   min=7301        max=7301

    NETWORK
    data_received..................: 25 MB  1.7 MB/s
    data_sent......................: 36 MB  2.4 MB/s




running (15.0s), 00000/07301 VUs, 108926 complete and 590 interrupted iterations
default ✓ [ 100% ] 00590/07301 VUs  15s  7301.00 iters/s
