
         /\      Grafana   /‾‾/  
    /\  /  \     |\  __   /  /   
   /  \/    \    | |/ /  /   ‾‾\ 
  /          \   |   (  |  (‾)  |
 / __________ \  |_|\_\  \_____/ 

     execution: local
        script: workflow/spin/k6_open_client.js
        output: -

     scenarios: (100.00%) 1 scenario, 10000 max VUs, 15s max duration (incl. graceful stop):
              * default: 1379.00 iterations/s for 15s (maxVUs: 1379-10000)


running (00.9s), 00063/01379 VUs, 1244 complete and 0 interrupted iterations
default   [   6% ] 00063/01379 VUs  00.9s/15s  1379.00 iters/s

running (01.9s), 00070/01379 VUs, 2616 complete and 0 interrupted iterations
default   [  13% ] 00070/01379 VUs  01.9s/15s  1379.00 iters/s

running (02.9s), 00083/01379 VUs, 3982 complete and 0 interrupted iterations
default   [  20% ] 00083/01379 VUs  02.9s/15s  1379.00 iters/s

running (03.9s), 00073/01379 VUs, 5372 complete and 0 interrupted iterations
default   [  26% ] 00073/01379 VUs  03.9s/15s  1379.00 iters/s

running (04.9s), 00065/01379 VUs, 6758 complete and 0 interrupted iterations
default   [  33% ] 00065/01379 VUs  04.9s/15s  1379.00 iters/s

running (05.9s), 00054/01379 VUs, 8148 complete and 0 interrupted iterations
default   [  40% ] 00054/01379 VUs  05.9s/15s  1379.00 iters/s

running (06.9s), 00082/01379 VUs, 9499 complete and 0 interrupted iterations
default   [  46% ] 00082/01379 VUs  06.9s/15s  1379.00 iters/s

running (07.9s), 00071/01379 VUs, 10889 complete and 0 interrupted iterations
default   [  53% ] 00071/01379 VUs  07.9s/15s  1379.00 iters/s

running (08.9s), 00066/01379 VUs, 12273 complete and 0 interrupted iterations
default   [  60% ] 00066/01379 VUs  08.9s/15s  1379.00 iters/s

running (09.9s), 00075/01379 VUs, 13643 complete and 0 interrupted iterations
default   [  66% ] 00075/01379 VUs  09.9s/15s  1379.00 iters/s

running (10.9s), 00081/01379 VUs, 15016 complete and 0 interrupted iterations
default   [  73% ] 00081/01379 VUs  10.9s/15s  1379.00 iters/s

running (11.9s), 00071/01379 VUs, 16404 complete and 0 interrupted iterations
default   [  80% ] 00071/01379 VUs  11.9s/15s  1379.00 iters/s

running (12.9s), 00063/01379 VUs, 17792 complete and 0 interrupted iterations
default   [  86% ] 00063/01379 VUs  12.9s/15s  1379.00 iters/s

running (13.9s), 00093/01379 VUs, 19141 complete and 0 interrupted iterations
default   [  93% ] 00093/01379 VUs  13.9s/15s  1379.00 iters/s

running (14.9s), 00082/01379 VUs, 20531 complete and 0 interrupted iterations
default   [ 100% ] 00082/01379 VUs  14.9s/15s  1379.00 iters/s


  █ TOTAL RESULTS 

    HTTP
    http_req_duration..............: avg=52.86ms min=34.58ms med=52.78ms max=80.9ms  p(90)=63.78ms p(95)=66.3ms 
      { expected_response:true }...: avg=52.86ms min=34.58ms med=52.78ms max=80.9ms  p(90)=63.78ms p(95)=66.3ms 
    http_req_failed................: 0.00%  0 out of 20619
    http_reqs......................: 20619  1374.336001/s

    EXECUTION
    iteration_duration.............: avg=52.95ms min=34.65ms med=52.86ms max=81.33ms p(90)=63.87ms p(95)=66.41ms
    iterations.....................: 20619  1374.336001/s
    vus............................: 82     min=54         max=94  
    vus_max........................: 1379   min=1379       max=1379

    NETWORK
    data_received..................: 4.2 MB 279 kB/s
    data_sent......................: 4.0 MB 265 kB/s




running (15.0s), 00000/01379 VUs, 20619 complete and 66 interrupted iterations
default ✓ [ 100% ] 00066/01379 VUs  15s  1379.00 iters/s
