
         /\      Grafana   /‾‾/  
    /\  /  \     |\  __   /  /   
   /  \/    \    | |/ /  /   ‾‾\ 
  /          \   |   (  |  (‾)  |
 / __________ \  |_|\_\  \_____/ 

     execution: local
        script: workflow/hotel/k6_open_hotels_client.js
        output: -

     scenarios: (100.00%) 1 scenario, 10000 max VUs, 10s max duration (incl. graceful stop):
              * default: 236.00 iterations/s for 10s (maxVUs: 236-10000)


running (01.0s), 00001/00236 VUs, 231 complete and 0 interrupted iterations
default   [  10% ] 00001/00236 VUs  01.0s/10s  236.00 iters/s

running (02.0s), 00001/00236 VUs, 467 complete and 0 interrupted iterations
default   [  20% ] 00001/00236 VUs  02.0s/10s  236.00 iters/s

running (03.0s), 00001/00236 VUs, 703 complete and 0 interrupted iterations
default   [  30% ] 00001/00236 VUs  03.0s/10s  236.00 iters/s

running (04.0s), 00001/00236 VUs, 939 complete and 0 interrupted iterations
default   [  40% ] 00002/00236 VUs  04.0s/10s  236.00 iters/s

running (05.0s), 00001/00236 VUs, 1175 complete and 0 interrupted iterations
default   [  50% ] 00001/00236 VUs  05.0s/10s  236.00 iters/s

running (06.0s), 00000/00236 VUs, 1412 complete and 0 interrupted iterations
default   [  60% ] 00000/00236 VUs  06.0s/10s  236.00 iters/s

running (07.0s), 00000/00236 VUs, 1648 complete and 0 interrupted iterations
default   [  70% ] 00000/00236 VUs  07.0s/10s  236.00 iters/s

running (08.0s), 00001/00236 VUs, 1883 complete and 0 interrupted iterations
default   [  80% ] 00001/00236 VUs  08.0s/10s  236.00 iters/s

running (09.0s), 00001/00236 VUs, 2119 complete and 0 interrupted iterations
default   [  90% ] 00001/00236 VUs  09.0s/10s  236.00 iters/s

running (10.0s), 00002/00236 VUs, 2355 complete and 0 interrupted iterations
default   [ 100% ] 00002/00236 VUs  10.0s/10s  236.00 iters/s


  █ TOTAL RESULTS 

    HTTP
    http_req_duration..............: avg=3.65ms min=2.93ms med=3.45ms max=12.62ms p(90)=4.12ms p(95)=5.51ms
      { expected_response:true }...: avg=3.65ms min=2.93ms med=3.45ms max=12.62ms p(90)=4.12ms p(95)=5.51ms
    http_req_failed................: 0.00%  0 out of 2360
    http_reqs......................: 2360   235.979089/s

    EXECUTION
    iteration_duration.............: avg=3.79ms min=3.04ms med=3.59ms max=12.73ms p(90)=4.29ms p(95)=5.64ms
    iterations.....................: 2360   235.979089/s
    vus............................: 2      min=0         max=2  
    vus_max........................: 236    min=236       max=236

    NETWORK
    data_received..................: 670 kB 67 kB/s
    data_sent......................: 774 kB 77 kB/s




running (10.0s), 00000/00236 VUs, 2360 complete and 1 interrupted iterations
default ✓ [ 100% ] 00001/00236 VUs  10s  236.00 iters/s
