
         /\      Grafana   /‾‾/  
    /\  /  \     |\  __   /  /   
   /  \/    \    | |/ /  /   ‾‾\ 
  /          \   |   (  |  (‾)  |
 / __________ \  |_|\_\  \_____/ 

     execution: local
        script: workflow/media/k6_open_review_compose.js
        output: -

     scenarios: (100.00%) 1 scenario, 10000 max VUs, 15s max duration (incl. graceful stop):
              * default: 1072.00 iterations/s for 15s (maxVUs: 1072-10000)


running (01.0s), 00386/01072 VUs, 639 complete and 0 interrupted iterations
default   [   6% ] 00386/01072 VUs  01.0s/15s  1072.00 iters/s

running (02.0s), 00523/01072 VUs, 1575 complete and 0 interrupted iterations
default   [  13% ] 00523/01072 VUs  02.0s/15s  1072.00 iters/s

running (03.0s), 00496/01072 VUs, 2674 complete and 0 interrupted iterations
default   [  20% ] 00496/01072 VUs  03.0s/15s  1072.00 iters/s

running (04.0s), 00664/01072 VUs, 3577 complete and 0 interrupted iterations
default   [  26% ] 00664/01072 VUs  04.0s/15s  1072.00 iters/s

running (05.0s), 00852/01072 VUs, 4461 complete and 0 interrupted iterations
default   [  33% ] 00852/01072 VUs  05.0s/15s  1072.00 iters/s

running (06.0s), 00825/01072 VUs, 5561 complete and 0 interrupted iterations
default   [  40% ] 00825/01072 VUs  06.0s/15s  1072.00 iters/s

running (07.0s), 00983/01072 VUs, 6474 complete and 0 interrupted iterations
default   [  46% ] 00983/01072 VUs  07.0s/15s  1072.00 iters/s

running (08.0s), 00967/01072 VUs, 7562 complete and 0 interrupted iterations
default   [  53% ] 00967/01072 VUs  08.0s/15s  1072.00 iters/s

running (09.0s), 00937/01092 VUs, 8634 complete and 0 interrupted iterations
default   [  60% ] 00937/01092 VUs  09.0s/15s  1072.00 iters/s

running (10.0s), 01047/01126 VUs, 9548 complete and 0 interrupted iterations
default   [  66% ] 01047/01126 VUs  10.0s/15s  1072.00 iters/s

running (11.0s), 00992/01146 VUs, 10645 complete and 0 interrupted iterations
default   [  73% ] 00992/01146 VUs  11.0s/15s  1072.00 iters/s

running (12.0s), 01166/01171 VUs, 11509 complete and 0 interrupted iterations
default   [  80% ] 01167/01171 VUs  12.0s/15s  1072.00 iters/s

running (13.0s), 01124/01216 VUs, 12562 complete and 0 interrupted iterations
default   [  86% ] 01125/01216 VUs  13.0s/15s  1072.00 iters/s

running (14.0s), 01152/01266 VUs, 13524 complete and 0 interrupted iterations
default   [  93% ] 01152/01266 VUs  14.0s/15s  1072.00 iters/s

running (15.0s), 01257/01303 VUs, 14441 complete and 0 interrupted iterations
default   [ 100% ] 01257/01303 VUs  15.0s/15s  1072.00 iters/s


  █ TOTAL RESULTS 

    HTTP
    http_req_duration..............: avg=837.86ms min=275.19ms med=887.98ms max=1.29s p(90)=1.15s p(95)=1.19s
      { expected_response:true }...: avg=837.86ms min=275.19ms med=887.98ms max=1.29s p(90)=1.15s p(95)=1.19s
    http_req_failed................: 0.00%  0 out of 14441
    http_reqs......................: 14441  962.217412/s

    EXECUTION
    dropped_iterations.............: 337    22.454627/s
    iteration_duration.............: avg=837.98ms min=275.46ms med=888.1ms  max=1.29s p(90)=1.15s p(95)=1.19s
    iterations.....................: 14441  962.217412/s
    vus............................: 1257   min=385        max=1257
    vus_max........................: 1303   min=1072       max=1303

    NETWORK
    data_received..................: 3.3 MB 223 kB/s
    data_sent......................: 8.8 MB 584 kB/s




running (15.0s), 00000/01304 VUs, 14441 complete and 1303 interrupted iterations
default ✓ [ 100% ] 01303/01303 VUs  15s  1072.00 iters/s
