
         /\      Grafana   /‾‾/  
    /\  /  \     |\  __   /  /   
   /  \/    \    | |/ /  /   ‾‾\ 
  /          \   |   (  |  (‾)  |
 / __________ \  |_|\_\  \_____/ 

     execution: local
        script: workflow/spin/k6_open_client.js
        output: -

     scenarios: (100.00%) 1 scenario, 10000 max VUs, 15s max duration (incl. graceful stop):
              * default: 430.00 iterations/s for 15s (maxVUs: 430-10000)


running (01.0s), 00014/00430 VUs, 407 complete and 0 interrupted iterations
default   [   7% ] 00015/00430 VUs  01.0s/15s  430.00 iters/s

running (02.0s), 00020/00430 VUs, 832 complete and 0 interrupted iterations
default   [  13% ] 00020/00430 VUs  02.0s/15s  430.00 iters/s

running (03.0s), 00023/00430 VUs, 1259 complete and 0 interrupted iterations
default   [  20% ] 00023/00430 VUs  03.0s/15s  430.00 iters/s

running (04.0s), 00025/00430 VUs, 1686 complete and 0 interrupted iterations
default   [  27% ] 00025/00430 VUs  04.0s/15s  430.00 iters/s

running (05.0s), 00009/00430 VUs, 2132 complete and 0 interrupted iterations
default   [  33% ] 00009/00430 VUs  05.0s/15s  430.00 iters/s

running (06.0s), 00011/00430 VUs, 2561 complete and 0 interrupted iterations
default   [  40% ] 00011/00430 VUs  06.0s/15s  430.00 iters/s

running (07.0s), 00013/00430 VUs, 2989 complete and 0 interrupted iterations
default   [  47% ] 00013/00430 VUs  07.0s/15s  430.00 iters/s

running (08.0s), 00017/00430 VUs, 3415 complete and 0 interrupted iterations
default   [  53% ] 00017/00430 VUs  08.0s/15s  430.00 iters/s

running (09.0s), 00021/00430 VUs, 3841 complete and 0 interrupted iterations
default   [  60% ] 00021/00430 VUs  09.0s/15s  430.00 iters/s

running (10.0s), 00021/00430 VUs, 4271 complete and 0 interrupted iterations
default   [  67% ] 00021/00430 VUs  10.0s/15s  430.00 iters/s

running (11.0s), 00023/00430 VUs, 4699 complete and 0 interrupted iterations
default   [  73% ] 00023/00430 VUs  11.0s/15s  430.00 iters/s

running (12.0s), 00025/00430 VUs, 5126 complete and 0 interrupted iterations
default   [  80% ] 00025/00430 VUs  12.0s/15s  430.00 iters/s

running (13.0s), 00028/00430 VUs, 5553 complete and 0 interrupted iterations
default   [  87% ] 00028/00430 VUs  13.0s/15s  430.00 iters/s

running (14.0s), 00010/00430 VUs, 6002 complete and 0 interrupted iterations
default   [  93% ] 00010/00430 VUs  14.0s/15s  430.00 iters/s

running (15.0s), 00013/00430 VUs, 6428 complete and 0 interrupted iterations
default   [ 100% ] 00013/00430 VUs  15.0s/15s  430.00 iters/s


  █ TOTAL RESULTS 

    HTTP
    http_req_duration..............: avg=43.69ms min=16.48ms med=43.67ms max=73.36ms p(90)=63.5ms  p(95)=65.87ms
      { expected_response:true }...: avg=43.69ms min=16.48ms med=43.67ms max=73.36ms p(90)=63.5ms  p(95)=65.87ms
    http_req_failed................: 0.00%  0 out of 6428
    http_reqs......................: 6428   428.501847/s

    EXECUTION
    iteration_duration.............: avg=43.78ms min=16.54ms med=43.77ms max=73.58ms p(90)=63.58ms p(95)=65.94ms
    iterations.....................: 6428   428.501847/s
    vus............................: 14     min=9         max=28 
    vus_max........................: 430    min=430       max=430

    NETWORK
    data_received..................: 1.3 MB 86 kB/s
    data_sent......................: 1.2 MB 83 kB/s




running (15.0s), 00000/00430 VUs, 6428 complete and 23 interrupted iterations
default ✓ [ 100% ] 00023/00430 VUs  15s  430.00 iters/s
