
         /\      Grafana   /‾‾/  
    /\  /  \     |\  __   /  /   
   /  \/    \    | |/ /  /   ‾‾\ 
  /          \   |   (  |  (‾)  |
 / __________ \  |_|\_\  \_____/ 

     execution: local
        script: workflow/spin/k6_open_client.js
        output: -

     scenarios: (100.00%) 1 scenario, 10000 max VUs, 15s max duration (incl. graceful stop):
              * default: 1452.00 iterations/s for 15s (maxVUs: 1452-10000)


running (00.9s), 00110/01452 VUs, 1254 complete and 0 interrupted iterations
default   [   6% ] 00111/01452 VUs  00.9s/15s  1452.00 iters/s

running (01.9s), 00123/01452 VUs, 2695 complete and 0 interrupted iterations
default   [  13% ] 00123/01452 VUs  01.9s/15s  1452.00 iters/s

running (02.9s), 00087/01452 VUs, 4183 complete and 0 interrupted iterations
default   [  20% ] 00087/01452 VUs  02.9s/15s  1452.00 iters/s

running (03.9s), 00090/01452 VUs, 5632 complete and 0 interrupted iterations
default   [  26% ] 00090/01452 VUs  03.9s/15s  1452.00 iters/s

running (04.9s), 00087/01452 VUs, 7085 complete and 0 interrupted iterations
default   [  33% ] 00087/01452 VUs  04.9s/15s  1452.00 iters/s

running (05.9s), 00098/01452 VUs, 8527 complete and 0 interrupted iterations
default   [  40% ] 00098/01452 VUs  05.9s/15s  1452.00 iters/s

running (06.9s), 00063/01452 VUs, 10014 complete and 0 interrupted iterations
default   [  46% ] 00063/01452 VUs  06.9s/15s  1452.00 iters/s

running (07.9s), 00115/01452 VUs, 11414 complete and 0 interrupted iterations
default   [  53% ] 00115/01452 VUs  07.9s/15s  1452.00 iters/s

running (08.9s), 00095/01452 VUs, 12886 complete and 0 interrupted iterations
default   [  60% ] 00095/01452 VUs  08.9s/15s  1452.00 iters/s

running (09.9s), 00081/01452 VUs, 14353 complete and 0 interrupted iterations
default   [  66% ] 00081/01452 VUs  09.9s/15s  1452.00 iters/s

running (10.9s), 00088/01452 VUs, 15797 complete and 0 interrupted iterations
default   [  73% ] 00088/01452 VUs  10.9s/15s  1452.00 iters/s

running (11.9s), 00082/01452 VUs, 17255 complete and 0 interrupted iterations
default   [  80% ] 00082/01452 VUs  11.9s/15s  1452.00 iters/s

running (12.9s), 00076/01452 VUs, 18713 complete and 0 interrupted iterations
default   [  86% ] 00076/01452 VUs  12.9s/15s  1452.00 iters/s

running (13.9s), 00083/01452 VUs, 20158 complete and 0 interrupted iterations
default   [  93% ] 00083/01452 VUs  13.9s/15s  1452.00 iters/s

running (14.9s), 00061/01452 VUs, 21632 complete and 0 interrupted iterations
default   [ 100% ] 00061/01452 VUs  14.9s/15s  1452.00 iters/s


  █ TOTAL RESULTS 

    HTTP
    http_req_duration..............: avg=60.59ms min=33.78ms med=58.91ms max=119.35ms p(90)=79.72ms p(95)=87.74ms
      { expected_response:true }...: avg=60.59ms min=33.78ms med=58.91ms max=119.35ms p(90)=79.72ms p(95)=87.74ms
    http_req_failed................: 0.00%  0 out of 21723
    http_reqs......................: 21723  1447.978249/s

    EXECUTION
    iteration_duration.............: avg=60.68ms min=33.85ms med=59ms    max=119.43ms p(90)=79.82ms p(95)=87.83ms
    iterations.....................: 21723  1447.978249/s
    vus............................: 61     min=61         max=123 
    vus_max........................: 1452   min=1452       max=1452

    NETWORK
    data_received..................: 4.4 MB 294 kB/s
    data_sent......................: 4.2 MB 279 kB/s




running (15.0s), 00000/01452 VUs, 21723 complete and 58 interrupted iterations
default ✓ [ 100% ] 00058/01452 VUs  15s  1452.00 iters/s
