
         /\      Grafana   /‾‾/  
    /\  /  \     |\  __   /  /   
   /  \/    \    | |/ /  /   ‾‾\ 
  /          \   |   (  |  (‾)  |
 / __________ \  |_|\_\  \_____/ 

     execution: local
        script: workflow/spin/k6_open_client.js
        output: -

     scenarios: (100.00%) 1 scenario, 10000 max VUs, 15s max duration (incl. graceful stop):
              * default: 3324.00 iterations/s for 15s (maxVUs: 3324-10000)


running (00.9s), 00182/03324 VUs, 2782 complete and 0 interrupted iterations
default   [   6% ] 00182/03324 VUs  00.9s/15s  3324.00 iters/s

running (01.9s), 00191/03324 VUs, 6097 complete and 0 interrupted iterations
default   [  13% ] 00191/03324 VUs  01.9s/15s  3324.00 iters/s

running (02.9s), 00162/03324 VUs, 9453 complete and 0 interrupted iterations
default   [  19% ] 00162/03324 VUs  02.9s/15s  3324.00 iters/s

running (03.9s), 00152/03324 VUs, 12784 complete and 0 interrupted iterations
default   [  26% ] 00152/03324 VUs  03.9s/15s  3324.00 iters/s

running (04.9s), 00143/03324 VUs, 16116 complete and 0 interrupted iterations
default   [  33% ] 00143/03324 VUs  04.9s/15s  3324.00 iters/s

running (05.9s), 00167/03324 VUs, 19420 complete and 0 interrupted iterations
default   [  39% ] 00167/03324 VUs  05.9s/15s  3324.00 iters/s

running (06.9s), 00151/03324 VUs, 22756 complete and 0 interrupted iterations
default   [  46% ] 00151/03324 VUs  06.9s/15s  3324.00 iters/s

running (07.9s), 00148/03324 VUs, 26086 complete and 0 interrupted iterations
default   [  53% ] 00148/03324 VUs  07.9s/15s  3324.00 iters/s

running (08.9s), 00227/03324 VUs, 29330 complete and 0 interrupted iterations
default   [  59% ] 00227/03324 VUs  08.9s/15s  3324.00 iters/s

running (09.9s), 00178/03324 VUs, 32702 complete and 0 interrupted iterations
default   [  66% ] 00178/03324 VUs  09.9s/15s  3324.00 iters/s

running (10.9s), 00120/03324 VUs, 36084 complete and 0 interrupted iterations
default   [  73% ] 00120/03324 VUs  10.9s/15s  3324.00 iters/s

running (11.9s), 00197/03324 VUs, 39331 complete and 0 interrupted iterations
default   [  79% ] 00197/03324 VUs  11.9s/15s  3324.00 iters/s

running (12.9s), 00132/03324 VUs, 42720 complete and 0 interrupted iterations
default   [  86% ] 00131/03324 VUs  12.9s/15s  3324.00 iters/s

running (13.9s), 00102/03324 VUs, 46074 complete and 0 interrupted iterations
default   [  93% ] 00102/03324 VUs  13.9s/15s  3324.00 iters/s

running (14.9s), 00081/03324 VUs, 49416 complete and 0 interrupted iterations
default   [  99% ] 00081/03324 VUs  14.9s/15s  3324.00 iters/s


  █ TOTAL RESULTS 

    HTTP
    http_req_duration..............: avg=47.89ms min=17.42ms med=48.17ms max=84.99ms p(90)=60.38ms p(95)=63.79ms
      { expected_response:true }...: avg=47.89ms min=17.42ms med=48.17ms max=84.99ms p(90)=60.38ms p(95)=63.79ms
    http_req_failed................: 0.00%  0 out of 49785
    http_reqs......................: 49785  3317.784235/s

    EXECUTION
    iteration_duration.............: avg=47.99ms min=17.5ms  med=48.25ms max=85.28ms p(90)=60.51ms p(95)=63.91ms
    iterations.....................: 49785  3317.784235/s
    vus............................: 83     min=83         max=227 
    vus_max........................: 3324   min=3324       max=3324

    NETWORK
    data_received..................: 10 MB  674 kB/s
    data_sent......................: 9.6 MB 638 kB/s




running (15.0s), 00000/03324 VUs, 49785 complete and 77 interrupted iterations
default ✓ [ 100% ] 00077/03324 VUs  15s  3324.00 iters/s
