
         /\      Grafana   /‾‾/  
    /\  /  \     |\  __   /  /   
   /  \/    \    | |/ /  /   ‾‾\ 
  /          \   |   (  |  (‾)  |
 / __________ \  |_|\_\  \_____/ 

     execution: local
        script: workflow/write/k6_open_client.js
        output: -

     scenarios: (100.00%) 1 scenario, 10000 max VUs, 15s max duration (incl. graceful stop):
              * default: 2542.00 iterations/s for 15s (maxVUs: 2542-10000)


running (00.9s), 00346/02542 VUs, 1971 complete and 0 interrupted iterations
default   [   6% ] 00346/02542 VUs  00.9s/15s  2542.00 iters/s

running (01.9s), 00561/02542 VUs, 4300 complete and 0 interrupted iterations
default   [  13% ] 00561/02542 VUs  01.9s/15s  2542.00 iters/s

running (02.9s), 00412/02542 VUs, 6991 complete and 0 interrupted iterations
default   [  19% ] 00412/02542 VUs  02.9s/15s  2542.00 iters/s

running (03.9s), 00467/02542 VUs, 9479 complete and 0 interrupted iterations
default   [  26% ] 00467/02542 VUs  03.9s/15s  2542.00 iters/s

running (04.9s), 00354/02542 VUs, 12133 complete and 0 interrupted iterations
default   [  33% ] 00354/02542 VUs  04.9s/15s  2542.00 iters/s

running (05.9s), 00346/02542 VUs, 14683 complete and 0 interrupted iterations
default   [  39% ] 00346/02542 VUs  05.9s/15s  2542.00 iters/s

running (06.9s), 00255/02542 VUs, 17315 complete and 0 interrupted iterations
default   [  46% ] 00255/02542 VUs  06.9s/15s  2542.00 iters/s

running (07.9s), 00305/02542 VUs, 19807 complete and 0 interrupted iterations
default   [  53% ] 00305/02542 VUs  07.9s/15s  2542.00 iters/s

running (08.9s), 00333/02542 VUs, 22322 complete and 0 interrupted iterations
default   [  59% ] 00332/02542 VUs  08.9s/15s  2542.00 iters/s

running (09.9s), 00123/02542 VUs, 25075 complete and 0 interrupted iterations
default   [  66% ] 00123/02542 VUs  09.9s/15s  2542.00 iters/s

running (10.9s), 00225/02542 VUs, 27514 complete and 0 interrupted iterations
default   [  73% ] 00225/02542 VUs  10.9s/15s  2542.00 iters/s

running (11.9s), 00341/02542 VUs, 29942 complete and 0 interrupted iterations
default   [  79% ] 00341/02542 VUs  11.9s/15s  2542.00 iters/s

running (12.9s), 00170/02542 VUs, 32653 complete and 0 interrupted iterations
default   [  86% ] 00170/02542 VUs  12.9s/15s  2542.00 iters/s

running (13.9s), 00157/02542 VUs, 35209 complete and 0 interrupted iterations
default   [  93% ] 00157/02542 VUs  13.9s/15s  2542.00 iters/s

running (14.9s), 00318/02542 VUs, 37589 complete and 0 interrupted iterations
default   [  99% ] 00318/02542 VUs  14.9s/15s  2542.00 iters/s


  █ TOTAL RESULTS 

    HTTP
    http_req_duration..............: avg=126.01ms min=33.87ms med=127.32ms max=237.5ms  p(90)=184.47ms p(95)=199.3ms 
      { expected_response:true }...: avg=126.01ms min=33.87ms med=127.32ms max=237.5ms  p(90)=184.47ms p(95)=199.3ms 
    http_req_failed................: 0.00%  0 out of 37834
    http_reqs......................: 37834  2521.371893/s

    EXECUTION
    iteration_duration.............: avg=126.08ms min=33.93ms med=127.4ms  max=237.55ms p(90)=184.53ms p(95)=199.37ms
    iterations.....................: 37834  2521.371893/s
    vus............................: 317    min=123        max=559 
    vus_max........................: 2542   min=2542       max=2542

    NETWORK
    data_received..................: 7.7 MB 512 kB/s
    data_sent......................: 3.8 MB 254 kB/s




running (15.0s), 00000/02542 VUs, 37832 complete and 299 interrupted iterations
default ✓ [ 100% ] 00299/02542 VUs  15s  2542.00 iters/s
