
         /\      Grafana   /‾‾/  
    /\  /  \     |\  __   /  /   
   /  \/    \    | |/ /  /   ‾‾\ 
  /          \   |   (  |  (‾)  |
 / __________ \  |_|\_\  \_____/ 

     execution: local
        script: workflow/write/k6_open_client.js
        output: -

     scenarios: (100.00%) 1 scenario, 10000 max VUs, 15s max duration (incl. graceful stop):
              * default: 8212.00 iterations/s for 15s (maxVUs: 8212-10000)


running (00.7s), 02115/08212 VUs, 3976 complete and 0 interrupted iterations
default   [   5% ] 02115/08212 VUs  00.7s/15s  8212.00 iters/s

running (01.7s), 02335/08212 VUs, 11969 complete and 0 interrupted iterations
default   [  12% ] 02335/08212 VUs  01.7s/15s  8212.00 iters/s

running (02.7s), 02267/08212 VUs, 20248 complete and 0 interrupted iterations
default   [  18% ] 02268/08212 VUs  02.7s/15s  8212.00 iters/s

running (03.7s), 03091/08212 VUs, 27638 complete and 0 interrupted iterations
default   [  25% ] 03091/08212 VUs  03.7s/15s  8212.00 iters/s

running (04.7s), 03123/08212 VUs, 35818 complete and 0 interrupted iterations
default   [  32% ] 03122/08212 VUs  04.7s/15s  8212.00 iters/s

running (05.7s), 03133/08212 VUs, 44019 complete and 0 interrupted iterations
default   [  38% ] 03133/08212 VUs  05.7s/15s  8212.00 iters/s

running (06.7s), 03031/08212 VUs, 52332 complete and 0 interrupted iterations
default   [  45% ] 03031/08212 VUs  06.7s/15s  8212.00 iters/s

running (07.7s), 03002/08212 VUs, 60574 complete and 0 interrupted iterations
default   [  52% ] 03002/08212 VUs  07.7s/15s  8212.00 iters/s

running (08.7s), 02878/08212 VUs, 68910 complete and 0 interrupted iterations
default   [  58% ] 02878/08212 VUs  08.7s/15s  8212.00 iters/s

running (09.7s), 03132/08212 VUs, 76868 complete and 0 interrupted iterations
default   [  65% ] 03132/08212 VUs  09.7s/15s  8212.00 iters/s

running (10.7s), 03508/08212 VUs, 84704 complete and 0 interrupted iterations
default   [  72% ] 03508/08212 VUs  10.7s/15s  8212.00 iters/s

running (11.7s), 03722/08212 VUs, 92702 complete and 0 interrupted iterations
default   [  78% ] 03722/08212 VUs  11.7s/15s  8212.00 iters/s

running (12.7s), 03407/08212 VUs, 101229 complete and 0 interrupted iterations
default   [  85% ] 03407/08212 VUs  12.7s/15s  8212.00 iters/s

running (13.7s), 03843/08212 VUs, 109005 complete and 0 interrupted iterations
default   [  92% ] 03843/08212 VUs  13.7s/15s  8212.00 iters/s

running (14.7s), 03702/08212 VUs, 117358 complete and 0 interrupted iterations
default   [  98% ] 03702/08212 VUs  14.7s/15s  8212.00 iters/s


  █ TOTAL RESULTS 

    HTTP
    http_req_duration..............: avg=373.66ms min=713.73µs med=376.31ms max=925.71ms p(90)=457.05ms p(95)=463.07ms
      { expected_response:true }...: avg=373.66ms min=713.73µs med=376.31ms max=925.71ms p(90)=457.05ms p(95)=463.07ms
    http_req_failed................: 0.00%  0 out of 119499
    http_reqs......................: 119499 7949.463992/s

    EXECUTION
    iteration_duration.............: avg=373.77ms min=767.01µs med=376.37ms max=925.76ms p(90)=457.1ms  p(95)=463.13ms
    iterations.....................: 119499 7949.463992/s
    vus............................: 3702   min=2116        max=3843
    vus_max........................: 8212   min=8212        max=8212

    NETWORK
    data_received..................: 24 MB  1.6 MB/s
    data_sent......................: 12 MB  819 kB/s




running (15.0s), 00000/08212 VUs, 119499 complete and 3682 interrupted iterations
default ✓ [ 100% ] 03682/08212 VUs  15s  8212.00 iters/s
