
         /\      Grafana   /‾‾/  
    /\  /  \     |\  __   /  /   
   /  \/    \    | |/ /  /   ‾‾\ 
  /          \   |   (  |  (‾)  |
 / __________ \  |_|\_\  \_____/ 

     execution: local
        script: workflow/spin/k6_open_client.js
        output: -

     scenarios: (100.00%) 1 scenario, 10000 max VUs, 15s max duration (incl. graceful stop):
              * default: 4950.00 iterations/s for 15s (maxVUs: 4950-10000)


running (00.9s), 01028/04950 VUs, 3190 complete and 0 interrupted iterations
default   [   6% ] 01028/04950 VUs  00.9s/15s  4950.00 iters/s

running (01.9s), 01246/04950 VUs, 7919 complete and 0 interrupted iterations
default   [  12% ] 01247/04950 VUs  01.9s/15s  4950.00 iters/s

running (02.9s), 01474/04950 VUs, 12648 complete and 0 interrupted iterations
default   [  19% ] 01474/04950 VUs  02.9s/15s  4950.00 iters/s

running (03.9s), 01741/04950 VUs, 17327 complete and 0 interrupted iterations
default   [  26% ] 01741/04950 VUs  03.9s/15s  4950.00 iters/s

running (04.9s), 01992/04950 VUs, 22027 complete and 0 interrupted iterations
default   [  32% ] 01992/04950 VUs  04.9s/15s  4950.00 iters/s

running (05.9s), 02080/04950 VUs, 26891 complete and 0 interrupted iterations
default   [  39% ] 02080/04950 VUs  05.9s/15s  4950.00 iters/s

running (06.9s), 02318/04950 VUs, 31601 complete and 0 interrupted iterations
default   [  46% ] 02318/04950 VUs  06.9s/15s  4950.00 iters/s

running (07.9s), 02617/04950 VUs, 36252 complete and 0 interrupted iterations
default   [  52% ] 02617/04950 VUs  07.9s/15s  4950.00 iters/s

running (08.9s), 02818/04950 VUs, 41001 complete and 0 interrupted iterations
default   [  59% ] 02818/04950 VUs  08.9s/15s  4950.00 iters/s

running (09.9s), 02947/04950 VUs, 45820 complete and 0 interrupted iterations
default   [  66% ] 02947/04950 VUs  09.9s/15s  4950.00 iters/s

running (10.9s), 03034/04950 VUs, 50685 complete and 0 interrupted iterations
default   [  72% ] 03034/04950 VUs  10.9s/15s  4950.00 iters/s

running (11.9s), 03160/04950 VUs, 55509 complete and 0 interrupted iterations
default   [  79% ] 03160/04950 VUs  11.9s/15s  4950.00 iters/s

running (12.9s), 03249/04950 VUs, 60373 complete and 0 interrupted iterations
default   [  86% ] 03249/04950 VUs  12.9s/15s  4950.00 iters/s

running (13.9s), 03377/04950 VUs, 65192 complete and 0 interrupted iterations
default   [  92% ] 03376/04950 VUs  13.9s/15s  4950.00 iters/s

running (14.9s), 03585/04950 VUs, 69934 complete and 0 interrupted iterations
default   [  99% ] 03585/04950 VUs  14.9s/15s  4950.00 iters/s


  █ TOTAL RESULTS 

    HTTP
    http_req_duration..............: avg=488.46ms min=89.25ms med=520.47ms max=740.95ms p(90)=686.52ms p(95)=699.22ms
      { expected_response:true }...: avg=488.46ms min=89.25ms med=520.47ms max=740.95ms p(90)=686.52ms p(95)=699.22ms
    http_req_failed................: 0.00% 0 out of 70642
    http_reqs......................: 70642 4699.262595/s

    EXECUTION
    iteration_duration.............: avg=488.57ms min=89.83ms med=520.56ms max=756.53ms p(90)=686.61ms p(95)=699.32ms
    iterations.....................: 70642 4699.262595/s
    vus............................: 3585  min=1028       max=3585
    vus_max........................: 4950  min=4950       max=4950

    NETWORK
    data_received..................: 14 MB 954 kB/s
    data_sent......................: 14 MB 948 kB/s




running (15.0s), 00000/04950 VUs, 70621 complete and 3634 interrupted iterations
default ✓ [ 100% ] 03634/04950 VUs  15s  4950.00 iters/s
