
         /\      Grafana   /‾‾/  
    /\  /  \     |\  __   /  /   
   /  \/    \    | |/ /  /   ‾‾\ 
  /          \   |   (  |  (‾)  |
 / __________ \  |_|\_\  \_____/ 

     execution: local
        script: workflow/spin/k6_open_client.js
        output: -

     scenarios: (100.00%) 1 scenario, 10000 max VUs, 15s max duration (incl. graceful stop):
              * default: 1061.00 iterations/s for 15s (maxVUs: 1061-10000)


running (01.0s), 00044/01061 VUs, 969 complete and 0 interrupted iterations
default   [   6% ] 00045/01061 VUs  01.0s/15s  1061.00 iters/s

running (02.0s), 00042/01061 VUs, 2033 complete and 0 interrupted iterations
default   [  13% ] 00042/01061 VUs  02.0s/15s  1061.00 iters/s

running (03.0s), 00038/01061 VUs, 3098 complete and 0 interrupted iterations
default   [  20% ] 00038/01061 VUs  03.0s/15s  1061.00 iters/s

running (04.0s), 00038/01061 VUs, 4159 complete and 0 interrupted iterations
default   [  26% ] 00038/01061 VUs  04.0s/15s  1061.00 iters/s

running (05.0s), 00049/01061 VUs, 5209 complete and 0 interrupted iterations
default   [  33% ] 00049/01061 VUs  05.0s/15s  1061.00 iters/s

running (06.0s), 00029/01061 VUs, 6290 complete and 0 interrupted iterations
default   [  40% ] 00029/01061 VUs  06.0s/15s  1061.00 iters/s

running (07.0s), 00039/01061 VUs, 7341 complete and 0 interrupted iterations
default   [  46% ] 00039/01061 VUs  07.0s/15s  1061.00 iters/s

running (08.0s), 00048/01061 VUs, 8392 complete and 0 interrupted iterations
default   [  53% ] 00048/01061 VUs  08.0s/15s  1061.00 iters/s

running (09.0s), 00047/01061 VUs, 9455 complete and 0 interrupted iterations
default   [  60% ] 00047/01061 VUs  09.0s/15s  1061.00 iters/s

running (10.0s), 00029/01061 VUs, 10534 complete and 0 interrupted iterations
default   [  66% ] 00029/01061 VUs  10.0s/15s  1061.00 iters/s

running (11.0s), 00057/01061 VUs, 11567 complete and 0 interrupted iterations
default   [  73% ] 00057/01061 VUs  11.0s/15s  1061.00 iters/s

running (12.0s), 00024/01061 VUs, 12661 complete and 0 interrupted iterations
default   [  80% ] 00024/01061 VUs  12.0s/15s  1061.00 iters/s

running (13.0s), 00023/01061 VUs, 13722 complete and 0 interrupted iterations
default   [  86% ] 00023/01061 VUs  13.0s/15s  1061.00 iters/s

running (14.0s), 00038/01061 VUs, 14769 complete and 0 interrupted iterations
default   [  93% ] 00038/01061 VUs  14.0s/15s  1061.00 iters/s

running (15.0s), 00054/01061 VUs, 15814 complete and 0 interrupted iterations
default   [ 100% ] 00054/01061 VUs  15.0s/15s  1061.00 iters/s


  █ TOTAL RESULTS 

    HTTP
    http_req_duration..............: avg=37.03ms min=18.2ms  med=36.94ms max=65.68ms p(90)=48.97ms p(95)=51.43ms
      { expected_response:true }...: avg=37.03ms min=18.2ms  med=36.94ms max=65.68ms p(90)=48.97ms p(95)=51.43ms
    http_req_failed................: 0.00%  0 out of 15880
    http_reqs......................: 15880  1058.497508/s

    EXECUTION
    iteration_duration.............: avg=37.11ms min=18.29ms med=37.03ms max=65.73ms p(90)=49.05ms p(95)=51.51ms
    iterations.....................: 15880  1058.497508/s
    vus............................: 52     min=23         max=57  
    vus_max........................: 1061   min=1061       max=1061

    NETWORK
    data_received..................: 3.2 MB 215 kB/s
    data_sent......................: 3.1 MB 204 kB/s




running (15.0s), 00000/01061 VUs, 15880 complete and 36 interrupted iterations
default ✓ [ 100% ] 00036/01061 VUs  15s  1061.00 iters/s
