
         /\      Grafana   /‾‾/  
    /\  /  \     |\  __   /  /   
   /  \/    \    | |/ /  /   ‾‾\ 
  /          \   |   (  |  (‾)  |
 / __________ \  |_|\_\  \_____/ 

     execution: local
        script: workflow/spin/k6_open_client.js
        output: -

     scenarios: (100.00%) 1 scenario, 10000 max VUs, 15s max duration (incl. graceful stop):
              * default: 2625.00 iterations/s for 15s (maxVUs: 2625-10000)


running (00.9s), 00229/02625 VUs, 2161 complete and 0 interrupted iterations
default   [   6% ] 00229/02625 VUs  00.9s/15s  2625.00 iters/s

running (01.9s), 00198/02625 VUs, 4817 complete and 0 interrupted iterations
default   [  13% ] 00198/02625 VUs  01.9s/15s  2625.00 iters/s

running (02.9s), 00196/02625 VUs, 7444 complete and 0 interrupted iterations
default   [  19% ] 00197/02625 VUs  02.9s/15s  2625.00 iters/s

running (03.9s), 00212/02625 VUs, 10054 complete and 0 interrupted iterations
default   [  26% ] 00212/02625 VUs  03.9s/15s  2625.00 iters/s

running (04.9s), 00186/02625 VUs, 12705 complete and 0 interrupted iterations
default   [  33% ] 00186/02625 VUs  04.9s/15s  2625.00 iters/s

running (05.9s), 00201/02625 VUs, 15315 complete and 0 interrupted iterations
default   [  39% ] 00201/02625 VUs  05.9s/15s  2625.00 iters/s

running (06.9s), 00140/02625 VUs, 18000 complete and 0 interrupted iterations
default   [  46% ] 00140/02625 VUs  06.9s/15s  2625.00 iters/s

running (07.9s), 00149/02625 VUs, 20614 complete and 0 interrupted iterations
default   [  53% ] 00150/02625 VUs  07.9s/15s  2625.00 iters/s

running (08.9s), 00213/02625 VUs, 23175 complete and 0 interrupted iterations
default   [  59% ] 00213/02625 VUs  08.9s/15s  2625.00 iters/s

running (09.9s), 00177/02625 VUs, 25839 complete and 0 interrupted iterations
default   [  66% ] 00177/02625 VUs  09.9s/15s  2625.00 iters/s

running (10.9s), 00233/02625 VUs, 28408 complete and 0 interrupted iterations
default   [  73% ] 00233/02625 VUs  10.9s/15s  2625.00 iters/s

running (11.9s), 00198/02625 VUs, 31067 complete and 0 interrupted iterations
default   [  79% ] 00198/02625 VUs  11.9s/15s  2625.00 iters/s

running (12.9s), 00160/02625 VUs, 33730 complete and 0 interrupted iterations
default   [  86% ] 00161/02625 VUs  12.9s/15s  2625.00 iters/s

running (13.9s), 00163/02625 VUs, 36355 complete and 0 interrupted iterations
default   [  93% ] 00163/02625 VUs  13.9s/15s  2625.00 iters/s

running (14.9s), 00188/02625 VUs, 38954 complete and 0 interrupted iterations
default   [  99% ] 00188/02625 VUs  14.9s/15s  2625.00 iters/s


  █ TOTAL RESULTS 

    HTTP
    http_req_duration..............: avg=72.61ms min=43.23ms med=72.42ms max=101.22ms p(90)=85.07ms p(95)=88.17ms
      { expected_response:true }...: avg=72.61ms min=43.23ms med=72.42ms max=101.22ms p(90)=85.07ms p(95)=88.17ms
    http_req_failed................: 0.00%  0 out of 39204
    http_reqs......................: 39204  2612.728872/s

    EXECUTION
    iteration_duration.............: avg=72.71ms min=43.37ms med=72.5ms  max=101.32ms p(90)=85.19ms p(95)=88.28ms
    iterations.....................: 39204  2612.728872/s
    vus............................: 186    min=140        max=234 
    vus_max........................: 2625   min=2625       max=2625

    NETWORK
    data_received..................: 8.0 MB 530 kB/s
    data_sent......................: 7.6 MB 504 kB/s




running (15.0s), 00000/02625 VUs, 39204 complete and 173 interrupted iterations
default ✓ [ 100% ] 00173/02625 VUs  15s  2625.00 iters/s
