
         /\      Grafana   /‾‾/  
    /\  /  \     |\  __   /  /   
   /  \/    \    | |/ /  /   ‾‾\ 
  /          \   |   (  |  (‾)  |
 / __________ \  |_|\_\  \_____/ 

     execution: local
        script: workflow/social/k6_open_client.js
        output: -

     scenarios: (100.00%) 1 scenario, 10000 max VUs, 15s max duration (incl. graceful stop):
              * default: 4062.00 iterations/s for 15s (maxVUs: 4062-10000)


running (00.9s), 00102/04062 VUs, 3417 complete and 0 interrupted iterations
default   [   6% ] 00102/04062 VUs  00.9s/15s  4062.00 iters/s

running (01.9s), 00102/04062 VUs, 7477 complete and 0 interrupted iterations
default   [  12% ] 00102/04062 VUs  01.9s/15s  4062.00 iters/s

running (02.9s), 00084/04062 VUs, 11557 complete and 0 interrupted iterations
default   [  19% ] 00084/04062 VUs  02.9s/15s  4062.00 iters/s

running (03.9s), 00089/04062 VUs, 15616 complete and 0 interrupted iterations
default   [  26% ] 00089/04062 VUs  03.9s/15s  4062.00 iters/s

running (04.9s), 00083/04062 VUs, 19679 complete and 0 interrupted iterations
default   [  32% ] 00084/04062 VUs  04.9s/15s  4062.00 iters/s

running (05.9s), 00121/04062 VUs, 23712 complete and 0 interrupted iterations
default   [  39% ] 00121/04062 VUs  05.9s/15s  4062.00 iters/s

running (06.9s), 00082/04062 VUs, 27807 complete and 0 interrupted iterations
default   [  46% ] 00082/04062 VUs  06.9s/15s  4062.00 iters/s

running (07.9s), 00084/04062 VUs, 31867 complete and 0 interrupted iterations
default   [  52% ] 00084/04062 VUs  07.9s/15s  4062.00 iters/s

running (08.9s), 00084/04062 VUs, 35929 complete and 0 interrupted iterations
default   [  59% ] 00084/04062 VUs  08.9s/15s  4062.00 iters/s

running (09.9s), 00121/04062 VUs, 39954 complete and 0 interrupted iterations
default   [  66% ] 00121/04062 VUs  09.9s/15s  4062.00 iters/s

running (10.9s), 00090/04062 VUs, 44047 complete and 0 interrupted iterations
default   [  72% ] 00090/04062 VUs  10.9s/15s  4062.00 iters/s

running (11.9s), 00088/04062 VUs, 48111 complete and 0 interrupted iterations
default   [  79% ] 00088/04062 VUs  11.9s/15s  4062.00 iters/s

running (12.9s), 00088/04062 VUs, 52172 complete and 0 interrupted iterations
default   [  86% ] 00088/04062 VUs  12.9s/15s  4062.00 iters/s

running (13.9s), 00146/04062 VUs, 56177 complete and 0 interrupted iterations
default   [  92% ] 00146/04062 VUs  13.9s/15s  4062.00 iters/s

running (14.9s), 00082/04062 VUs, 60303 complete and 0 interrupted iterations
default   [  99% ] 00082/04062 VUs  14.9s/15s  4062.00 iters/s


  █ TOTAL RESULTS 

    HTTP
    http_req_duration..............: avg=24.76ms min=13.89ms med=22.29ms max=140.7ms p(90)=31.86ms p(95)=36.51ms
      { expected_response:true }...: avg=24.76ms min=13.89ms med=22.29ms max=140.7ms p(90)=31.86ms p(95)=36.51ms
    http_req_failed................: 0.00% 0 out of 60786
    http_reqs......................: 60786 4050.706776/s

    EXECUTION
    iteration_duration.............: avg=24.88ms min=14.06ms med=22.4ms  max=141.9ms p(90)=31.99ms p(95)=36.66ms
    iterations.....................: 60786 4050.706776/s
    vus............................: 82    min=82         max=146 
    vus_max........................: 4062  min=4062       max=4062

    NETWORK
    data_received..................: 14 MB 916 kB/s
    data_sent......................: 20 MB 1.3 MB/s




running (15.0s), 00000/04062 VUs, 60783 complete and 147 interrupted iterations
default ✓ [ 100% ] 00147/04062 VUs  15s  4062.00 iters/s
