
         /\      Grafana   /‾‾/  
    /\  /  \     |\  __   /  /   
   /  \/    \    | |/ /  /   ‾‾\ 
  /          \   |   (  |  (‾)  |
 / __________ \  |_|\_\  \_____/ 

     execution: local
        script: workflow/spin/k6_open_client.js
        output: -

     scenarios: (100.00%) 1 scenario, 10000 max VUs, 15s max duration (incl. graceful stop):
              * default: 1483.00 iterations/s for 15s (maxVUs: 1483-10000)


running (00.9s), 00138/01483 VUs, 1264 complete and 0 interrupted iterations
default   [   6% ] 00139/01483 VUs  00.9s/15s  1483.00 iters/s

running (01.9s), 00206/01483 VUs, 2679 complete and 0 interrupted iterations
default   [  13% ] 00206/01483 VUs  01.9s/15s  1483.00 iters/s

running (02.9s), 00220/01483 VUs, 4148 complete and 0 interrupted iterations
default   [  20% ] 00220/01483 VUs  02.9s/15s  1483.00 iters/s

running (03.9s), 00287/01483 VUs, 5564 complete and 0 interrupted iterations
default   [  26% ] 00287/01483 VUs  03.9s/15s  1483.00 iters/s

running (04.9s), 00362/01483 VUs, 6971 complete and 0 interrupted iterations
default   [  33% ] 00363/01483 VUs  04.9s/15s  1483.00 iters/s

running (05.9s), 00393/01483 VUs, 8425 complete and 0 interrupted iterations
default   [  40% ] 00393/01483 VUs  05.9s/15s  1483.00 iters/s

running (06.9s), 00408/01483 VUs, 9892 complete and 0 interrupted iterations
default   [  46% ] 00408/01483 VUs  06.9s/15s  1483.00 iters/s

running (07.9s), 00468/01483 VUs, 11315 complete and 0 interrupted iterations
default   [  53% ] 00468/01483 VUs  07.9s/15s  1483.00 iters/s

running (08.9s), 00468/01483 VUs, 12798 complete and 0 interrupted iterations
default   [  60% ] 00468/01483 VUs  08.9s/15s  1483.00 iters/s

running (09.9s), 00507/01483 VUs, 14242 complete and 0 interrupted iterations
default   [  66% ] 00507/01483 VUs  09.9s/15s  1483.00 iters/s

running (10.9s), 00569/01483 VUs, 15663 complete and 0 interrupted iterations
default   [  73% ] 00569/01483 VUs  10.9s/15s  1483.00 iters/s

running (11.9s), 00622/01483 VUs, 17092 complete and 0 interrupted iterations
default   [  80% ] 00622/01483 VUs  11.9s/15s  1483.00 iters/s

running (12.9s), 00657/01483 VUs, 18541 complete and 0 interrupted iterations
default   [  86% ] 00657/01483 VUs  12.9s/15s  1483.00 iters/s

running (13.9s), 00692/01483 VUs, 19990 complete and 0 interrupted iterations
default   [  93% ] 00692/01483 VUs  13.9s/15s  1483.00 iters/s

running (14.9s), 00717/01483 VUs, 21447 complete and 0 interrupted iterations
default   [ 100% ] 00718/01483 VUs  14.9s/15s  1483.00 iters/s


  █ TOTAL RESULTS 

    HTTP
    http_req_duration..............: avg=289.62ms min=63.2ms  med=291.68ms max=508.03ms p(90)=453.68ms p(95)=481.8ms 
      { expected_response:true }...: avg=289.62ms min=63.2ms  med=291.68ms max=508.03ms p(90)=453.68ms p(95)=481.8ms 
    http_req_failed................: 0.00%  0 out of 21496
    http_reqs......................: 21496  1432.460277/s

    EXECUTION
    iteration_duration.............: avg=289.71ms min=63.42ms med=291.75ms max=509.56ms p(90)=453.77ms p(95)=481.87ms
    iterations.....................: 21496  1432.460277/s
    vus............................: 717    min=138        max=717 
    vus_max........................: 1483   min=1483       max=1483

    NETWORK
    data_received..................: 4.4 MB 291 kB/s
    data_sent......................: 4.3 MB 285 kB/s




running (15.0s), 00000/01483 VUs, 21494 complete and 752 interrupted iterations
default ✓ [ 100% ] 00752/01483 VUs  15s  1483.00 iters/s
