
         /\      Grafana   /‾‾/  
    /\  /  \     |\  __   /  /   
   /  \/    \    | |/ /  /   ‾‾\ 
  /          \   |   (  |  (‾)  |
 / __________ \  |_|\_\  \_____/ 

     execution: local
        script: workflow/spin/k6_open_client.js
        output: -

     scenarios: (100.00%) 1 scenario, 10000 max VUs, 15s max duration (incl. graceful stop):
              * default: 5280.00 iterations/s for 15s (maxVUs: 5280-10000)


running (00.8s), 00559/05280 VUs, 3895 complete and 0 interrupted iterations
default   [   6% ] 00559/05280 VUs  00.8s/15s  5280.00 iters/s

running (01.8s), 00023/05280 VUs, 9711 complete and 0 interrupted iterations
default   [  12% ] 00023/05280 VUs  01.8s/15s  5280.00 iters/s

running (02.8s), 00614/05280 VUs, 14400 complete and 0 interrupted iterations
default   [  19% ] 00614/05280 VUs  02.8s/15s  5280.00 iters/s

running (03.8s), 00813/05280 VUs, 19482 complete and 0 interrupted iterations
default   [  26% ] 00813/05280 VUs  03.8s/15s  5280.00 iters/s

running (04.8s), 01089/05280 VUs, 24485 complete and 0 interrupted iterations
default   [  32% ] 01089/05280 VUs  04.8s/15s  5280.00 iters/s

running (05.8s), 00725/05280 VUs, 30130 complete and 0 interrupted iterations
default   [  39% ] 00725/05280 VUs  05.8s/15s  5280.00 iters/s

running (06.8s), 00451/05280 VUs, 35684 complete and 0 interrupted iterations
default   [  46% ] 00451/05280 VUs  06.8s/15s  5280.00 iters/s

running (07.8s), 00998/05280 VUs, 40416 complete and 0 interrupted iterations
default   [  52% ] 00998/05280 VUs  07.8s/15s  5280.00 iters/s

running (08.8s), 01808/05280 VUs, 44886 complete and 0 interrupted iterations
default   [  59% ] 01808/05280 VUs  08.8s/15s  5280.00 iters/s

running (09.8s), 02304/05280 VUs, 49670 complete and 0 interrupted iterations
default   [  66% ] 02303/05280 VUs  09.8s/15s  5280.00 iters/s

running (10.8s), 02603/05280 VUs, 54654 complete and 0 interrupted iterations
default   [  72% ] 02603/05280 VUs  10.8s/15s  5280.00 iters/s

running (11.8s), 03016/05280 VUs, 59518 complete and 0 interrupted iterations
default   [  79% ] 03016/05280 VUs  11.8s/15s  5280.00 iters/s

running (12.8s), 03515/05280 VUs, 64299 complete and 0 interrupted iterations
default   [  86% ] 03515/05280 VUs  12.8s/15s  5280.00 iters/s

running (13.8s), 02791/05280 VUs, 70303 complete and 0 interrupted iterations
default   [  92% ] 02791/05280 VUs  13.8s/15s  5280.00 iters/s

running (14.8s), 02905/05280 VUs, 75469 complete and 0 interrupted iterations
default   [  99% ] 02904/05280 VUs  14.8s/15s  5280.00 iters/s


  █ TOTAL RESULTS 

    HTTP
    http_req_duration..............: avg=298.15ms min=2.52ms med=200.68ms max=1.28s p(90)=586.8ms  p(95)=637.01ms
      { expected_response:true }...: avg=298.15ms min=2.52ms med=200.68ms max=1.28s p(90)=586.8ms  p(95)=637.01ms
    http_req_failed................: 0.00% 0 out of 76225
    http_reqs......................: 76225 5072.219348/s

    EXECUTION
    iteration_duration.............: avg=298.25ms min=2.62ms med=200.75ms max=1.28s p(90)=587.22ms p(95)=637.08ms
    iterations.....................: 76225 5072.219348/s
    vus............................: 2903  min=23         max=3515
    vus_max........................: 5280  min=5280       max=5280

    NETWORK
    data_received..................: 16 MB 1.0 MB/s
    data_sent......................: 15 MB 1.0 MB/s




running (15.0s), 00000/05280 VUs, 76195 complete and 3006 interrupted iterations
default ✓ [ 100% ] 03006/05280 VUs  15s  5280.00 iters/s
