
         /\      Grafana   /‾‾/  
    /\  /  \     |\  __   /  /   
   /  \/    \    | |/ /  /   ‾‾\ 
  /          \   |   (  |  (‾)  |
 / __________ \  |_|\_\  \_____/ 

     execution: local
        script: workflow/spin/k6_open_client.js
        output: -

     scenarios: (100.00%) 1 scenario, 10000 max VUs, 15s max duration (incl. graceful stop):
              * default: 3069.00 iterations/s for 15s (maxVUs: 3069-10000)


running (00.9s), 00240/03069 VUs, 2528 complete and 0 interrupted iterations
default   [   6% ] 00240/03069 VUs  00.9s/15s  3069.00 iters/s

running (01.9s), 00204/03069 VUs, 5632 complete and 0 interrupted iterations
default   [  13% ] 00204/03069 VUs  01.9s/15s  3069.00 iters/s

running (02.9s), 00233/03069 VUs, 8673 complete and 0 interrupted iterations
default   [  19% ] 00233/03069 VUs  02.9s/15s  3069.00 iters/s

running (03.9s), 00240/03069 VUs, 11735 complete and 0 interrupted iterations
default   [  26% ] 00240/03069 VUs  03.9s/15s  3069.00 iters/s

running (04.9s), 00224/03069 VUs, 14819 complete and 0 interrupted iterations
default   [  33% ] 00224/03069 VUs  04.9s/15s  3069.00 iters/s

running (05.9s), 00224/03069 VUs, 17891 complete and 0 interrupted iterations
default   [  39% ] 00224/03069 VUs  05.9s/15s  3069.00 iters/s

running (06.9s), 00217/03069 VUs, 20963 complete and 0 interrupted iterations
default   [  46% ] 00217/03069 VUs  06.9s/15s  3069.00 iters/s

running (07.9s), 00238/03069 VUs, 24013 complete and 0 interrupted iterations
default   [  53% ] 00238/03069 VUs  07.9s/15s  3069.00 iters/s

running (08.9s), 00343/03069 VUs, 26978 complete and 0 interrupted iterations
default   [  59% ] 00343/03069 VUs  08.9s/15s  3069.00 iters/s

running (09.9s), 00245/03069 VUs, 30141 complete and 0 interrupted iterations
default   [  66% ] 00245/03069 VUs  09.9s/15s  3069.00 iters/s

running (10.9s), 00245/03069 VUs, 33213 complete and 0 interrupted iterations
default   [  73% ] 00245/03069 VUs  10.9s/15s  3069.00 iters/s

running (11.9s), 00243/03069 VUs, 36285 complete and 0 interrupted iterations
default   [  79% ] 00243/03069 VUs  11.9s/15s  3069.00 iters/s

running (12.9s), 00239/03069 VUs, 39357 complete and 0 interrupted iterations
default   [  86% ] 00239/03069 VUs  12.9s/15s  3069.00 iters/s

running (13.9s), 00267/03069 VUs, 42398 complete and 0 interrupted iterations
default   [  93% ] 00267/03069 VUs  13.9s/15s  3069.00 iters/s

running (14.9s), 00251/03069 VUs, 45485 complete and 0 interrupted iterations
default   [  99% ] 00251/03069 VUs  14.9s/15s  3069.00 iters/s


  █ TOTAL RESULTS 

    HTTP
    http_req_duration..............: avg=79.4ms min=43.25ms med=78.91ms max=121.81ms p(90)=92.73ms p(95)=96.68ms
      { expected_response:true }...: avg=79.4ms min=43.25ms med=78.91ms max=121.81ms p(90)=92.73ms p(95)=96.68ms
    http_req_failed................: 0.00%  0 out of 45841
    http_reqs......................: 45841  3055.002351/s

    EXECUTION
    iteration_duration.............: avg=79.5ms min=43.36ms med=79.01ms max=121.89ms p(90)=92.83ms p(95)=96.8ms 
    iterations.....................: 45841  3055.002351/s
    vus............................: 251    min=204        max=344 
    vus_max........................: 3069   min=3069       max=3069

    NETWORK
    data_received..................: 9.3 MB 620 kB/s
    data_sent......................: 8.8 MB 589 kB/s




running (15.0s), 00000/03069 VUs, 45835 complete and 201 interrupted iterations
default ✓ [ 100% ] 00201/03069 VUs  15s  3069.00 iters/s
