
         /\      Grafana   /‾‾/  
    /\  /  \     |\  __   /  /   
   /  \/    \    | |/ /  /   ‾‾\ 
  /          \   |   (  |  (‾)  |
 / __________ \  |_|\_\  \_____/ 

     execution: local
        script: workflow/spin/k6_open_client.js
        output: -

     scenarios: (100.00%) 1 scenario, 10000 max VUs, 15s max duration (incl. graceful stop):
              * default: 1468.00 iterations/s for 15s (maxVUs: 1468-10000)


running (00.9s), 00142/01468 VUs, 1244 complete and 0 interrupted iterations
default   [   6% ] 00142/01468 VUs  00.9s/15s  1468.00 iters/s

running (01.9s), 00175/01468 VUs, 2679 complete and 0 interrupted iterations
default   [  13% ] 00175/01468 VUs  01.9s/15s  1468.00 iters/s

running (02.9s), 00208/01468 VUs, 4113 complete and 0 interrupted iterations
default   [  20% ] 00208/01468 VUs  02.9s/15s  1468.00 iters/s

running (03.9s), 00236/01468 VUs, 5554 complete and 0 interrupted iterations
default   [  26% ] 00236/01468 VUs  03.9s/15s  1468.00 iters/s

running (04.9s), 00275/01468 VUs, 6983 complete and 0 interrupted iterations
default   [  33% ] 00275/01468 VUs  04.9s/15s  1468.00 iters/s

running (05.9s), 00298/01468 VUs, 8427 complete and 0 interrupted iterations
default   [  40% ] 00298/01468 VUs  05.9s/15s  1468.00 iters/s

running (06.9s), 00326/01468 VUs, 9867 complete and 0 interrupted iterations
default   [  46% ] 00326/01468 VUs  06.9s/15s  1468.00 iters/s

running (07.9s), 00321/01468 VUs, 11341 complete and 0 interrupted iterations
default   [  53% ] 00321/01468 VUs  07.9s/15s  1468.00 iters/s

running (08.9s), 00355/01468 VUs, 12774 complete and 0 interrupted iterations
default   [  60% ] 00355/01468 VUs  08.9s/15s  1468.00 iters/s

running (09.9s), 00384/01468 VUs, 14213 complete and 0 interrupted iterations
default   [  66% ] 00384/01468 VUs  09.9s/15s  1468.00 iters/s

running (10.9s), 00420/01468 VUs, 15645 complete and 0 interrupted iterations
default   [  73% ] 00420/01468 VUs  10.9s/15s  1468.00 iters/s

running (11.9s), 00458/01468 VUs, 17076 complete and 0 interrupted iterations
default   [  80% ] 00458/01468 VUs  11.9s/15s  1468.00 iters/s

running (12.9s), 00446/01468 VUs, 18555 complete and 0 interrupted iterations
default   [  86% ] 00446/01468 VUs  12.9s/15s  1468.00 iters/s

running (13.9s), 00490/01468 VUs, 19981 complete and 0 interrupted iterations
default   [  93% ] 00490/01468 VUs  13.9s/15s  1468.00 iters/s

running (14.9s), 00481/01468 VUs, 21457 complete and 0 interrupted iterations
default   [ 100% ] 00481/01468 VUs  14.9s/15s  1468.00 iters/s


  █ TOTAL RESULTS 

    HTTP
    http_req_duration..............: avg=217.04ms min=57.27ms med=222.41ms max=352.47ms p(90)=316.52ms p(95)=329.13ms
      { expected_response:true }...: avg=217.04ms min=57.27ms med=222.41ms max=352.47ms p(90)=316.52ms p(95)=329.13ms
    http_req_failed................: 0.00%  0 out of 21509
    http_reqs......................: 21509  1433.539033/s

    EXECUTION
    iteration_duration.............: avg=217.13ms min=57.54ms med=222.48ms max=353.77ms p(90)=316.59ms p(95)=329.2ms 
    iterations.....................: 21509  1433.539033/s
    vus............................: 481    min=142        max=488 
    vus_max........................: 1468   min=1468       max=1468

    NETWORK
    data_received..................: 4.4 MB 291 kB/s
    data_sent......................: 4.2 MB 282 kB/s




running (15.0s), 00000/01468 VUs, 21505 complete and 514 interrupted iterations
default ✓ [ 100% ] 00514/01468 VUs  15s  1468.00 iters/s
