
         /\      Grafana   /‾‾/  
    /\  /  \     |\  __   /  /   
   /  \/    \    | |/ /  /   ‾‾\ 
  /          \   |   (  |  (‾)  |
 / __________ \  |_|\_\  \_____/ 

     execution: local
        script: workflow/spin/k6_open_client.js
        output: -

     scenarios: (100.00%) 1 scenario, 10000 max VUs, 15s max duration (incl. graceful stop):
              * default: 3436.00 iterations/s for 15s (maxVUs: 3436-10000)


running (00.9s), 00296/03436 VUs, 2759 complete and 0 interrupted iterations
default   [   6% ] 00296/03436 VUs  00.9s/15s  3436.00 iters/s

running (01.9s), 00274/03436 VUs, 6217 complete and 0 interrupted iterations
default   [  13% ] 00274/03436 VUs  01.9s/15s  3436.00 iters/s

running (02.9s), 00251/03436 VUs, 9678 complete and 0 interrupted iterations
default   [  19% ] 00251/03436 VUs  02.9s/15s  3436.00 iters/s

running (03.9s), 00247/03436 VUs, 13116 complete and 0 interrupted iterations
default   [  26% ] 00247/03436 VUs  03.9s/15s  3436.00 iters/s

running (04.9s), 00304/03436 VUs, 16495 complete and 0 interrupted iterations
default   [  33% ] 00304/03436 VUs  04.9s/15s  3436.00 iters/s

running (05.9s), 00320/03436 VUs, 19916 complete and 0 interrupted iterations
default   [  39% ] 00320/03436 VUs  05.9s/15s  3436.00 iters/s

running (06.9s), 00317/03436 VUs, 23354 complete and 0 interrupted iterations
default   [  46% ] 00317/03436 VUs  06.9s/15s  3436.00 iters/s

running (07.9s), 00280/03436 VUs, 26827 complete and 0 interrupted iterations
default   [  53% ] 00280/03436 VUs  07.9s/15s  3436.00 iters/s

running (08.9s), 00287/03436 VUs, 30254 complete and 0 interrupted iterations
default   [  59% ] 00287/03436 VUs  08.9s/15s  3436.00 iters/s

running (09.9s), 00260/03436 VUs, 33721 complete and 0 interrupted iterations
default   [  66% ] 00260/03436 VUs  09.9s/15s  3436.00 iters/s

running (10.9s), 00290/03436 VUs, 37124 complete and 0 interrupted iterations
default   [  73% ] 00290/03436 VUs  10.9s/15s  3436.00 iters/s

running (11.9s), 00312/03436 VUs, 40538 complete and 0 interrupted iterations
default   [  79% ] 00313/03436 VUs  11.9s/15s  3436.00 iters/s

running (12.9s), 00343/03436 VUs, 43941 complete and 0 interrupted iterations
default   [  86% ] 00343/03436 VUs  12.9s/15s  3436.00 iters/s

running (13.9s), 00311/03436 VUs, 47412 complete and 0 interrupted iterations
default   [  93% ] 00311/03436 VUs  13.9s/15s  3436.00 iters/s

running (14.9s), 00292/03436 VUs, 50869 complete and 0 interrupted iterations
default   [  99% ] 00292/03436 VUs  14.9s/15s  3436.00 iters/s


  █ TOTAL RESULTS 

    HTTP
    http_req_duration..............: avg=83.09ms min=42.49ms med=82.99ms max=136.53ms p(90)=97.01ms p(95)=100.74ms
      { expected_response:true }...: avg=83.09ms min=42.49ms med=82.99ms max=136.53ms p(90)=97.01ms p(95)=100.74ms
    http_req_failed................: 0.00%  0 out of 51318
    http_reqs......................: 51318  3419.848063/s

    EXECUTION
    iteration_duration.............: avg=83.19ms min=43.36ms med=83.08ms max=144.54ms p(90)=97.11ms p(95)=100.87ms
    iterations.....................: 51318  3419.848063/s
    vus............................: 291    min=248        max=343 
    vus_max........................: 3436   min=3436       max=3436

    NETWORK
    data_received..................: 10 MB  694 kB/s
    data_sent......................: 9.9 MB 659 kB/s




running (15.0s), 00000/03436 VUs, 51314 complete and 227 interrupted iterations
default ✓ [ 100% ] 00227/03436 VUs  15s  3436.00 iters/s
