
         /\      Grafana   /‾‾/  
    /\  /  \     |\  __   /  /   
   /  \/    \    | |/ /  /   ‾‾\ 
  /          \   |   (  |  (‾)  |
 / __________ \  |_|\_\  \_____/ 

     execution: local
        script: workflow/hotel/k6_open_recommendations_client.js
        output: -

     scenarios: (100.00%) 1 scenario, 10000 max VUs, 15s max duration (incl. graceful stop):
              * default: 2011.00 iterations/s for 15s (maxVUs: 2011-10000)


running (00.9s), 00280/02011 VUs, 1570 complete and 0 interrupted iterations
default   [   6% ] 00280/02011 VUs  00.9s/15s  2011.00 iters/s

running (01.9s), 00435/02011 VUs, 3427 complete and 0 interrupted iterations
default   [  13% ] 00435/02011 VUs  01.9s/15s  2011.00 iters/s

running (02.9s), 00301/02011 VUs, 5571 complete and 0 interrupted iterations
default   [  19% ] 00301/02011 VUs  02.9s/15s  2011.00 iters/s

running (03.9s), 00415/02011 VUs, 7469 complete and 0 interrupted iterations
default   [  26% ] 00415/02011 VUs  03.9s/15s  2011.00 iters/s

running (04.9s), 00376/02011 VUs, 9518 complete and 0 interrupted iterations
default   [  33% ] 00376/02011 VUs  04.9s/15s  2011.00 iters/s

running (05.9s), 00340/02011 VUs, 11565 complete and 0 interrupted iterations
default   [  39% ] 00340/02011 VUs  05.9s/15s  2011.00 iters/s

running (06.9s), 00252/02011 VUs, 13662 complete and 0 interrupted iterations
default   [  46% ] 00253/02011 VUs  06.9s/15s  2011.00 iters/s

running (07.9s), 00236/02011 VUs, 15691 complete and 0 interrupted iterations
default   [  53% ] 00236/02011 VUs  07.9s/15s  2011.00 iters/s

running (08.9s), 00247/02011 VUs, 17691 complete and 0 interrupted iterations
default   [  59% ] 00247/02011 VUs  08.9s/15s  2011.00 iters/s

running (09.9s), 00298/02011 VUs, 19651 complete and 0 interrupted iterations
default   [  66% ] 00298/02011 VUs  09.9s/15s  2011.00 iters/s

running (10.9s), 00248/02011 VUs, 21712 complete and 0 interrupted iterations
default   [  73% ] 00248/02011 VUs  10.9s/15s  2011.00 iters/s

running (11.9s), 00282/02011 VUs, 23690 complete and 0 interrupted iterations
default   [  79% ] 00282/02011 VUs  11.9s/15s  2011.00 iters/s

running (12.9s), 00242/02011 VUs, 25740 complete and 0 interrupted iterations
default   [  86% ] 00242/02011 VUs  12.9s/15s  2011.00 iters/s

running (13.9s), 00302/02011 VUs, 27691 complete and 0 interrupted iterations
default   [  93% ] 00302/02011 VUs  13.9s/15s  2011.00 iters/s

running (14.9s), 00391/02011 VUs, 29614 complete and 0 interrupted iterations
default   [  99% ] 00391/02011 VUs  14.9s/15s  2011.00 iters/s


  █ TOTAL RESULTS 

    HTTP
    http_req_duration..............: avg=165ms    min=98.22ms med=164.73ms max=240.34ms p(90)=204.76ms p(95)=211.5ms 
      { expected_response:true }...: avg=165ms    min=98.22ms med=164.73ms max=240.34ms p(90)=204.76ms p(95)=211.5ms 
    http_req_failed................: 0.00%  0 out of 29873
    http_reqs......................: 29873  1990.845147/s

    EXECUTION
    iteration_duration.............: avg=165.12ms min=98.31ms med=164.86ms max=240.45ms p(90)=204.88ms p(95)=211.63ms
    iterations.....................: 29873  1990.845147/s
    vus............................: 389    min=235        max=433 
    vus_max........................: 2011   min=2011       max=2011

    NETWORK
    data_received..................: 17 MB  1.2 MB/s
    data_sent......................: 8.6 MB 573 kB/s




running (15.0s), 00000/02011 VUs, 29873 complete and 294 interrupted iterations
default ✓ [ 100% ] 00294/02011 VUs  15s  2011.00 iters/s
