
         /\      Grafana   /‾‾/  
    /\  /  \     |\  __   /  /   
   /  \/    \    | |/ /  /   ‾‾\ 
  /          \   |   (  |  (‾)  |
 / __________ \  |_|\_\  \_____/ 

     execution: local
        script: workflow/hotel/k6_open_recommendations_client.js
        output: -

     scenarios: (100.00%) 1 scenario, 10000 max VUs, 10s max duration (incl. graceful stop):
              * default: 208.00 iterations/s for 10s (maxVUs: 208-10000)


running (01.0s), 00001/00208 VUs, 204 complete and 0 interrupted iterations
default   [  10% ] 00001/00208 VUs  01.0s/10s  208.00 iters/s

running (02.0s), 00001/00208 VUs, 412 complete and 0 interrupted iterations
default   [  20% ] 00001/00208 VUs  02.0s/10s  208.00 iters/s

running (03.0s), 00001/00208 VUs, 620 complete and 0 interrupted iterations
default   [  30% ] 00001/00208 VUs  03.0s/10s  208.00 iters/s

running (04.0s), 00001/00208 VUs, 828 complete and 0 interrupted iterations
default   [  40% ] 00000/00208 VUs  04.0s/10s  208.00 iters/s

running (05.0s), 00001/00208 VUs, 1036 complete and 0 interrupted iterations
default   [  50% ] 00001/00208 VUs  05.0s/10s  208.00 iters/s

running (06.0s), 00000/00208 VUs, 1245 complete and 0 interrupted iterations
default   [  60% ] 00000/00208 VUs  06.0s/10s  208.00 iters/s

running (07.0s), 00001/00208 VUs, 1452 complete and 0 interrupted iterations
default   [  70% ] 00001/00208 VUs  07.0s/10s  208.00 iters/s

running (08.0s), 00001/00208 VUs, 1660 complete and 0 interrupted iterations
default   [  80% ] 00001/00208 VUs  08.0s/10s  208.00 iters/s

running (09.0s), 00000/00208 VUs, 1869 complete and 0 interrupted iterations
default   [  90% ] 00000/00208 VUs  09.0s/10s  208.00 iters/s

running (10.0s), 00001/00208 VUs, 2076 complete and 0 interrupted iterations
default   [ 100% ] 00001/00208 VUs  10.0s/10s  208.00 iters/s


  █ TOTAL RESULTS 

    HTTP
    http_req_duration..............: avg=3.28ms min=2.67ms med=3.16ms max=12.72ms p(90)=3.51ms p(95)=3.74ms
      { expected_response:true }...: avg=3.28ms min=2.67ms med=3.16ms max=12.72ms p(90)=3.51ms p(95)=3.74ms
    http_req_failed................: 0.00%  0 out of 2080
    http_reqs......................: 2080   207.984462/s

    EXECUTION
    iteration_duration.............: avg=3.41ms min=2.78ms med=3.28ms max=12.82ms p(90)=3.65ms p(95)=3.89ms
    iterations.....................: 2080   207.984462/s
    vus............................: 1      min=0         max=1  
    vus_max........................: 208    min=208       max=208

    NETWORK
    data_received..................: 995 kB 99 kB/s
    data_sent......................: 593 kB 59 kB/s




running (10.0s), 00000/00208 VUs, 2080 complete and 1 interrupted iterations
default ✓ [ 100% ] 00001/00208 VUs  10s  208.00 iters/s
