
         /\      Grafana   /‾‾/  
    /\  /  \     |\  __   /  /   
   /  \/    \    | |/ /  /   ‾‾\ 
  /          \   |   (  |  (‾)  |
 / __________ \  |_|\_\  \_____/ 

     execution: local
        script: workflow/write/k6_open_client.js
        output: -

     scenarios: (100.00%) 1 scenario, 10000 max VUs, 15s max duration (incl. graceful stop):
              * default: 5741.00 iterations/s for 15s (maxVUs: 5741-10000)


running (00.8s), 00110/05741 VUs, 4489 complete and 0 interrupted iterations
default   [   5% ] 00110/05741 VUs  00.8s/15s  5741.00 iters/s

running (01.8s), 00040/05741 VUs, 10381 complete and 0 interrupted iterations
default   [  12% ] 00040/05741 VUs  01.8s/15s  5741.00 iters/s

running (02.8s), 00034/05741 VUs, 16128 complete and 0 interrupted iterations
default   [  19% ] 00034/05741 VUs  02.8s/15s  5741.00 iters/s

running (03.8s), 00054/05741 VUs, 21849 complete and 0 interrupted iterations
default   [  25% ] 00055/05741 VUs  03.8s/15s  5741.00 iters/s

running (04.8s), 00029/05741 VUs, 27616 complete and 0 interrupted iterations
default   [  32% ] 00029/05741 VUs  04.8s/15s  5741.00 iters/s

running (05.8s), 00030/05741 VUs, 33355 complete and 0 interrupted iterations
default   [  39% ] 00031/05741 VUs  05.8s/15s  5741.00 iters/s

running (06.8s), 00089/05741 VUs, 39037 complete and 0 interrupted iterations
default   [  45% ] 00089/05741 VUs  06.8s/15s  5741.00 iters/s

running (07.8s), 00078/05741 VUs, 44791 complete and 0 interrupted iterations
default   [  52% ] 00078/05741 VUs  07.8s/15s  5741.00 iters/s

running (08.8s), 00050/05741 VUs, 50559 complete and 0 interrupted iterations
default   [  59% ] 00050/05741 VUs  08.8s/15s  5741.00 iters/s

running (09.8s), 00033/05741 VUs, 56317 complete and 0 interrupted iterations
default   [  65% ] 00033/05741 VUs  09.8s/15s  5741.00 iters/s

running (10.8s), 00024/05741 VUs, 62066 complete and 0 interrupted iterations
default   [  72% ] 00023/05741 VUs  10.8s/15s  5741.00 iters/s

running (11.8s), 00029/05741 VUs, 67802 complete and 0 interrupted iterations
default   [  79% ] 00029/05741 VUs  11.8s/15s  5741.00 iters/s

running (12.8s), 00028/05741 VUs, 73544 complete and 0 interrupted iterations
default   [  85% ] 00027/05741 VUs  12.8s/15s  5741.00 iters/s

running (13.8s), 00023/05741 VUs, 79286 complete and 0 interrupted iterations
default   [  92% ] 00023/05741 VUs  13.8s/15s  5741.00 iters/s

running (14.8s), 00050/05741 VUs, 85005 complete and 0 interrupted iterations
default   [  99% ] 00050/05741 VUs  14.8s/15s  5741.00 iters/s


  █ TOTAL RESULTS 

    HTTP
    http_req_duration..............: avg=8.63ms min=2.2ms med=5.34ms max=85.29ms p(90)=16.86ms p(95)=23.78ms
      { expected_response:true }...: avg=8.63ms min=2.2ms med=5.34ms max=85.29ms p(90)=16.86ms p(95)=23.78ms
    http_req_failed................: 0.00%  0 out of 86100
    http_reqs......................: 86100  5736.979498/s

    EXECUTION
    iteration_duration.............: avg=9.06ms min=2.3ms med=5.42ms max=92.22ms p(90)=18.37ms p(95)=26.13ms
    iterations.....................: 86100  5736.979498/s
    vus............................: 50     min=24         max=110 
    vus_max........................: 5741   min=5741       max=5741

    NETWORK
    data_received..................: 20 MB  1.3 MB/s
    data_sent......................: 8.6 MB 574 kB/s




running (15.0s), 00000/05741 VUs, 86084 complete and 34 interrupted iterations
default ✓ [ 100% ] 00034/05741 VUs  15s  5741.00 iters/s
