
         /\      Grafana   /‾‾/  
    /\  /  \     |\  __   /  /   
   /  \/    \    | |/ /  /   ‾‾\ 
  /          \   |   (  |  (‾)  |
 / __________ \  |_|\_\  \_____/ 

     execution: local
        script: workflow/write/k6_open_client.js
        output: -

     scenarios: (100.00%) 1 scenario, 10000 max VUs, 15s max duration (incl. graceful stop):
              * default: 4843.00 iterations/s for 15s (maxVUs: 4843-10000)


running (00.8s), 00236/04843 VUs, 3851 complete and 0 interrupted iterations
default   [   6% ] 00236/04843 VUs  00.8s/15s  4843.00 iters/s

running (01.8s), 00225/04843 VUs, 8702 complete and 0 interrupted iterations
default   [  12% ] 00226/04843 VUs  01.8s/15s  4843.00 iters/s

running (02.8s), 00207/04843 VUs, 13566 complete and 0 interrupted iterations
default   [  19% ] 00207/04843 VUs  02.8s/15s  4843.00 iters/s

running (03.8s), 00230/04843 VUs, 18386 complete and 0 interrupted iterations
default   [  26% ] 00230/04843 VUs  03.8s/15s  4843.00 iters/s

running (04.8s), 00227/04843 VUs, 23231 complete and 0 interrupted iterations
default   [  32% ] 00227/04843 VUs  04.8s/15s  4843.00 iters/s

running (05.8s), 00232/04843 VUs, 28070 complete and 0 interrupted iterations
default   [  39% ] 00232/04843 VUs  05.8s/15s  4843.00 iters/s

running (06.8s), 00273/04843 VUs, 32873 complete and 0 interrupted iterations
default   [  46% ] 00273/04843 VUs  06.8s/15s  4843.00 iters/s

running (07.8s), 00191/04843 VUs, 37801 complete and 0 interrupted iterations
default   [  52% ] 00191/04843 VUs  07.8s/15s  4843.00 iters/s

running (08.8s), 00199/04843 VUs, 42632 complete and 0 interrupted iterations
default   [  59% ] 00199/04843 VUs  08.8s/15s  4843.00 iters/s

running (09.8s), 00220/04843 VUs, 47454 complete and 0 interrupted iterations
default   [  66% ] 00220/04843 VUs  09.8s/15s  4843.00 iters/s

running (10.8s), 00228/04843 VUs, 52289 complete and 0 interrupted iterations
default   [  72% ] 00228/04843 VUs  10.8s/15s  4843.00 iters/s

running (11.8s), 00215/04843 VUs, 57145 complete and 0 interrupted iterations
default   [  79% ] 00215/04843 VUs  11.8s/15s  4843.00 iters/s

running (12.8s), 00216/04843 VUs, 61982 complete and 0 interrupted iterations
default   [  86% ] 00216/04843 VUs  12.8s/15s  4843.00 iters/s

running (13.8s), 00200/04843 VUs, 66846 complete and 0 interrupted iterations
default   [  92% ] 00200/04843 VUs  13.8s/15s  4843.00 iters/s

running (14.8s), 00180/04843 VUs, 71710 complete and 0 interrupted iterations
default   [  99% ] 00180/04843 VUs  14.8s/15s  4843.00 iters/s


  █ TOTAL RESULTS 

    HTTP
    http_req_duration..............: avg=44.68ms min=29.84ms med=44.08ms max=87.99ms p(90)=51.83ms p(95)=55.24ms
      { expected_response:true }...: avg=44.68ms min=29.84ms med=44.08ms max=87.99ms p(90)=51.83ms p(95)=55.24ms
    http_req_failed................: 0.00%  0 out of 72477
    http_reqs......................: 72477  4829.345043/s

    EXECUTION
    iteration_duration.............: avg=44.76ms min=29.95ms med=44.15ms max=89.32ms p(90)=51.92ms p(95)=55.32ms
    iterations.....................: 72477  4829.345043/s
    vus............................: 178    min=178        max=273 
    vus_max........................: 4843   min=4843       max=4843

    NETWORK
    data_received..................: 15 MB  980 kB/s
    data_sent......................: 7.3 MB 484 kB/s




running (15.0s), 00000/04843 VUs, 72471 complete and 175 interrupted iterations
default ✓ [ 100% ] 00175/04843 VUs  15s  4843.00 iters/s
