
         /\      Grafana   /‾‾/  
    /\  /  \     |\  __   /  /   
   /  \/    \    | |/ /  /   ‾‾\ 
  /          \   |   (  |  (‾)  |
 / __________ \  |_|\_\  \_____/ 

     execution: local
        script: workflow/spin/k6_open_client.js
        output: -

     scenarios: (100.00%) 1 scenario, 10000 max VUs, 15s max duration (incl. graceful stop):
              * default: 2505.00 iterations/s for 15s (maxVUs: 2505-10000)


running (00.9s), 00484/02505 VUs, 1792 complete and 0 interrupted iterations
default   [   6% ] 00484/02505 VUs  00.9s/15s  2505.00 iters/s

running (01.9s), 00430/02505 VUs, 4352 complete and 0 interrupted iterations
default   [  13% ] 00430/02505 VUs  01.9s/15s  2505.00 iters/s

running (02.9s), 00375/02505 VUs, 6912 complete and 0 interrupted iterations
default   [  19% ] 00375/02505 VUs  02.9s/15s  2505.00 iters/s

running (03.9s), 00531/02505 VUs, 9261 complete and 0 interrupted iterations
default   [  26% ] 00531/02505 VUs  03.9s/15s  2505.00 iters/s

running (04.9s), 00440/02505 VUs, 11857 complete and 0 interrupted iterations
default   [  33% ] 00440/02505 VUs  04.9s/15s  2505.00 iters/s

running (05.9s), 00468/02505 VUs, 14336 complete and 0 interrupted iterations
default   [  39% ] 00468/02505 VUs  05.9s/15s  2505.00 iters/s

running (06.9s), 00413/02505 VUs, 16896 complete and 0 interrupted iterations
default   [  46% ] 00413/02505 VUs  06.9s/15s  2505.00 iters/s

running (07.9s), 00358/02505 VUs, 19456 complete and 0 interrupted iterations
default   [  53% ] 00358/02505 VUs  07.9s/15s  2505.00 iters/s

running (08.9s), 00414/02505 VUs, 21904 complete and 0 interrupted iterations
default   [  59% ] 00414/02505 VUs  08.9s/15s  2505.00 iters/s

running (09.9s), 00504/02505 VUs, 24318 complete and 0 interrupted iterations
default   [  66% ] 00504/02505 VUs  09.9s/15s  2505.00 iters/s

running (10.9s), 00454/02505 VUs, 26874 complete and 0 interrupted iterations
default   [  73% ] 00454/02505 VUs  10.9s/15s  2505.00 iters/s

running (11.9s), 00398/02505 VUs, 29434 complete and 0 interrupted iterations
default   [  79% ] 00398/02505 VUs  11.9s/15s  2505.00 iters/s

running (12.9s), 00365/02505 VUs, 31972 complete and 0 interrupted iterations
default   [  86% ] 00365/02505 VUs  12.9s/15s  2505.00 iters/s

running (13.9s), 00492/02505 VUs, 34350 complete and 0 interrupted iterations
default   [  93% ] 00492/02505 VUs  13.9s/15s  2505.00 iters/s

running (14.9s), 00486/02505 VUs, 36861 complete and 0 interrupted iterations
default   [  99% ] 00486/02505 VUs  14.9s/15s  2505.00 iters/s


  █ TOTAL RESULTS 

    HTTP
    http_req_duration..............: avg=173.39ms min=114.94ms med=174.14ms max=220.99ms p(90)=198.06ms p(95)=202.29ms
      { expected_response:true }...: avg=173.39ms min=114.94ms med=174.14ms max=220.99ms p(90)=198.06ms p(95)=202.29ms
    http_req_failed................: 0.00%  0 out of 37130
    http_reqs......................: 37130  2474.271034/s

    EXECUTION
    iteration_duration.............: avg=173.49ms min=115.15ms med=174.24ms max=221.07ms p(90)=198.19ms p(95)=202.41ms
    iterations.....................: 37130  2474.271034/s
    vus............................: 486    min=357        max=531 
    vus_max........................: 2505   min=2505       max=2505

    NETWORK
    data_received..................: 7.5 MB 502 kB/s
    data_sent......................: 7.2 MB 481 kB/s




running (15.0s), 00000/02505 VUs, 37126 complete and 450 interrupted iterations
default ✓ [ 100% ] 00450/02505 VUs  15s  2505.00 iters/s
