
         /\      Grafana   /‾‾/  
    /\  /  \     |\  __   /  /   
   /  \/    \    | |/ /  /   ‾‾\ 
  /          \   |   (  |  (‾)  |
 / __________ \  |_|\_\  \_____/ 

     execution: local
        script: workflow/spin/k6_open_client.js
        output: -

     scenarios: (100.00%) 1 scenario, 10000 max VUs, 15s max duration (incl. graceful stop):
              * default: 2070.00 iterations/s for 15s (maxVUs: 2070-10000)


running (00.9s), 00080/02070 VUs, 1826 complete and 0 interrupted iterations
default   [   6% ] 00080/02070 VUs  00.9s/15s  2070.00 iters/s

running (01.9s), 00076/02070 VUs, 3898 complete and 0 interrupted iterations
default   [  13% ] 00076/02070 VUs  01.9s/15s  2070.00 iters/s

running (02.9s), 00090/02070 VUs, 5956 complete and 0 interrupted iterations
default   [  19% ] 00090/02070 VUs  02.9s/15s  2070.00 iters/s

running (03.9s), 00088/02070 VUs, 8029 complete and 0 interrupted iterations
default   [  26% ] 00088/02070 VUs  03.9s/15s  2070.00 iters/s

running (04.9s), 00070/02070 VUs, 10117 complete and 0 interrupted iterations
default   [  33% ] 00070/02070 VUs  04.9s/15s  2070.00 iters/s

running (05.9s), 00074/02070 VUs, 12182 complete and 0 interrupted iterations
default   [  39% ] 00074/02070 VUs  05.9s/15s  2070.00 iters/s

running (06.9s), 00097/02070 VUs, 14229 complete and 0 interrupted iterations
default   [  46% ] 00097/02070 VUs  06.9s/15s  2070.00 iters/s

running (07.9s), 00078/02070 VUs, 16319 complete and 0 interrupted iterations
default   [  53% ] 00078/02070 VUs  07.9s/15s  2070.00 iters/s

running (08.9s), 00076/02070 VUs, 18390 complete and 0 interrupted iterations
default   [  59% ] 00076/02070 VUs  08.9s/15s  2070.00 iters/s

running (09.9s), 00057/02070 VUs, 20480 complete and 0 interrupted iterations
default   [  66% ] 00057/02070 VUs  09.9s/15s  2070.00 iters/s

running (10.9s), 00077/02070 VUs, 22527 complete and 0 interrupted iterations
default   [  73% ] 00079/02070 VUs  10.9s/15s  2070.00 iters/s

running (11.9s), 00070/02070 VUs, 24607 complete and 0 interrupted iterations
default   [  79% ] 00070/02070 VUs  11.9s/15s  2070.00 iters/s

running (12.9s), 00090/02070 VUs, 26657 complete and 0 interrupted iterations
default   [  86% ] 00090/02070 VUs  12.9s/15s  2070.00 iters/s

running (13.9s), 00089/02070 VUs, 28727 complete and 0 interrupted iterations
default   [  93% ] 00089/02070 VUs  13.9s/15s  2070.00 iters/s

running (14.9s), 00096/02070 VUs, 30788 complete and 0 interrupted iterations
default   [  99% ] 00097/02070 VUs  14.9s/15s  2070.00 iters/s


  █ TOTAL RESULTS 

    HTTP
    http_req_duration..............: avg=36.77ms min=20.06ms med=36.58ms max=65.56ms p(90)=45.92ms p(95)=48.22ms
      { expected_response:true }...: avg=36.77ms min=20.06ms med=36.58ms max=65.56ms p(90)=45.92ms p(95)=48.22ms
    http_req_failed................: 0.00%  0 out of 30995
    http_reqs......................: 30995  2065.788827/s

    EXECUTION
    iteration_duration.............: avg=36.86ms min=20.23ms med=36.66ms max=66.55ms p(90)=46.01ms p(95)=48.33ms
    iterations.....................: 30995  2065.788827/s
    vus............................: 96     min=57         max=96  
    vus_max........................: 2070   min=2070       max=2070

    NETWORK
    data_received..................: 6.3 MB 419 kB/s
    data_sent......................: 6.0 MB 397 kB/s




running (15.0s), 00000/02070 VUs, 30995 complete and 55 interrupted iterations
default ✓ [ 100% ] 00055/02070 VUs  15s  2070.00 iters/s
