
         /\      Grafana   /‾‾/  
    /\  /  \     |\  __   /  /   
   /  \/    \    | |/ /  /   ‾‾\ 
  /          \   |   (  |  (‾)  |
 / __________ \  |_|\_\  \_____/ 

     execution: local
        script: workflow/spin/k6_open_client.js
        output: -

     scenarios: (100.00%) 1 scenario, 10000 max VUs, 15s max duration (incl. graceful stop):
              * default: 2936.00 iterations/s for 15s (maxVUs: 2936-10000)


running (00.9s), 00137/02936 VUs, 2508 complete and 0 interrupted iterations
default   [   6% ] 00137/02936 VUs  00.9s/15s  2936.00 iters/s

running (01.9s), 00164/02936 VUs, 5417 complete and 0 interrupted iterations
default   [  13% ] 00164/02936 VUs  01.9s/15s  2936.00 iters/s

running (02.9s), 00139/02936 VUs, 8378 complete and 0 interrupted iterations
default   [  19% ] 00139/02936 VUs  02.9s/15s  2936.00 iters/s

running (03.9s), 00130/02936 VUs, 11321 complete and 0 interrupted iterations
default   [  26% ] 00130/02936 VUs  03.9s/15s  2936.00 iters/s

running (04.9s), 00121/02936 VUs, 14265 complete and 0 interrupted iterations
default   [  33% ] 00121/02936 VUs  04.9s/15s  2936.00 iters/s

running (05.9s), 00119/02936 VUs, 17206 complete and 0 interrupted iterations
default   [  39% ] 00119/02936 VUs  05.9s/15s  2936.00 iters/s

running (06.9s), 00138/02936 VUs, 20123 complete and 0 interrupted iterations
default   [  46% ] 00138/02936 VUs  06.9s/15s  2936.00 iters/s

running (07.9s), 00143/02936 VUs, 23054 complete and 0 interrupted iterations
default   [  53% ] 00143/02936 VUs  07.9s/15s  2936.00 iters/s

running (08.9s), 00107/02936 VUs, 26026 complete and 0 interrupted iterations
default   [  59% ] 00107/02936 VUs  08.9s/15s  2936.00 iters/s

running (09.9s), 00135/02936 VUs, 28936 complete and 0 interrupted iterations
default   [  66% ] 00135/02936 VUs  09.9s/15s  2936.00 iters/s

running (10.9s), 00164/02936 VUs, 31841 complete and 0 interrupted iterations
default   [  73% ] 00164/02936 VUs  10.9s/15s  2936.00 iters/s

running (11.9s), 00119/02936 VUs, 34820 complete and 0 interrupted iterations
default   [  79% ] 00119/02936 VUs  11.9s/15s  2936.00 iters/s

running (12.9s), 00155/02936 VUs, 37724 complete and 0 interrupted iterations
default   [  86% ] 00155/02936 VUs  12.9s/15s  2936.00 iters/s

running (13.9s), 00117/02936 VUs, 40694 complete and 0 interrupted iterations
default   [  93% ] 00117/02936 VUs  13.9s/15s  2936.00 iters/s

running (14.9s), 00141/02936 VUs, 43608 complete and 0 interrupted iterations
default   [  99% ] 00141/02936 VUs  14.9s/15s  2936.00 iters/s


  █ TOTAL RESULTS 

    HTTP
    http_req_duration..............: avg=46.94ms min=29.41ms med=46.53ms max=95.22ms p(90)=54.73ms p(95)=58.53ms
      { expected_response:true }...: avg=46.94ms min=29.41ms med=46.53ms max=95.22ms p(90)=54.73ms p(95)=58.53ms
    http_req_failed................: 0.00%  0 out of 43880
    http_reqs......................: 43880  2924.390743/s

    EXECUTION
    iteration_duration.............: avg=47.03ms min=29.67ms med=46.61ms max=96.14ms p(90)=54.84ms p(95)=58.64ms
    iterations.....................: 43880  2924.390743/s
    vus............................: 140    min=105        max=163 
    vus_max........................: 2936   min=2936       max=2936

    NETWORK
    data_received..................: 8.9 MB 594 kB/s
    data_sent......................: 8.5 MB 563 kB/s




running (15.0s), 00000/02936 VUs, 43877 complete and 164 interrupted iterations
default ✓ [ 100% ] 00164/02936 VUs  15s  2936.00 iters/s
