
         /\      Grafana   /‾‾/  
    /\  /  \     |\  __   /  /   
   /  \/    \    | |/ /  /   ‾‾\ 
  /          \   |   (  |  (‾)  |
 / __________ \  |_|\_\  \_____/ 

     execution: local
        script: workflow/spin/k6_open_client.js
        output: -

     scenarios: (100.00%) 1 scenario, 10000 max VUs, 15s max duration (incl. graceful stop):
              * default: 2989.00 iterations/s for 15s (maxVUs: 2989-10000)


running (00.9s), 00134/02989 VUs, 2566 complete and 0 interrupted iterations
default   [   6% ] 00134/02989 VUs  00.9s/15s  2989.00 iters/s

running (01.9s), 00161/02989 VUs, 5529 complete and 0 interrupted iterations
default   [  13% ] 00161/02989 VUs  01.9s/15s  2989.00 iters/s

running (02.9s), 00148/02989 VUs, 8528 complete and 0 interrupted iterations
default   [  19% ] 00148/02989 VUs  02.9s/15s  2989.00 iters/s

running (03.9s), 00137/02989 VUs, 11530 complete and 0 interrupted iterations
default   [  26% ] 00137/02989 VUs  03.9s/15s  2989.00 iters/s

running (04.9s), 00170/02989 VUs, 14485 complete and 0 interrupted iterations
default   [  33% ] 00171/02989 VUs  04.9s/15s  2989.00 iters/s

running (05.9s), 00187/02989 VUs, 17458 complete and 0 interrupted iterations
default   [  39% ] 00187/02989 VUs  05.9s/15s  2989.00 iters/s

running (06.9s), 00134/02989 VUs, 20500 complete and 0 interrupted iterations
default   [  46% ] 00134/02989 VUs  06.9s/15s  2989.00 iters/s

running (07.9s), 00161/02989 VUs, 23462 complete and 0 interrupted iterations
default   [  53% ] 00161/02989 VUs  07.9s/15s  2989.00 iters/s

running (08.9s), 00178/02989 VUs, 26434 complete and 0 interrupted iterations
default   [  59% ] 00178/02989 VUs  08.9s/15s  2989.00 iters/s

running (09.9s), 00155/02989 VUs, 29446 complete and 0 interrupted iterations
default   [  66% ] 00155/02989 VUs  09.9s/15s  2989.00 iters/s

running (10.9s), 00177/02989 VUs, 32413 complete and 0 interrupted iterations
default   [  73% ] 00176/02989 VUs  10.9s/15s  2989.00 iters/s

running (11.9s), 00186/02989 VUs, 35390 complete and 0 interrupted iterations
default   [  79% ] 00186/02989 VUs  11.9s/15s  2989.00 iters/s

running (12.9s), 00178/02989 VUs, 38390 complete and 0 interrupted iterations
default   [  86% ] 00178/02989 VUs  12.9s/15s  2989.00 iters/s

running (13.9s), 00137/02989 VUs, 41419 complete and 0 interrupted iterations
default   [  93% ] 00137/02989 VUs  13.9s/15s  2989.00 iters/s

running (14.9s), 00147/02989 VUs, 44399 complete and 0 interrupted iterations
default   [  99% ] 00147/02989 VUs  14.9s/15s  2989.00 iters/s


  █ TOTAL RESULTS 

    HTTP
    http_req_duration..............: avg=51.99ms min=29.52ms med=51.72ms max=96.17ms p(90)=61.66ms p(95)=64.76ms
      { expected_response:true }...: avg=51.99ms min=29.52ms med=51.72ms max=96.17ms p(90)=61.66ms p(95)=64.76ms
    http_req_failed................: 0.00%  0 out of 44714
    http_reqs......................: 44714  2979.942725/s

    EXECUTION
    iteration_duration.............: avg=52.09ms min=29.63ms med=51.81ms max=97.01ms p(90)=61.77ms p(95)=64.89ms
    iterations.....................: 44714  2979.942725/s
    vus............................: 146    min=134        max=187 
    vus_max........................: 2989   min=2989       max=2989

    NETWORK
    data_received..................: 9.1 MB 605 kB/s
    data_sent......................: 8.6 MB 573 kB/s




running (15.0s), 00000/02989 VUs, 44712 complete and 124 interrupted iterations
default ✓ [ 100% ] 00124/02989 VUs  15s  2989.00 iters/s
