
         /\      Grafana   /‾‾/  
    /\  /  \     |\  __   /  /   
   /  \/    \    | |/ /  /   ‾‾\ 
  /          \   |   (  |  (‾)  |
 / __________ \  |_|\_\  \_____/ 

     execution: local
        script: workflow/spin/k6_open_client.js
        output: -

     scenarios: (100.00%) 1 scenario, 10000 max VUs, 15s max duration (incl. graceful stop):
              * default: 2122.00 iterations/s for 15s (maxVUs: 2122-10000)


running (00.9s), 00091/02122 VUs, 1869 complete and 0 interrupted iterations
default   [   6% ] 00091/02122 VUs  00.9s/15s  2122.00 iters/s

running (01.9s), 00116/02122 VUs, 3966 complete and 0 interrupted iterations
default   [  13% ] 00116/02122 VUs  01.9s/15s  2122.00 iters/s

running (02.9s), 00090/02122 VUs, 6113 complete and 0 interrupted iterations
default   [  19% ] 00089/02122 VUs  02.9s/15s  2122.00 iters/s

running (03.9s), 00090/02122 VUs, 8236 complete and 0 interrupted iterations
default   [  26% ] 00090/02122 VUs  03.9s/15s  2122.00 iters/s

running (04.9s), 00124/02122 VUs, 10326 complete and 0 interrupted iterations
default   [  33% ] 00124/02122 VUs  04.9s/15s  2122.00 iters/s

running (05.9s), 00090/02122 VUs, 12480 complete and 0 interrupted iterations
default   [  39% ] 00090/02122 VUs  05.9s/15s  2122.00 iters/s

running (06.9s), 00108/02122 VUs, 14584 complete and 0 interrupted iterations
default   [  46% ] 00109/02122 VUs  06.9s/15s  2122.00 iters/s

running (07.9s), 00117/02122 VUs, 16696 complete and 0 interrupted iterations
default   [  53% ] 00117/02122 VUs  07.9s/15s  2122.00 iters/s

running (08.9s), 00083/02122 VUs, 18855 complete and 0 interrupted iterations
default   [  59% ] 00083/02122 VUs  08.9s/15s  2122.00 iters/s

running (09.9s), 00084/02122 VUs, 20975 complete and 0 interrupted iterations
default   [  66% ] 00084/02122 VUs  09.9s/15s  2122.00 iters/s

running (10.9s), 00100/02122 VUs, 23079 complete and 0 interrupted iterations
default   [  73% ] 00101/02122 VUs  10.9s/15s  2122.00 iters/s

running (11.9s), 00124/02122 VUs, 25177 complete and 0 interrupted iterations
default   [  79% ] 00124/02122 VUs  11.9s/15s  2122.00 iters/s

running (12.9s), 00095/02122 VUs, 27331 complete and 0 interrupted iterations
default   [  86% ] 00095/02122 VUs  12.9s/15s  2122.00 iters/s

running (13.9s), 00120/02122 VUs, 29426 complete and 0 interrupted iterations
default   [  93% ] 00120/02122 VUs  13.9s/15s  2122.00 iters/s

running (14.9s), 00083/02122 VUs, 31585 complete and 0 interrupted iterations
default   [  99% ] 00083/02122 VUs  14.9s/15s  2122.00 iters/s


  █ TOTAL RESULTS 

    HTTP
    http_req_duration..............: avg=48.91ms min=20.84ms med=48.61ms max=89.27ms p(90)=58.98ms p(95)=61.21ms
      { expected_response:true }...: avg=48.91ms min=20.84ms med=48.61ms max=89.27ms p(90)=58.98ms p(95)=61.21ms
    http_req_failed................: 0.00%  0 out of 31726
    http_reqs......................: 31726  2114.604722/s

    EXECUTION
    iteration_duration.............: avg=49ms    min=20.96ms med=48.69ms max=89.69ms p(90)=59.08ms p(95)=61.31ms
    iterations.....................: 31726  2114.604722/s
    vus............................: 83     min=83         max=126 
    vus_max........................: 2122   min=2122       max=2122

    NETWORK
    data_received..................: 6.4 MB 429 kB/s
    data_sent......................: 6.1 MB 407 kB/s




running (15.0s), 00000/02122 VUs, 31726 complete and 103 interrupted iterations
default ✓ [ 100% ] 00103/02122 VUs  15s  2122.00 iters/s
