
         /\      Grafana   /‾‾/  
    /\  /  \     |\  __   /  /   
   /  \/    \    | |/ /  /   ‾‾\ 
  /          \   |   (  |  (‾)  |
 / __________ \  |_|\_\  \_____/ 

     execution: local
        script: workflow/online_boutique/k6_open_add_to_cart.js
        output: -

     scenarios: (100.00%) 1 scenario, 10000 max VUs, 15s max duration (incl. graceful stop):
              * default: 5060.00 iterations/s for 15s (maxVUs: 5060-10000)


running (00.9s), 01994/05060 VUs, 2131 complete and 0 interrupted iterations
default   [   6% ] 01994/05060 VUs  00.9s/15s  5060.00 iters/s

running (01.8s), 02297/05060 VUs, 6950 complete and 0 interrupted iterations
default   [  12% ] 02297/05060 VUs  01.8s/15s  5060.00 iters/s

running (02.8s), 01843/05060 VUs, 12465 complete and 0 interrupted iterations
default   [  19% ] 01843/05060 VUs  02.8s/15s  5060.00 iters/s

running (03.8s), 02004/05060 VUs, 17363 complete and 0 interrupted iterations
default   [  26% ] 02004/05060 VUs  03.8s/15s  5060.00 iters/s

running (04.8s), 01845/05060 VUs, 22582 complete and 0 interrupted iterations
default   [  32% ] 01845/05060 VUs  04.8s/15s  5060.00 iters/s

running (05.8s), 01919/05060 VUs, 27568 complete and 0 interrupted iterations
default   [  39% ] 01919/05060 VUs  05.8s/15s  5060.00 iters/s

running (06.8s), 01924/05060 VUs, 32623 complete and 0 interrupted iterations
default   [  46% ] 01924/05060 VUs  06.8s/15s  5060.00 iters/s

running (07.8s), 01745/05060 VUs, 37862 complete and 0 interrupted iterations
default   [  52% ] 01745/05060 VUs  07.8s/15s  5060.00 iters/s

running (08.8s), 01987/05060 VUs, 42697 complete and 0 interrupted iterations
default   [  59% ] 01987/05060 VUs  08.8s/15s  5060.00 iters/s

running (09.8s), 01763/05060 VUs, 47964 complete and 0 interrupted iterations
default   [  66% ] 01764/05060 VUs  09.8s/15s  5060.00 iters/s

running (10.8s), 01810/05060 VUs, 52977 complete and 0 interrupted iterations
default   [  72% ] 01810/05060 VUs  10.8s/15s  5060.00 iters/s

running (11.8s), 02080/05060 VUs, 57768 complete and 0 interrupted iterations
default   [  79% ] 02080/05060 VUs  11.8s/15s  5060.00 iters/s

running (12.8s), 01746/05060 VUs, 63161 complete and 0 interrupted iterations
default   [  86% ] 01746/05060 VUs  12.8s/15s  5060.00 iters/s

running (13.8s), 01709/05060 VUs, 68258 complete and 0 interrupted iterations
default   [  92% ] 01710/05060 VUs  13.8s/15s  5060.00 iters/s

running (14.8s), 01683/05060 VUs, 73344 complete and 0 interrupted iterations
default   [  99% ] 01683/05060 VUs  14.8s/15s  5060.00 iters/s


  █ TOTAL RESULTS 

    CUSTOM
    online_boutique_application_errors...: 0.00% 0 out of 74149

    HTTP
    http_req_duration....................: avg=372.53ms min=318.55ms med=365.92ms max=471.18ms p(90)=412.25ms p(95)=432.62ms
      { expected_response:true }.........: avg=372.53ms min=318.55ms med=365.92ms max=471.18ms p(90)=412.25ms p(95)=432.62ms
    http_req_failed......................: 0.00% 0 out of 74159
    http_reqs............................: 74159 4935.933577/s

    EXECUTION
    iteration_duration...................: avg=372.77ms min=319.73ms med=366.11ms max=483.1ms  p(90)=412.46ms p(95)=433.01ms
    iterations...........................: 74159 4935.933577/s
    vus..................................: 1683  min=1683       max=2296
    vus_max..............................: 5060  min=5060       max=5060

    NETWORK
    data_received........................: 64 MB 4.3 MB/s
    data_sent............................: 20 MB 1.3 MB/s




running (15.0s), 00000/05060 VUs, 74124 complete and 1777 interrupted iterations
default ✓ [ 100% ] 01777/05060 VUs  15s  5060.00 iters/s
