
         /\      Grafana   /‾‾/  
    /\  /  \     |\  __   /  /   
   /  \/    \    | |/ /  /   ‾‾\ 
  /          \   |   (  |  (‾)  |
 / __________ \  |_|\_\  \_____/ 

     execution: local
        script: workflow/write/k6_open_client.js
        output: -

     scenarios: (100.00%) 1 scenario, 10000 max VUs, 15s max duration (incl. graceful stop):
              * default: 7991.00 iterations/s for 15s (maxVUs: 7991-10000)


running (00.8s), 01351/07991 VUs, 4658 complete and 0 interrupted iterations
default   [   5% ] 01351/07991 VUs  00.8s/15s  7991.00 iters/s

running (01.8s), 02074/07991 VUs, 11926 complete and 0 interrupted iterations
default   [  12% ] 02074/07991 VUs  01.8s/15s  7991.00 iters/s

running (02.8s), 02355/07991 VUs, 19636 complete and 0 interrupted iterations
default   [  18% ] 02355/07991 VUs  02.8s/15s  7991.00 iters/s

running (03.8s), 02664/07991 VUs, 27320 complete and 0 interrupted iterations
default   [  25% ] 02664/07991 VUs  03.8s/15s  7991.00 iters/s

running (04.8s), 03056/07991 VUs, 34917 complete and 0 interrupted iterations
default   [  32% ] 03056/07991 VUs  04.8s/15s  7991.00 iters/s

running (05.8s), 03288/07991 VUs, 42676 complete and 0 interrupted iterations
default   [  38% ] 03288/07991 VUs  05.8s/15s  7991.00 iters/s

running (06.8s), 03344/07991 VUs, 50611 complete and 0 interrupted iterations
default   [  45% ] 03344/07991 VUs  06.8s/15s  7991.00 iters/s

running (07.8s), 03442/07991 VUs, 58505 complete and 0 interrupted iterations
default   [  52% ] 03442/07991 VUs  07.8s/15s  7991.00 iters/s

running (08.8s), 03576/07991 VUs, 66362 complete and 0 interrupted iterations
default   [  58% ] 03576/07991 VUs  08.8s/15s  7991.00 iters/s

running (09.8s), 03684/07991 VUs, 74244 complete and 0 interrupted iterations
default   [  65% ] 03684/07991 VUs  09.8s/15s  7991.00 iters/s

running (10.8s), 04300/07991 VUs, 81619 complete and 0 interrupted iterations
default   [  72% ] 04300/07991 VUs  10.8s/15s  7991.00 iters/s

running (11.8s), 04738/07991 VUs, 89174 complete and 0 interrupted iterations
default   [  78% ] 04738/07991 VUs  11.8s/15s  7991.00 iters/s

running (12.8s), 04819/07991 VUs, 97084 complete and 0 interrupted iterations
default   [  85% ] 04820/07991 VUs  12.8s/15s  7991.00 iters/s

running (13.8s), 04867/07991 VUs, 105025 complete and 0 interrupted iterations
default   [  92% ] 04867/07991 VUs  13.8s/15s  7991.00 iters/s

running (14.8s), 04870/07991 VUs, 113020 complete and 0 interrupted iterations
default   [  98% ] 04869/07991 VUs  14.8s/15s  7991.00 iters/s


  █ TOTAL RESULTS 

    HTTP
    http_req_duration..............: avg=432.18ms min=570.75µs med=426.34ms max=1.14s p(90)=611.12ms p(95)=612.98ms
      { expected_response:true }...: avg=432.18ms min=570.75µs med=426.34ms max=1.14s p(90)=611.12ms p(95)=612.98ms
    http_req_failed................: 0.00%  0 out of 115004
    http_reqs......................: 115004 7644.00791/s

    EXECUTION
    iteration_duration.............: avg=432.32ms min=620.51µs med=426.4ms  max=1.14s p(90)=611.17ms p(95)=613.03ms
    iterations.....................: 115003 7643.941443/s
    vus............................: 4869   min=1353        max=4869
    vus_max........................: 7991   min=7991        max=7991

    NETWORK
    data_received..................: 23 MB  1.6 MB/s
    data_sent......................: 12 MB  797 kB/s




running (15.0s), 00000/07991 VUs, 114986 complete and 4880 interrupted iterations
default ✓ [ 100% ] 04880/07991 VUs  15s  7991.00 iters/s
