
         /\      Grafana   /‾‾/  
    /\  /  \     |\  __   /  /   
   /  \/    \    | |/ /  /   ‾‾\ 
  /          \   |   (  |  (‾)  |
 / __________ \  |_|\_\  \_____/ 

     execution: local
        script: workflow/spin/k6_open_client.js
        output: -

     scenarios: (100.00%) 1 scenario, 10000 max VUs, 15s max duration (incl. graceful stop):
              * default: 3600.00 iterations/s for 15s (maxVUs: 3600-10000)


running (00.9s), 00235/03600 VUs, 2896 complete and 0 interrupted iterations
default   [   6% ] 00235/03600 VUs  00.9s/15s  3600.00 iters/s

running (01.9s), 00208/03600 VUs, 6524 complete and 0 interrupted iterations
default   [  12% ] 00208/03600 VUs  01.9s/15s  3600.00 iters/s

running (02.9s), 00206/03600 VUs, 10124 complete and 0 interrupted iterations
default   [  19% ] 00206/03600 VUs  02.9s/15s  3600.00 iters/s

running (03.9s), 00185/03600 VUs, 13743 complete and 0 interrupted iterations
default   [  26% ] 00186/03600 VUs  03.9s/15s  3600.00 iters/s

running (04.9s), 00165/03600 VUs, 17365 complete and 0 interrupted iterations
default   [  32% ] 00165/03600 VUs  04.9s/15s  3600.00 iters/s

running (05.9s), 00216/03600 VUs, 20915 complete and 0 interrupted iterations
default   [  39% ] 00216/03600 VUs  05.9s/15s  3600.00 iters/s

running (06.9s), 00164/03600 VUs, 24567 complete and 0 interrupted iterations
default   [  46% ] 00164/03600 VUs  06.9s/15s  3600.00 iters/s

running (07.9s), 00225/03600 VUs, 28106 complete and 0 interrupted iterations
default   [  52% ] 00225/03600 VUs  07.9s/15s  3600.00 iters/s

running (08.9s), 00202/03600 VUs, 31727 complete and 0 interrupted iterations
default   [  59% ] 00202/03600 VUs  08.9s/15s  3600.00 iters/s

running (09.9s), 00210/03600 VUs, 35322 complete and 0 interrupted iterations
default   [  66% ] 00210/03600 VUs  09.9s/15s  3600.00 iters/s

running (10.9s), 00249/03600 VUs, 38878 complete and 0 interrupted iterations
default   [  72% ] 00249/03600 VUs  10.9s/15s  3600.00 iters/s

running (11.9s), 00185/03600 VUs, 42546 complete and 0 interrupted iterations
default   [  79% ] 00185/03600 VUs  11.9s/15s  3600.00 iters/s

running (12.9s), 00190/03600 VUs, 46140 complete and 0 interrupted iterations
default   [  86% ] 00189/03600 VUs  12.9s/15s  3600.00 iters/s

running (13.9s), 00184/03600 VUs, 49746 complete and 0 interrupted iterations
default   [  92% ] 00184/03600 VUs  13.9s/15s  3600.00 iters/s

running (14.9s), 00246/03600 VUs, 53286 complete and 0 interrupted iterations
default   [  99% ] 00246/03600 VUs  14.9s/15s  3600.00 iters/s


  █ TOTAL RESULTS 

    HTTP
    http_req_duration..............: avg=57.87ms min=33.25ms med=56.94ms max=140.86ms p(90)=66.48ms p(95)=71.19ms
      { expected_response:true }...: avg=57.87ms min=33.25ms med=56.94ms max=140.86ms p(90)=66.48ms p(95)=71.19ms
    http_req_failed................: 0.00% 0 out of 53787
    http_reqs......................: 53787 3584.260565/s

    EXECUTION
    iteration_duration.............: avg=57.97ms min=33.39ms med=57.03ms max=141.15ms p(90)=66.58ms p(95)=71.31ms
    iterations.....................: 53787 3584.260565/s
    vus............................: 246   min=163        max=253 
    vus_max........................: 3600  min=3600       max=3600

    NETWORK
    data_received..................: 11 MB 728 kB/s
    data_sent......................: 10 MB 691 kB/s




running (15.0s), 00000/03600 VUs, 53787 complete and 216 interrupted iterations
default ✓ [ 100% ] 00216/03600 VUs  15s  3600.00 iters/s
