
         /\      Grafana   /‾‾/  
    /\  /  \     |\  __   /  /   
   /  \/    \    | |/ /  /   ‾‾\ 
  /          \   |   (  |  (‾)  |
 / __________ \  |_|\_\  \_____/ 

     execution: local
        script: workflow/spin/k6_open_client.js
        output: -

     scenarios: (100.00%) 1 scenario, 10000 max VUs, 15s max duration (incl. graceful stop):
              * default: 3520.00 iterations/s for 15s (maxVUs: 3520-10000)


running (00.9s), 00204/03520 VUs, 2908 complete and 0 interrupted iterations
default   [   6% ] 00204/03520 VUs  00.9s/15s  3520.00 iters/s

running (01.9s), 00202/03520 VUs, 6432 complete and 0 interrupted iterations
default   [  13% ] 00202/03520 VUs  01.9s/15s  3520.00 iters/s

running (02.9s), 00176/03520 VUs, 9979 complete and 0 interrupted iterations
default   [  19% ] 00175/03520 VUs  02.9s/15s  3520.00 iters/s

running (03.9s), 00187/03520 VUs, 13487 complete and 0 interrupted iterations
default   [  26% ] 00187/03520 VUs  03.9s/15s  3520.00 iters/s

running (04.9s), 00278/03520 VUs, 16917 complete and 0 interrupted iterations
default   [  33% ] 00278/03520 VUs  04.9s/15s  3520.00 iters/s

running (05.9s), 00194/03520 VUs, 20521 complete and 0 interrupted iterations
default   [  39% ] 00194/03520 VUs  05.9s/15s  3520.00 iters/s

running (06.9s), 00219/03520 VUs, 24014 complete and 0 interrupted iterations
default   [  46% ] 00219/03520 VUs  06.9s/15s  3520.00 iters/s

running (07.9s), 00177/03520 VUs, 27575 complete and 0 interrupted iterations
default   [  53% ] 00177/03520 VUs  07.9s/15s  3520.00 iters/s

running (08.9s), 00179/03520 VUs, 31095 complete and 0 interrupted iterations
default   [  59% ] 00180/03520 VUs  08.9s/15s  3520.00 iters/s

running (09.9s), 00178/03520 VUs, 34619 complete and 0 interrupted iterations
default   [  66% ] 00178/03520 VUs  09.9s/15s  3520.00 iters/s

running (10.9s), 00222/03520 VUs, 38096 complete and 0 interrupted iterations
default   [  73% ] 00222/03520 VUs  10.9s/15s  3520.00 iters/s

running (11.9s), 00196/03520 VUs, 41639 complete and 0 interrupted iterations
default   [  79% ] 00196/03520 VUs  11.9s/15s  3520.00 iters/s

running (12.9s), 00198/03520 VUs, 45157 complete and 0 interrupted iterations
default   [  86% ] 00198/03520 VUs  12.9s/15s  3520.00 iters/s

running (13.9s), 00214/03520 VUs, 48662 complete and 0 interrupted iterations
default   [  93% ] 00214/03520 VUs  13.9s/15s  3520.00 iters/s

running (14.9s), 00187/03520 VUs, 52206 complete and 0 interrupted iterations
default   [  99% ] 00187/03520 VUs  14.9s/15s  3520.00 iters/s


  █ TOTAL RESULTS 

    HTTP
    http_req_duration..............: avg=55.84ms min=35.33ms med=55.4ms  max=123.25ms p(90)=64.42ms p(95)=67.38ms
      { expected_response:true }...: avg=55.84ms min=35.33ms med=55.4ms  max=123.25ms p(90)=64.42ms p(95)=67.38ms
    http_req_failed................: 0.00% 0 out of 52643
    http_reqs......................: 52643 3508.176994/s

    EXECUTION
    iteration_duration.............: avg=55.93ms min=35.44ms med=55.49ms max=123.54ms p(90)=64.52ms p(95)=67.5ms 
    iterations.....................: 52643 3508.176994/s
    vus............................: 187   min=174        max=278 
    vus_max........................: 3520  min=3520       max=3520

    NETWORK
    data_received..................: 11 MB 712 kB/s
    data_sent......................: 10 MB 675 kB/s




running (15.0s), 00000/03520 VUs, 52641 complete and 161 interrupted iterations
default ✓ [ 100% ] 00161/03520 VUs  15s  3520.00 iters/s
