
         /\      Grafana   /‾‾/  
    /\  /  \     |\  __   /  /   
   /  \/    \    | |/ /  /   ‾‾\ 
  /          \   |   (  |  (‾)  |
 / __________ \  |_|\_\  \_____/ 

     execution: local
        script: workflow/hotel/k6_open_hotels_client.js
        output: -

     scenarios: (100.00%) 1 scenario, 10000 max VUs, 10s max duration (incl. graceful stop):
              * default: 512.00 iterations/s for 10s (maxVUs: 512-10000)


running (01.0s), 00003/00512 VUs, 496 complete and 0 interrupted iterations
default   [  10% ] 00003/00512 VUs  01.0s/10s  512.00 iters/s

running (02.0s), 00002/00512 VUs, 1009 complete and 0 interrupted iterations
default   [  20% ] 00002/00512 VUs  02.0s/10s  512.00 iters/s

running (03.0s), 00003/00512 VUs, 1520 complete and 0 interrupted iterations
default   [  30% ] 00003/00512 VUs  03.0s/10s  512.00 iters/s

running (04.0s), 00002/00512 VUs, 2033 complete and 0 interrupted iterations
default   [  40% ] 00002/00512 VUs  04.0s/10s  512.00 iters/s

running (05.0s), 00002/00512 VUs, 2545 complete and 0 interrupted iterations
default   [  50% ] 00002/00512 VUs  05.0s/10s  512.00 iters/s

running (06.0s), 00004/00512 VUs, 3055 complete and 0 interrupted iterations
default   [  60% ] 00004/00512 VUs  06.0s/10s  512.00 iters/s

running (07.0s), 00004/00512 VUs, 3567 complete and 0 interrupted iterations
default   [  70% ] 00004/00512 VUs  07.0s/10s  512.00 iters/s

running (08.0s), 00002/00512 VUs, 4081 complete and 0 interrupted iterations
default   [  80% ] 00002/00512 VUs  08.0s/10s  512.00 iters/s

running (09.0s), 00006/00512 VUs, 4589 complete and 0 interrupted iterations
default   [  90% ] 00006/00512 VUs  09.0s/10s  512.00 iters/s

running (10.0s), 00002/00512 VUs, 5105 complete and 0 interrupted iterations
default   [ 100% ] 00002/00512 VUs  10.0s/10s  512.00 iters/s


  █ TOTAL RESULTS 

    HTTP
    http_req_duration..............: avg=5.67ms min=2.75ms med=4.01ms max=25.97ms p(90)=9.75ms p(95)=13.55ms
      { expected_response:true }...: avg=5.67ms min=2.75ms med=4.01ms max=25.97ms p(90)=9.75ms p(95)=13.55ms
    http_req_failed................: 0.00%  0 out of 5119
    http_reqs......................: 5119   511.844298/s

    EXECUTION
    iteration_duration.............: avg=5.79ms min=2.85ms med=4.13ms max=26.22ms p(90)=9.89ms p(95)=13.64ms
    iterations.....................: 5119   511.844298/s
    vus............................: 2      min=2         max=6  
    vus_max........................: 512    min=512       max=512

    NETWORK
    data_received..................: 1.5 MB 146 kB/s
    data_sent......................: 1.7 MB 168 kB/s




running (10.0s), 00000/00512 VUs, 5118 complete and 3 interrupted iterations
default ✓ [ 100% ] 00003/00512 VUs  10s  512.00 iters/s
