
         /\      Grafana   /‾‾/  
    /\  /  \     |\  __   /  /   
   /  \/    \    | |/ /  /   ‾‾\ 
  /          \   |   (  |  (‾)  |
 / __________ \  |_|\_\  \_____/ 

     execution: local
        script: workflow/spin/k6_open_client.js
        output: -

     scenarios: (100.00%) 1 scenario, 10000 max VUs, 15s max duration (incl. graceful stop):
              * default: 480.00 iterations/s for 15s (maxVUs: 480-10000)


running (01.0s), 00018/00480 VUs, 451 complete and 0 interrupted iterations
default   [   7% ] 00018/00480 VUs  01.0s/15s  480.00 iters/s

running (02.0s), 00019/00480 VUs, 929 complete and 0 interrupted iterations
default   [  13% ] 00019/00480 VUs  02.0s/15s  480.00 iters/s

running (03.0s), 00020/00480 VUs, 1409 complete and 0 interrupted iterations
default   [  20% ] 00020/00480 VUs  03.0s/15s  480.00 iters/s

running (04.0s), 00009/00480 VUs, 1899 complete and 0 interrupted iterations
default   [  26% ] 00009/00480 VUs  04.0s/15s  480.00 iters/s

running (05.0s), 00008/00480 VUs, 2381 complete and 0 interrupted iterations
default   [  33% ] 00008/00480 VUs  05.0s/15s  480.00 iters/s

running (06.0s), 00011/00480 VUs, 2858 complete and 0 interrupted iterations
default   [  40% ] 00011/00480 VUs  06.0s/15s  480.00 iters/s

running (07.0s), 00015/00480 VUs, 3334 complete and 0 interrupted iterations
default   [  47% ] 00015/00480 VUs  07.0s/15s  480.00 iters/s

running (08.0s), 00013/00480 VUs, 3816 complete and 0 interrupted iterations
default   [  53% ] 00013/00480 VUs  08.0s/15s  480.00 iters/s

running (09.0s), 00013/00480 VUs, 4296 complete and 0 interrupted iterations
default   [  60% ] 00013/00480 VUs  09.0s/15s  480.00 iters/s

running (10.0s), 00013/00480 VUs, 4776 complete and 0 interrupted iterations
default   [  67% ] 00013/00480 VUs  10.0s/15s  480.00 iters/s

running (11.0s), 00014/00480 VUs, 5255 complete and 0 interrupted iterations
default   [  73% ] 00014/00480 VUs  11.0s/15s  480.00 iters/s

running (12.0s), 00015/00480 VUs, 5734 complete and 0 interrupted iterations
default   [  80% ] 00015/00480 VUs  12.0s/15s  480.00 iters/s

running (13.0s), 00018/00480 VUs, 6211 complete and 0 interrupted iterations
default   [  87% ] 00018/00480 VUs  13.0s/15s  480.00 iters/s

running (14.0s), 00011/00480 VUs, 6697 complete and 0 interrupted iterations
default   [  93% ] 00011/00480 VUs  14.0s/15s  480.00 iters/s

running (15.0s), 00011/00480 VUs, 7178 complete and 0 interrupted iterations
default   [ 100% ] 00011/00480 VUs  15.0s/15s  480.00 iters/s


  █ TOTAL RESULTS 

    HTTP
    http_req_duration..............: avg=28.04ms min=11.4ms  med=28.02ms max=50.92ms p(90)=40.14ms p(95)=41.53ms
      { expected_response:true }...: avg=28.04ms min=11.4ms  med=28.02ms max=50.92ms p(90)=40.14ms p(95)=41.53ms
    http_req_failed................: 0.00%  0 out of 7193
    http_reqs......................: 7193   479.481901/s

    EXECUTION
    iteration_duration.............: avg=28.13ms min=11.47ms med=28.11ms max=50.99ms p(90)=40.23ms p(95)=41.62ms
    iterations.....................: 7193   479.481901/s
    vus............................: 11     min=8         max=20 
    vus_max........................: 480    min=480       max=480

    NETWORK
    data_received..................: 1.4 MB 97 kB/s
    data_sent......................: 1.4 MB 92 kB/s




running (15.0s), 00000/00480 VUs, 7193 complete and 8 interrupted iterations
default ✓ [ 100% ] 00008/00480 VUs  15s  480.00 iters/s
