
         /\      Grafana   /‾‾/  
    /\  /  \     |\  __   /  /   
   /  \/    \    | |/ /  /   ‾‾\ 
  /          \   |   (  |  (‾)  |
 / __________ \  |_|\_\  \_____/ 

     execution: local
        script: workflow/media/k6_open_review_compose.js
        output: -

     scenarios: (100.00%) 1 scenario, 10000 max VUs, 15s max duration (incl. graceful stop):
              * default: 1003.00 iterations/s for 15s (maxVUs: 1003-10000)


running (01.0s), 00325/01003 VUs, 633 complete and 0 interrupted iterations
default   [   6% ] 00325/01003 VUs  01.0s/15s  1003.00 iters/s

running (02.0s), 00294/01003 VUs, 1666 complete and 0 interrupted iterations
default   [  13% ] 00294/01003 VUs  02.0s/15s  1003.00 iters/s

running (03.0s), 00266/01003 VUs, 2698 complete and 0 interrupted iterations
default   [  20% ] 00266/01003 VUs  03.0s/15s  1003.00 iters/s

running (04.0s), 00237/01003 VUs, 3730 complete and 0 interrupted iterations
default   [  26% ] 00237/01003 VUs  04.0s/15s  1003.00 iters/s

running (05.0s), 00416/01003 VUs, 4554 complete and 0 interrupted iterations
default   [  33% ] 00416/01003 VUs  05.0s/15s  1003.00 iters/s

running (06.0s), 00379/01003 VUs, 5594 complete and 0 interrupted iterations
default   [  40% ] 00379/01003 VUs  06.0s/15s  1003.00 iters/s

running (07.0s), 00352/01003 VUs, 6625 complete and 0 interrupted iterations
default   [  46% ] 00352/01003 VUs  07.0s/15s  1003.00 iters/s

running (08.0s), 00322/01003 VUs, 7658 complete and 0 interrupted iterations
default   [  53% ] 00322/01003 VUs  08.0s/15s  1003.00 iters/s

running (09.0s), 00297/01003 VUs, 8685 complete and 0 interrupted iterations
default   [  60% ] 00297/01003 VUs  09.0s/15s  1003.00 iters/s

running (10.0s), 00268/01003 VUs, 9717 complete and 0 interrupted iterations
default   [  66% ] 00268/01003 VUs  10.0s/15s  1003.00 iters/s

running (11.0s), 00241/01003 VUs, 10747 complete and 0 interrupted iterations
default   [  73% ] 00241/01003 VUs  11.0s/15s  1003.00 iters/s

running (12.0s), 00317/01003 VUs, 11674 complete and 0 interrupted iterations
default   [  80% ] 00317/01003 VUs  12.0s/15s  1003.00 iters/s

running (13.0s), 00394/01003 VUs, 12600 complete and 0 interrupted iterations
default   [  86% ] 00394/01003 VUs  13.0s/15s  1003.00 iters/s

running (14.0s), 00367/01003 VUs, 13630 complete and 0 interrupted iterations
default   [  93% ] 00367/01003 VUs  14.0s/15s  1003.00 iters/s

running (15.0s), 00337/01003 VUs, 14662 complete and 0 interrupted iterations
default   [ 100% ] 00337/01003 VUs  15.0s/15s  1003.00 iters/s


  █ TOTAL RESULTS 

    HTTP
    http_req_duration..............: avg=321.27ms min=215.02ms med=321.61ms max=425.78ms p(90)=390.22ms p(95)=400.16ms
      { expected_response:true }...: avg=321.27ms min=215.02ms med=321.61ms max=425.78ms p(90)=390.22ms p(95)=400.16ms
    http_req_failed................: 0.00%  0 out of 14662
    http_reqs......................: 14662  977.216288/s

    EXECUTION
    iteration_duration.............: avg=321.39ms min=215.12ms med=321.72ms max=425.86ms p(90)=390.32ms p(95)=400.29ms
    iterations.....................: 14662  977.216288/s
    vus............................: 338    min=237        max=416 
    vus_max........................: 1003   min=1003       max=1003

    NETWORK
    data_received..................: 3.4 MB 226 kB/s
    data_sent......................: 8.4 MB 558 kB/s




running (15.0s), 00000/01003 VUs, 14662 complete and 384 interrupted iterations
default ✓ [ 100% ] 00384/01003 VUs  15s  1003.00 iters/s
