
         /\      Grafana   /‾‾/  
    /\  /  \     |\  __   /  /   
   /  \/    \    | |/ /  /   ‾‾\ 
  /          \   |   (  |  (‾)  |
 / __________ \  |_|\_\  \_____/ 

     execution: local
        script: workflow/spin/k6_open_client.js
        output: -

     scenarios: (100.00%) 1 scenario, 10000 max VUs, 15s max duration (incl. graceful stop):
              * default: 3929.00 iterations/s for 15s (maxVUs: 3929-10000)


running (00.9s), 00225/03929 VUs, 3213 complete and 0 interrupted iterations
default   [   6% ] 00225/03929 VUs  00.9s/15s  3929.00 iters/s

running (01.9s), 00221/03929 VUs, 7147 complete and 0 interrupted iterations
default   [  13% ] 00221/03929 VUs  01.9s/15s  3929.00 iters/s

running (02.9s), 00228/03929 VUs, 11067 complete and 0 interrupted iterations
default   [  19% ] 00229/03929 VUs  02.9s/15s  3929.00 iters/s

running (03.9s), 00237/03929 VUs, 14986 complete and 0 interrupted iterations
default   [  26% ] 00237/03929 VUs  03.9s/15s  3929.00 iters/s

running (04.9s), 00223/03929 VUs, 18932 complete and 0 interrupted iterations
default   [  33% ] 00223/03929 VUs  04.9s/15s  3929.00 iters/s

running (05.9s), 00243/03929 VUs, 22840 complete and 0 interrupted iterations
default   [  39% ] 00243/03929 VUs  05.9s/15s  3929.00 iters/s

running (06.9s), 00226/03929 VUs, 26787 complete and 0 interrupted iterations
default   [  46% ] 00226/03929 VUs  06.9s/15s  3929.00 iters/s

running (07.9s), 00260/03929 VUs, 30679 complete and 0 interrupted iterations
default   [  53% ] 00260/03929 VUs  07.9s/15s  3929.00 iters/s

running (08.9s), 00236/03929 VUs, 34635 complete and 0 interrupted iterations
default   [  59% ] 00236/03929 VUs  08.9s/15s  3929.00 iters/s

running (09.9s), 00255/03929 VUs, 38544 complete and 0 interrupted iterations
default   [  66% ] 00255/03929 VUs  09.9s/15s  3929.00 iters/s

running (10.9s), 00269/03929 VUs, 42459 complete and 0 interrupted iterations
default   [  73% ] 00269/03929 VUs  10.9s/15s  3929.00 iters/s

running (11.9s), 00209/03929 VUs, 46451 complete and 0 interrupted iterations
default   [  79% ] 00209/03929 VUs  11.9s/15s  3929.00 iters/s

running (12.9s), 00212/03929 VUs, 50374 complete and 0 interrupted iterations
default   [  86% ] 00212/03929 VUs  12.9s/15s  3929.00 iters/s

running (13.9s), 00225/03929 VUs, 54291 complete and 0 interrupted iterations
default   [  93% ] 00225/03929 VUs  13.9s/15s  3929.00 iters/s

running (14.9s), 00236/03929 VUs, 58210 complete and 0 interrupted iterations
default   [  99% ] 00236/03929 VUs  14.9s/15s  3929.00 iters/s


  █ TOTAL RESULTS 

    HTTP
    http_req_duration..............: avg=60.71ms min=26.83ms med=59.47ms max=134.39ms p(90)=69.62ms p(95)=75.34ms
      { expected_response:true }...: avg=60.71ms min=26.83ms med=59.47ms max=134.39ms p(90)=69.62ms p(95)=75.34ms
    http_req_failed................: 0.00% 0 out of 58671
    http_reqs......................: 58671 3909.497984/s

    EXECUTION
    iteration_duration.............: avg=60.81ms min=26.98ms med=59.56ms max=135.34ms p(90)=69.72ms p(95)=75.44ms
    iterations.....................: 58671 3909.497984/s
    vus............................: 236   min=205        max=270 
    vus_max........................: 3929  min=3929       max=3929

    NETWORK
    data_received..................: 12 MB 794 kB/s
    data_sent......................: 11 MB 754 kB/s




running (15.0s), 00000/03929 VUs, 58671 complete and 266 interrupted iterations
default ✓ [ 100% ] 00266/03929 VUs  15s  3929.00 iters/s
