
         /\      Grafana   /‾‾/  
    /\  /  \     |\  __   /  /   
   /  \/    \    | |/ /  /   ‾‾\ 
  /          \   |   (  |  (‾)  |
 / __________ \  |_|\_\  \_____/ 

     execution: local
        script: workflow/write/k6_open_client.js
        output: -

     scenarios: (100.00%) 1 scenario, 10000 max VUs, 15s max duration (incl. graceful stop):
              * default: 304.00 iterations/s for 15s (maxVUs: 304-10000)


running (01.0s), 00013/00304 VUs, 286 complete and 0 interrupted iterations
default   [   7% ] 00013/00304 VUs  01.0s/15s  304.00 iters/s

running (02.0s), 00010/00304 VUs, 593 complete and 0 interrupted iterations
default   [  13% ] 00010/00304 VUs  02.0s/15s  304.00 iters/s

running (03.0s), 00007/00304 VUs, 900 complete and 0 interrupted iterations
default   [  20% ] 00007/00304 VUs  03.0s/15s  304.00 iters/s

running (04.0s), 00006/00304 VUs, 1205 complete and 0 interrupted iterations
default   [  27% ] 00006/00304 VUs  04.0s/15s  304.00 iters/s

running (05.0s), 00004/00304 VUs, 1511 complete and 0 interrupted iterations
default   [  33% ] 00004/00304 VUs  05.0s/15s  304.00 iters/s

running (06.0s), 00010/00304 VUs, 1809 complete and 0 interrupted iterations
default   [  40% ] 00010/00304 VUs  06.0s/15s  304.00 iters/s

running (07.0s), 00007/00304 VUs, 2116 complete and 0 interrupted iterations
default   [  47% ] 00007/00304 VUs  07.0s/15s  304.00 iters/s

running (08.0s), 00013/00304 VUs, 2414 complete and 0 interrupted iterations
default   [  53% ] 00013/00304 VUs  08.0s/15s  304.00 iters/s

running (09.0s), 00009/00304 VUs, 2722 complete and 0 interrupted iterations
default   [  60% ] 00009/00304 VUs  09.0s/15s  304.00 iters/s

running (10.0s), 00005/00304 VUs, 3030 complete and 0 interrupted iterations
default   [  67% ] 00005/00304 VUs  10.0s/15s  304.00 iters/s

running (11.0s), 00011/00304 VUs, 3328 complete and 0 interrupted iterations
default   [  73% ] 00011/00304 VUs  11.0s/15s  304.00 iters/s

running (12.0s), 00008/00304 VUs, 3635 complete and 0 interrupted iterations
default   [  80% ] 00008/00304 VUs  12.0s/15s  304.00 iters/s

running (13.0s), 00013/00304 VUs, 3934 complete and 0 interrupted iterations
default   [  87% ] 00013/00304 VUs  13.0s/15s  304.00 iters/s

running (14.0s), 00009/00304 VUs, 4242 complete and 0 interrupted iterations
default   [  93% ] 00009/00304 VUs  14.0s/15s  304.00 iters/s

running (15.0s), 00007/00304 VUs, 4548 complete and 0 interrupted iterations
default   [ 100% ] 00007/00304 VUs  15.0s/15s  304.00 iters/s


  █ TOTAL RESULTS 

    HTTP
    http_req_duration..............: avg=27.28ms min=10.62ms med=27.33ms max=48.73ms p(90)=39.98ms p(95)=41.2ms 
      { expected_response:true }...: avg=27.28ms min=10.62ms med=27.33ms max=48.73ms p(90)=39.98ms p(95)=41.2ms 
    http_req_failed................: 0.00%  0 out of 4548
    http_reqs......................: 4548   303.180492/s

    EXECUTION
    iteration_duration.............: avg=27.36ms min=10.69ms med=27.41ms max=48.8ms  p(90)=40.04ms p(95)=41.27ms
    iterations.....................: 4548   303.180492/s
    vus............................: 7      min=4         max=13 
    vus_max........................: 304    min=304       max=304

    NETWORK
    data_received..................: 914 kB 61 kB/s
    data_sent......................: 456 kB 30 kB/s




running (15.0s), 00000/00304 VUs, 4548 complete and 12 interrupted iterations
default ✓ [ 100% ] 00012/00304 VUs  15s  304.00 iters/s
