
         /\      Grafana   /‾‾/  
    /\  /  \     |\  __   /  /   
   /  \/    \    | |/ /  /   ‾‾\ 
  /          \   |   (  |  (‾)  |
 / __________ \  |_|\_\  \_____/ 

     execution: local
        script: workflow/response/k6_open_client.js
        output: -

     scenarios: (100.00%) 1 scenario, 100000 max VUs, 15s max duration (incl. graceful stop):
              * default: 5859.00 iterations/s for 15s (maxVUs: 5859-100000)


running (00.8s), 001203/005859 VUs, 2897 complete and 0 interrupted iterations
default   [   6% ] 001203/005859 VUs  00.8s/15s  5859.00 iters/s

running (01.8s), 002468/005859 VUs, 8248 complete and 0 interrupted iterations
default   [  12% ] 002468/005859 VUs  01.8s/15s  5859.00 iters/s

running (02.8s), 002568/005859 VUs, 14006 complete and 0 interrupted iterations
default   [  19% ] 002569/005859 VUs  02.8s/15s  5859.00 iters/s

running (03.8s), 002597/005859 VUs, 19838 complete and 0 interrupted iterations
default   [  26% ] 002597/005859 VUs  03.8s/15s  5859.00 iters/s

running (04.8s), 002646/005859 VUs, 25647 complete and 0 interrupted iterations
default   [  32% ] 002646/005859 VUs  04.8s/15s  5859.00 iters/s

running (05.8s), 002639/005859 VUs, 31515 complete and 0 interrupted iterations
default   [  39% ] 002639/005859 VUs  05.8s/15s  5859.00 iters/s

running (06.8s), 002667/005859 VUs, 37344 complete and 0 interrupted iterations
default   [  46% ] 002667/005859 VUs  06.8s/15s  5859.00 iters/s

running (07.8s), 002590/005859 VUs, 43280 complete and 0 interrupted iterations
default   [  52% ] 002590/005859 VUs  07.8s/15s  5859.00 iters/s

running (08.8s), 002495/005859 VUs, 49234 complete and 0 interrupted iterations
default   [  59% ] 002495/005859 VUs  08.8s/15s  5859.00 iters/s

running (09.8s), 002629/005859 VUs, 54959 complete and 0 interrupted iterations
default   [  66% ] 002628/005859 VUs  09.8s/15s  5859.00 iters/s

running (10.8s), 002546/005859 VUs, 60901 complete and 0 interrupted iterations
default   [  72% ] 002546/005859 VUs  10.8s/15s  5859.00 iters/s

running (11.8s), 002392/005859 VUs, 66914 complete and 0 interrupted iterations
default   [  79% ] 002392/005859 VUs  11.8s/15s  5859.00 iters/s

running (12.8s), 002270/005859 VUs, 72894 complete and 0 interrupted iterations
default   [  86% ] 002270/005859 VUs  12.8s/15s  5859.00 iters/s

running (13.8s), 002242/005859 VUs, 78783 complete and 0 interrupted iterations
default   [  92% ] 002243/005859 VUs  13.8s/15s  5859.00 iters/s

running (14.8s), 002096/005859 VUs, 84787 complete and 0 interrupted iterations
default   [  99% ] 002096/005859 VUs  14.8s/15s  5859.00 iters/s


  █ TOTAL RESULTS 

    HTTP
    http_req_duration..............: avg=409.16ms min=44.11ms med=433.27ms max=738.33ms p(90)=454.24ms p(95)=457.97ms
      { expected_response:true }...: avg=409.16ms min=44.11ms med=433.27ms max=738.33ms p(90)=454.24ms p(95)=457.97ms
    http_req_failed................: 0.00% 0 out of 85721
    http_reqs......................: 85721 5705.832505/s

    EXECUTION
    iteration_duration.............: avg=412.75ms min=56.31ms med=433.42ms max=781.15ms p(90)=454.37ms p(95)=458.11ms
    iterations.....................: 85720 5705.765943/s
    vus............................: 2095  min=1210       max=2666
    vus_max........................: 5859  min=5859       max=5859

    NETWORK
    data_received..................: 17 MB 1.2 MB/s
    data_sent......................: 17 MB 1.1 MB/s




running (15.0s), 000000/005859 VUs, 85695 complete and 2196 interrupted iterations
default ✓ [ 100% ] 002195/005859 VUs  15s  5859.00 iters/s
