
         /\      Grafana   /‾‾/  
    /\  /  \     |\  __   /  /   
   /  \/    \    | |/ /  /   ‾‾\ 
  /          \   |   (  |  (‾)  |
 / __________ \  |_|\_\  \_____/ 

     execution: local
        script: workflow/online_boutique/k6_open_view_cart.js
        output: -

     scenarios: (100.00%) 1 scenario, 10000 max VUs, 15s max duration (incl. graceful stop):
              * default: 76.00 iterations/s for 15s (maxVUs: 76-10000)


running (01.0s), 00004/00076 VUs, 72 complete and 0 interrupted iterations
default   [   7% ] 00004/00076 VUs  01.0s/15s  76.00 iters/s

running (02.0s), 00006/00076 VUs, 146 complete and 0 interrupted iterations
default   [  13% ] 00006/00076 VUs  02.0s/15s  76.00 iters/s

running (03.0s), 00007/00076 VUs, 221 complete and 0 interrupted iterations
default   [  20% ] 00007/00076 VUs  03.0s/15s  76.00 iters/s

running (04.0s), 00007/00076 VUs, 297 complete and 0 interrupted iterations
default   [  27% ] 00007/00076 VUs  04.0s/15s  76.00 iters/s

running (05.0s), 00008/00076 VUs, 372 complete and 0 interrupted iterations
default   [  33% ] 00008/00076 VUs  05.0s/15s  76.00 iters/s

running (06.0s), 00008/00076 VUs, 448 complete and 0 interrupted iterations
default   [  40% ] 00008/00076 VUs  06.0s/15s  76.00 iters/s

running (07.0s), 00009/00076 VUs, 523 complete and 0 interrupted iterations
default   [  47% ] 00009/00076 VUs  07.0s/15s  76.00 iters/s

running (08.0s), 00010/00076 VUs, 598 complete and 0 interrupted iterations
default   [  53% ] 00010/00076 VUs  08.0s/15s  76.00 iters/s

running (09.0s), 00011/00076 VUs, 673 complete and 0 interrupted iterations
default   [  60% ] 00011/00076 VUs  09.0s/15s  76.00 iters/s

running (10.0s), 00013/00076 VUs, 747 complete and 0 interrupted iterations
default   [  67% ] 00013/00076 VUs  10.0s/15s  76.00 iters/s

running (11.0s), 00013/00076 VUs, 823 complete and 0 interrupted iterations
default   [  73% ] 00013/00076 VUs  11.0s/15s  76.00 iters/s

running (12.0s), 00014/00076 VUs, 898 complete and 0 interrupted iterations
default   [  80% ] 00014/00076 VUs  12.0s/15s  76.00 iters/s

running (13.0s), 00018/00076 VUs, 970 complete and 0 interrupted iterations
default   [  87% ] 00018/00076 VUs  13.0s/15s  76.00 iters/s

running (14.0s), 00021/00076 VUs, 1043 complete and 0 interrupted iterations
default   [  93% ] 00021/00076 VUs  14.0s/15s  76.00 iters/s

running (15.0s), 00021/00076 VUs, 1119 complete and 0 interrupted iterations
default   [ 100% ] 00021/00076 VUs  15.0s/15s  76.00 iters/s


  █ TOTAL RESULTS 

    CUSTOM
    online_boutique_application_errors...: 0.00%  0 out of 1120

    HTTP
    http_req_duration....................: avg=137.44ms min=14.11ms med=121.59ms max=274.09ms p(90)=265.56ms p(95)=267.22ms
      { expected_response:true }.........: avg=137.44ms min=14.11ms med=121.59ms max=274.09ms p(90)=265.56ms p(95)=267.22ms
    http_req_failed......................: 0.00%  0 out of 1120
    http_reqs............................: 1120   74.659893/s

    EXECUTION
    iteration_duration...................: avg=137.74ms min=14.88ms med=121.75ms max=274.3ms  p(90)=265.77ms p(95)=267.44ms
    iterations...........................: 1120   74.659893/s
    vus..................................: 21     min=4         max=21
    vus_max..............................: 76     min=76        max=76

    NETWORK
    data_received........................: 2.2 MB 146 kB/s
    data_sent............................: 273 kB 18 kB/s




running (15.0s), 00000/00076 VUs, 1120 complete and 21 interrupted iterations
default ✓ [ 100% ] 00021/00076 VUs  15s  76.00 iters/s
