
         /\      Grafana   /‾‾/  
    /\  /  \     |\  __   /  /   
   /  \/    \    | |/ /  /   ‾‾\ 
  /          \   |   (  |  (‾)  |
 / __________ \  |_|\_\  \_____/ 

     execution: local
        script: workflow/spin/k6_open_client.js
        output: -

     scenarios: (100.00%) 1 scenario, 10000 max VUs, 15s max duration (incl. graceful stop):
              * default: 4065.00 iterations/s for 15s (maxVUs: 4065-10000)


running (00.9s), 00022/04065 VUs, 3523 complete and 0 interrupted iterations
default   [   6% ] 00022/04065 VUs  00.9s/15s  4065.00 iters/s

running (01.9s), 00023/04065 VUs, 7587 complete and 0 interrupted iterations
default   [  12% ] 00023/04065 VUs  01.9s/15s  4065.00 iters/s

running (02.9s), 00023/04065 VUs, 11653 complete and 0 interrupted iterations
default   [  19% ] 00023/04065 VUs  02.9s/15s  4065.00 iters/s

running (03.9s), 00015/04065 VUs, 15722 complete and 0 interrupted iterations
default   [  26% ] 00015/04065 VUs  03.9s/15s  4065.00 iters/s

running (04.9s), 00011/04065 VUs, 19795 complete and 0 interrupted iterations
default   [  32% ] 00011/04065 VUs  04.9s/15s  4065.00 iters/s

running (05.9s), 00015/04065 VUs, 23855 complete and 0 interrupted iterations
default   [  39% ] 00015/04065 VUs  05.9s/15s  4065.00 iters/s

running (06.9s), 00010/04065 VUs, 27924 complete and 0 interrupted iterations
default   [  46% ] 00010/04065 VUs  06.9s/15s  4065.00 iters/s

running (07.9s), 00012/04065 VUs, 31992 complete and 0 interrupted iterations
default   [  52% ] 00012/04065 VUs  07.9s/15s  4065.00 iters/s

running (08.9s), 00017/04065 VUs, 36048 complete and 0 interrupted iterations
default   [  59% ] 00017/04065 VUs  08.9s/15s  4065.00 iters/s

running (09.9s), 00019/04065 VUs, 40111 complete and 0 interrupted iterations
default   [  66% ] 00019/04065 VUs  09.9s/15s  4065.00 iters/s

running (10.9s), 00029/04065 VUs, 44166 complete and 0 interrupted iterations
default   [  72% ] 00029/04065 VUs  10.9s/15s  4065.00 iters/s

running (11.9s), 00023/04065 VUs, 48240 complete and 0 interrupted iterations
default   [  79% ] 00023/04065 VUs  11.9s/15s  4065.00 iters/s

running (12.9s), 00016/04065 VUs, 52307 complete and 0 interrupted iterations
default   [  86% ] 00017/04065 VUs  12.9s/15s  4065.00 iters/s

running (13.9s), 00012/04065 VUs, 56378 complete and 0 interrupted iterations
default   [  92% ] 00012/04065 VUs  13.9s/15s  4065.00 iters/s

running (14.9s), 00023/04065 VUs, 60433 complete and 0 interrupted iterations
default   [  99% ] 00023/04065 VUs  14.9s/15s  4065.00 iters/s


  █ TOTAL RESULTS 

    HTTP
    http_req_duration..............: avg=5.24ms min=2.4ms  med=3.43ms max=89.02ms p(90)=6.47ms p(95)=9.73ms
      { expected_response:true }...: avg=5.24ms min=2.4ms  med=3.43ms max=89.02ms p(90)=6.47ms p(95)=9.73ms
    http_req_failed................: 0.00% 0 out of 60962
    http_reqs......................: 60962 4062.580751/s

    EXECUTION
    iteration_duration.............: avg=5.34ms min=2.46ms med=3.52ms max=89.23ms p(90)=6.57ms p(95)=9.84ms
    iterations.....................: 60962 4062.580751/s
    vus............................: 23    min=11         max=29  
    vus_max........................: 4065  min=4065       max=4065

    NETWORK
    data_received..................: 12 MB 825 kB/s
    data_sent......................: 12 MB 780 kB/s




running (15.0s), 00000/04065 VUs, 60959 complete and 17 interrupted iterations
default ✓ [ 100% ] 00017/04065 VUs  15s  4065.00 iters/s
