
         /\      Grafana   /‾‾/  
    /\  /  \     |\  __   /  /   
   /  \/    \    | |/ /  /   ‾‾\ 
  /          \   |   (  |  (‾)  |
 / __________ \  |_|\_\  \_____/ 

     execution: local
        script: workflow/spin/k6_open_client.js
        output: -

     scenarios: (100.00%) 1 scenario, 10000 max VUs, 15s max duration (incl. graceful stop):
              * default: 2772.00 iterations/s for 15s (maxVUs: 2772-10000)


running (00.9s), 00634/02772 VUs, 1862 complete and 0 interrupted iterations
default   [   6% ] 00634/02772 VUs  00.9s/15s  2772.00 iters/s

running (01.9s), 00716/02772 VUs, 4551 complete and 0 interrupted iterations
default   [  13% ] 00716/02772 VUs  01.9s/15s  2772.00 iters/s

running (02.9s), 00873/02772 VUs, 7168 complete and 0 interrupted iterations
default   [  19% ] 00873/02772 VUs  02.9s/15s  2772.00 iters/s

running (03.9s), 00828/02772 VUs, 9984 complete and 0 interrupted iterations
default   [  26% ] 00829/02772 VUs  03.9s/15s  2772.00 iters/s

running (04.9s), 00820/02772 VUs, 12764 complete and 0 interrupted iterations
default   [  33% ] 00820/02772 VUs  04.9s/15s  2772.00 iters/s

running (05.9s), 00994/02772 VUs, 15360 complete and 0 interrupted iterations
default   [  39% ] 00994/02772 VUs  05.9s/15s  2772.00 iters/s

running (06.9s), 00951/02772 VUs, 18176 complete and 0 interrupted iterations
default   [  46% ] 00951/02772 VUs  06.9s/15s  2772.00 iters/s

running (07.9s), 00910/02772 VUs, 20992 complete and 0 interrupted iterations
default   [  53% ] 00910/02772 VUs  07.9s/15s  2772.00 iters/s

running (08.9s), 00860/02772 VUs, 23808 complete and 0 interrupted iterations
default   [  59% ] 00860/02772 VUs  08.9s/15s  2772.00 iters/s

running (09.9s), 01045/02772 VUs, 26398 complete and 0 interrupted iterations
default   [  66% ] 01045/02772 VUs  09.9s/15s  2772.00 iters/s

running (10.9s), 01032/02772 VUs, 29184 complete and 0 interrupted iterations
default   [  73% ] 01032/02772 VUs  10.9s/15s  2772.00 iters/s

running (11.9s), 00986/02772 VUs, 32000 complete and 0 interrupted iterations
default   [  79% ] 00986/02772 VUs  11.9s/15s  2772.00 iters/s

running (12.9s), 00942/02772 VUs, 34816 complete and 0 interrupted iterations
default   [  86% ] 00942/02772 VUs  12.9s/15s  2772.00 iters/s

running (13.9s), 00992/02772 VUs, 37539 complete and 0 interrupted iterations
default   [  93% ] 00992/02772 VUs  13.9s/15s  2772.00 iters/s

running (14.9s), 01097/02772 VUs, 40206 complete and 0 interrupted iterations
default   [  99% ] 01097/02772 VUs  14.9s/15s  2772.00 iters/s


  █ TOTAL RESULTS 

    HTTP
    http_req_duration..............: avg=328.14ms min=147.91ms med=338.24ms max=401.6ms p(90)=371.79ms p(95)=378.48ms
      { expected_response:true }...: avg=328.14ms min=147.91ms med=338.24ms max=401.6ms p(90)=371.79ms p(95)=378.48ms
    http_req_failed................: 0.00%  0 out of 40487
    http_reqs......................: 40487  2697.233184/s

    EXECUTION
    iteration_duration.............: avg=328.23ms min=148.12ms med=338.32ms max=403.4ms p(90)=371.87ms p(95)=378.56ms
    iterations.....................: 40487  2697.233184/s
    vus............................: 1097   min=634        max=1097
    vus_max........................: 2772   min=2772       max=2772

    NETWORK
    data_received..................: 8.2 MB 548 kB/s
    data_sent......................: 8.0 MB 532 kB/s




running (15.0s), 00000/02772 VUs, 40485 complete and 1096 interrupted iterations
default ✓ [ 100% ] 01096/02772 VUs  15s  2772.00 iters/s
