
         /\      Grafana   /‾‾/  
    /\  /  \     |\  __   /  /   
   /  \/    \    | |/ /  /   ‾‾\ 
  /          \   |   (  |  (‾)  |
 / __________ \  |_|\_\  \_____/ 

     execution: local
        script: workflow/response/k6_open_client.js
        output: -

     scenarios: (100.00%) 1 scenario, 10000 max VUs, 15s max duration (incl. graceful stop):
              * default: 3635.00 iterations/s for 15s (maxVUs: 3635-10000)


running (00.9s), 00264/03635 VUs, 2941 complete and 0 interrupted iterations
default   [   6% ] 00264/03635 VUs  00.9s/15s  3635.00 iters/s

running (01.9s), 00285/03635 VUs, 6553 complete and 0 interrupted iterations
default   [  13% ] 00286/03635 VUs  01.9s/15s  3635.00 iters/s

running (02.9s), 00273/03635 VUs, 10202 complete and 0 interrupted iterations
default   [  19% ] 00273/03635 VUs  02.9s/15s  3635.00 iters/s

running (03.9s), 00302/03635 VUs, 13810 complete and 0 interrupted iterations
default   [  26% ] 00302/03635 VUs  03.9s/15s  3635.00 iters/s

running (04.9s), 00371/03635 VUs, 17373 complete and 0 interrupted iterations
default   [  33% ] 00371/03635 VUs  04.9s/15s  3635.00 iters/s

running (05.9s), 00316/03635 VUs, 21064 complete and 0 interrupted iterations
default   [  39% ] 00316/03635 VUs  05.9s/15s  3635.00 iters/s

running (06.9s), 00272/03635 VUs, 24744 complete and 0 interrupted iterations
default   [  46% ] 00272/03635 VUs  06.9s/15s  3635.00 iters/s

running (07.9s), 00309/03635 VUs, 28340 complete and 0 interrupted iterations
default   [  53% ] 00309/03635 VUs  07.9s/15s  3635.00 iters/s

running (08.9s), 00241/03635 VUs, 32044 complete and 0 interrupted iterations
default   [  59% ] 00241/03635 VUs  08.9s/15s  3635.00 iters/s

running (09.9s), 00289/03635 VUs, 35631 complete and 0 interrupted iterations
default   [  66% ] 00289/03635 VUs  09.9s/15s  3635.00 iters/s

running (10.9s), 00644/03635 VUs, 38911 complete and 0 interrupted iterations
default   [  73% ] 00644/03635 VUs  10.9s/15s  3635.00 iters/s

running (11.9s), 01216/03635 VUs, 41973 complete and 0 interrupted iterations
default   [  79% ] 01216/03635 VUs  11.9s/15s  3635.00 iters/s

running (12.9s), 01805/03635 VUs, 45020 complete and 0 interrupted iterations
default   [  86% ] 01805/03635 VUs  12.9s/15s  3635.00 iters/s

running (13.9s), 02408/03635 VUs, 48051 complete and 0 interrupted iterations
default   [  93% ] 02408/03635 VUs  13.9s/15s  3635.00 iters/s

running (14.9s), 02962/03635 VUs, 51133 complete and 0 interrupted iterations
default   [  99% ] 02962/03635 VUs  14.9s/15s  3635.00 iters/s


  █ TOTAL RESULTS 

    HTTP
    http_req_duration..............: avg=182.88ms min=39.98ms med=81.31ms max=844.55ms p(90)=577.55ms p(95)=699.59ms
      { expected_response:true }...: avg=182.88ms min=39.98ms med=81.31ms max=844.55ms p(90)=577.55ms p(95)=699.59ms
    http_req_failed................: 0.00% 0 out of 51499
    http_reqs......................: 51499 3427.641495/s

    EXECUTION
    iteration_duration.............: avg=182.99ms min=40.11ms med=81.45ms max=844.61ms p(90)=577.63ms p(95)=699.69ms
    iterations.....................: 51499 3427.641495/s
    vus............................: 2962  min=240        max=2962
    vus_max........................: 3635  min=3635       max=3635

    NETWORK
    data_received..................: 11 MB 696 kB/s
    data_sent......................: 11 MB 711 kB/s




running (15.0s), 00000/03635 VUs, 51499 complete and 3026 interrupted iterations
default ✓ [ 100% ] 03026/03635 VUs  15s  3635.00 iters/s
