
         /\      Grafana   /‾‾/  
    /\  /  \     |\  __   /  /   
   /  \/    \    | |/ /  /   ‾‾\ 
  /          \   |   (  |  (‾)  |
 / __________ \  |_|\_\  \_____/ 

     execution: local
        script: workflow/spin/k6_open_client.js
        output: -

     scenarios: (100.00%) 1 scenario, 10000 max VUs, 15s max duration (incl. graceful stop):
              * default: 2070.00 iterations/s for 15s (maxVUs: 2070-10000)


running (00.9s), 00080/02070 VUs, 1834 complete and 0 interrupted iterations
default   [   6% ] 00080/02070 VUs  00.9s/15s  2070.00 iters/s

running (01.9s), 00054/02070 VUs, 3928 complete and 0 interrupted iterations
default   [  13% ] 00054/02070 VUs  01.9s/15s  2070.00 iters/s

running (02.9s), 00052/02070 VUs, 6002 complete and 0 interrupted iterations
default   [  19% ] 00052/02070 VUs  02.9s/15s  2070.00 iters/s

running (03.9s), 00074/02070 VUs, 8051 complete and 0 interrupted iterations
default   [  26% ] 00074/02070 VUs  03.9s/15s  2070.00 iters/s

running (04.9s), 00081/02070 VUs, 10112 complete and 0 interrupted iterations
default   [  33% ] 00082/02070 VUs  04.9s/15s  2070.00 iters/s

running (05.9s), 00056/02070 VUs, 12208 complete and 0 interrupted iterations
default   [  39% ] 00056/02070 VUs  05.9s/15s  2070.00 iters/s

running (06.9s), 00067/02070 VUs, 14267 complete and 0 interrupted iterations
default   [  46% ] 00067/02070 VUs  06.9s/15s  2070.00 iters/s

running (07.9s), 00088/02070 VUs, 16314 complete and 0 interrupted iterations
default   [  53% ] 00088/02070 VUs  07.9s/15s  2070.00 iters/s

running (08.9s), 00083/02070 VUs, 18392 complete and 0 interrupted iterations
default   [  60% ] 00083/02070 VUs  08.9s/15s  2070.00 iters/s

running (09.9s), 00079/02070 VUs, 20466 complete and 0 interrupted iterations
default   [  66% ] 00079/02070 VUs  09.9s/15s  2070.00 iters/s

running (10.9s), 00083/02070 VUs, 22531 complete and 0 interrupted iterations
default   [  73% ] 00083/02070 VUs  10.9s/15s  2070.00 iters/s

running (11.9s), 00061/02070 VUs, 24623 complete and 0 interrupted iterations
default   [  79% ] 00061/02070 VUs  11.9s/15s  2070.00 iters/s

running (12.9s), 00092/02070 VUs, 26663 complete and 0 interrupted iterations
default   [  86% ] 00092/02070 VUs  12.9s/15s  2070.00 iters/s

running (13.9s), 00072/02070 VUs, 28752 complete and 0 interrupted iterations
default   [  93% ] 00072/02070 VUs  13.9s/15s  2070.00 iters/s

running (14.9s), 00083/02070 VUs, 30811 complete and 0 interrupted iterations
default   [  99% ] 00083/02070 VUs  14.9s/15s  2070.00 iters/s


  █ TOTAL RESULTS 

    HTTP
    http_req_duration..............: avg=37.16ms min=19.42ms med=36.94ms max=73.72ms p(90)=46.36ms p(95)=48.93ms
      { expected_response:true }...: avg=37.16ms min=19.42ms med=36.94ms max=73.72ms p(90)=46.36ms p(95)=48.93ms
    http_req_failed................: 0.00%  0 out of 30979
    http_reqs......................: 30979  2064.858703/s

    EXECUTION
    iteration_duration.............: avg=37.25ms min=19.49ms med=37.03ms max=73.91ms p(90)=46.45ms p(95)=49.01ms
    iterations.....................: 30979  2064.858703/s
    vus............................: 83     min=50         max=92  
    vus_max........................: 2070   min=2070       max=2070

    NETWORK
    data_received..................: 6.3 MB 419 kB/s
    data_sent......................: 6.0 MB 397 kB/s




running (15.0s), 00000/02070 VUs, 30979 complete and 72 interrupted iterations
default ✓ [ 100% ] 00072/02070 VUs  15s  2070.00 iters/s
