
         /\      Grafana   /‾‾/  
    /\  /  \     |\  __   /  /   
   /  \/    \    | |/ /  /   ‾‾\ 
  /          \   |   (  |  (‾)  |
 / __________ \  |_|\_\  \_____/ 

     execution: local
        script: workflow/media/k6_open_review_compose.js
        output: -

     scenarios: (100.00%) 1 scenario, 10000 max VUs, 15s max duration (incl. graceful stop):
              * default: 1039.00 iterations/s for 15s (maxVUs: 1039-10000)


running (01.0s), 00525/01039 VUs, 464 complete and 0 interrupted iterations
default   [   6% ] 00525/01039 VUs  01.0s/15s  1039.00 iters/s

running (02.0s), 00503/01039 VUs, 1526 complete and 0 interrupted iterations
default   [  13% ] 00503/01039 VUs  02.0s/15s  1039.00 iters/s

running (03.0s), 00685/01039 VUs, 2383 complete and 0 interrupted iterations
default   [  20% ] 00685/01039 VUs  03.0s/15s  1039.00 iters/s

running (04.0s), 00871/01039 VUs, 3236 complete and 0 interrupted iterations
default   [  26% ] 00871/01039 VUs  04.0s/15s  1039.00 iters/s

running (05.0s), 00827/01039 VUs, 4318 complete and 0 interrupted iterations
default   [  33% ] 00827/01039 VUs  05.0s/15s  1039.00 iters/s

running (06.0s), 00973/01068 VUs, 5173 complete and 0 interrupted iterations
default   [  40% ] 00973/01068 VUs  06.0s/15s  1039.00 iters/s

running (07.0s), 01000/01108 VUs, 6129 complete and 0 interrupted iterations
default   [  46% ] 01000/01108 VUs  07.0s/15s  1039.00 iters/s

running (08.0s), 01102/01153 VUs, 7007 complete and 0 interrupted iterations
default   [  53% ] 01102/01153 VUs  08.0s/15s  1039.00 iters/s

running (09.0s), 01085/01196 VUs, 8004 complete and 0 interrupted iterations
default   [  60% ] 01085/01196 VUs  09.0s/15s  1039.00 iters/s

running (10.0s), 01248/01252 VUs, 8802 complete and 0 interrupted iterations
default   [  66% ] 01248/01252 VUs  10.0s/15s  1039.00 iters/s

running (11.0s), 01203/01315 VUs, 9803 complete and 0 interrupted iterations
default   [  73% ] 01203/01315 VUs  11.0s/15s  1039.00 iters/s

running (12.0s), 01350/01374 VUs, 10614 complete and 0 interrupted iterations
default   [  80% ] 01350/01374 VUs  12.0s/15s  1039.00 iters/s

running (13.0s), 01343/01425 VUs, 11589 complete and 0 interrupted iterations
default   [  86% ] 01343/01425 VUs  13.0s/15s  1039.00 iters/s

running (14.0s), 01411/01488 VUs, 12480 complete and 0 interrupted iterations
default   [  93% ] 01410/01488 VUs  14.0s/15s  1039.00 iters/s

running (15.0s), 01487/01534 VUs, 13381 complete and 0 interrupted iterations
default   [ 100% ] 01487/01534 VUs  15.0s/15s  1039.00 iters/s


  █ TOTAL RESULTS 

    HTTP
    http_req_duration..............: avg=1.03s min=280.39ms med=1.07s max=1.59s p(90)=1.43s p(95)=1.48s
      { expected_response:true }...: avg=1.03s min=280.39ms med=1.07s max=1.59s p(90)=1.43s p(95)=1.48s
    http_req_failed................: 0.00%  0 out of 13381
    http_reqs......................: 13381  891.286559/s

    EXECUTION
    dropped_iterations.............: 670    44.627606/s
    iteration_duration.............: avg=1.03s min=280.63ms med=1.07s max=1.59s p(90)=1.43s p(95)=1.48s
    iterations.....................: 13381  891.286559/s
    vus............................: 1487   min=502        max=1487
    vus_max........................: 1534   min=1039       max=1534

    NETWORK
    data_received..................: 3.1 MB 206 kB/s
    data_sent......................: 8.3 MB 553 kB/s




running (15.0s), 00000/01535 VUs, 13381 complete and 1535 interrupted iterations
default ✓ [ 100% ] 01535/01535 VUs  15s  1039.00 iters/s
