
         /\      Grafana   /‾‾/  
    /\  /  \     |\  __   /  /   
   /  \/    \    | |/ /  /   ‾‾\ 
  /          \   |   (  |  (‾)  |
 / __________ \  |_|\_\  \_____/ 

     execution: local
        script: workflow/spin/k6_open_client.js
        output: -

     scenarios: (100.00%) 1 scenario, 10000 max VUs, 15s max duration (incl. graceful stop):
              * default: 1735.00 iterations/s for 15s (maxVUs: 1735-10000)


running (00.9s), 00815/01735 VUs, 811 complete and 0 interrupted iterations
default   [   6% ] 00815/01735 VUs  00.9s/15s  1735.00 iters/s

running (01.9s), 00803/01735 VUs, 2560 complete and 0 interrupted iterations
default   [  13% ] 00803/01735 VUs  01.9s/15s  1735.00 iters/s

running (02.9s), 01001/01735 VUs, 4096 complete and 0 interrupted iterations
default   [  20% ] 01001/01735 VUs  02.9s/15s  1735.00 iters/s

running (03.9s), 00688/01735 VUs, 6144 complete and 0 interrupted iterations
default   [  26% ] 00688/01735 VUs  03.9s/15s  1735.00 iters/s

running (04.9s), 00888/01735 VUs, 7680 complete and 0 interrupted iterations
default   [  33% ] 00888/01735 VUs  04.9s/15s  1735.00 iters/s

running (05.9s), 01053/01735 VUs, 9249 complete and 0 interrupted iterations
default   [  40% ] 01053/01735 VUs  05.9s/15s  1735.00 iters/s

running (06.9s), 00773/01735 VUs, 11264 complete and 0 interrupted iterations
default   [  46% ] 00773/01735 VUs  06.9s/15s  1735.00 iters/s

running (07.9s), 00972/01735 VUs, 12800 complete and 0 interrupted iterations
default   [  53% ] 00972/01735 VUs  07.9s/15s  1735.00 iters/s

running (08.9s), 00695/01735 VUs, 14811 complete and 0 interrupted iterations
default   [  60% ] 00695/01735 VUs  08.9s/15s  1735.00 iters/s

running (09.9s), 00858/01735 VUs, 16384 complete and 0 interrupted iterations
default   [  66% ] 00858/01735 VUs  09.9s/15s  1735.00 iters/s

running (10.9s), 00990/01735 VUs, 17986 complete and 0 interrupted iterations
default   [  73% ] 00990/01735 VUs  10.9s/15s  1735.00 iters/s

running (11.9s), 00744/01735 VUs, 19968 complete and 0 interrupted iterations
default   [  80% ] 00744/01735 VUs  11.9s/15s  1735.00 iters/s

running (12.9s), 00942/01735 VUs, 21504 complete and 0 interrupted iterations
default   [  86% ] 00942/01735 VUs  12.9s/15s  1735.00 iters/s

running (13.9s), 00699/01735 VUs, 23482 complete and 0 interrupted iterations
default   [  93% ] 00698/01735 VUs  13.9s/15s  1735.00 iters/s

running (14.9s), 00830/01735 VUs, 25088 complete and 0 interrupted iterations
default   [ 100% ] 00830/01735 VUs  14.9s/15s  1735.00 iters/s


  █ TOTAL RESULTS 

    HTTP
    http_req_duration..............: avg=494.59ms min=355.26ms med=497.62ms max=634.86ms p(90)=582.33ms p(95)=594.69ms
      { expected_response:true }...: avg=494.59ms min=355.26ms med=497.62ms max=634.86ms p(90)=582.33ms p(95)=594.69ms
    http_req_failed................: 0.00%  0 out of 25088
    http_reqs......................: 25088  1671.550837/s

    EXECUTION
    iteration_duration.............: avg=494.68ms min=355.34ms med=497.7ms  max=634.93ms p(90)=582.45ms p(95)=594.79ms
    iterations.....................: 25088  1671.550837/s
    vus............................: 830    min=688        max=1053
    vus_max........................: 1735   min=1735       max=1735

    NETWORK
    data_received..................: 5.1 MB 339 kB/s
    data_sent......................: 5.0 MB 333 kB/s




running (15.0s), 00000/01735 VUs, 25088 complete and 937 interrupted iterations
default ✓ [ 100% ] 00937/01735 VUs  15s  1735.00 iters/s
