
         /\      Grafana   /‾‾/  
    /\  /  \     |\  __   /  /   
   /  \/    \    | |/ /  /   ‾‾\ 
  /          \   |   (  |  (‾)  |
 / __________ \  |_|\_\  \_____/ 

     execution: local
        script: workflow/spin/k6_open_client.js
        output: -

     scenarios: (100.00%) 1 scenario, 10000 max VUs, 15s max duration (incl. graceful stop):
              * default: 336.00 iterations/s for 15s (maxVUs: 336-10000)


running (01.0s), 00052/00336 VUs, 278 complete and 0 interrupted iterations
default   [   7% ] 00052/00336 VUs  01.0s/15s  336.00 iters/s

running (02.0s), 00041/00336 VUs, 625 complete and 0 interrupted iterations
default   [  13% ] 00041/00336 VUs  02.0s/15s  336.00 iters/s

running (03.0s), 00031/00336 VUs, 971 complete and 0 interrupted iterations
default   [  20% ] 00031/00336 VUs  03.0s/15s  336.00 iters/s

running (04.0s), 00021/00336 VUs, 1317 complete and 0 interrupted iterations
default   [  27% ] 00021/00336 VUs  04.0s/15s  336.00 iters/s

running (05.0s), 00043/00336 VUs, 1631 complete and 0 interrupted iterations
default   [  33% ] 00043/00336 VUs  05.0s/15s  336.00 iters/s

running (06.0s), 00034/00336 VUs, 1976 complete and 0 interrupted iterations
default   [  40% ] 00034/00336 VUs  06.0s/15s  336.00 iters/s

running (07.0s), 00024/00336 VUs, 2322 complete and 0 interrupted iterations
default   [  47% ] 00024/00336 VUs  07.0s/15s  336.00 iters/s

running (08.0s), 00050/00336 VUs, 2632 complete and 0 interrupted iterations
default   [  53% ] 00050/00336 VUs  08.0s/15s  336.00 iters/s

running (09.0s), 00038/00336 VUs, 2980 complete and 0 interrupted iterations
default   [  60% ] 00038/00336 VUs  09.0s/15s  336.00 iters/s

running (10.0s), 00028/00336 VUs, 3326 complete and 0 interrupted iterations
default   [  67% ] 00028/00336 VUs  10.0s/15s  336.00 iters/s

running (11.0s), 00037/00336 VUs, 3653 complete and 0 interrupted iterations
default   [  73% ] 00037/00336 VUs  11.0s/15s  336.00 iters/s

running (12.0s), 00044/00336 VUs, 3982 complete and 0 interrupted iterations
default   [  80% ] 00044/00336 VUs  12.0s/15s  336.00 iters/s

running (13.0s), 00033/00336 VUs, 4329 complete and 0 interrupted iterations
default   [  87% ] 00033/00336 VUs  13.0s/15s  336.00 iters/s

running (14.0s), 00022/00336 VUs, 4676 complete and 0 interrupted iterations
default   [  93% ] 00022/00336 VUs  14.0s/15s  336.00 iters/s

running (15.0s), 00047/00336 VUs, 4987 complete and 0 interrupted iterations
default   [ 100% ] 00047/00336 VUs  15.0s/15s  336.00 iters/s


  █ TOTAL RESULTS 

    HTTP
    http_req_duration..............: avg=106.06ms min=54.39ms med=106.2ms  max=159.92ms p(90)=145.64ms p(95)=150.63ms
      { expected_response:true }...: avg=106.06ms min=54.39ms med=106.2ms  max=159.92ms p(90)=145.64ms p(95)=150.63ms
    http_req_failed................: 0.00%  0 out of 5022
    http_reqs......................: 5022   334.781134/s

    EXECUTION
    iteration_duration.............: avg=106.15ms min=54.45ms med=106.29ms max=160.02ms p(90)=145.72ms p(95)=150.75ms
    iterations.....................: 5022   334.781134/s
    vus............................: 47     min=21        max=52 
    vus_max........................: 336    min=336       max=336

    NETWORK
    data_received..................: 1.0 MB 67 kB/s
    data_sent......................: 967 kB 65 kB/s




running (15.0s), 00000/00336 VUs, 5022 complete and 19 interrupted iterations
default ✓ [ 100% ] 00019/00336 VUs  15s  336.00 iters/s
