
         /\      Grafana   /‾‾/  
    /\  /  \     |\  __   /  /   
   /  \/    \    | |/ /  /   ‾‾\ 
  /          \   |   (  |  (‾)  |
 / __________ \  |_|\_\  \_____/ 

     execution: local
        script: workflow/media/k6_open_review_compose.js
        output: -

     scenarios: (100.00%) 1 scenario, 10000 max VUs, 15s max duration (incl. graceful stop):
              * default: 1012.00 iterations/s for 15s (maxVUs: 1012-10000)


running (01.0s), 00002/01012 VUs, 968 complete and 0 interrupted iterations
default   [   6% ] 00002/01012 VUs  01.0s/15s  1012.00 iters/s

running (02.0s), 00002/01012 VUs, 1980 complete and 0 interrupted iterations
default   [  13% ] 00002/01012 VUs  02.0s/15s  1012.00 iters/s

running (03.0s), 00003/01012 VUs, 2992 complete and 0 interrupted iterations
default   [  20% ] 00003/01012 VUs  03.0s/15s  1012.00 iters/s

running (04.0s), 00006/01012 VUs, 4000 complete and 0 interrupted iterations
default   [  26% ] 00006/01012 VUs  04.0s/15s  1012.00 iters/s

running (05.0s), 00001/01012 VUs, 5017 complete and 0 interrupted iterations
default   [  33% ] 00001/01012 VUs  05.0s/15s  1012.00 iters/s

running (06.0s), 00002/01012 VUs, 6028 complete and 0 interrupted iterations
default   [  40% ] 00002/01012 VUs  06.0s/15s  1012.00 iters/s

running (07.0s), 00003/01012 VUs, 7040 complete and 0 interrupted iterations
default   [  46% ] 00003/01012 VUs  07.0s/15s  1012.00 iters/s

running (08.0s), 00004/01012 VUs, 8051 complete and 0 interrupted iterations
default   [  53% ] 00004/01012 VUs  08.0s/15s  1012.00 iters/s

running (09.0s), 00006/01012 VUs, 9060 complete and 0 interrupted iterations
default   [  60% ] 00006/01012 VUs  09.0s/15s  1012.00 iters/s

running (10.0s), 00003/01012 VUs, 10075 complete and 0 interrupted iterations
default   [  66% ] 00003/01012 VUs  10.0s/15s  1012.00 iters/s

running (11.0s), 00004/01012 VUs, 11087 complete and 0 interrupted iterations
default   [  73% ] 00004/01012 VUs  11.0s/15s  1012.00 iters/s

running (12.0s), 00003/01012 VUs, 12099 complete and 0 interrupted iterations
default   [  80% ] 00003/01012 VUs  12.0s/15s  1012.00 iters/s

running (13.0s), 00002/01012 VUs, 13112 complete and 0 interrupted iterations
default   [  86% ] 00002/01012 VUs  13.0s/15s  1012.00 iters/s

running (14.0s), 00003/01012 VUs, 14124 complete and 0 interrupted iterations
default   [  93% ] 00003/01012 VUs  14.0s/15s  1012.00 iters/s

running (15.0s), 00001/01012 VUs, 15137 complete and 0 interrupted iterations
default   [ 100% ] 00001/01012 VUs  15.0s/15s  1012.00 iters/s


  █ TOTAL RESULTS 

    HTTP
    http_req_duration..............: avg=2.31ms min=1.33ms med=1.84ms max=22.2ms  p(90)=2.95ms p(95)=4.47ms
      { expected_response:true }...: avg=2.31ms min=1.33ms med=1.84ms max=22.2ms  p(90)=2.95ms p(95)=4.47ms
    http_req_failed................: 0.00%  0 out of 15179
    http_reqs......................: 15179  1011.825705/s

    EXECUTION
    iteration_duration.............: avg=2.42ms min=1.43ms med=1.96ms max=22.29ms p(90)=3.06ms p(95)=4.6ms 
    iterations.....................: 15179  1011.825705/s
    vus............................: 2      min=2          max=6   
    vus_max........................: 1012   min=1012       max=1012

    NETWORK
    data_received..................: 3.5 MB 234 kB/s
    data_sent......................: 8.4 MB 563 kB/s




running (15.0s), 00000/01012 VUs, 15178 complete and 3 interrupted iterations
default ✓ [ 100% ] 00003/01012 VUs  15s  1012.00 iters/s
