
         /\      Grafana   /‾‾/  
    /\  /  \     |\  __   /  /   
   /  \/    \    | |/ /  /   ‾‾\ 
  /          \   |   (  |  (‾)  |
 / __________ \  |_|\_\  \_____/ 

     execution: local
        script: workflow/spin/k6_open_client.js
        output: -

     scenarios: (100.00%) 1 scenario, 10000 max VUs, 15s max duration (incl. graceful stop):
              * default: 4410.00 iterations/s for 15s (maxVUs: 4410-10000)


running (00.9s), 00555/04410 VUs, 3265 complete and 0 interrupted iterations
default   [   6% ] 00555/04410 VUs  00.9s/15s  4410.00 iters/s

running (01.9s), 00580/04410 VUs, 7650 complete and 0 interrupted iterations
default   [  12% ] 00579/04410 VUs  01.9s/15s  4410.00 iters/s

running (02.9s), 00638/04410 VUs, 12002 complete and 0 interrupted iterations
default   [  19% ] 00638/04410 VUs  02.9s/15s  4410.00 iters/s

running (03.9s), 00578/04410 VUs, 16472 complete and 0 interrupted iterations
default   [  26% ] 00578/04410 VUs  03.9s/15s  4410.00 iters/s

running (04.9s), 00557/04410 VUs, 20903 complete and 0 interrupted iterations
default   [  32% ] 00557/04410 VUs  04.9s/15s  4410.00 iters/s

running (05.9s), 00578/04410 VUs, 25292 complete and 0 interrupted iterations
default   [  39% ] 00578/04410 VUs  05.9s/15s  4410.00 iters/s

running (06.9s), 00400/04410 VUs, 29880 complete and 0 interrupted iterations
default   [  46% ] 00400/04410 VUs  06.9s/15s  4410.00 iters/s

running (07.9s), 00319/04410 VUs, 34371 complete and 0 interrupted iterations
default   [  52% ] 00319/04410 VUs  07.9s/15s  4410.00 iters/s

running (08.9s), 00312/04410 VUs, 38789 complete and 0 interrupted iterations
default   [  59% ] 00312/04410 VUs  08.9s/15s  4410.00 iters/s

running (09.9s), 00280/04410 VUs, 43231 complete and 0 interrupted iterations
default   [  66% ] 00280/04410 VUs  09.9s/15s  4410.00 iters/s

running (10.9s), 00353/04410 VUs, 47568 complete and 0 interrupted iterations
default   [  72% ] 00353/04410 VUs  10.9s/15s  4410.00 iters/s

running (11.9s), 00302/04410 VUs, 52031 complete and 0 interrupted iterations
default   [  79% ] 00302/04410 VUs  11.9s/15s  4410.00 iters/s

running (12.9s), 00275/04410 VUs, 56465 complete and 0 interrupted iterations
default   [  86% ] 00275/04410 VUs  12.9s/15s  4410.00 iters/s

running (13.9s), 00293/04410 VUs, 60857 complete and 0 interrupted iterations
default   [  92% ] 00293/04410 VUs  13.9s/15s  4410.00 iters/s

running (14.9s), 00281/04410 VUs, 65279 complete and 0 interrupted iterations
default   [  99% ] 00281/04410 VUs  14.9s/15s  4410.00 iters/s


  █ TOTAL RESULTS 

    HTTP
    http_req_duration..............: avg=97.17ms min=46.18ms med=84.47ms max=174.74ms p(90)=137.94ms p(95)=141.88ms
      { expected_response:true }...: avg=97.17ms min=46.18ms med=84.47ms max=174.74ms p(90)=137.94ms p(95)=141.88ms
    http_req_failed................: 0.00% 0 out of 65886
    http_reqs......................: 65886 4390.208545/s

    EXECUTION
    iteration_duration.............: avg=97.29ms min=46.3ms  med=84.55ms max=174.81ms p(90)=138.03ms p(95)=141.98ms
    iterations.....................: 65886 4390.208545/s
    vus............................: 279   min=275        max=636 
    vus_max........................: 4410  min=4410       max=4410

    NETWORK
    data_received..................: 13 MB 891 kB/s
    data_sent......................: 13 MB 846 kB/s




running (15.0s), 00000/04410 VUs, 65882 complete and 269 interrupted iterations
default ✓ [ 100% ] 00269/04410 VUs  15s  4410.00 iters/s
