
         /\      Grafana   /‾‾/  
    /\  /  \     |\  __   /  /   
   /  \/    \    | |/ /  /   ‾‾\ 
  /          \   |   (  |  (‾)  |
 / __________ \  |_|\_\  \_____/ 

     execution: local
        script: workflow/hotel/k6_open_recommendations_client.js
        output: -

     scenarios: (100.00%) 1 scenario, 10000 max VUs, 15s max duration (incl. graceful stop):
              * default: 7124.00 iterations/s for 15s (maxVUs: 7124-10000)


running (00.8s), 01689/07124 VUs, 3813 complete and 0 interrupted iterations
default   [   5% ] 01689/07124 VUs  00.8s/15s  7124.00 iters/s

running (01.8s), 02970/07124 VUs, 9658 complete and 0 interrupted iterations
default   [  12% ] 02970/07124 VUs  01.8s/15s  7124.00 iters/s

running (02.8s), 04676/07124 VUs, 15073 complete and 0 interrupted iterations
default   [  18% ] 04676/07124 VUs  02.8s/15s  7124.00 iters/s

running (03.8s), 06331/07124 VUs, 20543 complete and 0 interrupted iterations
default   [  25% ] 06331/07124 VUs  03.8s/15s  7124.00 iters/s

running (04.8s), 07323/07328 VUs, 26145 complete and 0 interrupted iterations
default   [  32% ] 07323/07328 VUs  04.8s/15s  7124.00 iters/s

running (05.8s), 07690/07690 VUs, 31880 complete and 0 interrupted iterations
default   [  38% ] 07690/07690 VUs  05.8s/15s  7124.00 iters/s

running (06.8s), 08106/08106 VUs, 37683 complete and 0 interrupted iterations
default   [  45% ] 08106/08106 VUs  06.8s/15s  7124.00 iters/s

running (07.8s), 08482/08488 VUs, 43388 complete and 0 interrupted iterations
default   [  52% ] 08482/08488 VUs  07.8s/15s  7124.00 iters/s

running (08.8s), 08809/08810 VUs, 49261 complete and 0 interrupted iterations
default   [  58% ] 08809/08810 VUs  08.8s/15s  7124.00 iters/s

running (09.8s), 08937/08956 VUs, 55731 complete and 0 interrupted iterations
default   [  65% ] 08937/08956 VUs  09.8s/15s  7124.00 iters/s

running (10.8s), 09128/09141 VUs, 62103 complete and 0 interrupted iterations
default   [  72% ] 09128/09141 VUs  10.8s/15s  7124.00 iters/s

running (11.8s), 09307/09326 VUs, 68491 complete and 0 interrupted iterations
default   [  78% ] 09307/09326 VUs  11.8s/15s  7124.00 iters/s

running (12.8s), 09501/09528 VUs, 74756 complete and 0 interrupted iterations
default   [  85% ] 09501/09528 VUs  12.8s/15s  7124.00 iters/s

running (13.8s), 09659/09667 VUs, 81338 complete and 0 interrupted iterations
default   [  92% ] 09659/09667 VUs  13.8s/15s  7124.00 iters/s

running (14.8s), 09822/09822 VUs, 87723 complete and 0 interrupted iterations
default   [  98% ] 09822/09822 VUs  14.8s/15s  7124.00 iters/s


  █ TOTAL RESULTS 

    HTTP
    http_req_duration..............: avg=1.14s min=3.11ms med=1.38s max=2s p(90)=1.49s p(95)=1.5s
      { expected_response:true }...: avg=1.14s min=3.11ms med=1.38s max=2s p(90)=1.49s p(95)=1.5s
    http_req_failed................: 0.00% 0 out of 89172
    http_reqs......................: 89172 5910.679358/s

    EXECUTION
    dropped_iterations.............: 7900  523.643822/s
    iteration_duration.............: avg=1.14s min=3.24ms med=1.38s max=2s p(90)=1.49s p(95)=1.5s
    iterations.....................: 89172 5910.679358/s
    vus............................: 9822  min=1690       max=9822
    vus_max........................: 9822  min=7124       max=9822

    NETWORK
    data_received..................: 50 MB 3.3 MB/s
    data_sent......................: 28 MB 1.9 MB/s




running (15.1s), 00000/09895 VUs, 89099 complete and 9862 interrupted iterations
default ✓ [ 100% ] 09862/09895 VUs  15s  7124.00 iters/s
