
         /\      Grafana   /‾‾/  
    /\  /  \     |\  __   /  /   
   /  \/    \    | |/ /  /   ‾‾\ 
  /          \   |   (  |  (‾)  |
 / __________ \  |_|\_\  \_____/ 

     execution: local
        script: workflow/spin/k6_open_client.js
        output: -

     scenarios: (100.00%) 1 scenario, 10000 max VUs, 15s max duration (incl. graceful stop):
              * default: 2955.00 iterations/s for 15s (maxVUs: 2955-10000)


running (00.9s), 00178/02955 VUs, 2479 complete and 0 interrupted iterations
default   [   6% ] 00178/02955 VUs  00.9s/15s  2955.00 iters/s

running (01.9s), 00138/02955 VUs, 5472 complete and 0 interrupted iterations
default   [  13% ] 00138/02955 VUs  01.9s/15s  2955.00 iters/s

running (02.9s), 00122/02955 VUs, 8447 complete and 0 interrupted iterations
default   [  19% ] 00122/02955 VUs  02.9s/15s  2955.00 iters/s

running (03.9s), 00185/02955 VUs, 11340 complete and 0 interrupted iterations
default   [  26% ] 00185/02955 VUs  03.9s/15s  2955.00 iters/s

running (04.9s), 00143/02955 VUs, 14335 complete and 0 interrupted iterations
default   [  33% ] 00143/02955 VUs  04.9s/15s  2955.00 iters/s

running (05.9s), 00191/02955 VUs, 17241 complete and 0 interrupted iterations
default   [  39% ] 00191/02955 VUs  05.9s/15s  2955.00 iters/s

running (06.9s), 00163/02955 VUs, 20224 complete and 0 interrupted iterations
default   [  46% ] 00163/02955 VUs  06.9s/15s  2955.00 iters/s

running (07.9s), 00156/02955 VUs, 23186 complete and 0 interrupted iterations
default   [  53% ] 00156/02955 VUs  07.9s/15s  2955.00 iters/s

running (08.9s), 00116/02955 VUs, 26183 complete and 0 interrupted iterations
default   [  59% ] 00116/02955 VUs  08.9s/15s  2955.00 iters/s

running (09.9s), 00165/02955 VUs, 29087 complete and 0 interrupted iterations
default   [  66% ] 00165/02955 VUs  09.9s/15s  2955.00 iters/s

running (10.9s), 00121/02955 VUs, 32088 complete and 0 interrupted iterations
default   [  73% ] 00121/02955 VUs  10.9s/15s  2955.00 iters/s

running (11.9s), 00126/02955 VUs, 35037 complete and 0 interrupted iterations
default   [  79% ] 00126/02955 VUs  11.9s/15s  2955.00 iters/s

running (12.9s), 00123/02955 VUs, 37995 complete and 0 interrupted iterations
default   [  86% ] 00123/02955 VUs  12.9s/15s  2955.00 iters/s

running (13.9s), 00114/02955 VUs, 40958 complete and 0 interrupted iterations
default   [  93% ] 00114/02955 VUs  13.9s/15s  2955.00 iters/s

running (14.9s), 00165/02955 VUs, 43862 complete and 0 interrupted iterations
default   [  99% ] 00164/02955 VUs  14.9s/15s  2955.00 iters/s


  █ TOTAL RESULTS 

    HTTP
    http_req_duration..............: avg=49.23ms min=29.05ms med=49.16ms max=83.89ms p(90)=58.65ms p(95)=61.42ms
      { expected_response:true }...: avg=49.23ms min=29.05ms med=49.16ms max=83.89ms p(90)=58.65ms p(95)=61.42ms
    http_req_failed................: 0.00%  0 out of 44207
    http_reqs......................: 44207  2946.20314/s

    EXECUTION
    iteration_duration.............: avg=49.33ms min=29.46ms med=49.25ms max=84ms    p(90)=58.75ms p(95)=61.52ms
    iterations.....................: 44207  2946.20314/s
    vus............................: 164    min=114        max=193 
    vus_max........................: 2955   min=2955       max=2955

    NETWORK
    data_received..................: 9.0 MB 598 kB/s
    data_sent......................: 8.5 MB 567 kB/s




running (15.0s), 00000/02955 VUs, 44204 complete and 122 interrupted iterations
default ✓ [ 100% ] 00122/02955 VUs  15s  2955.00 iters/s
