
         /\      Grafana   /‾‾/  
    /\  /  \     |\  __   /  /   
   /  \/    \    | |/ /  /   ‾‾\ 
  /          \   |   (  |  (‾)  |
 / __________ \  |_|\_\  \_____/ 

     execution: local
        script: workflow/online_boutique/k6_open_product_page.js
        output: -

     scenarios: (100.00%) 1 scenario, 10000 max VUs, 15s max duration (incl. graceful stop):
              * default: 421.00 iterations/s for 15s (maxVUs: 421-10000)


running (01.0s), 00084/00421 VUs, 325 complete and 0 interrupted iterations
default   [   6% ] 00084/00421 VUs  01.0s/15s  421.00 iters/s

running (02.0s), 00115/00421 VUs, 715 complete and 0 interrupted iterations
default   [  13% ] 00115/00421 VUs  02.0s/15s  421.00 iters/s

running (03.0s), 00088/00421 VUs, 1163 complete and 0 interrupted iterations
default   [  20% ] 00088/00421 VUs  03.0s/15s  421.00 iters/s

running (04.0s), 00110/00421 VUs, 1562 complete and 0 interrupted iterations
default   [  26% ] 00110/00421 VUs  04.0s/15s  421.00 iters/s

running (05.0s), 00098/00421 VUs, 1995 complete and 0 interrupted iterations
default   [  33% ] 00098/00421 VUs  05.0s/15s  421.00 iters/s

running (06.0s), 00071/00421 VUs, 2443 complete and 0 interrupted iterations
default   [  40% ] 00071/00421 VUs  06.0s/15s  421.00 iters/s

running (07.0s), 00108/00421 VUs, 2827 complete and 0 interrupted iterations
default   [  46% ] 00108/00421 VUs  07.0s/15s  421.00 iters/s

running (08.0s), 00081/00421 VUs, 3275 complete and 0 interrupted iterations
default   [  53% ] 00081/00421 VUs  08.0s/15s  421.00 iters/s

running (09.0s), 00117/00421 VUs, 3660 complete and 0 interrupted iterations
default   [  60% ] 00117/00421 VUs  09.0s/15s  421.00 iters/s

running (10.0s), 00089/00421 VUs, 4109 complete and 0 interrupted iterations
default   [  66% ] 00089/00421 VUs  10.0s/15s  421.00 iters/s

running (11.0s), 00102/00421 VUs, 4517 complete and 0 interrupted iterations
default   [  73% ] 00102/00421 VUs  11.0s/15s  421.00 iters/s

running (12.0s), 00099/00421 VUs, 4941 complete and 0 interrupted iterations
default   [  80% ] 00099/00421 VUs  12.0s/15s  421.00 iters/s

running (13.0s), 00072/00421 VUs, 5389 complete and 0 interrupted iterations
default   [  86% ] 00072/00421 VUs  13.0s/15s  421.00 iters/s

running (14.0s), 00108/00421 VUs, 5774 complete and 0 interrupted iterations
default   [  93% ] 00108/00421 VUs  14.0s/15s  421.00 iters/s

running (15.0s), 00080/00421 VUs, 6223 complete and 0 interrupted iterations
default   [ 100% ] 00080/00421 VUs  15.0s/15s  421.00 iters/s


  █ TOTAL RESULTS 

    CUSTOM
    online_boutique_application_errors........: 0.00%  0 out of 6223
    online_boutique_recommendation_winner_1...: 3360   223.97868/s
    online_boutique_recommendation_winner_2...: 40     2.666413/s
    online_boutique_recommendation_winner_3...: 2823   188.182088/s

    HTTP
    http_req_duration.........................: avg=220.36ms min=138.64ms med=220.18ms max=324.33ms p(90)=276.62ms p(95)=283.75ms
      { expected_response:true }..............: avg=220.36ms min=138.64ms med=220.18ms max=324.33ms p(90)=276.62ms p(95)=283.75ms
    http_req_failed...........................: 0.00%  0 out of 6223
    http_reqs.................................: 6223   414.827181/s

    EXECUTION
    iteration_duration........................: avg=220.6ms  min=138.78ms med=220.38ms max=361.44ms p(90)=276.82ms p(95)=283.94ms
    iterations................................: 6223   414.827181/s
    vus.......................................: 80     min=71        max=117
    vus_max...................................: 421    min=421       max=421

    NETWORK
    data_received.............................: 11 MB  746 kB/s
    data_sent.................................: 1.8 MB 117 kB/s




running (15.0s), 00000/00421 VUs, 6223 complete and 93 interrupted iterations
default ✓ [ 100% ] 00093/00421 VUs  15s  421.00 iters/s
