
         /\      Grafana   /‾‾/  
    /\  /  \     |\  __   /  /   
   /  \/    \    | |/ /  /   ‾‾\ 
  /          \   |   (  |  (‾)  |
 / __________ \  |_|\_\  \_____/ 

     execution: local
        script: workflow/spin/k6_open_client.js
        output: -

     scenarios: (100.00%) 1 scenario, 10000 max VUs, 15s max duration (incl. graceful stop):
              * default: 238.00 iterations/s for 15s (maxVUs: 238-10000)


running (01.0s), 00090/00238 VUs, 145 complete and 0 interrupted iterations
default   [   7% ] 00090/00238 VUs  01.0s/15s  238.00 iters/s

running (02.0s), 00111/00238 VUs, 362 complete and 0 interrupted iterations
default   [  13% ] 00111/00238 VUs  02.0s/15s  238.00 iters/s

running (03.0s), 00059/00238 VUs, 651 complete and 0 interrupted iterations
default   [  20% ] 00059/00238 VUs  03.0s/15s  238.00 iters/s

running (04.0s), 00081/00238 VUs, 868 complete and 0 interrupted iterations
default   [  27% ] 00081/00238 VUs  04.0s/15s  238.00 iters/s

running (05.0s), 00102/00238 VUs, 1085 complete and 0 interrupted iterations
default   [  33% ] 00102/00238 VUs  05.0s/15s  238.00 iters/s

running (06.0s), 00051/00238 VUs, 1374 complete and 0 interrupted iterations
default   [  40% ] 00051/00238 VUs  06.0s/15s  238.00 iters/s

running (07.0s), 00072/00238 VUs, 1591 complete and 0 interrupted iterations
default   [  47% ] 00072/00238 VUs  07.0s/15s  238.00 iters/s

running (08.0s), 00093/00238 VUs, 1808 complete and 0 interrupted iterations
default   [  53% ] 00093/00238 VUs  08.0s/15s  238.00 iters/s

running (09.0s), 00114/00238 VUs, 2025 complete and 0 interrupted iterations
default   [  60% ] 00114/00238 VUs  09.0s/15s  238.00 iters/s

running (10.0s), 00062/00238 VUs, 2315 complete and 0 interrupted iterations
default   [  67% ] 00062/00238 VUs  10.0s/15s  238.00 iters/s

running (11.0s), 00083/00238 VUs, 2532 complete and 0 interrupted iterations
default   [  73% ] 00083/00238 VUs  11.0s/15s  238.00 iters/s

running (12.0s), 00104/00238 VUs, 2749 complete and 0 interrupted iterations
default   [  80% ] 00104/00238 VUs  12.0s/15s  238.00 iters/s

running (13.0s), 00053/00238 VUs, 3038 complete and 0 interrupted iterations
default   [  87% ] 00053/00238 VUs  13.0s/15s  238.00 iters/s

running (14.0s), 00074/00238 VUs, 3255 complete and 0 interrupted iterations
default   [  93% ] 00074/00238 VUs  14.0s/15s  238.00 iters/s

running (15.0s), 00094/00238 VUs, 3473 complete and 0 interrupted iterations
default   [ 100% ] 00094/00238 VUs  15.0s/15s  238.00 iters/s


  █ TOTAL RESULTS 

    HTTP
    http_req_duration..............: avg=336.69ms min=183.55ms med=336.74ms max=486.64ms p(90)=455.16ms p(95)=469.84ms
      { expected_response:true }...: avg=336.69ms min=183.55ms med=336.74ms max=486.64ms p(90)=455.16ms p(95)=469.84ms
    http_req_failed................: 0.00%  0 out of 3473
    http_reqs......................: 3473   231.50216/s

    EXECUTION
    iteration_duration.............: avg=336.78ms min=183.61ms med=336.82ms max=486.73ms p(90)=455.24ms p(95)=469.96ms
    iterations.....................: 3473   231.50216/s
    vus............................: 93     min=50        max=114
    vus_max........................: 238    min=238       max=238

    NETWORK
    data_received..................: 698 kB 47 kB/s
    data_sent......................: 685 kB 46 kB/s




running (15.0s), 00000/00238 VUs, 3473 complete and 97 interrupted iterations
default ✓ [ 100% ] 00097/00238 VUs  15s  238.00 iters/s
