
         /\      Grafana   /‾‾/  
    /\  /  \     |\  __   /  /   
   /  \/    \    | |/ /  /   ‾‾\ 
  /          \   |   (  |  (‾)  |
 / __________ \  |_|\_\  \_____/ 

     execution: local
        script: workflow/spin/k6_open_client.js
        output: -

     scenarios: (100.00%) 1 scenario, 10000 max VUs, 15s max duration (incl. graceful stop):
              * default: 1453.00 iterations/s for 15s (maxVUs: 1453-10000)


running (00.9s), 00121/01453 VUs, 1252 complete and 0 interrupted iterations
default   [   6% ] 00121/01453 VUs  00.9s/15s  1453.00 iters/s

running (01.9s), 00133/01453 VUs, 2691 complete and 0 interrupted iterations
default   [  13% ] 00133/01453 VUs  01.9s/15s  1453.00 iters/s

running (02.9s), 00174/01453 VUs, 4105 complete and 0 interrupted iterations
default   [  20% ] 00174/01453 VUs  02.9s/15s  1453.00 iters/s

running (03.9s), 00207/01453 VUs, 5525 complete and 0 interrupted iterations
default   [  26% ] 00207/01453 VUs  03.9s/15s  1453.00 iters/s

running (04.9s), 00235/01453 VUs, 6949 complete and 0 interrupted iterations
default   [  33% ] 00235/01453 VUs  04.9s/15s  1453.00 iters/s

running (05.9s), 00245/01453 VUs, 8393 complete and 0 interrupted iterations
default   [  40% ] 00245/01453 VUs  05.9s/15s  1453.00 iters/s

running (06.9s), 00260/01453 VUs, 9831 complete and 0 interrupted iterations
default   [  46% ] 00261/01453 VUs  06.9s/15s  1453.00 iters/s

running (07.9s), 00236/01453 VUs, 11308 complete and 0 interrupted iterations
default   [  53% ] 00236/01453 VUs  07.9s/15s  1453.00 iters/s

running (08.9s), 00273/01453 VUs, 12724 complete and 0 interrupted iterations
default   [  60% ] 00273/01453 VUs  08.9s/15s  1453.00 iters/s

running (09.9s), 00305/01453 VUs, 14145 complete and 0 interrupted iterations
default   [  66% ] 00305/01453 VUs  09.9s/15s  1453.00 iters/s

running (10.9s), 00338/01453 VUs, 15565 complete and 0 interrupted iterations
default   [  73% ] 00338/01453 VUs  10.9s/15s  1453.00 iters/s

running (11.9s), 00327/01453 VUs, 17029 complete and 0 interrupted iterations
default   [  80% ] 00327/01453 VUs  11.9s/15s  1453.00 iters/s

running (12.9s), 00362/01453 VUs, 18447 complete and 0 interrupted iterations
default   [  86% ] 00362/01453 VUs  12.9s/15s  1453.00 iters/s

running (13.9s), 00339/01453 VUs, 19923 complete and 0 interrupted iterations
default   [  93% ] 00339/01453 VUs  13.9s/15s  1453.00 iters/s

running (14.9s), 00373/01453 VUs, 21342 complete and 0 interrupted iterations
default   [ 100% ] 00373/01453 VUs  14.9s/15s  1453.00 iters/s


  █ TOTAL RESULTS 

    HTTP
    http_req_duration..............: avg=177.95ms min=60.33ms med=179.22ms max=275.68ms p(90)=243.68ms p(95)=251.62ms
      { expected_response:true }...: avg=177.95ms min=60.33ms med=179.22ms max=275.68ms p(90)=243.68ms p(95)=251.62ms
    http_req_failed................: 0.00%  0 out of 21433
    http_reqs......................: 21433  1428.468674/s

    EXECUTION
    iteration_duration.............: avg=178.04ms min=60.57ms med=179.28ms max=275.76ms p(90)=243.75ms p(95)=251.69ms
    iterations.....................: 21433  1428.468674/s
    vus............................: 372    min=121        max=372 
    vus_max........................: 1453   min=1453       max=1453

    NETWORK
    data_received..................: 4.4 MB 290 kB/s
    data_sent......................: 4.2 MB 279 kB/s




running (15.0s), 00000/01453 VUs, 21433 complete and 361 interrupted iterations
default ✓ [ 100% ] 00361/01453 VUs  15s  1453.00 iters/s
