
         /\      Grafana   /‾‾/  
    /\  /  \     |\  __   /  /   
   /  \/    \    | |/ /  /   ‾‾\ 
  /          \   |   (  |  (‾)  |
 / __________ \  |_|\_\  \_____/ 

     execution: local
        script: workflow/spin/k6_open_client.js
        output: -

     scenarios: (100.00%) 1 scenario, 10000 max VUs, 15s max duration (incl. graceful stop):
              * default: 4020.00 iterations/s for 15s (maxVUs: 4020-10000)


running (00.9s), 00017/04020 VUs, 3470 complete and 0 interrupted iterations
default   [   6% ] 00017/04020 VUs  00.9s/15s  4020.00 iters/s

running (01.9s), 00015/04020 VUs, 7493 complete and 0 interrupted iterations
default   [  12% ] 00015/04020 VUs  01.9s/15s  4020.00 iters/s

running (02.9s), 00010/04020 VUs, 11517 complete and 0 interrupted iterations
default   [  19% ] 00010/04020 VUs  02.9s/15s  4020.00 iters/s

running (03.9s), 00017/04020 VUs, 15527 complete and 0 interrupted iterations
default   [  26% ] 00016/04020 VUs  03.9s/15s  4020.00 iters/s

running (04.9s), 00029/04020 VUs, 19538 complete and 0 interrupted iterations
default   [  32% ] 00029/04020 VUs  04.9s/15s  4020.00 iters/s

running (05.9s), 00019/04020 VUs, 23568 complete and 0 interrupted iterations
default   [  39% ] 00019/04020 VUs  05.9s/15s  4020.00 iters/s

running (06.9s), 00012/04020 VUs, 27595 complete and 0 interrupted iterations
default   [  46% ] 00012/04020 VUs  06.9s/15s  4020.00 iters/s

running (07.9s), 00010/04020 VUs, 31616 complete and 0 interrupted iterations
default   [  52% ] 00010/04020 VUs  07.9s/15s  4020.00 iters/s

running (08.9s), 00011/04020 VUs, 35636 complete and 0 interrupted iterations
default   [  59% ] 00011/04020 VUs  08.9s/15s  4020.00 iters/s

running (09.9s), 00010/04020 VUs, 39657 complete and 0 interrupted iterations
default   [  66% ] 00010/04020 VUs  09.9s/15s  4020.00 iters/s

running (10.9s), 00015/04020 VUs, 43672 complete and 0 interrupted iterations
default   [  72% ] 00015/04020 VUs  10.9s/15s  4020.00 iters/s

running (11.9s), 00020/04020 VUs, 47687 complete and 0 interrupted iterations
default   [  79% ] 00020/04020 VUs  11.9s/15s  4020.00 iters/s

running (12.9s), 00023/04020 VUs, 51704 complete and 0 interrupted iterations
default   [  86% ] 00024/04020 VUs  12.9s/15s  4020.00 iters/s

running (13.9s), 00015/04020 VUs, 55735 complete and 0 interrupted iterations
default   [  92% ] 00015/04020 VUs  13.9s/15s  4020.00 iters/s

running (14.9s), 00017/04020 VUs, 59750 complete and 0 interrupted iterations
default   [  99% ] 00017/04020 VUs  14.9s/15s  4020.00 iters/s


  █ TOTAL RESULTS 

    HTTP
    http_req_duration..............: avg=7.2ms min=2.39ms med=3.22ms max=206.28ms p(90)=5.98ms p(95)=13.99ms
      { expected_response:true }...: avg=7.2ms min=2.39ms med=3.22ms max=206.28ms p(90)=5.98ms p(95)=13.99ms
    http_req_failed................: 0.00% 0 out of 60294
    http_reqs......................: 60294 4018.031384/s

    EXECUTION
    iteration_duration.............: avg=7.3ms min=2.45ms med=3.31ms max=206.74ms p(90)=6.07ms p(95)=14.13ms
    iterations.....................: 60294 4018.031384/s
    vus............................: 17    min=10         max=29  
    vus_max........................: 4020  min=4020       max=4020

    NETWORK
    data_received..................: 12 MB 816 kB/s
    data_sent......................: 12 MB 771 kB/s




running (15.0s), 00000/04020 VUs, 60290 complete and 12 interrupted iterations
default ✓ [ 100% ] 00012/04020 VUs  15s  4020.00 iters/s
