
         /\      Grafana   /‾‾/  
    /\  /  \     |\  __   /  /   
   /  \/    \    | |/ /  /   ‾‾\ 
  /          \   |   (  |  (‾)  |
 / __________ \  |_|\_\  \_____/ 

     execution: local
        script: workflow/spin/k6_open_client.js
        output: -

     scenarios: (100.00%) 1 scenario, 10000 max VUs, 15s max duration (incl. graceful stop):
              * default: 380.00 iterations/s for 15s (maxVUs: 380-10000)


running (01.0s), 00014/00380 VUs, 359 complete and 0 interrupted iterations
default   [   7% ] 00014/00380 VUs  01.0s/15s  380.00 iters/s

running (02.0s), 00040/00380 VUs, 712 complete and 0 interrupted iterations
default   [  13% ] 00039/00380 VUs  02.0s/15s  380.00 iters/s

running (03.0s), 00039/00380 VUs, 1094 complete and 0 interrupted iterations
default   [  20% ] 00039/00380 VUs  03.0s/15s  380.00 iters/s

running (04.0s), 00035/00380 VUs, 1477 complete and 0 interrupted iterations
default   [  27% ] 00035/00380 VUs  04.0s/15s  380.00 iters/s

running (05.0s), 00032/00380 VUs, 1860 complete and 0 interrupted iterations
default   [  33% ] 00032/00380 VUs  05.0s/15s  380.00 iters/s

running (06.0s), 00028/00380 VUs, 2244 complete and 0 interrupted iterations
default   [  40% ] 00028/00380 VUs  06.0s/15s  380.00 iters/s

running (07.0s), 00020/00380 VUs, 2632 complete and 0 interrupted iterations
default   [  47% ] 00020/00380 VUs  07.0s/15s  380.00 iters/s

running (08.0s), 00019/00380 VUs, 3014 complete and 0 interrupted iterations
default   [  53% ] 00019/00380 VUs  08.0s/15s  380.00 iters/s

running (09.0s), 00020/00380 VUs, 3392 complete and 0 interrupted iterations
default   [  60% ] 00020/00380 VUs  09.0s/15s  380.00 iters/s

running (10.0s), 00038/00380 VUs, 3755 complete and 0 interrupted iterations
default   [  67% ] 00038/00380 VUs  10.0s/15s  380.00 iters/s

running (11.0s), 00034/00380 VUs, 4139 complete and 0 interrupted iterations
default   [  73% ] 00034/00380 VUs  11.0s/15s  380.00 iters/s

running (12.0s), 00033/00380 VUs, 4520 complete and 0 interrupted iterations
default   [  80% ] 00033/00380 VUs  12.0s/15s  380.00 iters/s

running (13.0s), 00028/00380 VUs, 4904 complete and 0 interrupted iterations
default   [  87% ] 00028/00380 VUs  13.0s/15s  380.00 iters/s

running (14.0s), 00026/00380 VUs, 5286 complete and 0 interrupted iterations
default   [  93% ] 00026/00380 VUs  14.0s/15s  380.00 iters/s

running (15.0s), 00022/00380 VUs, 5670 complete and 0 interrupted iterations
default   [ 100% ] 00022/00380 VUs  15.0s/15s  380.00 iters/s


  █ TOTAL RESULTS 

    HTTP
    http_req_duration..............: avg=68.78ms min=28.47ms med=68.79ms max=116.34ms p(90)=98.45ms p(95)=102.17ms
      { expected_response:true }...: avg=68.78ms min=28.47ms med=68.79ms max=116.34ms p(90)=98.45ms p(95)=102.17ms
    http_req_failed................: 0.00%  0 out of 5670
    http_reqs......................: 5670   377.949141/s

    EXECUTION
    iteration_duration.............: avg=68.87ms min=28.54ms med=68.88ms max=116.4ms  p(90)=98.53ms p(95)=102.24ms
    iterations.....................: 5670   377.949141/s
    vus............................: 22     min=14        max=39 
    vus_max........................: 380    min=380       max=380

    NETWORK
    data_received..................: 1.1 MB 76 kB/s
    data_sent......................: 1.1 MB 73 kB/s




running (15.0s), 00000/00380 VUs, 5670 complete and 30 interrupted iterations
default ✓ [ 100% ] 00030/00380 VUs  15s  380.00 iters/s
