
         /\      Grafana   /‾‾/  
    /\  /  \     |\  __   /  /   
   /  \/    \    | |/ /  /   ‾‾\ 
  /          \   |   (  |  (‾)  |
 / __________ \  |_|\_\  \_____/ 

     execution: local
        script: workflow/response/k6_open_client.js
        output: -

     scenarios: (100.00%) 1 scenario, 10000 max VUs, 15s max duration (incl. graceful stop):
              * default: 3449.00 iterations/s for 15s (maxVUs: 3449-10000)


running (00.9s), 00194/03449 VUs, 2874 complete and 0 interrupted iterations
default   [   6% ] 00194/03449 VUs  00.9s/15s  3449.00 iters/s

running (01.9s), 00216/03449 VUs, 6301 complete and 0 interrupted iterations
default   [  13% ] 00216/03449 VUs  01.9s/15s  3449.00 iters/s

running (02.9s), 00188/03449 VUs, 9778 complete and 0 interrupted iterations
default   [  19% ] 00188/03449 VUs  02.9s/15s  3449.00 iters/s

running (03.9s), 00175/03449 VUs, 13243 complete and 0 interrupted iterations
default   [  26% ] 00175/03449 VUs  03.9s/15s  3449.00 iters/s

running (04.9s), 00250/03449 VUs, 16616 complete and 0 interrupted iterations
default   [  33% ] 00250/03449 VUs  04.9s/15s  3449.00 iters/s

running (05.9s), 00222/03449 VUs, 20091 complete and 0 interrupted iterations
default   [  39% ] 00222/03449 VUs  05.9s/15s  3449.00 iters/s

running (06.9s), 00232/03449 VUs, 23530 complete and 0 interrupted iterations
default   [  46% ] 00232/03449 VUs  06.9s/15s  3449.00 iters/s

running (07.9s), 00189/03449 VUs, 27023 complete and 0 interrupted iterations
default   [  53% ] 00189/03449 VUs  07.9s/15s  3449.00 iters/s

running (08.9s), 00187/03449 VUs, 30473 complete and 0 interrupted iterations
default   [  59% ] 00187/03449 VUs  08.9s/15s  3449.00 iters/s

running (09.9s), 00204/03449 VUs, 33907 complete and 0 interrupted iterations
default   [  66% ] 00204/03449 VUs  09.9s/15s  3449.00 iters/s

running (10.9s), 00226/03449 VUs, 37333 complete and 0 interrupted iterations
default   [  73% ] 00225/03449 VUs  10.9s/15s  3449.00 iters/s

running (11.9s), 00196/03449 VUs, 40812 complete and 0 interrupted iterations
default   [  79% ] 00196/03449 VUs  11.9s/15s  3449.00 iters/s

running (12.9s), 00181/03449 VUs, 44277 complete and 0 interrupted iterations
default   [  86% ] 00181/03449 VUs  12.9s/15s  3449.00 iters/s

running (13.9s), 00212/03449 VUs, 47696 complete and 0 interrupted iterations
default   [  93% ] 00212/03449 VUs  13.9s/15s  3449.00 iters/s

running (14.9s), 00390/03449 VUs, 50962 complete and 0 interrupted iterations
default   [  99% ] 00389/03449 VUs  14.9s/15s  3449.00 iters/s


  █ TOTAL RESULTS 

    HTTP
    http_req_duration..............: avg=63.6ms  min=32.74ms med=62.81ms max=150.98ms p(90)=73.2ms  p(95)=77.23ms
      { expected_response:true }...: avg=63.6ms  min=32.74ms med=62.81ms max=150.98ms p(90)=73.2ms  p(95)=77.23ms
    http_req_failed................: 0.00% 0 out of 51252
    http_reqs......................: 51252 3415.128693/s

    EXECUTION
    iteration_duration.............: avg=63.69ms min=32.8ms  med=62.9ms  max=151.08ms p(90)=73.29ms p(95)=77.38ms
    iterations.....................: 51252 3415.128693/s
    vus............................: 391   min=172        max=391 
    vus_max........................: 3449  min=3449       max=3449

    NETWORK
    data_received..................: 10 MB 693 kB/s
    data_sent......................: 10 MB 675 kB/s




running (15.0s), 00000/03449 VUs, 51252 complete and 484 interrupted iterations
default ✓ [ 100% ] 00484/03449 VUs  15s  3449.00 iters/s
