
         /\      Grafana   /‾‾/  
    /\  /  \     |\  __   /  /   
   /  \/    \    | |/ /  /   ‾‾\ 
  /          \   |   (  |  (‾)  |
 / __________ \  |_|\_\  \_____/ 

     execution: local
        script: workflow/online_boutique/k6_open_product_page.js
        output: -

     scenarios: (100.00%) 1 scenario, 10000 max VUs, 15s max duration (incl. graceful stop):
              * default: 494.00 iterations/s for 15s (maxVUs: 494-10000)


running (01.0s), 00099/00494 VUs, 379 complete and 0 interrupted iterations
default   [   6% ] 00099/00494 VUs  01.0s/15s  494.00 iters/s

running (02.0s), 00141/00494 VUs, 831 complete and 0 interrupted iterations
default   [  13% ] 00141/00494 VUs  02.0s/15s  494.00 iters/s

running (03.0s), 00183/00494 VUs, 1283 complete and 0 interrupted iterations
default   [  20% ] 00183/00494 VUs  03.0s/15s  494.00 iters/s

running (04.0s), 00151/00494 VUs, 1809 complete and 0 interrupted iterations
default   [  26% ] 00151/00494 VUs  04.0s/15s  494.00 iters/s

running (05.0s), 00196/00494 VUs, 2259 complete and 0 interrupted iterations
default   [  33% ] 00196/00494 VUs  05.0s/15s  494.00 iters/s

running (06.0s), 00163/00494 VUs, 2785 complete and 0 interrupted iterations
default   [  40% ] 00163/00494 VUs  06.0s/15s  494.00 iters/s

running (07.0s), 00136/00494 VUs, 3306 complete and 0 interrupted iterations
default   [  46% ] 00136/00494 VUs  07.0s/15s  494.00 iters/s

running (08.0s), 00175/00494 VUs, 3761 complete and 0 interrupted iterations
default   [  53% ] 00175/00494 VUs  08.0s/15s  494.00 iters/s

running (09.0s), 00143/00494 VUs, 4287 complete and 0 interrupted iterations
default   [  60% ] 00143/00494 VUs  09.0s/15s  494.00 iters/s

running (10.0s), 00187/00494 VUs, 4738 complete and 0 interrupted iterations
default   [  66% ] 00187/00494 VUs  10.0s/15s  494.00 iters/s

running (11.0s), 00155/00494 VUs, 5263 complete and 0 interrupted iterations
default   [  73% ] 00155/00494 VUs  11.0s/15s  494.00 iters/s

running (12.0s), 00199/00494 VUs, 5713 complete and 0 interrupted iterations
default   [  80% ] 00199/00494 VUs  12.0s/15s  494.00 iters/s

running (13.0s), 00164/00494 VUs, 6242 complete and 0 interrupted iterations
default   [  86% ] 00164/00494 VUs  13.0s/15s  494.00 iters/s

running (14.0s), 00134/00494 VUs, 6767 complete and 0 interrupted iterations
default   [  93% ] 00134/00494 VUs  14.0s/15s  494.00 iters/s

running (15.0s), 00177/00494 VUs, 7217 complete and 0 interrupted iterations
default   [ 100% ] 00177/00494 VUs  15.0s/15s  494.00 iters/s


  █ TOTAL RESULTS 

    CUSTOM
    online_boutique_application_errors........: 0.00%  0 out of 7217
    online_boutique_recommendation_winner_1...: 2493   166.18214/s
    online_boutique_recommendation_winner_2...: 1795   119.653807/s
    online_boutique_recommendation_winner_3...: 2929   195.245683/s

    HTTP
    http_req_duration.........................: avg=323.71ms min=176.21ms med=324.19ms max=424.7ms  p(90)=386.76ms p(95)=396.55ms
      { expected_response:true }..............: avg=323.71ms min=176.21ms med=324.19ms max=424.7ms  p(90)=386.76ms p(95)=396.55ms
    http_req_failed...........................: 0.00%  0 out of 7217
    http_reqs.................................: 7217   481.081631/s

    EXECUTION
    iteration_duration........................: avg=323.96ms min=176.51ms med=324.34ms max=424.86ms p(90)=386.94ms p(95)=396.73ms
    iterations................................: 7217   481.081631/s
    vus.......................................: 177    min=99        max=198
    vus_max...................................: 494    min=494       max=494

    NETWORK
    data_received.............................: 13 MB  865 kB/s
    data_sent.................................: 2.1 MB 137 kB/s




running (15.0s), 00000/00494 VUs, 7217 complete and 194 interrupted iterations
default ✓ [ 100% ] 00194/00494 VUs  15s  494.00 iters/s
