
         /\      Grafana   /‾‾/  
    /\  /  \     |\  __   /  /   
   /  \/    \    | |/ /  /   ‾‾\ 
  /          \   |   (  |  (‾)  |
 / __________ \  |_|\_\  \_____/ 

     execution: local
        script: workflow/spin/k6_open_client.js
        output: -

     scenarios: (100.00%) 1 scenario, 10000 max VUs, 15s max duration (incl. graceful stop):
              * default: 3736.00 iterations/s for 15s (maxVUs: 3736-10000)


running (00.9s), 00235/03736 VUs, 3047 complete and 0 interrupted iterations
default   [   6% ] 00235/03736 VUs  00.9s/15s  3736.00 iters/s

running (01.9s), 00255/03736 VUs, 6763 complete and 0 interrupted iterations
default   [  13% ] 00255/03736 VUs  01.9s/15s  3736.00 iters/s

running (02.9s), 00249/03736 VUs, 10505 complete and 0 interrupted iterations
default   [  19% ] 00249/03736 VUs  02.9s/15s  3736.00 iters/s

running (03.9s), 00221/03736 VUs, 14273 complete and 0 interrupted iterations
default   [  26% ] 00221/03736 VUs  03.9s/15s  3736.00 iters/s

running (04.9s), 00242/03736 VUs, 17984 complete and 0 interrupted iterations
default   [  33% ] 00242/03736 VUs  04.9s/15s  3736.00 iters/s

running (05.9s), 00243/03736 VUs, 21721 complete and 0 interrupted iterations
default   [  39% ] 00243/03736 VUs  05.9s/15s  3736.00 iters/s

running (06.9s), 00276/03736 VUs, 25422 complete and 0 interrupted iterations
default   [  46% ] 00276/03736 VUs  06.9s/15s  3736.00 iters/s

running (07.9s), 00197/03736 VUs, 29237 complete and 0 interrupted iterations
default   [  53% ] 00197/03736 VUs  07.9s/15s  3736.00 iters/s

running (08.9s), 00231/03736 VUs, 32939 complete and 0 interrupted iterations
default   [  59% ] 00231/03736 VUs  08.9s/15s  3736.00 iters/s

running (09.9s), 00223/03736 VUs, 36683 complete and 0 interrupted iterations
default   [  66% ] 00223/03736 VUs  09.9s/15s  3736.00 iters/s

running (10.9s), 00203/03736 VUs, 40440 complete and 0 interrupted iterations
default   [  73% ] 00203/03736 VUs  10.9s/15s  3736.00 iters/s

running (11.9s), 00181/03736 VUs, 44197 complete and 0 interrupted iterations
default   [  79% ] 00181/03736 VUs  11.9s/15s  3736.00 iters/s

running (12.9s), 00214/03736 VUs, 47903 complete and 0 interrupted iterations
default   [  86% ] 00214/03736 VUs  12.9s/15s  3736.00 iters/s

running (13.9s), 00232/03736 VUs, 51618 complete and 0 interrupted iterations
default   [  93% ] 00232/03736 VUs  13.9s/15s  3736.00 iters/s

running (14.9s), 00240/03736 VUs, 55346 complete and 0 interrupted iterations
default   [  99% ] 00240/03736 VUs  14.9s/15s  3736.00 iters/s


  █ TOTAL RESULTS 

    HTTP
    http_req_duration..............: avg=59.46ms min=40.2ms  med=59.08ms max=92.01ms p(90)=67.77ms p(95)=71.49ms
      { expected_response:true }...: avg=59.46ms min=40.2ms  med=59.08ms max=92.01ms p(90)=67.77ms p(95)=71.49ms
    http_req_failed................: 0.00% 0 out of 55767
    http_reqs......................: 55767 3716.086813/s

    EXECUTION
    iteration_duration.............: avg=59.56ms min=40.31ms med=59.18ms max=92.4ms  p(90)=67.86ms p(95)=71.59ms
    iterations.....................: 55767 3716.086813/s
    vus............................: 240   min=181        max=276 
    vus_max........................: 3736  min=3736       max=3736

    NETWORK
    data_received..................: 11 MB 754 kB/s
    data_sent......................: 11 MB 717 kB/s




running (15.0s), 00000/03736 VUs, 55755 complete and 286 interrupted iterations
default ✓ [ 100% ] 00286/03736 VUs  15s  3736.00 iters/s
