
         /\      Grafana   /‾‾/  
    /\  /  \     |\  __   /  /   
   /  \/    \    | |/ /  /   ‾‾\ 
  /          \   |   (  |  (‾)  |
 / __________ \  |_|\_\  \_____/ 

     execution: local
        script: workflow/spin/k6_open_client.js
        output: -

     scenarios: (100.00%) 1 scenario, 10000 max VUs, 15s max duration (incl. graceful stop):
              * default: 336.00 iterations/s for 15s (maxVUs: 336-10000)


running (01.0s), 00050/00336 VUs, 279 complete and 0 interrupted iterations
default   [   7% ] 00051/00336 VUs  01.0s/15s  336.00 iters/s

running (02.0s), 00041/00336 VUs, 624 complete and 0 interrupted iterations
default   [  13% ] 00041/00336 VUs  02.0s/15s  336.00 iters/s

running (03.0s), 00032/00336 VUs, 970 complete and 0 interrupted iterations
default   [  20% ] 00032/00336 VUs  03.0s/15s  336.00 iters/s

running (04.0s), 00022/00336 VUs, 1316 complete and 0 interrupted iterations
default   [  27% ] 00022/00336 VUs  04.0s/15s  336.00 iters/s

running (05.0s), 00046/00336 VUs, 1628 complete and 0 interrupted iterations
default   [  33% ] 00046/00336 VUs  05.0s/15s  336.00 iters/s

running (06.0s), 00033/00336 VUs, 1976 complete and 0 interrupted iterations
default   [  40% ] 00033/00336 VUs  06.0s/15s  336.00 iters/s

running (07.0s), 00024/00336 VUs, 2321 complete and 0 interrupted iterations
default   [  47% ] 00024/00336 VUs  07.0s/15s  336.00 iters/s

running (08.0s), 00049/00336 VUs, 2632 complete and 0 interrupted iterations
default   [  53% ] 00049/00336 VUs  08.0s/15s  336.00 iters/s

running (09.0s), 00038/00336 VUs, 2979 complete and 0 interrupted iterations
default   [  60% ] 00038/00336 VUs  09.0s/15s  336.00 iters/s

running (10.0s), 00027/00336 VUs, 3326 complete and 0 interrupted iterations
default   [  67% ] 00027/00336 VUs  10.0s/15s  336.00 iters/s

running (11.0s), 00051/00336 VUs, 3639 complete and 0 interrupted iterations
default   [  73% ] 00051/00336 VUs  11.0s/15s  336.00 iters/s

running (12.0s), 00041/00336 VUs, 3984 complete and 0 interrupted iterations
default   [  80% ] 00041/00336 VUs  12.0s/15s  336.00 iters/s

running (13.0s), 00029/00336 VUs, 4332 complete and 0 interrupted iterations
default   [  87% ] 00029/00336 VUs  13.0s/15s  336.00 iters/s

running (14.0s), 00021/00336 VUs, 4677 complete and 0 interrupted iterations
default   [  93% ] 00021/00336 VUs  14.0s/15s  336.00 iters/s

running (15.0s), 00043/00336 VUs, 4990 complete and 0 interrupted iterations
default   [ 100% ] 00043/00336 VUs  15.0s/15s  336.00 iters/s


  █ TOTAL RESULTS 

    HTTP
    http_req_duration..............: avg=106.46ms min=53.53ms med=106.61ms max=162.15ms p(90)=146.02ms p(95)=150.94ms
      { expected_response:true }...: avg=106.46ms min=53.53ms med=106.61ms max=162.15ms p(90)=146.02ms p(95)=150.94ms
    http_req_failed................: 0.00%  0 out of 4990
    http_reqs......................: 4990   332.628994/s

    EXECUTION
    iteration_duration.............: avg=106.55ms min=53.62ms med=106.69ms max=162.24ms p(90)=146.1ms  p(95)=151.08ms
    iterations.....................: 4990   332.628994/s
    vus............................: 43     min=21        max=51 
    vus_max........................: 336    min=336       max=336

    NETWORK
    data_received..................: 1.0 MB 67 kB/s
    data_sent......................: 967 kB 65 kB/s




running (15.0s), 00000/00336 VUs, 4990 complete and 50 interrupted iterations
default ✓ [ 100% ] 00050/00336 VUs  15s  336.00 iters/s
