
         /\      Grafana   /‾‾/  
    /\  /  \     |\  __   /  /   
   /  \/    \    | |/ /  /   ‾‾\ 
  /          \   |   (  |  (‾)  |
 / __________ \  |_|\_\  \_____/ 

     execution: local
        script: workflow/social/k6_open_client.js
        output: -

     scenarios: (100.00%) 1 scenario, 10000 max VUs, 15s max duration (incl. graceful stop):
              * default: 3827.00 iterations/s for 15s (maxVUs: 3827-10000)


running (00.9s), 00006/03827 VUs, 3256 complete and 0 interrupted iterations
default   [   6% ] 00006/03827 VUs  00.9s/15s  3827.00 iters/s

running (01.9s), 00004/03827 VUs, 7085 complete and 0 interrupted iterations
default   [  12% ] 00004/03827 VUs  01.9s/15s  3827.00 iters/s

running (02.9s), 00003/03827 VUs, 10913 complete and 0 interrupted iterations
default   [  19% ] 00003/03827 VUs  02.9s/15s  3827.00 iters/s

running (03.9s), 00004/03827 VUs, 14739 complete and 0 interrupted iterations
default   [  26% ] 00004/03827 VUs  03.9s/15s  3827.00 iters/s

running (04.9s), 00005/03827 VUs, 18565 complete and 0 interrupted iterations
default   [  32% ] 00005/03827 VUs  04.9s/15s  3827.00 iters/s

running (05.9s), 00004/03827 VUs, 22394 complete and 0 interrupted iterations
default   [  39% ] 00004/03827 VUs  05.9s/15s  3827.00 iters/s

running (06.9s), 00017/03827 VUs, 26209 complete and 0 interrupted iterations
default   [  46% ] 00017/03827 VUs  06.9s/15s  3827.00 iters/s

running (07.9s), 00005/03827 VUs, 30046 complete and 0 interrupted iterations
default   [  52% ] 00005/03827 VUs  07.9s/15s  3827.00 iters/s

running (08.9s), 00005/03827 VUs, 33873 complete and 0 interrupted iterations
default   [  59% ] 00005/03827 VUs  08.9s/15s  3827.00 iters/s

running (09.9s), 00004/03827 VUs, 37701 complete and 0 interrupted iterations
default   [  66% ] 00004/03827 VUs  09.9s/15s  3827.00 iters/s

running (10.9s), 00006/03827 VUs, 41526 complete and 0 interrupted iterations
default   [  72% ] 00006/03827 VUs  10.9s/15s  3827.00 iters/s

running (11.9s), 00006/03827 VUs, 45353 complete and 0 interrupted iterations
default   [  79% ] 00006/03827 VUs  11.9s/15s  3827.00 iters/s

running (12.9s), 00003/03827 VUs, 49183 complete and 0 interrupted iterations
default   [  86% ] 00003/03827 VUs  12.9s/15s  3827.00 iters/s

running (13.9s), 00004/03827 VUs, 53009 complete and 0 interrupted iterations
default   [  92% ] 00004/03827 VUs  13.9s/15s  3827.00 iters/s

running (14.9s), 00006/03827 VUs, 56835 complete and 0 interrupted iterations
default   [  99% ] 00006/03827 VUs  14.9s/15s  3827.00 iters/s


  █ TOTAL RESULTS 

    HTTP
    http_req_duration..............: avg=1.5ms  min=583.15µs med=948.18µs max=39.76ms p(90)=2.49ms p(95)=3.99ms
      { expected_response:true }...: avg=1.5ms  min=583.15µs med=948.18µs max=39.76ms p(90)=2.49ms p(95)=3.99ms
    http_req_failed................: 0.00% 0 out of 57404
    http_reqs......................: 57404 3825.561479/s

    EXECUTION
    iteration_duration.............: avg=1.62ms min=682.02µs med=1.06ms   max=40.07ms p(90)=2.62ms p(95)=4.11ms
    iterations.....................: 57404 3825.561479/s
    vus............................: 6     min=3          max=15  
    vus_max........................: 3827  min=3827       max=3827

    NETWORK
    data_received..................: 13 MB 865 kB/s
    data_sent......................: 19 MB 1.3 MB/s




running (15.0s), 00000/03827 VUs, 57401 complete and 5 interrupted iterations
default ✓ [ 100% ] 00005/03827 VUs  15s  3827.00 iters/s
