
         /\      Grafana   /‾‾/  
    /\  /  \     |\  __   /  /   
   /  \/    \    | |/ /  /   ‾‾\ 
  /          \   |   (  |  (‾)  |
 / __________ \  |_|\_\  \_____/ 

     execution: local
        script: workflow/spin/k6_open_client.js
        output: -

     scenarios: (100.00%) 1 scenario, 10000 max VUs, 15s max duration (incl. graceful stop):
              * default: 180.00 iterations/s for 15s (maxVUs: 180-10000)


running (01.0s), 00072/00180 VUs, 106 complete and 0 interrupted iterations
default   [   7% ] 00072/00180 VUs  01.0s/15s  180.00 iters/s

running (02.0s), 00143/00180 VUs, 215 complete and 0 interrupted iterations
default   [  13% ] 00143/00180 VUs  02.0s/15s  180.00 iters/s

running (03.0s), 00052/00180 VUs, 486 complete and 0 interrupted iterations
default   [  20% ] 00052/00180 VUs  03.0s/15s  180.00 iters/s

running (04.0s), 00069/00180 VUs, 649 complete and 0 interrupted iterations
default   [  27% ] 00069/00180 VUs  04.0s/15s  180.00 iters/s

running (05.0s), 00140/00180 VUs, 758 complete and 0 interrupted iterations
default   [  33% ] 00140/00180 VUs  05.0s/15s  180.00 iters/s

running (06.0s), 00103/00180 VUs, 975 complete and 0 interrupted iterations
default   [  40% ] 00103/00180 VUs  06.0s/15s  180.00 iters/s

running (07.0s), 00120/00180 VUs, 1138 complete and 0 interrupted iterations
default   [  47% ] 00120/00180 VUs  07.0s/15s  180.00 iters/s

running (08.0s), 00137/00180 VUs, 1301 complete and 0 interrupted iterations
default   [  53% ] 00137/00180 VUs  08.0s/15s  180.00 iters/s

running (09.0s), 00154/00180 VUs, 1464 complete and 0 interrupted iterations
default   [  60% ] 00154/00180 VUs  09.0s/15s  180.00 iters/s

running (10.0s), 00063/00180 VUs, 1735 complete and 0 interrupted iterations
default   [  67% ] 00063/00180 VUs  10.0s/15s  180.00 iters/s

running (11.0s), 00080/00180 VUs, 1898 complete and 0 interrupted iterations
default   [  73% ] 00080/00180 VUs  11.0s/15s  180.00 iters/s

running (12.0s), 00096/00180 VUs, 2062 complete and 0 interrupted iterations
default   [  80% ] 00096/00180 VUs  12.0s/15s  180.00 iters/s

running (13.0s), 00059/00180 VUs, 2279 complete and 0 interrupted iterations
default   [  87% ] 00059/00180 VUs  13.0s/15s  180.00 iters/s

running (14.0s), 00076/00180 VUs, 2442 complete and 0 interrupted iterations
default   [  93% ] 00076/00180 VUs  14.0s/15s  180.00 iters/s

running (15.0s), 00093/00180 VUs, 2605 complete and 0 interrupted iterations
default   [ 100% ] 00093/00180 VUs  15.0s/15s  180.00 iters/s


  █ TOTAL RESULTS 

    HTTP
    http_req_duration..............: avg=514.52ms min=208.01ms med=491.24ms max=889.73ms p(90)=770.38ms p(95)=809.7ms 
      { expected_response:true }...: avg=514.52ms min=208.01ms med=491.24ms max=889.73ms p(90)=770.38ms p(95)=809.7ms 
    http_req_failed................: 0.00%  0 out of 2605
    http_reqs......................: 2605   173.643886/s

    EXECUTION
    iteration_duration.............: avg=514.62ms min=208.07ms med=491.31ms max=889.8ms  p(90)=770.49ms p(95)=809.79ms
    iterations.....................: 2605   173.643886/s
    vus............................: 93     min=52        max=154
    vus_max........................: 180    min=180       max=180

    NETWORK
    data_received..................: 524 kB 35 kB/s
    data_sent......................: 518 kB 35 kB/s




running (15.0s), 00000/00180 VUs, 2605 complete and 95 interrupted iterations
default ✓ [ 100% ] 00095/00180 VUs  15s  180.00 iters/s
