
         /\      Grafana   /‾‾/  
    /\  /  \     |\  __   /  /   
   /  \/    \    | |/ /  /   ‾‾\ 
  /          \   |   (  |  (‾)  |
 / __________ \  |_|\_\  \_____/ 

     execution: local
        script: workflow/spin/k6_open_client.js
        output: -

     scenarios: (100.00%) 1 scenario, 10000 max VUs, 15s max duration (incl. graceful stop):
              * default: 2397.00 iterations/s for 15s (maxVUs: 2397-10000)


running (00.9s), 00134/02397 VUs, 2054 complete and 0 interrupted iterations
default   [   6% ] 00134/02397 VUs  00.9s/15s  2397.00 iters/s

running (01.9s), 00150/02397 VUs, 4435 complete and 0 interrupted iterations
default   [  13% ] 00150/02397 VUs  01.9s/15s  2397.00 iters/s

running (02.9s), 00099/02397 VUs, 6885 complete and 0 interrupted iterations
default   [  19% ] 00099/02397 VUs  02.9s/15s  2397.00 iters/s

running (03.9s), 00133/02397 VUs, 9244 complete and 0 interrupted iterations
default   [  26% ] 00133/02397 VUs  03.9s/15s  2397.00 iters/s

running (04.9s), 00139/02397 VUs, 11637 complete and 0 interrupted iterations
default   [  33% ] 00139/02397 VUs  04.9s/15s  2397.00 iters/s

running (05.9s), 00145/02397 VUs, 14029 complete and 0 interrupted iterations
default   [  39% ] 00145/02397 VUs  05.9s/15s  2397.00 iters/s

running (06.9s), 00107/02397 VUs, 16463 complete and 0 interrupted iterations
default   [  46% ] 00107/02397 VUs  06.9s/15s  2397.00 iters/s

running (07.9s), 00123/02397 VUs, 18844 complete and 0 interrupted iterations
default   [  53% ] 00123/02397 VUs  07.9s/15s  2397.00 iters/s

running (08.9s), 00151/02397 VUs, 21213 complete and 0 interrupted iterations
default   [  59% ] 00151/02397 VUs  08.9s/15s  2397.00 iters/s

running (09.9s), 00145/02397 VUs, 23616 complete and 0 interrupted iterations
default   [  66% ] 00145/02397 VUs  09.9s/15s  2397.00 iters/s

running (10.9s), 00121/02397 VUs, 26037 complete and 0 interrupted iterations
default   [  73% ] 00121/02397 VUs  10.9s/15s  2397.00 iters/s

running (11.9s), 00159/02397 VUs, 28396 complete and 0 interrupted iterations
default   [  79% ] 00159/02397 VUs  11.9s/15s  2397.00 iters/s

running (12.9s), 00117/02397 VUs, 30835 complete and 0 interrupted iterations
default   [  86% ] 00117/02397 VUs  12.9s/15s  2397.00 iters/s

running (13.9s), 00100/02397 VUs, 33249 complete and 0 interrupted iterations
default   [  93% ] 00100/02397 VUs  13.9s/15s  2397.00 iters/s

running (14.9s), 00145/02397 VUs, 35601 complete and 0 interrupted iterations
default   [  99% ] 00145/02397 VUs  14.9s/15s  2397.00 iters/s


  █ TOTAL RESULTS 

    HTTP
    http_req_duration..............: avg=56.19ms min=34.99ms med=55.96ms max=99.44ms p(90)=66.15ms p(95)=69.28ms
      { expected_response:true }...: avg=56.19ms min=34.99ms med=55.96ms max=99.44ms p(90)=66.15ms p(95)=69.28ms
    http_req_failed................: 0.00%  0 out of 35811
    http_reqs......................: 35811  2386.786558/s

    EXECUTION
    iteration_duration.............: avg=56.29ms min=35.11ms med=56.06ms max=99.52ms p(90)=66.24ms p(95)=69.38ms
    iterations.....................: 35811  2386.786558/s
    vus............................: 144    min=99         max=159 
    vus_max........................: 2397   min=2397       max=2397

    NETWORK
    data_received..................: 7.3 MB 485 kB/s
    data_sent......................: 6.9 MB 460 kB/s




running (15.0s), 00000/02397 VUs, 35810 complete and 146 interrupted iterations
default ✓ [ 100% ] 00146/02397 VUs  15s  2397.00 iters/s
