
         /\      Grafana   /‾‾/  
    /\  /  \     |\  __   /  /   
   /  \/    \    | |/ /  /   ‾‾\ 
  /          \   |   (  |  (‾)  |
 / __________ \  |_|\_\  \_____/ 

     execution: local
        script: workflow/spin/k6_open_client.js
        output: -

     scenarios: (100.00%) 1 scenario, 10000 max VUs, 15s max duration (incl. graceful stop):
              * default: 3800.00 iterations/s for 15s (maxVUs: 3800-10000)


running (00.9s), 00011/03800 VUs, 3311 complete and 0 interrupted iterations
default   [   6% ] 00011/03800 VUs  00.9s/15s  3800.00 iters/s

running (01.9s), 00014/03800 VUs, 7109 complete and 0 interrupted iterations
default   [  12% ] 00014/03800 VUs  01.9s/15s  3800.00 iters/s

running (02.9s), 00013/03800 VUs, 10909 complete and 0 interrupted iterations
default   [  19% ] 00013/03800 VUs  02.9s/15s  3800.00 iters/s

running (03.9s), 00009/03800 VUs, 14713 complete and 0 interrupted iterations
default   [  26% ] 00009/03800 VUs  03.9s/15s  3800.00 iters/s

running (04.9s), 00019/03800 VUs, 18504 complete and 0 interrupted iterations
default   [  32% ] 00019/03800 VUs  04.9s/15s  3800.00 iters/s

running (05.9s), 00014/03800 VUs, 22309 complete and 0 interrupted iterations
default   [  39% ] 00015/03800 VUs  05.9s/15s  3800.00 iters/s

running (06.9s), 00012/03800 VUs, 26111 complete and 0 interrupted iterations
default   [  46% ] 00012/03800 VUs  06.9s/15s  3800.00 iters/s

running (07.9s), 00010/03800 VUs, 29913 complete and 0 interrupted iterations
default   [  52% ] 00009/03800 VUs  07.9s/15s  3800.00 iters/s

running (08.9s), 00011/03800 VUs, 33711 complete and 0 interrupted iterations
default   [  59% ] 00011/03800 VUs  08.9s/15s  3800.00 iters/s

running (09.9s), 00101/03800 VUs, 37422 complete and 0 interrupted iterations
default   [  66% ] 00101/03800 VUs  09.9s/15s  3800.00 iters/s

running (10.9s), 00013/03800 VUs, 41310 complete and 0 interrupted iterations
default   [  72% ] 00013/03800 VUs  10.9s/15s  3800.00 iters/s

running (11.9s), 00010/03800 VUs, 45113 complete and 0 interrupted iterations
default   [  79% ] 00010/03800 VUs  11.9s/15s  3800.00 iters/s

running (12.9s), 00016/03800 VUs, 48907 complete and 0 interrupted iterations
default   [  86% ] 00016/03800 VUs  12.9s/15s  3800.00 iters/s

running (13.9s), 00012/03800 VUs, 52711 complete and 0 interrupted iterations
default   [  92% ] 00012/03800 VUs  13.9s/15s  3800.00 iters/s

running (14.9s), 00011/03800 VUs, 56512 complete and 0 interrupted iterations
default   [  99% ] 00011/03800 VUs  14.9s/15s  3800.00 iters/s


  █ TOTAL RESULTS 

    HTTP
    http_req_duration..............: avg=4.05ms min=2.4ms  med=2.98ms max=58.16ms p(90)=4.87ms p(95)=6.83ms
      { expected_response:true }...: avg=4.05ms min=2.4ms  med=2.98ms max=58.16ms p(90)=4.87ms p(95)=6.83ms
    http_req_failed................: 0.00% 0 out of 56962
    http_reqs......................: 56962 3796.099705/s

    EXECUTION
    iteration_duration.............: avg=4.15ms min=2.47ms med=3.07ms max=58.45ms p(90)=4.98ms p(95)=7.09ms
    iterations.....................: 56962 3796.099705/s
    vus............................: 11    min=9          max=101 
    vus_max........................: 3800  min=3800       max=3800

    NETWORK
    data_received..................: 12 MB 771 kB/s
    data_sent......................: 11 MB 729 kB/s




running (15.0s), 00000/03800 VUs, 56949 complete and 51 interrupted iterations
default ✓ [ 100% ] 00051/03800 VUs  15s  3800.00 iters/s
