
         /\      Grafana   /‾‾/  
    /\  /  \     |\  __   /  /   
   /  \/    \    | |/ /  /   ‾‾\ 
  /          \   |   (  |  (‾)  |
 / __________ \  |_|\_\  \_____/ 

     execution: local
        script: workflow/spin/k6_open_client.js
        output: -

     scenarios: (100.00%) 1 scenario, 10000 max VUs, 15s max duration (incl. graceful stop):
              * default: 4800.00 iterations/s for 15s (maxVUs: 4800-10000)


running (00.8s), 00485/04800 VUs, 3550 complete and 0 interrupted iterations
default   [   6% ] 00485/04800 VUs  00.8s/15s  4800.00 iters/s

running (01.8s), 00052/04800 VUs, 8784 complete and 0 interrupted iterations
default   [  12% ] 00052/04800 VUs  01.8s/15s  4800.00 iters/s

running (02.8s), 00447/04800 VUs, 13191 complete and 0 interrupted iterations
default   [  19% ] 00447/04800 VUs  02.8s/15s  4800.00 iters/s

running (03.8s), 01018/04800 VUs, 17417 complete and 0 interrupted iterations
default   [  26% ] 01018/04800 VUs  03.8s/15s  4800.00 iters/s

running (04.8s), 01689/04800 VUs, 21546 complete and 0 interrupted iterations
default   [  32% ] 01688/04800 VUs  04.8s/15s  4800.00 iters/s

running (05.8s), 01746/04800 VUs, 26289 complete and 0 interrupted iterations
default   [  39% ] 01746/04800 VUs  05.8s/15s  4800.00 iters/s

running (06.8s), 01963/04800 VUs, 30872 complete and 0 interrupted iterations
default   [  46% ] 01963/04800 VUs  06.8s/15s  4800.00 iters/s

running (07.8s), 01799/04800 VUs, 35839 complete and 0 interrupted iterations
default   [  52% ] 01799/04800 VUs  07.8s/15s  4800.00 iters/s

running (08.8s), 01302/04800 VUs, 41134 complete and 0 interrupted iterations
default   [  59% ] 01302/04800 VUs  08.8s/15s  4800.00 iters/s

running (09.8s), 01123/04800 VUs, 46114 complete and 0 interrupted iterations
default   [  66% ] 01123/04800 VUs  09.8s/15s  4800.00 iters/s

running (10.8s), 01282/04800 VUs, 50753 complete and 0 interrupted iterations
default   [  72% ] 01282/04800 VUs  10.8s/15s  4800.00 iters/s

running (11.8s), 01406/04800 VUs, 55430 complete and 0 interrupted iterations
default   [  79% ] 01406/04800 VUs  11.8s/15s  4800.00 iters/s

running (12.8s), 01381/04800 VUs, 60255 complete and 0 interrupted iterations
default   [  86% ] 01381/04800 VUs  12.8s/15s  4800.00 iters/s

running (13.8s), 01254/04800 VUs, 65181 complete and 0 interrupted iterations
default   [  92% ] 01254/04800 VUs  13.8s/15s  4800.00 iters/s

running (14.8s), 01075/04800 VUs, 70158 complete and 0 interrupted iterations
default   [  99% ] 01075/04800 VUs  14.8s/15s  4800.00 iters/s


  █ TOTAL RESULTS 

    HTTP
    http_req_duration..............: avg=244.71ms min=6.5ms  med=264.04ms max=652.29ms p(90)=381.94ms p(95)=393.05ms
      { expected_response:true }...: avg=244.71ms min=6.5ms  med=264.04ms max=652.29ms p(90)=381.94ms p(95)=393.05ms
    http_req_failed................: 0.00% 0 out of 70973
    http_reqs......................: 70973 4727.256013/s

    EXECUTION
    iteration_duration.............: avg=244.81ms min=6.58ms med=264.12ms max=652.36ms p(90)=382.02ms p(95)=393.15ms
    iterations.....................: 70973 4727.256013/s
    vus............................: 1077  min=52         max=1963
    vus_max........................: 4800  min=4800       max=4800

    NETWORK
    data_received..................: 14 MB 960 kB/s
    data_sent......................: 14 MB 920 kB/s




running (15.0s), 00000/04800 VUs, 70957 complete and 1043 interrupted iterations
default ✓ [ 100% ] 01043/04800 VUs  15s  4800.00 iters/s
