
         /\      Grafana   /‾‾/  
    /\  /  \     |\  __   /  /   
   /  \/    \    | |/ /  /   ‾‾\ 
  /          \   |   (  |  (‾)  |
 / __________ \  |_|\_\  \_____/ 

     execution: local
        script: workflow/response/k6_open_client.js
        output: -

     scenarios: (100.00%) 1 scenario, 10000 max VUs, 15s max duration (incl. graceful stop):
              * default: 455.00 iterations/s for 15s (maxVUs: 455-10000)


running (01.0s), 00010/00455 VUs, 434 complete and 0 interrupted iterations
default   [   7% ] 00010/00455 VUs  01.0s/15s  455.00 iters/s

running (02.0s), 00010/00455 VUs, 890 complete and 0 interrupted iterations
default   [  13% ] 00010/00455 VUs  02.0s/15s  455.00 iters/s

running (03.0s), 00014/00455 VUs, 1341 complete and 0 interrupted iterations
default   [  20% ] 00014/00455 VUs  03.0s/15s  455.00 iters/s

running (04.0s), 00018/00455 VUs, 1792 complete and 0 interrupted iterations
default   [  27% ] 00018/00455 VUs  04.0s/15s  455.00 iters/s

running (05.0s), 00020/00455 VUs, 2244 complete and 0 interrupted iterations
default   [  33% ] 00020/00455 VUs  05.0s/15s  455.00 iters/s

running (06.0s), 00009/00455 VUs, 2710 complete and 0 interrupted iterations
default   [  40% ] 00009/00455 VUs  06.0s/15s  455.00 iters/s

running (07.0s), 00027/00455 VUs, 3147 complete and 0 interrupted iterations
default   [  47% ] 00027/00455 VUs  07.0s/15s  455.00 iters/s

running (08.0s), 00017/00455 VUs, 3612 complete and 0 interrupted iterations
default   [  53% ] 00017/00455 VUs  08.0s/15s  455.00 iters/s

running (09.0s), 00007/00455 VUs, 4077 complete and 0 interrupted iterations
default   [  60% ] 00007/00455 VUs  09.0s/15s  455.00 iters/s

running (10.0s), 00011/00455 VUs, 4528 complete and 0 interrupted iterations
default   [  67% ] 00012/00455 VUs  10.0s/15s  455.00 iters/s

running (11.0s), 00016/00455 VUs, 4979 complete and 0 interrupted iterations
default   [  73% ] 00016/00455 VUs  11.0s/15s  455.00 iters/s

running (12.0s), 00018/00455 VUs, 5432 complete and 0 interrupted iterations
default   [  80% ] 00018/00455 VUs  12.0s/15s  455.00 iters/s

running (13.0s), 00030/00455 VUs, 5874 complete and 0 interrupted iterations
default   [  87% ] 00030/00455 VUs  13.0s/15s  455.00 iters/s

running (14.0s), 00023/00455 VUs, 6336 complete and 0 interrupted iterations
default   [  93% ] 00023/00455 VUs  14.0s/15s  455.00 iters/s

running (15.0s), 00027/00455 VUs, 6787 complete and 0 interrupted iterations
default   [ 100% ] 00027/00455 VUs  15.0s/15s  455.00 iters/s


  █ TOTAL RESULTS 

    HTTP
    http_req_duration..............: avg=39.8ms  min=11.5ms  med=36.77ms max=77.72ms p(90)=66.66ms p(95)=71.16ms
      { expected_response:true }...: avg=39.8ms  min=11.5ms  med=36.77ms max=77.72ms p(90)=66.66ms p(95)=71.16ms
    http_req_failed................: 0.00%  0 out of 6815
    http_reqs......................: 6815   454.287206/s

    EXECUTION
    iteration_duration.............: avg=39.89ms min=11.59ms med=36.85ms max=77.79ms p(90)=66.73ms p(95)=71.26ms
    iterations.....................: 6815   454.287206/s
    vus............................: 27     min=7         max=30 
    vus_max........................: 455    min=455       max=455

    NETWORK
    data_received..................: 1.4 MB 91 kB/s
    data_sent......................: 1.3 MB 89 kB/s




running (15.0s), 00000/00455 VUs, 6815 complete and 11 interrupted iterations
default ✓ [ 100% ] 00011/00455 VUs  15s  455.00 iters/s
