
         /\      Grafana   /‾‾/  
    /\  /  \     |\  __   /  /   
   /  \/    \    | |/ /  /   ‾‾\ 
  /          \   |   (  |  (‾)  |
 / __________ \  |_|\_\  \_____/ 

     execution: local
        script: workflow/spin/k6_open_client.js
        output: -

     scenarios: (100.00%) 1 scenario, 10000 max VUs, 15s max duration (incl. graceful stop):
              * default: 4386.00 iterations/s for 15s (maxVUs: 4386-10000)


running (00.8s), 00557/04386 VUs, 3158 complete and 0 interrupted iterations
default   [   6% ] 00557/04386 VUs  00.8s/15s  4386.00 iters/s

running (01.8s), 00589/04386 VUs, 7510 complete and 0 interrupted iterations
default   [  12% ] 00589/04386 VUs  01.8s/15s  4386.00 iters/s

running (02.8s), 00627/04386 VUs, 11862 complete and 0 interrupted iterations
default   [  19% ] 00627/04386 VUs  02.8s/15s  4386.00 iters/s

running (03.8s), 00649/04386 VUs, 16225 complete and 0 interrupted iterations
default   [  26% ] 00649/04386 VUs  03.8s/15s  4386.00 iters/s

running (04.8s), 00706/04386 VUs, 20553 complete and 0 interrupted iterations
default   [  32% ] 00706/04386 VUs  04.8s/15s  4386.00 iters/s

running (05.8s), 00742/04386 VUs, 24905 complete and 0 interrupted iterations
default   [  39% ] 00742/04386 VUs  05.8s/15s  4386.00 iters/s

running (06.8s), 00785/04386 VUs, 29242 complete and 0 interrupted iterations
default   [  46% ] 00785/04386 VUs  06.8s/15s  4386.00 iters/s

running (07.8s), 00686/04386 VUs, 33734 complete and 0 interrupted iterations
default   [  52% ] 00686/04386 VUs  07.8s/15s  4386.00 iters/s

running (08.8s), 00352/04386 VUs, 38454 complete and 0 interrupted iterations
default   [  59% ] 00352/04386 VUs  08.8s/15s  4386.00 iters/s

running (09.8s), 00254/04386 VUs, 42938 complete and 0 interrupted iterations
default   [  66% ] 00254/04386 VUs  09.8s/15s  4386.00 iters/s

running (10.8s), 00241/04386 VUs, 47333 complete and 0 interrupted iterations
default   [  72% ] 00241/04386 VUs  10.8s/15s  4386.00 iters/s

running (11.8s), 00228/04386 VUs, 51733 complete and 0 interrupted iterations
default   [  79% ] 00228/04386 VUs  11.8s/15s  4386.00 iters/s

running (12.8s), 00235/04386 VUs, 56112 complete and 0 interrupted iterations
default   [  86% ] 00235/04386 VUs  12.8s/15s  4386.00 iters/s

running (13.8s), 00260/04386 VUs, 60470 complete and 0 interrupted iterations
default   [  92% ] 00260/04386 VUs  13.8s/15s  4386.00 iters/s

running (14.8s), 00251/04386 VUs, 64868 complete and 0 interrupted iterations
default   [  99% ] 00251/04386 VUs  14.8s/15s  4386.00 iters/s


  █ TOTAL RESULTS 

    HTTP
    http_req_duration..............: avg=109.83ms min=44.27ms med=123.6ms  max=195.34ms p(90)=167.7ms  p(95)=176.65ms
      { expected_response:true }...: avg=109.83ms min=44.27ms med=123.6ms  max=195.34ms p(90)=167.7ms  p(95)=176.65ms
    http_req_failed................: 0.00% 0 out of 65498
    http_reqs......................: 65498 4364.264104/s

    EXECUTION
    iteration_duration.............: avg=109.93ms min=44.34ms med=123.79ms max=195.47ms p(90)=167.79ms p(95)=176.73ms
    iterations.....................: 65498 4364.264104/s
    vus............................: 252   min=228        max=789 
    vus_max........................: 4386  min=4386       max=4386

    NETWORK
    data_received..................: 13 MB 886 kB/s
    data_sent......................: 13 MB 841 kB/s




running (15.0s), 00000/04386 VUs, 65481 complete and 311 interrupted iterations
default ✓ [ 100% ] 00311/04386 VUs  15s  4386.00 iters/s
