
         /\      Grafana   /‾‾/  
    /\  /  \     |\  __   /  /   
   /  \/    \    | |/ /  /   ‾‾\ 
  /          \   |   (  |  (‾)  |
 / __________ \  |_|\_\  \_____/ 

     execution: local
        script: workflow/online_boutique/k6_open_add_to_cart.js
        output: -

     scenarios: (100.00%) 1 scenario, 10000 max VUs, 15s max duration (incl. graceful stop):
              * default: 690.00 iterations/s for 15s (maxVUs: 690-10000)


running (01.0s), 00117/00690 VUs, 549 complete and 0 interrupted iterations
default   [   6% ] 00117/00690 VUs  01.0s/15s  690.00 iters/s

running (02.0s), 00081/00690 VUs, 1275 complete and 0 interrupted iterations
default   [  13% ] 00081/00690 VUs  02.0s/15s  690.00 iters/s

running (03.0s), 00104/00690 VUs, 1942 complete and 0 interrupted iterations
default   [  20% ] 00104/00690 VUs  03.0s/15s  690.00 iters/s

running (04.0s), 00084/00690 VUs, 2653 complete and 0 interrupted iterations
default   [  26% ] 00084/00690 VUs  04.0s/15s  690.00 iters/s

running (05.0s), 00049/00690 VUs, 3377 complete and 0 interrupted iterations
default   [  33% ] 00049/00690 VUs  05.0s/15s  690.00 iters/s

running (06.0s), 00091/00690 VUs, 4026 complete and 0 interrupted iterations
default   [  40% ] 00091/00690 VUs  06.0s/15s  690.00 iters/s

running (07.0s), 00040/00690 VUs, 4767 complete and 0 interrupted iterations
default   [  46% ] 00040/00690 VUs  07.0s/15s  690.00 iters/s

running (08.0s), 00090/00690 VUs, 5406 complete and 0 interrupted iterations
default   [  53% ] 00090/00690 VUs  08.0s/15s  690.00 iters/s

running (09.0s), 00042/00690 VUs, 6144 complete and 0 interrupted iterations
default   [  60% ] 00042/00690 VUs  09.0s/15s  690.00 iters/s

running (10.0s), 00096/00690 VUs, 6780 complete and 0 interrupted iterations
default   [  66% ] 00096/00690 VUs  10.0s/15s  690.00 iters/s

running (11.0s), 00047/00690 VUs, 7520 complete and 0 interrupted iterations
default   [  73% ] 00047/00690 VUs  11.0s/15s  690.00 iters/s

running (12.0s), 00104/00690 VUs, 8153 complete and 0 interrupted iterations
default   [  80% ] 00104/00690 VUs  12.0s/15s  690.00 iters/s

running (13.0s), 00053/00690 VUs, 8893 complete and 0 interrupted iterations
default   [  86% ] 00053/00690 VUs  13.0s/15s  690.00 iters/s

running (14.0s), 00106/00690 VUs, 9531 complete and 0 interrupted iterations
default   [  93% ] 00106/00690 VUs  14.0s/15s  690.00 iters/s

running (15.0s), 00055/00690 VUs, 10271 complete and 0 interrupted iterations
default   [ 100% ] 00055/00690 VUs  15.0s/15s  690.00 iters/s


  █ TOTAL RESULTS 

    CUSTOM
    online_boutique_application_errors...: 0.00%  0 out of 10271

    HTTP
    http_req_duration....................: avg=117.01ms min=42.8ms  med=116.91ms max=193.97ms p(90)=172.38ms p(95)=179.13ms
      { expected_response:true }.........: avg=117.01ms min=42.8ms  med=116.91ms max=193.97ms p(90)=172.38ms p(95)=179.13ms
    http_req_failed......................: 0.00%  0 out of 10271
    http_reqs............................: 10271  684.659898/s

    EXECUTION
    iteration_duration...................: avg=117.27ms min=42.98ms med=117.33ms max=194.15ms p(90)=172.56ms p(95)=179.3ms 
    iterations...........................: 10271  684.659898/s
    vus..................................: 55     min=40         max=116
    vus_max..............................: 690    min=690        max=690

    NETWORK
    data_received........................: 8.2 MB 545 kB/s
    data_sent............................: 2.7 MB 179 kB/s




running (15.0s), 00000/00690 VUs, 10271 complete and 79 interrupted iterations
default ✓ [ 100% ] 00079/00690 VUs  15s  690.00 iters/s
