
         /\      Grafana   /‾‾/  
    /\  /  \     |\  __   /  /   
   /  \/    \    | |/ /  /   ‾‾\ 
  /          \   |   (  |  (‾)  |
 / __________ \  |_|\_\  \_____/ 

     execution: local
        script: workflow/spin/k6_open_client.js
        output: -

     scenarios: (100.00%) 1 scenario, 10000 max VUs, 15s max duration (incl. graceful stop):
              * default: 4999.00 iterations/s for 15s (maxVUs: 4999-10000)


running (00.9s), 00563/04999 VUs, 3560 complete and 0 interrupted iterations
default   [   6% ] 00563/04999 VUs  00.9s/15s  4999.00 iters/s

running (01.8s), 00325/04999 VUs, 8833 complete and 0 interrupted iterations
default   [  12% ] 00325/04999 VUs  01.8s/15s  4999.00 iters/s

running (02.8s), 00118/04999 VUs, 14039 complete and 0 interrupted iterations
default   [  19% ] 00117/04999 VUs  02.8s/15s  4999.00 iters/s

running (03.8s), 00110/04999 VUs, 19046 complete and 0 interrupted iterations
default   [  26% ] 00110/04999 VUs  03.8s/15s  4999.00 iters/s

running (04.8s), 00136/04999 VUs, 24019 complete and 0 interrupted iterations
default   [  32% ] 00136/04999 VUs  04.8s/15s  4999.00 iters/s

running (05.8s), 00024/04999 VUs, 29130 complete and 0 interrupted iterations
default   [  39% ] 00024/04999 VUs  05.8s/15s  4999.00 iters/s

running (06.8s), 00077/04999 VUs, 34076 complete and 0 interrupted iterations
default   [  46% ] 00077/04999 VUs  06.8s/15s  4999.00 iters/s

running (07.8s), 00015/04999 VUs, 39137 complete and 0 interrupted iterations
default   [  52% ] 00014/04999 VUs  07.8s/15s  4999.00 iters/s

running (08.8s), 00031/04999 VUs, 44119 complete and 0 interrupted iterations
default   [  59% ] 00031/04999 VUs  08.8s/15s  4999.00 iters/s

running (09.8s), 00014/04999 VUs, 49134 complete and 0 interrupted iterations
default   [  66% ] 00014/04999 VUs  09.8s/15s  4999.00 iters/s

running (10.8s), 00272/04999 VUs, 53877 complete and 0 interrupted iterations
default   [  72% ] 00272/04999 VUs  10.8s/15s  4999.00 iters/s

running (11.8s), 00060/04999 VUs, 59088 complete and 0 interrupted iterations
default   [  79% ] 00060/04999 VUs  11.8s/15s  4999.00 iters/s

running (12.8s), 00023/04999 VUs, 64126 complete and 0 interrupted iterations
default   [  86% ] 00023/04999 VUs  12.8s/15s  4999.00 iters/s

running (13.8s), 00101/04999 VUs, 69045 complete and 0 interrupted iterations
default   [  92% ] 00101/04999 VUs  13.8s/15s  4999.00 iters/s

running (14.8s), 00097/04999 VUs, 74049 complete and 0 interrupted iterations
default   [  99% ] 00097/04999 VUs  14.8s/15s  4999.00 iters/s


  █ TOTAL RESULTS 

    HTTP
    http_req_duration..............: avg=25.28ms min=2.4ms  med=16.04ms max=239.17ms p(90)=68.42ms p(95)=79.29ms
      { expected_response:true }...: avg=25.28ms min=2.4ms  med=16.04ms max=239.17ms p(90)=68.42ms p(95)=79.29ms
    http_req_failed................: 0.00% 0 out of 74852
    http_reqs......................: 74852 4987.580119/s

    EXECUTION
    iteration_duration.............: avg=25.54ms min=2.47ms med=16.13ms max=239.37ms p(90)=69.99ms p(95)=79.76ms
    iterations.....................: 74852 4987.580119/s
    vus............................: 98    min=14         max=563 
    vus_max........................: 4999  min=4999       max=4999

    NETWORK
    data_received..................: 15 MB 1.0 MB/s
    data_sent......................: 14 MB 959 kB/s




running (15.0s), 00000/04999 VUs, 74839 complete and 147 interrupted iterations
default ✓ [ 100% ] 00147/04999 VUs  15s  4999.00 iters/s
