
         /\      Grafana   /‾‾/  
    /\  /  \     |\  __   /  /   
   /  \/    \    | |/ /  /   ‾‾\ 
  /          \   |   (  |  (‾)  |
 / __________ \  |_|\_\  \_____/ 

     execution: local
        script: workflow/response/k6_open_client.js
        output: -

     scenarios: (100.00%) 1 scenario, 100000 max VUs, 15s max duration (incl. graceful stop):
              * default: 8649.00 iterations/s for 15s (maxVUs: 8649-100000)


running (00.8s), 001591/008649 VUs, 4376 complete and 0 interrupted iterations
default   [   5% ] 001591/008649 VUs  00.8s/15s  8649.00 iters/s

running (01.7s), 003461/008649 VUs, 11601 complete and 0 interrupted iterations
default   [  12% ] 003461/008649 VUs  01.7s/15s  8649.00 iters/s

running (02.7s), 003092/008649 VUs, 20617 complete and 0 interrupted iterations
default   [  18% ] 003092/008649 VUs  02.7s/15s  8649.00 iters/s

running (03.7s), 003277/008649 VUs, 29082 complete and 0 interrupted iterations
default   [  25% ] 003277/008649 VUs  03.7s/15s  8649.00 iters/s

running (04.7s), 002919/008649 VUs, 38088 complete and 0 interrupted iterations
default   [  32% ] 002919/008649 VUs  04.7s/15s  8649.00 iters/s

running (05.7s), 002543/008649 VUs, 47113 complete and 0 interrupted iterations
default   [  38% ] 002543/008649 VUs  05.7s/15s  8649.00 iters/s

running (06.7s), 002206/008649 VUs, 56100 complete and 0 interrupted iterations
default   [  45% ] 002206/008649 VUs  06.7s/15s  8649.00 iters/s

running (07.7s), 001970/008649 VUs, 64985 complete and 0 interrupted iterations
default   [  52% ] 001970/008649 VUs  07.7s/15s  8649.00 iters/s

running (08.7s), 001452/008649 VUs, 74151 complete and 0 interrupted iterations
default   [  58% ] 001452/008649 VUs  08.7s/15s  8649.00 iters/s

running (09.7s), 001069/008649 VUs, 83185 complete and 0 interrupted iterations
default   [  65% ] 001069/008649 VUs  09.7s/15s  8649.00 iters/s

running (10.7s), 000786/008649 VUs, 92116 complete and 0 interrupted iterations
default   [  72% ] 000786/008649 VUs  10.7s/15s  8649.00 iters/s

running (11.7s), 000815/008649 VUs, 100735 complete and 0 interrupted iterations
default   [  78% ] 000815/008649 VUs  11.7s/15s  8649.00 iters/s

running (12.7s), 000446/008649 VUs, 109754 complete and 0 interrupted iterations
default   [  85% ] 000446/008649 VUs  12.7s/15s  8649.00 iters/s

running (13.7s), 000023/008649 VUs, 118826 complete and 0 interrupted iterations
default   [  92% ] 000023/008649 VUs  13.7s/15s  8649.00 iters/s

running (14.7s), 000200/008649 VUs, 127297 complete and 0 interrupted iterations
default   [  98% ] 000200/008649 VUs  14.7s/15s  8649.00 iters/s


  █ TOTAL RESULTS 

    HTTP
    http_req_duration..............: avg=195.8ms  min=401.18µs med=184.7ms  max=781.53ms p(90)=369.81ms p(95)=381.73ms
      { expected_response:true }...: avg=195.8ms  min=401.18µs med=184.7ms  max=781.53ms p(90)=369.81ms p(95)=381.73ms
    http_req_failed................: 0.00%  0 out of 129381
    http_reqs......................: 129381 8617.210318/s

    EXECUTION
    iteration_duration.............: avg=201.69ms min=471.5µs  med=194.55ms max=1.23s    p(90)=373.15ms p(95)=383.31ms
    iterations.....................: 129381 8617.210318/s
    vus............................: 202    min=23          max=3460
    vus_max........................: 8649   min=8649        max=8649

    NETWORK
    data_received..................: 27 MB  1.8 MB/s
    data_sent......................: 25 MB  1.7 MB/s




running (15.0s), 000000/008649 VUs, 129352 complete and 384 interrupted iterations
default ✓ [ 100% ] 000384/008649 VUs  15s  8649.00 iters/s
