
         /\      Grafana   /‾‾/  
    /\  /  \     |\  __   /  /   
   /  \/    \    | |/ /  /   ‾‾\ 
  /          \   |   (  |  (‾)  |
 / __________ \  |_|\_\  \_____/ 

     execution: local
        script: workflow/spin/k6_open_client.js
        output: -

     scenarios: (100.00%) 1 scenario, 10000 max VUs, 15s max duration (incl. graceful stop):
              * default: 2119.00 iterations/s for 15s (maxVUs: 2119-10000)


running (00.9s), 00206/02119 VUs, 1741 complete and 0 interrupted iterations
default   [   6% ] 00206/02119 VUs  00.9s/15s  2119.00 iters/s

running (01.9s), 00294/02119 VUs, 3773 complete and 0 interrupted iterations
default   [  13% ] 00295/02119 VUs  01.9s/15s  2119.00 iters/s

running (02.9s), 00197/02119 VUs, 5988 complete and 0 interrupted iterations
default   [  19% ] 00197/02119 VUs  02.9s/15s  2119.00 iters/s

running (03.9s), 00287/02119 VUs, 8017 complete and 0 interrupted iterations
default   [  26% ] 00287/02119 VUs  03.9s/15s  2119.00 iters/s

running (04.9s), 00242/02119 VUs, 10181 complete and 0 interrupted iterations
default   [  33% ] 00242/02119 VUs  04.9s/15s  2119.00 iters/s

running (05.9s), 00288/02119 VUs, 12252 complete and 0 interrupted iterations
default   [  39% ] 00288/02119 VUs  05.9s/15s  2119.00 iters/s

running (06.9s), 00188/02119 VUs, 14474 complete and 0 interrupted iterations
default   [  46% ] 00188/02119 VUs  06.9s/15s  2119.00 iters/s

running (07.9s), 00252/02119 VUs, 16528 complete and 0 interrupted iterations
default   [  53% ] 00253/02119 VUs  07.9s/15s  2119.00 iters/s

running (08.9s), 00204/02119 VUs, 18695 complete and 0 interrupted iterations
default   [  59% ] 00204/02119 VUs  08.9s/15s  2119.00 iters/s

running (09.9s), 00290/02119 VUs, 20729 complete and 0 interrupted iterations
default   [  66% ] 00290/02119 VUs  09.9s/15s  2119.00 iters/s

running (10.9s), 00209/02119 VUs, 22930 complete and 0 interrupted iterations
default   [  73% ] 00209/02119 VUs  10.9s/15s  2119.00 iters/s

running (11.9s), 00263/02119 VUs, 24992 complete and 0 interrupted iterations
default   [  79% ] 00263/02119 VUs  11.9s/15s  2119.00 iters/s

running (12.9s), 00197/02119 VUs, 27178 complete and 0 interrupted iterations
default   [  86% ] 00198/02119 VUs  12.9s/15s  2119.00 iters/s

running (13.9s), 00279/02119 VUs, 29213 complete and 0 interrupted iterations
default   [  93% ] 00279/02119 VUs  13.9s/15s  2119.00 iters/s

running (14.9s), 00202/02119 VUs, 31413 complete and 0 interrupted iterations
default   [  99% ] 00202/02119 VUs  14.9s/15s  2119.00 iters/s


  █ TOTAL RESULTS 

    HTTP
    http_req_duration..............: avg=112.97ms min=71.99ms med=112.78ms max=185.2ms p(90)=137.98ms p(95)=142.21ms
      { expected_response:true }...: avg=112.97ms min=71.99ms med=112.78ms max=185.2ms p(90)=137.98ms p(95)=142.21ms
    http_req_failed................: 0.00%  0 out of 31582
    http_reqs......................: 31582  2104.861237/s

    EXECUTION
    iteration_duration.............: avg=113.07ms min=72.09ms med=112.87ms max=187.3ms p(90)=138.07ms p(95)=142.31ms
    iterations.....................: 31582  2104.861237/s
    vus............................: 202    min=189        max=292 
    vus_max........................: 2119   min=2119       max=2119

    NETWORK
    data_received..................: 6.4 MB 427 kB/s
    data_sent......................: 6.1 MB 407 kB/s




running (15.0s), 00000/02119 VUs, 31582 complete and 204 interrupted iterations
default ✓ [ 100% ] 00204/02119 VUs  15s  2119.00 iters/s
