
         /\      Grafana   /‾‾/  
    /\  /  \     |\  __   /  /   
   /  \/    \    | |/ /  /   ‾‾\ 
  /          \   |   (  |  (‾)  |
 / __________ \  |_|\_\  \_____/ 

     execution: local
        script: workflow/spin/k6_open_client.js
        output: -

     scenarios: (100.00%) 1 scenario, 10000 max VUs, 15s max duration (incl. graceful stop):
              * default: 3600.00 iterations/s for 15s (maxVUs: 3600-10000)


running (00.9s), 00299/03600 VUs, 2842 complete and 0 interrupted iterations
default   [   6% ] 00299/03600 VUs  00.9s/15s  3600.00 iters/s

running (01.9s), 00386/03600 VUs, 6355 complete and 0 interrupted iterations
default   [  12% ] 00386/03600 VUs  01.9s/15s  3600.00 iters/s

running (02.9s), 00361/03600 VUs, 9981 complete and 0 interrupted iterations
default   [  19% ] 00361/03600 VUs  02.9s/15s  3600.00 iters/s

running (03.9s), 00355/03600 VUs, 13587 complete and 0 interrupted iterations
default   [  26% ] 00355/03600 VUs  03.9s/15s  3600.00 iters/s

running (04.9s), 00275/03600 VUs, 17268 complete and 0 interrupted iterations
default   [  32% ] 00275/03600 VUs  04.9s/15s  3600.00 iters/s

running (05.9s), 00297/03600 VUs, 20845 complete and 0 interrupted iterations
default   [  39% ] 00297/03600 VUs  05.9s/15s  3600.00 iters/s

running (06.9s), 00261/03600 VUs, 24478 complete and 0 interrupted iterations
default   [  46% ] 00261/03600 VUs  06.9s/15s  3600.00 iters/s

running (07.9s), 00304/03600 VUs, 28037 complete and 0 interrupted iterations
default   [  52% ] 00305/03600 VUs  07.9s/15s  3600.00 iters/s

running (08.9s), 00321/03600 VUs, 31623 complete and 0 interrupted iterations
default   [  59% ] 00321/03600 VUs  08.9s/15s  3600.00 iters/s

running (09.9s), 00350/03600 VUs, 35192 complete and 0 interrupted iterations
default   [  66% ] 00350/03600 VUs  09.9s/15s  3600.00 iters/s

running (10.9s), 00305/03600 VUs, 38837 complete and 0 interrupted iterations
default   [  72% ] 00305/03600 VUs  10.9s/15s  3600.00 iters/s

running (11.9s), 00275/03600 VUs, 42467 complete and 0 interrupted iterations
default   [  79% ] 00275/03600 VUs  11.9s/15s  3600.00 iters/s

running (12.9s), 00319/03600 VUs, 46023 complete and 0 interrupted iterations
default   [  86% ] 00319/03600 VUs  12.9s/15s  3600.00 iters/s

running (13.9s), 00259/03600 VUs, 49683 complete and 0 interrupted iterations
default   [  92% ] 00259/03600 VUs  13.9s/15s  3600.00 iters/s

running (14.9s), 00255/03600 VUs, 53287 complete and 0 interrupted iterations
default   [  99% ] 00255/03600 VUs  14.9s/15s  3600.00 iters/s


  █ TOTAL RESULTS 

    HTTP
    http_req_duration..............: avg=87.38ms min=50.3ms  med=86.73ms max=148.77ms p(90)=100.93ms p(95)=105.86ms
      { expected_response:true }...: avg=87.38ms min=50.3ms  med=86.73ms max=148.77ms p(90)=100.93ms p(95)=105.86ms
    http_req_failed................: 0.00% 0 out of 53722
    http_reqs......................: 53722 3579.985713/s

    EXECUTION
    iteration_duration.............: avg=87.48ms min=50.45ms med=86.84ms max=148.9ms  p(90)=101.04ms p(95)=105.96ms
    iterations.....................: 53722 3579.985713/s
    vus............................: 254   min=254        max=384 
    vus_max........................: 3600  min=3600       max=3600

    NETWORK
    data_received..................: 11 MB 727 kB/s
    data_sent......................: 10 MB 691 kB/s




running (15.0s), 00000/03600 VUs, 53716 complete and 285 interrupted iterations
default ✓ [ 100% ] 00285/03600 VUs  15s  3600.00 iters/s
