
         /\      Grafana   /‾‾/  
    /\  /  \     |\  __   /  /   
   /  \/    \    | |/ /  /   ‾‾\ 
  /          \   |   (  |  (‾)  |
 / __________ \  |_|\_\  \_____/ 

     execution: local
        script: workflow/spin/k6_open_client.js
        output: -

     scenarios: (100.00%) 1 scenario, 10000 max VUs, 15s max duration (incl. graceful stop):
              * default: 1288.00 iterations/s for 15s (maxVUs: 1288-10000)


running (00.9s), 00161/01288 VUs, 1055 complete and 0 interrupted iterations
default   [   6% ] 00161/01288 VUs  00.9s/15s  1288.00 iters/s

running (01.9s), 00179/01288 VUs, 2325 complete and 0 interrupted iterations
default   [  13% ] 00179/01288 VUs  01.9s/15s  1288.00 iters/s

running (02.9s), 00130/01288 VUs, 3662 complete and 0 interrupted iterations
default   [  20% ] 00130/01288 VUs  02.9s/15s  1288.00 iters/s

running (03.9s), 00216/01288 VUs, 4863 complete and 0 interrupted iterations
default   [  26% ] 00216/01288 VUs  03.9s/15s  1288.00 iters/s

running (04.9s), 00157/01288 VUs, 6210 complete and 0 interrupted iterations
default   [  33% ] 00158/01288 VUs  04.9s/15s  1288.00 iters/s

running (05.9s), 00105/01288 VUs, 7551 complete and 0 interrupted iterations
default   [  40% ] 00105/01288 VUs  05.9s/15s  1288.00 iters/s

running (06.9s), 00174/01288 VUs, 8769 complete and 0 interrupted iterations
default   [  46% ] 00174/01288 VUs  06.9s/15s  1288.00 iters/s

running (07.9s), 00111/01288 VUs, 10120 complete and 0 interrupted iterations
default   [  53% ] 00111/01288 VUs  07.9s/15s  1288.00 iters/s

running (08.9s), 00191/01288 VUs, 11328 complete and 0 interrupted iterations
default   [  60% ] 00191/01288 VUs  08.9s/15s  1288.00 iters/s

running (09.9s), 00139/01288 VUs, 12669 complete and 0 interrupted iterations
default   [  66% ] 00139/01288 VUs  09.9s/15s  1288.00 iters/s

running (10.9s), 00197/01288 VUs, 13898 complete and 0 interrupted iterations
default   [  73% ] 00197/01288 VUs  10.9s/15s  1288.00 iters/s

running (11.9s), 00140/01288 VUs, 15244 complete and 0 interrupted iterations
default   [  80% ] 00140/01288 VUs  11.9s/15s  1288.00 iters/s

running (12.9s), 00169/01288 VUs, 16503 complete and 0 interrupted iterations
default   [  86% ] 00169/01288 VUs  12.9s/15s  1288.00 iters/s

running (13.9s), 00169/01288 VUs, 17791 complete and 0 interrupted iterations
default   [  93% ] 00169/01288 VUs  13.9s/15s  1288.00 iters/s

running (14.9s), 00115/01288 VUs, 19132 complete and 0 interrupted iterations
default   [ 100% ] 00115/01288 VUs  14.9s/15s  1288.00 iters/s


  █ TOTAL RESULTS 

    HTTP
    http_req_duration..............: avg=125.29ms min=71.58ms med=125.25ms max=187.1ms  p(90)=161.67ms p(95)=166.26ms
      { expected_response:true }...: avg=125.29ms min=71.58ms med=125.25ms max=187.1ms  p(90)=161.67ms p(95)=166.26ms
    http_req_failed................: 0.00%  0 out of 19132
    http_reqs......................: 19132  1275.227381/s

    EXECUTION
    iteration_duration.............: avg=125.38ms min=71.64ms med=125.35ms max=187.16ms p(90)=161.75ms p(95)=166.34ms
    iterations.....................: 19132  1275.227381/s
    vus............................: 116    min=104        max=217 
    vus_max........................: 1288   min=1288       max=1288

    NETWORK
    data_received..................: 3.9 MB 258 kB/s
    data_sent......................: 3.7 MB 247 kB/s




running (15.0s), 00000/01288 VUs, 19132 complete and 188 interrupted iterations
default ✓ [ 100% ] 00188/01288 VUs  15s  1288.00 iters/s
