
         /\      Grafana   /‾‾/  
    /\  /  \     |\  __   /  /   
   /  \/    \    | |/ /  /   ‾‾\ 
  /          \   |   (  |  (‾)  |
 / __________ \  |_|\_\  \_____/ 

     execution: local
        script: workflow/spin/k6_open_client.js
        output: -

     scenarios: (100.00%) 1 scenario, 10000 max VUs, 15s max duration (incl. graceful stop):
              * default: 3062.00 iterations/s for 15s (maxVUs: 3062-10000)


running (00.9s), 00203/03062 VUs, 2543 complete and 0 interrupted iterations
default   [   6% ] 00203/03062 VUs  00.9s/15s  3062.00 iters/s

running (01.9s), 00176/03062 VUs, 5628 complete and 0 interrupted iterations
default   [  13% ] 00176/03062 VUs  01.9s/15s  3062.00 iters/s

running (02.9s), 00191/03062 VUs, 8679 complete and 0 interrupted iterations
default   [  19% ] 00191/03062 VUs  02.9s/15s  3062.00 iters/s

running (03.9s), 00171/03062 VUs, 11760 complete and 0 interrupted iterations
default   [  26% ] 00171/03062 VUs  03.9s/15s  3062.00 iters/s

running (04.9s), 00126/03062 VUs, 14867 complete and 0 interrupted iterations
default   [  33% ] 00126/03062 VUs  04.9s/15s  3062.00 iters/s

running (05.9s), 00177/03062 VUs, 17878 complete and 0 interrupted iterations
default   [  39% ] 00177/03062 VUs  05.9s/15s  3062.00 iters/s

running (06.9s), 00150/03062 VUs, 20966 complete and 0 interrupted iterations
default   [  46% ] 00151/03062 VUs  06.9s/15s  3062.00 iters/s

running (07.9s), 00142/03062 VUs, 24034 complete and 0 interrupted iterations
default   [  53% ] 00143/03062 VUs  07.9s/15s  3062.00 iters/s

running (08.9s), 00136/03062 VUs, 27105 complete and 0 interrupted iterations
default   [  59% ] 00136/03062 VUs  08.9s/15s  3062.00 iters/s

running (09.9s), 00149/03062 VUs, 30154 complete and 0 interrupted iterations
default   [  66% ] 00149/03062 VUs  09.9s/15s  3062.00 iters/s

running (10.9s), 00145/03062 VUs, 33220 complete and 0 interrupted iterations
default   [  73% ] 00145/03062 VUs  10.9s/15s  3062.00 iters/s

running (11.9s), 00187/03062 VUs, 36240 complete and 0 interrupted iterations
default   [  79% ] 00187/03062 VUs  11.9s/15s  3062.00 iters/s

running (12.9s), 00132/03062 VUs, 39357 complete and 0 interrupted iterations
default   [  86% ] 00132/03062 VUs  12.9s/15s  3062.00 iters/s

running (13.9s), 00120/03062 VUs, 42431 complete and 0 interrupted iterations
default   [  93% ] 00120/03062 VUs  13.9s/15s  3062.00 iters/s

running (14.9s), 00164/03062 VUs, 45449 complete and 0 interrupted iterations
default   [  99% ] 00164/03062 VUs  14.9s/15s  3062.00 iters/s


  █ TOTAL RESULTS 

    HTTP
    http_req_duration..............: avg=51.94ms min=28.82ms med=51.76ms max=102.79ms p(90)=61.64ms p(95)=65.1ms 
      { expected_response:true }...: avg=51.94ms min=28.82ms med=51.76ms max=102.79ms p(90)=61.64ms p(95)=65.1ms 
    http_req_failed................: 0.00%  0 out of 45788
    http_reqs......................: 45788  3051.50068/s

    EXECUTION
    iteration_duration.............: avg=52.04ms min=29.12ms med=51.85ms max=103.09ms p(90)=61.74ms p(95)=65.23ms
    iterations.....................: 45788  3051.50068/s
    vus............................: 165    min=120        max=204 
    vus_max........................: 3062   min=3062       max=3062

    NETWORK
    data_received..................: 9.3 MB 620 kB/s
    data_sent......................: 8.8 MB 587 kB/s




running (15.0s), 00000/03062 VUs, 45783 complete and 148 interrupted iterations
default ✓ [ 100% ] 00148/03062 VUs  15s  3062.00 iters/s
