
         /\      Grafana   /‾‾/  
    /\  /  \     |\  __   /  /   
   /  \/    \    | |/ /  /   ‾‾\ 
  /          \   |   (  |  (‾)  |
 / __________ \  |_|\_\  \_____/ 

     execution: local
        script: workflow/spin/k6_open_client.js
        output: -

     scenarios: (100.00%) 1 scenario, 10000 max VUs, 15s max duration (incl. graceful stop):
              * default: 4664.00 iterations/s for 15s (maxVUs: 4664-10000)


running (00.9s), 00330/04664 VUs, 3659 complete and 0 interrupted iterations
default   [   6% ] 00330/04664 VUs  00.9s/15s  4664.00 iters/s

running (01.9s), 00076/04664 VUs, 8574 complete and 0 interrupted iterations
default   [  12% ] 00076/04664 VUs  01.9s/15s  4664.00 iters/s

running (02.9s), 00075/04664 VUs, 13240 complete and 0 interrupted iterations
default   [  19% ] 00075/04664 VUs  02.9s/15s  4664.00 iters/s

running (03.9s), 00086/04664 VUs, 17892 complete and 0 interrupted iterations
default   [  26% ] 00086/04664 VUs  03.9s/15s  4664.00 iters/s

running (04.9s), 00069/04664 VUs, 22574 complete and 0 interrupted iterations
default   [  32% ] 00069/04664 VUs  04.9s/15s  4664.00 iters/s

running (05.9s), 00039/04664 VUs, 27268 complete and 0 interrupted iterations
default   [  39% ] 00039/04664 VUs  05.9s/15s  4664.00 iters/s

running (06.9s), 00064/04664 VUs, 31906 complete and 0 interrupted iterations
default   [  46% ] 00064/04664 VUs  06.9s/15s  4664.00 iters/s

running (07.9s), 00073/04664 VUs, 36561 complete and 0 interrupted iterations
default   [  52% ] 00073/04664 VUs  07.9s/15s  4664.00 iters/s

running (08.9s), 00078/04664 VUs, 41220 complete and 0 interrupted iterations
default   [  59% ] 00078/04664 VUs  08.9s/15s  4664.00 iters/s

running (09.9s), 00087/04664 VUs, 45875 complete and 0 interrupted iterations
default   [  66% ] 00086/04664 VUs  09.9s/15s  4664.00 iters/s

running (10.9s), 00045/04664 VUs, 50580 complete and 0 interrupted iterations
default   [  72% ] 00045/04664 VUs  10.9s/15s  4664.00 iters/s

running (11.9s), 00049/04664 VUs, 55241 complete and 0 interrupted iterations
default   [  79% ] 00049/04664 VUs  11.9s/15s  4664.00 iters/s

running (12.9s), 00059/04664 VUs, 59895 complete and 0 interrupted iterations
default   [  86% ] 00059/04664 VUs  12.9s/15s  4664.00 iters/s

running (13.9s), 00096/04664 VUs, 64524 complete and 0 interrupted iterations
default   [  92% ] 00096/04664 VUs  13.9s/15s  4664.00 iters/s

running (14.9s), 00110/04664 VUs, 69172 complete and 0 interrupted iterations
default   [  99% ] 00110/04664 VUs  14.9s/15s  4664.00 iters/s


  █ TOTAL RESULTS 

    HTTP
    http_req_duration..............: avg=20.02ms min=4.81ms med=15.21ms max=146.75ms p(90)=27.66ms p(95)=67.2ms 
      { expected_response:true }...: avg=20.02ms min=4.81ms med=15.21ms max=146.75ms p(90)=27.66ms p(95)=67.2ms 
    http_req_failed................: 0.00% 0 out of 69909
    http_reqs......................: 69909 4658.350446/s

    EXECUTION
    iteration_duration.............: avg=20.12ms min=4.86ms med=15.29ms max=146.95ms p(90)=27.75ms p(95)=67.44ms
    iterations.....................: 69909 4658.350446/s
    vus............................: 110   min=39         max=330 
    vus_max........................: 4664  min=4664       max=4664

    NETWORK
    data_received..................: 14 MB 946 kB/s
    data_sent......................: 13 MB 895 kB/s




running (15.0s), 00000/04664 VUs, 69902 complete and 61 interrupted iterations
default ✓ [ 100% ] 00061/04664 VUs  15s  4664.00 iters/s
