
         /\      Grafana   /‾‾/  
    /\  /  \     |\  __   /  /   
   /  \/    \    | |/ /  /   ‾‾\ 
  /          \   |   (  |  (‾)  |
 / __________ \  |_|\_\  \_____/ 

     execution: local
        script: workflow/hotel/k6_open_hotels_client.js
        output: -

     scenarios: (100.00%) 1 scenario, 10000 max VUs, 15s max duration (incl. graceful stop):
              * default: 493.00 iterations/s for 15s (maxVUs: 493-10000)


running (01.0s), 00021/00493 VUs, 458 complete and 0 interrupted iterations
default   [   6% ] 00021/00493 VUs  01.0s/15s  493.00 iters/s

running (02.0s), 00013/00493 VUs, 959 complete and 0 interrupted iterations
default   [  13% ] 00013/00493 VUs  02.0s/15s  493.00 iters/s

running (03.0s), 00016/00493 VUs, 1448 complete and 0 interrupted iterations
default   [  20% ] 00016/00493 VUs  03.0s/15s  493.00 iters/s

running (04.0s), 00020/00493 VUs, 1938 complete and 0 interrupted iterations
default   [  26% ] 00020/00493 VUs  04.0s/15s  493.00 iters/s

running (05.0s), 00014/00493 VUs, 2437 complete and 0 interrupted iterations
default   [  33% ] 00014/00493 VUs  05.0s/15s  493.00 iters/s

running (06.0s), 00014/00493 VUs, 2929 complete and 0 interrupted iterations
default   [  40% ] 00014/00493 VUs  06.0s/15s  493.00 iters/s

running (07.0s), 00014/00493 VUs, 3422 complete and 0 interrupted iterations
default   [  46% ] 00014/00493 VUs  07.0s/15s  493.00 iters/s

running (08.0s), 00021/00493 VUs, 3908 complete and 0 interrupted iterations
default   [  53% ] 00021/00493 VUs  08.0s/15s  493.00 iters/s

running (09.0s), 00010/00493 VUs, 4413 complete and 0 interrupted iterations
default   [  60% ] 00010/00493 VUs  09.0s/15s  493.00 iters/s

running (10.0s), 00017/00493 VUs, 4899 complete and 0 interrupted iterations
default   [  66% ] 00017/00493 VUs  10.0s/15s  493.00 iters/s

running (11.0s), 00011/00493 VUs, 5398 complete and 0 interrupted iterations
default   [  73% ] 00011/00493 VUs  11.0s/15s  493.00 iters/s

running (12.0s), 00016/00493 VUs, 5886 complete and 0 interrupted iterations
default   [  80% ] 00016/00493 VUs  12.0s/15s  493.00 iters/s

running (13.0s), 00020/00493 VUs, 6375 complete and 0 interrupted iterations
default   [  86% ] 00019/00493 VUs  13.0s/15s  493.00 iters/s

running (14.0s), 00011/00493 VUs, 6877 complete and 0 interrupted iterations
default   [  93% ] 00011/00493 VUs  14.0s/15s  493.00 iters/s

running (15.0s), 00014/00493 VUs, 7367 complete and 0 interrupted iterations
default   [ 100% ] 00014/00493 VUs  15.0s/15s  493.00 iters/s


  █ TOTAL RESULTS 

    HTTP
    http_req_duration..............: avg=29.42ms min=12.35ms med=29.55ms max=58.74ms p(90)=41.15ms p(95)=42.72ms
      { expected_response:true }...: avg=29.42ms min=12.35ms med=29.55ms max=58.74ms p(90)=41.15ms p(95)=42.72ms
    http_req_failed................: 0.00%  0 out of 7383
    http_reqs......................: 7383   492.157356/s

    EXECUTION
    iteration_duration.............: avg=29.54ms min=12.55ms med=29.66ms max=58.85ms p(90)=41.25ms p(95)=42.84ms
    iterations.....................: 7383   492.157356/s
    vus............................: 13     min=10        max=21 
    vus_max........................: 493    min=493       max=493

    NETWORK
    data_received..................: 2.1 MB 140 kB/s
    data_sent......................: 2.4 MB 162 kB/s




running (15.0s), 00000/00493 VUs, 7383 complete and 12 interrupted iterations
default ✓ [ 100% ] 00012/00493 VUs  15s  493.00 iters/s
