
         /\      Grafana   /‾‾/  
    /\  /  \     |\  __   /  /   
   /  \/    \    | |/ /  /   ‾‾\ 
  /          \   |   (  |  (‾)  |
 / __________ \  |_|\_\  \_____/ 

     execution: local
        script: workflow/media/k6_open_review_compose.js
        output: -

     scenarios: (100.00%) 1 scenario, 10000 max VUs, 10s max duration (incl. graceful stop):
              * default: 358.00 iterations/s for 10s (maxVUs: 358-10000)


running (01.0s), 00038/00358 VUs, 313 complete and 0 interrupted iterations
default   [  10% ] 00038/00358 VUs  01.0s/10s  358.00 iters/s

running (02.0s), 00068/00358 VUs, 641 complete and 0 interrupted iterations
default   [  20% ] 00068/00358 VUs  02.0s/10s  358.00 iters/s

running (03.0s), 00090/00358 VUs, 977 complete and 0 interrupted iterations
default   [  30% ] 00090/00358 VUs  03.0s/10s  358.00 iters/s

running (04.0s), 00121/00358 VUs, 1304 complete and 0 interrupted iterations
default   [  40% ] 00120/00358 VUs  04.0s/10s  358.00 iters/s

running (05.0s), 00148/00358 VUs, 1635 complete and 0 interrupted iterations
default   [  50% ] 00148/00358 VUs  05.0s/10s  358.00 iters/s

running (06.0s), 00168/00358 VUs, 1973 complete and 0 interrupted iterations
default   [  60% ] 00168/00358 VUs  06.0s/10s  358.00 iters/s

running (07.0s), 00191/00358 VUs, 2308 complete and 0 interrupted iterations
default   [  70% ] 00191/00358 VUs  07.0s/10s  358.00 iters/s

running (08.0s), 00216/00358 VUs, 2641 complete and 0 interrupted iterations
default   [  80% ] 00216/00358 VUs  08.0s/10s  358.00 iters/s

running (09.0s), 00235/00358 VUs, 2980 complete and 0 interrupted iterations
default   [  90% ] 00235/00358 VUs  09.0s/10s  358.00 iters/s

running (10.0s), 00255/00358 VUs, 3318 complete and 0 interrupted iterations
default   [ 100% ] 00255/00358 VUs  10.0s/10s  358.00 iters/s


  █ TOTAL RESULTS 

    HTTP
    http_req_duration..............: avg=395.82ms min=7.18ms med=415.51ms max=713.05ms p(90)=655.09ms p(95)=681.37ms
      { expected_response:true }...: avg=395.82ms min=7.18ms med=415.51ms max=713.05ms p(90)=655.09ms p(95)=681.37ms
    http_req_failed................: 0.00%  0 out of 3325
    http_reqs......................: 3325   332.427976/s

    EXECUTION
    iteration_duration.............: avg=395.95ms min=7.82ms med=415.63ms max=713.15ms p(90)=655.19ms p(95)=681.5ms 
    iterations.....................: 3325   332.427976/s
    vus............................: 255    min=38        max=255
    vus_max........................: 358    min=358       max=358

    NETWORK
    data_received..................: 764 kB 76 kB/s
    data_sent......................: 2.0 MB 199 kB/s




running (10.0s), 00000/00358 VUs, 3325 complete and 256 interrupted iterations
default ✓ [ 100% ] 00256/00358 VUs  10s  358.00 iters/s
