
         /\      Grafana   /‾‾/  
    /\  /  \     |\  __   /  /   
   /  \/    \    | |/ /  /   ‾‾\ 
  /          \   |   (  |  (‾)  |
 / __________ \  |_|\_\  \_____/ 

     execution: local
        script: workflow/spin/k6_open_client.js
        output: -

     scenarios: (100.00%) 1 scenario, 10000 max VUs, 15s max duration (incl. graceful stop):
              * default: 2464.00 iterations/s for 15s (maxVUs: 2464-10000)


running (00.9s), 00472/02464 VUs, 1792 complete and 0 interrupted iterations
default   [   6% ] 00472/02464 VUs  00.9s/15s  2464.00 iters/s

running (01.9s), 00376/02464 VUs, 4352 complete and 0 interrupted iterations
default   [  13% ] 00376/02464 VUs  01.9s/15s  2464.00 iters/s

running (02.9s), 00319/02464 VUs, 6872 complete and 0 interrupted iterations
default   [  19% ] 00319/02464 VUs  02.9s/15s  2464.00 iters/s

running (03.9s), 00441/02464 VUs, 9216 complete and 0 interrupted iterations
default   [  26% ] 00441/02464 VUs  03.9s/15s  2464.00 iters/s

running (04.9s), 00344/02464 VUs, 11776 complete and 0 interrupted iterations
default   [  33% ] 00344/02464 VUs  04.9s/15s  2464.00 iters/s

running (05.9s), 00472/02464 VUs, 14111 complete and 0 interrupted iterations
default   [  39% ] 00471/02464 VUs  05.9s/15s  2464.00 iters/s

running (06.9s), 00406/02464 VUs, 16640 complete and 0 interrupted iterations
default   [  46% ] 00406/02464 VUs  06.9s/15s  2464.00 iters/s

running (07.9s), 00429/02464 VUs, 19082 complete and 0 interrupted iterations
default   [  53% ] 00429/02464 VUs  07.9s/15s  2464.00 iters/s

running (08.9s), 00472/02464 VUs, 21504 complete and 0 interrupted iterations
default   [  59% ] 00472/02464 VUs  08.9s/15s  2464.00 iters/s

running (09.9s), 00388/02464 VUs, 24052 complete and 0 interrupted iterations
default   [  66% ] 00388/02464 VUs  09.9s/15s  2464.00 iters/s

running (10.9s), 00385/02464 VUs, 26520 complete and 0 interrupted iterations
default   [  73% ] 00385/02464 VUs  10.9s/15s  2464.00 iters/s

running (11.9s), 00452/02464 VUs, 28916 complete and 0 interrupted iterations
default   [  79% ] 00452/02464 VUs  11.9s/15s  2464.00 iters/s

running (12.9s), 00381/02464 VUs, 31451 complete and 0 interrupted iterations
default   [  86% ] 00381/02464 VUs  12.9s/15s  2464.00 iters/s

running (13.9s), 00363/02464 VUs, 33932 complete and 0 interrupted iterations
default   [  93% ] 00363/02464 VUs  13.9s/15s  2464.00 iters/s

running (14.9s), 00446/02464 VUs, 36315 complete and 0 interrupted iterations
default   [  99% ] 00446/02464 VUs  14.9s/15s  2464.00 iters/s


  █ TOTAL RESULTS 

    HTTP
    http_req_duration..............: avg=167.79ms min=118.81ms med=167.37ms max=217.76ms p(90)=194.77ms p(95)=198.94ms
      { expected_response:true }...: avg=167.79ms min=118.81ms med=167.37ms max=217.76ms p(90)=194.77ms p(95)=198.94ms
    http_req_failed................: 0.00%  0 out of 36571
    http_reqs......................: 36571  2437.15979/s

    EXECUTION
    iteration_duration.............: avg=167.88ms min=118.89ms med=167.48ms max=218.03ms p(90)=194.87ms p(95)=199.04ms
    iterations.....................: 36571  2437.15979/s
    vus............................: 443    min=319        max=471 
    vus_max........................: 2464   min=2464       max=2464

    NETWORK
    data_received..................: 7.4 MB 495 kB/s
    data_sent......................: 7.1 MB 473 kB/s




running (15.0s), 00000/02464 VUs, 36571 complete and 390 interrupted iterations
default ✓ [ 100% ] 00390/02464 VUs  15s  2464.00 iters/s
