
         /\      Grafana   /‾‾/  
    /\  /  \     |\  __   /  /   
   /  \/    \    | |/ /  /   ‾‾\ 
  /          \   |   (  |  (‾)  |
 / __________ \  |_|\_\  \_____/ 

     execution: local
        script: workflow/response/k6_open_client.js
        output: -

     scenarios: (100.00%) 1 scenario, 10000 max VUs, 15s max duration (incl. graceful stop):
              * default: 3230.00 iterations/s for 15s (maxVUs: 3230-10000)


running (00.9s), 00209/03230 VUs, 2689 complete and 0 interrupted iterations
default   [   6% ] 00209/03230 VUs  00.9s/15s  3230.00 iters/s

running (01.9s), 00182/03230 VUs, 5946 complete and 0 interrupted iterations
default   [  13% ] 00182/03230 VUs  01.9s/15s  3230.00 iters/s

running (02.9s), 00233/03230 VUs, 9124 complete and 0 interrupted iterations
default   [  19% ] 00233/03230 VUs  02.9s/15s  3230.00 iters/s

running (03.9s), 00184/03230 VUs, 12404 complete and 0 interrupted iterations
default   [  26% ] 00184/03230 VUs  03.9s/15s  3230.00 iters/s

running (04.9s), 00202/03230 VUs, 15616 complete and 0 interrupted iterations
default   [  33% ] 00202/03230 VUs  04.9s/15s  3230.00 iters/s

running (05.9s), 00181/03230 VUs, 18869 complete and 0 interrupted iterations
default   [  39% ] 00181/03230 VUs  05.9s/15s  3230.00 iters/s

running (06.9s), 00231/03230 VUs, 22046 complete and 0 interrupted iterations
default   [  46% ] 00232/03230 VUs  06.9s/15s  3230.00 iters/s

running (07.9s), 00206/03230 VUs, 25304 complete and 0 interrupted iterations
default   [  53% ] 00206/03230 VUs  07.9s/15s  3230.00 iters/s

running (08.9s), 00165/03230 VUs, 28574 complete and 0 interrupted iterations
default   [  59% ] 00165/03230 VUs  08.9s/15s  3230.00 iters/s

running (09.9s), 00167/03230 VUs, 31799 complete and 0 interrupted iterations
default   [  66% ] 00169/03230 VUs  09.9s/15s  3230.00 iters/s

running (10.9s), 00260/03230 VUs, 34942 complete and 0 interrupted iterations
default   [  73% ] 00260/03230 VUs  10.9s/15s  3230.00 iters/s

running (11.9s), 00214/03230 VUs, 38216 complete and 0 interrupted iterations
default   [  79% ] 00214/03230 VUs  11.9s/15s  3230.00 iters/s

running (12.9s), 00179/03230 VUs, 41479 complete and 0 interrupted iterations
default   [  86% ] 00179/03230 VUs  12.9s/15s  3230.00 iters/s

running (13.9s), 00221/03230 VUs, 44665 complete and 0 interrupted iterations
default   [  93% ] 00221/03230 VUs  13.9s/15s  3230.00 iters/s

running (14.9s), 00219/03230 VUs, 47901 complete and 0 interrupted iterations
default   [  99% ] 00218/03230 VUs  14.9s/15s  3230.00 iters/s


  █ TOTAL RESULTS 

    HTTP
    http_req_duration..............: avg=63.55ms min=40.96ms med=63.1ms  max=102.5ms  p(90)=75.05ms p(95)=79.1ms 
      { expected_response:true }...: avg=63.55ms min=40.96ms med=63.1ms  max=102.5ms  p(90)=75.05ms p(95)=79.1ms 
    http_req_failed................: 0.00%  0 out of 48238
    http_reqs......................: 48238  3214.723475/s

    EXECUTION
    iteration_duration.............: avg=63.65ms min=41.03ms med=63.19ms max=102.58ms p(90)=75.16ms p(95)=79.22ms
    iterations.....................: 48238  3214.723475/s
    vus............................: 219    min=165        max=260 
    vus_max........................: 3230   min=3230       max=3230

    NETWORK
    data_received..................: 9.8 MB 653 kB/s
    data_sent......................: 9.5 MB 633 kB/s




running (15.0s), 00000/03230 VUs, 48228 complete and 223 interrupted iterations
default ✓ [ 100% ] 00223/03230 VUs  15s  3230.00 iters/s
