
         /\      Grafana   /‾‾/  
    /\  /  \     |\  __   /  /   
   /  \/    \    | |/ /  /   ‾‾\ 
  /          \   |   (  |  (‾)  |
 / __________ \  |_|\_\  \_____/ 

     execution: local
        script: workflow/spin/k6_open_client.js
        output: -

     scenarios: (100.00%) 1 scenario, 10000 max VUs, 15s max duration (incl. graceful stop):
              * default: 1185.00 iterations/s for 15s (maxVUs: 1185-10000)


running (01.0s), 00046/01185 VUs, 1082 complete and 0 interrupted iterations
default   [   6% ] 00047/01185 VUs  01.0s/15s  1185.00 iters/s

running (02.0s), 00032/01185 VUs, 2281 complete and 0 interrupted iterations
default   [  13% ] 00032/01185 VUs  02.0s/15s  1185.00 iters/s

running (03.0s), 00054/01185 VUs, 3444 complete and 0 interrupted iterations
default   [  20% ] 00054/01185 VUs  03.0s/15s  1185.00 iters/s

running (04.0s), 00033/01185 VUs, 4651 complete and 0 interrupted iterations
default   [  26% ] 00033/01185 VUs  04.0s/15s  1185.00 iters/s

running (05.0s), 00041/01185 VUs, 5827 complete and 0 interrupted iterations
default   [  33% ] 00041/01185 VUs  05.0s/15s  1185.00 iters/s

running (06.0s), 00029/01185 VUs, 7025 complete and 0 interrupted iterations
default   [  40% ] 00029/01185 VUs  06.0s/15s  1185.00 iters/s

running (07.0s), 00055/01185 VUs, 8182 complete and 0 interrupted iterations
default   [  46% ] 00055/01185 VUs  07.0s/15s  1185.00 iters/s

running (08.0s), 00045/01185 VUs, 9378 complete and 0 interrupted iterations
default   [  53% ] 00045/01185 VUs  08.0s/15s  1185.00 iters/s

running (09.0s), 00060/01185 VUs, 10549 complete and 0 interrupted iterations
default   [  60% ] 00060/01185 VUs  09.0s/15s  1185.00 iters/s

running (10.0s), 00047/01185 VUs, 11747 complete and 0 interrupted iterations
default   [  66% ] 00047/01185 VUs  10.0s/15s  1185.00 iters/s

running (11.0s), 00031/01185 VUs, 12947 complete and 0 interrupted iterations
default   [  73% ] 00031/01185 VUs  11.0s/15s  1185.00 iters/s

running (12.0s), 00052/01185 VUs, 14110 complete and 0 interrupted iterations
default   [  80% ] 00052/01185 VUs  12.0s/15s  1185.00 iters/s

running (13.0s), 00040/01185 VUs, 15309 complete and 0 interrupted iterations
default   [  86% ] 00040/01185 VUs  13.0s/15s  1185.00 iters/s

running (14.0s), 00032/01185 VUs, 16501 complete and 0 interrupted iterations
default   [  93% ] 00032/01185 VUs  14.0s/15s  1185.00 iters/s

running (15.0s), 00041/01185 VUs, 17678 complete and 0 interrupted iterations
default   [ 100% ] 00041/01185 VUs  15.0s/15s  1185.00 iters/s


  █ TOTAL RESULTS 

    HTTP
    http_req_duration..............: avg=37.98ms min=21.57ms med=37.93ms max=64.61ms p(90)=49.09ms p(95)=50.6ms 
      { expected_response:true }...: avg=37.98ms min=21.57ms med=37.93ms max=64.61ms p(90)=49.09ms p(95)=50.6ms 
    http_req_failed................: 0.00%  0 out of 17714
    http_reqs......................: 17714  1180.746233/s

    EXECUTION
    iteration_duration.............: avg=38.07ms min=21.64ms med=38.02ms max=64.91ms p(90)=49.19ms p(95)=50.68ms
    iterations.....................: 17714  1180.746233/s
    vus............................: 41     min=27         max=60  
    vus_max........................: 1185   min=1185       max=1185

    NETWORK
    data_received..................: 3.6 MB 240 kB/s
    data_sent......................: 3.4 MB 227 kB/s




running (15.0s), 00000/01185 VUs, 17714 complete and 62 interrupted iterations
default ✓ [ 100% ] 00062/01185 VUs  15s  1185.00 iters/s
