
         /\      Grafana   /‾‾/  
    /\  /  \     |\  __   /  /   
   /  \/    \    | |/ /  /   ‾‾\ 
  /          \   |   (  |  (‾)  |
 / __________ \  |_|\_\  \_____/ 

     execution: local
        script: workflow/spin/k6_open_client.js
        output: -

     scenarios: (100.00%) 1 scenario, 10000 max VUs, 15s max duration (incl. graceful stop):
              * default: 548.00 iterations/s for 15s (maxVUs: 548-10000)


running (01.0s), 00021/00548 VUs, 514 complete and 0 interrupted iterations
default   [   7% ] 00021/00548 VUs  01.0s/15s  548.00 iters/s

running (02.0s), 00013/00548 VUs, 1070 complete and 0 interrupted iterations
default   [  13% ] 00013/00548 VUs  02.0s/15s  548.00 iters/s

running (03.0s), 00018/00548 VUs, 1613 complete and 0 interrupted iterations
default   [  20% ] 00018/00548 VUs  03.0s/15s  548.00 iters/s

running (04.0s), 00020/00548 VUs, 2159 complete and 0 interrupted iterations
default   [  26% ] 00020/00548 VUs  04.0s/15s  548.00 iters/s

running (05.0s), 00021/00548 VUs, 2706 complete and 0 interrupted iterations
default   [  33% ] 00021/00548 VUs  05.0s/15s  548.00 iters/s

running (06.0s), 00016/00548 VUs, 3259 complete and 0 interrupted iterations
default   [  40% ] 00016/00548 VUs  06.0s/15s  548.00 iters/s

running (07.0s), 00006/00548 VUs, 3817 complete and 0 interrupted iterations
default   [  47% ] 00006/00548 VUs  07.0s/15s  548.00 iters/s

running (08.0s), 00009/00548 VUs, 4362 complete and 0 interrupted iterations
default   [  53% ] 00009/00548 VUs  08.0s/15s  548.00 iters/s

running (09.0s), 00012/00548 VUs, 4907 complete and 0 interrupted iterations
default   [  60% ] 00012/00548 VUs  09.0s/15s  548.00 iters/s

running (10.0s), 00015/00548 VUs, 5452 complete and 0 interrupted iterations
default   [  67% ] 00015/00548 VUs  10.0s/15s  548.00 iters/s

running (11.0s), 00017/00548 VUs, 5998 complete and 0 interrupted iterations
default   [  73% ] 00017/00548 VUs  11.0s/15s  548.00 iters/s

running (12.0s), 00016/00548 VUs, 6547 complete and 0 interrupted iterations
default   [  80% ] 00016/00548 VUs  12.0s/15s  548.00 iters/s

running (13.0s), 00019/00548 VUs, 7092 complete and 0 interrupted iterations
default   [  87% ] 00019/00548 VUs  13.0s/15s  548.00 iters/s

running (14.0s), 00021/00548 VUs, 7638 complete and 0 interrupted iterations
default   [  93% ] 00021/00548 VUs  14.0s/15s  548.00 iters/s

running (15.0s), 00018/00548 VUs, 8189 complete and 0 interrupted iterations
default   [ 100% ] 00018/00548 VUs  15.0s/15s  548.00 iters/s


  █ TOTAL RESULTS 

    HTTP
    http_req_duration..............: avg=26.79ms min=10.39ms med=26.75ms max=48.59ms p(90)=38.8ms  p(95)=40.21ms
      { expected_response:true }...: avg=26.79ms min=10.39ms med=26.75ms max=48.59ms p(90)=38.8ms  p(95)=40.21ms
    http_req_failed................: 0.00%  0 out of 8201
    http_reqs......................: 8201   546.666709/s

    EXECUTION
    iteration_duration.............: avg=26.88ms min=10.47ms med=26.84ms max=48.69ms p(90)=38.89ms p(95)=40.29ms
    iterations.....................: 8201   546.666709/s
    vus............................: 18     min=6         max=21 
    vus_max........................: 548    min=548       max=548

    NETWORK
    data_received..................: 1.7 MB 110 kB/s
    data_sent......................: 1.6 MB 105 kB/s




running (15.0s), 00000/00548 VUs, 8201 complete and 19 interrupted iterations
default ✓ [ 100% ] 00019/00548 VUs  15s  548.00 iters/s
