
         /\      Grafana   /‾‾/  
    /\  /  \     |\  __   /  /   
   /  \/    \    | |/ /  /   ‾‾\ 
  /          \   |   (  |  (‾)  |
 / __________ \  |_|\_\  \_____/ 

     execution: local
        script: workflow/online_boutique/k6_open_product_page.js
        output: -

     scenarios: (100.00%) 1 scenario, 10000 max VUs, 15s max duration (incl. graceful stop):
              * default: 499.00 iterations/s for 15s (maxVUs: 499-10000)


running (01.0s), 00100/00499 VUs, 384 complete and 0 interrupted iterations
default   [   6% ] 00100/00499 VUs  01.0s/15s  499.00 iters/s

running (02.0s), 00144/00499 VUs, 839 complete and 0 interrupted iterations
default   [  13% ] 00144/00499 VUs  02.0s/15s  499.00 iters/s

running (03.0s), 00111/00499 VUs, 1370 complete and 0 interrupted iterations
default   [  20% ] 00111/00499 VUs  03.0s/15s  499.00 iters/s

running (04.0s), 00154/00499 VUs, 1826 complete and 0 interrupted iterations
default   [  26% ] 00155/00499 VUs  04.0s/15s  499.00 iters/s

running (05.0s), 00122/00499 VUs, 2357 complete and 0 interrupted iterations
default   [  33% ] 00122/00499 VUs  05.0s/15s  499.00 iters/s

running (06.0s), 00166/00499 VUs, 2812 complete and 0 interrupted iterations
default   [  40% ] 00166/00499 VUs  06.0s/15s  499.00 iters/s

running (07.0s), 00134/00499 VUs, 3344 complete and 0 interrupted iterations
default   [  46% ] 00134/00499 VUs  07.0s/15s  499.00 iters/s

running (08.0s), 00099/00499 VUs, 3877 complete and 0 interrupted iterations
default   [  53% ] 00099/00499 VUs  08.0s/15s  499.00 iters/s

running (09.0s), 00144/00499 VUs, 4331 complete and 0 interrupted iterations
default   [  60% ] 00144/00499 VUs  09.0s/15s  499.00 iters/s

running (10.0s), 00113/00499 VUs, 4862 complete and 0 interrupted iterations
default   [  66% ] 00113/00499 VUs  10.0s/15s  499.00 iters/s

running (11.0s), 00157/00499 VUs, 5317 complete and 0 interrupted iterations
default   [  73% ] 00157/00499 VUs  11.0s/15s  499.00 iters/s

running (12.0s), 00126/00499 VUs, 5847 complete and 0 interrupted iterations
default   [  80% ] 00126/00499 VUs  12.0s/15s  499.00 iters/s

running (13.0s), 00093/00499 VUs, 6378 complete and 0 interrupted iterations
default   [  86% ] 00093/00499 VUs  13.0s/15s  499.00 iters/s

running (14.0s), 00138/00499 VUs, 6833 complete and 0 interrupted iterations
default   [  93% ] 00138/00499 VUs  14.0s/15s  499.00 iters/s

running (15.0s), 00105/00499 VUs, 7365 complete and 0 interrupted iterations
default   [ 100% ] 00105/00499 VUs  15.0s/15s  499.00 iters/s


  █ TOTAL RESULTS 

    CUSTOM
    online_boutique_application_errors........: 0.00%  0 out of 7365
    online_boutique_recommendation_winner_1...: 4369   291.220762/s
    online_boutique_recommendation_winner_2...: 264    17.597226/s
    online_boutique_recommendation_winner_3...: 2732   182.104629/s

    HTTP
    http_req_duration.........................: avg=250.4ms  min=161.9ms  med=250.24ms max=347.37ms p(90)=305.57ms p(95)=314.76ms
      { expected_response:true }..............: avg=250.4ms  min=161.9ms  med=250.24ms max=347.37ms p(90)=305.57ms p(95)=314.76ms
    http_req_failed...........................: 0.00%  0 out of 7365
    http_reqs.................................: 7365   490.922617/s

    EXECUTION
    iteration_duration........................: avg=250.61ms min=162.09ms med=250.42ms max=347.54ms p(90)=305.78ms p(95)=314.99ms
    iterations................................: 7365   490.922617/s
    vus.......................................: 105    min=94        max=166
    vus_max...................................: 499    min=499       max=499

    NETWORK
    data_received.............................: 13 MB  884 kB/s
    data_sent.................................: 2.1 MB 139 kB/s




running (15.0s), 00000/00499 VUs, 7365 complete and 120 interrupted iterations
default ✓ [ 100% ] 00120/00499 VUs  15s  499.00 iters/s
