
         /\      Grafana   /‾‾/  
    /\  /  \     |\  __   /  /   
   /  \/    \    | |/ /  /   ‾‾\ 
  /          \   |   (  |  (‾)  |
 / __________ \  |_|\_\  \_____/ 

     execution: local
        script: workflow/hotel/k6_open_recommendations_client.js
        output: -

     scenarios: (100.00%) 1 scenario, 10000 max VUs, 15s max duration (incl. graceful stop):
              * default: 5699.00 iterations/s for 15s (maxVUs: 5699-10000)


running (00.8s), 00734/05699 VUs, 3956 complete and 0 interrupted iterations
default   [   5% ] 00734/05699 VUs  00.8s/15s  5699.00 iters/s

running (01.8s), 00084/05699 VUs, 10305 complete and 0 interrupted iterations
default   [  12% ] 00084/05699 VUs  01.8s/15s  5699.00 iters/s

running (02.8s), 00036/05699 VUs, 16052 complete and 0 interrupted iterations
default   [  19% ] 00036/05699 VUs  02.8s/15s  5699.00 iters/s

running (03.8s), 00012/05699 VUs, 21775 complete and 0 interrupted iterations
default   [  25% ] 00012/05699 VUs  03.8s/15s  5699.00 iters/s

running (04.8s), 00008/05699 VUs, 27477 complete and 0 interrupted iterations
default   [  32% ] 00009/05699 VUs  04.8s/15s  5699.00 iters/s

running (05.8s), 00128/05699 VUs, 33058 complete and 0 interrupted iterations
default   [  39% ] 00128/05699 VUs  05.8s/15s  5699.00 iters/s

running (06.8s), 00025/05699 VUs, 38859 complete and 0 interrupted iterations
default   [  45% ] 00025/05699 VUs  06.8s/15s  5699.00 iters/s

running (07.8s), 00010/05699 VUs, 44572 complete and 0 interrupted iterations
default   [  52% ] 00010/05699 VUs  07.8s/15s  5699.00 iters/s

running (08.8s), 00031/05699 VUs, 50251 complete and 0 interrupted iterations
default   [  59% ] 00031/05699 VUs  08.8s/15s  5699.00 iters/s

running (09.8s), 00043/05699 VUs, 55938 complete and 0 interrupted iterations
default   [  65% ] 00043/05699 VUs  09.8s/15s  5699.00 iters/s

running (10.8s), 00016/05699 VUs, 61664 complete and 0 interrupted iterations
default   [  72% ] 00016/05699 VUs  10.8s/15s  5699.00 iters/s

running (11.8s), 00075/05699 VUs, 67304 complete and 0 interrupted iterations
default   [  79% ] 00075/05699 VUs  11.8s/15s  5699.00 iters/s

running (12.8s), 00074/05699 VUs, 73004 complete and 0 interrupted iterations
default   [  85% ] 00074/05699 VUs  12.8s/15s  5699.00 iters/s

running (13.8s), 00010/05699 VUs, 78768 complete and 0 interrupted iterations
default   [  92% ] 00010/05699 VUs  13.8s/15s  5699.00 iters/s

running (14.8s), 00012/05699 VUs, 84464 complete and 0 interrupted iterations
default   [  99% ] 00012/05699 VUs  14.8s/15s  5699.00 iters/s


  █ TOTAL RESULTS 

    HTTP
    http_req_duration..............: avg=15.2ms  min=939.4µs med=3.23ms max=262.29ms p(90)=44.17ms p(95)=115.75ms
      { expected_response:true }...: avg=15.2ms  min=939.4µs med=3.23ms max=262.29ms p(90)=44.17ms p(95)=115.75ms
    http_req_failed................: 0.00% 0 out of 85453
    http_reqs......................: 85453 5693.729157/s

    EXECUTION
    iteration_duration.............: avg=15.33ms min=1.01ms  med=3.34ms max=262.69ms p(90)=44.3ms  p(95)=116.19ms
    iterations.....................: 85453 5693.729157/s
    vus............................: 13    min=8          max=734 
    vus_max........................: 5699  min=5699       max=5699

    NETWORK
    data_received..................: 46 MB 3.0 MB/s
    data_sent......................: 24 MB 1.6 MB/s




running (15.0s), 00000/05699 VUs, 85451 complete and 35 interrupted iterations
default ✓ [ 100% ] 00035/05699 VUs  15s  5699.00 iters/s
