
         /\      Grafana   /‾‾/  
    /\  /  \     |\  __   /  /   
   /  \/    \    | |/ /  /   ‾‾\ 
  /          \   |   (  |  (‾)  |
 / __________ \  |_|\_\  \_____/ 

     execution: local
        script: workflow/spin/k6_open_client.js
        output: -

     scenarios: (100.00%) 1 scenario, 10000 max VUs, 15s max duration (incl. graceful stop):
              * default: 2070.00 iterations/s for 15s (maxVUs: 2070-10000)


running (00.9s), 00090/02070 VUs, 1827 complete and 0 interrupted iterations
default   [   6% ] 00090/02070 VUs  00.9s/15s  2070.00 iters/s

running (01.9s), 00168/02070 VUs, 3819 complete and 0 interrupted iterations
default   [  13% ] 00168/02070 VUs  01.9s/15s  2070.00 iters/s

running (02.9s), 00131/02070 VUs, 5928 complete and 0 interrupted iterations
default   [  20% ] 00131/02070 VUs  02.9s/15s  2070.00 iters/s

running (03.9s), 00099/02070 VUs, 8028 complete and 0 interrupted iterations
default   [  26% ] 00099/02070 VUs  03.9s/15s  2070.00 iters/s

running (04.9s), 00163/02070 VUs, 10034 complete and 0 interrupted iterations
default   [  33% ] 00163/02070 VUs  04.9s/15s  2070.00 iters/s

running (05.9s), 00126/02070 VUs, 12141 complete and 0 interrupted iterations
default   [  40% ] 00126/02070 VUs  05.9s/15s  2070.00 iters/s

running (06.9s), 00131/02070 VUs, 14206 complete and 0 interrupted iterations
default   [  46% ] 00131/02070 VUs  06.9s/15s  2070.00 iters/s

running (07.9s), 00134/02070 VUs, 16273 complete and 0 interrupted iterations
default   [  53% ] 00134/02070 VUs  07.9s/15s  2070.00 iters/s

running (08.9s), 00083/02070 VUs, 18394 complete and 0 interrupted iterations
default   [  60% ] 00083/02070 VUs  08.9s/15s  2070.00 iters/s

running (09.9s), 00154/02070 VUs, 20395 complete and 0 interrupted iterations
default   [  66% ] 00154/02070 VUs  09.9s/15s  2070.00 iters/s

running (10.9s), 00102/02070 VUs, 22514 complete and 0 interrupted iterations
default   [  73% ] 00102/02070 VUs  10.9s/15s  2070.00 iters/s

running (11.9s), 00135/02070 VUs, 24552 complete and 0 interrupted iterations
default   [  80% ] 00135/02070 VUs  11.9s/15s  2070.00 iters/s

running (12.9s), 00178/02070 VUs, 26579 complete and 0 interrupted iterations
default   [  86% ] 00178/02070 VUs  12.9s/15s  2070.00 iters/s

running (13.9s), 00149/02070 VUs, 28678 complete and 0 interrupted iterations
default   [  93% ] 00149/02070 VUs  13.9s/15s  2070.00 iters/s

running (14.9s), 00083/02070 VUs, 30814 complete and 0 interrupted iterations
default   [ 100% ] 00084/02070 VUs  14.9s/15s  2070.00 iters/s


  █ TOTAL RESULTS 

    HTTP
    http_req_duration..............: avg=63.14ms min=35.91ms med=63.1ms  max=101.8ms  p(90)=80.3ms  p(95)=83.17ms
      { expected_response:true }...: avg=63.14ms min=35.91ms med=63.1ms  max=101.8ms  p(90)=80.3ms  p(95)=83.17ms
    http_req_failed................: 0.00%  0 out of 30924
    http_reqs......................: 30924  2061.053444/s

    EXECUTION
    iteration_duration.............: avg=63.23ms min=35.98ms med=63.19ms max=101.87ms p(90)=80.38ms p(95)=83.25ms
    iterations.....................: 30924  2061.053444/s
    vus............................: 83     min=82         max=177 
    vus_max........................: 2070   min=2070       max=2070

    NETWORK
    data_received..................: 6.3 MB 418 kB/s
    data_sent......................: 6.0 MB 397 kB/s




running (15.0s), 00000/02070 VUs, 30924 complete and 128 interrupted iterations
default ✓ [ 100% ] 00128/02070 VUs  15s  2070.00 iters/s
