
         /\      Grafana   /‾‾/  
    /\  /  \     |\  __   /  /   
   /  \/    \    | |/ /  /   ‾‾\ 
  /          \   |   (  |  (‾)  |
 / __________ \  |_|\_\  \_____/ 

     execution: local
        script: workflow/response/k6_open_client.js
        output: -

     scenarios: (100.00%) 1 scenario, 10000 max VUs, 15s max duration (incl. graceful stop):
              * default: 3788.00 iterations/s for 15s (maxVUs: 3788-10000)


running (00.9s), 00464/03788 VUs, 2818 complete and 0 interrupted iterations
default   [   6% ] 00464/03788 VUs  00.9s/15s  3788.00 iters/s

running (01.9s), 00594/03788 VUs, 6476 complete and 0 interrupted iterations
default   [  12% ] 00594/03788 VUs  01.9s/15s  3788.00 iters/s

running (02.9s), 00668/03788 VUs, 10192 complete and 0 interrupted iterations
default   [  19% ] 00668/03788 VUs  02.9s/15s  3788.00 iters/s

running (03.9s), 00716/03788 VUs, 13930 complete and 0 interrupted iterations
default   [  26% ] 00716/03788 VUs  03.9s/15s  3788.00 iters/s

running (04.9s), 00865/03788 VUs, 17569 complete and 0 interrupted iterations
default   [  32% ] 00865/03788 VUs  04.9s/15s  3788.00 iters/s

running (05.9s), 01036/03788 VUs, 21186 complete and 0 interrupted iterations
default   [  39% ] 01036/03788 VUs  05.9s/15s  3788.00 iters/s

running (06.9s), 01194/03788 VUs, 24817 complete and 0 interrupted iterations
default   [  46% ] 01194/03788 VUs  06.9s/15s  3788.00 iters/s

running (07.9s), 01257/03788 VUs, 28542 complete and 0 interrupted iterations
default   [  52% ] 01257/03788 VUs  07.9s/15s  3788.00 iters/s

running (08.9s), 01362/03788 VUs, 32223 complete and 0 interrupted iterations
default   [  59% ] 01362/03788 VUs  08.9s/15s  3788.00 iters/s

running (09.9s), 01514/03788 VUs, 35862 complete and 0 interrupted iterations
default   [  66% ] 01514/03788 VUs  09.9s/15s  3788.00 iters/s

running (10.9s), 01524/03788 VUs, 39638 complete and 0 interrupted iterations
default   [  72% ] 01524/03788 VUs  10.9s/15s  3788.00 iters/s

running (11.9s), 01637/03788 VUs, 43311 complete and 0 interrupted iterations
default   [  79% ] 01637/03788 VUs  11.9s/15s  3788.00 iters/s

running (12.9s), 01672/03788 VUs, 47066 complete and 0 interrupted iterations
default   [  86% ] 01672/03788 VUs  12.9s/15s  3788.00 iters/s

running (13.9s), 01852/03788 VUs, 50674 complete and 0 interrupted iterations
default   [  92% ] 01852/03788 VUs  13.9s/15s  3788.00 iters/s

running (14.9s), 01929/03788 VUs, 54385 complete and 0 interrupted iterations
default   [  99% ] 01929/03788 VUs  14.9s/15s  3788.00 iters/s


  █ TOTAL RESULTS 

    HTTP
    http_req_duration..............: avg=313.34ms min=48.4ms med=325.63ms max=533.26ms p(90)=490.48ms p(95)=499.08ms
      { expected_response:true }...: avg=313.34ms min=48.4ms med=325.63ms max=533.26ms p(90)=490.48ms p(95)=499.08ms
    http_req_failed................: 0.00% 0 out of 54842
    http_reqs......................: 54842 3651.744587/s

    EXECUTION
    iteration_duration.............: avg=313.44ms min=48.8ms med=325.73ms max=541.5ms  p(90)=490.58ms p(95)=499.15ms
    iterations.....................: 54842 3651.744587/s
    vus............................: 1928  min=464        max=1928
    vus_max........................: 3788  min=3788       max=3788

    NETWORK
    data_received..................: 11 MB 741 kB/s
    data_sent......................: 11 MB 741 kB/s




running (15.0s), 00000/03788 VUs, 54826 complete and 1994 interrupted iterations
default ✓ [ 100% ] 01994/03788 VUs  15s  3788.00 iters/s
