
         /\      Grafana   /‾‾/  
    /\  /  \     |\  __   /  /   
   /  \/    \    | |/ /  /   ‾‾\ 
  /          \   |   (  |  (‾)  |
 / __________ \  |_|\_\  \_____/ 

     execution: local
        script: workflow/spin/k6_open_client.js
        output: -

     scenarios: (100.00%) 1 scenario, 10000 max VUs, 15s max duration (incl. graceful stop):
              * default: 448.00 iterations/s for 15s (maxVUs: 448-10000)


running (01.0s), 00019/00448 VUs, 418 complete and 0 interrupted iterations
default   [   7% ] 00019/00448 VUs  01.0s/15s  448.00 iters/s

running (02.0s), 00008/00448 VUs, 878 complete and 0 interrupted iterations
default   [  13% ] 00008/00448 VUs  02.0s/15s  448.00 iters/s

running (03.0s), 00006/00448 VUs, 1327 complete and 0 interrupted iterations
default   [  20% ] 00007/00448 VUs  03.0s/15s  448.00 iters/s

running (04.0s), 00020/00448 VUs, 1762 complete and 0 interrupted iterations
default   [  27% ] 00020/00448 VUs  04.0s/15s  448.00 iters/s

running (05.0s), 00005/00448 VUs, 2224 complete and 0 interrupted iterations
default   [  33% ] 00005/00448 VUs  05.0s/15s  448.00 iters/s

running (06.0s), 00007/00448 VUs, 2671 complete and 0 interrupted iterations
default   [  40% ] 00007/00448 VUs  06.0s/15s  448.00 iters/s

running (07.0s), 00015/00448 VUs, 3110 complete and 0 interrupted iterations
default   [  47% ] 00015/00448 VUs  07.0s/15s  448.00 iters/s

running (08.0s), 00013/00448 VUs, 3560 complete and 0 interrupted iterations
default   [  53% ] 00013/00448 VUs  08.0s/15s  448.00 iters/s

running (09.0s), 00007/00448 VUs, 4015 complete and 0 interrupted iterations
default   [  60% ] 00007/00448 VUs  09.0s/15s  448.00 iters/s

running (10.0s), 00007/00448 VUs, 4462 complete and 0 interrupted iterations
default   [  67% ] 00007/00448 VUs  10.0s/15s  448.00 iters/s

running (11.0s), 00006/00448 VUs, 4911 complete and 0 interrupted iterations
default   [  73% ] 00006/00448 VUs  11.0s/15s  448.00 iters/s

running (12.0s), 00007/00448 VUs, 5358 complete and 0 interrupted iterations
default   [  80% ] 00007/00448 VUs  12.0s/15s  448.00 iters/s

running (13.0s), 00013/00448 VUs, 5801 complete and 0 interrupted iterations
default   [  87% ] 00013/00448 VUs  13.0s/15s  448.00 iters/s

running (14.0s), 00016/00448 VUs, 6246 complete and 0 interrupted iterations
default   [  93% ] 00016/00448 VUs  14.0s/15s  448.00 iters/s

running (15.0s), 00015/00448 VUs, 6695 complete and 0 interrupted iterations
default   [ 100% ] 00015/00448 VUs  15.0s/15s  448.00 iters/s


  █ TOTAL RESULTS 

    HTTP
    http_req_duration..............: avg=27.58ms min=10.81ms med=27.58ms max=49.15ms p(90)=39.69ms p(95)=41.2ms
      { expected_response:true }...: avg=27.58ms min=10.81ms med=27.58ms max=49.15ms p(90)=39.69ms p(95)=41.2ms
    http_req_failed................: 0.00%  0 out of 6710
    http_reqs......................: 6710   447.267813/s

    EXECUTION
    iteration_duration.............: avg=27.67ms min=10.9ms  med=27.68ms max=49.25ms p(90)=39.76ms p(95)=41.3ms
    iterations.....................: 6710   447.267813/s
    vus............................: 15     min=5         max=20 
    vus_max........................: 448    min=448       max=448

    NETWORK
    data_received..................: 1.3 MB 90 kB/s
    data_sent......................: 1.3 MB 86 kB/s




running (15.0s), 00000/00448 VUs, 6710 complete and 11 interrupted iterations
default ✓ [ 100% ] 00011/00448 VUs  15s  448.00 iters/s
