
         /\      Grafana   /‾‾/  
    /\  /  \     |\  __   /  /   
   /  \/    \    | |/ /  /   ‾‾\ 
  /          \   |   (  |  (‾)  |
 / __________ \  |_|\_\  \_____/ 

     execution: local
        script: workflow/media/k6_open_review_compose.js
        output: -

     scenarios: (100.00%) 1 scenario, 10000 max VUs, 10s max duration (incl. graceful stop):
              * default: 214.00 iterations/s for 10s (maxVUs: 214-10000)


running (01.0s), 00002/00214 VUs, 210 complete and 0 interrupted iterations
default   [  10% ] 00002/00214 VUs  01.0s/10s  214.00 iters/s

running (02.0s), 00002/00214 VUs, 424 complete and 0 interrupted iterations
default   [  20% ] 00002/00214 VUs  02.0s/10s  214.00 iters/s

running (03.0s), 00002/00214 VUs, 638 complete and 0 interrupted iterations
default   [  30% ] 00002/00214 VUs  03.0s/10s  214.00 iters/s

running (04.0s), 00001/00214 VUs, 852 complete and 0 interrupted iterations
default   [  40% ] 00001/00214 VUs  04.0s/10s  214.00 iters/s

running (05.0s), 00001/00214 VUs, 1066 complete and 0 interrupted iterations
default   [  50% ] 00001/00214 VUs  05.0s/10s  214.00 iters/s

running (06.0s), 00002/00214 VUs, 1280 complete and 0 interrupted iterations
default   [  60% ] 00002/00214 VUs  06.0s/10s  214.00 iters/s

running (07.0s), 00002/00214 VUs, 1494 complete and 0 interrupted iterations
default   [  70% ] 00002/00214 VUs  07.0s/10s  214.00 iters/s

running (08.0s), 00002/00214 VUs, 1708 complete and 0 interrupted iterations
default   [  80% ] 00002/00214 VUs  08.0s/10s  214.00 iters/s

running (09.0s), 00002/00214 VUs, 1922 complete and 0 interrupted iterations
default   [  90% ] 00002/00214 VUs  09.0s/10s  214.00 iters/s

running (10.0s), 00002/00214 VUs, 2136 complete and 0 interrupted iterations
default   [ 100% ] 00002/00214 VUs  10.0s/10s  214.00 iters/s


  █ TOTAL RESULTS 

    HTTP
    http_req_duration..............: avg=5.41ms min=3.42ms med=4.96ms max=17.59ms p(90)=6.72ms p(95)=8.58ms
      { expected_response:true }...: avg=5.41ms min=3.42ms med=4.96ms max=17.59ms p(90)=6.72ms p(95)=8.58ms
    http_req_failed................: 0.00%  0 out of 2139
    http_reqs......................: 2139   213.882268/s

    EXECUTION
    iteration_duration.............: avg=5.56ms min=3.53ms med=5.11ms max=17.75ms p(90)=6.87ms p(95)=8.77ms
    iterations.....................: 2139   213.882268/s
    vus............................: 2      min=2         max=2  
    vus_max........................: 214    min=214       max=214

    NETWORK
    data_received..................: 491 kB 49 kB/s
    data_sent......................: 1.2 MB 119 kB/s




running (10.0s), 00000/00214 VUs, 2139 complete and 2 interrupted iterations
default ✓ [ 100% ] 00002/00214 VUs  10s  214.00 iters/s
