
         /\      Grafana   /‾‾/  
    /\  /  \     |\  __   /  /   
   /  \/    \    | |/ /  /   ‾‾\ 
  /          \   |   (  |  (‾)  |
 / __________ \  |_|\_\  \_____/ 

     execution: local
        script: workflow/online_boutique/k6_open_view_cart.js
        output: -

     scenarios: (100.00%) 1 scenario, 10000 max VUs, 15s max duration (incl. graceful stop):
              * default: 494.00 iterations/s for 15s (maxVUs: 494-10000)


running (01.0s), 00279/00494 VUs, 202 complete and 0 interrupted iterations
default   [   6% ] 00279/00494 VUs  01.0s/15s  494.00 iters/s

running (02.0s), 00216/00494 VUs, 758 complete and 0 interrupted iterations
default   [  13% ] 00216/00494 VUs  02.0s/15s  494.00 iters/s

running (03.0s), 00268/00494 VUs, 1201 complete and 0 interrupted iterations
default   [  20% ] 00268/00494 VUs  03.0s/15s  494.00 iters/s

running (04.0s), 00303/00494 VUs, 1659 complete and 0 interrupted iterations
default   [  26% ] 00303/00494 VUs  04.0s/15s  494.00 iters/s

running (05.0s), 00257/00494 VUs, 2199 complete and 0 interrupted iterations
default   [  33% ] 00257/00494 VUs  05.0s/15s  494.00 iters/s

running (06.0s), 00353/00494 VUs, 2597 complete and 0 interrupted iterations
default   [  40% ] 00353/00494 VUs  06.0s/15s  494.00 iters/s

running (07.0s), 00248/00494 VUs, 3197 complete and 0 interrupted iterations
default   [  46% ] 00248/00494 VUs  07.0s/15s  494.00 iters/s

running (08.0s), 00342/00494 VUs, 3596 complete and 0 interrupted iterations
default   [  53% ] 00342/00494 VUs  08.0s/15s  494.00 iters/s

running (09.0s), 00238/00494 VUs, 4195 complete and 0 interrupted iterations
default   [  60% ] 00238/00494 VUs  09.0s/15s  494.00 iters/s

running (10.0s), 00331/00494 VUs, 4595 complete and 0 interrupted iterations
default   [  66% ] 00331/00494 VUs  10.0s/15s  494.00 iters/s

running (11.0s), 00228/00494 VUs, 5193 complete and 0 interrupted iterations
default   [  73% ] 00228/00494 VUs  11.0s/15s  494.00 iters/s

running (12.0s), 00322/00494 VUs, 5592 complete and 0 interrupted iterations
default   [  80% ] 00322/00494 VUs  12.0s/15s  494.00 iters/s

running (13.0s), 00217/00494 VUs, 6191 complete and 0 interrupted iterations
default   [  86% ] 00217/00494 VUs  13.0s/15s  494.00 iters/s

running (14.0s), 00313/00494 VUs, 6590 complete and 0 interrupted iterations
default   [  93% ] 00313/00494 VUs  14.0s/15s  494.00 iters/s

running (15.0s), 00207/00494 VUs, 7190 complete and 0 interrupted iterations
default   [ 100% ] 00207/00494 VUs  15.0s/15s  494.00 iters/s


  █ TOTAL RESULTS 

    CUSTOM
    online_boutique_application_errors...: 0.00%  0 out of 7190

    HTTP
    http_req_duration....................: avg=535.57ms min=340.26ms med=535.14ms max=734.98ms p(90)=681.84ms p(95)=699.94ms
      { expected_response:true }.........: avg=535.57ms min=340.26ms med=535.14ms max=734.98ms p(90)=681.84ms p(95)=699.94ms
    http_req_failed......................: 0.00%  0 out of 7190
    http_reqs............................: 7190   479.271103/s

    EXECUTION
    iteration_duration...................: avg=535.77ms min=340.43ms med=535.33ms max=735.23ms p(90)=682.06ms p(95)=700.11ms
    iterations...........................: 7190   479.271103/s
    vus..................................: 206    min=206       max=354
    vus_max..............................: 494    min=494       max=494

    NETWORK
    data_received........................: 14 MB  930 kB/s
    data_sent............................: 1.8 MB 118 kB/s




running (15.0s), 00000/00494 VUs, 7190 complete and 221 interrupted iterations
default ✓ [ 100% ] 00221/00494 VUs  15s  494.00 iters/s
