
         /\      Grafana   /‾‾/  
    /\  /  \     |\  __   /  /   
   /  \/    \    | |/ /  /   ‾‾\ 
  /          \   |   (  |  (‾)  |
 / __________ \  |_|\_\  \_____/ 

     execution: local
        script: workflow/spin/k6_open_client.js
        output: -

     scenarios: (100.00%) 1 scenario, 10000 max VUs, 15s max duration (incl. graceful stop):
              * default: 3324.00 iterations/s for 15s (maxVUs: 3324-10000)


running (00.9s), 00226/03324 VUs, 2731 complete and 0 interrupted iterations
default   [   6% ] 00226/03324 VUs  00.9s/15s  3324.00 iters/s

running (01.9s), 00251/03324 VUs, 6029 complete and 0 interrupted iterations
default   [  13% ] 00252/03324 VUs  01.9s/15s  3324.00 iters/s

running (02.9s), 00307/03324 VUs, 9299 complete and 0 interrupted iterations
default   [  19% ] 00307/03324 VUs  02.9s/15s  3324.00 iters/s

running (03.9s), 00281/03324 VUs, 12648 complete and 0 interrupted iterations
default   [  26% ] 00281/03324 VUs  03.9s/15s  3324.00 iters/s

running (04.9s), 00193/03324 VUs, 16060 complete and 0 interrupted iterations
default   [  33% ] 00192/03324 VUs  04.9s/15s  3324.00 iters/s

running (05.9s), 00183/03324 VUs, 19391 complete and 0 interrupted iterations
default   [  39% ] 00183/03324 VUs  05.9s/15s  3324.00 iters/s

running (06.9s), 00148/03324 VUs, 22754 complete and 0 interrupted iterations
default   [  46% ] 00148/03324 VUs  06.9s/15s  3324.00 iters/s

running (07.9s), 00078/03324 VUs, 26144 complete and 0 interrupted iterations
default   [  53% ] 00078/03324 VUs  07.9s/15s  3324.00 iters/s

running (08.9s), 00087/03324 VUs, 29462 complete and 0 interrupted iterations
default   [  59% ] 00087/03324 VUs  08.9s/15s  3324.00 iters/s

running (09.9s), 00084/03324 VUs, 32789 complete and 0 interrupted iterations
default   [  66% ] 00084/03324 VUs  09.9s/15s  3324.00 iters/s

running (10.9s), 00074/03324 VUs, 36123 complete and 0 interrupted iterations
default   [  73% ] 00074/03324 VUs  10.9s/15s  3324.00 iters/s

running (11.9s), 00107/03324 VUs, 39414 complete and 0 interrupted iterations
default   [  79% ] 00107/03324 VUs  11.9s/15s  3324.00 iters/s

running (12.9s), 00150/03324 VUs, 42694 complete and 0 interrupted iterations
default   [  86% ] 00151/03324 VUs  12.9s/15s  3324.00 iters/s

running (13.9s), 00078/03324 VUs, 46094 complete and 0 interrupted iterations
default   [  93% ] 00078/03324 VUs  13.9s/15s  3324.00 iters/s

running (14.9s), 00083/03324 VUs, 49412 complete and 0 interrupted iterations
default   [  99% ] 00083/03324 VUs  14.9s/15s  3324.00 iters/s


  █ TOTAL RESULTS 

    HTTP
    http_req_duration..............: avg=47.95ms min=13.26ms med=37.52ms max=116.27ms p(90)=85.29ms p(95)=89.81ms
      { expected_response:true }...: avg=47.95ms min=13.26ms med=37.52ms max=116.27ms p(90)=85.29ms p(95)=89.81ms
    http_req_failed................: 0.00%  0 out of 49786
    http_reqs......................: 49786  3317.855263/s

    EXECUTION
    iteration_duration.............: avg=48.05ms min=13.35ms med=37.62ms max=116.37ms p(90)=85.37ms p(95)=89.9ms 
    iterations.....................: 49786  3317.855263/s
    vus............................: 82     min=74         max=307 
    vus_max........................: 3324   min=3324       max=3324

    NETWORK
    data_received..................: 10 MB  674 kB/s
    data_sent......................: 9.6 MB 638 kB/s




running (15.0s), 00000/03324 VUs, 49786 complete and 76 interrupted iterations
default ✓ [ 100% ] 00076/03324 VUs  15s  3324.00 iters/s
