
         /\      Grafana   /‾‾/  
    /\  /  \     |\  __   /  /   
   /  \/    \    | |/ /  /   ‾‾\ 
  /          \   |   (  |  (‾)  |
 / __________ \  |_|\_\  \_____/ 

     execution: local
        script: workflow/social/k6_open_client.js
        output: -

     scenarios: (100.00%) 1 scenario, 10000 max VUs, 15s max duration (incl. graceful stop):
              * default: 8236.00 iterations/s for 15s (maxVUs: 8236-10000)


running (00.7s), 02126/08236 VUs, 3893 complete and 0 interrupted iterations
default   [   5% ] 02126/08236 VUs  00.7s/15s  8236.00 iters/s

running (01.7s), 03818/08236 VUs, 10437 complete and 0 interrupted iterations
default   [  12% ] 03818/08236 VUs  01.7s/15s  8236.00 iters/s

running (02.7s), 05065/08236 VUs, 17425 complete and 0 interrupted iterations
default   [  18% ] 05065/08236 VUs  02.7s/15s  8236.00 iters/s

running (03.7s), 06325/08236 VUs, 24402 complete and 0 interrupted iterations
default   [  25% ] 06325/08236 VUs  03.7s/15s  8236.00 iters/s

running (04.7s), 07457/08236 VUs, 31505 complete and 0 interrupted iterations
default   [  32% ] 07457/08236 VUs  04.7s/15s  8236.00 iters/s

running (05.7s), 08401/08402 VUs, 38189 complete and 0 interrupted iterations
default   [  38% ] 08401/08402 VUs  05.7s/15s  8236.00 iters/s

running (06.7s), 09021/09021 VUs, 44135 complete and 0 interrupted iterations
default   [  45% ] 09021/09021 VUs  06.7s/15s  8236.00 iters/s

running (07.7s), 09593/09594 VUs, 50426 complete and 0 interrupted iterations
default   [  52% ] 09593/09594 VUs  07.7s/15s  8236.00 iters/s
time="2026-06-16T13:36:30-06:00" level=warning msg="Insufficient VUs, reached 10000 active VUs and cannot initialize more" executor=constant-arrival-rate scenario=default

running (08.7s), 09999/10000 VUs, 56983 complete and 0 interrupted iterations
default   [  58% ] 09999/10000 VUs  08.7s/15s  8236.00 iters/s

running (09.7s), 09997/10000 VUs, 63905 complete and 0 interrupted iterations
default   [  65% ] 09997/10000 VUs  09.7s/15s  8236.00 iters/s

running (10.7s), 09998/10000 VUs, 71073 complete and 0 interrupted iterations
default   [  72% ] 09998/10000 VUs  10.7s/15s  8236.00 iters/s

running (11.7s), 09998/10000 VUs, 78176 complete and 0 interrupted iterations
default   [  78% ] 09998/10000 VUs  11.7s/15s  8236.00 iters/s

running (12.7s), 10000/10000 VUs, 85189 complete and 0 interrupted iterations
default   [  85% ] 09999/10000 VUs  12.7s/15s  8236.00 iters/s

running (13.7s), 09998/10000 VUs, 92476 complete and 0 interrupted iterations
default   [  92% ] 09998/10000 VUs  13.7s/15s  8236.00 iters/s

running (14.7s), 09998/10000 VUs, 99624 complete and 0 interrupted iterations
default   [  98% ] 09998/10000 VUs  14.7s/15s  8236.00 iters/s


  █ TOTAL RESULTS 

    HTTP
    http_req_duration..............: avg=1.1s min=1ms   med=1.39s max=4.21s p(90)=1.44s p(95)=1.45s
      { expected_response:true }...: avg=1.1s min=1ms   med=1.39s max=4.21s p(90)=1.44s p(95)=1.45s
    http_req_failed................: 0.00%  0 out of 101719
    http_reqs......................: 101719 6735.933926/s

    EXECUTION
    dropped_iterations.............: 11990  793.989793/s
    iteration_duration.............: avg=1.1s min=1.3ms med=1.39s max=4.21s p(90)=1.44s p(95)=1.45s
    iterations.....................: 101719 6735.933926/s
    vus............................: 9999   min=2126        max=10000
    vus_max........................: 10000  min=8236        max=10000

    NETWORK
    data_received..................: 23 MB  1.5 MB/s
    data_sent......................: 37 MB  2.4 MB/s




running (15.1s), 00000/10000 VUs, 101552 complete and 9999 interrupted iterations
default ✓ [ 100% ] 09999/10000 VUs  15s  8236.00 iters/s
