
         /\      Grafana   /‾‾/  
    /\  /  \     |\  __   /  /   
   /  \/    \    | |/ /  /   ‾‾\ 
  /          \   |   (  |  (‾)  |
 / __________ \  |_|\_\  \_____/ 

     execution: local
        script: workflow/spin/k6_open_client.js
        output: -

     scenarios: (100.00%) 1 scenario, 10000 max VUs, 15s max duration (incl. graceful stop):
              * default: 4562.00 iterations/s for 15s (maxVUs: 4562-10000)


running (00.9s), 00149/04562 VUs, 3750 complete and 0 interrupted iterations
default   [   6% ] 00149/04562 VUs  00.9s/15s  4562.00 iters/s

running (01.9s), 00039/04562 VUs, 8421 complete and 0 interrupted iterations
default   [  12% ] 00039/04562 VUs  01.9s/15s  4562.00 iters/s

running (02.9s), 00021/04562 VUs, 13000 complete and 0 interrupted iterations
default   [  19% ] 00021/04562 VUs  02.9s/15s  4562.00 iters/s

running (03.9s), 00039/04562 VUs, 17545 complete and 0 interrupted iterations
default   [  26% ] 00039/04562 VUs  03.9s/15s  4562.00 iters/s

running (04.9s), 00034/04562 VUs, 22114 complete and 0 interrupted iterations
default   [  32% ] 00034/04562 VUs  04.9s/15s  4562.00 iters/s

running (05.9s), 00022/04562 VUs, 26686 complete and 0 interrupted iterations
default   [  39% ] 00022/04562 VUs  05.9s/15s  4562.00 iters/s

running (06.9s), 00047/04562 VUs, 31223 complete and 0 interrupted iterations
default   [  46% ] 00047/04562 VUs  06.9s/15s  4562.00 iters/s

running (07.9s), 00043/04562 VUs, 35789 complete and 0 interrupted iterations
default   [  52% ] 00043/04562 VUs  07.9s/15s  4562.00 iters/s

running (08.9s), 00040/04562 VUs, 40358 complete and 0 interrupted iterations
default   [  59% ] 00040/04562 VUs  08.9s/15s  4562.00 iters/s

running (09.9s), 00027/04562 VUs, 44929 complete and 0 interrupted iterations
default   [  66% ] 00027/04562 VUs  09.9s/15s  4562.00 iters/s

running (10.9s), 00075/04562 VUs, 49443 complete and 0 interrupted iterations
default   [  72% ] 00075/04562 VUs  10.9s/15s  4562.00 iters/s

running (11.9s), 00045/04562 VUs, 54035 complete and 0 interrupted iterations
default   [  79% ] 00045/04562 VUs  11.9s/15s  4562.00 iters/s

running (12.9s), 00069/04562 VUs, 58573 complete and 0 interrupted iterations
default   [  86% ] 00069/04562 VUs  12.9s/15s  4562.00 iters/s

running (13.9s), 00035/04562 VUs, 63169 complete and 0 interrupted iterations
default   [  92% ] 00035/04562 VUs  13.9s/15s  4562.00 iters/s

running (14.9s), 00097/04562 VUs, 67668 complete and 0 interrupted iterations
default   [  99% ] 00097/04562 VUs  14.9s/15s  4562.00 iters/s


  █ TOTAL RESULTS 

    HTTP
    http_req_duration..............: avg=13.78ms min=3.59ms med=9.69ms max=137.41ms p(90)=21.84ms p(95)=38.82ms
      { expected_response:true }...: avg=13.78ms min=3.59ms med=9.69ms max=137.41ms p(90)=21.84ms p(95)=38.82ms
    http_req_failed................: 0.00% 0 out of 68411
    http_reqs......................: 68411 4558.65851/s

    EXECUTION
    iteration_duration.............: avg=13.99ms min=3.65ms med=9.82ms max=137.67ms p(90)=22.07ms p(95)=42.35ms
    iterations.....................: 68411 4558.65851/s
    vus............................: 98    min=21         max=163 
    vus_max........................: 4562  min=4562       max=4562

    NETWORK
    data_received..................: 14 MB 925 kB/s
    data_sent......................: 13 MB 875 kB/s




running (15.0s), 00000/04562 VUs, 68407 complete and 24 interrupted iterations
default ✓ [ 100% ] 00024/04562 VUs  15s  4562.00 iters/s
