
         /\      Grafana   /‾‾/  
    /\  /  \     |\  __   /  /   
   /  \/    \    | |/ /  /   ‾‾\ 
  /          \   |   (  |  (‾)  |
 / __________ \  |_|\_\  \_____/ 

     execution: local
        script: workflow/spin/k6_open_client.js
        output: -

     scenarios: (100.00%) 1 scenario, 10000 max VUs, 15s max duration (incl. graceful stop):
              * default: 3772.00 iterations/s for 15s (maxVUs: 3772-10000)


running (00.9s), 00287/03772 VUs, 3013 complete and 0 interrupted iterations
default   [   6% ] 00287/03772 VUs  00.9s/15s  3772.00 iters/s

running (01.9s), 00201/03772 VUs, 6873 complete and 0 interrupted iterations
default   [  13% ] 00201/03772 VUs  01.9s/15s  3772.00 iters/s

running (02.9s), 00192/03772 VUs, 10653 complete and 0 interrupted iterations
default   [  19% ] 00192/03772 VUs  02.9s/15s  3772.00 iters/s

running (03.9s), 00243/03772 VUs, 14374 complete and 0 interrupted iterations
default   [  26% ] 00243/03772 VUs  03.9s/15s  3772.00 iters/s

running (04.9s), 00267/03772 VUs, 18122 complete and 0 interrupted iterations
default   [  33% ] 00267/03772 VUs  04.9s/15s  3772.00 iters/s

running (05.9s), 00253/03772 VUs, 21907 complete and 0 interrupted iterations
default   [  39% ] 00253/03772 VUs  05.9s/15s  3772.00 iters/s

running (06.9s), 00216/03772 VUs, 25716 complete and 0 interrupted iterations
default   [  46% ] 00216/03772 VUs  06.9s/15s  3772.00 iters/s

running (07.9s), 00205/03772 VUs, 29503 complete and 0 interrupted iterations
default   [  53% ] 00205/03772 VUs  07.9s/15s  3772.00 iters/s

running (08.9s), 00235/03772 VUs, 33240 complete and 0 interrupted iterations
default   [  59% ] 00235/03772 VUs  08.9s/15s  3772.00 iters/s

running (09.9s), 00240/03772 VUs, 37009 complete and 0 interrupted iterations
default   [  66% ] 00240/03772 VUs  09.9s/15s  3772.00 iters/s

running (10.9s), 00252/03772 VUs, 40768 complete and 0 interrupted iterations
default   [  72% ] 00251/03772 VUs  10.9s/15s  3772.00 iters/s

running (11.9s), 00214/03772 VUs, 44578 complete and 0 interrupted iterations
default   [  79% ] 00214/03772 VUs  11.9s/15s  3772.00 iters/s

running (12.9s), 00225/03772 VUs, 48340 complete and 0 interrupted iterations
default   [  86% ] 00225/03772 VUs  12.9s/15s  3772.00 iters/s

running (13.9s), 00259/03772 VUs, 52078 complete and 0 interrupted iterations
default   [  93% ] 00259/03772 VUs  13.9s/15s  3772.00 iters/s

running (14.9s), 00211/03772 VUs, 55897 complete and 0 interrupted iterations
default   [  99% ] 00212/03772 VUs  14.9s/15s  3772.00 iters/s


  █ TOTAL RESULTS 

    HTTP
    http_req_duration..............: avg=60.3ms min=32.56ms med=59.32ms max=131.09ms p(90)=69.42ms p(95)=74.8ms 
      { expected_response:true }...: avg=60.3ms min=32.56ms med=59.32ms max=131.09ms p(90)=69.42ms p(95)=74.8ms 
    http_req_failed................: 0.00% 0 out of 56350
    http_reqs......................: 56350 3755.0251/s

    EXECUTION
    iteration_duration.............: avg=60.4ms min=32.68ms med=59.41ms max=131.5ms  p(90)=69.51ms p(95)=74.91ms
    iterations.....................: 56350 3755.0251/s
    vus............................: 207   min=191        max=285 
    vus_max........................: 3772  min=3772       max=3772

    NETWORK
    data_received..................: 11 MB 762 kB/s
    data_sent......................: 11 MB 724 kB/s




running (15.0s), 00000/03772 VUs, 56346 complete and 234 interrupted iterations
default ✓ [ 100% ] 00234/03772 VUs  15s  3772.00 iters/s
