
         /\      Grafana   /‾‾/  
    /\  /  \     |\  __   /  /   
   /  \/    \    | |/ /  /   ‾‾\ 
  /          \   |   (  |  (‾)  |
 / __________ \  |_|\_\  \_____/ 

     execution: local
        script: workflow/spin/k6_open_client.js
        output: -

     scenarios: (100.00%) 1 scenario, 10000 max VUs, 15s max duration (incl. graceful stop):
              * default: 1719.00 iterations/s for 15s (maxVUs: 1719-10000)


running (00.9s), 00047/01719 VUs, 1563 complete and 0 interrupted iterations
default   [   6% ] 00047/01719 VUs  00.9s/15s  1719.00 iters/s

running (01.9s), 00076/01719 VUs, 3251 complete and 0 interrupted iterations
default   [  13% ] 00076/01719 VUs  01.9s/15s  1719.00 iters/s

running (02.9s), 00075/01719 VUs, 4971 complete and 0 interrupted iterations
default   [  20% ] 00075/01719 VUs  02.9s/15s  1719.00 iters/s

running (03.9s), 00058/01719 VUs, 6709 complete and 0 interrupted iterations
default   [  26% ] 00058/01719 VUs  03.9s/15s  1719.00 iters/s

running (04.9s), 00054/01719 VUs, 8431 complete and 0 interrupted iterations
default   [  33% ] 00054/01719 VUs  04.9s/15s  1719.00 iters/s

running (05.9s), 00050/01719 VUs, 10155 complete and 0 interrupted iterations
default   [  40% ] 00050/01719 VUs  05.9s/15s  1719.00 iters/s

running (06.9s), 00083/01719 VUs, 11840 complete and 0 interrupted iterations
default   [  46% ] 00083/01719 VUs  06.9s/15s  1719.00 iters/s

running (07.9s), 00057/01719 VUs, 13584 complete and 0 interrupted iterations
default   [  53% ] 00057/01719 VUs  07.9s/15s  1719.00 iters/s

running (08.9s), 00057/01719 VUs, 15305 complete and 0 interrupted iterations
default   [  60% ] 00057/01719 VUs  08.9s/15s  1719.00 iters/s

running (09.9s), 00061/01719 VUs, 17019 complete and 0 interrupted iterations
default   [  66% ] 00061/01719 VUs  09.9s/15s  1719.00 iters/s

running (10.9s), 00080/01719 VUs, 18719 complete and 0 interrupted iterations
default   [  73% ] 00080/01719 VUs  10.9s/15s  1719.00 iters/s

running (11.9s), 00049/01719 VUs, 20469 complete and 0 interrupted iterations
default   [  80% ] 00049/01719 VUs  11.9s/15s  1719.00 iters/s

running (12.9s), 00090/01719 VUs, 22147 complete and 0 interrupted iterations
default   [  86% ] 00090/01719 VUs  12.9s/15s  1719.00 iters/s

running (13.9s), 00070/01719 VUs, 23886 complete and 0 interrupted iterations
default   [  93% ] 00070/01719 VUs  13.9s/15s  1719.00 iters/s

running (14.9s), 00062/01719 VUs, 25613 complete and 0 interrupted iterations
default   [ 100% ] 00062/01719 VUs  14.9s/15s  1719.00 iters/s


  █ TOTAL RESULTS 

    HTTP
    http_req_duration..............: avg=38.58ms min=20.89ms med=38.52ms max=65.97ms p(90)=49.4ms  p(95)=51.33ms
      { expected_response:true }...: avg=38.58ms min=20.89ms med=38.52ms max=65.97ms p(90)=49.4ms  p(95)=51.33ms
    http_req_failed................: 0.00%  0 out of 25723
    http_reqs......................: 25723  1714.463326/s

    EXECUTION
    iteration_duration.............: avg=38.67ms min=20.97ms med=38.61ms max=66.1ms  p(90)=49.48ms p(95)=51.42ms
    iterations.....................: 25723  1714.463326/s
    vus............................: 64     min=45         max=89  
    vus_max........................: 1719   min=1719       max=1719

    NETWORK
    data_received..................: 5.2 MB 348 kB/s
    data_sent......................: 4.9 MB 330 kB/s




running (15.0s), 00000/01719 VUs, 25723 complete and 64 interrupted iterations
default ✓ [ 100% ] 00064/01719 VUs  15s  1719.00 iters/s
