
         /\      Grafana   /‾‾/  
    /\  /  \     |\  __   /  /   
   /  \/    \    | |/ /  /   ‾‾\ 
  /          \   |   (  |  (‾)  |
 / __________ \  |_|\_\  \_____/ 

     execution: local
        script: workflow/spin/k6_open_client.js
        output: -

     scenarios: (100.00%) 1 scenario, 10000 max VUs, 15s max duration (incl. graceful stop):
              * default: 1643.00 iterations/s for 15s (maxVUs: 1643-10000)


running (00.9s), 00153/01643 VUs, 1382 complete and 0 interrupted iterations
default   [   6% ] 00153/01643 VUs  00.9s/15s  1643.00 iters/s

running (01.9s), 00161/01643 VUs, 3017 complete and 0 interrupted iterations
default   [  13% ] 00161/01643 VUs  01.9s/15s  1643.00 iters/s

running (02.9s), 00109/01643 VUs, 4713 complete and 0 interrupted iterations
default   [  20% ] 00109/01643 VUs  02.9s/15s  1643.00 iters/s

running (03.9s), 00185/01643 VUs, 6279 complete and 0 interrupted iterations
default   [  26% ] 00185/01643 VUs  03.9s/15s  1643.00 iters/s

running (04.9s), 00140/01643 VUs, 7965 complete and 0 interrupted iterations
default   [  33% ] 00140/01643 VUs  04.9s/15s  1643.00 iters/s

running (05.9s), 00115/01643 VUs, 9635 complete and 0 interrupted iterations
default   [  40% ] 00115/01643 VUs  05.9s/15s  1643.00 iters/s

running (06.9s), 00170/01643 VUs, 11224 complete and 0 interrupted iterations
default   [  46% ] 00170/01643 VUs  06.9s/15s  1643.00 iters/s

running (07.9s), 00115/01643 VUs, 12921 complete and 0 interrupted iterations
default   [  53% ] 00115/01643 VUs  07.9s/15s  1643.00 iters/s

running (08.9s), 00196/01643 VUs, 14482 complete and 0 interrupted iterations
default   [  60% ] 00197/01643 VUs  08.9s/15s  1643.00 iters/s

running (09.9s), 00151/01643 VUs, 16171 complete and 0 interrupted iterations
default   [  66% ] 00151/01643 VUs  09.9s/15s  1643.00 iters/s

running (10.9s), 00176/01643 VUs, 17789 complete and 0 interrupted iterations
default   [  73% ] 00175/01643 VUs  10.9s/15s  1643.00 iters/s

running (11.9s), 00165/01643 VUs, 19444 complete and 0 interrupted iterations
default   [  80% ] 00165/01643 VUs  11.9s/15s  1643.00 iters/s

running (12.9s), 00100/01643 VUs, 21152 complete and 0 interrupted iterations
default   [  86% ] 00100/01643 VUs  12.9s/15s  1643.00 iters/s

running (13.9s), 00172/01643 VUs, 22722 complete and 0 interrupted iterations
default   [  93% ] 00172/01643 VUs  13.9s/15s  1643.00 iters/s

running (14.9s), 00128/01643 VUs, 24408 complete and 0 interrupted iterations
default   [ 100% ] 00128/01643 VUs  14.9s/15s  1643.00 iters/s


  █ TOTAL RESULTS 

    HTTP
    http_req_duration..............: avg=94.2ms  min=53.39ms med=94.19ms max=140.89ms p(90)=120.7ms  p(95)=124.47ms
      { expected_response:true }...: avg=94.2ms  min=53.39ms med=94.19ms max=140.89ms p(90)=120.7ms  p(95)=124.47ms
    http_req_failed................: 0.00%  0 out of 24506
    http_reqs......................: 24506  1633.401265/s

    EXECUTION
    iteration_duration.............: avg=94.29ms min=53.46ms med=94.28ms max=140.96ms p(90)=120.79ms p(95)=124.55ms
    iterations.....................: 24506  1633.401265/s
    vus............................: 130    min=99         max=197 
    vus_max........................: 1643   min=1643       max=1643

    NETWORK
    data_received..................: 5.0 MB 331 kB/s
    data_sent......................: 4.7 MB 315 kB/s




running (15.0s), 00000/01643 VUs, 24503 complete and 143 interrupted iterations
default ✓ [ 100% ] 00143/01643 VUs  15s  1643.00 iters/s
