
         /\      Grafana   /‾‾/  
    /\  /  \     |\  __   /  /   
   /  \/    \    | |/ /  /   ‾‾\ 
  /          \   |   (  |  (‾)  |
 / __________ \  |_|\_\  \_____/ 

     execution: local
        script: workflow/media/k6_open_review_compose.js
        output: -

     scenarios: (100.00%) 1 scenario, 10000 max VUs, 15s max duration (incl. graceful stop):
              * default: 1060.00 iterations/s for 15s (maxVUs: 1060-10000)


running (01.0s), 00347/01060 VUs, 667 complete and 0 interrupted iterations
default   [   6% ] 00347/01060 VUs  01.0s/15s  1060.00 iters/s

running (02.0s), 00313/01060 VUs, 1762 complete and 0 interrupted iterations
default   [  13% ] 00313/01060 VUs  02.0s/15s  1060.00 iters/s

running (03.0s), 00282/01060 VUs, 2852 complete and 0 interrupted iterations
default   [  20% ] 00282/01060 VUs  03.0s/15s  1060.00 iters/s

running (04.0s), 00432/01060 VUs, 3762 complete and 0 interrupted iterations
default   [  26% ] 00432/01060 VUs  04.0s/15s  1060.00 iters/s

running (05.0s), 00434/01060 VUs, 4820 complete and 0 interrupted iterations
default   [  33% ] 00434/01060 VUs  05.0s/15s  1060.00 iters/s

running (06.0s), 00401/01060 VUs, 5912 complete and 0 interrupted iterations
default   [  40% ] 00402/01060 VUs  06.0s/15s  1060.00 iters/s

running (07.0s), 00369/01060 VUs, 7005 complete and 0 interrupted iterations
default   [  46% ] 00369/01060 VUs  07.0s/15s  1060.00 iters/s

running (08.0s), 00337/01060 VUs, 8097 complete and 0 interrupted iterations
default   [  53% ] 00337/01060 VUs  08.0s/15s  1060.00 iters/s

running (09.0s), 00301/01060 VUs, 9192 complete and 0 interrupted iterations
default   [  60% ] 00302/01060 VUs  09.0s/15s  1060.00 iters/s

running (10.0s), 00339/01060 VUs, 10215 complete and 0 interrupted iterations
default   [  66% ] 00339/01060 VUs  10.0s/15s  1060.00 iters/s

running (11.0s), 00318/01060 VUs, 11296 complete and 0 interrupted iterations
default   [  73% ] 00318/01060 VUs  11.0s/15s  1060.00 iters/s

running (12.0s), 00420/01060 VUs, 12254 complete and 0 interrupted iterations
default   [  80% ] 00420/01060 VUs  12.0s/15s  1060.00 iters/s

running (13.0s), 00392/01060 VUs, 13343 complete and 0 interrupted iterations
default   [  86% ] 00392/01060 VUs  13.0s/15s  1060.00 iters/s

running (14.0s), 00364/01060 VUs, 14431 complete and 0 interrupted iterations
default   [  93% ] 00364/01060 VUs  14.0s/15s  1060.00 iters/s

running (15.0s), 00331/01060 VUs, 15523 complete and 0 interrupted iterations
default   [ 100% ] 00331/01060 VUs  15.0s/15s  1060.00 iters/s


  █ TOTAL RESULTS 

    HTTP
    http_req_duration..............: avg=333.72ms min=221.54ms med=334.03ms max=438.22ms p(90)=402.78ms p(95)=413.28ms
      { expected_response:true }...: avg=333.72ms min=221.54ms med=334.03ms max=438.22ms p(90)=402.78ms p(95)=413.28ms
    http_req_failed................: 0.00%  0 out of 15523
    http_reqs......................: 15523  1034.66979/s

    EXECUTION
    iteration_duration.............: avg=333.84ms min=221.63ms med=334.11ms max=438.33ms p(90)=402.9ms  p(95)=413.42ms
    iterations.....................: 15523  1034.66979/s
    vus............................: 332    min=282        max=435 
    vus_max........................: 1060   min=1060       max=1060

    NETWORK
    data_received..................: 3.6 MB 239 kB/s
    data_sent......................: 8.9 MB 590 kB/s




running (15.0s), 00000/01060 VUs, 15523 complete and 378 interrupted iterations
default ✓ [ 100% ] 00378/01060 VUs  15s  1060.00 iters/s
