
         /\      Grafana   /‾‾/  
    /\  /  \     |\  __   /  /   
   /  \/    \    | |/ /  /   ‾‾\ 
  /          \   |   (  |  (‾)  |
 / __________ \  |_|\_\  \_____/ 

     execution: local
        script: workflow/response/k6_open_client.js
        output: -

     scenarios: (100.00%) 1 scenario, 10000 max VUs, 15s max duration (incl. graceful stop):
              * default: 612.00 iterations/s for 15s (maxVUs: 612-10000)


running (01.0s), 00028/00612 VUs, 566 complete and 0 interrupted iterations
default   [   6% ] 00028/00612 VUs  01.0s/15s  612.00 iters/s

running (02.0s), 00032/00612 VUs, 1173 complete and 0 interrupted iterations
default   [  13% ] 00032/00612 VUs  02.0s/15s  612.00 iters/s

running (03.0s), 00037/00612 VUs, 1780 complete and 0 interrupted iterations
default   [  20% ] 00037/00612 VUs  03.0s/15s  612.00 iters/s

running (04.0s), 00038/00612 VUs, 2391 complete and 0 interrupted iterations
default   [  26% ] 00038/00612 VUs  04.0s/15s  612.00 iters/s

running (05.0s), 00025/00612 VUs, 3016 complete and 0 interrupted iterations
default   [  33% ] 00025/00612 VUs  05.0s/15s  612.00 iters/s

running (06.0s), 00032/00612 VUs, 3621 complete and 0 interrupted iterations
default   [  40% ] 00032/00612 VUs  06.0s/15s  612.00 iters/s

running (07.0s), 00042/00612 VUs, 4223 complete and 0 interrupted iterations
default   [  46% ] 00042/00612 VUs  07.0s/15s  612.00 iters/s

running (08.0s), 00024/00612 VUs, 4853 complete and 0 interrupted iterations
default   [  53% ] 00024/00612 VUs  08.0s/15s  612.00 iters/s

running (09.0s), 00030/00612 VUs, 5460 complete and 0 interrupted iterations
default   [  60% ] 00030/00612 VUs  09.0s/15s  612.00 iters/s

running (10.0s), 00031/00612 VUs, 6070 complete and 0 interrupted iterations
default   [  66% ] 00031/00612 VUs  10.0s/15s  612.00 iters/s

running (11.0s), 00034/00612 VUs, 6680 complete and 0 interrupted iterations
default   [  73% ] 00034/00612 VUs  11.0s/15s  612.00 iters/s

running (12.0s), 00030/00612 VUs, 7295 complete and 0 interrupted iterations
default   [  80% ] 00030/00612 VUs  12.0s/15s  612.00 iters/s

running (13.0s), 00033/00612 VUs, 7904 complete and 0 interrupted iterations
default   [  86% ] 00033/00612 VUs  13.0s/15s  612.00 iters/s

running (14.0s), 00037/00612 VUs, 8512 complete and 0 interrupted iterations
default   [  93% ] 00037/00612 VUs  14.0s/15s  612.00 iters/s

running (15.0s), 00022/00612 VUs, 9139 complete and 0 interrupted iterations
default   [ 100% ] 00023/00612 VUs  15.0s/15s  612.00 iters/s


  █ TOTAL RESULTS 

    HTTP
    http_req_duration..............: avg=52.91ms min=33ms    med=52.83ms max=80.42ms p(90)=64.81ms p(95)=67.06ms
      { expected_response:true }...: avg=52.91ms min=33ms    med=52.83ms max=80.42ms p(90)=64.81ms p(95)=67.06ms
    http_req_failed................: 0.00%  0 out of 9141
    http_reqs......................: 9141   609.317561/s

    EXECUTION
    iteration_duration.............: avg=52.99ms min=33.08ms med=52.92ms max=80.51ms p(90)=64.9ms  p(95)=67.17ms
    iterations.....................: 9140   609.250903/s
    vus............................: 23     min=23        max=42 
    vus_max........................: 612    min=612       max=612

    NETWORK
    data_received..................: 1.8 MB 123 kB/s
    data_sent......................: 1.8 MB 120 kB/s




running (15.0s), 00000/00612 VUs, 9139 complete and 42 interrupted iterations
default ✓ [ 100% ] 00042/00612 VUs  15s  612.00 iters/s
