
         /\      Grafana   /‾‾/  
    /\  /  \     |\  __   /  /   
   /  \/    \    | |/ /  /   ‾‾\ 
  /          \   |   (  |  (‾)  |
 / __________ \  |_|\_\  \_____/ 

     execution: local
        script: workflow/spin/k6_open_client.js
        output: -

     scenarios: (100.00%) 1 scenario, 10000 max VUs, 15s max duration (incl. graceful stop):
              * default: 994.00 iterations/s for 15s (maxVUs: 994-10000)


running (01.0s), 00051/00994 VUs, 896 complete and 0 interrupted iterations
default   [   6% ] 00051/00994 VUs  01.0s/15s  994.00 iters/s

running (02.0s), 00050/00994 VUs, 1891 complete and 0 interrupted iterations
default   [  13% ] 00050/00994 VUs  02.0s/15s  994.00 iters/s

running (03.0s), 00046/00994 VUs, 2889 complete and 0 interrupted iterations
default   [  20% ] 00046/00994 VUs  03.0s/15s  994.00 iters/s

running (04.0s), 00040/00994 VUs, 3890 complete and 0 interrupted iterations
default   [  26% ] 00040/00994 VUs  04.0s/15s  994.00 iters/s

running (05.0s), 00031/00994 VUs, 4893 complete and 0 interrupted iterations
default   [  33% ] 00031/00994 VUs  05.0s/15s  994.00 iters/s

running (06.0s), 00052/00994 VUs, 5865 complete and 0 interrupted iterations
default   [  40% ] 00052/00994 VUs  06.0s/15s  994.00 iters/s

running (07.0s), 00046/00994 VUs, 6866 complete and 0 interrupted iterations
default   [  46% ] 00046/00994 VUs  07.0s/15s  994.00 iters/s

running (08.0s), 00033/00994 VUs, 7873 complete and 0 interrupted iterations
default   [  53% ] 00033/00994 VUs  08.0s/15s  994.00 iters/s

running (09.0s), 00054/00994 VUs, 8845 complete and 0 interrupted iterations
default   [  60% ] 00055/00994 VUs  09.0s/15s  994.00 iters/s

running (10.0s), 00046/00994 VUs, 9848 complete and 0 interrupted iterations
default   [  66% ] 00046/00994 VUs  10.0s/15s  994.00 iters/s

running (11.0s), 00039/00994 VUs, 10849 complete and 0 interrupted iterations
default   [  73% ] 00039/00994 VUs  11.0s/15s  994.00 iters/s

running (12.0s), 00033/00994 VUs, 11848 complete and 0 interrupted iterations
default   [  80% ] 00033/00994 VUs  12.0s/15s  994.00 iters/s

running (13.0s), 00048/00994 VUs, 12826 complete and 0 interrupted iterations
default   [  86% ] 00049/00994 VUs  13.0s/15s  994.00 iters/s

running (14.0s), 00045/00994 VUs, 13825 complete and 0 interrupted iterations
default   [  93% ] 00045/00994 VUs  14.0s/15s  994.00 iters/s

running (15.0s), 00042/00994 VUs, 14822 complete and 0 interrupted iterations
default   [ 100% ] 00042/00994 VUs  15.0s/15s  994.00 iters/s


  █ TOTAL RESULTS 

    HTTP
    http_req_duration..............: avg=43.83ms min=27.11ms med=43.77ms max=73.47ms p(90)=55.05ms p(95)=56.67ms
      { expected_response:true }...: avg=43.83ms min=27.11ms med=43.77ms max=73.47ms p(90)=55.05ms p(95)=56.67ms
    http_req_failed................: 0.00%  0 out of 14868
    http_reqs......................: 14868  991.056116/s

    EXECUTION
    iteration_duration.............: avg=43.92ms min=27.18ms med=43.85ms max=73.58ms p(90)=55.14ms p(95)=56.75ms
    iterations.....................: 14868  991.056116/s
    vus............................: 42     min=30         max=55 
    vus_max........................: 994    min=994        max=994

    NETWORK
    data_received..................: 3.0 MB 201 kB/s
    data_sent......................: 2.9 MB 191 kB/s




running (15.0s), 00000/00994 VUs, 14863 complete and 48 interrupted iterations
default ✓ [ 100% ] 00048/00994 VUs  15s  994.00 iters/s
