
         /\      Grafana   /‾‾/  
    /\  /  \     |\  __   /  /   
   /  \/    \    | |/ /  /   ‾‾\ 
  /          \   |   (  |  (‾)  |
 / __________ \  |_|\_\  \_____/ 

     execution: local
        script: workflow/response/k6_open_client.js
        output: -

     scenarios: (100.00%) 1 scenario, 100000 max VUs, 15s max duration (incl. graceful stop):
              * default: 2767.00 iterations/s for 15s (maxVUs: 2767-100000)


running (00.9s), 000133/002767 VUs, 2383 complete and 0 interrupted iterations
default   [   6% ] 000133/002767 VUs  00.9s/15s  2767.00 iters/s

running (01.9s), 000135/002767 VUs, 5146 complete and 0 interrupted iterations
default   [  13% ] 000135/002767 VUs  01.9s/15s  2767.00 iters/s

running (02.9s), 000151/002767 VUs, 7894 complete and 0 interrupted iterations
default   [  19% ] 000151/002767 VUs  02.9s/15s  2767.00 iters/s

running (03.9s), 000114/002767 VUs, 10700 complete and 0 interrupted iterations
default   [  26% ] 000114/002767 VUs  03.9s/15s  2767.00 iters/s

running (04.9s), 000104/002767 VUs, 13478 complete and 0 interrupted iterations
default   [  33% ] 000104/002767 VUs  04.9s/15s  2767.00 iters/s

running (05.9s), 000102/002767 VUs, 16247 complete and 0 interrupted iterations
default   [  39% ] 000102/002767 VUs  05.9s/15s  2767.00 iters/s

running (06.9s), 000103/002767 VUs, 19013 complete and 0 interrupted iterations
default   [  46% ] 000103/002767 VUs  06.9s/15s  2767.00 iters/s

running (07.9s), 000092/002767 VUs, 21791 complete and 0 interrupted iterations
default   [  53% ] 000092/002767 VUs  07.9s/15s  2767.00 iters/s

running (08.9s), 000111/002767 VUs, 24539 complete and 0 interrupted iterations
default   [  59% ] 000111/002767 VUs  08.9s/15s  2767.00 iters/s

running (09.9s), 000100/002767 VUs, 27316 complete and 0 interrupted iterations
default   [  66% ] 000100/002767 VUs  09.9s/15s  2767.00 iters/s

running (10.9s), 000114/002767 VUs, 30071 complete and 0 interrupted iterations
default   [  73% ] 000114/002767 VUs  10.9s/15s  2767.00 iters/s

running (11.9s), 000115/002767 VUs, 32833 complete and 0 interrupted iterations
default   [  79% ] 000115/002767 VUs  11.9s/15s  2767.00 iters/s

running (12.9s), 000135/002767 VUs, 35584 complete and 0 interrupted iterations
default   [  86% ] 000135/002767 VUs  12.9s/15s  2767.00 iters/s

running (13.9s), 000131/002767 VUs, 38354 complete and 0 interrupted iterations
default   [  93% ] 000130/002767 VUs  13.9s/15s  2767.00 iters/s

running (14.9s), 000166/002767 VUs, 41086 complete and 0 interrupted iterations
default   [  99% ] 000166/002767 VUs  14.9s/15s  2767.00 iters/s


  █ TOTAL RESULTS 

    HTTP
    http_req_duration..............: avg=43.62ms min=21.55ms med=43.51ms max=77.6ms  p(90)=52.79ms p(95)=54.63ms
      { expected_response:true }...: avg=43.62ms min=21.55ms med=43.51ms max=77.6ms  p(90)=52.79ms p(95)=54.63ms
    http_req_failed................: 0.00%  0 out of 41377
    http_reqs......................: 41377  2757.53204/s

    EXECUTION
    iteration_duration.............: avg=43.73ms min=21.64ms med=43.59ms max=85.26ms p(90)=52.89ms p(95)=54.76ms
    iterations.....................: 41377  2757.53204/s
    vus............................: 163    min=92         max=163 
    vus_max........................: 2767   min=2767       max=2767

    NETWORK
    data_received..................: 8.4 MB 560 kB/s
    data_sent......................: 8.1 MB 542 kB/s




running (15.0s), 000000/002767 VUs, 41367 complete and 139 interrupted iterations
default ✓ [ 100% ] 000139/002767 VUs  15s  2767.00 iters/s
