
         /\      Grafana   /‾‾/  
    /\  /  \     |\  __   /  /   
   /  \/    \    | |/ /  /   ‾‾\ 
  /          \   |   (  |  (‾)  |
 / __________ \  |_|\_\  \_____/ 

     execution: local
        script: workflow/write/k6_open_client.js
        output: -

     scenarios: (100.00%) 1 scenario, 10000 max VUs, 15s max duration (incl. graceful stop):
              * default: 5375.00 iterations/s for 15s (maxVUs: 5375-10000)


running (00.8s), 00551/05375 VUs, 3942 complete and 0 interrupted iterations
default   [   6% ] 00551/05375 VUs  00.8s/15s  5375.00 iters/s

running (01.8s), 00410/05375 VUs, 9458 complete and 0 interrupted iterations
default   [  12% ] 00410/05375 VUs  01.8s/15s  5375.00 iters/s

running (02.8s), 00269/05375 VUs, 14973 complete and 0 interrupted iterations
default   [  19% ] 00269/05375 VUs  02.8s/15s  5375.00 iters/s

running (03.8s), 00262/05375 VUs, 20355 complete and 0 interrupted iterations
default   [  26% ] 00262/05375 VUs  03.8s/15s  5375.00 iters/s

running (04.8s), 00328/05375 VUs, 25664 complete and 0 interrupted iterations
default   [  32% ] 00328/05375 VUs  04.8s/15s  5375.00 iters/s

running (05.8s), 00464/05375 VUs, 30908 complete and 0 interrupted iterations
default   [  39% ] 00464/05375 VUs  05.8s/15s  5375.00 iters/s

running (06.8s), 00634/05375 VUs, 36109 complete and 0 interrupted iterations
default   [  46% ] 00634/05375 VUs  06.8s/15s  5375.00 iters/s

running (07.8s), 00259/05375 VUs, 41859 complete and 0 interrupted iterations
default   [  52% ] 00259/05375 VUs  07.8s/15s  5375.00 iters/s

running (08.8s), 00231/05375 VUs, 47261 complete and 0 interrupted iterations
default   [  59% ] 00231/05375 VUs  08.8s/15s  5375.00 iters/s

running (09.8s), 00256/05375 VUs, 52611 complete and 0 interrupted iterations
default   [  66% ] 00256/05375 VUs  09.8s/15s  5375.00 iters/s

running (10.8s), 00237/05375 VUs, 58007 complete and 0 interrupted iterations
default   [  72% ] 00236/05375 VUs  10.8s/15s  5375.00 iters/s

running (11.8s), 00230/05375 VUs, 63391 complete and 0 interrupted iterations
default   [  79% ] 00230/05375 VUs  11.8s/15s  5375.00 iters/s

running (12.8s), 00265/05375 VUs, 68728 complete and 0 interrupted iterations
default   [  86% ] 00265/05375 VUs  12.8s/15s  5375.00 iters/s

running (13.8s), 00355/05375 VUs, 74015 complete and 0 interrupted iterations
default   [  92% ] 00356/05375 VUs  13.8s/15s  5375.00 iters/s

running (14.8s), 00228/05375 VUs, 79519 complete and 0 interrupted iterations
default   [  99% ] 00228/05375 VUs  14.8s/15s  5375.00 iters/s


  █ TOTAL RESULTS 

    HTTP
    http_req_duration..............: avg=61.82ms min=37.42ms med=53.24ms max=157.69ms p(90)=95.23ms p(95)=105.13ms
      { expected_response:true }...: avg=61.82ms min=37.42ms med=53.24ms max=157.69ms p(90)=95.23ms p(95)=105.13ms
    http_req_failed................: 0.00%  0 out of 80414
    http_reqs......................: 80414  5358.044436/s

    EXECUTION
    iteration_duration.............: avg=61.9ms  min=37.47ms med=53.3ms  max=158.22ms p(90)=95.36ms p(95)=105.28ms
    iterations.....................: 80414  5358.044436/s
    vus............................: 228    min=228        max=633 
    vus_max........................: 5375   min=5375       max=5375

    NETWORK
    data_received..................: 16 MB  1.1 MB/s
    data_sent......................: 8.1 MB 537 kB/s




running (15.0s), 00000/05375 VUs, 80410 complete and 216 interrupted iterations
default ✓ [ 100% ] 00216/05375 VUs  15s  5375.00 iters/s
