
         /\      Grafana   /‾‾/  
    /\  /  \     |\  __   /  /   
   /  \/    \    | |/ /  /   ‾‾\ 
  /          \   |   (  |  (‾)  |
 / __________ \  |_|\_\  \_____/ 

     execution: local
        script: workflow/response/k6_open_client.js
        output: -

     scenarios: (100.00%) 1 scenario, 10000 max VUs, 15s max duration (incl. graceful stop):
              * default: 444.00 iterations/s for 15s (maxVUs: 444-10000)


running (01.0s), 00031/00444 VUs, 404 complete and 0 interrupted iterations
default   [   7% ] 00031/00444 VUs  01.0s/15s  444.00 iters/s

running (02.0s), 00021/00444 VUs, 858 complete and 0 interrupted iterations
default   [  13% ] 00021/00444 VUs  02.0s/15s  444.00 iters/s

running (03.0s), 00025/00444 VUs, 1297 complete and 0 interrupted iterations
default   [  20% ] 00025/00444 VUs  03.0s/15s  444.00 iters/s

running (04.0s), 00043/00444 VUs, 1724 complete and 0 interrupted iterations
default   [  27% ] 00043/00444 VUs  04.0s/15s  444.00 iters/s

running (05.0s), 00033/00444 VUs, 2177 complete and 0 interrupted iterations
default   [  33% ] 00034/00444 VUs  05.0s/15s  444.00 iters/s

running (06.0s), 00025/00444 VUs, 2630 complete and 0 interrupted iterations
default   [  40% ] 00025/00444 VUs  06.0s/15s  444.00 iters/s

running (07.0s), 00017/00444 VUs, 3082 complete and 0 interrupted iterations
default   [  47% ] 00017/00444 VUs  07.0s/15s  444.00 iters/s

running (08.0s), 00032/00444 VUs, 3511 complete and 0 interrupted iterations
default   [  53% ] 00032/00444 VUs  08.0s/15s  444.00 iters/s

running (09.0s), 00031/00444 VUs, 3955 complete and 0 interrupted iterations
default   [  60% ] 00032/00444 VUs  09.0s/15s  444.00 iters/s

running (10.0s), 00023/00444 VUs, 4407 complete and 0 interrupted iterations
default   [  67% ] 00023/00444 VUs  10.0s/15s  444.00 iters/s

running (11.0s), 00028/00444 VUs, 4847 complete and 0 interrupted iterations
default   [  73% ] 00028/00444 VUs  11.0s/15s  444.00 iters/s

running (12.0s), 00046/00444 VUs, 5273 complete and 0 interrupted iterations
default   [  80% ] 00046/00444 VUs  12.0s/15s  444.00 iters/s

running (13.0s), 00029/00444 VUs, 5734 complete and 0 interrupted iterations
default   [  87% ] 00029/00444 VUs  13.0s/15s  444.00 iters/s

running (14.0s), 00041/00444 VUs, 6166 complete and 0 interrupted iterations
default   [  93% ] 00041/00444 VUs  14.0s/15s  444.00 iters/s

running (15.0s), 00021/00444 VUs, 6630 complete and 0 interrupted iterations
default   [ 100% ] 00021/00444 VUs  15.0s/15s  444.00 iters/s


  █ TOTAL RESULTS 

    HTTP
    http_req_duration..............: avg=66.58ms min=26.25ms med=63.25ms max=112.38ms p(90)=96.55ms p(95)=100.96ms
      { expected_response:true }...: avg=66.58ms min=26.25ms med=63.25ms max=112.38ms p(90)=96.55ms p(95)=100.96ms
    http_req_failed................: 0.00%  0 out of 6644
    http_reqs......................: 6644   442.888623/s

    EXECUTION
    iteration_duration.............: avg=66.68ms min=26.48ms med=63.33ms max=112.44ms p(90)=96.62ms p(95)=101.08ms
    iterations.....................: 6644   442.888623/s
    vus............................: 21     min=16        max=45 
    vus_max........................: 444    min=444       max=444

    NETWORK
    data_received..................: 1.3 MB 89 kB/s
    data_sent......................: 1.3 MB 87 kB/s




running (15.0s), 00000/00444 VUs, 6644 complete and 16 interrupted iterations
default ✓ [ 100% ] 00016/00444 VUs  15s  444.00 iters/s
