
         /\      Grafana   /‾‾/  
    /\  /  \     |\  __   /  /   
   /  \/    \    | |/ /  /   ‾‾\ 
  /          \   |   (  |  (‾)  |
 / __________ \  |_|\_\  \_____/ 

     execution: local
        script: workflow/spin/k6_open_client.js
        output: -

     scenarios: (100.00%) 1 scenario, 10000 max VUs, 15s max duration (incl. graceful stop):
              * default: 3692.00 iterations/s for 15s (maxVUs: 3692-10000)


running (00.9s), 00235/03692 VUs, 2963 complete and 0 interrupted iterations
default   [   6% ] 00235/03692 VUs  00.9s/15s  3692.00 iters/s

running (01.9s), 00293/03692 VUs, 6598 complete and 0 interrupted iterations
default   [  12% ] 00293/03692 VUs  01.9s/15s  3692.00 iters/s

running (02.9s), 00237/03692 VUs, 10346 complete and 0 interrupted iterations
default   [  19% ] 00237/03692 VUs  02.9s/15s  3692.00 iters/s

running (03.9s), 00273/03692 VUs, 14002 complete and 0 interrupted iterations
default   [  26% ] 00273/03692 VUs  03.9s/15s  3692.00 iters/s

running (04.9s), 00206/03692 VUs, 17761 complete and 0 interrupted iterations
default   [  32% ] 00206/03692 VUs  04.9s/15s  3692.00 iters/s

running (05.9s), 00228/03692 VUs, 21433 complete and 0 interrupted iterations
default   [  39% ] 00228/03692 VUs  05.9s/15s  3692.00 iters/s

running (06.9s), 00220/03692 VUs, 25131 complete and 0 interrupted iterations
default   [  46% ] 00220/03692 VUs  06.9s/15s  3692.00 iters/s

running (07.9s), 00199/03692 VUs, 28844 complete and 0 interrupted iterations
default   [  52% ] 00199/03692 VUs  07.9s/15s  3692.00 iters/s

running (08.9s), 00192/03692 VUs, 32546 complete and 0 interrupted iterations
default   [  59% ] 00192/03692 VUs  08.9s/15s  3692.00 iters/s

running (09.9s), 00234/03692 VUs, 36190 complete and 0 interrupted iterations
default   [  66% ] 00234/03692 VUs  09.9s/15s  3692.00 iters/s

running (10.9s), 00255/03692 VUs, 39864 complete and 0 interrupted iterations
default   [  72% ] 00255/03692 VUs  10.9s/15s  3692.00 iters/s

running (11.9s), 00229/03692 VUs, 43580 complete and 0 interrupted iterations
default   [  79% ] 00229/03692 VUs  11.9s/15s  3692.00 iters/s

running (12.9s), 00204/03692 VUs, 47296 complete and 0 interrupted iterations
default   [  86% ] 00204/03692 VUs  12.9s/15s  3692.00 iters/s

running (13.9s), 00220/03692 VUs, 50974 complete and 0 interrupted iterations
default   [  92% ] 00221/03692 VUs  13.9s/15s  3692.00 iters/s

running (14.9s), 00241/03692 VUs, 54645 complete and 0 interrupted iterations
default   [  99% ] 00242/03692 VUs  14.9s/15s  3692.00 iters/s


  █ TOTAL RESULTS 

    HTTP
    http_req_duration..............: avg=65.25ms min=40.78ms med=63.56ms max=121.26ms p(90)=77.46ms p(95)=83.88ms
      { expected_response:true }...: avg=65.25ms min=40.78ms med=63.56ms max=121.26ms p(90)=77.46ms p(95)=83.88ms
    http_req_failed................: 0.00% 0 out of 55166
    http_reqs......................: 55166 3676.2901/s

    EXECUTION
    iteration_duration.............: avg=65.35ms min=40.86ms med=63.66ms max=121.51ms p(90)=77.57ms p(95)=84ms   
    iterations.....................: 55166 3676.2901/s
    vus............................: 242   min=192        max=295 
    vus_max........................: 3692  min=3692       max=3692

    NETWORK
    data_received..................: 11 MB 746 kB/s
    data_sent......................: 11 MB 708 kB/s




running (15.0s), 00000/03692 VUs, 55163 complete and 218 interrupted iterations
default ✓ [ 100% ] 00218/03692 VUs  15s  3692.00 iters/s
