
         /\      Grafana   /‾‾/  
    /\  /  \     |\  __   /  /   
   /  \/    \    | |/ /  /   ‾‾\ 
  /          \   |   (  |  (‾)  |
 / __________ \  |_|\_\  \_____/ 

     execution: local
        script: workflow/online_boutique/k6_open_checkout.js
        output: -

     scenarios: (100.00%) 1 scenario, 10000 max VUs, 15s max duration (incl. graceful stop):
              * default: 218.00 iterations/s for 15s (maxVUs: 218-10000)


running (01.0s), 00048/00218 VUs, 167 complete and 0 interrupted iterations
default   [   7% ] 00048/00218 VUs  01.0s/15s  218.00 iters/s

running (02.0s), 00052/00218 VUs, 381 complete and 0 interrupted iterations
default   [  13% ] 00051/00218 VUs  02.0s/15s  218.00 iters/s

running (03.0s), 00050/00218 VUs, 601 complete and 0 interrupted iterations
default   [  20% ] 00050/00218 VUs  03.0s/15s  218.00 iters/s

running (04.0s), 00036/00218 VUs, 833 complete and 0 interrupted iterations
default   [  27% ] 00036/00218 VUs  04.0s/15s  218.00 iters/s

running (05.0s), 00054/00218 VUs, 1033 complete and 0 interrupted iterations
default   [  33% ] 00054/00218 VUs  05.0s/15s  218.00 iters/s

running (06.0s), 00038/00218 VUs, 1267 complete and 0 interrupted iterations
default   [  40% ] 00038/00218 VUs  06.0s/15s  218.00 iters/s

running (07.0s), 00056/00218 VUs, 1467 complete and 0 interrupted iterations
default   [  47% ] 00056/00218 VUs  07.0s/15s  218.00 iters/s

running (08.0s), 00041/00218 VUs, 1700 complete and 0 interrupted iterations
default   [  53% ] 00041/00218 VUs  08.0s/15s  218.00 iters/s

running (09.0s), 00058/00218 VUs, 1901 complete and 0 interrupted iterations
default   [  60% ] 00058/00218 VUs  09.0s/15s  218.00 iters/s

running (10.0s), 00043/00218 VUs, 2134 complete and 0 interrupted iterations
default   [  67% ] 00043/00218 VUs  10.0s/15s  218.00 iters/s

running (11.0s), 00062/00218 VUs, 2333 complete and 0 interrupted iterations
default   [  73% ] 00062/00218 VUs  11.0s/15s  218.00 iters/s

running (12.0s), 00046/00218 VUs, 2567 complete and 0 interrupted iterations
default   [  80% ] 00046/00218 VUs  12.0s/15s  218.00 iters/s

running (13.0s), 00064/00218 VUs, 2767 complete and 0 interrupted iterations
default   [  87% ] 00064/00218 VUs  13.0s/15s  218.00 iters/s

running (14.0s), 00049/00218 VUs, 3000 complete and 0 interrupted iterations
default   [  93% ] 00049/00218 VUs  14.0s/15s  218.00 iters/s

running (15.0s), 00049/00218 VUs, 3218 complete and 0 interrupted iterations
default   [ 100% ] 00049/00218 VUs  15.0s/15s  218.00 iters/s


  █ TOTAL RESULTS 

    CUSTOM
    online_boutique_application_errors...: 0.00%  0 out of 3234

    HTTP
    http_req_duration....................: avg=227.26ms min=144.83ms med=227.37ms max=317.05ms p(90)=285.74ms p(95)=293.14ms
      { expected_response:true }.........: avg=227.26ms min=144.83ms med=227.37ms max=317.05ms p(90)=285.74ms p(95)=293.14ms
    http_req_failed......................: 0.00%  0 out of 3234
    http_reqs............................: 3234   215.579956/s

    EXECUTION
    iteration_duration...................: avg=227.54ms min=145.02ms med=227.57ms max=317.22ms p(90)=285.96ms p(95)=293.43ms
    iterations...........................: 3234   215.579956/s
    vus..................................: 49     min=36        max=64 
    vus_max..............................: 218    min=218       max=218

    NETWORK
    data_received........................: 6.6 MB 437 kB/s
    data_sent............................: 1.8 MB 121 kB/s




running (15.0s), 00000/00218 VUs, 3234 complete and 36 interrupted iterations
default ✓ [ 100% ] 00036/00218 VUs  15s  218.00 iters/s
