
         /\      Grafana   /‾‾/  
    /\  /  \     |\  __   /  /   
   /  \/    \    | |/ /  /   ‾‾\ 
  /          \   |   (  |  (‾)  |
 / __________ \  |_|\_\  \_____/ 

     execution: local
        script: workflow/response/k6_open_client.js
        output: -

     scenarios: (100.00%) 1 scenario, 10000 max VUs, 15s max duration (incl. graceful stop):
              * default: 1203.00 iterations/s for 15s (maxVUs: 1203-10000)


running (00.9s), 00556/01203 VUs, 584 complete and 0 interrupted iterations
default   [   6% ] 00556/01203 VUs  00.9s/15s  1203.00 iters/s

running (01.9s), 01144/01203 VUs, 1199 complete and 0 interrupted iterations
default   [  13% ] 01144/01203 VUs  01.9s/15s  1203.00 iters/s

running (02.9s), 01464/01464 VUs, 1798 complete and 0 interrupted iterations
default   [  20% ] 01464/01464 VUs  02.9s/15s  1203.00 iters/s

running (03.9s), 01748/01749 VUs, 2411 complete and 0 interrupted iterations
default   [  26% ] 01748/01749 VUs  03.9s/15s  1203.00 iters/s

running (04.9s), 02021/02021 VUs, 3039 complete and 0 interrupted iterations
default   [  33% ] 02021/02021 VUs  04.9s/15s  1203.00 iters/s

running (05.9s), 02301/02301 VUs, 3655 complete and 0 interrupted iterations
default   [  40% ] 02301/02301 VUs  05.9s/15s  1203.00 iters/s

running (06.9s), 02583/02584 VUs, 4261 complete and 0 interrupted iterations
default   [  46% ] 02584/02584 VUs  06.9s/15s  1203.00 iters/s

running (07.9s), 02860/02861 VUs, 4872 complete and 0 interrupted iterations
default   [  53% ] 02860/02861 VUs  07.9s/15s  1203.00 iters/s

running (08.9s), 03143/03143 VUs, 5481 complete and 0 interrupted iterations
default   [  60% ] 03143/03143 VUs  08.9s/15s  1203.00 iters/s

running (09.9s), 03434/03434 VUs, 6070 complete and 0 interrupted iterations
default   [  66% ] 03434/03434 VUs  09.9s/15s  1203.00 iters/s

running (10.9s), 03715/03715 VUs, 6685 complete and 0 interrupted iterations
default   [  73% ] 03715/03715 VUs  10.9s/15s  1203.00 iters/s

running (11.9s), 03979/03979 VUs, 7302 complete and 0 interrupted iterations
default   [  80% ] 03979/03979 VUs  11.9s/15s  1203.00 iters/s

running (12.9s), 04263/04263 VUs, 7918 complete and 0 interrupted iterations
default   [  86% ] 04263/04263 VUs  12.9s/15s  1203.00 iters/s

running (13.9s), 04530/04531 VUs, 8558 complete and 0 interrupted iterations
default   [  93% ] 04530/04531 VUs  13.9s/15s  1203.00 iters/s

running (14.9s), 04814/04814 VUs, 9170 complete and 0 interrupted iterations
default   [ 100% ] 04814/04814 VUs  14.9s/15s  1203.00 iters/s


  █ TOTAL RESULTS 

    HTTP
    http_req_duration..............: avg=2.98s min=1.99ms med=3.07s max=5.4s  p(90)=4.97s p(95)=5.18s
      { expected_response:true }...: avg=2.98s min=1.99ms med=3.07s max=5.4s  p(90)=4.97s p(95)=5.18s
    http_req_failed................: 0.00%  0 out of 9212
    http_reqs......................: 9212   612.398689/s

    EXECUTION
    dropped_iterations.............: 4015   266.910632/s
    iteration_duration.............: avg=2.98s min=2.06ms med=3.07s max=5.42s p(90)=4.97s p(95)=5.18s
    iterations.....................: 9212   612.398689/s
    vus............................: 4814   min=555       max=4814
    vus_max........................: 4814   min=1203      max=4814

    NETWORK
    data_received..................: 1.9 MB 124 kB/s
    data_sent......................: 2.7 MB 183 kB/s




running (15.0s), 00000/04830 VUs, 9202 complete and 4830 interrupted iterations
default ✓ [ 100% ] 04830/04830 VUs  15s  1203.00 iters/s
