
         /\      Grafana   /‾‾/  
    /\  /  \     |\  __   /  /   
   /  \/    \    | |/ /  /   ‾‾\ 
  /          \   |   (  |  (‾)  |
 / __________ \  |_|\_\  \_____/ 

     execution: local
        script: workflow/write/k6_open_client.js
        output: -

     scenarios: (100.00%) 1 scenario, 10000 max VUs, 15s max duration (incl. graceful stop):
              * default: 8248.00 iterations/s for 15s (maxVUs: 8248-10000)


running (00.8s), 01772/08248 VUs, 4438 complete and 0 interrupted iterations
default   [   5% ] 01772/08248 VUs  00.8s/15s  8248.00 iters/s

running (01.8s), 02875/08248 VUs, 11584 complete and 0 interrupted iterations
default   [  12% ] 02875/08248 VUs  01.8s/15s  8248.00 iters/s

running (02.8s), 03222/08248 VUs, 19486 complete and 0 interrupted iterations
default   [  18% ] 03222/08248 VUs  02.8s/15s  8248.00 iters/s

running (03.8s), 03619/08248 VUs, 27335 complete and 0 interrupted iterations
default   [  25% ] 03619/08248 VUs  03.8s/15s  8248.00 iters/s

running (04.8s), 04060/08248 VUs, 35144 complete and 0 interrupted iterations
default   [  32% ] 04060/08248 VUs  04.8s/15s  8248.00 iters/s

running (05.8s), 04453/08248 VUs, 42997 complete and 0 interrupted iterations
default   [  38% ] 04453/08248 VUs  05.8s/15s  8248.00 iters/s

running (06.8s), 04568/08248 VUs, 51130 complete and 0 interrupted iterations
default   [  45% ] 04568/08248 VUs  06.8s/15s  8248.00 iters/s

running (07.8s), 04713/08248 VUs, 59233 complete and 0 interrupted iterations
default   [  52% ] 04713/08248 VUs  07.8s/15s  8248.00 iters/s

running (08.8s), 05130/08248 VUs, 67064 complete and 0 interrupted iterations
default   [  58% ] 05130/08248 VUs  08.8s/15s  8248.00 iters/s

running (09.8s), 05180/08248 VUs, 75263 complete and 0 interrupted iterations
default   [  65% ] 05180/08248 VUs  09.8s/15s  8248.00 iters/s

running (10.8s), 05660/08248 VUs, 83030 complete and 0 interrupted iterations
default   [  72% ] 05659/08248 VUs  10.8s/15s  8248.00 iters/s

running (11.8s), 06179/08248 VUs, 90760 complete and 0 interrupted iterations
default   [  78% ] 06178/08248 VUs  11.8s/15s  8248.00 iters/s

running (12.8s), 06387/08248 VUs, 98800 complete and 0 interrupted iterations
default   [  85% ] 06387/08248 VUs  12.8s/15s  8248.00 iters/s

running (13.8s), 06542/08248 VUs, 106892 complete and 0 interrupted iterations
default   [  92% ] 06542/08248 VUs  13.8s/15s  8248.00 iters/s

running (14.8s), 06622/08248 VUs, 115061 complete and 0 interrupted iterations
default   [  98% ] 06622/08248 VUs  14.8s/15s  8248.00 iters/s


  █ TOTAL RESULTS 

    HTTP
    http_req_duration..............: avg=570.88ms min=577.83µs med=570.61ms max=1.67s p(90)=793.45ms p(95)=805.68ms
      { expected_response:true }...: avg=570.88ms min=577.83µs med=570.61ms max=1.67s p(90)=793.45ms p(95)=805.68ms
    http_req_failed................: 0.00%  0 out of 117224
    http_reqs......................: 117224 7777.418657/s

    EXECUTION
    iteration_duration.............: avg=571.08ms min=636.92µs med=570.66ms max=1.67s p(90)=793.51ms p(95)=805.75ms
    iterations.....................: 117224 7777.418657/s
    vus............................: 6621   min=1772        max=6621
    vus_max........................: 8248   min=8248        max=8248

    NETWORK
    data_received..................: 24 MB  1.6 MB/s
    data_sent......................: 12 MB  821 kB/s




running (15.1s), 00000/08248 VUs, 117190 complete and 6531 interrupted iterations
default ✓ [ 100% ] 06531/08248 VUs  15s  8248.00 iters/s
