
         /\      Grafana   /‾‾/  
    /\  /  \     |\  __   /  /   
   /  \/    \    | |/ /  /   ‾‾\ 
  /          \   |   (  |  (‾)  |
 / __________ \  |_|\_\  \_____/ 

     execution: local
        script: workflow/media/k6_open_review_compose.js
        output: -

     scenarios: (100.00%) 1 scenario, 10000 max VUs, 10s max duration (incl. graceful stop):
              * default: 354.00 iterations/s for 10s (maxVUs: 354-10000)


running (01.0s), 00020/00354 VUs, 327 complete and 0 interrupted iterations
default   [  10% ] 00020/00354 VUs  01.0s/10s  354.00 iters/s

running (02.0s), 00030/00354 VUs, 671 complete and 0 interrupted iterations
default   [  20% ] 00030/00354 VUs  02.0s/10s  354.00 iters/s

running (03.0s), 00047/00354 VUs, 1008 complete and 0 interrupted iterations
default   [  30% ] 00047/00354 VUs  03.0s/10s  354.00 iters/s

running (04.0s), 00059/00354 VUs, 1350 complete and 0 interrupted iterations
default   [  40% ] 00059/00354 VUs  04.0s/10s  354.00 iters/s

running (05.0s), 00070/00354 VUs, 1693 complete and 0 interrupted iterations
default   [  50% ] 00070/00354 VUs  05.0s/10s  354.00 iters/s

running (06.0s), 00086/00354 VUs, 2031 complete and 0 interrupted iterations
default   [  60% ] 00086/00354 VUs  06.0s/10s  354.00 iters/s

running (07.0s), 00106/00354 VUs, 2365 complete and 0 interrupted iterations
default   [  70% ] 00106/00354 VUs  07.0s/10s  354.00 iters/s

running (08.0s), 00113/00354 VUs, 2712 complete and 0 interrupted iterations
default   [  80% ] 00113/00354 VUs  08.0s/10s  354.00 iters/s

running (09.0s), 00121/00354 VUs, 3058 complete and 0 interrupted iterations
default   [  90% ] 00121/00354 VUs  09.0s/10s  354.00 iters/s

running (10.0s), 00130/00354 VUs, 3403 complete and 0 interrupted iterations
default   [ 100% ] 00130/00354 VUs  10.0s/10s  354.00 iters/s


  █ TOTAL RESULTS 

    HTTP
    http_req_duration..............: avg=200.71ms min=7.06ms med=196.08ms max=370.3ms  p(90)=339.77ms p(95)=353.26ms
      { expected_response:true }...: avg=200.71ms min=7.06ms med=196.08ms max=370.3ms  p(90)=339.77ms p(95)=353.26ms
    http_req_failed................: 0.00%  0 out of 3411
    http_reqs......................: 3411   341.021628/s

    EXECUTION
    iteration_duration.............: avg=200.84ms min=7.69ms med=196.2ms  max=370.42ms p(90)=339.9ms  p(95)=353.39ms
    iterations.....................: 3411   341.021628/s
    vus............................: 131    min=20        max=131
    vus_max........................: 354    min=354       max=354

    NETWORK
    data_received..................: 784 kB 78 kB/s
    data_sent......................: 2.0 MB 197 kB/s




running (10.0s), 00000/00354 VUs, 3410 complete and 131 interrupted iterations
default ✓ [ 100% ] 00131/00354 VUs  10s  354.00 iters/s
