
         /\      Grafana   /‾‾/  
    /\  /  \     |\  __   /  /   
   /  \/    \    | |/ /  /   ‾‾\ 
  /          \   |   (  |  (‾)  |
 / __________ \  |_|\_\  \_____/ 

     execution: local
        script: workflow/write/k6_open_client.js
        output: -

     scenarios: (100.00%) 1 scenario, 10000 max VUs, 15s max duration (incl. graceful stop):
              * default: 5449.00 iterations/s for 15s (maxVUs: 5449-10000)


running (00.8s), 00505/05449 VUs, 3998 complete and 0 interrupted iterations
default   [   6% ] 00505/05449 VUs  00.8s/15s  5449.00 iters/s

running (01.8s), 00635/05449 VUs, 9377 complete and 0 interrupted iterations
default   [  12% ] 00637/05449 VUs  01.8s/15s  5449.00 iters/s

running (02.8s), 00330/05449 VUs, 15137 complete and 0 interrupted iterations
default   [  19% ] 00330/05449 VUs  02.8s/15s  5449.00 iters/s

running (03.8s), 00347/05449 VUs, 20568 complete and 0 interrupted iterations
default   [  26% ] 00347/05449 VUs  03.8s/15s  5449.00 iters/s

running (04.8s), 00272/05449 VUs, 26091 complete and 0 interrupted iterations
default   [  32% ] 00272/05449 VUs  04.8s/15s  5449.00 iters/s

running (05.8s), 00233/05449 VUs, 31577 complete and 0 interrupted iterations
default   [  39% ] 00233/05449 VUs  05.8s/15s  5449.00 iters/s

running (06.8s), 00235/05449 VUs, 37026 complete and 0 interrupted iterations
default   [  46% ] 00235/05449 VUs  06.8s/15s  5449.00 iters/s

running (07.8s), 00253/05449 VUs, 42457 complete and 0 interrupted iterations
default   [  52% ] 00253/05449 VUs  07.8s/15s  5449.00 iters/s

running (08.8s), 00356/05449 VUs, 47803 complete and 0 interrupted iterations
default   [  59% ] 00356/05449 VUs  08.8s/15s  5449.00 iters/s

running (09.8s), 00251/05449 VUs, 53357 complete and 0 interrupted iterations
default   [  66% ] 00251/05449 VUs  09.8s/15s  5449.00 iters/s

running (10.8s), 00317/05449 VUs, 58741 complete and 0 interrupted iterations
default   [  72% ] 00317/05449 VUs  10.8s/15s  5449.00 iters/s

running (11.8s), 00245/05449 VUs, 64261 complete and 0 interrupted iterations
default   [  79% ] 00245/05449 VUs  11.8s/15s  5449.00 iters/s

running (12.8s), 00256/05449 VUs, 69698 complete and 0 interrupted iterations
default   [  86% ] 00256/05449 VUs  12.8s/15s  5449.00 iters/s

running (13.8s), 00282/05449 VUs, 75122 complete and 0 interrupted iterations
default   [  92% ] 00282/05449 VUs  13.8s/15s  5449.00 iters/s

running (14.8s), 00245/05449 VUs, 80608 complete and 0 interrupted iterations
default   [  99% ] 00245/05449 VUs  14.8s/15s  5449.00 iters/s


  █ TOTAL RESULTS 

    HTTP
    http_req_duration..............: avg=62.54ms min=35.21ms med=53.46ms max=227.24ms p(90)=104.67ms p(95)=117.15ms
      { expected_response:true }...: avg=62.54ms min=35.21ms med=53.46ms max=227.24ms p(90)=104.67ms p(95)=117.15ms
    http_req_failed................: 0.00%  0 out of 81479
    http_reqs......................: 81479  5428.543795/s

    EXECUTION
    iteration_duration.............: avg=62.91ms min=35.25ms med=53.55ms max=231.67ms p(90)=106.92ms p(95)=118.32ms
    iterations.....................: 81479  5428.543795/s
    vus............................: 245    min=234        max=641 
    vus_max........................: 5449   min=5449       max=5449

    NETWORK
    data_received..................: 17 MB  1.1 MB/s
    data_sent......................: 8.2 MB 545 kB/s




running (15.0s), 00000/05449 VUs, 81474 complete and 261 interrupted iterations
default ✓ [ 100% ] 00260/05449 VUs  15s  5449.00 iters/s
