
         /\      Grafana   /‾‾/  
    /\  /  \     |\  __   /  /   
   /  \/    \    | |/ /  /   ‾‾\ 
  /          \   |   (  |  (‾)  |
 / __________ \  |_|\_\  \_____/ 

     execution: local
        script: workflow/online_boutique/k6_open_add_to_cart.js
        output: -

     scenarios: (100.00%) 1 scenario, 10000 max VUs, 15s max duration (incl. graceful stop):
              * default: 4882.00 iterations/s for 15s (maxVUs: 4882-10000)


running (00.8s), 02025/04882 VUs, 2008 complete and 0 interrupted iterations
default   [   6% ] 02025/04882 VUs  00.8s/15s  4882.00 iters/s

running (01.8s), 02270/04882 VUs, 6644 complete and 0 interrupted iterations
default   [  12% ] 02271/04882 VUs  01.8s/15s  4882.00 iters/s

running (02.8s), 02144/04882 VUs, 11653 complete and 0 interrupted iterations
default   [  19% ] 02144/04882 VUs  02.8s/15s  4882.00 iters/s

running (03.8s), 01896/04882 VUs, 16783 complete and 0 interrupted iterations
default   [  26% ] 01896/04882 VUs  03.8s/15s  4882.00 iters/s

running (04.8s), 01893/04882 VUs, 21668 complete and 0 interrupted iterations
default   [  32% ] 01893/04882 VUs  04.8s/15s  4882.00 iters/s

running (05.8s), 01912/04882 VUs, 26532 complete and 0 interrupted iterations
default   [  39% ] 01912/04882 VUs  05.8s/15s  4882.00 iters/s

running (06.8s), 01887/04882 VUs, 31438 complete and 0 interrupted iterations
default   [  46% ] 01887/04882 VUs  06.8s/15s  4882.00 iters/s

running (07.8s), 02011/04882 VUs, 36196 complete and 0 interrupted iterations
default   [  52% ] 02011/04882 VUs  07.8s/15s  4882.00 iters/s

running (08.8s), 01807/04882 VUs, 41282 complete and 0 interrupted iterations
default   [  59% ] 01807/04882 VUs  08.8s/15s  4882.00 iters/s

running (09.8s), 01610/04882 VUs, 46361 complete and 0 interrupted iterations
default   [  66% ] 01610/04882 VUs  09.8s/15s  4882.00 iters/s

running (10.8s), 01639/04882 VUs, 51215 complete and 0 interrupted iterations
default   [  72% ] 01639/04882 VUs  10.8s/15s  4882.00 iters/s

running (11.8s), 01908/04882 VUs, 55827 complete and 0 interrupted iterations
default   [  79% ] 01908/04882 VUs  11.8s/15s  4882.00 iters/s

running (12.8s), 02258/04882 VUs, 60359 complete and 0 interrupted iterations
default   [  86% ] 02258/04882 VUs  12.8s/15s  4882.00 iters/s

running (13.8s), 01988/04882 VUs, 65511 complete and 0 interrupted iterations
default   [  92% ] 01987/04882 VUs  13.8s/15s  4882.00 iters/s

running (14.8s), 02062/04882 VUs, 70319 complete and 0 interrupted iterations
default   [  99% ] 02062/04882 VUs  14.8s/15s  4882.00 iters/s


  █ TOTAL RESULTS 

    CUSTOM
    online_boutique_application_errors...: 0.00% 0 out of 71275

    HTTP
    http_req_duration....................: avg=396.87ms min=315.36ms med=391.75ms max=523.37ms p(90)=450.41ms p(95)=459.94ms
      { expected_response:true }.........: avg=396.87ms min=315.36ms med=391.75ms max=523.37ms p(90)=450.41ms p(95)=459.94ms
    http_req_failed......................: 0.00% 0 out of 71286
    http_reqs............................: 71286 4746.142263/s

    EXECUTION
    iteration_duration...................: avg=397.09ms min=315.56ms med=391.94ms max=523.79ms p(90)=450.73ms p(95)=460.29ms
    iterations...........................: 71286 4746.142263/s
    vus..................................: 2061  min=1610       max=2273
    vus_max..............................: 4882  min=4882       max=4882

    NETWORK
    data_received........................: 62 MB 4.1 MB/s
    data_sent............................: 19 MB 1.3 MB/s




running (15.0s), 00000/04882 VUs, 71266 complete and 1965 interrupted iterations
default ✓ [ 100% ] 01965/04882 VUs  15s  4882.00 iters/s
