
         /\      Grafana   /‾‾/  
    /\  /  \     |\  __   /  /   
   /  \/    \    | |/ /  /   ‾‾\ 
  /          \   |   (  |  (‾)  |
 / __________ \  |_|\_\  \_____/ 

     execution: local
        script: workflow/spin/k6_open_client.js
        output: -

     scenarios: (100.00%) 1 scenario, 10000 max VUs, 15s max duration (incl. graceful stop):
              * default: 3646.00 iterations/s for 15s (maxVUs: 3646-10000)


running (00.9s), 00058/03646 VUs, 3161 complete and 0 interrupted iterations
default   [   6% ] 00058/03646 VUs  00.9s/15s  3646.00 iters/s

running (01.9s), 00026/03646 VUs, 6837 complete and 0 interrupted iterations
default   [  13% ] 00026/03646 VUs  01.9s/15s  3646.00 iters/s

running (02.9s), 00019/03646 VUs, 10492 complete and 0 interrupted iterations
default   [  19% ] 00019/03646 VUs  02.9s/15s  3646.00 iters/s

running (03.9s), 00016/03646 VUs, 14141 complete and 0 interrupted iterations
default   [  26% ] 00016/03646 VUs  03.9s/15s  3646.00 iters/s

running (04.9s), 00020/03646 VUs, 17784 complete and 0 interrupted iterations
default   [  33% ] 00020/03646 VUs  04.9s/15s  3646.00 iters/s

running (05.9s), 00016/03646 VUs, 21433 complete and 0 interrupted iterations
default   [  39% ] 00016/03646 VUs  05.9s/15s  3646.00 iters/s

running (06.9s), 00023/03646 VUs, 25074 complete and 0 interrupted iterations
default   [  46% ] 00023/03646 VUs  06.9s/15s  3646.00 iters/s

running (07.9s), 00029/03646 VUs, 28713 complete and 0 interrupted iterations
default   [  53% ] 00029/03646 VUs  07.9s/15s  3646.00 iters/s

running (08.9s), 00016/03646 VUs, 32371 complete and 0 interrupted iterations
default   [  59% ] 00016/03646 VUs  08.9s/15s  3646.00 iters/s

running (09.9s), 00031/03646 VUs, 36003 complete and 0 interrupted iterations
default   [  66% ] 00031/03646 VUs  09.9s/15s  3646.00 iters/s

running (10.9s), 00018/03646 VUs, 39661 complete and 0 interrupted iterations
default   [  73% ] 00018/03646 VUs  10.9s/15s  3646.00 iters/s

running (11.9s), 00015/03646 VUs, 43310 complete and 0 interrupted iterations
default   [  79% ] 00015/03646 VUs  11.9s/15s  3646.00 iters/s

running (12.9s), 00021/03646 VUs, 46951 complete and 0 interrupted iterations
default   [  86% ] 00021/03646 VUs  12.9s/15s  3646.00 iters/s

running (13.9s), 00017/03646 VUs, 50601 complete and 0 interrupted iterations
default   [  93% ] 00017/03646 VUs  13.9s/15s  3646.00 iters/s

running (14.9s), 00017/03646 VUs, 54247 complete and 0 interrupted iterations
default   [  99% ] 00017/03646 VUs  14.9s/15s  3646.00 iters/s


  █ TOTAL RESULTS 

    HTTP
    http_req_duration..............: avg=5.81ms min=3.59ms med=4.73ms max=69.15ms p(90)=7.54ms p(95)=9.43ms 
      { expected_response:true }...: avg=5.81ms min=3.59ms med=4.73ms max=69.15ms p(90)=7.54ms p(95)=9.43ms 
    http_req_failed................: 0.00% 0 out of 54679
    http_reqs......................: 54679 3643.96745/s

    EXECUTION
    iteration_duration.............: avg=6.13ms min=3.66ms med=4.84ms max=69.26ms p(90)=8.52ms p(95)=12.92ms
    iterations.....................: 54679 3643.96745/s
    vus............................: 17    min=15         max=57  
    vus_max........................: 3646  min=3646       max=3646

    NETWORK
    data_received..................: 11 MB 740 kB/s
    data_sent......................: 11 MB 699 kB/s




running (15.0s), 00000/03646 VUs, 54676 complete and 15 interrupted iterations
default ✓ [ 100% ] 00015/03646 VUs  15s  3646.00 iters/s
