
         /\      Grafana   /‾‾/  
    /\  /  \     |\  __   /  /   
   /  \/    \    | |/ /  /   ‾‾\ 
  /          \   |   (  |  (‾)  |
 / __________ \  |_|\_\  \_____/ 

     execution: local
        script: workflow/spin/k6_open_client.js
        output: -

     scenarios: (100.00%) 1 scenario, 10000 max VUs, 15s max duration (incl. graceful stop):
              * default: 3766.00 iterations/s for 15s (maxVUs: 3766-10000)


running (00.9s), 00260/03766 VUs, 3027 complete and 0 interrupted iterations
default   [   6% ] 00260/03766 VUs  00.9s/15s  3766.00 iters/s

running (01.9s), 00250/03766 VUs, 6803 complete and 0 interrupted iterations
default   [  12% ] 00250/03766 VUs  01.9s/15s  3766.00 iters/s

running (02.9s), 00222/03766 VUs, 10597 complete and 0 interrupted iterations
default   [  19% ] 00222/03766 VUs  02.9s/15s  3766.00 iters/s

running (03.9s), 00214/03766 VUs, 14368 complete and 0 interrupted iterations
default   [  26% ] 00214/03766 VUs  03.9s/15s  3766.00 iters/s

running (04.9s), 00225/03766 VUs, 18127 complete and 0 interrupted iterations
default   [  32% ] 00226/03766 VUs  04.9s/15s  3766.00 iters/s

running (05.9s), 00245/03766 VUs, 21871 complete and 0 interrupted iterations
default   [  39% ] 00245/03766 VUs  05.9s/15s  3766.00 iters/s

running (06.9s), 00198/03766 VUs, 25685 complete and 0 interrupted iterations
default   [  46% ] 00198/03766 VUs  06.9s/15s  3766.00 iters/s

running (07.9s), 00199/03766 VUs, 29452 complete and 0 interrupted iterations
default   [  52% ] 00199/03766 VUs  07.9s/15s  3766.00 iters/s

running (08.9s), 00217/03766 VUs, 33200 complete and 0 interrupted iterations
default   [  59% ] 00217/03766 VUs  08.9s/15s  3766.00 iters/s

running (09.9s), 00228/03766 VUs, 36953 complete and 0 interrupted iterations
default   [  66% ] 00228/03766 VUs  09.9s/15s  3766.00 iters/s

running (10.9s), 00227/03766 VUs, 40722 complete and 0 interrupted iterations
default   [  72% ] 00227/03766 VUs  10.9s/15s  3766.00 iters/s

running (11.9s), 00199/03766 VUs, 44514 complete and 0 interrupted iterations
default   [  79% ] 00199/03766 VUs  11.9s/15s  3766.00 iters/s

running (12.9s), 00227/03766 VUs, 48251 complete and 0 interrupted iterations
default   [  86% ] 00227/03766 VUs  12.9s/15s  3766.00 iters/s

running (13.9s), 00262/03766 VUs, 51983 complete and 0 interrupted iterations
default   [  92% ] 00262/03766 VUs  13.9s/15s  3766.00 iters/s

running (14.9s), 00291/03766 VUs, 55718 complete and 0 interrupted iterations
default   [  99% ] 00291/03766 VUs  14.9s/15s  3766.00 iters/s


  █ TOTAL RESULTS 

    HTTP
    http_req_duration..............: avg=61.53ms min=35.98ms med=60.81ms max=107.05ms p(90)=70.55ms p(95)=74.3ms
      { expected_response:true }...: avg=61.53ms min=35.98ms med=60.81ms max=107.05ms p(90)=70.55ms p(95)=74.3ms
    http_req_failed................: 0.00% 0 out of 56225
    http_reqs......................: 56225 3746.530427/s

    EXECUTION
    iteration_duration.............: avg=61.63ms min=36.16ms med=60.9ms  max=109.74ms p(90)=70.65ms p(95)=74.4ms
    iterations.....................: 56224 3746.463792/s
    vus............................: 291   min=198        max=291 
    vus_max........................: 3766  min=3766       max=3766

    NETWORK
    data_received..................: 11 MB 761 kB/s
    data_sent......................: 11 MB 722 kB/s




running (15.0s), 00000/03766 VUs, 56216 complete and 275 interrupted iterations
default ✓ [ 100% ] 00275/03766 VUs  15s  3766.00 iters/s
