
         /\      Grafana   /‾‾/  
    /\  /  \     |\  __   /  /   
   /  \/    \    | |/ /  /   ‾‾\ 
  /          \   |   (  |  (‾)  |
 / __________ \  |_|\_\  \_____/ 

     execution: local
        script: workflow/spin/k6_open_client.js
        output: -

     scenarios: (100.00%) 1 scenario, 10000 max VUs, 15s max duration (incl. graceful stop):
              * default: 2300.00 iterations/s for 15s (maxVUs: 2300-10000)


running (00.9s), 00152/02300 VUs, 1965 complete and 0 interrupted iterations
default   [   6% ] 00152/02300 VUs  00.9s/15s  2300.00 iters/s

running (01.9s), 00166/02300 VUs, 4249 complete and 0 interrupted iterations
default   [  13% ] 00166/02300 VUs  01.9s/15s  2300.00 iters/s

running (02.9s), 00156/02300 VUs, 6561 complete and 0 interrupted iterations
default   [  19% ] 00156/02300 VUs  02.9s/15s  2300.00 iters/s

running (03.9s), 00160/02300 VUs, 8855 complete and 0 interrupted iterations
default   [  26% ] 00160/02300 VUs  03.9s/15s  2300.00 iters/s

running (04.9s), 00118/02300 VUs, 11197 complete and 0 interrupted iterations
default   [  33% ] 00118/02300 VUs  04.9s/15s  2300.00 iters/s

running (05.9s), 00157/02300 VUs, 13458 complete and 0 interrupted iterations
default   [  39% ] 00157/02300 VUs  05.9s/15s  2300.00 iters/s

running (06.9s), 00144/02300 VUs, 15771 complete and 0 interrupted iterations
default   [  46% ] 00144/02300 VUs  06.9s/15s  2300.00 iters/s

running (07.9s), 00175/02300 VUs, 18041 complete and 0 interrupted iterations
default   [  53% ] 00175/02300 VUs  07.9s/15s  2300.00 iters/s

running (08.9s), 00128/02300 VUs, 20389 complete and 0 interrupted iterations
default   [  59% ] 00128/02300 VUs  08.9s/15s  2300.00 iters/s

running (09.9s), 00126/02300 VUs, 22689 complete and 0 interrupted iterations
default   [  66% ] 00126/02300 VUs  09.9s/15s  2300.00 iters/s

running (10.9s), 00140/02300 VUs, 24976 complete and 0 interrupted iterations
default   [  73% ] 00140/02300 VUs  10.9s/15s  2300.00 iters/s

running (11.9s), 00160/02300 VUs, 27256 complete and 0 interrupted iterations
default   [  79% ] 00160/02300 VUs  11.9s/15s  2300.00 iters/s

running (12.9s), 00185/02300 VUs, 29531 complete and 0 interrupted iterations
default   [  86% ] 00185/02300 VUs  12.9s/15s  2300.00 iters/s

running (13.9s), 00112/02300 VUs, 31902 complete and 0 interrupted iterations
default   [  93% ] 00112/02300 VUs  13.9s/15s  2300.00 iters/s

running (14.9s), 00172/02300 VUs, 34142 complete and 0 interrupted iterations
default   [  99% ] 00172/02300 VUs  14.9s/15s  2300.00 iters/s


  █ TOTAL RESULTS 

    HTTP
    http_req_duration..............: avg=66.91ms min=36.22ms med=66.78ms max=107.98ms p(90)=84.02ms p(95)=87.66ms
      { expected_response:true }...: avg=66.91ms min=36.22ms med=66.78ms max=107.98ms p(90)=84.02ms p(95)=87.66ms
    http_req_failed................: 0.00%  0 out of 34364
    http_reqs......................: 34364  2290.266168/s

    EXECUTION
    iteration_duration.............: avg=67.01ms min=36.32ms med=66.88ms max=108.64ms p(90)=84.11ms p(95)=87.76ms
    iterations.....................: 34364  2290.266168/s
    vus............................: 172    min=112        max=183 
    vus_max........................: 2300   min=2300       max=2300

    NETWORK
    data_received..................: 7.0 MB 465 kB/s
    data_sent......................: 6.6 MB 441 kB/s




running (15.0s), 00000/02300 VUs, 34364 complete and 138 interrupted iterations
default ✓ [ 100% ] 00138/02300 VUs  15s  2300.00 iters/s
