
         /\      Grafana   /‾‾/  
    /\  /  \     |\  __   /  /   
   /  \/    \    | |/ /  /   ‾‾\ 
  /          \   |   (  |  (‾)  |
 / __________ \  |_|\_\  \_____/ 

     execution: local
        script: workflow/spin/k6_open_client.js
        output: -

     scenarios: (100.00%) 1 scenario, 10000 max VUs, 15s max duration (incl. graceful stop):
              * default: 1808.00 iterations/s for 15s (maxVUs: 1808-10000)


running (00.9s), 00089/01808 VUs, 1613 complete and 0 interrupted iterations
default   [   6% ] 00089/01808 VUs  00.9s/15s  1808.00 iters/s

running (01.9s), 00095/01808 VUs, 3414 complete and 0 interrupted iterations
default   [  13% ] 00095/01808 VUs  01.9s/15s  1808.00 iters/s

running (02.9s), 00096/01808 VUs, 5221 complete and 0 interrupted iterations
default   [  20% ] 00096/01808 VUs  02.9s/15s  1808.00 iters/s

running (03.9s), 00085/01808 VUs, 7038 complete and 0 interrupted iterations
default   [  26% ] 00085/01808 VUs  03.9s/15s  1808.00 iters/s

running (04.9s), 00074/01808 VUs, 8861 complete and 0 interrupted iterations
default   [  33% ] 00074/01808 VUs  04.9s/15s  1808.00 iters/s

running (05.9s), 00055/01808 VUs, 10688 complete and 0 interrupted iterations
default   [  40% ] 00055/01808 VUs  05.9s/15s  1808.00 iters/s

running (06.9s), 00068/01808 VUs, 12482 complete and 0 interrupted iterations
default   [  46% ] 00068/01808 VUs  06.9s/15s  1808.00 iters/s

running (07.9s), 00075/01808 VUs, 14282 complete and 0 interrupted iterations
default   [  53% ] 00075/01808 VUs  07.9s/15s  1808.00 iters/s

running (08.9s), 00072/01808 VUs, 16093 complete and 0 interrupted iterations
default   [  60% ] 00072/01808 VUs  08.9s/15s  1808.00 iters/s

running (09.9s), 00079/01808 VUs, 17895 complete and 0 interrupted iterations
default   [  66% ] 00079/01808 VUs  09.9s/15s  1808.00 iters/s

running (10.9s), 00079/01808 VUs, 19702 complete and 0 interrupted iterations
default   [  73% ] 00079/01808 VUs  10.9s/15s  1808.00 iters/s

running (11.9s), 00065/01808 VUs, 21522 complete and 0 interrupted iterations
default   [  80% ] 00065/01808 VUs  11.9s/15s  1808.00 iters/s

running (12.9s), 00076/01808 VUs, 23323 complete and 0 interrupted iterations
default   [  86% ] 00076/01808 VUs  12.9s/15s  1808.00 iters/s

running (13.9s), 00059/01808 VUs, 25146 complete and 0 interrupted iterations
default   [  93% ] 00059/01808 VUs  13.9s/15s  1808.00 iters/s

running (14.9s), 00076/01808 VUs, 26939 complete and 0 interrupted iterations
default   [ 100% ] 00076/01808 VUs  14.9s/15s  1808.00 iters/s


  █ TOTAL RESULTS 

    HTTP
    http_req_duration..............: avg=38.79ms min=21.81ms med=38.73ms max=74.58ms p(90)=49.2ms  p(95)=50.89ms
      { expected_response:true }...: avg=38.79ms min=21.81ms med=38.73ms max=74.58ms p(90)=49.2ms  p(95)=50.89ms
    http_req_failed................: 0.00%  0 out of 27058
    http_reqs......................: 27058  1803.440951/s

    EXECUTION
    iteration_duration.............: avg=38.88ms min=21.92ms med=38.81ms max=74.68ms p(90)=49.28ms p(95)=50.99ms
    iterations.....................: 27058  1803.440951/s
    vus............................: 74     min=55         max=96  
    vus_max........................: 1808   min=1808       max=1808

    NETWORK
    data_received..................: 5.5 MB 366 kB/s
    data_sent......................: 5.2 MB 347 kB/s




running (15.0s), 00000/01808 VUs, 27058 complete and 64 interrupted iterations
default ✓ [ 100% ] 00064/01808 VUs  15s  1808.00 iters/s
