
         /\      Grafana   /‾‾/  
    /\  /  \     |\  __   /  /   
   /  \/    \    | |/ /  /   ‾‾\ 
  /          \   |   (  |  (‾)  |
 / __________ \  |_|\_\  \_____/ 

     execution: local
        script: workflow/social/k6_open_client.js
        output: -

     scenarios: (100.00%) 1 scenario, 10000 max VUs, 15s max duration (incl. graceful stop):
              * default: 6062.00 iterations/s for 15s (maxVUs: 6062-10000)


running (00.8s), 01465/06062 VUs, 3149 complete and 0 interrupted iterations
default   [   5% ] 01465/06062 VUs  00.8s/15s  6062.00 iters/s

running (01.8s), 03160/06062 VUs, 7675 complete and 0 interrupted iterations
default   [  12% ] 03160/06062 VUs  01.8s/15s  6062.00 iters/s

running (02.8s), 04597/06062 VUs, 12303 complete and 0 interrupted iterations
default   [  19% ] 04597/06062 VUs  02.8s/15s  6062.00 iters/s

running (03.8s), 05927/06062 VUs, 17032 complete and 0 interrupted iterations
default   [  25% ] 05927/06062 VUs  03.8s/15s  6062.00 iters/s

running (04.8s), 06346/06347 VUs, 21934 complete and 0 interrupted iterations
default   [  32% ] 06346/06347 VUs  04.8s/15s  6062.00 iters/s

running (05.8s), 06624/06630 VUs, 26836 complete and 0 interrupted iterations
default   [  39% ] 06624/06630 VUs  05.8s/15s  6062.00 iters/s

running (06.8s), 06953/06955 VUs, 31660 complete and 0 interrupted iterations
default   [  45% ] 06953/06955 VUs  06.8s/15s  6062.00 iters/s

running (07.8s), 07318/07318 VUs, 36475 complete and 0 interrupted iterations
default   [  52% ] 07318/07318 VUs  07.8s/15s  6062.00 iters/s

running (08.8s), 07623/07625 VUs, 41306 complete and 0 interrupted iterations
default   [  59% ] 07623/07625 VUs  08.8s/15s  6062.00 iters/s

running (09.8s), 08053/08054 VUs, 45690 complete and 0 interrupted iterations
default   [  65% ] 08053/08054 VUs  09.8s/15s  6062.00 iters/s

running (10.8s), 08470/08472 VUs, 50407 complete and 0 interrupted iterations
default   [  72% ] 08470/08472 VUs  10.8s/15s  6062.00 iters/s

running (11.8s), 08853/08855 VUs, 55360 complete and 0 interrupted iterations
default   [  79% ] 08853/08855 VUs  11.8s/15s  6062.00 iters/s

running (12.8s), 09180/09181 VUs, 60251 complete and 0 interrupted iterations
default   [  85% ] 09180/09181 VUs  12.8s/15s  6062.00 iters/s

running (13.8s), 09563/09570 VUs, 65030 complete and 0 interrupted iterations
default   [  92% ] 09563/09570 VUs  13.8s/15s  6062.00 iters/s

running (14.8s), 09942/09943 VUs, 69997 complete and 0 interrupted iterations
default   [  99% ] 09942/09943 VUs  14.8s/15s  6062.00 iters/s
time="2026-06-16T12:22:05-06:00" level=warning msg="Insufficient VUs, reached 10000 active VUs and cannot initialize more" executor=constant-arrival-rate scenario=default


  █ TOTAL RESULTS 

    HTTP
    http_req_duration..............: avg=1.29s min=30.98ms med=1.39s max=1.92s p(90)=1.82s p(95)=1.87s
      { expected_response:true }...: avg=1.29s min=30.98ms med=1.39s max=1.92s p(90)=1.82s p(95)=1.87s
    http_req_failed................: 0.00% 0 out of 71168
    http_reqs......................: 71168 4715.1594/s

    EXECUTION
    dropped_iterations.............: 9924  657.503961/s
    iteration_duration.............: avg=1.29s min=33.38ms med=1.39s max=1.95s p(90)=1.82s p(95)=1.87s
    iterations.....................: 71168 4715.1594/s
    vus............................: 9942  min=1463       max=9942
    vus_max........................: 9943  min=6062       max=9943

    NETWORK
    data_received..................: 16 MB 1.1 MB/s
    data_sent......................: 27 MB 1.8 MB/s




running (15.1s), 00000/10000 VUs, 71048 complete and 9959 interrupted iterations
default ✓ [ 100% ] 09959/10000 VUs  15s  6062.00 iters/s
