
         /\      Grafana   /‾‾/  
    /\  /  \     |\  __   /  /   
   /  \/    \    | |/ /  /   ‾‾\ 
  /          \   |   (  |  (‾)  |
 / __________ \  |_|\_\  \_____/ 

     execution: local
        script: workflow/spin/k6_open_client.js
        output: -

     scenarios: (100.00%) 1 scenario, 10000 max VUs, 15s max duration (incl. graceful stop):
              * default: 2498.00 iterations/s for 15s (maxVUs: 2498-10000)


running (00.9s), 00130/02498 VUs, 2148 complete and 0 interrupted iterations
default   [   6% ] 00130/02498 VUs  00.9s/15s  2498.00 iters/s

running (01.9s), 00106/02498 VUs, 4670 complete and 0 interrupted iterations
default   [  13% ] 00106/02498 VUs  01.9s/15s  2498.00 iters/s

running (02.9s), 00117/02498 VUs, 7156 complete and 0 interrupted iterations
default   [  19% ] 00117/02498 VUs  02.9s/15s  2498.00 iters/s

running (03.9s), 00108/02498 VUs, 9664 complete and 0 interrupted iterations
default   [  26% ] 00108/02498 VUs  03.9s/15s  2498.00 iters/s

running (04.9s), 00120/02498 VUs, 12150 complete and 0 interrupted iterations
default   [  33% ] 00120/02498 VUs  04.9s/15s  2498.00 iters/s

running (05.9s), 00127/02498 VUs, 14639 complete and 0 interrupted iterations
default   [  39% ] 00127/02498 VUs  05.9s/15s  2498.00 iters/s

running (06.9s), 00079/02498 VUs, 17186 complete and 0 interrupted iterations
default   [  46% ] 00079/02498 VUs  06.9s/15s  2498.00 iters/s

running (07.9s), 00098/02498 VUs, 19666 complete and 0 interrupted iterations
default   [  53% ] 00098/02498 VUs  07.9s/15s  2498.00 iters/s

running (08.9s), 00144/02498 VUs, 22115 complete and 0 interrupted iterations
default   [  59% ] 00145/02498 VUs  08.9s/15s  2498.00 iters/s

running (09.9s), 00121/02498 VUs, 24639 complete and 0 interrupted iterations
default   [  66% ] 00121/02498 VUs  09.9s/15s  2498.00 iters/s

running (10.9s), 00147/02498 VUs, 27108 complete and 0 interrupted iterations
default   [  73% ] 00148/02498 VUs  10.9s/15s  2498.00 iters/s

running (11.9s), 00115/02498 VUs, 29639 complete and 0 interrupted iterations
default   [  79% ] 00115/02498 VUs  11.9s/15s  2498.00 iters/s

running (12.9s), 00131/02498 VUs, 32124 complete and 0 interrupted iterations
default   [  86% ] 00131/02498 VUs  12.9s/15s  2498.00 iters/s

running (13.9s), 00129/02498 VUs, 34623 complete and 0 interrupted iterations
default   [  93% ] 00129/02498 VUs  13.9s/15s  2498.00 iters/s

running (14.9s), 00120/02498 VUs, 37130 complete and 0 interrupted iterations
default   [  99% ] 00120/02498 VUs  14.9s/15s  2498.00 iters/s


  █ TOTAL RESULTS 

    HTTP
    http_req_duration..............: avg=44.95ms min=27ms    med=44.65ms max=97.27ms p(90)=54.89ms p(95)=57.75ms
      { expected_response:true }...: avg=44.95ms min=27ms    med=44.65ms max=97.27ms p(90)=54.89ms p(95)=57.75ms
    http_req_failed................: 0.00%  0 out of 37371
    http_reqs......................: 37371  2490.676036/s

    EXECUTION
    iteration_duration.............: avg=45.04ms min=27.07ms med=44.74ms max=97.45ms p(90)=55ms    p(95)=57.85ms
    iterations.....................: 37371  2490.676036/s
    vus............................: 120    min=80         max=150 
    vus_max........................: 2498   min=2498       max=2498

    NETWORK
    data_received..................: 7.6 MB 506 kB/s
    data_sent......................: 7.2 MB 479 kB/s




running (15.0s), 00000/02498 VUs, 37371 complete and 99 interrupted iterations
default ✓ [ 100% ] 00099/02498 VUs  15s  2498.00 iters/s
