
         /\      Grafana   /‾‾/  
    /\  /  \     |\  __   /  /   
   /  \/    \    | |/ /  /   ‾‾\ 
  /          \   |   (  |  (‾)  |
 / __________ \  |_|\_\  \_____/ 

     execution: local
        script: workflow/response/k6_open_client.js
        output: -

     scenarios: (100.00%) 1 scenario, 10000 max VUs, 15s max duration (incl. graceful stop):
              * default: 2459.00 iterations/s for 15s (maxVUs: 2459-10000)


running (00.9s), 00142/02459 VUs, 2123 complete and 0 interrupted iterations
default   [   6% ] 00142/02459 VUs  00.9s/15s  2459.00 iters/s

running (01.9s), 00138/02459 VUs, 4586 complete and 0 interrupted iterations
default   [  13% ] 00138/02459 VUs  01.9s/15s  2459.00 iters/s

running (02.9s), 00121/02459 VUs, 7060 complete and 0 interrupted iterations
default   [  19% ] 00121/02459 VUs  02.9s/15s  2459.00 iters/s

running (03.9s), 00114/02459 VUs, 9526 complete and 0 interrupted iterations
default   [  26% ] 00114/02459 VUs  03.9s/15s  2459.00 iters/s

running (04.9s), 00106/02459 VUs, 11993 complete and 0 interrupted iterations
default   [  33% ] 00106/02459 VUs  04.9s/15s  2459.00 iters/s

running (05.9s), 00124/02459 VUs, 14433 complete and 0 interrupted iterations
default   [  39% ] 00124/02459 VUs  05.9s/15s  2459.00 iters/s

running (06.9s), 00120/02459 VUs, 16896 complete and 0 interrupted iterations
default   [  46% ] 00120/02459 VUs  06.9s/15s  2459.00 iters/s

running (07.9s), 00117/02459 VUs, 19360 complete and 0 interrupted iterations
default   [  53% ] 00117/02459 VUs  07.9s/15s  2459.00 iters/s

running (08.9s), 00128/02459 VUs, 21809 complete and 0 interrupted iterations
default   [  59% ] 00128/02459 VUs  08.9s/15s  2459.00 iters/s

running (09.9s), 00135/02459 VUs, 24260 complete and 0 interrupted iterations
default   [  66% ] 00135/02459 VUs  09.9s/15s  2459.00 iters/s

running (10.9s), 00085/02459 VUs, 26766 complete and 0 interrupted iterations
default   [  73% ] 00085/02459 VUs  10.9s/15s  2459.00 iters/s

running (11.9s), 00103/02459 VUs, 29207 complete and 0 interrupted iterations
default   [  79% ] 00103/02459 VUs  11.9s/15s  2459.00 iters/s

running (12.9s), 00119/02459 VUs, 31652 complete and 0 interrupted iterations
default   [  86% ] 00119/02459 VUs  12.9s/15s  2459.00 iters/s

running (13.9s), 00137/02459 VUs, 34095 complete and 0 interrupted iterations
default   [  93% ] 00137/02459 VUs  13.9s/15s  2459.00 iters/s

running (14.9s), 00101/02459 VUs, 36588 complete and 0 interrupted iterations
default   [  99% ] 00101/02459 VUs  14.9s/15s  2459.00 iters/s


  █ TOTAL RESULTS 

    HTTP
    http_req_duration..............: avg=48.14ms min=25.96ms med=48.01ms max=82.29ms p(90)=58.24ms p(95)=60.54ms
      { expected_response:true }...: avg=48.14ms min=25.96ms med=48.01ms max=82.29ms p(90)=58.24ms p(95)=60.54ms
    http_req_failed................: 0.00%  0 out of 36771
    http_reqs......................: 36771  2450.619732/s

    EXECUTION
    iteration_duration.............: avg=48.24ms min=26.06ms med=48.1ms  max=84.31ms p(90)=58.34ms p(95)=60.65ms
    iterations.....................: 36771  2450.619732/s
    vus............................: 102    min=88         max=142 
    vus_max........................: 2459   min=2459       max=2459

    NETWORK
    data_received..................: 7.5 MB 498 kB/s
    data_sent......................: 7.2 MB 482 kB/s




running (15.0s), 00000/02459 VUs, 36771 complete and 114 interrupted iterations
default ✓ [ 100% ] 00114/02459 VUs  15s  2459.00 iters/s
