
         /\      Grafana   /‾‾/  
    /\  /  \     |\  __   /  /   
   /  \/    \    | |/ /  /   ‾‾\ 
  /          \   |   (  |  (‾)  |
 / __________ \  |_|\_\  \_____/ 

     execution: local
        script: workflow/media/k6_open_review_compose.js
        output: -

     scenarios: (100.00%) 1 scenario, 10000 max VUs, 10s max duration (incl. graceful stop):
              * default: 358.00 iterations/s for 10s (maxVUs: 358-10000)


running (01.0s), 00003/00358 VUs, 347 complete and 0 interrupted iterations
default   [  10% ] 00003/00358 VUs  01.0s/10s  358.00 iters/s

running (02.0s), 00002/00358 VUs, 706 complete and 0 interrupted iterations
default   [  20% ] 00002/00358 VUs  02.0s/10s  358.00 iters/s

running (03.0s), 00002/00358 VUs, 1064 complete and 0 interrupted iterations
default   [  30% ] 00002/00358 VUs  03.0s/10s  358.00 iters/s

running (04.0s), 00006/00358 VUs, 1419 complete and 0 interrupted iterations
default   [  40% ] 00006/00358 VUs  04.0s/10s  358.00 iters/s

running (05.0s), 00005/00358 VUs, 1778 complete and 0 interrupted iterations
default   [  50% ] 00005/00358 VUs  05.0s/10s  358.00 iters/s

running (06.0s), 00001/00358 VUs, 2139 complete and 0 interrupted iterations
default   [  60% ] 00001/00358 VUs  06.0s/10s  358.00 iters/s

running (07.0s), 00002/00358 VUs, 2496 complete and 0 interrupted iterations
default   [  70% ] 00002/00358 VUs  07.0s/10s  358.00 iters/s

running (08.0s), 00003/00358 VUs, 2853 complete and 0 interrupted iterations
default   [  80% ] 00003/00358 VUs  08.0s/10s  358.00 iters/s

running (09.0s), 00002/00358 VUs, 3212 complete and 0 interrupted iterations
default   [  90% ] 00002/00358 VUs  09.0s/10s  358.00 iters/s

running (10.0s), 00001/00358 VUs, 3571 complete and 0 interrupted iterations
default   [ 100% ] 00001/00358 VUs  10.0s/10s  358.00 iters/s


  █ TOTAL RESULTS 

    HTTP
    http_req_duration..............: avg=7.89ms min=2.99ms med=6.48ms max=23.2ms p(90)=13.87ms p(95)=16.46ms
      { expected_response:true }...: avg=7.89ms min=2.99ms med=6.48ms max=23.2ms p(90)=13.87ms p(95)=16.46ms
    http_req_failed................: 0.00%  0 out of 3577
    http_reqs......................: 3577   357.650532/s

    EXECUTION
    iteration_duration.............: avg=8.02ms min=3.07ms med=6.59ms max=23.5ms p(90)=14.02ms p(95)=16.63ms
    iterations.....................: 3577   357.650532/s
    vus............................: 1      min=1         max=5  
    vus_max........................: 358    min=358       max=358

    NETWORK
    data_received..................: 822 kB 82 kB/s
    data_sent......................: 2.0 MB 199 kB/s




running (10.0s), 00000/00358 VUs, 3577 complete and 3 interrupted iterations
default ✓ [ 100% ] 00003/00358 VUs  10s  358.00 iters/s
