
         /\      Grafana   /‾‾/  
    /\  /  \     |\  __   /  /   
   /  \/    \    | |/ /  /   ‾‾\ 
  /          \   |   (  |  (‾)  |
 / __________ \  |_|\_\  \_____/ 

     execution: local
        script: workflow/social/k6_open_client.js
        output: -

     scenarios: (100.00%) 1 scenario, 10000 max VUs, 10s max duration (incl. graceful stop):
              * default: 1035.00 iterations/s for 10s (maxVUs: 1035-10000)


running (01.0s), 00511/01035 VUs, 476 complete and 0 interrupted iterations
default   [  10% ] 00511/01035 VUs  01.0s/10s  1035.00 iters/s

running (02.0s), 00541/01035 VUs, 1481 complete and 0 interrupted iterations
default   [  20% ] 00541/01035 VUs  02.0s/10s  1035.00 iters/s

running (03.0s), 00541/01035 VUs, 2515 complete and 0 interrupted iterations
default   [  30% ] 00541/01035 VUs  03.0s/10s  1035.00 iters/s

running (04.0s), 00544/01035 VUs, 3549 complete and 0 interrupted iterations
default   [  40% ] 00544/01035 VUs  04.0s/10s  1035.00 iters/s

running (05.0s), 00542/01035 VUs, 4584 complete and 0 interrupted iterations
default   [  50% ] 00542/01035 VUs  05.0s/10s  1035.00 iters/s

running (06.0s), 00541/01035 VUs, 5621 complete and 0 interrupted iterations
default   [  60% ] 00541/01035 VUs  06.0s/10s  1035.00 iters/s

running (07.0s), 00542/01035 VUs, 6655 complete and 0 interrupted iterations
default   [  70% ] 00542/01035 VUs  07.0s/10s  1035.00 iters/s

running (08.0s), 00541/01035 VUs, 7691 complete and 0 interrupted iterations
default   [  80% ] 00541/01035 VUs  08.0s/10s  1035.00 iters/s

running (09.0s), 00541/01035 VUs, 8726 complete and 0 interrupted iterations
default   [  90% ] 00541/01035 VUs  09.0s/10s  1035.00 iters/s

running (10.0s), 00541/01035 VUs, 9761 complete and 0 interrupted iterations
default   [ 100% ] 00541/01035 VUs  10.0s/10s  1035.00 iters/s


  █ TOTAL RESULTS 

    HTTP
    http_req_duration..............: avg=1.78ms min=1.12ms med=1.36ms max=13.05ms p(90)=2.61ms p(95)=4.35ms
      { expected_response:true }...: avg=1.78ms min=1.12ms med=1.36ms max=13.05ms p(90)=2.61ms p(95)=4.35ms
    http_req_failed................: 0.00%  0 out of 9810
    http_reqs......................: 9810   980.458003/s

    EXECUTION
    iteration_duration.............: avg=1.89ms min=1.21ms med=1.46ms max=13.27ms p(90)=2.71ms p(95)=4.48ms
    iterations.....................: 9810   980.458003/s
    vus............................: 541    min=511       max=542 
    vus_max........................: 1035   min=1035      max=1035

    NETWORK
    data_received..................: 2.2 MB 219 kB/s
    data_sent......................: 3.2 MB 322 kB/s




running (10.0s), 00000/01035 VUs, 9809 complete and 542 interrupted iterations
default ✓ [ 100% ] 00541/01035 VUs  10s  1035.00 iters/s
