
         /\      Grafana   /‾‾/  
    /\  /  \     |\  __   /  /   
   /  \/    \    | |/ /  /   ‾‾\ 
  /          \   |   (  |  (‾)  |
 / __________ \  |_|\_\  \_____/ 

     execution: local
        script: workflow/spin/k6_open_client.js
        output: -

     scenarios: (100.00%) 1 scenario, 10000 max VUs, 15s max duration (incl. graceful stop):
              * default: 3100.00 iterations/s for 15s (maxVUs: 3100-10000)


running (00.9s), 00501/03100 VUs, 2250 complete and 0 interrupted iterations
default   [   6% ] 00502/03100 VUs  00.9s/15s  3100.00 iters/s

running (01.9s), 00613/03100 VUs, 5242 complete and 0 interrupted iterations
default   [  13% ] 00613/03100 VUs  01.9s/15s  3100.00 iters/s

running (02.9s), 00478/03100 VUs, 8477 complete and 0 interrupted iterations
default   [  19% ] 00479/03100 VUs  02.9s/15s  3100.00 iters/s

running (03.9s), 00604/03100 VUs, 11451 complete and 0 interrupted iterations
default   [  26% ] 00604/03100 VUs  03.9s/15s  3100.00 iters/s

running (04.9s), 00682/03100 VUs, 14474 complete and 0 interrupted iterations
default   [  33% ] 00682/03100 VUs  04.9s/15s  3100.00 iters/s

running (05.9s), 00571/03100 VUs, 17681 complete and 0 interrupted iterations
default   [  39% ] 00571/03100 VUs  05.9s/15s  3100.00 iters/s

running (06.9s), 00681/03100 VUs, 20674 complete and 0 interrupted iterations
default   [  46% ] 00681/03100 VUs  06.9s/15s  3100.00 iters/s

running (07.9s), 00546/03100 VUs, 23911 complete and 0 interrupted iterations
default   [  53% ] 00546/03100 VUs  07.9s/15s  3100.00 iters/s

running (08.9s), 00660/03100 VUs, 26896 complete and 0 interrupted iterations
default   [  59% ] 00660/03100 VUs  08.9s/15s  3100.00 iters/s

running (09.9s), 00768/03100 VUs, 29885 complete and 0 interrupted iterations
default   [  66% ] 00768/03100 VUs  09.9s/15s  3100.00 iters/s

running (10.9s), 00826/03100 VUs, 32929 complete and 0 interrupted iterations
default   [  73% ] 00826/03100 VUs  10.9s/15s  3100.00 iters/s

running (11.9s), 00735/03100 VUs, 36118 complete and 0 interrupted iterations
default   [  79% ] 00735/03100 VUs  11.9s/15s  3100.00 iters/s

running (12.9s), 00844/03100 VUs, 39113 complete and 0 interrupted iterations
default   [  86% ] 00844/03100 VUs  12.9s/15s  3100.00 iters/s

running (13.9s), 00721/03100 VUs, 42334 complete and 0 interrupted iterations
default   [  93% ] 00721/03100 VUs  13.9s/15s  3100.00 iters/s

running (14.9s), 00878/03100 VUs, 45276 complete and 0 interrupted iterations
default   [  99% ] 00879/03100 VUs  14.9s/15s  3100.00 iters/s


  █ TOTAL RESULTS 

    HTTP
    http_req_duration..............: avg=216.44ms min=127.95ms med=211.75ms max=314.5ms  p(90)=267.83ms p(95)=277.63ms
      { expected_response:true }...: avg=216.44ms min=127.95ms med=211.75ms max=314.5ms  p(90)=267.83ms p(95)=277.63ms
    http_req_failed................: 0.00%  0 out of 45608
    http_reqs......................: 45608  3038.423394/s

    EXECUTION
    iteration_duration.............: avg=216.53ms min=5.95ms   med=211.82ms max=314.58ms p(90)=267.9ms  p(95)=277.71ms
    iterations.....................: 45609  3038.490014/s
    vus............................: 878    min=477        max=878 
    vus_max........................: 3100   min=3100       max=3100

    NETWORK
    data_received..................: 9.3 MB 617 kB/s
    data_sent......................: 8.9 MB 595 kB/s




running (15.0s), 00000/03100 VUs, 45608 complete and 895 interrupted iterations
default ✓ [ 100% ] 00895/03100 VUs  15s  3100.00 iters/s
