
         /\      Grafana   /‾‾/  
    /\  /  \     |\  __   /  /   
   /  \/    \    | |/ /  /   ‾‾\ 
  /          \   |   (  |  (‾)  |
 / __________ \  |_|\_\  \_____/ 

     execution: local
        script: workflow/media/k6_open_review_compose.js
        output: -

     scenarios: (100.00%) 1 scenario, 10000 max VUs, 10s max duration (incl. graceful stop):
              * default: 29.00 iterations/s for 10s (maxVUs: 29-10000)


running (01.0s), 00000/00029 VUs, 29 complete and 0 interrupted iterations
default   [  10% ] 00000/00029 VUs  01.0s/10s  29.00 iters/s

running (02.0s), 00000/00029 VUs, 58 complete and 0 interrupted iterations
default   [  20% ] 00000/00029 VUs  02.0s/10s  29.00 iters/s

running (03.0s), 00000/00029 VUs, 87 complete and 0 interrupted iterations
default   [  30% ] 00000/00029 VUs  03.0s/10s  29.00 iters/s

running (04.0s), 00000/00029 VUs, 116 complete and 0 interrupted iterations
default   [  40% ] 00000/00029 VUs  04.0s/10s  29.00 iters/s

running (05.0s), 00000/00029 VUs, 145 complete and 0 interrupted iterations
default   [  50% ] 00000/00029 VUs  05.0s/10s  29.00 iters/s

running (06.0s), 00000/00029 VUs, 174 complete and 0 interrupted iterations
default   [  60% ] 00000/00029 VUs  06.0s/10s  29.00 iters/s

running (07.0s), 00000/00029 VUs, 203 complete and 0 interrupted iterations
default   [  70% ] 00000/00029 VUs  07.0s/10s  29.00 iters/s

running (08.0s), 00000/00029 VUs, 232 complete and 0 interrupted iterations
default   [  80% ] 00000/00029 VUs  08.0s/10s  29.00 iters/s

running (09.0s), 00000/00029 VUs, 261 complete and 0 interrupted iterations
default   [  90% ] 00000/00029 VUs  09.0s/10s  29.00 iters/s

running (10.0s), 00000/00029 VUs, 290 complete and 0 interrupted iterations
default   [ 100% ] 00000/00029 VUs  10.0s/10s  29.00 iters/s


  █ TOTAL RESULTS 

    HTTP
    http_req_duration..............: avg=6.89ms min=4.94ms med=6.85ms max=8.99ms p(90)=7.47ms p(95)=7.71ms
      { expected_response:true }...: avg=6.89ms min=4.94ms med=6.85ms max=8.99ms p(90)=7.47ms p(95)=7.71ms
    http_req_failed................: 0.00%  0 out of 290
    http_reqs......................: 290    28.996697/s

    EXECUTION
    iteration_duration.............: avg=7.07ms min=5.08ms med=7.02ms max=9.12ms p(90)=7.66ms p(95)=7.91ms
    iterations.....................: 290    28.996697/s
    vus............................: 0      min=0        max=0 
    vus_max........................: 29     min=29       max=29

    NETWORK
    data_received..................: 66 kB  6.6 kB/s
    data_sent......................: 161 kB 16 kB/s




running (10.0s), 00000/00029 VUs, 290 complete and 0 interrupted iterations
default ✓ [ 100% ] 00000/00029 VUs  10s  29.00 iters/s
