
         /\      Grafana   /‾‾/  
    /\  /  \     |\  __   /  /   
   /  \/    \    | |/ /  /   ‾‾\ 
  /          \   |   (  |  (‾)  |
 / __________ \  |_|\_\  \_____/ 

     execution: local
        script: workflow/write/k6_open_client.js
        output: -

     scenarios: (100.00%) 1 scenario, 10000 max VUs, 15s max duration (incl. graceful stop):
              * default: 5429.00 iterations/s for 15s (maxVUs: 5429-10000)


running (00.8s), 00620/05429 VUs, 3873 complete and 0 interrupted iterations
default   [   6% ] 00620/05429 VUs  00.8s/15s  5429.00 iters/s

running (01.8s), 00436/05429 VUs, 9460 complete and 0 interrupted iterations
default   [  12% ] 00436/05429 VUs  01.8s/15s  5429.00 iters/s

running (02.8s), 00311/05429 VUs, 15014 complete and 0 interrupted iterations
default   [  19% ] 00311/05429 VUs  02.8s/15s  5429.00 iters/s

running (03.8s), 00272/05429 VUs, 20483 complete and 0 interrupted iterations
default   [  25% ] 00272/05429 VUs  03.8s/15s  5429.00 iters/s

running (04.8s), 00268/05429 VUs, 25916 complete and 0 interrupted iterations
default   [  32% ] 00268/05429 VUs  04.8s/15s  5429.00 iters/s

running (05.8s), 00459/05429 VUs, 31153 complete and 0 interrupted iterations
default   [  39% ] 00459/05429 VUs  05.8s/15s  5429.00 iters/s

running (06.8s), 00486/05429 VUs, 36555 complete and 0 interrupted iterations
default   [  45% ] 00486/05429 VUs  06.8s/15s  5429.00 iters/s

running (07.8s), 00255/05429 VUs, 42213 complete and 0 interrupted iterations
default   [  52% ] 00256/05429 VUs  07.8s/15s  5429.00 iters/s

running (08.8s), 00314/05429 VUs, 47585 complete and 0 interrupted iterations
default   [  59% ] 00314/05429 VUs  08.8s/15s  5429.00 iters/s

running (09.8s), 00277/05429 VUs, 53055 complete and 0 interrupted iterations
default   [  65% ] 00277/05429 VUs  09.8s/15s  5429.00 iters/s

running (10.8s), 00235/05429 VUs, 58522 complete and 0 interrupted iterations
default   [  72% ] 00236/05429 VUs  10.8s/15s  5429.00 iters/s

running (11.8s), 00349/05429 VUs, 63837 complete and 0 interrupted iterations
default   [  79% ] 00350/05429 VUs  11.8s/15s  5429.00 iters/s

running (12.8s), 00265/05429 VUs, 69350 complete and 0 interrupted iterations
default   [  85% ] 00265/05429 VUs  12.8s/15s  5429.00 iters/s

running (13.8s), 00260/05429 VUs, 74784 complete and 0 interrupted iterations
default   [  92% ] 00260/05429 VUs  13.8s/15s  5429.00 iters/s

running (14.8s), 00249/05429 VUs, 80225 complete and 0 interrupted iterations
default   [  99% ] 00249/05429 VUs  14.8s/15s  5429.00 iters/s


  █ TOTAL RESULTS 

    HTTP
    http_req_duration..............: avg=59.36ms min=27.61ms med=50.53ms max=146.49ms p(90)=89.85ms p(95)=95.89ms
      { expected_response:true }...: avg=59.36ms min=27.61ms med=50.53ms max=146.49ms p(90)=89.85ms p(95)=95.89ms
    http_req_failed................: 0.00%  0 out of 81197
    http_reqs......................: 81197  5410.050536/s

    EXECUTION
    iteration_duration.............: avg=59.68ms min=27.66ms med=50.59ms max=157.52ms p(90)=90.13ms p(95)=96.85ms
    iterations.....................: 81197  5410.050536/s
    vus............................: 249    min=236        max=621 
    vus_max........................: 5429   min=5429       max=5429

    NETWORK
    data_received..................: 17 MB  1.1 MB/s
    data_sent......................: 8.1 MB 543 kB/s




running (15.0s), 00000/05429 VUs, 81184 complete and 252 interrupted iterations
default ✓ [ 100% ] 00252/05429 VUs  15s  5429.00 iters/s
