
         /\      Grafana   /‾‾/  
    /\  /  \     |\  __   /  /   
   /  \/    \    | |/ /  /   ‾‾\ 
  /          \   |   (  |  (‾)  |
 / __________ \  |_|\_\  \_____/ 

     execution: local
        script: workflow/spin/k6_open_client.js
        output: -

     scenarios: (100.00%) 1 scenario, 10000 max VUs, 15s max duration (incl. graceful stop):
              * default: 4900.00 iterations/s for 15s (maxVUs: 4900-10000)


running (00.8s), 00883/04900 VUs, 3229 complete and 0 interrupted iterations
default   [   6% ] 00883/04900 VUs  00.8s/15s  4900.00 iters/s

running (01.8s), 01183/04900 VUs, 7832 complete and 0 interrupted iterations
default   [  12% ] 01183/04900 VUs  01.8s/15s  4900.00 iters/s

running (02.8s), 01316/04900 VUs, 12599 complete and 0 interrupted iterations
default   [  19% ] 01316/04900 VUs  02.8s/15s  4900.00 iters/s

running (03.8s), 01578/04900 VUs, 17234 complete and 0 interrupted iterations
default   [  26% ] 01578/04900 VUs  03.8s/15s  4900.00 iters/s

running (04.8s), 01792/04900 VUs, 21919 complete and 0 interrupted iterations
default   [  32% ] 01793/04900 VUs  04.8s/15s  4900.00 iters/s

running (05.8s), 01964/04900 VUs, 26648 complete and 0 interrupted iterations
default   [  39% ] 01964/04900 VUs  05.8s/15s  4900.00 iters/s

running (06.8s), 02240/04900 VUs, 31269 complete and 0 interrupted iterations
default   [  46% ] 02240/04900 VUs  06.8s/15s  4900.00 iters/s

running (07.8s), 02521/04900 VUs, 35891 complete and 0 interrupted iterations
default   [  52% ] 02521/04900 VUs  07.8s/15s  4900.00 iters/s

running (08.8s), 02621/04900 VUs, 40691 complete and 0 interrupted iterations
default   [  59% ] 02621/04900 VUs  08.8s/15s  4900.00 iters/s

running (09.8s), 02880/04900 VUs, 45330 complete and 0 interrupted iterations
default   [  66% ] 02881/04900 VUs  09.8s/15s  4900.00 iters/s

running (10.8s), 03125/04900 VUs, 49987 complete and 0 interrupted iterations
default   [  72% ] 03125/04900 VUs  10.8s/15s  4900.00 iters/s

running (11.8s), 03215/04900 VUs, 54797 complete and 0 interrupted iterations
default   [  79% ] 03215/04900 VUs  11.8s/15s  4900.00 iters/s

running (12.8s), 03370/04900 VUs, 59546 complete and 0 interrupted iterations
default   [  86% ] 03370/04900 VUs  12.8s/15s  4900.00 iters/s

running (13.8s), 03442/04900 VUs, 64371 complete and 0 interrupted iterations
default   [  92% ] 03442/04900 VUs  13.8s/15s  4900.00 iters/s

running (14.8s), 03771/04900 VUs, 68941 complete and 0 interrupted iterations
default   [  99% ] 03771/04900 VUs  14.8s/15s  4900.00 iters/s


  █ TOTAL RESULTS 

    HTTP
    http_req_duration..............: avg=478.07ms min=97.8ms  med=494.98ms max=809.16ms p(90)=695.09ms p(95)=724.25ms
      { expected_response:true }...: avg=478.07ms min=97.8ms  med=494.98ms max=809.16ms p(90)=695.09ms p(95)=724.25ms
    http_req_failed................: 0.00% 0 out of 69614
    http_reqs......................: 69614 4630.422911/s

    EXECUTION
    iteration_duration.............: avg=478.18ms min=98.23ms med=495.06ms max=825.06ms p(90)=695.17ms p(95)=724.33ms
    iterations.....................: 69614 4630.422911/s
    vus............................: 3771  min=882        max=3771
    vus_max........................: 4900  min=4900       max=4900

    NETWORK
    data_received..................: 14 MB 941 kB/s
    data_sent......................: 14 MB 938 kB/s




running (15.0s), 00000/04900 VUs, 69564 complete and 3937 interrupted iterations
default ✓ [ 100% ] 03937/04900 VUs  15s  4900.00 iters/s
