
         /\      Grafana   /‾‾/  
    /\  /  \     |\  __   /  /   
   /  \/    \    | |/ /  /   ‾‾\ 
  /          \   |   (  |  (‾)  |
 / __________ \  |_|\_\  \_____/ 

     execution: local
        script: workflow/spin/k6_open_client.js
        output: -

     scenarios: (100.00%) 1 scenario, 10000 max VUs, 15s max duration (incl. graceful stop):
              * default: 4107.00 iterations/s for 15s (maxVUs: 4107-10000)


running (00.9s), 00031/04107 VUs, 3533 complete and 0 interrupted iterations
default   [   6% ] 00031/04107 VUs  00.9s/15s  4107.00 iters/s

running (01.9s), 00025/04107 VUs, 7648 complete and 0 interrupted iterations
default   [  12% ] 00025/04107 VUs  01.9s/15s  4107.00 iters/s

running (02.9s), 00080/04107 VUs, 11698 complete and 0 interrupted iterations
default   [  19% ] 00080/04107 VUs  02.9s/15s  4107.00 iters/s

running (03.9s), 00019/04107 VUs, 15869 complete and 0 interrupted iterations
default   [  26% ] 00019/04107 VUs  03.9s/15s  4107.00 iters/s

running (04.9s), 00023/04107 VUs, 19969 complete and 0 interrupted iterations
default   [  32% ] 00023/04107 VUs  04.9s/15s  4107.00 iters/s

running (05.9s), 00048/04107 VUs, 24053 complete and 0 interrupted iterations
default   [  39% ] 00048/04107 VUs  05.9s/15s  4107.00 iters/s

running (06.9s), 00013/04107 VUs, 28193 complete and 0 interrupted iterations
default   [  46% ] 00013/04107 VUs  06.9s/15s  4107.00 iters/s

running (07.9s), 00041/04107 VUs, 32274 complete and 0 interrupted iterations
default   [  52% ] 00041/04107 VUs  07.9s/15s  4107.00 iters/s

running (08.9s), 00035/04107 VUs, 36385 complete and 0 interrupted iterations
default   [  59% ] 00036/04107 VUs  08.9s/15s  4107.00 iters/s

running (09.9s), 00016/04107 VUs, 40511 complete and 0 interrupted iterations
default   [  66% ] 00016/04107 VUs  09.9s/15s  4107.00 iters/s

running (10.9s), 00032/04107 VUs, 44603 complete and 0 interrupted iterations
default   [  72% ] 00032/04107 VUs  10.9s/15s  4107.00 iters/s

running (11.9s), 00039/04107 VUs, 48702 complete and 0 interrupted iterations
default   [  79% ] 00039/04107 VUs  11.9s/15s  4107.00 iters/s

running (12.9s), 00010/04107 VUs, 52838 complete and 0 interrupted iterations
default   [  86% ] 00010/04107 VUs  12.9s/15s  4107.00 iters/s

running (13.9s), 00025/04107 VUs, 56932 complete and 0 interrupted iterations
default   [  92% ] 00025/04107 VUs  13.9s/15s  4107.00 iters/s

running (14.9s), 00020/04107 VUs, 61042 complete and 0 interrupted iterations
default   [  99% ] 00020/04107 VUs  14.9s/15s  4107.00 iters/s


  █ TOTAL RESULTS 

    HTTP
    http_req_duration..............: avg=6.98ms min=2.38ms med=4.85ms max=60.37ms p(90)=13.78ms p(95)=18.58ms
      { expected_response:true }...: avg=6.98ms min=2.38ms med=4.85ms max=60.37ms p(90)=13.78ms p(95)=18.58ms
    http_req_failed................: 0.00% 0 out of 61580
    http_reqs......................: 61580 4103.631375/s

    EXECUTION
    iteration_duration.............: avg=7.07ms min=2.44ms med=4.94ms max=60.64ms p(90)=13.88ms p(95)=18.69ms
    iterations.....................: 61580 4103.631375/s
    vus............................: 19    min=11         max=81  
    vus_max........................: 4107  min=4107       max=4107

    NETWORK
    data_received..................: 13 MB 833 kB/s
    data_sent......................: 12 MB 788 kB/s




running (15.0s), 00000/04107 VUs, 61578 complete and 28 interrupted iterations
default ✓ [ 100% ] 00028/04107 VUs  15s  4107.00 iters/s
