
         /\      Grafana   /‾‾/  
    /\  /  \     |\  __   /  /   
   /  \/    \    | |/ /  /   ‾‾\ 
  /          \   |   (  |  (‾)  |
 / __________ \  |_|\_\  \_____/ 

     execution: local
        script: workflow/social/k6_open_client.js
        output: -

     scenarios: (100.00%) 1 scenario, 10000 max VUs, 15s max duration (incl. graceful stop):
              * default: 4062.00 iterations/s for 15s (maxVUs: 4062-10000)


running (00.9s), 00109/04062 VUs, 3373 complete and 0 interrupted iterations
default   [   6% ] 00109/04062 VUs  00.9s/15s  4062.00 iters/s

running (01.9s), 00087/04062 VUs, 7457 complete and 0 interrupted iterations
default   [  12% ] 00087/04062 VUs  01.9s/15s  4062.00 iters/s

running (02.9s), 00086/04062 VUs, 11520 complete and 0 interrupted iterations
default   [  19% ] 00086/04062 VUs  02.9s/15s  4062.00 iters/s

running (03.9s), 00115/04062 VUs, 15554 complete and 0 interrupted iterations
default   [  26% ] 00115/04062 VUs  03.9s/15s  4062.00 iters/s

running (04.9s), 00093/04062 VUs, 19637 complete and 0 interrupted iterations
default   [  32% ] 00093/04062 VUs  04.9s/15s  4062.00 iters/s

running (05.9s), 00088/04062 VUs, 23704 complete and 0 interrupted iterations
default   [  39% ] 00088/04062 VUs  05.9s/15s  4062.00 iters/s

running (06.9s), 00072/04062 VUs, 27778 complete and 0 interrupted iterations
default   [  46% ] 00072/04062 VUs  06.9s/15s  4062.00 iters/s

running (07.9s), 00085/04062 VUs, 31831 complete and 0 interrupted iterations
default   [  52% ] 00085/04062 VUs  07.9s/15s  4062.00 iters/s

running (08.9s), 00091/04062 VUs, 35887 complete and 0 interrupted iterations
default   [  59% ] 00091/04062 VUs  08.9s/15s  4062.00 iters/s

running (09.9s), 00084/04062 VUs, 39956 complete and 0 interrupted iterations
default   [  66% ] 00084/04062 VUs  09.9s/15s  4062.00 iters/s

running (10.9s), 00103/04062 VUs, 43999 complete and 0 interrupted iterations
default   [  72% ] 00103/04062 VUs  10.9s/15s  4062.00 iters/s

running (11.9s), 00100/04062 VUs, 48062 complete and 0 interrupted iterations
default   [  79% ] 00100/04062 VUs  11.9s/15s  4062.00 iters/s

running (12.9s), 00087/04062 VUs, 52140 complete and 0 interrupted iterations
default   [  86% ] 00087/04062 VUs  12.9s/15s  4062.00 iters/s

running (13.9s), 00083/04062 VUs, 56202 complete and 0 interrupted iterations
default   [  92% ] 00083/04062 VUs  13.9s/15s  4062.00 iters/s

running (14.9s), 00081/04062 VUs, 60269 complete and 0 interrupted iterations
default   [  99% ] 00081/04062 VUs  14.9s/15s  4062.00 iters/s


  █ TOTAL RESULTS 

    HTTP
    http_req_duration..............: avg=26.39ms min=12.43ms med=23.93ms max=95.78ms p(90)=35.09ms p(95)=39.99ms
      { expected_response:true }...: avg=26.39ms min=12.43ms med=23.93ms max=95.78ms p(90)=35.09ms p(95)=39.99ms
    http_req_failed................: 0.00% 0 out of 60832
    http_reqs......................: 60832 4053.729552/s

    EXECUTION
    iteration_duration.............: avg=26.51ms min=12.53ms med=24.04ms max=97.37ms p(90)=35.24ms p(95)=40.11ms
    iterations.....................: 60832 4053.729552/s
    vus............................: 82    min=77         max=111 
    vus_max........................: 4062  min=4062       max=4062

    NETWORK
    data_received..................: 14 MB 916 kB/s
    data_sent......................: 20 MB 1.3 MB/s




running (15.0s), 00000/04062 VUs, 60832 complete and 100 interrupted iterations
default ✓ [ 100% ] 00100/04062 VUs  15s  4062.00 iters/s
