
         /\      Grafana   /‾‾/  
    /\  /  \     |\  __   /  /   
   /  \/    \    | |/ /  /   ‾‾\ 
  /          \   |   (  |  (‾)  |
 / __________ \  |_|\_\  \_____/ 

     execution: local
        script: workflow/spin/k6_open_client.js
        output: -

     scenarios: (100.00%) 1 scenario, 10000 max VUs, 15s max duration (incl. graceful stop):
              * default: 2967.00 iterations/s for 15s (maxVUs: 2967-10000)


running (00.9s), 00131/02967 VUs, 2531 complete and 0 interrupted iterations
default   [   6% ] 00131/02967 VUs  00.9s/15s  2967.00 iters/s

running (01.9s), 00161/02967 VUs, 5464 complete and 0 interrupted iterations
default   [  13% ] 00162/02967 VUs  01.9s/15s  2967.00 iters/s

running (02.9s), 00186/02967 VUs, 8409 complete and 0 interrupted iterations
default   [  19% ] 00186/02967 VUs  02.9s/15s  2967.00 iters/s

running (03.9s), 00161/02967 VUs, 11398 complete and 0 interrupted iterations
default   [  26% ] 00161/02967 VUs  03.9s/15s  2967.00 iters/s

running (04.9s), 00148/02967 VUs, 14380 complete and 0 interrupted iterations
default   [  33% ] 00148/02967 VUs  04.9s/15s  2967.00 iters/s

running (05.9s), 00139/02967 VUs, 17356 complete and 0 interrupted iterations
default   [  39% ] 00139/02967 VUs  05.9s/15s  2967.00 iters/s

running (06.9s), 00173/02967 VUs, 20287 complete and 0 interrupted iterations
default   [  46% ] 00173/02967 VUs  06.9s/15s  2967.00 iters/s

running (07.9s), 00151/02967 VUs, 23278 complete and 0 interrupted iterations
default   [  53% ] 00151/02967 VUs  07.9s/15s  2967.00 iters/s

running (08.9s), 00122/02967 VUs, 26274 complete and 0 interrupted iterations
default   [  59% ] 00122/02967 VUs  08.9s/15s  2967.00 iters/s

running (09.9s), 00143/02967 VUs, 29220 complete and 0 interrupted iterations
default   [  66% ] 00143/02967 VUs  09.9s/15s  2967.00 iters/s

running (10.9s), 00152/02967 VUs, 32179 complete and 0 interrupted iterations
default   [  73% ] 00152/02967 VUs  10.9s/15s  2967.00 iters/s

running (11.9s), 00150/02967 VUs, 35147 complete and 0 interrupted iterations
default   [  79% ] 00150/02967 VUs  11.9s/15s  2967.00 iters/s

running (12.9s), 00145/02967 VUs, 38119 complete and 0 interrupted iterations
default   [  86% ] 00145/02967 VUs  12.9s/15s  2967.00 iters/s

running (13.9s), 00154/02967 VUs, 41080 complete and 0 interrupted iterations
default   [  93% ] 00154/02967 VUs  13.9s/15s  2967.00 iters/s

running (14.9s), 00143/02967 VUs, 44056 complete and 0 interrupted iterations
default   [  99% ] 00143/02967 VUs  14.9s/15s  2967.00 iters/s


  █ TOTAL RESULTS 

    HTTP
    http_req_duration..............: avg=52.76ms min=34.38ms med=52.46ms max=97.53ms p(90)=62.11ms p(95)=65.43ms
      { expected_response:true }...: avg=52.76ms min=34.38ms med=52.46ms max=97.53ms p(90)=62.11ms p(95)=65.43ms
    http_req_failed................: 0.00%  0 out of 44271
    http_reqs......................: 44271  2950.36997/s

    EXECUTION
    iteration_duration.............: avg=52.86ms min=34.45ms med=52.56ms max=97.85ms p(90)=62.22ms p(95)=65.53ms
    iterations.....................: 44270  2950.303327/s
    vus............................: 143    min=122        max=184 
    vus_max........................: 2967   min=2967       max=2967

    NETWORK
    data_received..................: 9.0 MB 599 kB/s
    data_sent......................: 8.5 MB 569 kB/s




running (15.0s), 00000/02967 VUs, 44268 complete and 238 interrupted iterations
default ✓ [ 100% ] 00238/02967 VUs  15s  2967.00 iters/s
