
         /\      Grafana   /‾‾/  
    /\  /  \     |\  __   /  /   
   /  \/    \    | |/ /  /   ‾‾\ 
  /          \   |   (  |  (‾)  |
 / __________ \  |_|\_\  \_____/ 

     execution: local
        script: workflow/media/k6_open_review_compose.js
        output: -

     scenarios: (100.00%) 1 scenario, 10000 max VUs, 15s max duration (incl. graceful stop):
              * default: 1945.00 iterations/s for 15s (maxVUs: 1945-10000)


running (00.9s), 00030/01945 VUs, 1774 complete and 0 interrupted iterations
default   [   6% ] 00030/01945 VUs  00.9s/15s  1945.00 iters/s

running (01.9s), 00010/01945 VUs, 3739 complete and 0 interrupted iterations
default   [  13% ] 00010/01945 VUs  01.9s/15s  1945.00 iters/s

running (02.9s), 00021/01945 VUs, 5672 complete and 0 interrupted iterations
default   [  20% ] 00021/01945 VUs  02.9s/15s  1945.00 iters/s

running (03.9s), 00009/01945 VUs, 7630 complete and 0 interrupted iterations
default   [  26% ] 00009/01945 VUs  03.9s/15s  1945.00 iters/s

running (04.9s), 00028/01945 VUs, 9556 complete and 0 interrupted iterations
default   [  33% ] 00028/01945 VUs  04.9s/15s  1945.00 iters/s

running (05.9s), 00010/01945 VUs, 11519 complete and 0 interrupted iterations
default   [  40% ] 00010/01945 VUs  05.9s/15s  1945.00 iters/s

running (06.9s), 00016/01945 VUs, 13458 complete and 0 interrupted iterations
default   [  46% ] 00016/01945 VUs  06.9s/15s  1945.00 iters/s

running (07.9s), 00019/01945 VUs, 15400 complete and 0 interrupted iterations
default   [  53% ] 00019/01945 VUs  07.9s/15s  1945.00 iters/s

running (08.9s), 00011/01945 VUs, 17353 complete and 0 interrupted iterations
default   [  60% ] 00011/01945 VUs  08.9s/15s  1945.00 iters/s

running (09.9s), 00053/01945 VUs, 19256 complete and 0 interrupted iterations
default   [  66% ] 00053/01945 VUs  09.9s/15s  1945.00 iters/s

running (10.9s), 00010/01945 VUs, 21244 complete and 0 interrupted iterations
default   [  73% ] 00010/01945 VUs  10.9s/15s  1945.00 iters/s

running (11.9s), 00007/01945 VUs, 23192 complete and 0 interrupted iterations
default   [  80% ] 00007/01945 VUs  11.9s/15s  1945.00 iters/s

running (12.9s), 00010/01945 VUs, 25134 complete and 0 interrupted iterations
default   [  86% ] 00010/01945 VUs  12.9s/15s  1945.00 iters/s

running (13.9s), 00025/01945 VUs, 27064 complete and 0 interrupted iterations
default   [  93% ] 00025/01945 VUs  13.9s/15s  1945.00 iters/s

running (14.9s), 00016/01945 VUs, 29018 complete and 0 interrupted iterations
default   [ 100% ] 00016/01945 VUs  14.9s/15s  1945.00 iters/s


  █ TOTAL RESULTS 

    HTTP
    http_req_duration..............: avg=10.74ms min=2.25ms med=6.78ms max=70.97ms p(90)=23.52ms p(95)=36.25ms
      { expected_response:true }...: avg=10.74ms min=2.25ms med=6.78ms max=70.97ms p(90)=23.52ms p(95)=36.25ms
    http_req_failed................: 0.00%  0 out of 29168
    http_reqs......................: 29168  1944.140087/s

    EXECUTION
    iteration_duration.............: avg=10.86ms min=2.42ms med=6.91ms max=71.25ms p(90)=23.63ms p(95)=36.48ms
    iterations.....................: 29168  1944.140087/s
    vus............................: 16     min=7          max=53  
    vus_max........................: 1945   min=1945       max=1945

    NETWORK
    data_received..................: 6.8 MB 451 kB/s
    data_sent......................: 16 MB  1.1 MB/s




running (15.0s), 00000/01945 VUs, 29167 complete and 9 interrupted iterations
default ✓ [ 100% ] 00009/01945 VUs  15s  1945.00 iters/s
