
         /\      Grafana   /‾‾/  
    /\  /  \     |\  __   /  /   
   /  \/    \    | |/ /  /   ‾‾\ 
  /          \   |   (  |  (‾)  |
 / __________ \  |_|\_\  \_____/ 

     execution: local
        script: workflow/media/k6_open_review_compose.js
        output: -

     scenarios: (100.00%) 1 scenario, 10000 max VUs, 15s max duration (incl. graceful stop):
              * default: 2112.00 iterations/s for 15s (maxVUs: 2112-10000)


running (00.9s), 00139/02112 VUs, 1809 complete and 0 interrupted iterations
default   [   6% ] 00139/02112 VUs  00.9s/15s  2112.00 iters/s

running (01.9s), 00227/02112 VUs, 3833 complete and 0 interrupted iterations
default   [  13% ] 00227/02112 VUs  01.9s/15s  2112.00 iters/s

running (02.9s), 00395/02112 VUs, 5775 complete and 0 interrupted iterations
default   [  19% ] 00396/02112 VUs  02.9s/15s  2112.00 iters/s

running (03.9s), 00457/02112 VUs, 7826 complete and 0 interrupted iterations
default   [  26% ] 00457/02112 VUs  03.9s/15s  2112.00 iters/s

running (04.9s), 00575/02112 VUs, 9820 complete and 0 interrupted iterations
default   [  33% ] 00575/02112 VUs  04.9s/15s  2112.00 iters/s

running (05.9s), 00677/02112 VUs, 11829 complete and 0 interrupted iterations
default   [  39% ] 00677/02112 VUs  05.9s/15s  2112.00 iters/s

running (06.9s), 00766/02112 VUs, 13851 complete and 0 interrupted iterations
default   [  46% ] 00766/02112 VUs  06.9s/15s  2112.00 iters/s

running (07.9s), 00808/02112 VUs, 15922 complete and 0 interrupted iterations
default   [  53% ] 00809/02112 VUs  07.9s/15s  2112.00 iters/s

running (08.9s), 00905/02112 VUs, 17938 complete and 0 interrupted iterations
default   [  59% ] 00905/02112 VUs  08.9s/15s  2112.00 iters/s

running (09.9s), 01098/02112 VUs, 19857 complete and 0 interrupted iterations
default   [  66% ] 01098/02112 VUs  09.9s/15s  2112.00 iters/s

running (10.9s), 01191/02112 VUs, 21875 complete and 0 interrupted iterations
default   [  73% ] 01191/02112 VUs  10.9s/15s  2112.00 iters/s

running (11.9s), 01225/02112 VUs, 23953 complete and 0 interrupted iterations
default   [  79% ] 01225/02112 VUs  11.9s/15s  2112.00 iters/s

running (12.9s), 01283/02112 VUs, 26007 complete and 0 interrupted iterations
default   [  86% ] 01284/02112 VUs  12.9s/15s  2112.00 iters/s

running (13.9s), 01315/02112 VUs, 28088 complete and 0 interrupted iterations
default   [  93% ] 01315/02112 VUs  13.9s/15s  2112.00 iters/s

running (14.9s), 01381/02112 VUs, 30135 complete and 0 interrupted iterations
default   [  99% ] 01380/02112 VUs  14.9s/15s  2112.00 iters/s


  █ TOTAL RESULTS 

    HTTP
    http_req_duration..............: avg=378.3ms  min=7.42ms med=371.42ms max=1.7s p(90)=605.31ms p(95)=622.22ms
      { expected_response:true }...: avg=378.3ms  min=7.42ms med=371.42ms max=1.7s p(90)=605.31ms p(95)=622.22ms
    http_req_failed................: 0.00%  0 out of 30304
    http_reqs......................: 30304  2018.686142/s

    EXECUTION
    iteration_duration.............: avg=378.42ms min=7.93ms med=371.53ms max=1.7s p(90)=605.43ms p(95)=622.35ms
    iterations.....................: 30304  2018.686142/s
    vus............................: 1380   min=138        max=1380
    vus_max........................: 2112   min=2112       max=2112

    NETWORK
    data_received..................: 7.0 MB 468 kB/s
    data_sent......................: 18 MB  1.2 MB/s




running (15.0s), 00000/02112 VUs, 30304 complete and 1378 interrupted iterations
default ✓ [ 100% ] 01378/02112 VUs  15s  2112.00 iters/s
