
         /\      Grafana   /‾‾/  
    /\  /  \     |\  __   /  /   
   /  \/    \    | |/ /  /   ‾‾\ 
  /          \   |   (  |  (‾)  |
 / __________ \  |_|\_\  \_____/ 

     execution: local
        script: workflow/write/k6_open_client.js
        output: -

     scenarios: (100.00%) 1 scenario, 10000 max VUs, 15s max duration (incl. graceful stop):
              * default: 2542.00 iterations/s for 15s (maxVUs: 2542-10000)


running (00.9s), 00345/02542 VUs, 1976 complete and 0 interrupted iterations
default   [   6% ] 00345/02542 VUs  00.9s/15s  2542.00 iters/s

running (01.9s), 00495/02542 VUs, 4367 complete and 0 interrupted iterations
default   [  13% ] 00495/02542 VUs  01.9s/15s  2542.00 iters/s

running (02.9s), 00478/02542 VUs, 6927 complete and 0 interrupted iterations
default   [  19% ] 00478/02542 VUs  02.9s/15s  2542.00 iters/s

running (03.9s), 00563/02542 VUs, 9383 complete and 0 interrupted iterations
default   [  26% ] 00563/02542 VUs  03.9s/15s  2542.00 iters/s

running (04.9s), 00473/02542 VUs, 12015 complete and 0 interrupted iterations
default   [  33% ] 00473/02542 VUs  04.9s/15s  2542.00 iters/s

running (05.9s), 00675/02542 VUs, 14355 complete and 0 interrupted iterations
default   [  39% ] 00675/02542 VUs  05.9s/15s  2542.00 iters/s

running (06.9s), 00575/02542 VUs, 16999 complete and 0 interrupted iterations
default   [  46% ] 00575/02542 VUs  06.9s/15s  2542.00 iters/s

running (07.9s), 00721/02542 VUs, 19393 complete and 0 interrupted iterations
default   [  53% ] 00722/02542 VUs  07.9s/15s  2542.00 iters/s

running (08.9s), 00930/02542 VUs, 21726 complete and 0 interrupted iterations
default   [  59% ] 00930/02542 VUs  08.9s/15s  2542.00 iters/s

running (09.9s), 00778/02542 VUs, 24418 complete and 0 interrupted iterations
default   [  66% ] 00778/02542 VUs  09.9s/15s  2542.00 iters/s

running (10.9s), 00685/02542 VUs, 27057 complete and 0 interrupted iterations
default   [  73% ] 00685/02542 VUs  10.9s/15s  2542.00 iters/s

running (11.9s), 00983/02542 VUs, 29299 complete and 0 interrupted iterations
default   [  79% ] 00983/02542 VUs  11.9s/15s  2542.00 iters/s

running (12.9s), 01047/02542 VUs, 31778 complete and 0 interrupted iterations
default   [  86% ] 01047/02542 VUs  12.9s/15s  2542.00 iters/s

running (13.9s), 00908/02542 VUs, 34458 complete and 0 interrupted iterations
default   [  93% ] 00908/02542 VUs  13.9s/15s  2542.00 iters/s

running (14.9s), 00783/02542 VUs, 37127 complete and 0 interrupted iterations
default   [  99% ] 00783/02542 VUs  14.9s/15s  2542.00 iters/s


  █ TOTAL RESULTS 

    HTTP
    http_req_duration..............: avg=273.05ms min=74.12ms med=272.5ms  max=438.95ms p(90)=395.11ms p(95)=416.26ms
      { expected_response:true }...: avg=273.05ms min=74.12ms med=272.5ms  max=438.95ms p(90)=395.11ms p(95)=416.26ms
    http_req_failed................: 0.00%  0 out of 37351
    http_reqs......................: 37351  2488.801105/s

    EXECUTION
    iteration_duration.............: avg=273.12ms min=74.31ms med=272.56ms max=439ms    p(90)=395.16ms p(95)=416.32ms
    iterations.....................: 37351  2488.801105/s
    vus............................: 780    min=345        max=1047
    vus_max........................: 2542   min=2542       max=2542

    NETWORK
    data_received..................: 7.6 MB 505 kB/s
    data_sent......................: 3.8 MB 254 kB/s




running (15.0s), 00000/02542 VUs, 37350 complete and 780 interrupted iterations
default ✓ [ 100% ] 00780/02542 VUs  15s  2542.00 iters/s
