
         /\      Grafana   /‾‾/  
    /\  /  \     |\  __   /  /   
   /  \/    \    | |/ /  /   ‾‾\ 
  /          \   |   (  |  (‾)  |
 / __________ \  |_|\_\  \_____/ 

     execution: local
        script: workflow/spin/k6_open_client.js
        output: -

     scenarios: (100.00%) 1 scenario, 10000 max VUs, 15s max duration (incl. graceful stop):
              * default: 529.00 iterations/s for 15s (maxVUs: 529-10000)


running (01.0s), 00324/00529 VUs, 191 complete and 0 interrupted iterations
default   [   6% ] 00324/00529 VUs  01.0s/15s  529.00 iters/s

running (02.0s), 00018/00549 VUs, 1005 complete and 0 interrupted iterations
default   [  13% ] 00018/00549 VUs  02.0s/15s  529.00 iters/s

running (03.0s), 00021/00549 VUs, 1532 complete and 0 interrupted iterations
default   [  20% ] 00021/00549 VUs  03.0s/15s  529.00 iters/s

running (04.0s), 00022/00549 VUs, 2060 complete and 0 interrupted iterations
default   [  26% ] 00022/00549 VUs  04.0s/15s  529.00 iters/s

running (05.0s), 00014/00549 VUs, 2597 complete and 0 interrupted iterations
default   [  33% ] 00014/00549 VUs  05.0s/15s  529.00 iters/s

running (06.0s), 00007/00549 VUs, 3133 complete and 0 interrupted iterations
default   [  40% ] 00007/00549 VUs  06.0s/15s  529.00 iters/s

running (07.0s), 00021/00549 VUs, 3648 complete and 0 interrupted iterations
default   [  46% ] 00021/00549 VUs  07.0s/15s  529.00 iters/s

running (08.0s), 00010/00549 VUs, 4188 complete and 0 interrupted iterations
default   [  53% ] 00010/00549 VUs  08.0s/15s  529.00 iters/s

running (09.0s), 00009/00549 VUs, 4718 complete and 0 interrupted iterations
default   [  60% ] 00009/00549 VUs  09.0s/15s  529.00 iters/s

running (10.0s), 00013/00549 VUs, 5243 complete and 0 interrupted iterations
default   [  66% ] 00013/00549 VUs  10.0s/15s  529.00 iters/s

running (11.0s), 00008/00549 VUs, 5777 complete and 0 interrupted iterations
default   [  73% ] 00008/00549 VUs  11.0s/15s  529.00 iters/s

running (12.0s), 00007/00549 VUs, 6307 complete and 0 interrupted iterations
default   [  80% ] 00007/00549 VUs  12.0s/15s  529.00 iters/s

running (13.0s), 00006/00549 VUs, 6836 complete and 0 interrupted iterations
default   [  86% ] 00007/00549 VUs  13.0s/15s  529.00 iters/s

running (14.0s), 00007/00549 VUs, 7364 complete and 0 interrupted iterations
default   [  93% ] 00007/00549 VUs  14.0s/15s  529.00 iters/s

running (15.0s), 00010/00549 VUs, 7890 complete and 0 interrupted iterations
default   [ 100% ] 00010/00549 VUs  15.0s/15s  529.00 iters/s


  █ TOTAL RESULTS 

    HTTP
    http_req_duration..............: avg=75.11ms min=10.25ms med=28.36ms max=1.07s p(90)=42.2ms  p(95)=517.13ms
      { expected_response:true }...: avg=75.11ms min=10.25ms med=28.36ms max=1.07s p(90)=42.2ms  p(95)=517.13ms
    http_req_failed................: 0.00%  0 out of 7907
    http_reqs......................: 7907   527.095964/s

    EXECUTION
    dropped_iterations.............: 20     1.333239/s
    iteration_duration.............: avg=75.2ms  min=10.31ms med=28.46ms max=1.07s p(90)=42.29ms p(95)=517.22ms
    iterations.....................: 7907   527.095964/s
    vus............................: 11     min=6         max=324
    vus_max........................: 549    min=529       max=549

    NETWORK
    data_received..................: 1.6 MB 106 kB/s
    data_sent......................: 1.5 MB 101 kB/s




running (15.0s), 00000/00549 VUs, 7907 complete and 9 interrupted iterations
default ✓ [ 100% ] 00009/00549 VUs  15s  529.00 iters/s
