
         /\      Grafana   /‾‾/  
    /\  /  \     |\  __   /  /   
   /  \/    \    | |/ /  /   ‾‾\ 
  /          \   |   (  |  (‾)  |
 / __________ \  |_|\_\  \_____/ 

     execution: local
        script: workflow/spin/k6_open_client.js
        output: -

     scenarios: (100.00%) 1 scenario, 10000 max VUs, 15s max duration (incl. graceful stop):
              * default: 309.00 iterations/s for 15s (maxVUs: 309-10000)


running (01.0s), 00012/00309 VUs, 292 complete and 0 interrupted iterations
default   [   7% ] 00012/00309 VUs  01.0s/15s  309.00 iters/s

running (02.0s), 00011/00309 VUs, 602 complete and 0 interrupted iterations
default   [  13% ] 00011/00309 VUs  02.0s/15s  309.00 iters/s

running (03.0s), 00010/00309 VUs, 912 complete and 0 interrupted iterations
default   [  20% ] 00010/00309 VUs  03.0s/15s  309.00 iters/s

running (04.0s), 00010/00309 VUs, 1221 complete and 0 interrupted iterations
default   [  27% ] 00010/00309 VUs  04.0s/15s  309.00 iters/s

running (05.0s), 00010/00309 VUs, 1530 complete and 0 interrupted iterations
default   [  33% ] 00010/00309 VUs  05.0s/15s  309.00 iters/s

running (06.0s), 00009/00309 VUs, 1840 complete and 0 interrupted iterations
default   [  40% ] 00009/00309 VUs  06.0s/15s  309.00 iters/s

running (07.0s), 00008/00309 VUs, 2150 complete and 0 interrupted iterations
default   [  47% ] 00008/00309 VUs  07.0s/15s  309.00 iters/s

running (08.0s), 00007/00309 VUs, 2460 complete and 0 interrupted iterations
default   [  53% ] 00007/00309 VUs  08.0s/15s  309.00 iters/s

running (09.0s), 00006/00309 VUs, 2770 complete and 0 interrupted iterations
default   [  60% ] 00006/00309 VUs  09.0s/15s  309.00 iters/s

running (10.0s), 00004/00309 VUs, 3080 complete and 0 interrupted iterations
default   [  67% ] 00005/00309 VUs  10.0s/15s  309.00 iters/s

running (11.0s), 00013/00309 VUs, 3381 complete and 0 interrupted iterations
default   [  73% ] 00012/00309 VUs  11.0s/15s  309.00 iters/s

running (12.0s), 00012/00309 VUs, 3690 complete and 0 interrupted iterations
default   [  80% ] 00013/00309 VUs  12.0s/15s  309.00 iters/s

running (13.0s), 00009/00309 VUs, 4003 complete and 0 interrupted iterations
default   [  87% ] 00009/00309 VUs  13.0s/15s  309.00 iters/s

running (14.0s), 00007/00309 VUs, 4314 complete and 0 interrupted iterations
default   [  93% ] 00007/00309 VUs  14.0s/15s  309.00 iters/s

running (15.0s), 00006/00309 VUs, 4624 complete and 0 interrupted iterations
default   [ 100% ] 00006/00309 VUs  15.0s/15s  309.00 iters/s


  █ TOTAL RESULTS 

    HTTP
    http_req_duration..............: avg=27.78ms min=11.36ms med=27.78ms max=50.47ms p(90)=40.45ms p(95)=41.55ms
      { expected_response:true }...: avg=27.78ms min=11.36ms med=27.78ms max=50.47ms p(90)=40.45ms p(95)=41.55ms
    http_req_failed................: 0.00%  0 out of 4624
    http_reqs......................: 4624   308.245255/s

    EXECUTION
    iteration_duration.............: avg=27.89ms min=11.43ms med=27.91ms max=50.54ms p(90)=40.54ms p(95)=41.68ms
    iterations.....................: 4624   308.245255/s
    vus............................: 6      min=5         max=13 
    vus_max........................: 309    min=309       max=309

    NETWORK
    data_received..................: 929 kB 62 kB/s
    data_sent......................: 890 kB 59 kB/s




running (15.0s), 00000/00309 VUs, 4624 complete and 12 interrupted iterations
default ✓ [ 100% ] 00012/00309 VUs  15s  309.00 iters/s
