
         /\      Grafana   /‾‾/  
    /\  /  \     |\  __   /  /   
   /  \/    \    | |/ /  /   ‾‾\ 
  /          \   |   (  |  (‾)  |
 / __________ \  |_|\_\  \_____/ 

     execution: local
        script: workflow/spin/k6_open_client.js
        output: -

     scenarios: (100.00%) 1 scenario, 10000 max VUs, 15s max duration (incl. graceful stop):
              * default: 2149.00 iterations/s for 15s (maxVUs: 2149-10000)


running (00.9s), 00035/02149 VUs, 1952 complete and 0 interrupted iterations
default   [   6% ] 00035/02149 VUs  00.9s/15s  2149.00 iters/s

running (01.9s), 00038/02149 VUs, 4098 complete and 0 interrupted iterations
default   [  13% ] 00038/02149 VUs  01.9s/15s  2149.00 iters/s

running (02.9s), 00020/02149 VUs, 6266 complete and 0 interrupted iterations
default   [  19% ] 00020/02149 VUs  02.9s/15s  2149.00 iters/s

running (03.9s), 00028/02149 VUs, 8406 complete and 0 interrupted iterations
default   [  26% ] 00028/02149 VUs  03.9s/15s  2149.00 iters/s

running (04.9s), 00023/02149 VUs, 10560 complete and 0 interrupted iterations
default   [  33% ] 00023/02149 VUs  04.9s/15s  2149.00 iters/s

running (05.9s), 00029/02149 VUs, 12703 complete and 0 interrupted iterations
default   [  39% ] 00029/02149 VUs  05.9s/15s  2149.00 iters/s

running (06.9s), 00031/02149 VUs, 14850 complete and 0 interrupted iterations
default   [  46% ] 00030/02149 VUs  06.9s/15s  2149.00 iters/s

running (07.9s), 00021/02149 VUs, 17010 complete and 0 interrupted iterations
default   [  53% ] 00021/02149 VUs  07.9s/15s  2149.00 iters/s

running (08.9s), 00031/02149 VUs, 19148 complete and 0 interrupted iterations
default   [  59% ] 00031/02149 VUs  08.9s/15s  2149.00 iters/s

running (09.9s), 00020/02149 VUs, 21307 complete and 0 interrupted iterations
default   [  66% ] 00020/02149 VUs  09.9s/15s  2149.00 iters/s

running (10.9s), 00019/02149 VUs, 23458 complete and 0 interrupted iterations
default   [  73% ] 00019/02149 VUs  10.9s/15s  2149.00 iters/s

running (11.9s), 00023/02149 VUs, 25605 complete and 0 interrupted iterations
default   [  80% ] 00023/02149 VUs  11.9s/15s  2149.00 iters/s

running (12.9s), 00023/02149 VUs, 27752 complete and 0 interrupted iterations
default   [  86% ] 00023/02149 VUs  12.9s/15s  2149.00 iters/s

running (13.9s), 00041/02149 VUs, 29882 complete and 0 interrupted iterations
default   [  93% ] 00041/02149 VUs  13.9s/15s  2149.00 iters/s

running (14.9s), 00025/02149 VUs, 32049 complete and 0 interrupted iterations
default   [  99% ] 00025/02149 VUs  14.9s/15s  2149.00 iters/s


  █ TOTAL RESULTS 

    HTTP
    http_req_duration..............: avg=13.47ms min=6.93ms med=11.59ms max=54.66ms p(90)=21.02ms p(95)=24.54ms
      { expected_response:true }...: avg=13.47ms min=6.93ms med=11.59ms max=54.66ms p(90)=21.02ms p(95)=24.54ms
    http_req_failed................: 0.00%  0 out of 32211
    http_reqs......................: 32211  2146.877665/s

    EXECUTION
    iteration_duration.............: avg=13.56ms min=7.02ms med=11.69ms max=55.91ms p(90)=21.12ms p(95)=24.65ms
    iterations.....................: 32211  2146.877665/s
    vus............................: 26     min=20         max=43  
    vus_max........................: 2149   min=2149       max=2149

    NETWORK
    data_received..................: 7.4 MB 492 kB/s
    data_sent......................: 6.2 MB 412 kB/s




running (15.0s), 00000/02149 VUs, 32210 complete and 26 interrupted iterations
default ✓ [ 100% ] 00026/02149 VUs  15s  2149.00 iters/s
