
         /\      Grafana   /‾‾/  
    /\  /  \     |\  __   /  /   
   /  \/    \    | |/ /  /   ‾‾\ 
  /          \   |   (  |  (‾)  |
 / __________ \  |_|\_\  \_____/ 

     execution: local
        script: workflow/response/k6_open_client.js
        output: -

     scenarios: (100.00%) 1 scenario, 100000 max VUs, 15s max duration (incl. graceful stop):
              * default: 5594.00 iterations/s for 15s (maxVUs: 5594-100000)


running (00.8s), 000310/005594 VUs, 4224 complete and 0 interrupted iterations
default   [   5% ] 000310/005594 VUs  00.8s/15s  5594.00 iters/s

running (01.8s), 000531/005594 VUs, 9597 complete and 0 interrupted iterations
default   [  12% ] 000531/005594 VUs  01.8s/15s  5594.00 iters/s

running (02.8s), 000245/005594 VUs, 15477 complete and 0 interrupted iterations
default   [  19% ] 000245/005594 VUs  02.8s/15s  5594.00 iters/s

running (03.8s), 000231/005594 VUs, 21088 complete and 0 interrupted iterations
default   [  25% ] 000231/005594 VUs  03.8s/15s  5594.00 iters/s

running (04.8s), 000224/005594 VUs, 26686 complete and 0 interrupted iterations
default   [  32% ] 000224/005594 VUs  04.8s/15s  5594.00 iters/s

running (05.8s), 000283/005594 VUs, 32224 complete and 0 interrupted iterations
default   [  39% ] 000283/005594 VUs  05.8s/15s  5594.00 iters/s

running (06.8s), 000244/005594 VUs, 37856 complete and 0 interrupted iterations
default   [  45% ] 000244/005594 VUs  06.8s/15s  5594.00 iters/s

running (07.8s), 000275/005594 VUs, 43419 complete and 0 interrupted iterations
default   [  52% ] 000275/005594 VUs  07.8s/15s  5594.00 iters/s

running (08.8s), 000240/005594 VUs, 49050 complete and 0 interrupted iterations
default   [  59% ] 000240/005594 VUs  08.8s/15s  5594.00 iters/s

running (09.8s), 000223/005594 VUs, 54657 complete and 0 interrupted iterations
default   [  65% ] 000223/005594 VUs  09.8s/15s  5594.00 iters/s

running (10.8s), 000218/005594 VUs, 60256 complete and 0 interrupted iterations
default   [  72% ] 000218/005594 VUs  10.8s/15s  5594.00 iters/s

running (11.8s), 000314/005594 VUs, 65755 complete and 0 interrupted iterations
default   [  79% ] 000314/005594 VUs  11.8s/15s  5594.00 iters/s

running (12.8s), 000269/005594 VUs, 71394 complete and 0 interrupted iterations
default   [  85% ] 000269/005594 VUs  12.8s/15s  5594.00 iters/s

running (13.8s), 000218/005594 VUs, 77038 complete and 0 interrupted iterations
default   [  92% ] 000218/005594 VUs  13.8s/15s  5594.00 iters/s

running (14.8s), 000252/005594 VUs, 82598 complete and 0 interrupted iterations
default   [  99% ] 000252/005594 VUs  14.8s/15s  5594.00 iters/s


  █ TOTAL RESULTS 

    HTTP
    http_req_duration..............: avg=49.35ms min=26.03ms med=45.13ms max=181.47ms p(90)=61.97ms p(95)=81.74ms
      { expected_response:true }...: avg=49.35ms min=26.03ms med=45.13ms max=181.47ms p(90)=61.97ms p(95)=81.74ms
    http_req_failed................: 0.00% 0 out of 83690
    http_reqs......................: 83690 5575.958069/s

    EXECUTION
    iteration_duration.............: avg=49.49ms min=26.16ms med=45.22ms max=181.69ms p(90)=62.4ms  p(95)=81.88ms
    iterations.....................: 83689 5575.891442/s
    vus............................: 252   min=217        max=530 
    vus_max........................: 5594  min=5594       max=5594

    NETWORK
    data_received..................: 17 MB 1.1 MB/s
    data_sent......................: 16 MB 1.1 MB/s




running (15.0s), 000000/005594 VUs, 83683 complete and 228 interrupted iterations
default ✓ [ 100% ] 000228/005594 VUs  15s  5594.00 iters/s
