
         /\      Grafana   /‾‾/  
    /\  /  \     |\  __   /  /   
   /  \/    \    | |/ /  /   ‾‾\ 
  /          \   |   (  |  (‾)  |
 / __________ \  |_|\_\  \_____/ 

     execution: local
        script: workflow/social/k6_open_client.js
        output: -

     scenarios: (100.00%) 1 scenario, 10000 max VUs, 15s max duration (incl. graceful stop):
              * default: 5574.00 iterations/s for 15s (maxVUs: 5574-10000)


running (00.8s), 00018/05574 VUs, 4561 complete and 0 interrupted iterations
default   [   5% ] 00018/05574 VUs  00.8s/15s  5574.00 iters/s

running (01.8s), 00042/05574 VUs, 10111 complete and 0 interrupted iterations
default   [  12% ] 00042/05574 VUs  01.8s/15s  5574.00 iters/s

running (02.8s), 00022/05574 VUs, 15705 complete and 0 interrupted iterations
default   [  19% ] 00022/05574 VUs  02.8s/15s  5574.00 iters/s

running (03.8s), 00013/05574 VUs, 21288 complete and 0 interrupted iterations
default   [  25% ] 00013/05574 VUs  03.8s/15s  5574.00 iters/s

running (04.8s), 00005/05574 VUs, 26870 complete and 0 interrupted iterations
default   [  32% ] 00006/05574 VUs  04.8s/15s  5574.00 iters/s

running (05.8s), 00012/05574 VUs, 32438 complete and 0 interrupted iterations
default   [  39% ] 00012/05574 VUs  05.8s/15s  5574.00 iters/s

running (06.8s), 00005/05574 VUs, 38018 complete and 0 interrupted iterations
default   [  45% ] 00005/05574 VUs  06.8s/15s  5574.00 iters/s

running (07.8s), 00021/05574 VUs, 43576 complete and 0 interrupted iterations
default   [  52% ] 00021/05574 VUs  07.8s/15s  5574.00 iters/s

running (08.8s), 00062/05574 VUs, 49110 complete and 0 interrupted iterations
default   [  59% ] 00062/05574 VUs  08.8s/15s  5574.00 iters/s

running (09.8s), 00011/05574 VUs, 54735 complete and 0 interrupted iterations
default   [  65% ] 00011/05574 VUs  09.8s/15s  5574.00 iters/s

running (10.8s), 00014/05574 VUs, 60305 complete and 0 interrupted iterations
default   [  72% ] 00014/05574 VUs  10.8s/15s  5574.00 iters/s

running (11.8s), 00020/05574 VUs, 65873 complete and 0 interrupted iterations
default   [  79% ] 00020/05574 VUs  11.8s/15s  5574.00 iters/s

running (12.8s), 00006/05574 VUs, 71461 complete and 0 interrupted iterations
default   [  85% ] 00006/05574 VUs  12.8s/15s  5574.00 iters/s

running (13.8s), 00031/05574 VUs, 77014 complete and 0 interrupted iterations
default   [  92% ] 00031/05574 VUs  13.8s/15s  5574.00 iters/s

running (14.8s), 00005/05574 VUs, 82610 complete and 0 interrupted iterations
default   [  99% ] 00005/05574 VUs  14.8s/15s  5574.00 iters/s


  █ TOTAL RESULTS 

    HTTP
    http_req_duration..............: avg=4.95ms min=622.02µs med=1.55ms max=149.45ms p(90)=7.09ms p(95)=22.99ms
      { expected_response:true }...: avg=4.95ms min=622.02µs med=1.55ms max=149.45ms p(90)=7.09ms p(95)=22.99ms
    http_req_failed................: 0.00% 0 out of 83599
    http_reqs......................: 83599 5570.275777/s

    EXECUTION
    iteration_duration.............: avg=5.08ms min=718.34µs med=1.67ms max=149.69ms p(90)=7.24ms p(95)=23.18ms
    iterations.....................: 83599 5570.275777/s
    vus............................: 6     min=6          max=61  
    vus_max........................: 5574  min=5574       max=5574

    NETWORK
    data_received..................: 19 MB 1.3 MB/s
    data_sent......................: 28 MB 1.8 MB/s




running (15.0s), 00000/05574 VUs, 83595 complete and 16 interrupted iterations
default ✓ [ 100% ] 00016/05574 VUs  15s  5574.00 iters/s
