
         /\      Grafana   /‾‾/  
    /\  /  \     |\  __   /  /   
   /  \/    \    | |/ /  /   ‾‾\ 
  /          \   |   (  |  (‾)  |
 / __________ \  |_|\_\  \_____/ 

     execution: local
        script: workflow/spin/k6_open_client.js
        output: -

     scenarios: (100.00%) 1 scenario, 10000 max VUs, 15s max duration (incl. graceful stop):
              * default: 3074.00 iterations/s for 15s (maxVUs: 3074-10000)


running (00.9s), 00310/03074 VUs, 2424 complete and 0 interrupted iterations
default   [   6% ] 00310/03074 VUs  00.9s/15s  3074.00 iters/s

running (01.9s), 00187/03074 VUs, 5624 complete and 0 interrupted iterations
default   [  13% ] 00187/03074 VUs  01.9s/15s  3074.00 iters/s

running (02.9s), 00216/03074 VUs, 8666 complete and 0 interrupted iterations
default   [  19% ] 00216/03074 VUs  02.9s/15s  3074.00 iters/s

running (03.9s), 00265/03074 VUs, 11691 complete and 0 interrupted iterations
default   [  26% ] 00265/03074 VUs  03.9s/15s  3074.00 iters/s

running (04.9s), 00213/03074 VUs, 14817 complete and 0 interrupted iterations
default   [  33% ] 00212/03074 VUs  04.9s/15s  3074.00 iters/s

running (05.9s), 00194/03074 VUs, 17912 complete and 0 interrupted iterations
default   [  39% ] 00194/03074 VUs  05.9s/15s  3074.00 iters/s

running (06.9s), 00254/03074 VUs, 20924 complete and 0 interrupted iterations
default   [  46% ] 00254/03074 VUs  06.9s/15s  3074.00 iters/s

running (07.9s), 00304/03074 VUs, 23948 complete and 0 interrupted iterations
default   [  53% ] 00304/03074 VUs  07.9s/15s  3074.00 iters/s

running (08.9s), 00269/03074 VUs, 27057 complete and 0 interrupted iterations
default   [  59% ] 00268/03074 VUs  08.9s/15s  3074.00 iters/s

running (09.9s), 00227/03074 VUs, 30173 complete and 0 interrupted iterations
default   [  66% ] 00227/03074 VUs  09.9s/15s  3074.00 iters/s

running (10.9s), 00276/03074 VUs, 33199 complete and 0 interrupted iterations
default   [  73% ] 00276/03074 VUs  10.9s/15s  3074.00 iters/s

running (11.9s), 00230/03074 VUs, 36317 complete and 0 interrupted iterations
default   [  79% ] 00230/03074 VUs  11.9s/15s  3074.00 iters/s

running (12.9s), 00233/03074 VUs, 39389 complete and 0 interrupted iterations
default   [  86% ] 00233/03074 VUs  12.9s/15s  3074.00 iters/s

running (13.9s), 00235/03074 VUs, 42461 complete and 0 interrupted iterations
default   [  93% ] 00235/03074 VUs  13.9s/15s  3074.00 iters/s

running (14.9s), 00280/03074 VUs, 45490 complete and 0 interrupted iterations
default   [  99% ] 00280/03074 VUs  14.9s/15s  3074.00 iters/s


  █ TOTAL RESULTS 

    HTTP
    http_req_duration..............: avg=78.58ms min=52.74ms med=78.15ms max=120.4ms  p(90)=91.74ms p(95)=96.2ms 
      { expected_response:true }...: avg=78.58ms min=52.74ms med=78.15ms max=120.4ms  p(90)=91.74ms p(95)=96.2ms 
    http_req_failed................: 0.00%  0 out of 45871
    http_reqs......................: 45871  3056.969831/s

    EXECUTION
    iteration_duration.............: avg=78.67ms min=52.8ms  med=78.24ms max=121.24ms p(90)=91.85ms p(95)=96.33ms
    iterations.....................: 45871  3056.969831/s
    vus............................: 280    min=187        max=311 
    vus_max........................: 3074   min=3074       max=3074

    NETWORK
    data_received..................: 9.3 MB 621 kB/s
    data_sent......................: 8.8 MB 590 kB/s




running (15.0s), 00000/03074 VUs, 45867 complete and 244 interrupted iterations
default ✓ [ 100% ] 00244/03074 VUs  15s  3074.00 iters/s
