
         /\      Grafana   /‾‾/  
    /\  /  \     |\  __   /  /   
   /  \/    \    | |/ /  /   ‾‾\ 
  /          \   |   (  |  (‾)  |
 / __________ \  |_|\_\  \_____/ 

     execution: local
        script: workflow/write/k6_open_client.js
        output: -

     scenarios: (100.00%) 1 scenario, 10000 max VUs, 15s max duration (incl. graceful stop):
              * default: 8231.00 iterations/s for 15s (maxVUs: 8231-10000)


running (00.7s), 01824/08231 VUs, 3290 complete and 0 interrupted iterations
default   [   5% ] 01824/08231 VUs  00.7s/15s  8231.00 iters/s

running (01.7s), 05142/08231 VUs, 9200 complete and 0 interrupted iterations
default   [  12% ] 05142/08231 VUs  01.7s/15s  8231.00 iters/s

running (02.7s), 05138/08231 VUs, 17435 complete and 0 interrupted iterations
default   [  18% ] 05138/08231 VUs  02.7s/15s  8231.00 iters/s

running (03.7s), 05241/08231 VUs, 25563 complete and 0 interrupted iterations
default   [  25% ] 05241/08231 VUs  03.7s/15s  8231.00 iters/s

running (04.7s), 05373/08231 VUs, 33663 complete and 0 interrupted iterations
default   [  32% ] 05373/08231 VUs  04.7s/15s  8231.00 iters/s

running (05.7s), 05363/08231 VUs, 41904 complete and 0 interrupted iterations
default   [  38% ] 05362/08231 VUs  05.7s/15s  8231.00 iters/s

running (06.7s), 05587/08231 VUs, 49911 complete and 0 interrupted iterations
default   [  45% ] 05587/08231 VUs  06.7s/15s  8231.00 iters/s

running (07.7s), 05594/08231 VUs, 58134 complete and 0 interrupted iterations
default   [  52% ] 05595/08231 VUs  07.7s/15s  8231.00 iters/s

running (08.7s), 05922/08231 VUs, 66038 complete and 0 interrupted iterations
default   [  58% ] 05922/08231 VUs  08.7s/15s  8231.00 iters/s

running (09.7s), 05921/08231 VUs, 74269 complete and 0 interrupted iterations
default   [  65% ] 05922/08231 VUs  09.7s/15s  8231.00 iters/s

running (10.7s), 06040/08231 VUs, 82382 complete and 0 interrupted iterations
default   [  72% ] 06040/08231 VUs  10.7s/15s  8231.00 iters/s

running (11.7s), 06089/08231 VUs, 90564 complete and 0 interrupted iterations
default   [  78% ] 06089/08231 VUs  11.7s/15s  8231.00 iters/s

running (12.7s), 06479/08231 VUs, 98405 complete and 0 interrupted iterations
default   [  85% ] 06479/08231 VUs  12.7s/15s  8231.00 iters/s

running (13.7s), 06676/08231 VUs, 106439 complete and 0 interrupted iterations
default   [  92% ] 06676/08231 VUs  13.7s/15s  8231.00 iters/s

running (14.7s), 06757/08231 VUs, 114589 complete and 0 interrupted iterations
default   [  98% ] 06757/08231 VUs  14.7s/15s  8231.00 iters/s


  █ TOTAL RESULTS 

    HTTP
    http_req_duration..............: avg=670.23ms min=493.21µs med=685.89ms max=1.65s p(90)=813.81ms p(95)=822.95ms
      { expected_response:true }...: avg=670.23ms min=493.21µs med=685.89ms max=1.65s p(90)=813.81ms p(95)=822.95ms
    http_req_failed................: 0.00%  0 out of 116780
    http_reqs......................: 116780 7758.162585/s

    EXECUTION
    iteration_duration.............: avg=673.37ms min=549.1µs  med=686.1ms  max=1.65s p(90)=813.89ms p(95)=823.01ms
    iterations.....................: 116770 7757.498245/s
    vus............................: 6757   min=1800        max=6757
    vus_max........................: 8231   min=8231        max=8231

    NETWORK
    data_received..................: 24 MB  1.6 MB/s
    data_sent......................: 12 MB  820 kB/s




running (15.1s), 00000/08231 VUs, 116741 complete and 6726 interrupted iterations
default ✓ [ 100% ] 06726/08231 VUs  15s  8231.00 iters/s
