
         /\      Grafana   /‾‾/  
    /\  /  \     |\  __   /  /   
   /  \/    \    | |/ /  /   ‾‾\ 
  /          \   |   (  |  (‾)  |
 / __________ \  |_|\_\  \_____/ 

     execution: local
        script: workflow/spin/k6_open_client.js
        output: -

     scenarios: (100.00%) 1 scenario, 10000 max VUs, 15s max duration (incl. graceful stop):
              * default: 3599.00 iterations/s for 15s (maxVUs: 3599-10000)


running (00.9s), 00234/03599 VUs, 2904 complete and 0 interrupted iterations
default   [   6% ] 00234/03599 VUs  00.9s/15s  3599.00 iters/s

running (01.9s), 00243/03599 VUs, 6492 complete and 0 interrupted iterations
default   [  12% ] 00242/03599 VUs  01.9s/15s  3599.00 iters/s

running (02.9s), 00185/03599 VUs, 10150 complete and 0 interrupted iterations
default   [  19% ] 00185/03599 VUs  02.9s/15s  3599.00 iters/s

running (03.9s), 00189/03599 VUs, 13741 complete and 0 interrupted iterations
default   [  26% ] 00190/03599 VUs  03.9s/15s  3599.00 iters/s

running (04.9s), 00220/03599 VUs, 17310 complete and 0 interrupted iterations
default   [  32% ] 00220/03599 VUs  04.9s/15s  3599.00 iters/s

running (05.9s), 00253/03599 VUs, 20887 complete and 0 interrupted iterations
default   [  39% ] 00253/03599 VUs  05.9s/15s  3599.00 iters/s

running (06.9s), 00200/03599 VUs, 24531 complete and 0 interrupted iterations
default   [  46% ] 00201/03599 VUs  06.9s/15s  3599.00 iters/s

running (07.9s), 00215/03599 VUs, 28115 complete and 0 interrupted iterations
default   [  52% ] 00215/03599 VUs  07.9s/15s  3599.00 iters/s

running (08.9s), 00253/03599 VUs, 31676 complete and 0 interrupted iterations
default   [  59% ] 00253/03599 VUs  08.9s/15s  3599.00 iters/s

running (09.9s), 00309/03599 VUs, 35219 complete and 0 interrupted iterations
default   [  66% ] 00309/03599 VUs  09.9s/15s  3599.00 iters/s

running (10.9s), 00269/03599 VUs, 38859 complete and 0 interrupted iterations
default   [  72% ] 00270/03599 VUs  10.9s/15s  3599.00 iters/s

running (11.9s), 00211/03599 VUs, 42514 complete and 0 interrupted iterations
default   [  79% ] 00211/03599 VUs  11.9s/15s  3599.00 iters/s

running (12.9s), 00249/03599 VUs, 46074 complete and 0 interrupted iterations
default   [  86% ] 00249/03599 VUs  12.9s/15s  3599.00 iters/s

running (13.9s), 00188/03599 VUs, 49736 complete and 0 interrupted iterations
default   [  92% ] 00188/03599 VUs  13.9s/15s  3599.00 iters/s

running (14.9s), 00214/03599 VUs, 53309 complete and 0 interrupted iterations
default   [  99% ] 00214/03599 VUs  14.9s/15s  3599.00 iters/s


  █ TOTAL RESULTS 

    HTTP
    http_req_duration..............: avg=65.67ms min=43.33ms med=65.07ms max=102.4ms  p(90)=76.17ms p(95)=80.52ms
      { expected_response:true }...: avg=65.67ms min=43.33ms med=65.07ms max=102.4ms  p(90)=76.17ms p(95)=80.52ms
    http_req_failed................: 0.00% 0 out of 53774
    http_reqs......................: 53774 3583.541909/s

    EXECUTION
    iteration_duration.............: avg=65.77ms min=43.59ms med=65.16ms max=102.66ms p(90)=76.26ms p(95)=80.64ms
    iterations.....................: 53774 3583.541909/s
    vus............................: 213   min=184        max=309 
    vus_max........................: 3599  min=3599       max=3599

    NETWORK
    data_received..................: 11 MB 728 kB/s
    data_sent......................: 10 MB 690 kB/s




running (15.0s), 00000/03599 VUs, 53774 complete and 213 interrupted iterations
default ✓ [ 100% ] 00213/03599 VUs  15s  3599.00 iters/s
