
         /\      Grafana   /‾‾/  
    /\  /  \     |\  __   /  /   
   /  \/    \    | |/ /  /   ‾‾\ 
  /          \   |   (  |  (‾)  |
 / __________ \  |_|\_\  \_____/ 

     execution: local
        script: workflow/spin/k6_open_client.js
        output: -

     scenarios: (100.00%) 1 scenario, 10000 max VUs, 15s max duration (incl. graceful stop):
              * default: 2955.00 iterations/s for 15s (maxVUs: 2955-10000)


running (00.9s), 00155/02955 VUs, 2509 complete and 0 interrupted iterations
default   [   6% ] 00155/02955 VUs  00.9s/15s  2955.00 iters/s

running (01.9s), 00155/02955 VUs, 5465 complete and 0 interrupted iterations
default   [  13% ] 00155/02955 VUs  01.9s/15s  2955.00 iters/s

running (02.9s), 00107/02955 VUs, 8468 complete and 0 interrupted iterations
default   [  19% ] 00107/02955 VUs  02.9s/15s  2955.00 iters/s

running (03.9s), 00112/02955 VUs, 11418 complete and 0 interrupted iterations
default   [  26% ] 00112/02955 VUs  03.9s/15s  2955.00 iters/s

running (04.9s), 00136/02955 VUs, 14349 complete and 0 interrupted iterations
default   [  33% ] 00136/02955 VUs  04.9s/15s  2955.00 iters/s

running (05.9s), 00141/02955 VUs, 17300 complete and 0 interrupted iterations
default   [  39% ] 00141/02955 VUs  05.9s/15s  2955.00 iters/s

running (06.9s), 00166/02955 VUs, 20229 complete and 0 interrupted iterations
default   [  46% ] 00166/02955 VUs  06.9s/15s  2955.00 iters/s

running (07.9s), 00183/02955 VUs, 23167 complete and 0 interrupted iterations
default   [  53% ] 00183/02955 VUs  07.9s/15s  2955.00 iters/s

running (08.9s), 00171/02955 VUs, 26135 complete and 0 interrupted iterations
default   [  59% ] 00171/02955 VUs  08.9s/15s  2955.00 iters/s

running (09.9s), 00151/02955 VUs, 29109 complete and 0 interrupted iterations
default   [  66% ] 00151/02955 VUs  09.9s/15s  2955.00 iters/s

running (10.9s), 00122/02955 VUs, 32093 complete and 0 interrupted iterations
default   [  73% ] 00122/02955 VUs  10.9s/15s  2955.00 iters/s

running (11.9s), 00122/02955 VUs, 35050 complete and 0 interrupted iterations
default   [  79% ] 00122/02955 VUs  11.9s/15s  2955.00 iters/s

running (12.9s), 00114/02955 VUs, 38011 complete and 0 interrupted iterations
default   [  86% ] 00114/02955 VUs  12.9s/15s  2955.00 iters/s

running (13.9s), 00131/02955 VUs, 40949 complete and 0 interrupted iterations
default   [  93% ] 00131/02955 VUs  13.9s/15s  2955.00 iters/s

running (14.9s), 00200/02955 VUs, 43835 complete and 0 interrupted iterations
default   [  99% ] 00200/02955 VUs  14.9s/15s  2955.00 iters/s


  █ TOTAL RESULTS 

    HTTP
    http_req_duration..............: avg=48ms    min=30.36ms med=47.86ms max=78.39ms p(90)=57.58ms p(95)=60.24ms
      { expected_response:true }...: avg=48ms    min=30.36ms med=47.86ms max=78.39ms p(90)=57.58ms p(95)=60.24ms
    http_req_failed................: 0.00%  0 out of 44194
    http_reqs......................: 44194  2945.361819/s

    EXECUTION
    iteration_duration.............: avg=48.09ms min=30.42ms med=47.96ms max=78.77ms p(90)=57.68ms p(95)=60.34ms
    iterations.....................: 44194  2945.361819/s
    vus............................: 199    min=107        max=199 
    vus_max........................: 2955   min=2955       max=2955

    NETWORK
    data_received..................: 9.0 MB 598 kB/s
    data_sent......................: 8.5 MB 567 kB/s




running (15.0s), 00000/02955 VUs, 44194 complete and 132 interrupted iterations
default ✓ [ 100% ] 00132/02955 VUs  15s  2955.00 iters/s
