
         /\      Grafana   /‾‾/  
    /\  /  \     |\  __   /  /   
   /  \/    \    | |/ /  /   ‾‾\ 
  /          \   |   (  |  (‾)  |
 / __________ \  |_|\_\  \_____/ 

     execution: local
        script: workflow/spin/k6_open_client.js
        output: -

     scenarios: (100.00%) 1 scenario, 10000 max VUs, 15s max duration (incl. graceful stop):
              * default: 318.00 iterations/s for 15s (maxVUs: 318-10000)


running (01.0s), 00008/00318 VUs, 304 complete and 0 interrupted iterations
default   [   7% ] 00008/00318 VUs  01.0s/15s  318.00 iters/s

running (02.0s), 00012/00318 VUs, 619 complete and 0 interrupted iterations
default   [  13% ] 00012/00318 VUs  02.0s/15s  318.00 iters/s

running (03.0s), 00005/00318 VUs, 943 complete and 0 interrupted iterations
default   [  20% ] 00006/00318 VUs  03.0s/15s  318.00 iters/s

running (04.0s), 00010/00318 VUs, 1256 complete and 0 interrupted iterations
default   [  27% ] 00010/00318 VUs  04.0s/15s  318.00 iters/s

running (05.0s), 00012/00318 VUs, 1572 complete and 0 interrupted iterations
default   [  33% ] 00012/00318 VUs  05.0s/15s  318.00 iters/s

running (06.0s), 00004/00318 VUs, 1898 complete and 0 interrupted iterations
default   [  40% ] 00005/00318 VUs  06.0s/15s  318.00 iters/s

running (07.0s), 00006/00318 VUs, 2214 complete and 0 interrupted iterations
default   [  47% ] 00006/00318 VUs  07.0s/15s  318.00 iters/s

running (08.0s), 00011/00318 VUs, 2527 complete and 0 interrupted iterations
default   [  53% ] 00011/00318 VUs  08.0s/15s  318.00 iters/s

running (09.0s), 00004/00318 VUs, 2852 complete and 0 interrupted iterations
default   [  60% ] 00004/00318 VUs  09.0s/15s  318.00 iters/s

running (10.0s), 00006/00318 VUs, 3168 complete and 0 interrupted iterations
default   [  67% ] 00006/00318 VUs  10.0s/15s  318.00 iters/s

running (11.0s), 00010/00318 VUs, 3483 complete and 0 interrupted iterations
default   [  73% ] 00010/00318 VUs  11.0s/15s  318.00 iters/s

running (12.0s), 00006/00318 VUs, 3805 complete and 0 interrupted iterations
default   [  80% ] 00006/00318 VUs  12.0s/15s  318.00 iters/s

running (13.0s), 00011/00318 VUs, 4117 complete and 0 interrupted iterations
default   [  87% ] 00011/00318 VUs  13.0s/15s  318.00 iters/s

running (14.0s), 00004/00318 VUs, 4442 complete and 0 interrupted iterations
default   [  93% ] 00004/00318 VUs  14.0s/15s  318.00 iters/s

running (15.0s), 00009/00318 VUs, 4756 complete and 0 interrupted iterations
default   [ 100% ] 00009/00318 VUs  15.0s/15s  318.00 iters/s


  █ TOTAL RESULTS 

    HTTP
    http_req_duration..............: avg=27.2ms min=10.33ms med=27ms   max=125.76ms p(90)=39.35ms p(95)=40.52ms
      { expected_response:true }...: avg=27.2ms min=10.33ms med=27ms   max=125.76ms p(90)=39.35ms p(95)=40.52ms
    http_req_failed................: 0.00%  0 out of 4766
    http_reqs......................: 4766   317.715802/s

    EXECUTION
    iteration_duration.............: avg=27.3ms min=10.42ms med=27.1ms max=125.82ms p(90)=39.43ms p(95)=40.63ms
    iterations.....................: 4766   317.715802/s
    vus............................: 9      min=4         max=12 
    vus_max........................: 318    min=318       max=318

    NETWORK
    data_received..................: 958 kB 64 kB/s
    data_sent......................: 915 kB 61 kB/s




running (15.0s), 00000/00318 VUs, 4766 complete and 5 interrupted iterations
default ✓ [ 100% ] 00005/00318 VUs  15s  318.00 iters/s
