
         /\      Grafana   /‾‾/  
    /\  /  \     |\  __   /  /   
   /  \/    \    | |/ /  /   ‾‾\ 
  /          \   |   (  |  (‾)  |
 / __________ \  |_|\_\  \_____/ 

     execution: local
        script: workflow/spin/k6_open_client.js
        output: -

     scenarios: (100.00%) 1 scenario, 10000 max VUs, 15s max duration (incl. graceful stop):
              * default: 4400.00 iterations/s for 15s (maxVUs: 4400-10000)


running (00.9s), 00504/04400 VUs, 3277 complete and 0 interrupted iterations
default   [   6% ] 00504/04400 VUs  00.9s/15s  4400.00 iters/s

running (01.9s), 00479/04400 VUs, 7703 complete and 0 interrupted iterations
default   [  12% ] 00479/04400 VUs  01.9s/15s  4400.00 iters/s

running (02.9s), 00450/04400 VUs, 12131 complete and 0 interrupted iterations
default   [  19% ] 00450/04400 VUs  02.9s/15s  4400.00 iters/s

running (03.9s), 00435/04400 VUs, 16546 complete and 0 interrupted iterations
default   [  26% ] 00435/04400 VUs  03.9s/15s  4400.00 iters/s

running (04.9s), 00471/04400 VUs, 20911 complete and 0 interrupted iterations
default   [  32% ] 00472/04400 VUs  04.9s/15s  4400.00 iters/s

running (05.9s), 00479/04400 VUs, 25305 complete and 0 interrupted iterations
default   [  39% ] 00479/04400 VUs  05.9s/15s  4400.00 iters/s

running (06.9s), 00438/04400 VUs, 29743 complete and 0 interrupted iterations
default   [  46% ] 00438/04400 VUs  06.9s/15s  4400.00 iters/s

running (07.9s), 00510/04400 VUs, 34072 complete and 0 interrupted iterations
default   [  52% ] 00510/04400 VUs  07.9s/15s  4400.00 iters/s

running (08.9s), 00407/04400 VUs, 38576 complete and 0 interrupted iterations
default   [  59% ] 00407/04400 VUs  08.9s/15s  4400.00 iters/s

running (09.9s), 00485/04400 VUs, 42896 complete and 0 interrupted iterations
default   [  66% ] 00485/04400 VUs  09.9s/15s  4400.00 iters/s

running (10.9s), 00421/04400 VUs, 47360 complete and 0 interrupted iterations
default   [  72% ] 00421/04400 VUs  10.9s/15s  4400.00 iters/s

running (11.9s), 00484/04400 VUs, 51697 complete and 0 interrupted iterations
default   [  79% ] 00483/04400 VUs  11.9s/15s  4400.00 iters/s

running (12.9s), 00405/04400 VUs, 56176 complete and 0 interrupted iterations
default   [  86% ] 00405/04400 VUs  12.9s/15s  4400.00 iters/s

running (13.9s), 00483/04400 VUs, 60498 complete and 0 interrupted iterations
default   [  92% ] 00483/04400 VUs  13.9s/15s  4400.00 iters/s

running (14.9s), 00457/04400 VUs, 64925 complete and 0 interrupted iterations
default   [  99% ] 00457/04400 VUs  14.9s/15s  4400.00 iters/s


  █ TOTAL RESULTS 

    HTTP
    http_req_duration..............: avg=106.17ms min=80.3ms  med=105.13ms max=177.89ms p(90)=117.95ms p(95)=123.04ms
      { expected_response:true }...: avg=106.17ms min=80.3ms  med=105.13ms max=177.89ms p(90)=117.95ms p(95)=123.04ms
    http_req_failed................: 0.00% 0 out of 65534
    http_reqs......................: 65534 4366.309992/s

    EXECUTION
    iteration_duration.............: avg=106.27ms min=80.39ms med=105.22ms max=178.2ms  p(90)=118.04ms p(95)=123.15ms
    iterations.....................: 65534 4366.309992/s
    vus............................: 456   min=402        max=510 
    vus_max........................: 4400  min=4400       max=4400

    NETWORK
    data_received..................: 13 MB 886 kB/s
    data_sent......................: 13 MB 844 kB/s




running (15.0s), 00000/04400 VUs, 65527 complete and 474 interrupted iterations
default ✓ [ 100% ] 00474/04400 VUs  15s  4400.00 iters/s
