
         /\      Grafana   /‾‾/  
    /\  /  \     |\  __   /  /   
   /  \/    \    | |/ /  /   ‾‾\ 
  /          \   |   (  |  (‾)  |
 / __________ \  |_|\_\  \_____/ 

     execution: local
        script: workflow/spin/k6_open_client.js
        output: -

     scenarios: (100.00%) 1 scenario, 10000 max VUs, 15s max duration (incl. graceful stop):
              * default: 540.00 iterations/s for 15s (maxVUs: 540-10000)


running (01.0s), 00022/00540 VUs, 503 complete and 0 interrupted iterations
default   [   6% ] 00022/00540 VUs  01.0s/15s  540.00 iters/s

running (02.0s), 00010/00540 VUs, 1056 complete and 0 interrupted iterations
default   [  13% ] 00010/00540 VUs  02.0s/15s  540.00 iters/s

running (03.0s), 00014/00540 VUs, 1591 complete and 0 interrupted iterations
default   [  20% ] 00014/00540 VUs  03.0s/15s  540.00 iters/s

running (04.0s), 00019/00540 VUs, 2126 complete and 0 interrupted iterations
default   [  26% ] 00019/00540 VUs  04.0s/15s  540.00 iters/s

running (05.0s), 00010/00540 VUs, 2676 complete and 0 interrupted iterations
default   [  33% ] 00010/00540 VUs  05.0s/15s  540.00 iters/s

running (06.0s), 00011/00540 VUs, 3214 complete and 0 interrupted iterations
default   [  40% ] 00011/00540 VUs  06.0s/15s  540.00 iters/s

running (07.0s), 00013/00540 VUs, 3753 complete and 0 interrupted iterations
default   [  46% ] 00013/00540 VUs  07.0s/15s  540.00 iters/s

running (08.0s), 00013/00540 VUs, 4292 complete and 0 interrupted iterations
default   [  53% ] 00013/00540 VUs  08.0s/15s  540.00 iters/s

running (09.0s), 00017/00540 VUs, 4828 complete and 0 interrupted iterations
default   [  60% ] 00017/00540 VUs  09.0s/15s  540.00 iters/s

running (10.0s), 00018/00540 VUs, 5367 complete and 0 interrupted iterations
default   [  66% ] 00018/00540 VUs  10.0s/15s  540.00 iters/s

running (11.0s), 00021/00540 VUs, 5904 complete and 0 interrupted iterations
default   [  73% ] 00021/00540 VUs  11.0s/15s  540.00 iters/s

running (12.0s), 00012/00540 VUs, 6454 complete and 0 interrupted iterations
default   [  80% ] 00012/00540 VUs  12.0s/15s  540.00 iters/s

running (13.0s), 00017/00540 VUs, 6989 complete and 0 interrupted iterations
default   [  86% ] 00017/00540 VUs  13.0s/15s  540.00 iters/s

running (14.0s), 00020/00540 VUs, 7525 complete and 0 interrupted iterations
default   [  93% ] 00021/00540 VUs  14.0s/15s  540.00 iters/s

running (15.0s), 00019/00540 VUs, 8066 complete and 0 interrupted iterations
default   [ 100% ] 00019/00540 VUs  15.0s/15s  540.00 iters/s


  █ TOTAL RESULTS 

    HTTP
    http_req_duration..............: avg=27.22ms min=10.61ms med=26.85ms max=131.53ms p(90)=38.89ms p(95)=40.37ms
      { expected_response:true }...: avg=27.22ms min=10.61ms med=26.85ms max=131.53ms p(90)=38.89ms p(95)=40.37ms
    http_req_failed................: 0.00%  0 out of 8083
    http_reqs......................: 8083   538.802988/s

    EXECUTION
    iteration_duration.............: avg=27.31ms min=10.68ms med=26.94ms max=131.6ms  p(90)=38.97ms p(95)=40.47ms
    iterations.....................: 8083   538.802988/s
    vus............................: 20     min=10        max=22 
    vus_max........................: 540    min=540       max=540

    NETWORK
    data_received..................: 1.6 MB 108 kB/s
    data_sent......................: 1.6 MB 104 kB/s




running (15.0s), 00000/00540 VUs, 8083 complete and 17 interrupted iterations
default ✓ [ 100% ] 00017/00540 VUs  15s  540.00 iters/s
