
         /\      Grafana   /‾‾/  
    /\  /  \     |\  __   /  /   
   /  \/    \    | |/ /  /   ‾‾\ 
  /          \   |   (  |  (‾)  |
 / __________ \  |_|\_\  \_____/ 

     execution: local
        script: workflow/write/k6_open_client.js
        output: -

     scenarios: (100.00%) 1 scenario, 10000 max VUs, 15s max duration (incl. graceful stop):
              * default: 5930.00 iterations/s for 15s (maxVUs: 5930-10000)


running (00.8s), 00005/05930 VUs, 4849 complete and 0 interrupted iterations
default   [   5% ] 00005/05930 VUs  00.8s/15s  5930.00 iters/s

running (01.8s), 00005/05930 VUs, 10778 complete and 0 interrupted iterations
default   [  12% ] 00005/05930 VUs  01.8s/15s  5930.00 iters/s

running (02.8s), 00004/05930 VUs, 16709 complete and 0 interrupted iterations
default   [  19% ] 00004/05930 VUs  02.8s/15s  5930.00 iters/s

running (03.8s), 00004/05930 VUs, 22639 complete and 0 interrupted iterations
default   [  25% ] 00004/05930 VUs  03.8s/15s  5930.00 iters/s

running (04.8s), 00004/05930 VUs, 28569 complete and 0 interrupted iterations
default   [  32% ] 00004/05930 VUs  04.8s/15s  5930.00 iters/s

running (05.8s), 00005/05930 VUs, 34498 complete and 0 interrupted iterations
default   [  39% ] 00005/05930 VUs  05.8s/15s  5930.00 iters/s

running (06.8s), 00005/05930 VUs, 40429 complete and 0 interrupted iterations
default   [  45% ] 00005/05930 VUs  06.8s/15s  5930.00 iters/s

running (07.8s), 00003/05930 VUs, 46360 complete and 0 interrupted iterations
default   [  52% ] 00003/05930 VUs  07.8s/15s  5930.00 iters/s

running (08.8s), 00005/05930 VUs, 52288 complete and 0 interrupted iterations
default   [  59% ] 00005/05930 VUs  08.8s/15s  5930.00 iters/s

running (09.8s), 00004/05930 VUs, 58219 complete and 0 interrupted iterations
default   [  65% ] 00004/05930 VUs  09.8s/15s  5930.00 iters/s

running (10.8s), 00005/05930 VUs, 64148 complete and 0 interrupted iterations
default   [  72% ] 00005/05930 VUs  10.8s/15s  5930.00 iters/s

running (11.8s), 00004/05930 VUs, 70080 complete and 0 interrupted iterations
default   [  79% ] 00004/05930 VUs  11.8s/15s  5930.00 iters/s

running (12.8s), 00003/05930 VUs, 76011 complete and 0 interrupted iterations
default   [  85% ] 00003/05930 VUs  12.8s/15s  5930.00 iters/s

running (13.8s), 00005/05930 VUs, 81939 complete and 0 interrupted iterations
default   [  92% ] 00005/05930 VUs  13.8s/15s  5930.00 iters/s

running (14.8s), 00004/05930 VUs, 87870 complete and 0 interrupted iterations
default   [  99% ] 00004/05930 VUs  14.8s/15s  5930.00 iters/s


  █ TOTAL RESULTS 

    HTTP
    http_req_duration..............: avg=1.65ms min=357.04µs med=614.42µs max=106.53ms p(90)=855.62µs p(95)=2.08ms
      { expected_response:true }...: avg=1.65ms min=357.04µs med=614.42µs max=106.53ms p(90)=855.62µs p(95)=2.08ms
    http_req_failed................: 0.00%  0 out of 88951
    http_reqs......................: 88951  5926.755686/s

    EXECUTION
    iteration_duration.............: avg=1.72ms min=401.35µs med=670.99µs max=106.76ms p(90)=945.36µs p(95)=2.26ms
    iterations.....................: 88951  5926.755686/s
    vus............................: 4      min=3          max=5   
    vus_max........................: 5930   min=5930       max=5930

    NETWORK
    data_received..................: 18 MB  1.2 MB/s
    data_sent......................: 8.9 MB 593 kB/s




running (15.0s), 00000/05930 VUs, 88947 complete and 4 interrupted iterations
default ✓ [ 100% ] 00004/05930 VUs  15s  5930.00 iters/s
