
         /\      Grafana   /‾‾/  
    /\  /  \     |\  __   /  /   
   /  \/    \    | |/ /  /   ‾‾\ 
  /          \   |   (  |  (‾)  |
 / __________ \  |_|\_\  \_____/ 

     execution: local
        script: workflow/spin/k6_open_client.js
        output: -

     scenarios: (100.00%) 1 scenario, 10000 max VUs, 15s max duration (incl. graceful stop):
              * default: 4523.00 iterations/s for 15s (maxVUs: 4523-10000)


running (00.8s), 00516/04523 VUs, 3328 complete and 0 interrupted iterations
default   [   6% ] 00516/04523 VUs  00.8s/15s  4523.00 iters/s

running (01.8s), 00616/04523 VUs, 7750 complete and 0 interrupted iterations
default   [  12% ] 00616/04523 VUs  01.8s/15s  4523.00 iters/s

running (02.8s), 00641/04523 VUs, 12248 complete and 0 interrupted iterations
default   [  19% ] 00641/04523 VUs  02.8s/15s  4523.00 iters/s

running (03.8s), 00631/04523 VUs, 16781 complete and 0 interrupted iterations
default   [  26% ] 00631/04523 VUs  03.8s/15s  4523.00 iters/s

running (04.9s), 00614/04523 VUs, 21324 complete and 0 interrupted iterations
default   [  32% ] 00614/04523 VUs  04.9s/15s  4523.00 iters/s

running (05.9s), 00526/04523 VUs, 25932 complete and 0 interrupted iterations
default   [  39% ] 00526/04523 VUs  05.9s/15s  4523.00 iters/s

running (06.8s), 00496/04523 VUs, 30486 complete and 0 interrupted iterations
default   [  46% ] 00496/04523 VUs  06.8s/15s  4523.00 iters/s

running (07.8s), 00544/04523 VUs, 34960 complete and 0 interrupted iterations
default   [  52% ] 00544/04523 VUs  07.8s/15s  4523.00 iters/s

running (08.8s), 00456/04523 VUs, 39571 complete and 0 interrupted iterations
default   [  59% ] 00457/04523 VUs  08.8s/15s  4523.00 iters/s

running (09.8s), 00364/04523 VUs, 44188 complete and 0 interrupted iterations
default   [  66% ] 00364/04523 VUs  09.8s/15s  4523.00 iters/s

running (10.8s), 00309/04523 VUs, 48764 complete and 0 interrupted iterations
default   [  72% ] 00309/04523 VUs  10.8s/15s  4523.00 iters/s

running (11.8s), 00292/04523 VUs, 53304 complete and 0 interrupted iterations
default   [  79% ] 00292/04523 VUs  11.8s/15s  4523.00 iters/s

running (12.8s), 00317/04523 VUs, 57803 complete and 0 interrupted iterations
default   [  86% ] 00317/04523 VUs  12.8s/15s  4523.00 iters/s

running (13.9s), 00264/04523 VUs, 62380 complete and 0 interrupted iterations
default   [  92% ] 00264/04523 VUs  13.9s/15s  4523.00 iters/s

running (14.8s), 00245/04523 VUs, 66920 complete and 0 interrupted iterations
default   [  99% ] 00245/04523 VUs  14.8s/15s  4523.00 iters/s


  █ TOTAL RESULTS 

    HTTP
    http_req_duration..............: avg=99.79ms min=46.26ms med=107.7ms  max=159.62ms p(90)=139.44ms p(95)=143.09ms
      { expected_response:true }...: avg=99.79ms min=46.26ms med=107.7ms  max=159.62ms p(90)=139.44ms p(95)=143.09ms
    http_req_failed................: 0.00% 0 out of 67600
    http_reqs......................: 67600 4504.355957/s

    EXECUTION
    iteration_duration.............: avg=99.89ms min=46.33ms med=107.85ms max=160.23ms p(90)=139.53ms p(95)=143.17ms
    iterations.....................: 67600 4504.355957/s
    vus............................: 246   min=246        max=640 
    vus_max........................: 4523  min=4523       max=4523

    NETWORK
    data_received..................: 14 MB 914 kB/s
    data_sent......................: 13 MB 868 kB/s




running (15.0s), 00000/04523 VUs, 67594 complete and 252 interrupted iterations
default ✓ [ 100% ] 00252/04523 VUs  15s  4523.00 iters/s
