
         /\      Grafana   /‾‾/  
    /\  /  \     |\  __   /  /   
   /  \/    \    | |/ /  /   ‾‾\ 
  /          \   |   (  |  (‾)  |
 / __________ \  |_|\_\  \_____/ 

     execution: local
        script: workflow/spin/k6_open_client.js
        output: -

     scenarios: (100.00%) 1 scenario, 10000 max VUs, 15s max duration (incl. graceful stop):
              * default: 4061.00 iterations/s for 15s (maxVUs: 4061-10000)


running (00.9s), 00058/04061 VUs, 3479 complete and 0 interrupted iterations
default   [   6% ] 00058/04061 VUs  00.9s/15s  4061.00 iters/s

running (01.9s), 00029/04061 VUs, 7571 complete and 0 interrupted iterations
default   [  12% ] 00029/04061 VUs  01.9s/15s  4061.00 iters/s

running (02.9s), 00047/04061 VUs, 11614 complete and 0 interrupted iterations
default   [  19% ] 00047/04061 VUs  02.9s/15s  4061.00 iters/s

running (03.9s), 00073/04061 VUs, 15652 complete and 0 interrupted iterations
default   [  26% ] 00073/04061 VUs  03.9s/15s  4061.00 iters/s

running (04.9s), 00033/04061 VUs, 19751 complete and 0 interrupted iterations
default   [  32% ] 00033/04061 VUs  04.9s/15s  4061.00 iters/s

running (05.9s), 00043/04061 VUs, 23801 complete and 0 interrupted iterations
default   [  39% ] 00043/04061 VUs  05.9s/15s  4061.00 iters/s

running (06.9s), 00026/04061 VUs, 27879 complete and 0 interrupted iterations
default   [  46% ] 00026/04061 VUs  06.9s/15s  4061.00 iters/s

running (07.9s), 00047/04061 VUs, 31919 complete and 0 interrupted iterations
default   [  52% ] 00047/04061 VUs  07.9s/15s  4061.00 iters/s

running (08.9s), 00065/04061 VUs, 35962 complete and 0 interrupted iterations
default   [  59% ] 00065/04061 VUs  08.9s/15s  4061.00 iters/s

running (09.9s), 00126/04061 VUs, 39962 complete and 0 interrupted iterations
default   [  66% ] 00126/04061 VUs  09.9s/15s  4061.00 iters/s

running (10.9s), 00035/04061 VUs, 44116 complete and 0 interrupted iterations
default   [  72% ] 00035/04061 VUs  10.9s/15s  4061.00 iters/s

running (11.9s), 00033/04061 VUs, 48183 complete and 0 interrupted iterations
default   [  79% ] 00033/04061 VUs  11.9s/15s  4061.00 iters/s

running (12.9s), 00027/04061 VUs, 52244 complete and 0 interrupted iterations
default   [  86% ] 00027/04061 VUs  12.9s/15s  4061.00 iters/s

running (13.9s), 00032/04061 VUs, 56300 complete and 0 interrupted iterations
default   [  92% ] 00032/04061 VUs  13.9s/15s  4061.00 iters/s

running (14.9s), 00047/04061 VUs, 60347 complete and 0 interrupted iterations
default   [  99% ] 00047/04061 VUs  14.9s/15s  4061.00 iters/s


  █ TOTAL RESULTS 

    HTTP
    http_req_duration..............: avg=11.3ms min=4.81ms med=9.09ms max=77.68ms p(90)=17.13ms p(95)=26.97ms
      { expected_response:true }...: avg=11.3ms min=4.81ms med=9.09ms max=77.68ms p(90)=17.13ms p(95)=26.97ms
    http_req_failed................: 0.00% 0 out of 60891
    http_reqs......................: 60891 4057.978413/s

    EXECUTION
    iteration_duration.............: avg=11.4ms min=4.89ms med=9.18ms max=77.93ms p(90)=17.23ms p(95)=27.11ms
    iterations.....................: 60891 4057.978413/s
    vus............................: 46    min=26         max=126 
    vus_max........................: 4061  min=4061       max=4061

    NETWORK
    data_received..................: 12 MB 824 kB/s
    data_sent......................: 12 MB 779 kB/s




running (15.0s), 00000/04061 VUs, 60885 complete and 32 interrupted iterations
default ✓ [ 100% ] 00032/04061 VUs  15s  4061.00 iters/s
