
         /\      Grafana   /‾‾/  
    /\  /  \     |\  __   /  /   
   /  \/    \    | |/ /  /   ‾‾\ 
  /          \   |   (  |  (‾)  |
 / __________ \  |_|\_\  \_____/ 

     execution: local
        script: workflow/write/k6_open_client.js
        output: -

     scenarios: (100.00%) 1 scenario, 10000 max VUs, 15s max duration (incl. graceful stop):
              * default: 7699.00 iterations/s for 15s (maxVUs: 7699-10000)


running (00.8s), 02647/07699 VUs, 2375 complete and 0 interrupted iterations
default   [   5% ] 02647/07699 VUs  00.8s/15s  7699.00 iters/s

running (01.8s), 05675/07699 VUs, 7863 complete and 0 interrupted iterations
default   [  12% ] 05675/07699 VUs  01.8s/15s  7699.00 iters/s

running (02.8s), 04101/07699 VUs, 17132 complete and 0 interrupted iterations
default   [  18% ] 04101/07699 VUs  02.8s/15s  7699.00 iters/s

running (03.8s), 02896/07699 VUs, 26040 complete and 0 interrupted iterations
default   [  25% ] 02896/07699 VUs  03.8s/15s  7699.00 iters/s

running (04.8s), 01763/07699 VUs, 34872 complete and 0 interrupted iterations
default   [  32% ] 01763/07699 VUs  04.8s/15s  7699.00 iters/s

running (05.8s), 00264/07699 VUs, 44070 complete and 0 interrupted iterations
default   [  38% ] 00264/07699 VUs  05.8s/15s  7699.00 iters/s

running (06.8s), 00005/07699 VUs, 52029 complete and 0 interrupted iterations
default   [  45% ] 00005/07699 VUs  06.8s/15s  7699.00 iters/s

running (07.8s), 00005/07699 VUs, 59729 complete and 0 interrupted iterations
default   [  52% ] 00005/07699 VUs  07.8s/15s  7699.00 iters/s

running (08.8s), 00005/07699 VUs, 67427 complete and 0 interrupted iterations
default   [  58% ] 00005/07699 VUs  08.8s/15s  7699.00 iters/s

running (09.8s), 00004/07699 VUs, 75127 complete and 0 interrupted iterations
default   [  65% ] 00004/07699 VUs  09.8s/15s  7699.00 iters/s

running (10.8s), 00004/07699 VUs, 82825 complete and 0 interrupted iterations
default   [  72% ] 00005/07699 VUs  10.8s/15s  7699.00 iters/s

running (11.8s), 00005/07699 VUs, 90523 complete and 0 interrupted iterations
default   [  78% ] 00006/07699 VUs  11.8s/15s  7699.00 iters/s

running (12.8s), 00005/07699 VUs, 98223 complete and 0 interrupted iterations
default   [  85% ] 00005/07699 VUs  12.8s/15s  7699.00 iters/s

running (13.8s), 00004/07699 VUs, 105923 complete and 0 interrupted iterations
default   [  92% ] 00004/07699 VUs  13.8s/15s  7699.00 iters/s

running (14.8s), 00005/07699 VUs, 113621 complete and 0 interrupted iterations
default   [  98% ] 00005/07699 VUs  14.8s/15s  7699.00 iters/s


  █ TOTAL RESULTS 

    HTTP
    http_req_duration..............: avg=125.43ms min=345µs    med=603.27µs max=1.2s p(90)=466.52ms p(95)=548.25ms
      { expected_response:true }...: avg=125.43ms min=345µs    med=603.27µs max=1.2s p(90)=466.52ms p(95)=548.25ms
    http_req_failed................: 0.00%  0 out of 115456
    http_reqs......................: 115456 7691.382088/s

    EXECUTION
    iteration_duration.............: avg=136.61ms min=386.65µs med=662.91µs max=1.4s p(90)=494.23ms p(95)=577.29ms
    iterations.....................: 115456 7691.382088/s
    vus............................: 4      min=4           max=5674
    vus_max........................: 7699   min=7699        max=7699

    NETWORK
    data_received..................: 24 MB  1.6 MB/s
    data_sent......................: 12 MB  769 kB/s




running (15.0s), 00000/07699 VUs, 115445 complete and 41 interrupted iterations
default ✓ [ 100% ] 00041/07699 VUs  15s  7699.00 iters/s
