
         /\      Grafana   /‾‾/  
    /\  /  \     |\  __   /  /   
   /  \/    \    | |/ /  /   ‾‾\ 
  /          \   |   (  |  (‾)  |
 / __________ \  |_|\_\  \_____/ 

     execution: local
        script: workflow/hotel/k6_open_hotels_client.js
        output: -

     scenarios: (100.00%) 1 scenario, 10000 max VUs, 10s max duration (incl. graceful stop):
              * default: 451.00 iterations/s for 10s (maxVUs: 451-10000)


running (01.0s), 00231/00451 VUs, 210 complete and 0 interrupted iterations
default   [  10% ] 00231/00451 VUs  01.0s/10s  451.00 iters/s

running (02.0s), 00234/00451 VUs, 658 complete and 0 interrupted iterations
default   [  20% ] 00234/00451 VUs  02.0s/10s  451.00 iters/s

running (03.0s), 00233/00451 VUs, 1109 complete and 0 interrupted iterations
default   [  30% ] 00233/00451 VUs  03.0s/10s  451.00 iters/s

running (04.0s), 00234/00451 VUs, 1560 complete and 0 interrupted iterations
default   [  40% ] 00234/00451 VUs  04.0s/10s  451.00 iters/s

running (05.0s), 00234/00451 VUs, 2011 complete and 0 interrupted iterations
default   [  50% ] 00234/00451 VUs  05.0s/10s  451.00 iters/s

running (06.0s), 00234/00451 VUs, 2462 complete and 0 interrupted iterations
default   [  60% ] 00234/00451 VUs  06.0s/10s  451.00 iters/s

running (07.0s), 00237/00451 VUs, 2910 complete and 0 interrupted iterations
default   [  70% ] 00237/00451 VUs  07.0s/10s  451.00 iters/s

running (08.0s), 00234/00451 VUs, 3364 complete and 0 interrupted iterations
default   [  80% ] 00234/00451 VUs  08.0s/10s  451.00 iters/s

running (09.0s), 00234/00451 VUs, 3815 complete and 0 interrupted iterations
default   [  90% ] 00234/00451 VUs  09.0s/10s  451.00 iters/s

running (10.0s), 00234/00451 VUs, 4266 complete and 0 interrupted iterations
default   [ 100% ] 00234/00451 VUs  10.0s/10s  451.00 iters/s


  █ TOTAL RESULTS 

    HTTP
    http_req_duration..............: avg=3.01ms min=2.24ms med=2.63ms max=14.77ms p(90)=3.98ms p(95)=4.93ms
      { expected_response:true }...: avg=3.01ms min=2.24ms med=2.63ms max=14.77ms p(90)=3.98ms p(95)=4.93ms
    http_req_failed................: 0.00%  0 out of 4277
    http_reqs......................: 4277   427.584367/s

    EXECUTION
    iteration_duration.............: avg=3.13ms min=2.33ms med=2.74ms max=14.91ms p(90)=4.09ms p(95)=5.05ms
    iterations.....................: 4277   427.584367/s
    vus............................: 234    min=231       max=237
    vus_max........................: 451    min=451       max=451

    NETWORK
    data_received..................: 1.2 MB 121 kB/s
    data_sent......................: 1.4 MB 140 kB/s




running (10.0s), 00000/00451 VUs, 4277 complete and 234 interrupted iterations
default ✓ [ 100% ] 00234/00451 VUs  10s  451.00 iters/s
