
         /\      Grafana   /‾‾/  
    /\  /  \     |\  __   /  /   
   /  \/    \    | |/ /  /   ‾‾\ 
  /          \   |   (  |  (‾)  |
 / __________ \  |_|\_\  \_____/ 

     execution: local
        script: workflow/media/k6_open_review_compose.js
        output: -

     scenarios: (100.00%) 1 scenario, 10000 max VUs, 15s max duration (incl. graceful stop):
              * default: 764.00 iterations/s for 15s (maxVUs: 764-10000)


running (01.0s), 00262/00764 VUs, 477 complete and 0 interrupted iterations
default   [   6% ] 00262/00764 VUs  01.0s/15s  764.00 iters/s

running (02.0s), 00245/00764 VUs, 1257 complete and 0 interrupted iterations
default   [  13% ] 00246/00764 VUs  02.0s/15s  764.00 iters/s

running (03.0s), 00228/00764 VUs, 2039 complete and 0 interrupted iterations
default   [  20% ] 00228/00764 VUs  03.0s/15s  764.00 iters/s

running (04.0s), 00211/00764 VUs, 2820 complete and 0 interrupted iterations
default   [  26% ] 00211/00764 VUs  04.0s/15s  764.00 iters/s

running (05.0s), 00195/00764 VUs, 3600 complete and 0 interrupted iterations
default   [  33% ] 00195/00764 VUs  05.0s/15s  764.00 iters/s

running (06.0s), 00179/00764 VUs, 4380 complete and 0 interrupted iterations
default   [  40% ] 00179/00764 VUs  06.0s/15s  764.00 iters/s

running (07.0s), 00162/00764 VUs, 5161 complete and 0 interrupted iterations
default   [  46% ] 00162/00764 VUs  07.0s/15s  764.00 iters/s

running (08.0s), 00276/00764 VUs, 5811 complete and 0 interrupted iterations
default   [  53% ] 00276/00764 VUs  08.0s/15s  764.00 iters/s

running (09.0s), 00272/00764 VUs, 6579 complete and 0 interrupted iterations
default   [  60% ] 00271/00764 VUs  09.0s/15s  764.00 iters/s

running (10.0s), 00267/00764 VUs, 7348 complete and 0 interrupted iterations
default   [  66% ] 00267/00764 VUs  10.0s/15s  764.00 iters/s

running (11.0s), 00251/00764 VUs, 8128 complete and 0 interrupted iterations
default   [  73% ] 00251/00764 VUs  11.0s/15s  764.00 iters/s

running (12.0s), 00233/00764 VUs, 8910 complete and 0 interrupted iterations
default   [  80% ] 00233/00764 VUs  12.0s/15s  764.00 iters/s

running (13.0s), 00217/00764 VUs, 9690 complete and 0 interrupted iterations
default   [  86% ] 00217/00764 VUs  13.0s/15s  764.00 iters/s

running (14.0s), 00201/00764 VUs, 10470 complete and 0 interrupted iterations
default   [  93% ] 00201/00764 VUs  14.0s/15s  764.00 iters/s

running (15.0s), 00185/00764 VUs, 11250 complete and 0 interrupted iterations
default   [ 100% ] 00185/00764 VUs  15.0s/15s  764.00 iters/s


  █ TOTAL RESULTS 

    HTTP
    http_req_duration..............: avg=287.49ms min=176.58ms med=287.34ms max=392.59ms p(90)=359.29ms p(95)=369ms   
      { expected_response:true }...: avg=287.49ms min=176.58ms med=287.34ms max=392.59ms p(90)=359.29ms p(95)=369ms   
    http_req_failed................: 0.00%  0 out of 11250
    http_reqs......................: 11250  749.843974/s

    EXECUTION
    iteration_duration.............: avg=287.61ms min=176.69ms med=287.46ms max=392.74ms p(90)=359.41ms p(95)=369.13ms
    iterations.....................: 11250  749.843974/s
    vus............................: 185    min=162        max=275
    vus_max........................: 764    min=764        max=764

    NETWORK
    data_received..................: 2.6 MB 173 kB/s
    data_sent......................: 6.4 MB 425 kB/s




running (15.0s), 00000/00764 VUs, 11250 complete and 210 interrupted iterations
default ✓ [ 100% ] 00210/00764 VUs  15s  764.00 iters/s
