
         /\      Grafana   /‾‾/  
    /\  /  \     |\  __   /  /   
   /  \/    \    | |/ /  /   ‾‾\ 
  /          \   |   (  |  (‾)  |
 / __________ \  |_|\_\  \_____/ 

     execution: local
        script: workflow/write/k6_open_client.js
        output: -

     scenarios: (100.00%) 1 scenario, 10000 max VUs, 15s max duration (incl. graceful stop):
              * default: 1257.00 iterations/s for 15s (maxVUs: 1257-10000)


running (01.0s), 00057/01257 VUs, 1139 complete and 0 interrupted iterations
default   [   6% ] 00057/01257 VUs  01.0s/15s  1257.00 iters/s

running (02.0s), 00029/01257 VUs, 2423 complete and 0 interrupted iterations
default   [  13% ] 00029/01257 VUs  02.0s/15s  1257.00 iters/s

running (03.0s), 00068/01257 VUs, 3642 complete and 0 interrupted iterations
default   [  20% ] 00068/01257 VUs  03.0s/15s  1257.00 iters/s

running (04.0s), 00037/01257 VUs, 4930 complete and 0 interrupted iterations
default   [  26% ] 00038/01257 VUs  04.0s/15s  1257.00 iters/s

running (05.0s), 00045/01257 VUs, 6179 complete and 0 interrupted iterations
default   [  33% ] 00045/01257 VUs  05.0s/15s  1257.00 iters/s

running (06.0s), 00037/01257 VUs, 7444 complete and 0 interrupted iterations
default   [  40% ] 00037/01257 VUs  06.0s/15s  1257.00 iters/s

running (07.0s), 00029/01257 VUs, 8709 complete and 0 interrupted iterations
default   [  46% ] 00029/01257 VUs  07.0s/15s  1257.00 iters/s

running (08.0s), 00034/01257 VUs, 9961 complete and 0 interrupted iterations
default   [  53% ] 00034/01257 VUs  08.0s/15s  1257.00 iters/s

running (09.0s), 00038/01257 VUs, 11214 complete and 0 interrupted iterations
default   [  60% ] 00038/01257 VUs  09.0s/15s  1257.00 iters/s

running (10.0s), 00025/01257 VUs, 12484 complete and 0 interrupted iterations
default   [  66% ] 00025/01257 VUs  10.0s/15s  1257.00 iters/s

running (11.0s), 00049/01257 VUs, 13717 complete and 0 interrupted iterations
default   [  73% ] 00049/01257 VUs  11.0s/15s  1257.00 iters/s

running (12.0s), 00062/01257 VUs, 14961 complete and 0 interrupted iterations
default   [  80% ] 00062/01257 VUs  12.0s/15s  1257.00 iters/s

running (13.0s), 00057/01257 VUs, 16223 complete and 0 interrupted iterations
default   [  86% ] 00056/01257 VUs  13.0s/15s  1257.00 iters/s

running (14.0s), 00049/01257 VUs, 17488 complete and 0 interrupted iterations
default   [  93% ] 00049/01257 VUs  14.0s/15s  1257.00 iters/s

running (15.0s), 00037/01257 VUs, 18757 complete and 0 interrupted iterations
default   [ 100% ] 00037/01257 VUs  15.0s/15s  1257.00 iters/s


  █ TOTAL RESULTS 

    HTTP
    http_req_duration..............: avg=37.27ms min=18.95ms med=37.21ms max=66.05ms p(90)=48.39ms p(95)=50.74ms
      { expected_response:true }...: avg=37.27ms min=18.95ms med=37.21ms max=66.05ms p(90)=48.39ms p(95)=50.74ms
    http_req_failed................: 0.00%  0 out of 18796
    http_reqs......................: 18796  1252.831367/s

    EXECUTION
    iteration_duration.............: avg=37.34ms min=18.99ms med=37.27ms max=66.53ms p(90)=48.46ms p(95)=50.81ms
    iterations.....................: 18796  1252.831367/s
    vus............................: 38     min=26         max=67  
    vus_max........................: 1257   min=1257       max=1257

    NETWORK
    data_received..................: 3.8 MB 254 kB/s
    data_sent......................: 1.9 MB 126 kB/s




running (15.0s), 00000/01257 VUs, 18796 complete and 61 interrupted iterations
default ✓ [ 100% ] 00061/01257 VUs  15s  1257.00 iters/s
