
         /\      Grafana   /‾‾/  
    /\  /  \     |\  __   /  /   
   /  \/    \    | |/ /  /   ‾‾\ 
  /          \   |   (  |  (‾)  |
 / __________ \  |_|\_\  \_____/ 

     execution: local
        script: workflow/response/k6_open_client.js
        output: -

     scenarios: (100.00%) 1 scenario, 10000 max VUs, 15s max duration (incl. graceful stop):
              * default: 303.00 iterations/s for 15s (maxVUs: 303-10000)


running (01.0s), 00013/00303 VUs, 285 complete and 0 interrupted iterations
default   [   7% ] 00013/00303 VUs  01.0s/15s  303.00 iters/s

running (02.0s), 00009/00303 VUs, 592 complete and 0 interrupted iterations
default   [  13% ] 00009/00303 VUs  02.0s/15s  303.00 iters/s

running (03.0s), 00008/00303 VUs, 895 complete and 0 interrupted iterations
default   [  20% ] 00009/00303 VUs  03.0s/15s  303.00 iters/s

running (04.0s), 00008/00303 VUs, 1199 complete and 0 interrupted iterations
default   [  27% ] 00008/00303 VUs  04.0s/15s  303.00 iters/s

running (05.0s), 00016/00303 VUs, 1493 complete and 0 interrupted iterations
default   [  33% ] 00016/00303 VUs  05.0s/15s  303.00 iters/s

running (06.0s), 00014/00303 VUs, 1799 complete and 0 interrupted iterations
default   [  40% ] 00014/00303 VUs  06.0s/15s  303.00 iters/s

running (07.0s), 00011/00303 VUs, 2105 complete and 0 interrupted iterations
default   [  47% ] 00011/00303 VUs  07.0s/15s  303.00 iters/s

running (08.0s), 00008/00303 VUs, 2411 complete and 0 interrupted iterations
default   [  53% ] 00008/00303 VUs  08.0s/15s  303.00 iters/s

running (09.0s), 00016/00303 VUs, 2706 complete and 0 interrupted iterations
default   [  60% ] 00016/00303 VUs  09.0s/15s  303.00 iters/s

running (10.0s), 00009/00303 VUs, 3015 complete and 0 interrupted iterations
default   [  67% ] 00010/00303 VUs  10.0s/15s  303.00 iters/s

running (11.0s), 00008/00303 VUs, 3320 complete and 0 interrupted iterations
default   [  73% ] 00008/00303 VUs  11.0s/15s  303.00 iters/s

running (12.0s), 00008/00303 VUs, 3623 complete and 0 interrupted iterations
default   [  80% ] 00008/00303 VUs  12.0s/15s  303.00 iters/s

running (13.0s), 00014/00303 VUs, 3920 complete and 0 interrupted iterations
default   [  87% ] 00014/00303 VUs  13.0s/15s  303.00 iters/s

running (14.0s), 00014/00303 VUs, 4223 complete and 0 interrupted iterations
default   [  93% ] 00014/00303 VUs  14.0s/15s  303.00 iters/s

running (15.0s), 00013/00303 VUs, 4527 complete and 0 interrupted iterations
default   [ 100% ] 00013/00303 VUs  15.0s/15s  303.00 iters/s


  █ TOTAL RESULTS 

    HTTP
    http_req_duration..............: avg=38.77ms min=20.29ms med=38.71ms max=60.81ms p(90)=51.17ms p(95)=52.89ms
      { expected_response:true }...: avg=38.77ms min=20.29ms med=38.71ms max=60.81ms p(90)=51.17ms p(95)=52.89ms
    http_req_failed................: 0.00%  0 out of 4537
    http_reqs......................: 4537   302.434728/s

    EXECUTION
    iteration_duration.............: avg=38.87ms min=20.36ms med=38.78ms max=60.88ms p(90)=51.26ms p(95)=52.99ms
    iterations.....................: 4537   302.434728/s
    vus............................: 13     min=8         max=16 
    vus_max........................: 303    min=303       max=303

    NETWORK
    data_received..................: 912 kB 61 kB/s
    data_sent......................: 890 kB 59 kB/s




running (15.0s), 00000/00303 VUs, 4537 complete and 8 interrupted iterations
default ✓ [ 100% ] 00008/00303 VUs  15s  303.00 iters/s
