
         /\      Grafana   /‾‾/  
    /\  /  \     |\  __   /  /   
   /  \/    \    | |/ /  /   ‾‾\ 
  /          \   |   (  |  (‾)  |
 / __________ \  |_|\_\  \_____/ 

     execution: local
        script: workflow/spin/k6_open_client.js
        output: -

     scenarios: (100.00%) 1 scenario, 10000 max VUs, 15s max duration (incl. graceful stop):
              * default: 2232.00 iterations/s for 15s (maxVUs: 2232-10000)


running (00.9s), 00364/02232 VUs, 1689 complete and 0 interrupted iterations
default   [   6% ] 00364/02232 VUs  00.9s/15s  2232.00 iters/s

running (01.9s), 00464/02232 VUs, 3820 complete and 0 interrupted iterations
default   [  13% ] 00464/02232 VUs  01.9s/15s  2232.00 iters/s

running (02.9s), 00329/02232 VUs, 6187 complete and 0 interrupted iterations
default   [  19% ] 00329/02232 VUs  02.9s/15s  2232.00 iters/s

running (03.9s), 00439/02232 VUs, 8309 complete and 0 interrupted iterations
default   [  26% ] 00439/02232 VUs  03.9s/15s  2232.00 iters/s

running (04.9s), 00407/02232 VUs, 10573 complete and 0 interrupted iterations
default   [  33% ] 00407/02232 VUs  04.9s/15s  2232.00 iters/s

running (05.9s), 00355/02232 VUs, 12859 complete and 0 interrupted iterations
default   [  39% ] 00355/02232 VUs  05.9s/15s  2232.00 iters/s

running (06.9s), 00447/02232 VUs, 14995 complete and 0 interrupted iterations
default   [  46% ] 00447/02232 VUs  06.9s/15s  2232.00 iters/s

running (07.9s), 00316/02232 VUs, 17362 complete and 0 interrupted iterations
default   [  53% ] 00316/02232 VUs  07.9s/15s  2232.00 iters/s

running (08.9s), 00422/02232 VUs, 19487 complete and 0 interrupted iterations
default   [  59% ] 00422/02232 VUs  08.9s/15s  2232.00 iters/s

running (09.9s), 00334/02232 VUs, 21807 complete and 0 interrupted iterations
default   [  66% ] 00334/02232 VUs  09.9s/15s  2232.00 iters/s

running (10.9s), 00385/02232 VUs, 23989 complete and 0 interrupted iterations
default   [  73% ] 00385/02232 VUs  10.9s/15s  2232.00 iters/s

running (11.9s), 00453/02232 VUs, 26151 complete and 0 interrupted iterations
default   [  79% ] 00453/02232 VUs  11.9s/15s  2232.00 iters/s

running (12.9s), 00312/02232 VUs, 28525 complete and 0 interrupted iterations
default   [  86% ] 00312/02232 VUs  12.9s/15s  2232.00 iters/s

running (13.9s), 00402/02232 VUs, 30667 complete and 0 interrupted iterations
default   [  93% ] 00402/02232 VUs  13.9s/15s  2232.00 iters/s

running (14.9s), 00428/02232 VUs, 32873 complete and 0 interrupted iterations
default   [  99% ] 00428/02232 VUs  14.9s/15s  2232.00 iters/s


  █ TOTAL RESULTS 

    HTTP
    http_req_duration..............: avg=167.73ms min=112.77ms med=167.44ms max=219.82ms p(90)=196.42ms p(95)=200.81ms
      { expected_response:true }...: avg=167.73ms min=112.77ms med=167.44ms max=219.82ms p(90)=196.42ms p(95)=200.81ms
    http_req_failed................: 0.00%  0 out of 33049
    http_reqs......................: 33049  2202.319891/s

    EXECUTION
    iteration_duration.............: avg=167.83ms min=112.85ms med=167.52ms max=219.91ms p(90)=196.54ms p(95)=200.91ms
    iterations.....................: 33049  2202.319891/s
    vus............................: 429    min=312        max=463 
    vus_max........................: 2232   min=2232       max=2232

    NETWORK
    data_received..................: 6.7 MB 447 kB/s
    data_sent......................: 6.4 MB 428 kB/s




running (15.0s), 00000/02232 VUs, 33049 complete and 431 interrupted iterations
default ✓ [ 100% ] 00431/02232 VUs  15s  2232.00 iters/s
