
         /\      Grafana   /‾‾/  
    /\  /  \     |\  __   /  /   
   /  \/    \    | |/ /  /   ‾‾\ 
  /          \   |   (  |  (‾)  |
 / __________ \  |_|\_\  \_____/ 

     execution: local
        script: workflow/response/k6_open_client.js
        output: -

     scenarios: (100.00%) 1 scenario, 10000 max VUs, 15s max duration (incl. graceful stop):
              * default: 327.00 iterations/s for 15s (maxVUs: 327-10000)


running (01.0s), 00034/00327 VUs, 287 complete and 0 interrupted iterations
default   [   7% ] 00034/00327 VUs  01.0s/15s  327.00 iters/s

running (02.0s), 00041/00327 VUs, 608 complete and 0 interrupted iterations
default   [  13% ] 00041/00327 VUs  02.0s/15s  327.00 iters/s

running (03.0s), 00052/00327 VUs, 923 complete and 0 interrupted iterations
default   [  20% ] 00053/00327 VUs  03.0s/15s  327.00 iters/s

running (04.0s), 00054/00327 VUs, 1248 complete and 0 interrupted iterations
default   [  27% ] 00054/00327 VUs  04.0s/15s  327.00 iters/s

running (05.0s), 00063/00327 VUs, 1566 complete and 0 interrupted iterations
default   [  33% ] 00063/00327 VUs  05.0s/15s  327.00 iters/s

running (06.0s), 00077/00327 VUs, 1879 complete and 0 interrupted iterations
default   [  40% ] 00077/00327 VUs  06.0s/15s  327.00 iters/s

running (07.0s), 00082/00327 VUs, 2201 complete and 0 interrupted iterations
default   [  47% ] 00082/00327 VUs  07.0s/15s  327.00 iters/s

running (08.0s), 00093/00327 VUs, 2517 complete and 0 interrupted iterations
default   [  53% ] 00093/00327 VUs  08.0s/15s  327.00 iters/s

running (09.0s), 00109/00327 VUs, 2828 complete and 0 interrupted iterations
default   [  60% ] 00109/00327 VUs  09.0s/15s  327.00 iters/s

running (10.0s), 00107/00327 VUs, 3157 complete and 0 interrupted iterations
default   [  67% ] 00107/00327 VUs  10.0s/15s  327.00 iters/s

running (11.0s), 00123/00327 VUs, 3468 complete and 0 interrupted iterations
default   [  73% ] 00122/00327 VUs  11.0s/15s  327.00 iters/s

running (12.0s), 00131/00327 VUs, 3788 complete and 0 interrupted iterations
default   [  80% ] 00131/00327 VUs  12.0s/15s  327.00 iters/s

running (13.0s), 00152/00327 VUs, 4093 complete and 0 interrupted iterations
default   [  87% ] 00152/00327 VUs  13.0s/15s  327.00 iters/s

running (14.0s), 00137/00327 VUs, 4435 complete and 0 interrupted iterations
default   [  93% ] 00137/00327 VUs  14.0s/15s  327.00 iters/s

running (15.0s), 00141/00327 VUs, 4758 complete and 0 interrupted iterations
default   [ 100% ] 00141/00327 VUs  15.0s/15s  327.00 iters/s


  █ TOTAL RESULTS 

    HTTP
    http_req_duration..............: avg=276.49ms min=46.66ms med=286.42ms max=481.24ms p(90)=439.06ms p(95)=448.66ms
      { expected_response:true }...: avg=276.49ms min=46.66ms med=286.42ms max=481.24ms p(90)=439.06ms p(95)=448.66ms
    http_req_failed................: 0.00%  0 out of 4758
    http_reqs......................: 4758   317.144644/s

    EXECUTION
    iteration_duration.............: avg=276.59ms min=46.93ms med=286.49ms max=481.3ms  p(90)=439.14ms p(95)=448.73ms
    iterations.....................: 4758   317.144644/s
    vus............................: 141    min=34        max=152
    vus_max........................: 327    min=327       max=327

    NETWORK
    data_received..................: 956 kB 64 kB/s
    data_sent......................: 961 kB 64 kB/s




running (15.0s), 00000/00327 VUs, 4758 complete and 147 interrupted iterations
default ✓ [ 100% ] 00147/00327 VUs  15s  327.00 iters/s
