
         /\      Grafana   /‾‾/  
    /\  /  \     |\  __   /  /   
   /  \/    \    | |/ /  /   ‾‾\ 
  /          \   |   (  |  (‾)  |
 / __________ \  |_|\_\  \_____/ 

     execution: local
        script: workflow/spin/k6_open_client.js
        output: -

     scenarios: (100.00%) 1 scenario, 10000 max VUs, 15s max duration (incl. graceful stop):
              * default: 3672.00 iterations/s for 15s (maxVUs: 3672-10000)


running (00.9s), 00404/03672 VUs, 2830 complete and 0 interrupted iterations
default   [   6% ] 00404/03672 VUs  00.9s/15s  3672.00 iters/s

running (01.9s), 00280/03672 VUs, 6626 complete and 0 interrupted iterations
default   [  13% ] 00282/03672 VUs  01.9s/15s  3672.00 iters/s

running (02.9s), 00234/03672 VUs, 10344 complete and 0 interrupted iterations
default   [  19% ] 00234/03672 VUs  02.9s/15s  3672.00 iters/s

running (03.9s), 00272/03672 VUs, 13978 complete and 0 interrupted iterations
default   [  26% ] 00272/03672 VUs  03.9s/15s  3672.00 iters/s

running (04.9s), 00280/03672 VUs, 17642 complete and 0 interrupted iterations
default   [  33% ] 00280/03672 VUs  04.9s/15s  3672.00 iters/s

running (05.9s), 00234/03672 VUs, 21360 complete and 0 interrupted iterations
default   [  39% ] 00234/03672 VUs  05.9s/15s  3672.00 iters/s

running (06.9s), 00268/03672 VUs, 24996 complete and 0 interrupted iterations
default   [  46% ] 00268/03672 VUs  06.9s/15s  3672.00 iters/s

running (07.9s), 00211/03672 VUs, 28730 complete and 0 interrupted iterations
default   [  53% ] 00211/03672 VUs  07.9s/15s  3672.00 iters/s

running (08.9s), 00281/03672 VUs, 32329 complete and 0 interrupted iterations
default   [  59% ] 00281/03672 VUs  08.9s/15s  3672.00 iters/s

running (09.9s), 00237/03672 VUs, 36048 complete and 0 interrupted iterations
default   [  66% ] 00237/03672 VUs  09.9s/15s  3672.00 iters/s

running (10.9s), 00210/03672 VUs, 39744 complete and 0 interrupted iterations
default   [  73% ] 00210/03672 VUs  10.9s/15s  3672.00 iters/s

running (11.9s), 00240/03672 VUs, 43386 complete and 0 interrupted iterations
default   [  79% ] 00240/03672 VUs  11.9s/15s  3672.00 iters/s

running (12.9s), 00212/03672 VUs, 47085 complete and 0 interrupted iterations
default   [  86% ] 00213/03672 VUs  12.9s/15s  3672.00 iters/s

running (13.9s), 00267/03672 VUs, 50704 complete and 0 interrupted iterations
default   [  93% ] 00267/03672 VUs  13.9s/15s  3672.00 iters/s

running (14.9s), 00306/03672 VUs, 54336 complete and 0 interrupted iterations
default   [  99% ] 00306/03672 VUs  14.9s/15s  3672.00 iters/s


  █ TOTAL RESULTS 

    HTTP
    http_req_duration..............: avg=72.83ms min=46.44ms med=71.31ms max=118.82ms p(90)=86.62ms p(95)=98.91ms
      { expected_response:true }...: avg=72.83ms min=46.44ms med=71.31ms max=118.82ms p(90)=86.62ms p(95)=98.91ms
    http_req_failed................: 0.00% 0 out of 54819
    http_reqs......................: 54819 3652.850214/s

    EXECUTION
    iteration_duration.............: avg=72.93ms min=46.52ms med=71.39ms max=119.05ms p(90)=86.7ms  p(95)=99.16ms
    iterations.....................: 54819 3652.850214/s
    vus............................: 307   min=210        max=404 
    vus_max........................: 3672  min=3672       max=3672

    NETWORK
    data_received..................: 11 MB 742 kB/s
    data_sent......................: 11 MB 704 kB/s




running (15.0s), 00000/03672 VUs, 54814 complete and 270 interrupted iterations
default ✓ [ 100% ] 00270/03672 VUs  15s  3672.00 iters/s
