
         /\      Grafana   /‾‾/  
    /\  /  \     |\  __   /  /   
   /  \/    \    | |/ /  /   ‾‾\ 
  /          \   |   (  |  (‾)  |
 / __________ \  |_|\_\  \_____/ 

     execution: local
        script: workflow/social/k6_open_client.js
        output: -

     scenarios: (100.00%) 1 scenario, 10000 max VUs, 15s max duration (incl. graceful stop):
              * default: 8236.00 iterations/s for 15s (maxVUs: 8236-10000)


running (00.7s), 02286/08236 VUs, 3672 complete and 0 interrupted iterations
default   [   5% ] 02286/08236 VUs  00.7s/15s  8236.00 iters/s

running (01.7s), 04137/08236 VUs, 10056 complete and 0 interrupted iterations
default   [  11% ] 04137/08236 VUs  01.7s/15s  8236.00 iters/s

running (02.7s), 05342/08236 VUs, 17091 complete and 0 interrupted iterations
default   [  18% ] 05342/08236 VUs  02.7s/15s  8236.00 iters/s

running (03.7s), 06675/08236 VUs, 23991 complete and 0 interrupted iterations
default   [  25% ] 06675/08236 VUs  03.7s/15s  8236.00 iters/s

running (04.7s), 08108/08236 VUs, 30794 complete and 0 interrupted iterations
default   [  31% ] 08108/08236 VUs  04.7s/15s  8236.00 iters/s

running (05.7s), 08735/08735 VUs, 37057 complete and 0 interrupted iterations
default   [  38% ] 08735/08735 VUs  05.7s/15s  8236.00 iters/s

running (06.7s), 09249/09254 VUs, 43392 complete and 0 interrupted iterations
default   [  45% ] 09249/09254 VUs  06.7s/15s  8236.00 iters/s
time="2026-06-16T13:37:05-06:00" level=warning msg="Insufficient VUs, reached 10000 active VUs and cannot initialize more" executor=constant-arrival-rate scenario=default

running (07.7s), 09999/10000 VUs, 48623 complete and 0 interrupted iterations
default   [  51% ] 09999/10000 VUs  07.7s/15s  8236.00 iters/s

running (08.7s), 10000/10000 VUs, 55549 complete and 0 interrupted iterations
default   [  58% ] 10000/10000 VUs  08.7s/15s  8236.00 iters/s

running (09.7s), 09998/10000 VUs, 62150 complete and 0 interrupted iterations
default   [  65% ] 09998/10000 VUs  09.7s/15s  8236.00 iters/s

running (10.7s), 09999/10000 VUs, 68968 complete and 0 interrupted iterations
default   [  71% ] 09999/10000 VUs  10.7s/15s  8236.00 iters/s

running (11.7s), 09999/10000 VUs, 76001 complete and 0 interrupted iterations
default   [  78% ] 09999/10000 VUs  11.7s/15s  8236.00 iters/s

running (12.7s), 09999/10000 VUs, 82881 complete and 0 interrupted iterations
default   [  85% ] 09999/10000 VUs  12.7s/15s  8236.00 iters/s

running (13.7s), 10000/10000 VUs, 89859 complete and 0 interrupted iterations
default   [  91% ] 09999/10000 VUs  13.7s/15s  8236.00 iters/s

running (14.7s), 09994/10000 VUs, 96830 complete and 0 interrupted iterations
default   [  98% ] 09993/10000 VUs  14.7s/15s  8236.00 iters/s


  █ TOTAL RESULTS 

    HTTP
    http_req_duration..............: avg=1.16s min=872.29µs med=1.43s max=3.08s p(90)=1.5s p(95)=1.58s
      { expected_response:true }...: avg=1.16s min=872.29µs med=1.43s max=3.08s p(90)=1.5s p(95)=1.58s
    http_req_failed................: 0.00% 0 out of 98944
    http_reqs......................: 98944 6550.947605/s

    EXECUTION
    dropped_iterations.............: 14797 979.689235/s
    iteration_duration.............: avg=1.16s min=1.04ms   med=1.43s max=3.08s p(90)=1.5s p(95)=1.58s
    iterations.....................: 98944 6550.947605/s
    vus............................: 9999  min=2286       max=10000
    vus_max........................: 10000 min=8236       max=10000

    NETWORK
    data_received..................: 22 MB 1.5 MB/s
    data_sent......................: 36 MB 2.4 MB/s




running (15.1s), 00000/10000 VUs, 98745 complete and 9999 interrupted iterations
default ✓ [ 100% ] 09999/10000 VUs  15s  8236.00 iters/s
