
         /\      Grafana   /‾‾/  
    /\  /  \     |\  __   /  /   
   /  \/    \    | |/ /  /   ‾‾\ 
  /          \   |   (  |  (‾)  |
 / __________ \  |_|\_\  \_____/ 

     execution: local
        script: workflow/spin/k6_open_client.js
        output: -

     scenarios: (100.00%) 1 scenario, 10000 max VUs, 15s max duration (incl. graceful stop):
              * default: 1249.00 iterations/s for 15s (maxVUs: 1249-10000)


running (01.0s), 00058/01249 VUs, 1129 complete and 0 interrupted iterations
default   [   6% ] 00059/01249 VUs  01.0s/15s  1249.00 iters/s

running (02.0s), 00047/01249 VUs, 2390 complete and 0 interrupted iterations
default   [  13% ] 00047/01249 VUs  02.0s/15s  1249.00 iters/s

running (03.0s), 00056/01249 VUs, 3629 complete and 0 interrupted iterations
default   [  20% ] 00056/01249 VUs  03.0s/15s  1249.00 iters/s

running (04.0s), 00136/01249 VUs, 4799 complete and 0 interrupted iterations
default   [  26% ] 00136/01249 VUs  04.0s/15s  1249.00 iters/s

running (05.0s), 00106/01249 VUs, 6076 complete and 0 interrupted iterations
default   [  33% ] 00107/01249 VUs  05.0s/15s  1249.00 iters/s

running (06.0s), 00071/01249 VUs, 7361 complete and 0 interrupted iterations
default   [  40% ] 00071/01249 VUs  06.0s/15s  1249.00 iters/s

running (07.0s), 00075/01249 VUs, 8607 complete and 0 interrupted iterations
default   [  46% ] 00075/01249 VUs  07.0s/15s  1249.00 iters/s

running (08.0s), 00045/01249 VUs, 9886 complete and 0 interrupted iterations
default   [  53% ] 00045/01249 VUs  08.0s/15s  1249.00 iters/s

running (09.0s), 00086/01249 VUs, 11094 complete and 0 interrupted iterations
default   [  60% ] 00086/01249 VUs  09.0s/15s  1249.00 iters/s

running (10.0s), 00089/01249 VUs, 12339 complete and 0 interrupted iterations
default   [  66% ] 00089/01249 VUs  10.0s/15s  1249.00 iters/s

running (11.0s), 00089/01249 VUs, 13589 complete and 0 interrupted iterations
default   [  73% ] 00089/01249 VUs  11.0s/15s  1249.00 iters/s

running (12.0s), 00054/01249 VUs, 14873 complete and 0 interrupted iterations
default   [  80% ] 00054/01249 VUs  12.0s/15s  1249.00 iters/s

running (13.0s), 00063/01249 VUs, 16112 complete and 0 interrupted iterations
default   [  86% ] 00064/01249 VUs  13.0s/15s  1249.00 iters/s

running (14.0s), 00056/01249 VUs, 17368 complete and 0 interrupted iterations
default   [  93% ] 00057/01249 VUs  14.0s/15s  1249.00 iters/s

running (15.0s), 00060/01249 VUs, 18613 complete and 0 interrupted iterations
default   [ 100% ] 00060/01249 VUs  15.0s/15s  1249.00 iters/s


  █ TOTAL RESULTS 

    HTTP
    http_req_duration..............: avg=54.79ms min=29.78ms med=51.76ms max=125.16ms p(90)=77.29ms p(95)=93.91ms
      { expected_response:true }...: avg=54.79ms min=29.78ms med=51.76ms max=125.16ms p(90)=77.29ms p(95)=93.91ms
    http_req_failed................: 0.00%  0 out of 18692
    http_reqs......................: 18692  1245.956562/s

    EXECUTION
    iteration_duration.............: avg=54.89ms min=29.99ms med=51.85ms max=126.01ms p(90)=77.38ms p(95)=93.99ms
    iterations.....................: 18692  1245.956562/s
    vus............................: 61     min=44         max=136 
    vus_max........................: 1249   min=1249       max=1249

    NETWORK
    data_received..................: 3.8 MB 253 kB/s
    data_sent......................: 3.6 MB 240 kB/s




running (15.0s), 00000/01249 VUs, 18692 complete and 42 interrupted iterations
default ✓ [ 100% ] 00042/01249 VUs  15s  1249.00 iters/s
