
         /\      Grafana   /‾‾/  
    /\  /  \     |\  __   /  /   
   /  \/    \    | |/ /  /   ‾‾\ 
  /          \   |   (  |  (‾)  |
 / __________ \  |_|\_\  \_____/ 

     execution: local
        script: workflow/spin/k6_open_client.js
        output: -

     scenarios: (100.00%) 1 scenario, 10000 max VUs, 15s max duration (incl. graceful stop):
              * default: 3600.00 iterations/s for 15s (maxVUs: 3600-10000)


running (00.9s), 00220/03600 VUs, 2948 complete and 0 interrupted iterations
default   [   6% ] 00220/03600 VUs  00.9s/15s  3600.00 iters/s

running (01.9s), 00215/03600 VUs, 6556 complete and 0 interrupted iterations
default   [  13% ] 00215/03600 VUs  01.9s/15s  3600.00 iters/s

running (02.9s), 00206/03600 VUs, 10163 complete and 0 interrupted iterations
default   [  19% ] 00206/03600 VUs  02.9s/15s  3600.00 iters/s

running (03.9s), 00184/03600 VUs, 13782 complete and 0 interrupted iterations
default   [  26% ] 00184/03600 VUs  03.9s/15s  3600.00 iters/s

running (04.9s), 00202/03600 VUs, 17366 complete and 0 interrupted iterations
default   [  33% ] 00201/03600 VUs  04.9s/15s  3600.00 iters/s

running (05.9s), 00207/03600 VUs, 20960 complete and 0 interrupted iterations
default   [  39% ] 00207/03600 VUs  05.9s/15s  3600.00 iters/s

running (06.9s), 00206/03600 VUs, 24563 complete and 0 interrupted iterations
default   [  46% ] 00206/03600 VUs  06.9s/15s  3600.00 iters/s

running (07.9s), 00216/03600 VUs, 28152 complete and 0 interrupted iterations
default   [  53% ] 00216/03600 VUs  07.9s/15s  3600.00 iters/s

running (08.9s), 00218/03600 VUs, 31751 complete and 0 interrupted iterations
default   [  59% ] 00218/03600 VUs  08.9s/15s  3600.00 iters/s

running (09.9s), 00164/03600 VUs, 35404 complete and 0 interrupted iterations
default   [  66% ] 00165/03600 VUs  09.9s/15s  3600.00 iters/s

running (10.9s), 00219/03600 VUs, 38950 complete and 0 interrupted iterations
default   [  73% ] 00219/03600 VUs  10.9s/15s  3600.00 iters/s

running (11.9s), 00206/03600 VUs, 42565 complete and 0 interrupted iterations
default   [  79% ] 00206/03600 VUs  11.9s/15s  3600.00 iters/s

running (12.9s), 00206/03600 VUs, 46163 complete and 0 interrupted iterations
default   [  86% ] 00206/03600 VUs  12.9s/15s  3600.00 iters/s

running (13.9s), 00195/03600 VUs, 49774 complete and 0 interrupted iterations
default   [  93% ] 00195/03600 VUs  13.9s/15s  3600.00 iters/s

running (14.9s), 00189/03600 VUs, 53381 complete and 0 interrupted iterations
default   [  99% ] 00189/03600 VUs  14.9s/15s  3600.00 iters/s


  █ TOTAL RESULTS 

    HTTP
    http_req_duration..............: avg=55ms    min=26.56ms med=54.71ms max=105.22ms p(90)=63.53ms p(95)=66.35ms
      { expected_response:true }...: avg=55ms    min=26.56ms med=54.71ms max=105.22ms p(90)=63.53ms p(95)=66.35ms
    http_req_failed................: 0.00% 0 out of 53797
    http_reqs......................: 53797 3584.617182/s

    EXECUTION
    iteration_duration.............: avg=55.09ms min=26.63ms med=54.8ms  max=105.47ms p(90)=63.65ms p(95)=66.48ms
    iterations.....................: 53797 3584.617182/s
    vus............................: 189   min=164        max=221 
    vus_max........................: 3600  min=3600       max=3600

    NETWORK
    data_received..................: 11 MB 728 kB/s
    data_sent......................: 10 MB 691 kB/s




running (15.0s), 00000/03600 VUs, 53788 complete and 214 interrupted iterations
default ✓ [ 100% ] 00214/03600 VUs  15s  3600.00 iters/s
