
         /\      Grafana   /‾‾/  
    /\  /  \     |\  __   /  /   
   /  \/    \    | |/ /  /   ‾‾\ 
  /          \   |   (  |  (‾)  |
 / __________ \  |_|\_\  \_____/ 

     execution: local
        script: workflow/spin/k6_open_client.js
        output: -

     scenarios: (100.00%) 1 scenario, 10000 max VUs, 15s max duration (incl. graceful stop):
              * default: 3918.00 iterations/s for 15s (maxVUs: 3918-10000)


running (00.9s), 00057/03918 VUs, 3380 complete and 0 interrupted iterations
default   [   6% ] 00057/03918 VUs  00.9s/15s  3918.00 iters/s

running (01.9s), 00010/03918 VUs, 7343 complete and 0 interrupted iterations
default   [  13% ] 00011/03918 VUs  01.9s/15s  3918.00 iters/s

running (02.9s), 00014/03918 VUs, 11260 complete and 0 interrupted iterations
default   [  19% ] 00014/03918 VUs  02.9s/15s  3918.00 iters/s

running (03.9s), 00011/03918 VUs, 15178 complete and 0 interrupted iterations
default   [  26% ] 00011/03918 VUs  03.9s/15s  3918.00 iters/s

running (04.9s), 00014/03918 VUs, 19094 complete and 0 interrupted iterations
default   [  33% ] 00014/03918 VUs  04.9s/15s  3918.00 iters/s

running (05.9s), 00014/03918 VUs, 23011 complete and 0 interrupted iterations
default   [  39% ] 00014/03918 VUs  05.9s/15s  3918.00 iters/s

running (06.9s), 00014/03918 VUs, 26930 complete and 0 interrupted iterations
default   [  46% ] 00014/03918 VUs  06.9s/15s  3918.00 iters/s

running (07.9s), 00011/03918 VUs, 30850 complete and 0 interrupted iterations
default   [  53% ] 00011/03918 VUs  07.9s/15s  3918.00 iters/s

running (08.9s), 00014/03918 VUs, 34766 complete and 0 interrupted iterations
default   [  59% ] 00014/03918 VUs  08.9s/15s  3918.00 iters/s

running (09.9s), 00013/03918 VUs, 38684 complete and 0 interrupted iterations
default   [  66% ] 00013/03918 VUs  09.9s/15s  3918.00 iters/s

running (10.9s), 00012/03918 VUs, 42603 complete and 0 interrupted iterations
default   [  73% ] 00012/03918 VUs  10.9s/15s  3918.00 iters/s

running (11.9s), 00010/03918 VUs, 46523 complete and 0 interrupted iterations
default   [  79% ] 00010/03918 VUs  11.9s/15s  3918.00 iters/s

running (12.9s), 00015/03918 VUs, 50437 complete and 0 interrupted iterations
default   [  86% ] 00015/03918 VUs  12.9s/15s  3918.00 iters/s

running (13.9s), 00009/03918 VUs, 54359 complete and 0 interrupted iterations
default   [  93% ] 00009/03918 VUs  13.9s/15s  3918.00 iters/s

running (14.9s), 00011/03918 VUs, 58276 complete and 0 interrupted iterations
default   [  99% ] 00011/03918 VUs  14.9s/15s  3918.00 iters/s


  █ TOTAL RESULTS 

    HTTP
    http_req_duration..............: avg=4.33ms min=2.41ms med=3.04ms max=76.41ms p(90)=5.37ms p(95)=8.88ms 
      { expected_response:true }...: avg=4.33ms min=2.41ms med=3.04ms max=76.41ms p(90)=5.37ms p(95)=8.88ms 
    http_req_failed................: 0.00% 0 out of 58763
    http_reqs......................: 58763 3915.883394/s

    EXECUTION
    iteration_duration.............: avg=4.59ms min=2.47ms med=3.12ms max=76.62ms p(90)=5.8ms  p(95)=11.18ms
    iterations.....................: 58763 3915.883394/s
    vus............................: 11    min=10         max=57  
    vus_max........................: 3918  min=3918       max=3918

    NETWORK
    data_received..................: 12 MB 795 kB/s
    data_sent......................: 11 MB 752 kB/s




running (15.0s), 00000/03918 VUs, 58759 complete and 11 interrupted iterations
default ✓ [ 100% ] 00011/03918 VUs  15s  3918.00 iters/s
