
         /\      Grafana   /‾‾/  
    /\  /  \     |\  __   /  /   
   /  \/    \    | |/ /  /   ‾‾\ 
  /          \   |   (  |  (‾)  |
 / __________ \  |_|\_\  \_____/ 

     execution: local
        script: workflow/response/k6_open_client.js
        output: -

     scenarios: (100.00%) 1 scenario, 100000 max VUs, 15s max duration (incl. graceful stop):
              * default: 4030.00 iterations/s for 15s (maxVUs: 4030-100000)


running (00.9s), 000218/004030 VUs, 3272 complete and 0 interrupted iterations
default   [   6% ] 000218/004030 VUs  00.9s/15s  4030.00 iters/s

running (01.9s), 000174/004030 VUs, 7346 complete and 0 interrupted iterations
default   [  12% ] 000174/004030 VUs  01.9s/15s  4030.00 iters/s

running (02.9s), 000230/004030 VUs, 11320 complete and 0 interrupted iterations
default   [  19% ] 000230/004030 VUs  02.9s/15s  4030.00 iters/s

running (03.9s), 000175/004030 VUs, 15405 complete and 0 interrupted iterations
default   [  26% ] 000175/004030 VUs  03.9s/15s  4030.00 iters/s

running (04.9s), 000202/004030 VUs, 19408 complete and 0 interrupted iterations
default   [  32% ] 000202/004030 VUs  04.9s/15s  4030.00 iters/s

running (05.9s), 000167/004030 VUs, 23473 complete and 0 interrupted iterations
default   [  39% ] 000167/004030 VUs  05.9s/15s  4030.00 iters/s

running (06.9s), 000176/004030 VUs, 27494 complete and 0 interrupted iterations
default   [  46% ] 000176/004030 VUs  06.9s/15s  4030.00 iters/s

running (07.9s), 000209/004030 VUs, 31489 complete and 0 interrupted iterations
default   [  52% ] 000209/004030 VUs  07.9s/15s  4030.00 iters/s

running (08.9s), 000188/004030 VUs, 35542 complete and 0 interrupted iterations
default   [  59% ] 000188/004030 VUs  08.9s/15s  4030.00 iters/s

running (09.9s), 000207/004030 VUs, 39553 complete and 0 interrupted iterations
default   [  66% ] 000207/004030 VUs  09.9s/15s  4030.00 iters/s

running (10.9s), 000147/004030 VUs, 43643 complete and 0 interrupted iterations
default   [  72% ] 000147/004030 VUs  10.9s/15s  4030.00 iters/s

running (11.9s), 000203/004030 VUs, 47617 complete and 0 interrupted iterations
default   [  79% ] 000203/004030 VUs  11.9s/15s  4030.00 iters/s

running (12.9s), 000197/004030 VUs, 51651 complete and 0 interrupted iterations
default   [  86% ] 000197/004030 VUs  12.9s/15s  4030.00 iters/s

running (13.9s), 000189/004030 VUs, 55691 complete and 0 interrupted iterations
default   [  92% ] 000189/004030 VUs  13.9s/15s  4030.00 iters/s

running (14.9s), 000200/004030 VUs, 59714 complete and 0 interrupted iterations
default   [  99% ] 000200/004030 VUs  14.9s/15s  4030.00 iters/s


  █ TOTAL RESULTS 

    HTTP
    http_req_duration..............: avg=45.5ms  min=19.83ms med=45.41ms max=86.65ms p(90)=53.4ms  p(95)=55.58ms
      { expected_response:true }...: avg=45.5ms  min=19.83ms med=45.41ms max=86.65ms p(90)=53.4ms  p(95)=55.58ms
    http_req_failed................: 0.00% 0 out of 60257
    http_reqs......................: 60257 4015.380117/s

    EXECUTION
    iteration_duration.............: avg=45.64ms min=20.05ms med=45.52ms max=86.87ms p(90)=53.61ms p(95)=55.89ms
    iterations.....................: 60257 4015.380117/s
    vus............................: 200   min=147        max=230 
    vus_max........................: 4030  min=4030       max=4030

    NETWORK
    data_received..................: 12 MB 815 kB/s
    data_sent......................: 12 MB 789 kB/s




running (15.0s), 000000/004030 VUs, 60252 complete and 198 interrupted iterations
default ✓ [ 100% ] 000198/004030 VUs  15s  4030.00 iters/s
