
         /\      Grafana   /‾‾/  
    /\  /  \     |\  __   /  /   
   /  \/    \    | |/ /  /   ‾‾\ 
  /          \   |   (  |  (‾)  |
 / __________ \  |_|\_\  \_____/ 

     execution: local
        script: workflow/spin/k6_open_client.js
        output: -

     scenarios: (100.00%) 1 scenario, 10000 max VUs, 15s max duration (incl. graceful stop):
              * default: 2070.00 iterations/s for 15s (maxVUs: 2070-10000)


running (00.9s), 00076/02070 VUs, 1837 complete and 0 interrupted iterations
default   [   6% ] 00076/02070 VUs  00.9s/15s  2070.00 iters/s

running (01.9s), 00095/02070 VUs, 3888 complete and 0 interrupted iterations
default   [  13% ] 00095/02070 VUs  01.9s/15s  2070.00 iters/s

running (02.9s), 00097/02070 VUs, 5956 complete and 0 interrupted iterations
default   [  19% ] 00097/02070 VUs  02.9s/15s  2070.00 iters/s

running (03.9s), 00100/02070 VUs, 8023 complete and 0 interrupted iterations
default   [  26% ] 00100/02070 VUs  03.9s/15s  2070.00 iters/s

running (04.9s), 00105/02070 VUs, 10088 complete and 0 interrupted iterations
default   [  33% ] 00105/02070 VUs  04.9s/15s  2070.00 iters/s

running (05.9s), 00077/02070 VUs, 12186 complete and 0 interrupted iterations
default   [  39% ] 00077/02070 VUs  05.9s/15s  2070.00 iters/s

running (06.9s), 00101/02070 VUs, 14233 complete and 0 interrupted iterations
default   [  46% ] 00101/02070 VUs  06.9s/15s  2070.00 iters/s

running (07.9s), 00094/02070 VUs, 16309 complete and 0 interrupted iterations
default   [  53% ] 00094/02070 VUs  07.9s/15s  2070.00 iters/s

running (08.9s), 00089/02070 VUs, 18384 complete and 0 interrupted iterations
default   [  59% ] 00089/02070 VUs  08.9s/15s  2070.00 iters/s

running (09.9s), 00103/02070 VUs, 20440 complete and 0 interrupted iterations
default   [  66% ] 00103/02070 VUs  09.9s/15s  2070.00 iters/s

running (10.9s), 00075/02070 VUs, 22536 complete and 0 interrupted iterations
default   [  73% ] 00075/02070 VUs  10.9s/15s  2070.00 iters/s

running (11.9s), 00075/02070 VUs, 24606 complete and 0 interrupted iterations
default   [  79% ] 00075/02070 VUs  11.9s/15s  2070.00 iters/s

running (12.9s), 00091/02070 VUs, 26662 complete and 0 interrupted iterations
default   [  86% ] 00091/02070 VUs  12.9s/15s  2070.00 iters/s

running (13.9s), 00091/02070 VUs, 28732 complete and 0 interrupted iterations
default   [  93% ] 00091/02070 VUs  13.9s/15s  2070.00 iters/s

running (14.9s), 00063/02070 VUs, 30830 complete and 0 interrupted iterations
default   [  99% ] 00063/02070 VUs  14.9s/15s  2070.00 iters/s


  █ TOTAL RESULTS 

    HTTP
    http_req_duration..............: avg=40.86ms min=22.97ms med=40.72ms max=72.12ms p(90)=51.46ms p(95)=53.88ms
      { expected_response:true }...: avg=40.86ms min=22.97ms med=40.72ms max=72.12ms p(90)=51.46ms p(95)=53.88ms
    http_req_failed................: 0.00%  0 out of 30977
    http_reqs......................: 30977  2064.581626/s

    EXECUTION
    iteration_duration.............: avg=40.95ms min=23.06ms med=40.81ms max=73.52ms p(90)=51.56ms p(95)=53.97ms
    iterations.....................: 30977  2064.581626/s
    vus............................: 62     min=62         max=104 
    vus_max........................: 2070   min=2070       max=2070

    NETWORK
    data_received..................: 6.3 MB 419 kB/s
    data_sent......................: 6.0 MB 397 kB/s




running (15.0s), 00000/02070 VUs, 30977 complete and 73 interrupted iterations
default ✓ [ 100% ] 00073/02070 VUs  15s  2070.00 iters/s
