
         /\      Grafana   /‾‾/  
    /\  /  \     |\  __   /  /   
   /  \/    \    | |/ /  /   ‾‾\ 
  /          \   |   (  |  (‾)  |
 / __________ \  |_|\_\  \_____/ 

     execution: local
        script: workflow/spin/k6_open_client.js
        output: -

     scenarios: (100.00%) 1 scenario, 10000 max VUs, 15s max duration (incl. graceful stop):
              * default: 2779.00 iterations/s for 15s (maxVUs: 2779-10000)


running (00.9s), 00010/02779 VUs, 2501 complete and 0 interrupted iterations
default   [   6% ] 00010/02779 VUs  00.9s/15s  2779.00 iters/s

running (01.9s), 00009/02779 VUs, 5280 complete and 0 interrupted iterations
default   [  13% ] 00008/02779 VUs  01.9s/15s  2779.00 iters/s

running (02.9s), 00008/02779 VUs, 8060 complete and 0 interrupted iterations
default   [  19% ] 00008/02779 VUs  02.9s/15s  2779.00 iters/s

running (03.9s), 00006/02779 VUs, 10839 complete and 0 interrupted iterations
default   [  26% ] 00006/02779 VUs  03.9s/15s  2779.00 iters/s

running (04.9s), 00010/02779 VUs, 13618 complete and 0 interrupted iterations
default   [  33% ] 00010/02779 VUs  04.9s/15s  2779.00 iters/s

running (05.9s), 00008/02779 VUs, 16399 complete and 0 interrupted iterations
default   [  39% ] 00008/02779 VUs  05.9s/15s  2779.00 iters/s

running (06.9s), 00009/02779 VUs, 19176 complete and 0 interrupted iterations
default   [  46% ] 00009/02779 VUs  06.9s/15s  2779.00 iters/s

running (07.9s), 00009/02779 VUs, 21955 complete and 0 interrupted iterations
default   [  53% ] 00009/02779 VUs  07.9s/15s  2779.00 iters/s

running (08.9s), 00008/02779 VUs, 24734 complete and 0 interrupted iterations
default   [  59% ] 00008/02779 VUs  08.9s/15s  2779.00 iters/s

running (09.9s), 00009/02779 VUs, 27513 complete and 0 interrupted iterations
default   [  66% ] 00008/02779 VUs  09.9s/15s  2779.00 iters/s

running (10.9s), 00008/02779 VUs, 30293 complete and 0 interrupted iterations
default   [  73% ] 00009/02779 VUs  10.9s/15s  2779.00 iters/s

running (11.9s), 00009/02779 VUs, 33071 complete and 0 interrupted iterations
default   [  79% ] 00009/02779 VUs  11.9s/15s  2779.00 iters/s

running (12.9s), 00011/02779 VUs, 35849 complete and 0 interrupted iterations
default   [  86% ] 00011/02779 VUs  12.9s/15s  2779.00 iters/s

running (13.9s), 00007/02779 VUs, 38631 complete and 0 interrupted iterations
default   [  93% ] 00007/02779 VUs  13.9s/15s  2779.00 iters/s

running (14.9s), 00008/02779 VUs, 41409 complete and 0 interrupted iterations
default   [  99% ] 00008/02779 VUs  14.9s/15s  2779.00 iters/s


  █ TOTAL RESULTS 

    HTTP
    http_req_duration..............: avg=2.88ms min=2.38ms med=2.67ms max=26.53ms p(90)=3.18ms p(95)=3.57ms
      { expected_response:true }...: avg=2.88ms min=2.38ms med=2.67ms max=26.53ms p(90)=3.18ms p(95)=3.57ms
    http_req_failed................: 0.00%  0 out of 41682
    http_reqs......................: 41682  2778.18775/s

    EXECUTION
    iteration_duration.............: avg=2.97ms min=2.45ms med=2.76ms max=26.64ms p(90)=3.28ms p(95)=3.66ms
    iterations.....................: 41682  2778.18775/s
    vus............................: 8      min=7          max=10  
    vus_max........................: 2779   min=2779       max=2779

    NETWORK
    data_received..................: 8.5 MB 564 kB/s
    data_sent......................: 8.0 MB 533 kB/s




running (15.0s), 00000/02779 VUs, 41678 complete and 7 interrupted iterations
default ✓ [ 100% ] 00007/02779 VUs  15s  2779.00 iters/s
