
         /\      Grafana   /‾‾/  
    /\  /  \     |\  __   /  /   
   /  \/    \    | |/ /  /   ‾‾\ 
  /          \   |   (  |  (‾)  |
 / __________ \  |_|\_\  \_____/ 

     execution: local
        script: workflow/write/k6_open_client.js
        output: -

     scenarios: (100.00%) 1 scenario, 10000 max VUs, 15s max duration (incl. graceful stop):
              * default: 1062.00 iterations/s for 15s (maxVUs: 1062-10000)


running (01.0s), 00001/01062 VUs, 1017 complete and 0 interrupted iterations
default   [   6% ] 00001/01062 VUs  01.0s/15s  1062.00 iters/s

running (02.0s), 00001/01062 VUs, 2080 complete and 0 interrupted iterations
default   [  13% ] 00001/01062 VUs  02.0s/15s  1062.00 iters/s

running (03.0s), 00001/01062 VUs, 3141 complete and 0 interrupted iterations
default   [  20% ] 00001/01062 VUs  03.0s/15s  1062.00 iters/s

running (04.0s), 00001/01062 VUs, 4203 complete and 0 interrupted iterations
default   [  26% ] 00001/01062 VUs  04.0s/15s  1062.00 iters/s

running (05.0s), 00001/01062 VUs, 5265 complete and 0 interrupted iterations
default   [  33% ] 00001/01062 VUs  05.0s/15s  1062.00 iters/s

running (06.0s), 00001/01062 VUs, 6328 complete and 0 interrupted iterations
default   [  40% ] 00001/01062 VUs  06.0s/15s  1062.00 iters/s

running (07.0s), 00000/01062 VUs, 7389 complete and 0 interrupted iterations
default   [  46% ] 00000/01062 VUs  07.0s/15s  1062.00 iters/s

running (08.0s), 00002/01062 VUs, 8451 complete and 0 interrupted iterations
default   [  53% ] 00002/01062 VUs  08.0s/15s  1062.00 iters/s

running (09.0s), 00000/01062 VUs, 9513 complete and 0 interrupted iterations
default   [  60% ] 00001/01062 VUs  09.0s/15s  1062.00 iters/s

running (10.0s), 00001/01062 VUs, 10576 complete and 0 interrupted iterations
default   [  66% ] 00001/01062 VUs  10.0s/15s  1062.00 iters/s

running (11.0s), 00001/01062 VUs, 11637 complete and 0 interrupted iterations
default   [  73% ] 00001/01062 VUs  11.0s/15s  1062.00 iters/s

running (12.0s), 00001/01062 VUs, 12700 complete and 0 interrupted iterations
default   [  80% ] 00001/01062 VUs  12.0s/15s  1062.00 iters/s

running (13.0s), 00000/01062 VUs, 13762 complete and 0 interrupted iterations
default   [  86% ] 00000/01062 VUs  13.0s/15s  1062.00 iters/s

running (14.0s), 00001/01062 VUs, 14824 complete and 0 interrupted iterations
default   [  93% ] 00001/01062 VUs  14.0s/15s  1062.00 iters/s

running (15.0s), 00000/01062 VUs, 15886 complete and 0 interrupted iterations
default   [ 100% ] 00000/01062 VUs  15.0s/15s  1062.00 iters/s


  █ TOTAL RESULTS 

    HTTP
    http_req_duration..............: avg=660.78µs min=458.58µs med=617.79µs max=13.66ms p(90)=823.36µs p(95)=876.45µs
      { expected_response:true }...: avg=660.78µs min=458.58µs med=617.79µs max=13.66ms p(90)=823.36µs p(95)=876.45µs
    http_req_failed................: 0.00%  0 out of 15930
    http_reqs......................: 15930  1061.803843/s

    EXECUTION
    iteration_duration.............: avg=721.37µs min=497.03µs med=669.94µs max=13.87ms p(90)=894.23µs p(95)=953.96µs
    iterations.....................: 15930  1061.803843/s
    vus............................: 0      min=0          max=2   
    vus_max........................: 1062   min=1062       max=1062

    NETWORK
    data_received..................: 3.2 MB 215 kB/s
    data_sent......................: 1.6 MB 106 kB/s




running (15.0s), 00000/01062 VUs, 15930 complete and 2 interrupted iterations
default ✓ [ 100% ] 00002/01062 VUs  15s  1062.00 iters/s
