
         /\      Grafana   /‾‾/  
    /\  /  \     |\  __   /  /   
   /  \/    \    | |/ /  /   ‾‾\ 
  /          \   |   (  |  (‾)  |
 / __________ \  |_|\_\  \_____/ 

     execution: local
        script: workflow/media/k6_open_review_compose.js
        output: -

     scenarios: (100.00%) 1 scenario, 10000 max VUs, 15s max duration (incl. graceful stop):
              * default: 2046.00 iterations/s for 15s (maxVUs: 2046-10000)


running (00.9s), 00073/02046 VUs, 1805 complete and 0 interrupted iterations
default   [   6% ] 00073/02046 VUs  00.9s/15s  2046.00 iters/s

running (01.9s), 00037/02046 VUs, 3887 complete and 0 interrupted iterations
default   [  13% ] 00037/02046 VUs  01.9s/15s  2046.00 iters/s

running (02.9s), 00070/02046 VUs, 5899 complete and 0 interrupted iterations
default   [  19% ] 00071/02046 VUs  02.9s/15s  2046.00 iters/s

running (03.9s), 00029/02046 VUs, 7986 complete and 0 interrupted iterations
default   [  26% ] 00029/02046 VUs  03.9s/15s  2046.00 iters/s

running (04.9s), 00024/02046 VUs, 10038 complete and 0 interrupted iterations
default   [  33% ] 00024/02046 VUs  04.9s/15s  2046.00 iters/s

running (05.9s), 00053/02046 VUs, 12055 complete and 0 interrupted iterations
default   [  39% ] 00053/02046 VUs  05.9s/15s  2046.00 iters/s

running (06.9s), 00017/02046 VUs, 14137 complete and 0 interrupted iterations
default   [  46% ] 00017/02046 VUs  06.9s/15s  2046.00 iters/s

running (07.9s), 00095/02046 VUs, 16104 complete and 0 interrupted iterations
default   [  53% ] 00095/02046 VUs  07.9s/15s  2046.00 iters/s

running (08.9s), 00077/02046 VUs, 18170 complete and 0 interrupted iterations
default   [  59% ] 00077/02046 VUs  08.9s/15s  2046.00 iters/s

running (09.9s), 00086/02046 VUs, 20206 complete and 0 interrupted iterations
default   [  66% ] 00086/02046 VUs  09.9s/15s  2046.00 iters/s

running (10.9s), 00013/02046 VUs, 22324 complete and 0 interrupted iterations
default   [  73% ] 00013/02046 VUs  10.9s/15s  2046.00 iters/s

running (11.9s), 00069/02046 VUs, 24315 complete and 0 interrupted iterations
default   [  79% ] 00069/02046 VUs  11.9s/15s  2046.00 iters/s

running (12.9s), 00056/02046 VUs, 26373 complete and 0 interrupted iterations
default   [  86% ] 00056/02046 VUs  12.9s/15s  2046.00 iters/s

running (13.9s), 00018/02046 VUs, 28457 complete and 0 interrupted iterations
default   [  93% ] 00018/02046 VUs  13.9s/15s  2046.00 iters/s

running (14.9s), 00027/02046 VUs, 30495 complete and 0 interrupted iterations
default   [  99% ] 00027/02046 VUs  14.9s/15s  2046.00 iters/s


  █ TOTAL RESULTS 

    HTTP
    http_req_duration..............: avg=22.24ms min=3.18ms med=20.55ms max=84.17ms p(90)=40.19ms p(95)=44.36ms
      { expected_response:true }...: avg=22.24ms min=3.18ms med=20.55ms max=84.17ms p(90)=40.19ms p(95)=44.36ms
    http_req_failed................: 0.00%  0 out of 30664
    http_reqs......................: 30664  2043.797179/s

    EXECUTION
    iteration_duration.............: avg=22.37ms min=3.33ms med=20.68ms max=84.3ms  p(90)=40.32ms p(95)=44.49ms
    iterations.....................: 30664  2043.797179/s
    vus............................: 27     min=14         max=95  
    vus_max........................: 2046   min=2046       max=2046

    NETWORK
    data_received..................: 7.1 MB 474 kB/s
    data_sent......................: 17 MB  1.1 MB/s




running (15.0s), 00000/02046 VUs, 30662 complete and 29 interrupted iterations
default ✓ [ 100% ] 00029/02046 VUs  15s  2046.00 iters/s
