
         /\      Grafana   /‾‾/  
    /\  /  \     |\  __   /  /   
   /  \/    \    | |/ /  /   ‾‾\ 
  /          \   |   (  |  (‾)  |
 / __________ \  |_|\_\  \_____/ 

     execution: local
        script: workflow/spin/k6_open_client.js
        output: -

     scenarios: (100.00%) 1 scenario, 10000 max VUs, 15s max duration (incl. graceful stop):
              * default: 2577.00 iterations/s for 15s (maxVUs: 2577-10000)


running (00.9s), 00204/02577 VUs, 2145 complete and 0 interrupted iterations
default   [   6% ] 00204/02577 VUs  00.9s/15s  2577.00 iters/s

running (01.9s), 00312/02577 VUs, 4616 complete and 0 interrupted iterations
default   [  13% ] 00312/02577 VUs  01.9s/15s  2577.00 iters/s

running (02.9s), 00435/02577 VUs, 7068 complete and 0 interrupted iterations
default   [  19% ] 00435/02577 VUs  02.9s/15s  2577.00 iters/s

running (03.9s), 00532/02577 VUs, 9549 complete and 0 interrupted iterations
default   [  26% ] 00532/02577 VUs  03.9s/15s  2577.00 iters/s

running (04.9s), 00654/02577 VUs, 12001 complete and 0 interrupted iterations
default   [  33% ] 00654/02577 VUs  04.9s/15s  2577.00 iters/s

running (05.9s), 00652/02577 VUs, 14580 complete and 0 interrupted iterations
default   [  39% ] 00652/02577 VUs  05.9s/15s  2577.00 iters/s

running (06.9s), 00735/02577 VUs, 17076 complete and 0 interrupted iterations
default   [  46% ] 00735/02577 VUs  06.9s/15s  2577.00 iters/s

running (07.9s), 00837/02577 VUs, 19550 complete and 0 interrupted iterations
default   [  53% ] 00837/02577 VUs  07.9s/15s  2577.00 iters/s

running (08.9s), 00888/02577 VUs, 22078 complete and 0 interrupted iterations
default   [  59% ] 00889/02577 VUs  08.9s/15s  2577.00 iters/s

running (09.9s), 00925/02577 VUs, 24619 complete and 0 interrupted iterations
default   [  66% ] 00925/02577 VUs  09.9s/15s  2577.00 iters/s

running (10.9s), 01002/02577 VUs, 27117 complete and 0 interrupted iterations
default   [  73% ] 01002/02577 VUs  10.9s/15s  2577.00 iters/s

running (11.9s), 01058/02577 VUs, 29640 complete and 0 interrupted iterations
default   [  79% ] 01058/02577 VUs  11.9s/15s  2577.00 iters/s

running (12.9s), 01173/02577 VUs, 32098 complete and 0 interrupted iterations
default   [  86% ] 01173/02577 VUs  12.9s/15s  2577.00 iters/s

running (13.9s), 01224/02577 VUs, 34626 complete and 0 interrupted iterations
default   [  93% ] 01225/02577 VUs  13.9s/15s  2577.00 iters/s

running (14.9s), 01354/02577 VUs, 37072 complete and 0 interrupted iterations
default   [  99% ] 01354/02577 VUs  14.9s/15s  2577.00 iters/s


  █ TOTAL RESULTS 

    HTTP
    http_req_duration..............: avg=299.53ms min=62.52ms med=313.99ms max=551.42ms p(90)=469.42ms p(95)=496.96ms
      { expected_response:true }...: avg=299.53ms min=62.52ms med=313.99ms max=551.42ms p(90)=469.42ms p(95)=496.96ms
    http_req_failed................: 0.00%  0 out of 37254
    http_reqs......................: 37254  2481.441669/s

    EXECUTION
    iteration_duration.............: avg=299.62ms min=62.77ms med=314.08ms max=557.32ms p(90)=469.51ms p(95)=497.02ms
    iterations.....................: 37253  2481.37506/s
    vus............................: 1354   min=204        max=1354
    vus_max........................: 2577   min=2577       max=2577

    NETWORK
    data_received..................: 7.6 MB 504 kB/s
    data_sent......................: 7.4 MB 494 kB/s




running (15.0s), 00000/02577 VUs, 37238 complete and 1415 interrupted iterations
default ✓ [ 100% ] 01415/02577 VUs  15s  2577.00 iters/s
