
         /\      Grafana   /‾‾/  
    /\  /  \     |\  __   /  /   
   /  \/    \    | |/ /  /   ‾‾\ 
  /          \   |   (  |  (‾)  |
 / __________ \  |_|\_\  \_____/ 

     execution: local
        script: workflow/response/k6_open_client.js
        output: -

     scenarios: (100.00%) 1 scenario, 100000 max VUs, 15s max duration (incl. graceful stop):
              * default: 9114.00 iterations/s for 15s (maxVUs: 9114-100000)


running (00.7s), 001270/009114 VUs, 5029 complete and 0 interrupted iterations
default   [   5% ] 001270/009114 VUs  00.7s/15s  9114.00 iters/s

running (01.7s), 001735/009114 VUs, 13678 complete and 0 interrupted iterations
default   [  11% ] 001735/009114 VUs  01.7s/15s  9114.00 iters/s

running (02.7s), 002201/009114 VUs, 22326 complete and 0 interrupted iterations
default   [  18% ] 002201/009114 VUs  02.7s/15s  9114.00 iters/s

running (03.7s), 002286/009114 VUs, 31355 complete and 0 interrupted iterations
default   [  25% ] 002287/009114 VUs  03.7s/15s  9114.00 iters/s

running (04.7s), 002198/009114 VUs, 40557 complete and 0 interrupted iterations
default   [  31% ] 002198/009114 VUs  04.7s/15s  9114.00 iters/s

running (05.7s), 002104/009114 VUs, 49766 complete and 0 interrupted iterations
default   [  38% ] 002104/009114 VUs  05.7s/15s  9114.00 iters/s

running (06.7s), 002465/009114 VUs, 58542 complete and 0 interrupted iterations
default   [  45% ] 002465/009114 VUs  06.7s/15s  9114.00 iters/s

running (07.7s), 002532/009114 VUs, 67565 complete and 0 interrupted iterations
default   [  51% ] 002532/009114 VUs  07.7s/15s  9114.00 iters/s

running (08.7s), 002489/009114 VUs, 76724 complete and 0 interrupted iterations
default   [  58% ] 002489/009114 VUs  08.7s/15s  9114.00 iters/s

running (09.7s), 002582/009114 VUs, 85744 complete and 0 interrupted iterations
default   [  65% ] 002582/009114 VUs  09.7s/15s  9114.00 iters/s

running (10.7s), 002464/009114 VUs, 94975 complete and 0 interrupted iterations
default   [  71% ] 002465/009114 VUs  10.7s/15s  9114.00 iters/s

running (11.7s), 002381/009114 VUs, 104173 complete and 0 interrupted iterations
default   [  78% ] 002382/009114 VUs  11.7s/15s  9114.00 iters/s

running (12.7s), 002787/009114 VUs, 112881 complete and 0 interrupted iterations
default   [  85% ] 002787/009114 VUs  12.7s/15s  9114.00 iters/s

running (13.7s), 002775/009114 VUs, 122009 complete and 0 interrupted iterations
default   [  91% ] 002775/009114 VUs  13.7s/15s  9114.00 iters/s

running (14.7s), 003193/009114 VUs, 130703 complete and 0 interrupted iterations
default   [  98% ] 003193/009114 VUs  14.7s/15s  9114.00 iters/s


  █ TOTAL RESULTS 

    HTTP
    http_req_duration..............: avg=256.15ms min=425.28µs med=268.69ms max=937.46ms p(90)=307.8ms  p(95)=339.68ms
      { expected_response:true }...: avg=256.15ms min=425.28µs med=268.69ms max=937.46ms p(90)=307.8ms  p(95)=339.68ms
    http_req_failed................: 0.00%  0 out of 133438
    http_reqs......................: 133438 8875.362302/s

    EXECUTION
    iteration_duration.............: avg=256.73ms min=490.23µs med=268.79ms max=937.55ms p(90)=307.91ms p(95)=339.76ms
    iterations.....................: 133438 8875.362302/s
    vus............................: 3193   min=1270        max=3193
    vus_max........................: 9114   min=9114        max=9114

    NETWORK
    data_received..................: 27 MB  1.8 MB/s
    data_sent......................: 27 MB  1.8 MB/s




running (15.0s), 000000/009114 VUs, 133381 complete and 3330 interrupted iterations
default ✓ [ 100% ] 003330/009114 VUs  15s  9114.00 iters/s
