
         /\      Grafana   /‾‾/  
    /\  /  \     |\  __   /  /   
   /  \/    \    | |/ /  /   ‾‾\ 
  /          \   |   (  |  (‾)  |
 / __________ \  |_|\_\  \_____/ 

     execution: local
        script: workflow/spin/k6_open_client.js
        output: -

     scenarios: (100.00%) 1 scenario, 10000 max VUs, 15s max duration (incl. graceful stop):
              * default: 1936.00 iterations/s for 15s (maxVUs: 1936-10000)


running (00.9s), 00040/01936 VUs, 1762 complete and 0 interrupted iterations
default   [   6% ] 00040/01936 VUs  00.9s/15s  1936.00 iters/s

running (01.9s), 00028/01936 VUs, 3708 complete and 0 interrupted iterations
default   [  13% ] 00028/01936 VUs  01.9s/15s  1936.00 iters/s

running (02.9s), 00034/01936 VUs, 5641 complete and 0 interrupted iterations
default   [  20% ] 00034/01936 VUs  02.9s/15s  1936.00 iters/s

running (03.9s), 00037/01936 VUs, 7573 complete and 0 interrupted iterations
default   [  26% ] 00037/01936 VUs  03.9s/15s  1936.00 iters/s

running (04.9s), 00046/01936 VUs, 9500 complete and 0 interrupted iterations
default   [  33% ] 00046/01936 VUs  04.9s/15s  1936.00 iters/s

running (05.9s), 00036/01936 VUs, 11445 complete and 0 interrupted iterations
default   [  40% ] 00036/01936 VUs  05.9s/15s  1936.00 iters/s

running (06.9s), 00035/01936 VUs, 13383 complete and 0 interrupted iterations
default   [  46% ] 00035/01936 VUs  06.9s/15s  1936.00 iters/s

running (07.9s), 00035/01936 VUs, 15317 complete and 0 interrupted iterations
default   [  53% ] 00035/01936 VUs  07.9s/15s  1936.00 iters/s

running (08.9s), 00036/01936 VUs, 17254 complete and 0 interrupted iterations
default   [  60% ] 00036/01936 VUs  08.9s/15s  1936.00 iters/s

running (09.9s), 00035/01936 VUs, 19191 complete and 0 interrupted iterations
default   [  66% ] 00034/01936 VUs  09.9s/15s  1936.00 iters/s

running (10.9s), 00044/01936 VUs, 21119 complete and 0 interrupted iterations
default   [  73% ] 00044/01936 VUs  10.9s/15s  1936.00 iters/s

running (11.9s), 00043/01936 VUs, 23055 complete and 0 interrupted iterations
default   [  80% ] 00043/01936 VUs  11.9s/15s  1936.00 iters/s

running (12.9s), 00041/01936 VUs, 24995 complete and 0 interrupted iterations
default   [  86% ] 00041/01936 VUs  12.9s/15s  1936.00 iters/s

running (13.9s), 00047/01936 VUs, 26925 complete and 0 interrupted iterations
default   [  93% ] 00047/01936 VUs  13.9s/15s  1936.00 iters/s

running (14.9s), 00033/01936 VUs, 28874 complete and 0 interrupted iterations
default   [ 100% ] 00033/01936 VUs  14.9s/15s  1936.00 iters/s


  █ TOTAL RESULTS 

    HTTP
    http_req_duration..............: avg=20.3ms  min=10.71ms med=19.95ms max=51.2ms  p(90)=25.05ms p(95)=27.19ms
      { expected_response:true }...: avg=20.3ms  min=10.71ms med=19.95ms max=51.2ms  p(90)=25.05ms p(95)=27.19ms
    http_req_failed................: 0.00%  0 out of 29003
    http_reqs......................: 29003  1933.169686/s

    EXECUTION
    iteration_duration.............: avg=20.39ms min=10.94ms med=20.04ms max=51.33ms p(90)=25.14ms p(95)=27.28ms
    iterations.....................: 29003  1933.169686/s
    vus............................: 33     min=30         max=47  
    vus_max........................: 1936   min=1936       max=1936

    NETWORK
    data_received..................: 5.9 MB 392 kB/s
    data_sent......................: 5.6 MB 371 kB/s




running (15.0s), 00000/01936 VUs, 29000 complete and 41 interrupted iterations
default ✓ [ 100% ] 00041/01936 VUs  15s  1936.00 iters/s
