
         /\      Grafana   /‾‾/  
    /\  /  \     |\  __   /  /   
   /  \/    \    | |/ /  /   ‾‾\ 
  /          \   |   (  |  (‾)  |
 / __________ \  |_|\_\  \_____/ 

     execution: local
        script: workflow/spin/k6_open_client.js
        output: -

     scenarios: (100.00%) 1 scenario, 10000 max VUs, 15s max duration (incl. graceful stop):
              * default: 3580.00 iterations/s for 15s (maxVUs: 3580-10000)


running (00.9s), 00269/03580 VUs, 2886 complete and 0 interrupted iterations
default   [   6% ] 00269/03580 VUs  00.9s/15s  3580.00 iters/s

running (01.9s), 00250/03580 VUs, 6483 complete and 0 interrupted iterations
default   [  13% ] 00250/03580 VUs  01.9s/15s  3580.00 iters/s

running (02.9s), 00257/03580 VUs, 10058 complete and 0 interrupted iterations
default   [  19% ] 00257/03580 VUs  02.9s/15s  3580.00 iters/s

running (03.9s), 00303/03580 VUs, 13590 complete and 0 interrupted iterations
default   [  26% ] 00303/03580 VUs  03.9s/15s  3580.00 iters/s

running (04.9s), 00298/03580 VUs, 17175 complete and 0 interrupted iterations
default   [  33% ] 00298/03580 VUs  04.9s/15s  3580.00 iters/s

running (05.9s), 00195/03580 VUs, 20857 complete and 0 interrupted iterations
default   [  39% ] 00195/03580 VUs  05.9s/15s  3580.00 iters/s

running (06.9s), 00208/03580 VUs, 24424 complete and 0 interrupted iterations
default   [  46% ] 00209/03580 VUs  06.9s/15s  3580.00 iters/s

running (07.9s), 00183/03580 VUs, 28029 complete and 0 interrupted iterations
default   [  53% ] 00184/03580 VUs  07.9s/15s  3580.00 iters/s

running (08.9s), 00245/03580 VUs, 31548 complete and 0 interrupted iterations
default   [  59% ] 00245/03580 VUs  08.9s/15s  3580.00 iters/s

running (09.9s), 00227/03580 VUs, 35145 complete and 0 interrupted iterations
default   [  66% ] 00227/03580 VUs  09.9s/15s  3580.00 iters/s

running (10.9s), 00227/03580 VUs, 38725 complete and 0 interrupted iterations
default   [  73% ] 00226/03580 VUs  10.9s/15s  3580.00 iters/s

running (11.9s), 00193/03580 VUs, 42339 complete and 0 interrupted iterations
default   [  79% ] 00195/03580 VUs  11.9s/15s  3580.00 iters/s

running (12.9s), 00187/03580 VUs, 45927 complete and 0 interrupted iterations
default   [  86% ] 00187/03580 VUs  12.9s/15s  3580.00 iters/s

running (13.9s), 00193/03580 VUs, 49497 complete and 0 interrupted iterations
default   [  93% ] 00193/03580 VUs  13.9s/15s  3580.00 iters/s

running (14.9s), 00207/03580 VUs, 53068 complete and 0 interrupted iterations
default   [  99% ] 00207/03580 VUs  14.9s/15s  3580.00 iters/s


  █ TOTAL RESULTS 

    HTTP
    http_req_duration..............: avg=64.43ms min=39.65ms med=62ms   max=116.35ms p(90)=80.61ms p(95)=88.6ms 
      { expected_response:true }...: avg=64.43ms min=39.65ms med=62ms   max=116.35ms p(90)=80.61ms p(95)=88.6ms 
    http_req_failed................: 0.00% 0 out of 53531
    http_reqs......................: 53531 3567.324908/s

    EXECUTION
    iteration_duration.............: avg=64.53ms min=39.74ms med=62.1ms max=116.6ms  p(90)=80.76ms p(95)=88.79ms
    iterations.....................: 53531 3567.324908/s
    vus............................: 207   min=184        max=303 
    vus_max........................: 3580  min=3580       max=3580

    NETWORK
    data_received..................: 11 MB 724 kB/s
    data_sent......................: 10 MB 687 kB/s




running (15.0s), 00000/03580 VUs, 53528 complete and 173 interrupted iterations
default ✓ [ 100% ] 00173/03580 VUs  15s  3580.00 iters/s
