
         /\      Grafana   /‾‾/  
    /\  /  \     |\  __   /  /   
   /  \/    \    | |/ /  /   ‾‾\ 
  /          \   |   (  |  (‾)  |
 / __________ \  |_|\_\  \_____/ 

     execution: local
        script: workflow/response/k6_open_client.js
        output: -

     scenarios: (100.00%) 1 scenario, 10000 max VUs, 15s max duration (incl. graceful stop):
              * default: 1228.00 iterations/s for 15s (maxVUs: 1228-10000)


running (00.9s), 00573/01228 VUs, 591 complete and 0 interrupted iterations
default   [   6% ] 00573/01228 VUs  00.9s/15s  1228.00 iters/s

running (01.9s), 01167/01228 VUs, 1224 complete and 0 interrupted iterations
default   [  13% ] 01167/01228 VUs  01.9s/15s  1228.00 iters/s

running (02.9s), 01492/01493 VUs, 1841 complete and 0 interrupted iterations
default   [  20% ] 01492/01493 VUs  02.9s/15s  1228.00 iters/s

running (03.9s), 01783/01784 VUs, 2457 complete and 0 interrupted iterations
default   [  26% ] 01783/01784 VUs  03.9s/15s  1228.00 iters/s

running (04.9s), 02082/02083 VUs, 3068 complete and 0 interrupted iterations
default   [  33% ] 02082/02083 VUs  04.9s/15s  1228.00 iters/s

running (05.9s), 02378/02380 VUs, 3673 complete and 0 interrupted iterations
default   [  40% ] 02379/02380 VUs  05.9s/15s  1228.00 iters/s

running (06.9s), 02674/02675 VUs, 4279 complete and 0 interrupted iterations
default   [  46% ] 02674/02675 VUs  06.9s/15s  1228.00 iters/s

running (07.9s), 02972/02973 VUs, 4876 complete and 0 interrupted iterations
default   [  53% ] 02973/02973 VUs  07.9s/15s  1228.00 iters/s

running (08.9s), 03277/03277 VUs, 5468 complete and 0 interrupted iterations
default   [  60% ] 03277/03277 VUs  08.9s/15s  1228.00 iters/s

running (09.9s), 03575/03575 VUs, 6076 complete and 0 interrupted iterations
default   [  66% ] 03575/03575 VUs  09.9s/15s  1228.00 iters/s

running (10.9s), 03869/03869 VUs, 6684 complete and 0 interrupted iterations
default   [  73% ] 03869/03869 VUs  10.9s/15s  1228.00 iters/s

running (11.9s), 04156/04156 VUs, 7307 complete and 0 interrupted iterations
default   [  80% ] 04156/04156 VUs  11.9s/15s  1228.00 iters/s

running (12.9s), 04456/04456 VUs, 7900 complete and 0 interrupted iterations
default   [  86% ] 04456/04456 VUs  12.9s/15s  1228.00 iters/s

running (13.9s), 04751/04753 VUs, 8505 complete and 0 interrupted iterations
default   [  93% ] 04752/04753 VUs  13.9s/15s  1228.00 iters/s

running (14.9s), 05053/05053 VUs, 9104 complete and 0 interrupted iterations
default   [ 100% ] 05053/05053 VUs  14.9s/15s  1228.00 iters/s


  █ TOTAL RESULTS 

    HTTP
    http_req_duration..............: avg=3.03s min=1.99ms med=3.12s max=7.11s p(90)=5.12s p(95)=5.36s
      { expected_response:true }...: avg=3.03s min=1.99ms med=3.12s max=7.11s p(90)=5.12s p(95)=5.36s
    http_req_failed................: 0.00%  0 out of 9148
    http_reqs......................: 9148   607.991232/s

    EXECUTION
    dropped_iterations.............: 4214   280.06942/s
    iteration_duration.............: avg=3.03s min=2.06ms med=3.12s max=7.11s p(90)=5.12s p(95)=5.36s
    iterations.....................: 9148   607.991232/s
    vus............................: 5052   min=571       max=5052
    vus_max........................: 5053   min=1228      max=5053

    NETWORK
    data_received..................: 1.9 MB 123 kB/s
    data_sent......................: 2.8 MB 185 kB/s




running (15.0s), 00000/05068 VUs, 9139 complete and 5068 interrupted iterations
default ✓ [ 100% ] 05068/05068 VUs  15s  1228.00 iters/s
