
         /\      Grafana   /‾‾/  
    /\  /  \     |\  __   /  /   
   /  \/    \    | |/ /  /   ‾‾\ 
  /          \   |   (  |  (‾)  |
 / __________ \  |_|\_\  \_____/ 

     execution: local
        script: workflow/write/k6_open_client.js
        output: -

     scenarios: (100.00%) 1 scenario, 10000 max VUs, 15s max duration (incl. graceful stop):
              * default: 5812.00 iterations/s for 15s (maxVUs: 5812-10000)


running (00.8s), 01115/05812 VUs, 3455 complete and 0 interrupted iterations
default   [   5% ] 01115/05812 VUs  00.8s/15s  5812.00 iters/s

running (01.8s), 01653/05812 VUs, 8910 complete and 0 interrupted iterations
default   [  12% ] 01653/05812 VUs  01.8s/15s  5812.00 iters/s

running (02.8s), 01693/05812 VUs, 14682 complete and 0 interrupted iterations
default   [  19% ] 01693/05812 VUs  02.8s/15s  5812.00 iters/s

running (03.8s), 01796/05812 VUs, 20392 complete and 0 interrupted iterations
default   [  25% ] 01796/05812 VUs  03.8s/15s  5812.00 iters/s

running (04.8s), 01639/05812 VUs, 26360 complete and 0 interrupted iterations
default   [  32% ] 01639/05812 VUs  04.8s/15s  5812.00 iters/s

running (05.8s), 01586/05812 VUs, 32225 complete and 0 interrupted iterations
default   [  39% ] 01585/05812 VUs  05.8s/15s  5812.00 iters/s

running (06.8s), 01342/05812 VUs, 38280 complete and 0 interrupted iterations
default   [  45% ] 01342/05812 VUs  06.8s/15s  5812.00 iters/s

running (07.8s), 01437/05812 VUs, 43998 complete and 0 interrupted iterations
default   [  52% ] 01437/05812 VUs  07.8s/15s  5812.00 iters/s

running (08.8s), 01442/05812 VUs, 49805 complete and 0 interrupted iterations
default   [  59% ] 01442/05812 VUs  08.8s/15s  5812.00 iters/s

running (09.8s), 01299/05812 VUs, 55760 complete and 0 interrupted iterations
default   [  65% ] 01299/05812 VUs  09.8s/15s  5812.00 iters/s

running (10.8s), 01070/05812 VUs, 61801 complete and 0 interrupted iterations
default   [  72% ] 01070/05812 VUs  10.8s/15s  5812.00 iters/s

running (11.8s), 00886/05812 VUs, 67798 complete and 0 interrupted iterations
default   [  79% ] 00886/05812 VUs  11.8s/15s  5812.00 iters/s

running (12.8s), 00572/05812 VUs, 73923 complete and 0 interrupted iterations
default   [  85% ] 00573/05812 VUs  12.8s/15s  5812.00 iters/s

running (13.8s), 00239/05812 VUs, 80067 complete and 0 interrupted iterations
default   [  92% ] 00240/05812 VUs  13.8s/15s  5812.00 iters/s

running (14.8s), 00292/05812 VUs, 85828 complete and 0 interrupted iterations
default   [  99% ] 00292/05812 VUs  14.8s/15s  5812.00 iters/s


  █ TOTAL RESULTS 

    HTTP
    http_req_duration..............: avg=209.77ms min=35.49ms med=229.87ms max=471.73ms p(90)=298.36ms p(95)=305.9ms 
      { expected_response:true }...: avg=209.77ms min=35.49ms med=229.87ms max=471.73ms p(90)=298.36ms p(95)=305.9ms 
    http_req_failed................: 0.00%  0 out of 86946
    http_reqs......................: 86946  5793.146175/s

    EXECUTION
    iteration_duration.............: avg=210.3ms  min=35.54ms med=231.56ms max=484.91ms p(90)=298.46ms p(95)=306.04ms
    iterations.....................: 86946  5793.146175/s
    vus............................: 292    min=243        max=1797
    vus_max........................: 5812   min=5812       max=5812

    NETWORK
    data_received..................: 18 MB  1.2 MB/s
    data_sent......................: 8.7 MB 581 kB/s




running (15.0s), 00000/05812 VUs, 86946 complete and 234 interrupted iterations
default ✓ [ 100% ] 00234/05812 VUs  15s  5812.00 iters/s
