
         /\      Grafana   /‾‾/  
    /\  /  \     |\  __   /  /   
   /  \/    \    | |/ /  /   ‾‾\ 
  /          \   |   (  |  (‾)  |
 / __________ \  |_|\_\  \_____/ 

     execution: local
        script: workflow/spin/k6_open_client.js
        output: -

     scenarios: (100.00%) 1 scenario, 10000 max VUs, 15s max duration (incl. graceful stop):
              * default: 4965.00 iterations/s for 15s (maxVUs: 4965-10000)


running (00.8s), 00422/04965 VUs, 3761 complete and 0 interrupted iterations
default   [   6% ] 00422/04965 VUs  00.8s/15s  4965.00 iters/s

running (01.8s), 00068/04965 VUs, 9080 complete and 0 interrupted iterations
default   [  12% ] 00068/04965 VUs  01.8s/15s  4965.00 iters/s

running (02.8s), 00076/04965 VUs, 14036 complete and 0 interrupted iterations
default   [  19% ] 00077/04965 VUs  02.8s/15s  4965.00 iters/s

running (03.8s), 00045/04965 VUs, 19032 complete and 0 interrupted iterations
default   [  26% ] 00045/04965 VUs  03.8s/15s  4965.00 iters/s

running (04.8s), 00056/04965 VUs, 23990 complete and 0 interrupted iterations
default   [  32% ] 00056/04965 VUs  04.8s/15s  4965.00 iters/s

running (05.8s), 00076/04965 VUs, 28930 complete and 0 interrupted iterations
default   [  39% ] 00076/04965 VUs  05.8s/15s  4965.00 iters/s

running (06.8s), 00052/04965 VUs, 33921 complete and 0 interrupted iterations
default   [  46% ] 00052/04965 VUs  06.8s/15s  4965.00 iters/s

running (07.8s), 00251/04965 VUs, 38684 complete and 0 interrupted iterations
default   [  52% ] 00251/04965 VUs  07.8s/15s  4965.00 iters/s

running (08.8s), 00135/04965 VUs, 43768 complete and 0 interrupted iterations
default   [  59% ] 00135/04965 VUs  08.8s/15s  4965.00 iters/s

running (09.8s), 00073/04965 VUs, 48795 complete and 0 interrupted iterations
default   [  66% ] 00073/04965 VUs  09.8s/15s  4965.00 iters/s

running (10.8s), 00060/04965 VUs, 53773 complete and 0 interrupted iterations
default   [  72% ] 00061/04965 VUs  10.8s/15s  4965.00 iters/s

running (11.8s), 00092/04965 VUs, 58706 complete and 0 interrupted iterations
default   [  79% ] 00092/04965 VUs  11.8s/15s  4965.00 iters/s

running (12.8s), 00211/04965 VUs, 63552 complete and 0 interrupted iterations
default   [  86% ] 00210/04965 VUs  12.8s/15s  4965.00 iters/s

running (13.8s), 00105/04965 VUs, 68623 complete and 0 interrupted iterations
default   [  92% ] 00105/04965 VUs  13.8s/15s  4965.00 iters/s

running (14.8s), 00225/04965 VUs, 73468 complete and 0 interrupted iterations
default   [  99% ] 00225/04965 VUs  14.8s/15s  4965.00 iters/s


  █ TOTAL RESULTS 

    HTTP
    http_req_duration..............: avg=24.25ms min=4.79ms med=16.59ms max=165.72ms p(90)=45.73ms p(95)=85.27ms
      { expected_response:true }...: avg=24.25ms min=4.79ms med=16.59ms max=165.72ms p(90)=45.73ms p(95)=85.27ms
    http_req_failed................: 0.00% 0 out of 74357
    http_reqs......................: 74357 4954.709111/s

    EXECUTION
    iteration_duration.............: avg=24.39ms min=4.87ms med=16.67ms max=165.97ms p(90)=45.85ms p(95)=85.99ms
    iterations.....................: 74357 4954.709111/s
    vus............................: 225   min=47         max=422 
    vus_max........................: 4965  min=4965       max=4965

    NETWORK
    data_received..................: 15 MB 1.0 MB/s
    data_sent......................: 14 MB 952 kB/s




running (15.0s), 00000/04965 VUs, 74353 complete and 123 interrupted iterations
default ✓ [ 100% ] 00123/04965 VUs  15s  4965.00 iters/s
