
         /\      Grafana   /‾‾/  
    /\  /  \     |\  __   /  /   
   /  \/    \    | |/ /  /   ‾‾\ 
  /          \   |   (  |  (‾)  |
 / __________ \  |_|\_\  \_____/ 

     execution: local
        script: workflow/hotel/k6_open_hotels_client.js
        output: -

     scenarios: (100.00%) 1 scenario, 10000 max VUs, 10s max duration (incl. graceful stop):
              * default: 512.00 iterations/s for 10s (maxVUs: 512-10000)


running (01.0s), 00069/00512 VUs, 428 complete and 0 interrupted iterations
default   [  10% ] 00069/00512 VUs  01.0s/10s  512.00 iters/s

running (02.0s), 00132/00512 VUs, 877 complete and 0 interrupted iterations
default   [  20% ] 00132/00512 VUs  02.0s/10s  512.00 iters/s

running (03.0s), 00187/00512 VUs, 1334 complete and 0 interrupted iterations
default   [  30% ] 00187/00512 VUs  03.0s/10s  512.00 iters/s

running (04.0s), 00273/00512 VUs, 1760 complete and 0 interrupted iterations
default   [  40% ] 00273/00512 VUs  04.0s/10s  512.00 iters/s

running (05.0s), 00348/00512 VUs, 2197 complete and 0 interrupted iterations
default   [  50% ] 00348/00512 VUs  05.0s/10s  512.00 iters/s

running (06.0s), 00408/00512 VUs, 2649 complete and 0 interrupted iterations
default   [  60% ] 00408/00512 VUs  06.0s/10s  512.00 iters/s

running (07.0s), 00472/00512 VUs, 3097 complete and 0 interrupted iterations
default   [  70% ] 00472/00512 VUs  07.0s/10s  512.00 iters/s

running (08.0s), 00521/00521 VUs, 3551 complete and 0 interrupted iterations
default   [  80% ] 00521/00521 VUs  08.0s/10s  512.00 iters/s

running (09.0s), 00555/00555 VUs, 3994 complete and 0 interrupted iterations
default   [  90% ] 00555/00555 VUs  09.0s/10s  512.00 iters/s

running (10.0s), 00590/00590 VUs, 4437 complete and 0 interrupted iterations
default   [ 100% ] 00590/00590 VUs  10.0s/10s  512.00 iters/s


  █ TOTAL RESULTS 

    HTTP
    http_req_duration..............: avg=653.51ms min=5.91ms med=684.04ms max=1.23s p(90)=1.15s p(95)=1.19s
      { expected_response:true }...: avg=653.51ms min=5.91ms med=684.04ms max=1.23s p(90)=1.15s p(95)=1.19s
    http_req_failed................: 0.00%  0 out of 4450
    http_reqs......................: 4450   444.729054/s

    EXECUTION
    dropped_iterations.............: 80     7.995129/s
    iteration_duration.............: avg=653.64ms min=6.64ms med=684.14ms max=1.23s p(90)=1.15s p(95)=1.19s
    iterations.....................: 4450   444.729054/s
    vus............................: 590    min=69        max=590
    vus_max........................: 590    min=512       max=590

    NETWORK
    data_received..................: 1.3 MB 127 kB/s
    data_sent......................: 1.7 MB 165 kB/s




running (10.0s), 00000/00592 VUs, 4450 complete and 590 interrupted iterations
default ✓ [ 100% ] 00590/00592 VUs  10s  512.00 iters/s
