
         /\      Grafana   /‾‾/  
    /\  /  \     |\  __   /  /   
   /  \/    \    | |/ /  /   ‾‾\ 
  /          \   |   (  |  (‾)  |
 / __________ \  |_|\_\  \_____/ 

     execution: local
        script: workflow/spin/k6_open_client.js
        output: -

     scenarios: (100.00%) 1 scenario, 10000 max VUs, 15s max duration (incl. graceful stop):
              * default: 3015.00 iterations/s for 15s (maxVUs: 3015-10000)


running (00.9s), 00157/03015 VUs, 2555 complete and 0 interrupted iterations
default   [   6% ] 00157/03015 VUs  00.9s/15s  3015.00 iters/s

running (01.9s), 00147/03015 VUs, 5579 complete and 0 interrupted iterations
default   [  13% ] 00147/03015 VUs  01.9s/15s  3015.00 iters/s

running (02.9s), 00119/03015 VUs, 8623 complete and 0 interrupted iterations
default   [  19% ] 00119/03015 VUs  02.9s/15s  3015.00 iters/s

running (03.9s), 00151/03015 VUs, 11607 complete and 0 interrupted iterations
default   [  26% ] 00151/03015 VUs  03.9s/15s  3015.00 iters/s

running (04.9s), 00175/03015 VUs, 14597 complete and 0 interrupted iterations
default   [  33% ] 00175/03015 VUs  04.9s/15s  3015.00 iters/s

running (05.9s), 00159/03015 VUs, 17627 complete and 0 interrupted iterations
default   [  39% ] 00159/03015 VUs  05.9s/15s  3015.00 iters/s

running (06.9s), 00158/03015 VUs, 20642 complete and 0 interrupted iterations
default   [  46% ] 00158/03015 VUs  06.9s/15s  3015.00 iters/s

running (07.9s), 00125/03015 VUs, 23691 complete and 0 interrupted iterations
default   [  53% ] 00125/03015 VUs  07.9s/15s  3015.00 iters/s

running (08.9s), 00119/03015 VUs, 26711 complete and 0 interrupted iterations
default   [  59% ] 00119/03015 VUs  08.9s/15s  3015.00 iters/s

running (09.9s), 00144/03015 VUs, 29705 complete and 0 interrupted iterations
default   [  66% ] 00144/03015 VUs  09.9s/15s  3015.00 iters/s

running (10.9s), 00142/03015 VUs, 32720 complete and 0 interrupted iterations
default   [  73% ] 00142/03015 VUs  10.9s/15s  3015.00 iters/s

running (11.9s), 00150/03015 VUs, 35726 complete and 0 interrupted iterations
default   [  79% ] 00150/03015 VUs  11.9s/15s  3015.00 iters/s

running (12.9s), 00140/03015 VUs, 38751 complete and 0 interrupted iterations
default   [  86% ] 00140/03015 VUs  12.9s/15s  3015.00 iters/s

running (13.9s), 00139/03015 VUs, 41768 complete and 0 interrupted iterations
default   [  93% ] 00139/03015 VUs  13.9s/15s  3015.00 iters/s

running (14.9s), 00144/03015 VUs, 44777 complete and 0 interrupted iterations
default   [  99% ] 00144/03015 VUs  14.9s/15s  3015.00 iters/s


  █ TOTAL RESULTS 

    HTTP
    http_req_duration..............: avg=48.64ms min=19.89ms med=48.42ms max=87.49ms p(90)=58.32ms p(95)=61.31ms
      { expected_response:true }...: avg=48.64ms min=19.89ms med=48.42ms max=87.49ms p(90)=58.32ms p(95)=61.31ms
    http_req_failed................: 0.00%  0 out of 45098
    http_reqs......................: 45098  3005.521229/s

    EXECUTION
    iteration_duration.............: avg=48.74ms min=20.08ms med=48.51ms max=87.69ms p(90)=58.42ms p(95)=61.43ms
    iterations.....................: 45098  3005.521229/s
    vus............................: 144    min=116        max=176 
    vus_max........................: 3015   min=3015       max=3015

    NETWORK
    data_received..................: 9.2 MB 610 kB/s
    data_sent......................: 8.7 MB 578 kB/s




running (15.0s), 00000/03015 VUs, 45091 complete and 135 interrupted iterations
default ✓ [ 100% ] 00135/03015 VUs  15s  3015.00 iters/s
