
         /\      Grafana   /‾‾/  
    /\  /  \     |\  __   /  /   
   /  \/    \    | |/ /  /   ‾‾\ 
  /          \   |   (  |  (‾)  |
 / __________ \  |_|\_\  \_____/ 

     execution: local
        script: workflow/online_boutique/k6_open_product_page.js
        output: -

     scenarios: (100.00%) 1 scenario, 10000 max VUs, 15s max duration (incl. graceful stop):
              * default: 334.00 iterations/s for 15s (maxVUs: 334-10000)


running (01.0s), 00076/00334 VUs, 250 complete and 0 interrupted iterations
default   [   6% ] 00076/00334 VUs  01.0s/15s  334.00 iters/s

running (02.0s), 00058/00334 VUs, 601 complete and 0 interrupted iterations
default   [  13% ] 00058/00334 VUs  02.0s/15s  334.00 iters/s

running (03.0s), 00072/00334 VUs, 922 complete and 0 interrupted iterations
default   [  20% ] 00072/00334 VUs  03.0s/15s  334.00 iters/s

running (04.0s), 00049/00334 VUs, 1279 complete and 0 interrupted iterations
default   [  26% ] 00049/00334 VUs  04.0s/15s  334.00 iters/s

running (05.0s), 00076/00334 VUs, 1585 complete and 0 interrupted iterations
default   [  33% ] 00076/00334 VUs  05.0s/15s  334.00 iters/s

running (06.0s), 00054/00334 VUs, 1941 complete and 0 interrupted iterations
default   [  40% ] 00054/00334 VUs  06.0s/15s  334.00 iters/s

running (07.0s), 00083/00334 VUs, 2247 complete and 0 interrupted iterations
default   [  46% ] 00083/00334 VUs  07.0s/15s  334.00 iters/s

running (08.0s), 00060/00334 VUs, 2604 complete and 0 interrupted iterations
default   [  53% ] 00060/00334 VUs  08.0s/15s  334.00 iters/s

running (09.0s), 00087/00334 VUs, 2910 complete and 0 interrupted iterations
default   [  60% ] 00087/00334 VUs  09.0s/15s  334.00 iters/s

running (10.0s), 00064/00334 VUs, 3267 complete and 0 interrupted iterations
default   [  66% ] 00064/00334 VUs  10.0s/15s  334.00 iters/s

running (11.0s), 00091/00334 VUs, 3574 complete and 0 interrupted iterations
default   [  73% ] 00091/00334 VUs  11.0s/15s  334.00 iters/s

running (12.0s), 00073/00334 VUs, 3926 complete and 0 interrupted iterations
default   [  80% ] 00073/00334 VUs  12.0s/15s  334.00 iters/s

running (13.0s), 00050/00334 VUs, 4283 complete and 0 interrupted iterations
default   [  86% ] 00050/00334 VUs  13.0s/15s  334.00 iters/s

running (14.0s), 00078/00334 VUs, 4589 complete and 0 interrupted iterations
default   [  93% ] 00078/00334 VUs  14.0s/15s  334.00 iters/s

running (15.0s), 00057/00334 VUs, 4945 complete and 0 interrupted iterations
default   [ 100% ] 00057/00334 VUs  15.0s/15s  334.00 iters/s


  █ TOTAL RESULTS 

    CUSTOM
    online_boutique_application_errors........: 0.00%  0 out of 4945
    online_boutique_recommendation_winner_1...: 1900   126.651965/s
    online_boutique_recommendation_winner_2...: 1777   118.452916/s
    online_boutique_recommendation_winner_3...: 1268   84.523522/s

    HTTP
    http_req_duration.........................: avg=202.95ms min=120.45ms med=202.8ms max=303.03ms p(90)=260.23ms p(95)=267.52ms
      { expected_response:true }..............: avg=202.95ms min=120.45ms med=202.8ms max=303.03ms p(90)=260.23ms p(95)=267.52ms
    http_req_failed...........................: 0.00%  0 out of 4945
    http_reqs.................................: 4945   329.628402/s

    EXECUTION
    iteration_duration........................: avg=203.17ms min=120.59ms med=203ms   max=315.39ms p(90)=260.38ms p(95)=267.73ms
    iterations................................: 4945   329.628402/s
    vus.......................................: 57     min=48        max=91 
    vus_max...................................: 334    min=334       max=334

    NETWORK
    data_received.............................: 8.9 MB 593 kB/s
    data_sent.................................: 1.4 MB 93 kB/s




running (15.0s), 00000/00334 VUs, 4945 complete and 66 interrupted iterations
default ✓ [ 100% ] 00066/00334 VUs  15s  334.00 iters/s
