
         /\      Grafana   /‾‾/  
    /\  /  \     |\  __   /  /   
   /  \/    \    | |/ /  /   ‾‾\ 
  /          \   |   (  |  (‾)  |
 / __________ \  |_|\_\  \_____/ 

     execution: local
        script: workflow/spin/k6_open_client.js
        output: -

     scenarios: (100.00%) 1 scenario, 10000 max VUs, 15s max duration (incl. graceful stop):
              * default: 3960.00 iterations/s for 15s (maxVUs: 3960-10000)


running (00.9s), 00212/03960 VUs, 3232 complete and 0 interrupted iterations
default   [   6% ] 00212/03960 VUs  00.9s/15s  3960.00 iters/s

running (01.9s), 00219/03960 VUs, 7184 complete and 0 interrupted iterations
default   [  12% ] 00219/03960 VUs  01.9s/15s  3960.00 iters/s

running (02.9s), 00213/03960 VUs, 11151 complete and 0 interrupted iterations
default   [  19% ] 00213/03960 VUs  02.9s/15s  3960.00 iters/s

running (03.9s), 00185/03960 VUs, 15138 complete and 0 interrupted iterations
default   [  26% ] 00185/03960 VUs  03.9s/15s  3960.00 iters/s

running (04.9s), 00195/03960 VUs, 19089 complete and 0 interrupted iterations
default   [  32% ] 00195/03960 VUs  04.9s/15s  3960.00 iters/s

running (05.9s), 00236/03960 VUs, 23006 complete and 0 interrupted iterations
default   [  39% ] 00236/03960 VUs  05.9s/15s  3960.00 iters/s

running (06.9s), 00218/03960 VUs, 26986 complete and 0 interrupted iterations
default   [  46% ] 00219/03960 VUs  06.9s/15s  3960.00 iters/s

running (07.9s), 00224/03960 VUs, 30939 complete and 0 interrupted iterations
default   [  52% ] 00224/03960 VUs  07.9s/15s  3960.00 iters/s

running (08.9s), 00229/03960 VUs, 34895 complete and 0 interrupted iterations
default   [  59% ] 00229/03960 VUs  08.9s/15s  3960.00 iters/s

running (09.9s), 00187/03960 VUs, 38895 complete and 0 interrupted iterations
default   [  66% ] 00187/03960 VUs  09.9s/15s  3960.00 iters/s

running (10.9s), 00226/03960 VUs, 42822 complete and 0 interrupted iterations
default   [  72% ] 00226/03960 VUs  10.9s/15s  3960.00 iters/s

running (11.9s), 00241/03960 VUs, 46763 complete and 0 interrupted iterations
default   [  79% ] 00241/03960 VUs  11.9s/15s  3960.00 iters/s

running (12.9s), 00228/03960 VUs, 50736 complete and 0 interrupted iterations
default   [  86% ] 00228/03960 VUs  12.9s/15s  3960.00 iters/s

running (13.9s), 00235/03960 VUs, 54688 complete and 0 interrupted iterations
default   [  92% ] 00235/03960 VUs  13.9s/15s  3960.00 iters/s

running (14.9s), 00222/03960 VUs, 58660 complete and 0 interrupted iterations
default   [  99% ] 00221/03960 VUs  14.9s/15s  3960.00 iters/s


  █ TOTAL RESULTS 

    HTTP
    http_req_duration..............: avg=56.72ms min=31.33ms med=54.83ms max=134.73ms p(90)=66.11ms p(95)=71.87ms
      { expected_response:true }...: avg=56.72ms min=31.33ms med=54.83ms max=134.73ms p(90)=66.11ms p(95)=71.87ms
    http_req_failed................: 0.00% 0 out of 59164
    http_reqs......................: 59164 3942.36469/s

    EXECUTION
    iteration_duration.............: avg=56.82ms min=31.43ms med=54.92ms max=134.97ms p(90)=66.23ms p(95)=71.98ms
    iterations.....................: 59164 3942.36469/s
    vus............................: 223   min=185        max=237 
    vus_max........................: 3960  min=3960       max=3960

    NETWORK
    data_received..................: 12 MB 800 kB/s
    data_sent......................: 11 MB 760 kB/s




running (15.0s), 00000/03960 VUs, 59145 complete and 256 interrupted iterations
default ✓ [ 100% ] 00256/03960 VUs  15s  3960.00 iters/s
