
         /\      Grafana   /‾‾/  
    /\  /  \     |\  __   /  /   
   /  \/    \    | |/ /  /   ‾‾\ 
  /          \   |   (  |  (‾)  |
 / __________ \  |_|\_\  \_____/ 

     execution: local
        script: workflow/media/k6_open_review_compose.js
        output: -

     scenarios: (100.00%) 1 scenario, 10000 max VUs, 10s max duration (incl. graceful stop):
              * default: 351.00 iterations/s for 10s (maxVUs: 351-10000)


running (01.0s), 00028/00351 VUs, 316 complete and 0 interrupted iterations
default   [  10% ] 00029/00351 VUs  01.0s/10s  351.00 iters/s

running (02.0s), 00059/00351 VUs, 636 complete and 0 interrupted iterations
default   [  20% ] 00059/00351 VUs  02.0s/10s  351.00 iters/s

running (03.0s), 00082/00351 VUs, 964 complete and 0 interrupted iterations
default   [  30% ] 00082/00351 VUs  03.0s/10s  351.00 iters/s

running (04.0s), 00108/00351 VUs, 1290 complete and 0 interrupted iterations
default   [  40% ] 00108/00351 VUs  04.0s/10s  351.00 iters/s

running (05.0s), 00132/00351 VUs, 1616 complete and 0 interrupted iterations
default   [  50% ] 00132/00351 VUs  05.0s/10s  351.00 iters/s

running (06.0s), 00153/00351 VUs, 1946 complete and 0 interrupted iterations
default   [  60% ] 00153/00351 VUs  06.0s/10s  351.00 iters/s

running (07.0s), 00164/00351 VUs, 2287 complete and 0 interrupted iterations
default   [  70% ] 00164/00351 VUs  07.0s/10s  351.00 iters/s

running (08.0s), 00190/00351 VUs, 2611 complete and 0 interrupted iterations
default   [  80% ] 00189/00351 VUs  08.0s/10s  351.00 iters/s

running (09.0s), 00205/00351 VUs, 2947 complete and 0 interrupted iterations
default   [  90% ] 00205/00351 VUs  09.0s/10s  351.00 iters/s

running (10.0s), 00213/00351 VUs, 3290 complete and 0 interrupted iterations
default   [ 100% ] 00213/00351 VUs  10.0s/10s  351.00 iters/s


  █ TOTAL RESULTS 

    HTTP
    http_req_duration..............: avg=354.8ms  min=6.97ms med=377.62ms max=609.99ms p(90)=584.87ms p(95)=602.7ms 
      { expected_response:true }...: avg=354.8ms  min=6.97ms med=377.62ms max=609.99ms p(90)=584.87ms p(95)=602.7ms 
    http_req_failed................: 0.00%  0 out of 3297
    http_reqs......................: 3297   329.61969/s

    EXECUTION
    iteration_duration.............: avg=354.93ms min=7.64ms med=377.71ms max=610.08ms p(90)=584.96ms p(95)=602.89ms
    iterations.....................: 3297   329.61969/s
    vus............................: 213    min=29        max=213
    vus_max........................: 351    min=351       max=351

    NETWORK
    data_received..................: 758 kB 76 kB/s
    data_sent......................: 2.0 MB 195 kB/s




running (10.0s), 00000/00351 VUs, 3297 complete and 214 interrupted iterations
default ✓ [ 100% ] 00214/00351 VUs  10s  351.00 iters/s
