
         /\      Grafana   /‾‾/  
    /\  /  \     |\  __   /  /   
   /  \/    \    | |/ /  /   ‾‾\ 
  /          \   |   (  |  (‾)  |
 / __________ \  |_|\_\  \_____/ 

     execution: local
        script: workflow/media/k6_open_review_compose.js
        output: -

     scenarios: (100.00%) 1 scenario, 10000 max VUs, 10s max duration (incl. graceful stop):
              * default: 221.00 iterations/s for 10s (maxVUs: 221-10000)


running (01.0s), 00002/00221 VUs, 216 complete and 0 interrupted iterations
default   [  10% ] 00002/00221 VUs  01.0s/10s  221.00 iters/s

running (02.0s), 00001/00221 VUs, 438 complete and 0 interrupted iterations
default   [  20% ] 00001/00221 VUs  02.0s/10s  221.00 iters/s

running (03.0s), 00001/00221 VUs, 659 complete and 0 interrupted iterations
default   [  30% ] 00001/00221 VUs  03.0s/10s  221.00 iters/s

running (04.0s), 00001/00221 VUs, 880 complete and 0 interrupted iterations
default   [  40% ] 00001/00221 VUs  04.0s/10s  221.00 iters/s

running (05.0s), 00001/00221 VUs, 1101 complete and 0 interrupted iterations
default   [  50% ] 00001/00221 VUs  05.0s/10s  221.00 iters/s

running (06.0s), 00001/00221 VUs, 1322 complete and 0 interrupted iterations
default   [  60% ] 00001/00221 VUs  06.0s/10s  221.00 iters/s

running (07.0s), 00002/00221 VUs, 1542 complete and 0 interrupted iterations
default   [  70% ] 00002/00221 VUs  07.0s/10s  221.00 iters/s

running (08.0s), 00001/00221 VUs, 1764 complete and 0 interrupted iterations
default   [  80% ] 00001/00221 VUs  08.0s/10s  221.00 iters/s

running (09.0s), 00002/00221 VUs, 1984 complete and 0 interrupted iterations
default   [  90% ] 00002/00221 VUs  09.0s/10s  221.00 iters/s

running (10.0s), 00001/00221 VUs, 2206 complete and 0 interrupted iterations
default   [ 100% ] 00001/00221 VUs  10.0s/10s  221.00 iters/s


  █ TOTAL RESULTS 

    HTTP
    http_req_duration..............: avg=5.55ms min=3.83ms med=5.05ms max=16.53ms p(90)=7.21ms p(95)=8.78ms
      { expected_response:true }...: avg=5.55ms min=3.83ms med=5.05ms max=16.53ms p(90)=7.21ms p(95)=8.78ms
    http_req_failed................: 0.00%  0 out of 2209
    http_reqs......................: 2209   220.878448/s

    EXECUTION
    iteration_duration.............: avg=5.69ms min=3.98ms med=5.2ms  max=16.65ms p(90)=7.41ms p(95)=8.94ms
    iterations.....................: 2209   220.878448/s
    vus............................: 1      min=1         max=2  
    vus_max........................: 221    min=221       max=221

    NETWORK
    data_received..................: 507 kB 51 kB/s
    data_sent......................: 1.2 MB 123 kB/s




running (10.0s), 00000/00221 VUs, 2209 complete and 2 interrupted iterations
default ✓ [ 100% ] 00002/00221 VUs  10s  221.00 iters/s
