
         /\      Grafana   /‾‾/  
    /\  /  \     |\  __   /  /   
   /  \/    \    | |/ /  /   ‾‾\ 
  /          \   |   (  |  (‾)  |
 / __________ \  |_|\_\  \_____/ 

     execution: local
        script: workflow/spin/k6_open_client.js
        output: -

     scenarios: (100.00%) 1 scenario, 10000 max VUs, 15s max duration (incl. graceful stop):
              * default: 4410.00 iterations/s for 15s (maxVUs: 4410-10000)


running (00.9s), 00451/04410 VUs, 3345 complete and 0 interrupted iterations
default   [   6% ] 00451/04410 VUs  00.9s/15s  4410.00 iters/s

running (01.9s), 00582/04410 VUs, 7624 complete and 0 interrupted iterations
default   [  12% ] 00582/04410 VUs  01.9s/15s  4410.00 iters/s

running (02.9s), 00442/04410 VUs, 12174 complete and 0 interrupted iterations
default   [  19% ] 00442/04410 VUs  02.9s/15s  4410.00 iters/s

running (03.9s), 00440/04410 VUs, 16586 complete and 0 interrupted iterations
default   [  26% ] 00440/04410 VUs  03.9s/15s  4410.00 iters/s

running (04.9s), 00450/04410 VUs, 20986 complete and 0 interrupted iterations
default   [  32% ] 00450/04410 VUs  04.9s/15s  4410.00 iters/s

running (05.9s), 00503/04410 VUs, 25343 complete and 0 interrupted iterations
default   [  39% ] 00502/04410 VUs  05.9s/15s  4410.00 iters/s

running (06.9s), 00437/04410 VUs, 29819 complete and 0 interrupted iterations
default   [  46% ] 00437/04410 VUs  06.9s/15s  4410.00 iters/s

running (07.9s), 00495/04410 VUs, 34168 complete and 0 interrupted iterations
default   [  52% ] 00496/04410 VUs  07.9s/15s  4410.00 iters/s

running (08.9s), 00468/04410 VUs, 38608 complete and 0 interrupted iterations
default   [  59% ] 00468/04410 VUs  08.9s/15s  4410.00 iters/s

running (09.9s), 00554/04410 VUs, 42932 complete and 0 interrupted iterations
default   [  66% ] 00554/04410 VUs  09.9s/15s  4410.00 iters/s

running (10.9s), 00467/04410 VUs, 47429 complete and 0 interrupted iterations
default   [  72% ] 00467/04410 VUs  10.9s/15s  4410.00 iters/s

running (11.9s), 00456/04410 VUs, 51850 complete and 0 interrupted iterations
default   [  79% ] 00456/04410 VUs  11.9s/15s  4410.00 iters/s

running (12.9s), 00436/04410 VUs, 56285 complete and 0 interrupted iterations
default   [  86% ] 00436/04410 VUs  12.9s/15s  4410.00 iters/s

running (13.9s), 00447/04410 VUs, 60678 complete and 0 interrupted iterations
default   [  92% ] 00447/04410 VUs  13.9s/15s  4410.00 iters/s

running (14.9s), 00481/04410 VUs, 65057 complete and 0 interrupted iterations
default   [  99% ] 00481/04410 VUs  14.9s/15s  4410.00 iters/s


  █ TOTAL RESULTS 

    HTTP
    http_req_duration..............: avg=109.53ms min=79.89ms med=108.02ms max=202.99ms p(90)=123.74ms p(95)=128.71ms
      { expected_response:true }...: avg=109.53ms min=79.89ms med=108.02ms max=202.99ms p(90)=123.74ms p(95)=128.71ms
    http_req_failed................: 0.00% 0 out of 65700
    http_reqs......................: 65700 4377.413005/s

    EXECUTION
    iteration_duration.............: avg=109.65ms min=79.95ms med=108.14ms max=203.21ms p(90)=123.89ms p(95)=128.92ms
    iterations.....................: 65700 4377.413005/s
    vus............................: 481   min=436        max=581 
    vus_max........................: 4410  min=4410       max=4410

    NETWORK
    data_received..................: 13 MB 889 kB/s
    data_sent......................: 13 MB 846 kB/s




running (15.0s), 00000/04410 VUs, 65693 complete and 458 interrupted iterations
default ✓ [ 100% ] 00458/04410 VUs  15s  4410.00 iters/s
