
         /\      Grafana   /‾‾/  
    /\  /  \     |\  __   /  /   
   /  \/    \    | |/ /  /   ‾‾\ 
  /          \   |   (  |  (‾)  |
 / __________ \  |_|\_\  \_____/ 

     execution: local
        script: workflow/spin/k6_open_client.js
        output: -

     scenarios: (100.00%) 1 scenario, 10000 max VUs, 15s max duration (incl. graceful stop):
              * default: 4320.00 iterations/s for 15s (maxVUs: 4320-10000)


running (00.9s), 00697/04320 VUs, 3024 complete and 0 interrupted iterations
default   [   6% ] 00697/04320 VUs  00.9s/15s  4320.00 iters/s

running (01.9s), 00933/04320 VUs, 7109 complete and 0 interrupted iterations
default   [  12% ] 00933/04320 VUs  01.9s/15s  4320.00 iters/s

running (02.9s), 01029/04320 VUs, 11332 complete and 0 interrupted iterations
default   [  19% ] 01029/04320 VUs  02.9s/15s  4320.00 iters/s

running (03.9s), 01175/04320 VUs, 15506 complete and 0 interrupted iterations
default   [  26% ] 01176/04320 VUs  03.9s/15s  4320.00 iters/s

running (04.9s), 01243/04320 VUs, 19762 complete and 0 interrupted iterations
default   [  32% ] 01243/04320 VUs  04.9s/15s  4320.00 iters/s

running (05.9s), 01272/04320 VUs, 24050 complete and 0 interrupted iterations
default   [  39% ] 01273/04320 VUs  05.9s/15s  4320.00 iters/s

running (06.9s), 01526/04320 VUs, 28116 complete and 0 interrupted iterations
default   [  46% ] 01526/04320 VUs  06.9s/15s  4320.00 iters/s

running (07.9s), 01677/04320 VUs, 32285 complete and 0 interrupted iterations
default   [  52% ] 01677/04320 VUs  07.9s/15s  4320.00 iters/s

running (08.9s), 01730/04320 VUs, 36552 complete and 0 interrupted iterations
default   [  59% ] 01730/04320 VUs  08.9s/15s  4320.00 iters/s

running (09.9s), 01875/04320 VUs, 40712 complete and 0 interrupted iterations
default   [  66% ] 01875/04320 VUs  09.9s/15s  4320.00 iters/s

running (10.9s), 02151/04320 VUs, 44770 complete and 0 interrupted iterations
default   [  72% ] 02151/04320 VUs  10.9s/15s  4320.00 iters/s

running (11.9s), 02237/04320 VUs, 49006 complete and 0 interrupted iterations
default   [  79% ] 02238/04320 VUs  11.9s/15s  4320.00 iters/s

running (12.9s), 02465/04320 VUs, 53097 complete and 0 interrupted iterations
default   [  86% ] 02465/04320 VUs  12.9s/15s  4320.00 iters/s

running (13.9s), 02561/04320 VUs, 57321 complete and 0 interrupted iterations
default   [  92% ] 02561/04320 VUs  13.9s/15s  4320.00 iters/s

running (14.9s), 02645/04320 VUs, 61559 complete and 0 interrupted iterations
default   [  99% ] 02645/04320 VUs  14.9s/15s  4320.00 iters/s


  █ TOTAL RESULTS 

    HTTP
    http_req_duration..............: avg=378.34ms min=60.16ms med=370.44ms max=629.14ms p(90)=587.57ms p(95)=605.28ms
      { expected_response:true }...: avg=378.34ms min=60.16ms med=370.44ms max=629.14ms p(90)=587.57ms p(95)=605.28ms
    http_req_failed................: 0.00% 0 out of 62136
    http_reqs......................: 62136 4136.505452/s

    EXECUTION
    iteration_duration.............: avg=378.44ms min=60.49ms med=370.52ms max=629.22ms p(90)=587.65ms p(95)=605.37ms
    iterations.....................: 62136 4136.505452/s
    vus............................: 2641  min=696        max=2641
    vus_max........................: 4320  min=4320       max=4320

    NETWORK
    data_received..................: 13 MB 840 kB/s
    data_sent......................: 12 MB 828 kB/s




running (15.0s), 00000/04320 VUs, 62136 complete and 2664 interrupted iterations
default ✓ [ 100% ] 02664/04320 VUs  15s  4320.00 iters/s
