
         /\      Grafana   /‾‾/  
    /\  /  \     |\  __   /  /   
   /  \/    \    | |/ /  /   ‾‾\ 
  /          \   |   (  |  (‾)  |
 / __________ \  |_|\_\  \_____/ 

     execution: local
        script: workflow/spin/k6_open_client.js
        output: -

     scenarios: (100.00%) 1 scenario, 10000 max VUs, 15s max duration (incl. graceful stop):
              * default: 2244.00 iterations/s for 15s (maxVUs: 2244-10000)


running (00.9s), 00375/02244 VUs, 1698 complete and 0 interrupted iterations
default   [   6% ] 00375/02244 VUs  00.9s/15s  2244.00 iters/s

running (01.9s), 00476/02244 VUs, 3840 complete and 0 interrupted iterations
default   [  13% ] 00476/02244 VUs  01.9s/15s  2244.00 iters/s

running (02.9s), 00443/02244 VUs, 6118 complete and 0 interrupted iterations
default   [  19% ] 00443/02244 VUs  02.9s/15s  2244.00 iters/s

running (03.9s), 00387/02244 VUs, 8417 complete and 0 interrupted iterations
default   [  26% ] 00387/02244 VUs  03.9s/15s  2244.00 iters/s

running (04.9s), 00378/02244 VUs, 10671 complete and 0 interrupted iterations
default   [  33% ] 00378/02244 VUs  04.9s/15s  2244.00 iters/s

running (05.9s), 00338/02244 VUs, 12955 complete and 0 interrupted iterations
default   [  39% ] 00338/02244 VUs  05.9s/15s  2244.00 iters/s

running (06.9s), 00411/02244 VUs, 15125 complete and 0 interrupted iterations
default   [  46% ] 00411/02244 VUs  06.9s/15s  2244.00 iters/s

running (07.9s), 00367/02244 VUs, 17413 complete and 0 interrupted iterations
default   [  53% ] 00367/02244 VUs  07.9s/15s  2244.00 iters/s

running (08.9s), 00347/02244 VUs, 19679 complete and 0 interrupted iterations
default   [  59% ] 00347/02244 VUs  08.9s/15s  2244.00 iters/s

running (09.9s), 00402/02244 VUs, 21867 complete and 0 interrupted iterations
default   [  66% ] 00403/02244 VUs  09.9s/15s  2244.00 iters/s

running (10.9s), 00346/02244 VUs, 24166 complete and 0 interrupted iterations
default   [  73% ] 00346/02244 VUs  10.9s/15s  2244.00 iters/s

running (11.9s), 00337/02244 VUs, 26421 complete and 0 interrupted iterations
default   [  79% ] 00337/02244 VUs  11.9s/15s  2244.00 iters/s

running (12.9s), 00382/02244 VUs, 28617 complete and 0 interrupted iterations
default   [  86% ] 00383/02244 VUs  12.9s/15s  2244.00 iters/s

running (13.9s), 00366/02244 VUs, 30878 complete and 0 interrupted iterations
default   [  93% ] 00365/02244 VUs  13.9s/15s  2244.00 iters/s

running (14.9s), 00523/02244 VUs, 32965 complete and 0 interrupted iterations
default   [  99% ] 00523/02244 VUs  14.9s/15s  2244.00 iters/s


  █ TOTAL RESULTS 

    HTTP
    http_req_duration..............: avg=168.66ms min=114.41ms med=167.7ms  max=247.82ms p(90)=198.87ms p(95)=204.11ms
      { expected_response:true }...: avg=168.66ms min=114.41ms med=167.7ms  max=247.82ms p(90)=198.87ms p(95)=204.11ms
    http_req_failed................: 0.00%  0 out of 33162
    http_reqs......................: 33162  2209.839182/s

    EXECUTION
    iteration_duration.............: avg=168.75ms min=114.52ms med=167.79ms max=247.93ms p(90)=198.96ms p(95)=204.19ms
    iterations.....................: 33162  2209.839182/s
    vus............................: 523    min=335        max=523 
    vus_max........................: 2244   min=2244       max=2244

    NETWORK
    data_received..................: 6.7 MB 449 kB/s
    data_sent......................: 6.5 MB 430 kB/s




running (15.0s), 00000/02244 VUs, 33162 complete and 497 interrupted iterations
default ✓ [ 100% ] 00497/02244 VUs  15s  2244.00 iters/s
