
         /\      Grafana   /‾‾/  
    /\  /  \     |\  __   /  /   
   /  \/    \    | |/ /  /   ‾‾\ 
  /          \   |   (  |  (‾)  |
 / __________ \  |_|\_\  \_____/ 

     execution: local
        script: workflow/hotel/k6_open_hotels_client.js
        output: -

     scenarios: (100.00%) 1 scenario, 10000 max VUs, 15s max duration (incl. graceful stop):
              * default: 2760.00 iterations/s for 15s (maxVUs: 2760-10000)


running (00.9s), 00004/02760 VUs, 2485 complete and 0 interrupted iterations
default   [   6% ] 00004/02760 VUs  00.9s/15s  2760.00 iters/s

running (01.9s), 00005/02760 VUs, 5244 complete and 0 interrupted iterations
default   [  13% ] 00005/02760 VUs  01.9s/15s  2760.00 iters/s

running (02.9s), 00005/02760 VUs, 8004 complete and 0 interrupted iterations
default   [  19% ] 00005/02760 VUs  02.9s/15s  2760.00 iters/s

running (03.9s), 00004/02760 VUs, 10764 complete and 0 interrupted iterations
default   [  26% ] 00004/02760 VUs  03.9s/15s  2760.00 iters/s

running (04.9s), 00035/02760 VUs, 13495 complete and 0 interrupted iterations
default   [  33% ] 00035/02760 VUs  04.9s/15s  2760.00 iters/s

running (05.9s), 00003/02760 VUs, 16286 complete and 0 interrupted iterations
default   [  39% ] 00003/02760 VUs  05.9s/15s  2760.00 iters/s

running (06.9s), 00004/02760 VUs, 19046 complete and 0 interrupted iterations
default   [  46% ] 00004/02760 VUs  06.9s/15s  2760.00 iters/s

running (07.9s), 00005/02760 VUs, 21806 complete and 0 interrupted iterations
default   [  53% ] 00005/02760 VUs  07.9s/15s  2760.00 iters/s

running (08.9s), 00005/02760 VUs, 24565 complete and 0 interrupted iterations
default   [  59% ] 00005/02760 VUs  08.9s/15s  2760.00 iters/s

running (09.9s), 00004/02760 VUs, 27325 complete and 0 interrupted iterations
default   [  66% ] 00005/02760 VUs  09.9s/15s  2760.00 iters/s

running (10.9s), 00005/02760 VUs, 30084 complete and 0 interrupted iterations
default   [  73% ] 00005/02760 VUs  10.9s/15s  2760.00 iters/s

running (11.9s), 00004/02760 VUs, 32847 complete and 0 interrupted iterations
default   [  79% ] 00004/02760 VUs  11.9s/15s  2760.00 iters/s

running (12.9s), 00004/02760 VUs, 35605 complete and 0 interrupted iterations
default   [  86% ] 00004/02760 VUs  12.9s/15s  2760.00 iters/s

running (13.9s), 00005/02760 VUs, 38364 complete and 0 interrupted iterations
default   [  93% ] 00005/02760 VUs  13.9s/15s  2760.00 iters/s

running (14.9s), 00005/02760 VUs, 41126 complete and 0 interrupted iterations
default   [  99% ] 00005/02760 VUs  14.9s/15s  2760.00 iters/s


  █ TOTAL RESULTS 

    HTTP
    http_req_duration..............: avg=1.71ms min=993.24µs med=1.37ms max=29.84ms p(90)=2.51ms p(95)=2.97ms
      { expected_response:true }...: avg=1.71ms min=993.24µs med=1.37ms max=29.84ms p(90)=2.51ms p(95)=2.97ms
    http_req_failed................: 0.00% 0 out of 41398
    http_reqs......................: 41398 2759.153041/s

    EXECUTION
    iteration_duration.............: avg=1.84ms min=1.08ms   med=1.5ms  max=31.63ms p(90)=2.64ms p(95)=3.11ms
    iterations.....................: 41398 2759.153041/s
    vus............................: 3     min=3          max=35  
    vus_max........................: 2760  min=2760       max=2760

    NETWORK
    data_received..................: 12 MB 790 kB/s
    data_sent......................: 14 MB 905 kB/s




running (15.0s), 00000/02760 VUs, 41397 complete and 4 interrupted iterations
default ✓ [ 100% ] 00004/02760 VUs  15s  2760.00 iters/s
