
         /\      Grafana   /‾‾/  
    /\  /  \     |\  __   /  /   
   /  \/    \    | |/ /  /   ‾‾\ 
  /          \   |   (  |  (‾)  |
 / __________ \  |_|\_\  \_____/ 

     execution: local
        script: workflow/online_boutique/k6_open_checkout.js
        output: -

     scenarios: (100.00%) 1 scenario, 10000 max VUs, 15s max duration (incl. graceful stop):
              * default: 55.00 iterations/s for 15s (maxVUs: 55-10000)


running (01.0s), 00021/00055 VUs, 34 complete and 0 interrupted iterations
default   [   7% ] 00021/00055 VUs  01.0s/15s  55.00 iters/s

running (02.0s), 00008/00055 VUs, 102 complete and 0 interrupted iterations
default   [  13% ] 00008/00055 VUs  02.0s/15s  55.00 iters/s

running (03.0s), 00012/00055 VUs, 153 complete and 0 interrupted iterations
default   [  20% ] 00012/00055 VUs  03.0s/15s  55.00 iters/s

running (04.0s), 00016/00055 VUs, 204 complete and 0 interrupted iterations
default   [  27% ] 00016/00055 VUs  04.0s/15s  55.00 iters/s

running (05.0s), 00020/00055 VUs, 255 complete and 0 interrupted iterations
default   [  33% ] 00020/00055 VUs  05.0s/15s  55.00 iters/s

running (06.0s), 00024/00055 VUs, 306 complete and 0 interrupted iterations
default   [  40% ] 00024/00055 VUs  06.0s/15s  55.00 iters/s

running (07.0s), 00011/00055 VUs, 374 complete and 0 interrupted iterations
default   [  47% ] 00011/00055 VUs  07.0s/15s  55.00 iters/s

running (08.0s), 00015/00055 VUs, 425 complete and 0 interrupted iterations
default   [  53% ] 00015/00055 VUs  08.0s/15s  55.00 iters/s

running (09.0s), 00019/00055 VUs, 476 complete and 0 interrupted iterations
default   [  60% ] 00019/00055 VUs  09.0s/15s  55.00 iters/s

running (10.0s), 00023/00055 VUs, 527 complete and 0 interrupted iterations
default   [  67% ] 00023/00055 VUs  10.0s/15s  55.00 iters/s

running (11.0s), 00010/00055 VUs, 595 complete and 0 interrupted iterations
default   [  73% ] 00010/00055 VUs  11.0s/15s  55.00 iters/s

running (12.0s), 00014/00055 VUs, 646 complete and 0 interrupted iterations
default   [  80% ] 00014/00055 VUs  12.0s/15s  55.00 iters/s

running (13.0s), 00018/00055 VUs, 697 complete and 0 interrupted iterations
default   [  87% ] 00018/00055 VUs  13.0s/15s  55.00 iters/s

running (14.0s), 00022/00055 VUs, 748 complete and 0 interrupted iterations
default   [  93% ] 00022/00055 VUs  14.0s/15s  55.00 iters/s

running (15.0s), 00009/00055 VUs, 816 complete and 0 interrupted iterations
default   [ 100% ] 00009/00055 VUs  15.0s/15s  55.00 iters/s


  █ TOTAL RESULTS 

    CUSTOM
    online_boutique_application_errors...: 0.00%  0 out of 816

    HTTP
    http_req_duration....................: avg=287.77ms min=135.65ms med=287.87ms max=438.01ms p(90)=411.66ms p(95)=426.76ms
      { expected_response:true }.........: avg=287.77ms min=135.65ms med=287.87ms max=438.01ms p(90)=411.66ms p(95)=426.76ms
    http_req_failed......................: 0.00%  0 out of 816
    http_reqs............................: 816    54.394937/s

    EXECUTION
    iteration_duration...................: avg=288.02ms min=135.81ms med=288.16ms max=438.21ms p(90)=411.91ms p(95)=427.07ms
    iterations...........................: 816    54.394937/s
    vus..................................: 9      min=8        max=24
    vus_max..............................: 55     min=55       max=55

    NETWORK
    data_received........................: 1.6 MB 110 kB/s
    data_sent............................: 458 kB 31 kB/s




running (15.0s), 00000/00055 VUs, 816 complete and 10 interrupted iterations
default ✓ [ 100% ] 00010/00055 VUs  15s  55.00 iters/s
