
         /\      Grafana   /‾‾/  
    /\  /  \     |\  __   /  /   
   /  \/    \    | |/ /  /   ‾‾\ 
  /          \   |   (  |  (‾)  |
 / __________ \  |_|\_\  \_____/ 

     execution: local
        script: workflow/online_boutique/k6_open_product_page.js
        output: -

     scenarios: (100.00%) 1 scenario, 10000 max VUs, 15s max duration (incl. graceful stop):
              * default: 102.00 iterations/s for 15s (maxVUs: 102-10000)


running (01.0s), 00009/00102 VUs, 92 complete and 0 interrupted iterations
default   [   7% ] 00009/00102 VUs  01.0s/15s  102.00 iters/s

running (02.0s), 00014/00102 VUs, 189 complete and 0 interrupted iterations
default   [  13% ] 00014/00102 VUs  02.0s/15s  102.00 iters/s

running (03.0s), 00019/00102 VUs, 286 complete and 0 interrupted iterations
default   [  20% ] 00019/00102 VUs  03.0s/15s  102.00 iters/s

running (04.0s), 00026/00102 VUs, 381 complete and 0 interrupted iterations
default   [  27% ] 00026/00102 VUs  04.0s/15s  102.00 iters/s

running (05.0s), 00032/00102 VUs, 477 complete and 0 interrupted iterations
default   [  33% ] 00032/00102 VUs  05.0s/15s  102.00 iters/s

running (06.0s), 00038/00102 VUs, 573 complete and 0 interrupted iterations
default   [  40% ] 00038/00102 VUs  06.0s/15s  102.00 iters/s

running (07.0s), 00043/00102 VUs, 670 complete and 0 interrupted iterations
default   [  47% ] 00043/00102 VUs  07.0s/15s  102.00 iters/s

running (08.0s), 00046/00102 VUs, 769 complete and 0 interrupted iterations
default   [  53% ] 00046/00102 VUs  08.0s/15s  102.00 iters/s

running (09.0s), 00051/00102 VUs, 866 complete and 0 interrupted iterations
default   [  60% ] 00051/00102 VUs  09.0s/15s  102.00 iters/s

running (10.0s), 00054/00102 VUs, 965 complete and 0 interrupted iterations
default   [  67% ] 00054/00102 VUs  10.0s/15s  102.00 iters/s

running (11.0s), 00061/00102 VUs, 1060 complete and 0 interrupted iterations
default   [  73% ] 00061/00102 VUs  11.0s/15s  102.00 iters/s

running (12.0s), 00065/00102 VUs, 1158 complete and 0 interrupted iterations
default   [  80% ] 00065/00102 VUs  12.0s/15s  102.00 iters/s

running (13.0s), 00071/00102 VUs, 1254 complete and 0 interrupted iterations
default   [  87% ] 00071/00102 VUs  13.0s/15s  102.00 iters/s

running (14.0s), 00075/00102 VUs, 1352 complete and 0 interrupted iterations
default   [  93% ] 00075/00102 VUs  14.0s/15s  102.00 iters/s

running (15.0s), 00078/00102 VUs, 1451 complete and 0 interrupted iterations
default   [ 100% ] 00078/00102 VUs  15.0s/15s  102.00 iters/s


  █ TOTAL RESULTS 

    CUSTOM
    online_boutique_application_errors........: 0.00%  0 out of 1452
    online_boutique_recommendation_winner_1...: 446    29.730188/s
    online_boutique_recommendation_winner_2...: 1004   66.926253/s
    online_boutique_recommendation_winner_3...: 2      0.133319/s

    HTTP
    http_req_duration.........................: avg=424.03ms min=11.61ms med=441.32ms max=769.42ms p(90)=704.84ms p(95)=738.54ms
      { expected_response:true }..............: avg=424.03ms min=11.61ms med=441.32ms max=769.42ms p(90)=704.84ms p(95)=738.54ms
    http_req_failed...........................: 0.00%  0 out of 1452
    http_reqs.................................: 1452   96.78976/s

    EXECUTION
    iteration_duration........................: avg=424.32ms min=13.22ms med=441.5ms  max=769.75ms p(90)=705.08ms p(95)=738.76ms
    iterations................................: 1452   96.78976/s
    vus.......................................: 78     min=9         max=78 
    vus_max...................................: 102    min=102       max=102

    NETWORK
    data_received.............................: 2.6 MB 174 kB/s
    data_sent.................................: 425 kB 28 kB/s




running (15.0s), 00000/00102 VUs, 1452 complete and 79 interrupted iterations
default ✓ [ 100% ] 00079/00102 VUs  15s  102.00 iters/s
