
         /\      Grafana   /‾‾/  
    /\  /  \     |\  __   /  /   
   /  \/    \    | |/ /  /   ‾‾\ 
  /          \   |   (  |  (‾)  |
 / __________ \  |_|\_\  \_____/ 

     execution: local
        script: workflow/spin/k6_open_client.js
        output: -

     scenarios: (100.00%) 1 scenario, 10000 max VUs, 15s max duration (incl. graceful stop):
              * default: 3195.00 iterations/s for 15s (maxVUs: 3195-10000)


running (00.9s), 00355/03195 VUs, 2487 complete and 0 interrupted iterations
default   [   6% ] 00355/03195 VUs  00.9s/15s  3195.00 iters/s

running (01.9s), 00312/03195 VUs, 5727 complete and 0 interrupted iterations
default   [  13% ] 00312/03195 VUs  01.9s/15s  3195.00 iters/s

running (02.9s), 00405/03195 VUs, 8827 complete and 0 interrupted iterations
default   [  19% ] 00405/03195 VUs  02.9s/15s  3195.00 iters/s

running (03.9s), 00321/03195 VUs, 12106 complete and 0 interrupted iterations
default   [  26% ] 00321/03195 VUs  03.9s/15s  3195.00 iters/s

running (04.9s), 00341/03195 VUs, 15280 complete and 0 interrupted iterations
default   [  33% ] 00341/03195 VUs  04.9s/15s  3195.00 iters/s

running (05.9s), 00370/03195 VUs, 18449 complete and 0 interrupted iterations
default   [  39% ] 00370/03195 VUs  05.9s/15s  3195.00 iters/s

running (06.9s), 00321/03195 VUs, 21693 complete and 0 interrupted iterations
default   [  46% ] 00321/03195 VUs  06.9s/15s  3195.00 iters/s

running (07.9s), 00367/03195 VUs, 24841 complete and 0 interrupted iterations
default   [  53% ] 00367/03195 VUs  07.9s/15s  3195.00 iters/s

running (08.9s), 00400/03195 VUs, 28002 complete and 0 interrupted iterations
default   [  59% ] 00400/03195 VUs  08.9s/15s  3195.00 iters/s

running (09.9s), 00302/03195 VUs, 31295 complete and 0 interrupted iterations
default   [  66% ] 00302/03195 VUs  09.9s/15s  3195.00 iters/s

running (10.9s), 00365/03195 VUs, 34427 complete and 0 interrupted iterations
default   [  73% ] 00365/03195 VUs  10.9s/15s  3195.00 iters/s

running (11.9s), 00359/03195 VUs, 37630 complete and 0 interrupted iterations
default   [  79% ] 00359/03195 VUs  11.9s/15s  3195.00 iters/s

running (12.9s), 00268/03195 VUs, 40914 complete and 0 interrupted iterations
default   [  86% ] 00268/03195 VUs  12.9s/15s  3195.00 iters/s

running (13.9s), 00313/03195 VUs, 44065 complete and 0 interrupted iterations
default   [  93% ] 00313/03195 VUs  13.9s/15s  3195.00 iters/s

running (14.9s), 00316/03195 VUs, 47257 complete and 0 interrupted iterations
default   [  99% ] 00316/03195 VUs  14.9s/15s  3195.00 iters/s


  █ TOTAL RESULTS 

    HTTP
    http_req_duration..............: avg=107.8ms min=7.37ms med=107.25ms max=151.88ms p(90)=121.47ms p(95)=127.8ms 
      { expected_response:true }...: avg=107.8ms min=7.37ms med=107.25ms max=151.88ms p(90)=121.47ms p(95)=127.8ms 
    http_req_failed................: 0.00%  0 out of 47544
    http_reqs......................: 47544  3168.063967/s

    EXECUTION
    iteration_duration.............: avg=107.9ms min=8.32ms med=107.35ms max=151.95ms p(90)=121.58ms p(95)=127.93ms
    iterations.....................: 47544  3168.063967/s
    vus............................: 316    min=266        max=404 
    vus_max........................: 3195   min=3195       max=3195

    NETWORK
    data_received..................: 11 MB  726 kB/s
    data_sent......................: 9.2 MB 613 kB/s




running (15.0s), 00000/03195 VUs, 47538 complete and 387 interrupted iterations
default ✓ [ 100% ] 00387/03195 VUs  15s  3195.00 iters/s
