
         /\      Grafana   /‾‾/  
    /\  /  \     |\  __   /  /   
   /  \/    \    | |/ /  /   ‾‾\ 
  /          \   |   (  |  (‾)  |
 / __________ \  |_|\_\  \_____/ 

     execution: local
        script: workflow/spin/k6_open_client.js
        output: -

     scenarios: (100.00%) 1 scenario, 10000 max VUs, 15s max duration (incl. graceful stop):
              * default: 3436.00 iterations/s for 15s (maxVUs: 3436-10000)


running (00.9s), 00299/03436 VUs, 2751 complete and 0 interrupted iterations
default   [   6% ] 00299/03436 VUs  00.9s/15s  3436.00 iters/s

running (01.9s), 00361/03436 VUs, 6122 complete and 0 interrupted iterations
default   [  13% ] 00361/03436 VUs  01.9s/15s  3436.00 iters/s

running (02.9s), 00302/03436 VUs, 9618 complete and 0 interrupted iterations
default   [  19% ] 00302/03436 VUs  02.9s/15s  3436.00 iters/s

running (03.9s), 00204/03436 VUs, 13153 complete and 0 interrupted iterations
default   [  26% ] 00204/03436 VUs  03.9s/15s  3436.00 iters/s

running (04.9s), 00334/03436 VUs, 16459 complete and 0 interrupted iterations
default   [  33% ] 00334/03436 VUs  04.9s/15s  3436.00 iters/s

running (05.9s), 00285/03436 VUs, 19944 complete and 0 interrupted iterations
default   [  39% ] 00285/03436 VUs  05.9s/15s  3436.00 iters/s

running (06.9s), 00328/03436 VUs, 23338 complete and 0 interrupted iterations
default   [  46% ] 00328/03436 VUs  06.9s/15s  3436.00 iters/s

running (07.9s), 00238/03436 VUs, 26863 complete and 0 interrupted iterations
default   [  53% ] 00238/03436 VUs  07.9s/15s  3436.00 iters/s

running (08.9s), 00256/03436 VUs, 30282 complete and 0 interrupted iterations
default   [  59% ] 00256/03436 VUs  08.9s/15s  3436.00 iters/s

running (09.9s), 00297/03436 VUs, 33676 complete and 0 interrupted iterations
default   [  66% ] 00297/03436 VUs  09.9s/15s  3436.00 iters/s

running (10.9s), 00333/03436 VUs, 37077 complete and 0 interrupted iterations
default   [  73% ] 00333/03436 VUs  10.9s/15s  3436.00 iters/s

running (11.9s), 00228/03436 VUs, 40617 complete and 0 interrupted iterations
default   [  79% ] 00228/03436 VUs  11.9s/15s  3436.00 iters/s

running (12.9s), 00261/03436 VUs, 44022 complete and 0 interrupted iterations
default   [  86% ] 00261/03436 VUs  12.9s/15s  3436.00 iters/s

running (13.9s), 00319/03436 VUs, 47401 complete and 0 interrupted iterations
default   [  93% ] 00319/03436 VUs  13.9s/15s  3436.00 iters/s

running (14.9s), 00211/03436 VUs, 50942 complete and 0 interrupted iterations
default   [  99% ] 00211/03436 VUs  14.9s/15s  3436.00 iters/s


  █ TOTAL RESULTS 

    HTTP
    http_req_duration..............: avg=81.51ms min=51.04ms med=81.29ms max=131.53ms p(90)=95.24ms p(95)=98.78ms
      { expected_response:true }...: avg=81.51ms min=51.04ms med=81.29ms max=131.53ms p(90)=95.24ms p(95)=98.78ms
    http_req_failed................: 0.00%  0 out of 51322
    http_reqs......................: 51322  3420.056858/s

    EXECUTION
    iteration_duration.............: avg=81.61ms min=51.17ms med=81.39ms max=132.45ms p(90)=95.35ms p(95)=98.9ms 
    iterations.....................: 51322  3420.056858/s
    vus............................: 210    min=204        max=365 
    vus_max........................: 3436   min=3436       max=3436

    NETWORK
    data_received..................: 10 MB  694 kB/s
    data_sent......................: 9.9 MB 659 kB/s




running (15.0s), 00000/03436 VUs, 51322 complete and 217 interrupted iterations
default ✓ [ 100% ] 00217/03436 VUs  15s  3436.00 iters/s
