
         /\      Grafana   /‾‾/  
    /\  /  \     |\  __   /  /   
   /  \/    \    | |/ /  /   ‾‾\ 
  /          \   |   (  |  (‾)  |
 / __________ \  |_|\_\  \_____/ 

     execution: local
        script: workflow/hotel/k6_open_recommendations_client.js
        output: -

     scenarios: (100.00%) 1 scenario, 10000 max VUs, 15s max duration (incl. graceful stop):
              * default: 2011.00 iterations/s for 15s (maxVUs: 2011-10000)


running (00.9s), 00289/02011 VUs, 1567 complete and 0 interrupted iterations
default   [   6% ] 00289/02011 VUs  00.9s/15s  2011.00 iters/s

running (01.9s), 00394/02011 VUs, 3473 complete and 0 interrupted iterations
default   [  13% ] 00394/02011 VUs  01.9s/15s  2011.00 iters/s

running (02.9s), 00336/02011 VUs, 5542 complete and 0 interrupted iterations
default   [  19% ] 00336/02011 VUs  02.9s/15s  2011.00 iters/s

running (03.9s), 00329/02011 VUs, 7561 complete and 0 interrupted iterations
default   [  26% ] 00329/02011 VUs  03.9s/15s  2011.00 iters/s

running (04.9s), 00293/02011 VUs, 9607 complete and 0 interrupted iterations
default   [  33% ] 00293/02011 VUs  04.9s/15s  2011.00 iters/s

running (05.9s), 00211/02011 VUs, 11700 complete and 0 interrupted iterations
default   [  39% ] 00211/02011 VUs  05.9s/15s  2011.00 iters/s

running (06.9s), 00343/02011 VUs, 13579 complete and 0 interrupted iterations
default   [  46% ] 00343/02011 VUs  06.9s/15s  2011.00 iters/s

running (07.9s), 00367/02011 VUs, 15566 complete and 0 interrupted iterations
default   [  53% ] 00367/02011 VUs  07.9s/15s  2011.00 iters/s

running (08.9s), 00367/02011 VUs, 17577 complete and 0 interrupted iterations
default   [  59% ] 00367/02011 VUs  08.9s/15s  2011.00 iters/s

running (09.9s), 00399/02011 VUs, 19555 complete and 0 interrupted iterations
default   [  66% ] 00399/02011 VUs  09.9s/15s  2011.00 iters/s

running (10.9s), 00356/02011 VUs, 21611 complete and 0 interrupted iterations
default   [  73% ] 00356/02011 VUs  10.9s/15s  2011.00 iters/s

running (11.9s), 00330/02011 VUs, 23646 complete and 0 interrupted iterations
default   [  79% ] 00330/02011 VUs  11.9s/15s  2011.00 iters/s

running (12.9s), 00248/02011 VUs, 25740 complete and 0 interrupted iterations
default   [  86% ] 00248/02011 VUs  12.9s/15s  2011.00 iters/s

running (13.9s), 00403/02011 VUs, 27596 complete and 0 interrupted iterations
default   [  93% ] 00403/02011 VUs  13.9s/15s  2011.00 iters/s

running (14.9s), 00350/02011 VUs, 29660 complete and 0 interrupted iterations
default   [  99% ] 00350/02011 VUs  14.9s/15s  2011.00 iters/s


  █ TOTAL RESULTS 

    HTTP
    http_req_duration..............: avg=167.15ms min=98.07ms med=167.02ms max=258.87ms p(90)=206.6ms  p(95)=214.17ms
      { expected_response:true }...: avg=167.15ms min=98.07ms med=167.02ms max=258.87ms p(90)=206.6ms  p(95)=214.17ms
    http_req_failed................: 0.00%  0 out of 29887
    http_reqs......................: 29887  1991.810607/s

    EXECUTION
    iteration_duration.............: avg=167.26ms min=98.19ms med=167.11ms max=258.98ms p(90)=206.73ms p(95)=214.29ms
    iterations.....................: 29887  1991.810607/s
    vus............................: 351    min=210        max=403 
    vus_max........................: 2011   min=2011       max=2011

    NETWORK
    data_received..................: 17 MB  1.2 MB/s
    data_sent......................: 8.6 MB 573 kB/s




running (15.0s), 00000/02011 VUs, 29887 complete and 278 interrupted iterations
default ✓ [ 100% ] 00278/02011 VUs  15s  2011.00 iters/s
