
         /\      Grafana   /‾‾/  
    /\  /  \     |\  __   /  /   
   /  \/    \    | |/ /  /   ‾‾\ 
  /          \   |   (  |  (‾)  |
 / __________ \  |_|\_\  \_____/ 

     execution: local
        script: workflow/spin/k6_open_client.js
        output: -

     scenarios: (100.00%) 1 scenario, 10000 max VUs, 15s max duration (incl. graceful stop):
              * default: 4424.00 iterations/s for 15s (maxVUs: 4424-10000)


running (00.9s), 00021/04424 VUs, 3781 complete and 0 interrupted iterations
default   [   6% ] 00021/04424 VUs  00.9s/15s  4424.00 iters/s

running (01.9s), 00038/04424 VUs, 8189 complete and 0 interrupted iterations
default   [  12% ] 00038/04424 VUs  01.9s/15s  4424.00 iters/s

running (02.9s), 00020/04424 VUs, 12632 complete and 0 interrupted iterations
default   [  19% ] 00020/04424 VUs  02.9s/15s  4424.00 iters/s

running (03.9s), 00029/04424 VUs, 17049 complete and 0 interrupted iterations
default   [  26% ] 00029/04424 VUs  03.9s/15s  4424.00 iters/s

running (04.9s), 00028/04424 VUs, 21471 complete and 0 interrupted iterations
default   [  32% ] 00028/04424 VUs  04.9s/15s  4424.00 iters/s

running (05.9s), 00026/04424 VUs, 25897 complete and 0 interrupted iterations
default   [  39% ] 00025/04424 VUs  05.9s/15s  4424.00 iters/s

running (06.9s), 00031/04424 VUs, 30316 complete and 0 interrupted iterations
default   [  46% ] 00030/04424 VUs  06.9s/15s  4424.00 iters/s

running (07.9s), 00031/04424 VUs, 34740 complete and 0 interrupted iterations
default   [  52% ] 00031/04424 VUs  07.9s/15s  4424.00 iters/s

running (08.9s), 00052/04424 VUs, 39143 complete and 0 interrupted iterations
default   [  59% ] 00052/04424 VUs  08.9s/15s  4424.00 iters/s

running (09.9s), 00041/04424 VUs, 43578 complete and 0 interrupted iterations
default   [  66% ] 00041/04424 VUs  09.9s/15s  4424.00 iters/s

running (10.9s), 00047/04424 VUs, 47995 complete and 0 interrupted iterations
default   [  72% ] 00048/04424 VUs  10.9s/15s  4424.00 iters/s

running (11.9s), 00025/04424 VUs, 52442 complete and 0 interrupted iterations
default   [  79% ] 00025/04424 VUs  11.9s/15s  4424.00 iters/s

running (12.9s), 00037/04424 VUs, 56855 complete and 0 interrupted iterations
default   [  86% ] 00037/04424 VUs  12.9s/15s  4424.00 iters/s

running (13.9s), 00078/04424 VUs, 61249 complete and 0 interrupted iterations
default   [  92% ] 00078/04424 VUs  13.9s/15s  4424.00 iters/s

running (14.9s), 00047/04424 VUs, 65691 complete and 0 interrupted iterations
default   [  99% ] 00047/04424 VUs  14.9s/15s  4424.00 iters/s


  █ TOTAL RESULTS 

    HTTP
    http_req_duration..............: avg=7.99ms min=3.57ms med=6.4ms  max=88.16ms p(90)=10.27ms p(95)=13.94ms
      { expected_response:true }...: avg=7.99ms min=3.57ms med=6.4ms  max=88.16ms p(90)=10.27ms p(95)=13.94ms
    http_req_failed................: 0.00% 0 out of 66336
    http_reqs......................: 66336 4420.331007/s

    EXECUTION
    iteration_duration.............: avg=8.09ms min=3.64ms med=6.49ms max=88.9ms  p(90)=10.37ms p(95)=14.06ms
    iterations.....................: 66336 4420.331007/s
    vus............................: 47    min=19         max=78  
    vus_max........................: 4424  min=4424       max=4424

    NETWORK
    data_received..................: 14 MB 897 kB/s
    data_sent......................: 13 MB 849 kB/s




running (15.0s), 00000/04424 VUs, 66332 complete and 30 interrupted iterations
default ✓ [ 100% ] 00030/04424 VUs  15s  4424.00 iters/s
