
         /\      Grafana   /‾‾/  
    /\  /  \     |\  __   /  /   
   /  \/    \    | |/ /  /   ‾‾\ 
  /          \   |   (  |  (‾)  |
 / __________ \  |_|\_\  \_____/ 

     execution: local
        script: workflow/response/k6_open_client.js
        output: -

     scenarios: (100.00%) 1 scenario, 10000 max VUs, 15s max duration (incl. graceful stop):
              * default: 2485.00 iterations/s for 15s (maxVUs: 2485-10000)


running (00.9s), 00112/02485 VUs, 2140 complete and 0 interrupted iterations
default   [   6% ] 00112/02485 VUs  00.9s/15s  2485.00 iters/s

running (01.9s), 00153/02485 VUs, 4584 complete and 0 interrupted iterations
default   [  13% ] 00153/02485 VUs  01.9s/15s  2485.00 iters/s

running (02.9s), 00133/02485 VUs, 7089 complete and 0 interrupted iterations
default   [  19% ] 00133/02485 VUs  02.9s/15s  2485.00 iters/s

running (03.9s), 00109/02485 VUs, 9598 complete and 0 interrupted iterations
default   [  26% ] 00109/02485 VUs  03.9s/15s  2485.00 iters/s

running (04.9s), 00139/02485 VUs, 12053 complete and 0 interrupted iterations
default   [  33% ] 00140/02485 VUs  04.9s/15s  2485.00 iters/s

running (05.9s), 00109/02485 VUs, 14568 complete and 0 interrupted iterations
default   [  39% ] 00109/02485 VUs  05.9s/15s  2485.00 iters/s

running (06.9s), 00116/02485 VUs, 17044 complete and 0 interrupted iterations
default   [  46% ] 00116/02485 VUs  06.9s/15s  2485.00 iters/s

running (07.9s), 00113/02485 VUs, 19534 complete and 0 interrupted iterations
default   [  53% ] 00113/02485 VUs  07.9s/15s  2485.00 iters/s

running (08.9s), 00122/02485 VUs, 22010 complete and 0 interrupted iterations
default   [  59% ] 00122/02485 VUs  08.9s/15s  2485.00 iters/s

running (09.9s), 00124/02485 VUs, 24493 complete and 0 interrupted iterations
default   [  66% ] 00124/02485 VUs  09.9s/15s  2485.00 iters/s

running (10.9s), 00123/02485 VUs, 26978 complete and 0 interrupted iterations
default   [  73% ] 00123/02485 VUs  10.9s/15s  2485.00 iters/s

running (11.9s), 00127/02485 VUs, 29459 complete and 0 interrupted iterations
default   [  79% ] 00127/02485 VUs  11.9s/15s  2485.00 iters/s

running (12.9s), 00130/02485 VUs, 31944 complete and 0 interrupted iterations
default   [  86% ] 00130/02485 VUs  12.9s/15s  2485.00 iters/s

running (13.9s), 00127/02485 VUs, 34429 complete and 0 interrupted iterations
default   [  93% ] 00127/02485 VUs  13.9s/15s  2485.00 iters/s

running (14.9s), 00143/02485 VUs, 36899 complete and 0 interrupted iterations
default   [  99% ] 00143/02485 VUs  14.9s/15s  2485.00 iters/s


  █ TOTAL RESULTS 

    HTTP
    http_req_duration..............: avg=48.34ms min=25.36ms med=48.19ms max=88.36ms p(90)=58.16ms p(95)=60.64ms
      { expected_response:true }...: avg=48.34ms min=25.36ms med=48.19ms max=88.36ms p(90)=58.16ms p(95)=60.64ms
    http_req_failed................: 0.00%  0 out of 37140
    http_reqs......................: 37140  2475.30665/s

    EXECUTION
    iteration_duration.............: avg=48.43ms min=25.48ms med=48.28ms max=88.44ms p(90)=58.26ms p(95)=60.74ms
    iterations.....................: 37140  2475.30665/s
    vus............................: 143    min=108        max=153 
    vus_max........................: 2485   min=2485       max=2485

    NETWORK
    data_received..................: 7.5 MB 503 kB/s
    data_sent......................: 7.3 MB 487 kB/s




running (15.0s), 00000/02485 VUs, 37139 complete and 137 interrupted iterations
default ✓ [ 100% ] 00137/02485 VUs  15s  2485.00 iters/s
