
         /\      Grafana   /‾‾/  
    /\  /  \     |\  __   /  /   
   /  \/    \    | |/ /  /   ‾‾\ 
  /          \   |   (  |  (‾)  |
 / __________ \  |_|\_\  \_____/ 

     execution: local
        script: workflow/spin/k6_open_client.js
        output: -

     scenarios: (100.00%) 1 scenario, 10000 max VUs, 15s max duration (incl. graceful stop):
              * default: 4020.00 iterations/s for 15s (maxVUs: 4020-10000)


running (00.9s), 00056/04020 VUs, 3432 complete and 0 interrupted iterations
default   [   6% ] 00056/04020 VUs  00.9s/15s  4020.00 iters/s

running (01.9s), 00018/04020 VUs, 7461 complete and 0 interrupted iterations
default   [  12% ] 00018/04020 VUs  01.9s/15s  4020.00 iters/s

running (02.9s), 00019/04020 VUs, 11482 complete and 0 interrupted iterations
default   [  19% ] 00019/04020 VUs  02.9s/15s  4020.00 iters/s

running (03.9s), 00021/04020 VUs, 15500 complete and 0 interrupted iterations
default   [  26% ] 00021/04020 VUs  03.9s/15s  4020.00 iters/s

running (04.9s), 00039/04020 VUs, 19503 complete and 0 interrupted iterations
default   [  32% ] 00039/04020 VUs  04.9s/15s  4020.00 iters/s

running (05.9s), 00026/04020 VUs, 23535 complete and 0 interrupted iterations
default   [  39% ] 00026/04020 VUs  05.9s/15s  4020.00 iters/s

running (06.9s), 00018/04020 VUs, 27563 complete and 0 interrupted iterations
default   [  46% ] 00018/04020 VUs  06.9s/15s  4020.00 iters/s

running (07.9s), 00020/04020 VUs, 31582 complete and 0 interrupted iterations
default   [  52% ] 00020/04020 VUs  07.9s/15s  4020.00 iters/s

running (08.9s), 00044/04020 VUs, 35578 complete and 0 interrupted iterations
default   [  59% ] 00044/04020 VUs  08.9s/15s  4020.00 iters/s

running (09.9s), 00018/04020 VUs, 39623 complete and 0 interrupted iterations
default   [  66% ] 00018/04020 VUs  09.9s/15s  4020.00 iters/s

running (10.9s), 00033/04020 VUs, 43628 complete and 0 interrupted iterations
default   [  72% ] 00033/04020 VUs  10.9s/15s  4020.00 iters/s

running (11.9s), 00033/04020 VUs, 47648 complete and 0 interrupted iterations
default   [  79% ] 00033/04020 VUs  11.9s/15s  4020.00 iters/s

running (12.9s), 00021/04020 VUs, 51680 complete and 0 interrupted iterations
default   [  86% ] 00021/04020 VUs  12.9s/15s  4020.00 iters/s

running (13.9s), 00021/04020 VUs, 55700 complete and 0 interrupted iterations
default   [  92% ] 00021/04020 VUs  13.9s/15s  4020.00 iters/s

running (14.9s), 00025/04020 VUs, 59716 complete and 0 interrupted iterations
default   [  99% ] 00025/04020 VUs  14.9s/15s  4020.00 iters/s


  █ TOTAL RESULTS 

    HTTP
    http_req_duration..............: avg=6.64ms min=3.56ms med=5.13ms max=83.53ms p(90)=8.93ms p(95)=12.01ms
      { expected_response:true }...: avg=6.64ms min=3.56ms med=5.13ms max=83.53ms p(90)=8.93ms p(95)=12.01ms
    http_req_failed................: 0.00% 0 out of 60276
    http_reqs......................: 60276 4016.857574/s

    EXECUTION
    iteration_duration.............: avg=6.74ms min=3.62ms med=5.22ms max=84.68ms p(90)=9.04ms p(95)=12.16ms
    iterations.....................: 60276 4016.857574/s
    vus............................: 26    min=18         max=57  
    vus_max........................: 4020  min=4020       max=4020

    NETWORK
    data_received..................: 12 MB 815 kB/s
    data_sent......................: 12 MB 771 kB/s




running (15.0s), 00000/04020 VUs, 60271 complete and 30 interrupted iterations
default ✓ [ 100% ] 00030/04020 VUs  15s  4020.00 iters/s
