
         /\      Grafana   /‾‾/  
    /\  /  \     |\  __   /  /   
   /  \/    \    | |/ /  /   ‾‾\ 
  /          \   |   (  |  (‾)  |
 / __________ \  |_|\_\  \_____/ 

     execution: local
        script: workflow/response/k6_open_client.js
        output: -

     scenarios: (100.00%) 1 scenario, 100000 max VUs, 15s max duration (incl. graceful stop):
              * default: 5293.00 iterations/s for 15s (maxVUs: 5293-100000)


running (00.8s), 000239/005293 VUs, 4224 complete and 0 interrupted iterations
default   [   6% ] 000239/005293 VUs  00.8s/15s  5293.00 iters/s

running (01.8s), 000230/005293 VUs, 9528 complete and 0 interrupted iterations
default   [  12% ] 000230/005293 VUs  01.8s/15s  5293.00 iters/s

running (02.8s), 000224/005293 VUs, 14825 complete and 0 interrupted iterations
default   [  19% ] 000224/005293 VUs  02.8s/15s  5293.00 iters/s

running (03.8s), 000271/005293 VUs, 20073 complete and 0 interrupted iterations
default   [  26% ] 000271/005293 VUs  03.8s/15s  5293.00 iters/s

running (04.8s), 000273/005293 VUs, 25368 complete and 0 interrupted iterations
default   [  32% ] 000273/005293 VUs  04.8s/15s  5293.00 iters/s

running (05.8s), 000231/005293 VUs, 30697 complete and 0 interrupted iterations
default   [  39% ] 000231/005293 VUs  05.8s/15s  5293.00 iters/s

running (06.8s), 000238/005293 VUs, 35983 complete and 0 interrupted iterations
default   [  46% ] 000238/005293 VUs  06.8s/15s  5293.00 iters/s

running (07.8s), 000245/005293 VUs, 41273 complete and 0 interrupted iterations
default   [  52% ] 000245/005293 VUs  07.8s/15s  5293.00 iters/s

running (08.8s), 000230/005293 VUs, 46577 complete and 0 interrupted iterations
default   [  59% ] 000230/005293 VUs  08.8s/15s  5293.00 iters/s

running (09.8s), 000272/005293 VUs, 51828 complete and 0 interrupted iterations
default   [  66% ] 000272/005293 VUs  09.8s/15s  5293.00 iters/s

running (10.8s), 000277/005293 VUs, 57120 complete and 0 interrupted iterations
default   [  72% ] 000277/005293 VUs  10.8s/15s  5293.00 iters/s

running (11.8s), 000206/005293 VUs, 62480 complete and 0 interrupted iterations
default   [  79% ] 000206/005293 VUs  11.8s/15s  5293.00 iters/s

running (12.8s), 000346/005293 VUs, 67633 complete and 0 interrupted iterations
default   [  86% ] 000346/005293 VUs  12.8s/15s  5293.00 iters/s

running (13.8s), 000207/005293 VUs, 73065 complete and 0 interrupted iterations
default   [  92% ] 000207/005293 VUs  13.8s/15s  5293.00 iters/s

running (14.8s), 000249/005293 VUs, 78316 complete and 0 interrupted iterations
default   [  99% ] 000249/005293 VUs  14.8s/15s  5293.00 iters/s


  █ TOTAL RESULTS 

    HTTP
    http_req_duration..............: avg=47.87ms min=32.39ms med=45.04ms max=165.17ms p(90)=56.5ms  p(95)=73.9ms
      { expected_response:true }...: avg=47.87ms min=32.39ms med=45.04ms max=165.17ms p(90)=56.5ms  p(95)=73.9ms
    http_req_failed................: 0.00% 0 out of 79195
    http_reqs......................: 79195 5276.624033/s

    EXECUTION
    iteration_duration.............: avg=47.98ms min=32.51ms med=45.13ms max=165.51ms p(90)=56.61ms p(95)=74.1ms
    iterations.....................: 79195 5276.624033/s
    vus............................: 248   min=205        max=346 
    vus_max........................: 5293  min=5293       max=5293

    NETWORK
    data_received..................: 16 MB 1.1 MB/s
    data_sent......................: 16 MB 1.0 MB/s




running (15.0s), 000000/005293 VUs, 79188 complete and 208 interrupted iterations
default ✓ [ 100% ] 000208/005293 VUs  15s  5293.00 iters/s
