
         /\      Grafana   /‾‾/  
    /\  /  \     |\  __   /  /   
   /  \/    \    | |/ /  /   ‾‾\ 
  /          \   |   (  |  (‾)  |
 / __________ \  |_|\_\  \_____/ 

     execution: local
        script: workflow/spin/k6_open_client.js
        output: -

     scenarios: (100.00%) 1 scenario, 10000 max VUs, 15s max duration (incl. graceful stop):
              * default: 1791.00 iterations/s for 15s (maxVUs: 1791-10000)


running (00.9s), 00711/01791 VUs, 966 complete and 0 interrupted iterations
default   [   6% ] 00711/01791 VUs  00.9s/15s  1791.00 iters/s

running (01.9s), 00909/01791 VUs, 2560 complete and 0 interrupted iterations
default   [  13% ] 00909/01791 VUs  01.9s/15s  1791.00 iters/s

running (02.9s), 01050/01791 VUs, 4210 complete and 0 interrupted iterations
default   [  20% ] 01050/01791 VUs  02.9s/15s  1791.00 iters/s

running (03.9s), 00907/01791 VUs, 6144 complete and 0 interrupted iterations
default   [  26% ] 00907/01791 VUs  03.9s/15s  1791.00 iters/s

running (04.9s), 01161/01791 VUs, 7680 complete and 0 interrupted iterations
default   [  33% ] 01161/01791 VUs  04.9s/15s  1791.00 iters/s

running (05.9s), 00905/01791 VUs, 9728 complete and 0 interrupted iterations
default   [  40% ] 00905/01791 VUs  05.9s/15s  1791.00 iters/s

running (06.9s), 01159/01791 VUs, 11264 complete and 0 interrupted iterations
default   [  46% ] 01159/01791 VUs  06.9s/15s  1791.00 iters/s

running (07.9s), 00902/01791 VUs, 13312 complete and 0 interrupted iterations
default   [  53% ] 00902/01791 VUs  07.9s/15s  1791.00 iters/s

running (08.9s), 01097/01791 VUs, 14908 complete and 0 interrupted iterations
default   [  60% ] 01097/01791 VUs  08.9s/15s  1791.00 iters/s

running (09.9s), 00901/01791 VUs, 16896 complete and 0 interrupted iterations
default   [  66% ] 00901/01791 VUs  09.9s/15s  1791.00 iters/s

running (10.9s), 01143/01791 VUs, 18445 complete and 0 interrupted iterations
default   [  73% ] 01143/01791 VUs  10.9s/15s  1791.00 iters/s

running (11.9s), 00898/01791 VUs, 20480 complete and 0 interrupted iterations
default   [  80% ] 00898/01791 VUs  11.9s/15s  1791.00 iters/s

running (12.9s), 01133/01791 VUs, 22033 complete and 0 interrupted iterations
default   [  86% ] 01133/01791 VUs  12.9s/15s  1791.00 iters/s

running (13.9s), 00896/01791 VUs, 24064 complete and 0 interrupted iterations
default   [  93% ] 00896/01791 VUs  13.9s/15s  1791.00 iters/s

running (14.9s), 00681/01791 VUs, 26070 complete and 0 interrupted iterations
default   [ 100% ] 00681/01791 VUs  14.9s/15s  1791.00 iters/s


  █ TOTAL RESULTS 

    HTTP
    http_req_duration..............: avg=525.7ms  min=358.05ms med=527.46ms max=659.05ms p(90)=615.1ms  p(95)=625.77ms
      { expected_response:true }...: avg=525.7ms  min=358.05ms med=527.46ms max=659.05ms p(90)=615.1ms  p(95)=625.77ms
    http_req_failed................: 0.00%  0 out of 26112
    http_reqs......................: 26112  1739.93224/s

    EXECUTION
    iteration_duration.............: avg=525.79ms min=358.29ms med=527.55ms max=659.17ms p(90)=615.17ms p(95)=625.86ms
    iterations.....................: 26112  1739.93224/s
    vus............................: 681    min=681        max=1161
    vus_max........................: 1791   min=1791       max=1791

    NETWORK
    data_received..................: 5.3 MB 353 kB/s
    data_sent......................: 5.2 MB 344 kB/s




running (15.0s), 00000/01791 VUs, 26112 complete and 754 interrupted iterations
default ✓ [ 100% ] 00754/01791 VUs  15s  1791.00 iters/s
