
         /\      Grafana   /‾‾/  
    /\  /  \     |\  __   /  /   
   /  \/    \    | |/ /  /   ‾‾\ 
  /          \   |   (  |  (‾)  |
 / __________ \  |_|\_\  \_____/ 

     execution: local
        script: workflow/spin/k6_open_client.js
        output: -

     scenarios: (100.00%) 1 scenario, 10000 max VUs, 15s max duration (incl. graceful stop):
              * default: 1075.00 iterations/s for 15s (maxVUs: 1075-10000)


running (01.0s), 00120/01075 VUs, 907 complete and 0 interrupted iterations
default   [   6% ] 00120/01075 VUs  01.0s/15s  1075.00 iters/s

running (02.0s), 00179/01075 VUs, 1921 complete and 0 interrupted iterations
default   [  13% ] 00180/01075 VUs  02.0s/15s  1075.00 iters/s

running (03.0s), 00131/01075 VUs, 3044 complete and 0 interrupted iterations
default   [  20% ] 00132/01075 VUs  03.0s/15s  1075.00 iters/s

running (04.0s), 00119/01075 VUs, 4132 complete and 0 interrupted iterations
default   [  26% ] 00119/01075 VUs  04.0s/15s  1075.00 iters/s

running (05.0s), 00164/01075 VUs, 5161 complete and 0 interrupted iterations
default   [  33% ] 00164/01075 VUs  05.0s/15s  1075.00 iters/s

running (06.0s), 00124/01075 VUs, 6277 complete and 0 interrupted iterations
default   [  40% ] 00124/01075 VUs  06.0s/15s  1075.00 iters/s

running (07.0s), 00192/01075 VUs, 7284 complete and 0 interrupted iterations
default   [  46% ] 00192/01075 VUs  07.0s/15s  1075.00 iters/s

running (08.0s), 00140/01075 VUs, 8410 complete and 0 interrupted iterations
default   [  53% ] 00140/01075 VUs  08.0s/15s  1075.00 iters/s

running (09.0s), 00119/01075 VUs, 9507 complete and 0 interrupted iterations
default   [  60% ] 00119/01075 VUs  09.0s/15s  1075.00 iters/s

running (10.0s), 00169/01075 VUs, 10532 complete and 0 interrupted iterations
default   [  66% ] 00169/01075 VUs  10.0s/15s  1075.00 iters/s

running (11.0s), 00124/01075 VUs, 11652 complete and 0 interrupted iterations
default   [  73% ] 00124/01075 VUs  11.0s/15s  1075.00 iters/s

running (12.0s), 00185/01075 VUs, 12666 complete and 0 interrupted iterations
default   [  80% ] 00185/01075 VUs  12.0s/15s  1075.00 iters/s

running (13.0s), 00135/01075 VUs, 13791 complete and 0 interrupted iterations
default   [  86% ] 00135/01075 VUs  13.0s/15s  1075.00 iters/s

running (14.0s), 00184/01075 VUs, 14817 complete and 0 interrupted iterations
default   [  93% ] 00184/01075 VUs  14.0s/15s  1075.00 iters/s

running (15.0s), 00143/01075 VUs, 15933 complete and 0 interrupted iterations
default   [ 100% ] 00143/01075 VUs  15.0s/15s  1075.00 iters/s


  █ TOTAL RESULTS 

    HTTP
    http_req_duration..............: avg=134.62ms min=80.49ms med=134.54ms max=195.25ms p(90)=171.92ms p(95)=176.66ms
      { expected_response:true }...: avg=134.62ms min=80.49ms med=134.54ms max=195.25ms p(90)=171.92ms p(95)=176.66ms
    http_req_failed................: 0.00%  0 out of 15933
    http_reqs......................: 15933  1062.03612/s

    EXECUTION
    iteration_duration.............: avg=134.7ms  min=80.57ms med=134.63ms max=195.34ms p(90)=172ms    p(95)=176.75ms
    iterations.....................: 15933  1062.03612/s
    vus............................: 143    min=118        max=192 
    vus_max........................: 1075   min=1075       max=1075

    NETWORK
    data_received..................: 3.2 MB 216 kB/s
    data_sent......................: 3.1 MB 206 kB/s




running (15.0s), 00000/01075 VUs, 15933 complete and 192 interrupted iterations
default ✓ [ 100% ] 00192/01075 VUs  15s  1075.00 iters/s
