
         /\      Grafana   /‾‾/  
    /\  /  \     |\  __   /  /   
   /  \/    \    | |/ /  /   ‾‾\ 
  /          \   |   (  |  (‾)  |
 / __________ \  |_|\_\  \_____/ 

     execution: local
        script: workflow/spin/k6_open_client.js
        output: -

     scenarios: (100.00%) 1 scenario, 10000 max VUs, 15s max duration (incl. graceful stop):
              * default: 3853.00 iterations/s for 15s (maxVUs: 3853-10000)


running (00.9s), 00034/03853 VUs, 3355 complete and 0 interrupted iterations
default   [   6% ] 00034/03853 VUs  00.9s/15s  3853.00 iters/s

running (01.9s), 00018/03853 VUs, 7225 complete and 0 interrupted iterations
default   [  13% ] 00018/03853 VUs  01.9s/15s  3853.00 iters/s

running (02.9s), 00025/03853 VUs, 11070 complete and 0 interrupted iterations
default   [  19% ] 00025/03853 VUs  02.9s/15s  3853.00 iters/s

running (03.9s), 00022/03853 VUs, 14926 complete and 0 interrupted iterations
default   [  26% ] 00022/03853 VUs  03.9s/15s  3853.00 iters/s

running (04.9s), 00017/03853 VUs, 18784 complete and 0 interrupted iterations
default   [  33% ] 00017/03853 VUs  04.9s/15s  3853.00 iters/s

running (05.9s), 00021/03853 VUs, 22633 complete and 0 interrupted iterations
default   [  39% ] 00021/03853 VUs  05.9s/15s  3853.00 iters/s

running (06.9s), 00021/03853 VUs, 26486 complete and 0 interrupted iterations
default   [  46% ] 00021/03853 VUs  06.9s/15s  3853.00 iters/s

running (07.9s), 00016/03853 VUs, 30344 complete and 0 interrupted iterations
default   [  53% ] 00016/03853 VUs  07.9s/15s  3853.00 iters/s

running (08.9s), 00034/03853 VUs, 34180 complete and 0 interrupted iterations
default   [  59% ] 00034/03853 VUs  08.9s/15s  3853.00 iters/s

running (09.9s), 00023/03853 VUs, 38044 complete and 0 interrupted iterations
default   [  66% ] 00023/03853 VUs  09.9s/15s  3853.00 iters/s

running (10.9s), 00021/03853 VUs, 41898 complete and 0 interrupted iterations
default   [  73% ] 00021/03853 VUs  10.9s/15s  3853.00 iters/s

running (11.9s), 00026/03853 VUs, 45746 complete and 0 interrupted iterations
default   [  79% ] 00026/03853 VUs  11.9s/15s  3853.00 iters/s

running (12.9s), 00018/03853 VUs, 49608 complete and 0 interrupted iterations
default   [  86% ] 00019/03853 VUs  12.9s/15s  3853.00 iters/s

running (13.9s), 00028/03853 VUs, 53450 complete and 0 interrupted iterations
default   [  93% ] 00028/03853 VUs  13.9s/15s  3853.00 iters/s

running (14.9s), 00027/03853 VUs, 57304 complete and 0 interrupted iterations
default   [  99% ] 00027/03853 VUs  14.9s/15s  3853.00 iters/s


  █ TOTAL RESULTS 

    HTTP
    http_req_duration..............: avg=6.69ms min=3.58ms med=4.96ms max=104.44ms p(90)=8.37ms p(95)=11.54ms
      { expected_response:true }...: avg=6.69ms min=3.58ms med=4.96ms max=104.44ms p(90)=8.37ms p(95)=11.54ms
    http_req_failed................: 0.00% 0 out of 57781
    http_reqs......................: 57781 3850.532006/s

    EXECUTION
    iteration_duration.............: avg=6.79ms min=3.65ms med=5.05ms max=104.67ms p(90)=8.47ms p(95)=11.66ms
    iterations.....................: 57781 3850.532006/s
    vus............................: 28    min=15         max=34  
    vus_max........................: 3853  min=3853       max=3853

    NETWORK
    data_received..................: 12 MB 782 kB/s
    data_sent......................: 11 MB 739 kB/s




running (15.0s), 00000/03853 VUs, 57777 complete and 18 interrupted iterations
default ✓ [ 100% ] 00018/03853 VUs  15s  3853.00 iters/s
