
         /\      Grafana   /‾‾/  
    /\  /  \     |\  __   /  /   
   /  \/    \    | |/ /  /   ‾‾\ 
  /          \   |   (  |  (‾)  |
 / __________ \  |_|\_\  \_____/ 

     execution: local
        script: workflow/online_boutique/k6_open_checkout.js
        output: -

     scenarios: (100.00%) 1 scenario, 10000 max VUs, 15s max duration (incl. graceful stop):
              * default: 326.00 iterations/s for 15s (maxVUs: 326-10000)


running (01.0s), 00117/00326 VUs, 202 complete and 0 interrupted iterations
default   [   7% ] 00118/00326 VUs  01.0s/15s  326.00 iters/s

running (02.0s), 00140/00326 VUs, 505 complete and 0 interrupted iterations
default   [  13% ] 00140/00326 VUs  02.0s/15s  326.00 iters/s

running (03.0s), 00167/00326 VUs, 804 complete and 0 interrupted iterations
default   [  20% ] 00167/00326 VUs  03.0s/15s  326.00 iters/s

running (04.0s), 00195/00326 VUs, 1102 complete and 0 interrupted iterations
default   [  27% ] 00195/00326 VUs  04.0s/15s  326.00 iters/s

running (05.0s), 00221/00326 VUs, 1402 complete and 0 interrupted iterations
default   [  33% ] 00221/00326 VUs  05.0s/15s  326.00 iters/s

running (06.0s), 00248/00326 VUs, 1701 complete and 0 interrupted iterations
default   [  40% ] 00248/00326 VUs  06.0s/15s  326.00 iters/s

running (07.0s), 00276/00326 VUs, 2000 complete and 0 interrupted iterations
default   [  47% ] 00276/00326 VUs  07.0s/15s  326.00 iters/s

running (08.0s), 00301/00328 VUs, 2299 complete and 0 interrupted iterations
default   [  53% ] 00301/00328 VUs  08.0s/15s  326.00 iters/s

running (09.0s), 00324/00334 VUs, 2595 complete and 0 interrupted iterations
default   [  60% ] 00324/00334 VUs  09.0s/15s  326.00 iters/s

running (10.0s), 00302/00342 VUs, 2936 complete and 0 interrupted iterations
default   [  67% ] 00302/00342 VUs  10.0s/15s  326.00 iters/s

running (11.0s), 00325/00353 VUs, 3227 complete and 0 interrupted iterations
default   [  73% ] 00325/00353 VUs  11.0s/15s  326.00 iters/s

running (12.0s), 00346/00368 VUs, 3518 complete and 0 interrupted iterations
default   [  80% ] 00346/00368 VUs  12.0s/15s  326.00 iters/s

running (13.0s), 00371/00387 VUs, 3800 complete and 0 interrupted iterations
default   [  87% ] 00371/00387 VUs  13.0s/15s  326.00 iters/s

running (14.0s), 00392/00405 VUs, 4086 complete and 0 interrupted iterations
default   [  93% ] 00392/00405 VUs  14.0s/15s  326.00 iters/s

running (15.0s), 00383/00414 VUs, 4412 complete and 0 interrupted iterations
default   [ 100% ] 00383/00414 VUs  15.0s/15s  326.00 iters/s


  █ TOTAL RESULTS 

    CUSTOM
    online_boutique_application_errors...: 0.00%  0 out of 4412

    HTTP
    http_req_duration....................: avg=828.58ms min=192.67ms med=902.32ms max=1.32s p(90)=1.21s p(95)=1.25s
      { expected_response:true }.........: avg=828.58ms min=192.67ms med=902.32ms max=1.32s p(90)=1.21s p(95)=1.25s
    http_req_failed......................: 0.00%  0 out of 4412
    http_reqs............................: 4412   294.054435/s

    EXECUTION
    dropped_iterations...................: 88     5.865093/s
    iteration_duration...................: avg=828.82ms min=192.98ms med=902.51ms max=1.32s p(90)=1.21s p(95)=1.25s
    iterations...........................: 4412   294.054435/s
    vus..................................: 384    min=118       max=393
    vus_max..............................: 414    min=326       max=414

    NETWORK
    data_received........................: 8.9 MB 596 kB/s
    data_sent............................: 2.7 MB 178 kB/s




running (15.0s), 00000/00414 VUs, 4412 complete and 390 interrupted iterations
default ✓ [ 100% ] 00390/00414 VUs  15s  326.00 iters/s
