
         /\      Grafana   /‾‾/  
    /\  /  \     |\  __   /  /   
   /  \/    \    | |/ /  /   ‾‾\ 
  /          \   |   (  |  (‾)  |
 / __________ \  |_|\_\  \_____/ 

     execution: local
        script: workflow/spin/k6_open_client.js
        output: -

     scenarios: (100.00%) 1 scenario, 10000 max VUs, 15s max duration (incl. graceful stop):
              * default: 3100.00 iterations/s for 15s (maxVUs: 3100-10000)


running (00.9s), 00537/03100 VUs, 2227 complete and 0 interrupted iterations
default   [   6% ] 00537/03100 VUs  00.9s/15s  3100.00 iters/s

running (01.9s), 00419/03100 VUs, 5443 complete and 0 interrupted iterations
default   [  13% ] 00420/03100 VUs  01.9s/15s  3100.00 iters/s

running (02.9s), 00509/03100 VUs, 8454 complete and 0 interrupted iterations
default   [  19% ] 00509/03100 VUs  02.9s/15s  3100.00 iters/s

running (03.9s), 00559/03100 VUs, 11504 complete and 0 interrupted iterations
default   [  26% ] 00559/03100 VUs  03.9s/15s  3100.00 iters/s

running (04.9s), 00474/03100 VUs, 14687 complete and 0 interrupted iterations
default   [  33% ] 00474/03100 VUs  04.9s/15s  3100.00 iters/s

running (05.9s), 00500/03100 VUs, 17763 complete and 0 interrupted iterations
default   [  39% ] 00500/03100 VUs  05.9s/15s  3100.00 iters/s

running (06.9s), 00450/03100 VUs, 20913 complete and 0 interrupted iterations
default   [  46% ] 00450/03100 VUs  06.9s/15s  3100.00 iters/s

running (07.9s), 00480/03100 VUs, 23983 complete and 0 interrupted iterations
default   [  53% ] 00480/03100 VUs  07.9s/15s  3100.00 iters/s

running (08.9s), 00451/03100 VUs, 27113 complete and 0 interrupted iterations
default   [  59% ] 00451/03100 VUs  08.9s/15s  3100.00 iters/s

running (09.9s), 00424/03100 VUs, 30239 complete and 0 interrupted iterations
default   [  66% ] 00424/03100 VUs  09.9s/15s  3100.00 iters/s

running (10.9s), 00459/03100 VUs, 33304 complete and 0 interrupted iterations
default   [  73% ] 00459/03100 VUs  10.9s/15s  3100.00 iters/s

running (11.9s), 00527/03100 VUs, 36336 complete and 0 interrupted iterations
default   [  79% ] 00527/03100 VUs  11.9s/15s  3100.00 iters/s

running (12.9s), 00487/03100 VUs, 39473 complete and 0 interrupted iterations
default   [  86% ] 00487/03100 VUs  12.9s/15s  3100.00 iters/s

running (13.9s), 00400/03100 VUs, 42663 complete and 0 interrupted iterations
default   [  93% ] 00400/03100 VUs  13.9s/15s  3100.00 iters/s

running (14.9s), 00509/03100 VUs, 45654 complete and 0 interrupted iterations
default   [  99% ] 00509/03100 VUs  14.9s/15s  3100.00 iters/s


  █ TOTAL RESULTS 

    HTTP
    http_req_duration..............: avg=152.5ms min=112.22ms med=152.5ms  max=202.79ms p(90)=173.2ms  p(95)=178.75ms
      { expected_response:true }...: avg=152.5ms min=112.22ms med=152.5ms  max=202.79ms p(90)=173.2ms  p(95)=178.75ms
    http_req_failed................: 0.00%  0 out of 45917
    http_reqs......................: 45917  3059.666312/s

    EXECUTION
    iteration_duration.............: avg=152.6ms min=112.28ms med=152.61ms max=202.86ms p(90)=173.33ms p(95)=178.84ms
    iterations.....................: 45917  3059.666312/s
    vus............................: 508    min=400        max=559 
    vus_max........................: 3100   min=3100       max=3100

    NETWORK
    data_received..................: 9.3 MB 621 kB/s
    data_sent......................: 8.9 MB 595 kB/s




running (15.0s), 00000/03100 VUs, 45917 complete and 585 interrupted iterations
default ✓ [ 100% ] 00585/03100 VUs  15s  3100.00 iters/s
