
         /\      Grafana   /‾‾/  
    /\  /  \     |\  __   /  /   
   /  \/    \    | |/ /  /   ‾‾\ 
  /          \   |   (  |  (‾)  |
 / __________ \  |_|\_\  \_____/ 

     execution: local
        script: workflow/spin/k6_open_client.js
        output: -

     scenarios: (100.00%) 1 scenario, 10000 max VUs, 15s max duration (incl. graceful stop):
              * default: 4320.00 iterations/s for 15s (maxVUs: 4320-10000)


running (00.9s), 00524/04320 VUs, 3200 complete and 0 interrupted iterations
default   [   6% ] 00524/04320 VUs  00.9s/15s  4320.00 iters/s

running (01.9s), 00455/04320 VUs, 7585 complete and 0 interrupted iterations
default   [  12% ] 00455/04320 VUs  01.9s/15s  4320.00 iters/s

running (02.9s), 00393/04320 VUs, 11971 complete and 0 interrupted iterations
default   [  19% ] 00392/04320 VUs  02.9s/15s  4320.00 iters/s

running (03.9s), 00282/04320 VUs, 16402 complete and 0 interrupted iterations
default   [  26% ] 00282/04320 VUs  03.9s/15s  4320.00 iters/s

running (04.9s), 00233/04320 VUs, 20772 complete and 0 interrupted iterations
default   [  32% ] 00233/04320 VUs  04.9s/15s  4320.00 iters/s

running (05.9s), 00278/04320 VUs, 25046 complete and 0 interrupted iterations
default   [  39% ] 00278/04320 VUs  05.9s/15s  4320.00 iters/s

running (06.9s), 00288/04320 VUs, 29353 complete and 0 interrupted iterations
default   [  46% ] 00288/04320 VUs  06.9s/15s  4320.00 iters/s

running (07.9s), 00268/04320 VUs, 33696 complete and 0 interrupted iterations
default   [  52% ] 00268/04320 VUs  07.9s/15s  4320.00 iters/s

running (08.9s), 00285/04320 VUs, 37999 complete and 0 interrupted iterations
default   [  59% ] 00285/04320 VUs  08.9s/15s  4320.00 iters/s

running (09.9s), 00246/04320 VUs, 42358 complete and 0 interrupted iterations
default   [  66% ] 00246/04320 VUs  09.9s/15s  4320.00 iters/s

running (10.9s), 00261/04320 VUs, 46662 complete and 0 interrupted iterations
default   [  72% ] 00262/04320 VUs  10.9s/15s  4320.00 iters/s

running (11.9s), 00243/04320 VUs, 51001 complete and 0 interrupted iterations
default   [  79% ] 00243/04320 VUs  11.9s/15s  4320.00 iters/s

running (12.9s), 00263/04320 VUs, 55301 complete and 0 interrupted iterations
default   [  86% ] 00263/04320 VUs  12.9s/15s  4320.00 iters/s

running (13.9s), 00298/04320 VUs, 59588 complete and 0 interrupted iterations
default   [  92% ] 00298/04320 VUs  13.9s/15s  4320.00 iters/s

running (14.9s), 00265/04320 VUs, 63940 complete and 0 interrupted iterations
default   [  99% ] 00265/04320 VUs  14.9s/15s  4320.00 iters/s


  █ TOTAL RESULTS 

    HTTP
    http_req_duration..............: avg=71.58ms min=47.23ms med=65.24ms max=148.28ms p(90)=103.31ms p(95)=108.39ms
      { expected_response:true }...: avg=71.58ms min=47.23ms med=65.24ms max=148.28ms p(90)=103.31ms p(95)=108.39ms
    http_req_failed................: 0.00% 0 out of 64580
    http_reqs......................: 64580 4303.403521/s

    EXECUTION
    iteration_duration.............: avg=71.69ms min=47.3ms  med=65.33ms max=148.6ms  p(90)=103.52ms p(95)=108.64ms
    iterations.....................: 64580 4303.403521/s
    vus............................: 262   min=233        max=524 
    vus_max........................: 4320  min=4320       max=4320

    NETWORK
    data_received..................: 13 MB 874 kB/s
    data_sent......................: 12 MB 829 kB/s




running (15.0s), 00000/04320 VUs, 64580 complete and 217 interrupted iterations
default ✓ [ 100% ] 00217/04320 VUs  15s  4320.00 iters/s
