
         /\      Grafana   /‾‾/  
    /\  /  \     |\  __   /  /   
   /  \/    \    | |/ /  /   ‾‾\ 
  /          \   |   (  |  (‾)  |
 / __________ \  |_|\_\  \_____/ 

     execution: local
        script: workflow/hotel/k6_open_recommendations_client.js
        output: -

     scenarios: (100.00%) 1 scenario, 10000 max VUs, 15s max duration (incl. graceful stop):
              * default: 855.00 iterations/s for 15s (maxVUs: 855-10000)


running (01.0s), 00002/00855 VUs, 820 complete and 0 interrupted iterations
default   [   6% ] 00002/00855 VUs  01.0s/15s  855.00 iters/s

running (02.0s), 00001/00855 VUs, 1675 complete and 0 interrupted iterations
default   [  13% ] 00001/00855 VUs  02.0s/15s  855.00 iters/s

running (03.0s), 00001/00855 VUs, 2530 complete and 0 interrupted iterations
default   [  20% ] 00001/00855 VUs  03.0s/15s  855.00 iters/s

running (04.0s), 00002/00855 VUs, 3385 complete and 0 interrupted iterations
default   [  26% ] 00002/00855 VUs  04.0s/15s  855.00 iters/s

running (05.0s), 00001/00855 VUs, 4239 complete and 0 interrupted iterations
default   [  33% ] 00002/00855 VUs  05.0s/15s  855.00 iters/s

running (06.0s), 00002/00855 VUs, 5095 complete and 0 interrupted iterations
default   [  40% ] 00002/00855 VUs  06.0s/15s  855.00 iters/s

running (07.0s), 00002/00855 VUs, 5949 complete and 0 interrupted iterations
default   [  46% ] 00002/00855 VUs  07.0s/15s  855.00 iters/s

running (08.0s), 00001/00855 VUs, 6805 complete and 0 interrupted iterations
default   [  53% ] 00001/00855 VUs  08.0s/15s  855.00 iters/s

running (09.0s), 00002/00855 VUs, 7659 complete and 0 interrupted iterations
default   [  60% ] 00001/00855 VUs  09.0s/15s  855.00 iters/s

running (10.0s), 00001/00855 VUs, 8515 complete and 0 interrupted iterations
default   [  66% ] 00002/00855 VUs  10.0s/15s  855.00 iters/s

running (11.0s), 00002/00855 VUs, 9370 complete and 0 interrupted iterations
default   [  73% ] 00002/00855 VUs  11.0s/15s  855.00 iters/s

running (12.0s), 00002/00855 VUs, 10225 complete and 0 interrupted iterations
default   [  80% ] 00002/00855 VUs  12.0s/15s  855.00 iters/s

running (13.0s), 00002/00855 VUs, 11080 complete and 0 interrupted iterations
default   [  86% ] 00002/00855 VUs  13.0s/15s  855.00 iters/s

running (14.0s), 00002/00855 VUs, 11935 complete and 0 interrupted iterations
default   [  93% ] 00002/00855 VUs  14.0s/15s  855.00 iters/s

running (15.0s), 00002/00855 VUs, 12789 complete and 0 interrupted iterations
default   [ 100% ] 00002/00855 VUs  15.0s/15s  855.00 iters/s


  █ TOTAL RESULTS 

    HTTP
    http_req_duration..............: avg=1.35ms min=1.05ms med=1.28ms max=13.56ms p(90)=1.48ms p(95)=1.58ms
      { expected_response:true }...: avg=1.35ms min=1.05ms med=1.28ms max=13.56ms p(90)=1.48ms p(95)=1.58ms
    http_req_failed................: 0.00%  0 out of 12825
    http_reqs......................: 12825  854.878483/s

    EXECUTION
    iteration_duration.............: avg=1.46ms min=1.13ms med=1.38ms max=13.85ms p(90)=1.6ms  p(95)=1.73ms
    iterations.....................: 12824  854.811825/s
    vus............................: 2      min=1          max=2  
    vus_max........................: 855    min=855        max=855

    NETWORK
    data_received..................: 7.0 MB 464 kB/s
    data_sent......................: 3.7 MB 244 kB/s




running (15.0s), 00000/00855 VUs, 12824 complete and 2 interrupted iterations
default ✓ [ 100% ] 00002/00855 VUs  15s  855.00 iters/s
