
         /\      Grafana   /‾‾/  
    /\  /  \     |\  __   /  /   
   /  \/    \    | |/ /  /   ‾‾\ 
  /          \   |   (  |  (‾)  |
 / __________ \  |_|\_\  \_____/ 

     execution: local
        script: workflow/spin/k6_open_client.js
        output: -

     scenarios: (100.00%) 1 scenario, 10000 max VUs, 15s max duration (incl. graceful stop):
              * default: 1339.00 iterations/s for 15s (maxVUs: 1339-10000)


running (00.9s), 00305/01339 VUs, 967 complete and 0 interrupted iterations
default   [   6% ] 00305/01339 VUs  00.9s/15s  1339.00 iters/s

running (02.0s), 00310/01339 VUs, 2302 complete and 0 interrupted iterations
default   [  13% ] 00310/01339 VUs  02.0s/15s  1339.00 iters/s

running (02.9s), 00292/01339 VUs, 3658 complete and 0 interrupted iterations
default   [  20% ] 00292/01339 VUs  02.9s/15s  1339.00 iters/s

running (04.0s), 00301/01339 VUs, 4988 complete and 0 interrupted iterations
default   [  26% ] 00301/01339 VUs  03.9s/15s  1339.00 iters/s

running (04.9s), 00319/01339 VUs, 6309 complete and 0 interrupted iterations
default   [  33% ] 00319/01339 VUs  04.9s/15s  1339.00 iters/s

running (06.0s), 00302/01339 VUs, 7666 complete and 0 interrupted iterations
default   [  40% ] 00302/01339 VUs  06.0s/15s  1339.00 iters/s

running (07.0s), 00282/01339 VUs, 9024 complete and 0 interrupted iterations
default   [  46% ] 00283/01339 VUs  07.0s/15s  1339.00 iters/s

running (07.9s), 00291/01339 VUs, 10354 complete and 0 interrupted iterations
default   [  53% ] 00291/01339 VUs  07.9s/15s  1339.00 iters/s

running (08.9s), 00315/01339 VUs, 11669 complete and 0 interrupted iterations
default   [  60% ] 00315/01339 VUs  08.9s/15s  1339.00 iters/s

running (09.9s), 00318/01339 VUs, 13005 complete and 0 interrupted iterations
default   [  66% ] 00318/01339 VUs  09.9s/15s  1339.00 iters/s

running (11.0s), 00297/01339 VUs, 14366 complete and 0 interrupted iterations
default   [  73% ] 00296/01339 VUs  11.0s/15s  1339.00 iters/s

running (11.9s), 00298/01339 VUs, 15703 complete and 0 interrupted iterations
default   [  80% ] 00298/01339 VUs  11.9s/15s  1339.00 iters/s

running (12.9s), 00287/01339 VUs, 17053 complete and 0 interrupted iterations
default   [  86% ] 00287/01339 VUs  12.9s/15s  1339.00 iters/s

running (13.9s), 00284/01339 VUs, 18395 complete and 0 interrupted iterations
default   [  93% ] 00284/01339 VUs  13.9s/15s  1339.00 iters/s

running (14.9s), 00314/01339 VUs, 19704 complete and 0 interrupted iterations
default   [ 100% ] 00314/01339 VUs  14.9s/15s  1339.00 iters/s


  █ TOTAL RESULTS 

    HTTP
    http_req_duration..............: avg=218.42ms min=19.55ms med=220.9ms max=253.72ms p(90)=232.51ms p(95)=236.19ms
      { expected_response:true }...: avg=218.42ms min=19.55ms med=220.9ms max=253.72ms p(90)=232.51ms p(95)=236.19ms
    http_req_failed................: 0.00%  0 out of 19780
    http_reqs......................: 19780  1318.324853/s

    EXECUTION
    iteration_duration.............: avg=218.51ms min=20.34ms med=221ms   max=253.79ms p(90)=232.59ms p(95)=236.27ms
    iterations.....................: 19780  1318.324853/s
    vus............................: 315    min=281        max=318 
    vus_max........................: 1339   min=1339       max=1339

    NETWORK
    data_received..................: 4.5 MB 302 kB/s
    data_sent......................: 3.9 MB 257 kB/s




running (15.0s), 00000/01339 VUs, 19779 complete and 307 interrupted iterations
default ✓ [ 100% ] 00307/01339 VUs  15s  1339.00 iters/s
