
         /\      Grafana   /‾‾/  
    /\  /  \     |\  __   /  /   
   /  \/    \    | |/ /  /   ‾‾\ 
  /          \   |   (  |  (‾)  |
 / __________ \  |_|\_\  \_____/ 

     execution: local
        script: workflow/online_boutique/k6_open_checkout.js
        output: -

     scenarios: (100.00%) 1 scenario, 10000 max VUs, 15s max duration (incl. graceful stop):
              * default: 38.00 iterations/s for 15s (maxVUs: 38-10000)


running (01.0s), 00001/00038 VUs, 37 complete and 0 interrupted iterations
default   [   7% ] 00001/00038 VUs  01.0s/15s  38.00 iters/s

running (02.0s), 00001/00038 VUs, 75 complete and 0 interrupted iterations
default   [  13% ] 00001/00038 VUs  02.0s/15s  38.00 iters/s

running (03.0s), 00001/00038 VUs, 113 complete and 0 interrupted iterations
default   [  20% ] 00001/00038 VUs  03.0s/15s  38.00 iters/s

running (04.0s), 00001/00038 VUs, 151 complete and 0 interrupted iterations
default   [  27% ] 00001/00038 VUs  04.0s/15s  38.00 iters/s

running (05.0s), 00001/00038 VUs, 189 complete and 0 interrupted iterations
default   [  33% ] 00001/00038 VUs  05.0s/15s  38.00 iters/s

running (06.0s), 00001/00038 VUs, 227 complete and 0 interrupted iterations
default   [  40% ] 00001/00038 VUs  06.0s/15s  38.00 iters/s

running (07.0s), 00001/00038 VUs, 265 complete and 0 interrupted iterations
default   [  47% ] 00001/00038 VUs  07.0s/15s  38.00 iters/s

running (08.0s), 00001/00038 VUs, 303 complete and 0 interrupted iterations
default   [  53% ] 00001/00038 VUs  08.0s/15s  38.00 iters/s

running (09.0s), 00001/00038 VUs, 341 complete and 0 interrupted iterations
default   [  60% ] 00001/00038 VUs  09.0s/15s  38.00 iters/s

running (10.0s), 00001/00038 VUs, 379 complete and 0 interrupted iterations
default   [  67% ] 00001/00038 VUs  10.0s/15s  38.00 iters/s

running (11.0s), 00001/00038 VUs, 417 complete and 0 interrupted iterations
default   [  73% ] 00001/00038 VUs  11.0s/15s  38.00 iters/s

running (12.0s), 00001/00038 VUs, 455 complete and 0 interrupted iterations
default   [  80% ] 00001/00038 VUs  12.0s/15s  38.00 iters/s

running (13.0s), 00001/00038 VUs, 493 complete and 0 interrupted iterations
default   [  87% ] 00001/00038 VUs  13.0s/15s  38.00 iters/s

running (14.0s), 00001/00038 VUs, 531 complete and 0 interrupted iterations
default   [  93% ] 00001/00038 VUs  14.0s/15s  38.00 iters/s

running (15.0s), 00001/00038 VUs, 569 complete and 0 interrupted iterations
default   [ 100% ] 00001/00038 VUs  15.0s/15s  38.00 iters/s


  █ TOTAL RESULTS 

    CUSTOM
    online_boutique_application_errors...: 0.00%  0 out of 570

    HTTP
    http_req_duration....................: avg=21.65ms min=19.84ms med=21.23ms max=30.99ms p(90)=23.12ms p(95)=24.08ms
      { expected_response:true }.........: avg=21.65ms min=19.84ms med=21.23ms max=30.99ms p(90)=23.12ms p(95)=24.08ms
    http_req_failed......................: 0.00%  0 out of 570
    http_reqs............................: 570    37.999326/s

    EXECUTION
    iteration_duration...................: avg=21.94ms min=20.12ms med=21.51ms max=31.23ms p(90)=23.41ms p(95)=24.32ms
    iterations...........................: 570    37.999326/s
    vus..................................: 1      min=1        max=1 
    vus_max..............................: 38     min=38       max=38

    NETWORK
    data_received........................: 1.1 MB 77 kB/s
    data_sent............................: 316 kB 21 kB/s




running (15.0s), 00000/00038 VUs, 570 complete and 1 interrupted iterations
default ✓ [ 100% ] 00001/00038 VUs  15s  38.00 iters/s
