
         /\      Grafana   /‾‾/  
    /\  /  \     |\  __   /  /   
   /  \/    \    | |/ /  /   ‾‾\ 
  /          \   |   (  |  (‾)  |
 / __________ \  |_|\_\  \_____/ 

     execution: local
        script: workflow/hotel/k6_open_hotels_client.js
        output: -

     scenarios: (100.00%) 1 scenario, 10000 max VUs, 15s max duration (incl. graceful stop):
              * default: 1490.00 iterations/s for 15s (maxVUs: 1490-10000)


running (00.9s), 00137/01490 VUs, 1263 complete and 0 interrupted iterations
default   [   6% ] 00137/01490 VUs  00.9s/15s  1490.00 iters/s

running (01.9s), 00165/01490 VUs, 2727 complete and 0 interrupted iterations
default   [  13% ] 00165/01490 VUs  01.9s/15s  1490.00 iters/s

running (02.9s), 00148/01490 VUs, 4233 complete and 0 interrupted iterations
default   [  20% ] 00148/01490 VUs  02.9s/15s  1490.00 iters/s

running (03.9s), 00147/01490 VUs, 5723 complete and 0 interrupted iterations
default   [  26% ] 00147/01490 VUs  03.9s/15s  1490.00 iters/s

running (04.9s), 00156/01490 VUs, 7204 complete and 0 interrupted iterations
default   [  33% ] 00156/01490 VUs  04.9s/15s  1490.00 iters/s

running (05.9s), 00161/01490 VUs, 8689 complete and 0 interrupted iterations
default   [  40% ] 00161/01490 VUs  05.9s/15s  1490.00 iters/s

running (06.9s), 00112/01490 VUs, 10229 complete and 0 interrupted iterations
default   [  46% ] 00112/01490 VUs  06.9s/15s  1490.00 iters/s

running (07.9s), 00127/01490 VUs, 11703 complete and 0 interrupted iterations
default   [  53% ] 00127/01490 VUs  07.9s/15s  1490.00 iters/s

running (08.9s), 00178/01490 VUs, 13143 complete and 0 interrupted iterations
default   [  60% ] 00179/01490 VUs  08.9s/15s  1490.00 iters/s

running (09.9s), 00172/01490 VUs, 14638 complete and 0 interrupted iterations
default   [  66% ] 00172/01490 VUs  09.9s/15s  1490.00 iters/s

running (10.9s), 00143/01490 VUs, 16157 complete and 0 interrupted iterations
default   [  73% ] 00143/01490 VUs  10.9s/15s  1490.00 iters/s

running (11.9s), 00118/01490 VUs, 17671 complete and 0 interrupted iterations
default   [  80% ] 00118/01490 VUs  11.9s/15s  1490.00 iters/s

running (12.9s), 00125/01490 VUs, 19154 complete and 0 interrupted iterations
default   [  86% ] 00126/01490 VUs  12.9s/15s  1490.00 iters/s

running (13.9s), 00112/01490 VUs, 20660 complete and 0 interrupted iterations
default   [  93% ] 00112/01490 VUs  13.9s/15s  1490.00 iters/s

running (14.9s), 00091/01490 VUs, 22169 complete and 0 interrupted iterations
default   [ 100% ] 00092/01490 VUs  14.9s/15s  1490.00 iters/s


  █ TOTAL RESULTS 

    HTTP
    http_req_duration..............: avg=92.6ms  min=36.96ms med=93.23ms max=153.61ms p(90)=114.29ms p(95)=119.95ms
      { expected_response:true }...: avg=92.6ms  min=36.96ms med=93.23ms max=153.61ms p(90)=114.29ms p(95)=119.95ms
    http_req_failed................: 0.00%  0 out of 22267
    http_reqs......................: 22267  1484.171968/s

    EXECUTION
    iteration_duration.............: avg=92.86ms min=37.05ms med=93.37ms max=180.77ms p(90)=114.65ms p(95)=120.73ms
    iterations.....................: 22267  1484.171968/s
    vus............................: 92     min=92         max=177 
    vus_max........................: 1490   min=1490       max=1490

    NETWORK
    data_received..................: 6.4 MB 425 kB/s
    data_sent......................: 7.3 MB 489 kB/s




running (15.0s), 00000/01490 VUs, 22267 complete and 83 interrupted iterations
default ✓ [ 100% ] 00083/01490 VUs  15s  1490.00 iters/s
