
         /\      Grafana   /‾‾/  
    /\  /  \     |\  __   /  /   
   /  \/    \    | |/ /  /   ‾‾\ 
  /          \   |   (  |  (‾)  |
 / __________ \  |_|\_\  \_____/ 

     execution: local
        script: workflow/online_boutique/k6_open_add_to_cart.js
        output: -

     scenarios: (100.00%) 1 scenario, 10000 max VUs, 15s max duration (incl. graceful stop):
              * default: 2415.00 iterations/s for 15s (maxVUs: 2415-10000)


running (00.9s), 00556/02415 VUs, 1628 complete and 0 interrupted iterations
default   [   6% ] 00556/02415 VUs  00.9s/15s  2415.00 iters/s

running (01.9s), 00626/02415 VUs, 3975 complete and 0 interrupted iterations
default   [  13% ] 00626/02415 VUs  01.9s/15s  2415.00 iters/s

running (02.9s), 00559/02415 VUs, 6455 complete and 0 interrupted iterations
default   [  19% ] 00559/02415 VUs  02.9s/15s  2415.00 iters/s

running (03.9s), 00437/02415 VUs, 8992 complete and 0 interrupted iterations
default   [  26% ] 00437/02415 VUs  03.9s/15s  2415.00 iters/s

running (04.9s), 00366/02415 VUs, 11478 complete and 0 interrupted iterations
default   [  33% ] 00366/02415 VUs  04.9s/15s  2415.00 iters/s

running (05.9s), 00415/02415 VUs, 13844 complete and 0 interrupted iterations
default   [  39% ] 00415/02415 VUs  05.9s/15s  2415.00 iters/s

running (06.9s), 00462/02415 VUs, 16213 complete and 0 interrupted iterations
default   [  46% ] 00462/02415 VUs  06.9s/15s  2415.00 iters/s

running (07.9s), 00497/02415 VUs, 18594 complete and 0 interrupted iterations
default   [  53% ] 00497/02415 VUs  07.9s/15s  2415.00 iters/s

running (08.9s), 00530/02415 VUs, 20975 complete and 0 interrupted iterations
default   [  59% ] 00530/02415 VUs  08.9s/15s  2415.00 iters/s

running (09.9s), 00578/02415 VUs, 23341 complete and 0 interrupted iterations
default   [  66% ] 00578/02415 VUs  09.9s/15s  2415.00 iters/s

running (10.9s), 00578/02415 VUs, 25756 complete and 0 interrupted iterations
default   [  73% ] 00578/02415 VUs  10.9s/15s  2415.00 iters/s

running (11.9s), 00429/02415 VUs, 28320 complete and 0 interrupted iterations
default   [  79% ] 00429/02415 VUs  11.9s/15s  2415.00 iters/s

running (12.9s), 00369/02415 VUs, 30796 complete and 0 interrupted iterations
default   [  86% ] 00369/02415 VUs  12.9s/15s  2415.00 iters/s

running (13.9s), 00410/02415 VUs, 33170 complete and 0 interrupted iterations
default   [  93% ] 00410/02415 VUs  13.9s/15s  2415.00 iters/s

running (14.9s), 00440/02415 VUs, 35556 complete and 0 interrupted iterations
default   [  99% ] 00440/02415 VUs  14.9s/15s  2415.00 iters/s


  █ TOTAL RESULTS 

    CUSTOM
    online_boutique_application_errors...: 0.00%  0 out of 35704

    HTTP
    http_req_duration....................: avg=204.27ms min=138.71ms med=204.23ms max=288.66ms p(90)=247.51ms p(95)=253.06ms
      { expected_response:true }.........: avg=204.27ms min=138.71ms med=204.23ms max=288.66ms p(90)=247.51ms p(95)=253.06ms
    http_req_failed......................: 0.00%  0 out of 35704
    http_reqs............................: 35704  2379.280232/s

    EXECUTION
    iteration_duration...................: avg=204.53ms min=138.84ms med=204.44ms max=289.02ms p(90)=247.79ms p(95)=253.35ms
    iterations...........................: 35704  2379.280232/s
    vus..................................: 440    min=366        max=624 
    vus_max..............................: 2415   min=2415       max=2415

    NETWORK
    data_received........................: 31 MB  2.0 MB/s
    data_sent............................: 9.4 MB 625 kB/s




running (15.0s), 00000/02415 VUs, 35700 complete and 525 interrupted iterations
default ✓ [ 100% ] 00525/02415 VUs  15s  2415.00 iters/s
