
         /\      Grafana   /‾‾/  
    /\  /  \     |\  __   /  /   
   /  \/    \    | |/ /  /   ‾‾\ 
  /          \   |   (  |  (‾)  |
 / __________ \  |_|\_\  \_____/ 

     execution: local
        script: workflow/media/k6_open_review_compose.js
        output: -

     scenarios: (100.00%) 1 scenario, 10000 max VUs, 15s max duration (incl. graceful stop):
              * default: 524.00 iterations/s for 15s (maxVUs: 524-10000)


running (01.0s), 00081/00524 VUs, 429 complete and 0 interrupted iterations
default   [   6% ] 00081/00524 VUs  01.0s/15s  524.00 iters/s

running (02.0s), 00178/00524 VUs, 856 complete and 0 interrupted iterations
default   [  13% ] 00178/00524 VUs  02.0s/15s  524.00 iters/s

running (03.0s), 00170/00524 VUs, 1388 complete and 0 interrupted iterations
default   [  20% ] 00170/00524 VUs  03.0s/15s  524.00 iters/s

running (04.0s), 00161/00524 VUs, 1921 complete and 0 interrupted iterations
default   [  26% ] 00161/00524 VUs  04.0s/15s  524.00 iters/s

running (05.0s), 00151/00524 VUs, 2454 complete and 0 interrupted iterations
default   [  33% ] 00151/00524 VUs  05.0s/15s  524.00 iters/s

running (06.0s), 00142/00524 VUs, 2987 complete and 0 interrupted iterations
default   [  40% ] 00142/00524 VUs  06.0s/15s  524.00 iters/s

running (07.0s), 00134/00524 VUs, 3520 complete and 0 interrupted iterations
default   [  46% ] 00134/00524 VUs  07.0s/15s  524.00 iters/s

running (08.0s), 00124/00524 VUs, 4053 complete and 0 interrupted iterations
default   [  53% ] 00124/00524 VUs  08.0s/15s  524.00 iters/s

running (09.0s), 00117/00524 VUs, 4585 complete and 0 interrupted iterations
default   [  60% ] 00117/00524 VUs  09.0s/15s  524.00 iters/s

running (10.0s), 00106/00524 VUs, 5119 complete and 0 interrupted iterations
default   [  66% ] 00107/00524 VUs  10.0s/15s  524.00 iters/s

running (11.0s), 00097/00524 VUs, 5653 complete and 0 interrupted iterations
default   [  73% ] 00097/00524 VUs  11.0s/15s  524.00 iters/s

running (12.0s), 00088/00524 VUs, 6185 complete and 0 interrupted iterations
default   [  80% ] 00088/00524 VUs  12.0s/15s  524.00 iters/s

running (13.0s), 00180/00524 VUs, 6618 complete and 0 interrupted iterations
default   [  86% ] 00180/00524 VUs  13.0s/15s  524.00 iters/s

running (14.0s), 00171/00524 VUs, 7150 complete and 0 interrupted iterations
default   [  93% ] 00171/00524 VUs  14.0s/15s  524.00 iters/s

running (15.0s), 00161/00524 VUs, 7684 complete and 0 interrupted iterations
default   [ 100% ] 00162/00524 VUs  15.0s/15s  524.00 iters/s


  █ TOTAL RESULTS 

    HTTP
    http_req_duration..............: avg=254.4ms  min=145.54ms med=254.29ms max=362.62ms p(90)=329.18ms p(95)=339.03ms
      { expected_response:true }...: avg=254.4ms  min=145.54ms med=254.29ms max=362.62ms p(90)=329.18ms p(95)=339.03ms
    http_req_failed................: 0.00%  0 out of 7684
    http_reqs......................: 7684   512.158674/s

    EXECUTION
    iteration_duration.............: avg=254.52ms min=145.64ms med=254.42ms max=362.72ms p(90)=329.29ms p(95)=339.15ms
    iterations.....................: 7684   512.158674/s
    vus............................: 162    min=81        max=180
    vus_max........................: 524    min=524       max=524

    NETWORK
    data_received..................: 1.8 MB 118 kB/s
    data_sent......................: 4.4 MB 292 kB/s




running (15.0s), 00000/00524 VUs, 7684 complete and 177 interrupted iterations
default ✓ [ 100% ] 00177/00524 VUs  15s  524.00 iters/s
