
         /\      Grafana   /‾‾/  
    /\  /  \     |\  __   /  /   
   /  \/    \    | |/ /  /   ‾‾\ 
  /          \   |   (  |  (‾)  |
 / __________ \  |_|\_\  \_____/ 

     execution: local
        script: workflow/write/k6_open_client.js
        output: -

     scenarios: (100.00%) 1 scenario, 10000 max VUs, 15s max duration (incl. graceful stop):
              * default: 7789.00 iterations/s for 15s (maxVUs: 7789-10000)


running (00.8s), 01579/07789 VUs, 4464 complete and 0 interrupted iterations
default   [   5% ] 01579/07789 VUs  00.8s/15s  7789.00 iters/s

running (01.8s), 01139/07789 VUs, 12693 complete and 0 interrupted iterations
default   [  12% ] 01139/07789 VUs  01.8s/15s  7789.00 iters/s

running (02.8s), 00408/07789 VUs, 21213 complete and 0 interrupted iterations
default   [  19% ] 00408/07789 VUs  02.8s/15s  7789.00 iters/s

running (03.8s), 00031/07789 VUs, 29379 complete and 0 interrupted iterations
default   [  25% ] 00030/07789 VUs  03.8s/15s  7789.00 iters/s

running (04.8s), 00301/07789 VUs, 36898 complete and 0 interrupted iterations
default   [  32% ] 00301/07789 VUs  04.8s/15s  7789.00 iters/s

running (05.8s), 00007/07789 VUs, 44981 complete and 0 interrupted iterations
default   [  39% ] 00007/07789 VUs  05.8s/15s  7789.00 iters/s

running (06.8s), 00013/07789 VUs, 52764 complete and 0 interrupted iterations
default   [  45% ] 00013/07789 VUs  06.8s/15s  7789.00 iters/s

running (07.8s), 00009/07789 VUs, 60556 complete and 0 interrupted iterations
default   [  52% ] 00009/07789 VUs  07.8s/15s  7789.00 iters/s

running (08.8s), 00008/07789 VUs, 68347 complete and 0 interrupted iterations
default   [  59% ] 00007/07789 VUs  08.8s/15s  7789.00 iters/s

running (09.8s), 00011/07789 VUs, 76133 complete and 0 interrupted iterations
default   [  65% ] 00011/07789 VUs  09.8s/15s  7789.00 iters/s

running (10.8s), 00055/07789 VUs, 83877 complete and 0 interrupted iterations
default   [  72% ] 00055/07789 VUs  10.8s/15s  7789.00 iters/s

running (11.8s), 00121/07789 VUs, 91602 complete and 0 interrupted iterations
default   [  79% ] 00121/07789 VUs  11.8s/15s  7789.00 iters/s

running (12.8s), 00010/07789 VUs, 99501 complete and 0 interrupted iterations
default   [  85% ] 00009/07789 VUs  12.8s/15s  7789.00 iters/s

running (13.8s), 00027/07789 VUs, 107274 complete and 0 interrupted iterations
default   [  92% ] 00026/07789 VUs  13.8s/15s  7789.00 iters/s

running (14.8s), 00012/07789 VUs, 115078 complete and 0 interrupted iterations
default   [  99% ] 00012/07789 VUs  14.8s/15s  7789.00 iters/s


  █ TOTAL RESULTS 

    HTTP
    http_req_duration..............: avg=32.3ms  min=378.2µs  med=2.97ms max=387.65ms p(90)=147.9ms  p(95)=190.9ms 
      { expected_response:true }...: avg=32.3ms  min=378.2µs  med=2.97ms max=387.65ms p(90)=147.9ms  p(95)=190.9ms 
    http_req_failed................: 0.00%  0 out of 116804
    http_reqs......................: 116804 7781.578059/s

    EXECUTION
    iteration_duration.............: avg=32.39ms min=414.08µs med=3.02ms max=387.86ms p(90)=147.97ms p(95)=191.13ms
    iterations.....................: 116804 7781.578059/s
    vus............................: 13     min=6           max=1580
    vus_max........................: 7789   min=7789        max=7789

    NETWORK
    data_received..................: 24 MB  1.6 MB/s
    data_sent......................: 12 MB  778 kB/s




running (15.0s), 00000/07789 VUs, 116801 complete and 35 interrupted iterations
default ✓ [ 100% ] 00035/07789 VUs  15s  7789.00 iters/s
