
         /\      Grafana   /‾‾/  
    /\  /  \     |\  __   /  /   
   /  \/    \    | |/ /  /   ‾‾\ 
  /          \   |   (  |  (‾)  |
 / __________ \  |_|\_\  \_____/ 

     execution: local
        script: workflow/online_boutique/k6_open_view_cart.js
        output: -

     scenarios: (100.00%) 1 scenario, 10000 max VUs, 15s max duration (incl. graceful stop):
              * default: 90.00 iterations/s for 15s (maxVUs: 90-10000)


running (01.0s), 00001/00090 VUs, 89 complete and 0 interrupted iterations
default   [   7% ] 00001/00090 VUs  01.0s/15s  90.00 iters/s

running (02.0s), 00002/00090 VUs, 178 complete and 0 interrupted iterations
default   [  13% ] 00002/00090 VUs  02.0s/15s  90.00 iters/s

running (03.0s), 00001/00090 VUs, 269 complete and 0 interrupted iterations
default   [  20% ] 00001/00090 VUs  03.0s/15s  90.00 iters/s

running (04.0s), 00001/00090 VUs, 359 complete and 0 interrupted iterations
default   [  27% ] 00001/00090 VUs  04.0s/15s  90.00 iters/s

running (05.0s), 00001/00090 VUs, 449 complete and 0 interrupted iterations
default   [  33% ] 00001/00090 VUs  05.0s/15s  90.00 iters/s

running (06.0s), 00001/00090 VUs, 539 complete and 0 interrupted iterations
default   [  40% ] 00001/00090 VUs  06.0s/15s  90.00 iters/s

running (07.0s), 00001/00090 VUs, 629 complete and 0 interrupted iterations
default   [  47% ] 00001/00090 VUs  07.0s/15s  90.00 iters/s

running (08.0s), 00001/00090 VUs, 719 complete and 0 interrupted iterations
default   [  53% ] 00001/00090 VUs  08.0s/15s  90.00 iters/s

running (09.0s), 00001/00090 VUs, 809 complete and 0 interrupted iterations
default   [  60% ] 00001/00090 VUs  09.0s/15s  90.00 iters/s

running (10.0s), 00001/00090 VUs, 899 complete and 0 interrupted iterations
default   [  67% ] 00001/00090 VUs  10.0s/15s  90.00 iters/s

running (11.0s), 00030/00090 VUs, 960 complete and 0 interrupted iterations
default   [  73% ] 00030/00090 VUs  11.0s/15s  90.00 iters/s

running (12.0s), 00105/00105 VUs, 960 complete and 0 interrupted iterations
default   [  80% ] 00105/00105 VUs  12.0s/15s  90.00 iters/s

running (13.0s), 00150/00150 VUs, 960 complete and 0 interrupted iterations
default   [  87% ] 00150/00150 VUs  13.0s/15s  90.00 iters/s

running (14.0s), 00195/00195 VUs, 960 complete and 0 interrupted iterations
default   [  93% ] 00195/00195 VUs  14.0s/15s  90.00 iters/s

running (15.0s), 00240/00240 VUs, 960 complete and 0 interrupted iterations
default   [ 100% ] 00240/00240 VUs  15.0s/15s  90.00 iters/s


  █ TOTAL RESULTS 

    CUSTOM
    online_boutique_application_errors...: 0.00%  0 out of 960

    HTTP
    http_req_duration....................: avg=11.04ms min=9.53ms med=10.28ms max=29.34ms p(90)=12.81ms p(95)=16.18ms
      { expected_response:true }.........: avg=11.04ms min=9.53ms med=10.28ms max=29.34ms p(90)=12.81ms p(95)=16.18ms
    http_req_failed......................: 0.00%  0 out of 960
    http_reqs............................: 960    63.969385/s

    EXECUTION
    dropped_iterations...................: 151    10.061851/s
    iteration_duration...................: avg=11.35ms min=9.68ms med=10.56ms max=42.56ms p(90)=13.03ms p(95)=16.75ms
    iterations...........................: 960    63.969385/s
    vus..................................: 240    min=1        max=240
    vus_max..............................: 240    min=90       max=240

    NETWORK
    data_received........................: 1.9 MB 125 kB/s
    data_sent............................: 288 kB 19 kB/s




running (15.0s), 00000/00241 VUs, 960 complete and 240 interrupted iterations
default ✓ [ 100% ] 00240/00240 VUs  15s  90.00 iters/s
