
         /\      Grafana   /‾‾/  
    /\  /  \     |\  __   /  /   
   /  \/    \    | |/ /  /   ‾‾\ 
  /          \   |   (  |  (‾)  |
 / __________ \  |_|\_\  \_____/ 

     execution: local
        script: workflow/social/k6_open_client.js
        output: -

     scenarios: (100.00%) 1 scenario, 10000 max VUs, 15s max duration (incl. graceful stop):
              * default: 6655.00 iterations/s for 15s (maxVUs: 6655-10000)


running (00.8s), 01187/06655 VUs, 4158 complete and 0 interrupted iterations
default   [   6% ] 01187/06655 VUs  00.8s/15s  6655.00 iters/s

running (01.8s), 01374/06655 VUs, 10585 complete and 0 interrupted iterations
default   [  12% ] 01373/06655 VUs  01.8s/15s  6655.00 iters/s

running (02.8s), 00942/06655 VUs, 17671 complete and 0 interrupted iterations
default   [  19% ] 00943/06655 VUs  02.8s/15s  6655.00 iters/s

running (03.8s), 00413/06655 VUs, 24856 complete and 0 interrupted iterations
default   [  25% ] 00413/06655 VUs  03.8s/15s  6655.00 iters/s

running (04.8s), 00151/06655 VUs, 31773 complete and 0 interrupted iterations
default   [  32% ] 00151/06655 VUs  04.8s/15s  6655.00 iters/s

running (05.8s), 00053/06655 VUs, 38527 complete and 0 interrupted iterations
default   [  39% ] 00053/06655 VUs  05.8s/15s  6655.00 iters/s

running (06.8s), 00096/06655 VUs, 45138 complete and 0 interrupted iterations
default   [  45% ] 00096/06655 VUs  06.8s/15s  6655.00 iters/s

running (07.8s), 00025/06655 VUs, 51864 complete and 0 interrupted iterations
default   [  52% ] 00025/06655 VUs  07.8s/15s  6655.00 iters/s

running (08.8s), 00033/06655 VUs, 58512 complete and 0 interrupted iterations
default   [  59% ] 00033/06655 VUs  08.8s/15s  6655.00 iters/s

running (09.8s), 00006/06655 VUs, 65193 complete and 0 interrupted iterations
default   [  65% ] 00006/06655 VUs  09.8s/15s  6655.00 iters/s

running (10.8s), 00108/06655 VUs, 71746 complete and 0 interrupted iterations
default   [  72% ] 00108/06655 VUs  10.8s/15s  6655.00 iters/s

running (11.8s), 00023/06655 VUs, 78486 complete and 0 interrupted iterations
default   [  79% ] 00023/06655 VUs  11.8s/15s  6655.00 iters/s

running (12.8s), 00048/06655 VUs, 85117 complete and 0 interrupted iterations
default   [  85% ] 00048/06655 VUs  12.8s/15s  6655.00 iters/s

running (13.8s), 00088/06655 VUs, 91721 complete and 0 interrupted iterations
default   [  92% ] 00088/06655 VUs  13.8s/15s  6655.00 iters/s

running (14.8s), 00029/06655 VUs, 98445 complete and 0 interrupted iterations
default   [  99% ] 00029/06655 VUs  14.8s/15s  6655.00 iters/s


  █ TOTAL RESULTS 

    HTTP
    http_req_duration..............: avg=48.38ms min=662.99µs med=9.3ms  max=462.84ms p(90)=172.66ms p(95)=206.47ms
      { expected_response:true }...: avg=48.38ms min=662.99µs med=9.3ms  max=462.84ms p(90)=172.66ms p(95)=206.47ms
    http_req_failed................: 0.00% 0 out of 99805
    http_reqs......................: 99805 6649.422538/s

    EXECUTION
    iteration_duration.............: avg=48.89ms min=742.5µs  med=9.43ms max=463.92ms p(90)=174.92ms p(95)=210.17ms
    iterations.....................: 99805 6649.422538/s
    vus............................: 29    min=6          max=1373
    vus_max........................: 6655  min=6655       max=6655

    NETWORK
    data_received..................: 23 MB 1.5 MB/s
    data_sent......................: 33 MB 2.2 MB/s




running (15.0s), 00000/06655 VUs, 99795 complete and 31 interrupted iterations
default ✓ [ 100% ] 00031/06655 VUs  15s  6655.00 iters/s
