
         /\      Grafana   /‾‾/  
    /\  /  \     |\  __   /  /   
   /  \/    \    | |/ /  /   ‾‾\ 
  /          \   |   (  |  (‾)  |
 / __________ \  |_|\_\  \_____/ 

     execution: local
        script: workflow/online_boutique/k6_open_checkout.js
        output: -

     scenarios: (100.00%) 1 scenario, 10000 max VUs, 15s max duration (incl. graceful stop):
              * default: 659.00 iterations/s for 15s (maxVUs: 659-10000)


running (01.0s), 00005/00659 VUs, 632 complete and 0 interrupted iterations
default   [   6% ] 00005/00659 VUs  01.0s/15s  659.00 iters/s

running (02.0s), 00006/00659 VUs, 1289 complete and 0 interrupted iterations
default   [  13% ] 00007/00659 VUs  02.0s/15s  659.00 iters/s

running (03.0s), 00009/00659 VUs, 1945 complete and 0 interrupted iterations
default   [  20% ] 00010/00659 VUs  03.0s/15s  659.00 iters/s

running (04.0s), 00006/00659 VUs, 2608 complete and 0 interrupted iterations
default   [  26% ] 00006/00659 VUs  04.0s/15s  659.00 iters/s

running (05.0s), 00007/00659 VUs, 3266 complete and 0 interrupted iterations
default   [  33% ] 00007/00659 VUs  05.0s/15s  659.00 iters/s

running (06.0s), 00007/00659 VUs, 3925 complete and 0 interrupted iterations
default   [  40% ] 00007/00659 VUs  06.0s/15s  659.00 iters/s

running (07.0s), 00005/00659 VUs, 4585 complete and 0 interrupted iterations
default   [  46% ] 00005/00659 VUs  07.0s/15s  659.00 iters/s

running (08.0s), 00009/00659 VUs, 5241 complete and 0 interrupted iterations
default   [  53% ] 00009/00659 VUs  08.0s/15s  659.00 iters/s

running (09.0s), 00005/00659 VUs, 5903 complete and 0 interrupted iterations
default   [  60% ] 00005/00659 VUs  09.0s/15s  659.00 iters/s

running (10.0s), 00004/00659 VUs, 6563 complete and 0 interrupted iterations
default   [  66% ] 00005/00659 VUs  10.0s/15s  659.00 iters/s

running (11.0s), 00005/00659 VUs, 7221 complete and 0 interrupted iterations
default   [  73% ] 00005/00659 VUs  11.0s/15s  659.00 iters/s

running (12.0s), 00007/00659 VUs, 7879 complete and 0 interrupted iterations
default   [  80% ] 00007/00659 VUs  12.0s/15s  659.00 iters/s

running (13.0s), 00006/00659 VUs, 8539 complete and 0 interrupted iterations
default   [  86% ] 00006/00659 VUs  13.0s/15s  659.00 iters/s

running (14.0s), 00006/00659 VUs, 9198 complete and 0 interrupted iterations
default   [  93% ] 00006/00659 VUs  14.0s/15s  659.00 iters/s

running (15.0s), 00006/00659 VUs, 9857 complete and 0 interrupted iterations
default   [ 100% ] 00006/00659 VUs  15.0s/15s  659.00 iters/s


  █ TOTAL RESULTS 

    CUSTOM
    online_boutique_application_errors...: 0.00%  0 out of 9879

    HTTP
    http_req_duration....................: avg=10.07ms min=6.65ms med=8.47ms max=56.33ms p(90)=12.74ms p(95)=19.98ms
      { expected_response:true }.........: avg=10.07ms min=6.65ms med=8.47ms max=56.33ms p(90)=12.74ms p(95)=19.98ms
    http_req_failed......................: 0.00%  0 out of 9879
    http_reqs............................: 9879   658.520612/s

    EXECUTION
    iteration_duration...................: avg=10.52ms min=6.85ms med=8.65ms max=98.92ms p(90)=12.98ms p(95)=20.4ms 
    iterations...........................: 9879   658.520612/s
    vus..................................: 6      min=5         max=9  
    vus_max..............................: 659    min=659       max=659

    NETWORK
    data_received........................: 20 MB  1.3 MB/s
    data_sent............................: 5.5 MB 367 kB/s




running (15.0s), 00000/00659 VUs, 9879 complete and 7 interrupted iterations
default ✓ [ 100% ] 00007/00659 VUs  15s  659.00 iters/s
