
         /\      Grafana   /‾‾/  
    /\  /  \     |\  __   /  /   
   /  \/    \    | |/ /  /   ‾‾\ 
  /          \   |   (  |  (‾)  |
 / __________ \  |_|\_\  \_____/ 

     execution: local
        script: workflow/write/k6_open_client.js
        output: -

     scenarios: (100.00%) 1 scenario, 10000 max VUs, 15s max duration (incl. graceful stop):
              * default: 8231.00 iterations/s for 15s (maxVUs: 8231-10000)


running (00.7s), 01591/08231 VUs, 4526 complete and 0 interrupted iterations
default   [   5% ] 01591/08231 VUs  00.7s/15s  8231.00 iters/s

running (01.7s), 02187/08231 VUs, 12161 complete and 0 interrupted iterations
default   [  12% ] 02187/08231 VUs  01.7s/15s  8231.00 iters/s

running (02.7s), 02523/08231 VUs, 20055 complete and 0 interrupted iterations
default   [  18% ] 02523/08231 VUs  02.7s/15s  8231.00 iters/s

running (03.7s), 02959/08231 VUs, 27850 complete and 0 interrupted iterations
default   [  25% ] 02960/08231 VUs  03.7s/15s  8231.00 iters/s

running (04.7s), 03522/08231 VUs, 35519 complete and 0 interrupted iterations
default   [  32% ] 03522/08231 VUs  04.7s/15s  8231.00 iters/s

running (05.7s), 03727/08231 VUs, 43545 complete and 0 interrupted iterations
default   [  38% ] 03726/08231 VUs  05.7s/15s  8231.00 iters/s

running (06.7s), 04010/08231 VUs, 51493 complete and 0 interrupted iterations
default   [  45% ] 04010/08231 VUs  06.7s/15s  8231.00 iters/s

running (07.7s), 04441/08231 VUs, 59293 complete and 0 interrupted iterations
default   [  52% ] 04441/08231 VUs  07.7s/15s  8231.00 iters/s

running (08.7s), 05019/08231 VUs, 66946 complete and 0 interrupted iterations
default   [  58% ] 05019/08231 VUs  08.7s/15s  8231.00 iters/s

running (09.7s), 05444/08231 VUs, 74752 complete and 0 interrupted iterations
default   [  65% ] 05444/08231 VUs  09.7s/15s  8231.00 iters/s

running (10.7s), 05788/08231 VUs, 82639 complete and 0 interrupted iterations
default   [  72% ] 05788/08231 VUs  10.7s/15s  8231.00 iters/s

running (11.7s), 06327/08231 VUs, 90333 complete and 0 interrupted iterations
default   [  78% ] 06327/08231 VUs  11.7s/15s  8231.00 iters/s

running (12.7s), 06657/08231 VUs, 98232 complete and 0 interrupted iterations
default   [  85% ] 06657/08231 VUs  12.7s/15s  8231.00 iters/s

running (13.7s), 06890/08231 VUs, 106230 complete and 0 interrupted iterations
default   [  92% ] 06890/08231 VUs  13.7s/15s  8231.00 iters/s

running (14.7s), 07041/08231 VUs, 114310 complete and 0 interrupted iterations
default   [  98% ] 07042/08231 VUs  14.7s/15s  8231.00 iters/s


  █ TOTAL RESULTS 

    HTTP
    http_req_duration..............: avg=542.9ms  min=888.09µs med=529ms    max=1.62s p(90)=838.53ms p(95)=854.15ms
      { expected_response:true }...: avg=542.9ms  min=888.09µs med=529ms    max=1.62s p(90)=838.53ms p(95)=854.15ms
    http_req_failed................: 0.00%  0 out of 116408
    http_reqs......................: 116408 7730.39115/s

    EXECUTION
    iteration_duration.............: avg=543.03ms min=1.04ms   med=529.05ms max=1.62s p(90)=838.59ms p(95)=854.2ms 
    iterations.....................: 116408 7730.39115/s
    vus............................: 7041   min=1591        max=7041
    vus_max........................: 8231   min=8231        max=8231

    NETWORK
    data_received..................: 24 MB  1.6 MB/s
    data_sent......................: 12 MB  820 kB/s




running (15.1s), 00000/08231 VUs, 116368 complete and 7098 interrupted iterations
default ✓ [ 100% ] 07098/08231 VUs  15s  8231.00 iters/s
