
         /\      Grafana   /‾‾/  
    /\  /  \     |\  __   /  /   
   /  \/    \    | |/ /  /   ‾‾\ 
  /          \   |   (  |  (‾)  |
 / __________ \  |_|\_\  \_____/ 

     execution: local
        script: workflow/online_boutique/k6_open_view_cart.js
        output: -

     scenarios: (100.00%) 1 scenario, 10000 max VUs, 15s max duration (incl. graceful stop):
              * default: 499.00 iterations/s for 15s (maxVUs: 499-10000)


running (01.0s), 00282/00499 VUs, 205 complete and 0 interrupted iterations
default   [   6% ] 00282/00499 VUs  01.0s/15s  499.00 iters/s

running (02.0s), 00330/00499 VUs, 656 complete and 0 interrupted iterations
default   [  13% ] 00330/00499 VUs  02.0s/15s  499.00 iters/s

running (03.0s), 00270/00499 VUs, 1215 complete and 0 interrupted iterations
default   [  20% ] 00270/00499 VUs  03.0s/15s  499.00 iters/s

running (04.0s), 00365/00499 VUs, 1619 complete and 0 interrupted iterations
default   [  27% ] 00365/00499 VUs  04.0s/15s  499.00 iters/s

running (05.0s), 00258/00499 VUs, 2225 complete and 0 interrupted iterations
default   [  33% ] 00258/00499 VUs  05.0s/15s  499.00 iters/s

running (06.0s), 00355/00499 VUs, 2627 complete and 0 interrupted iterations
default   [  40% ] 00355/00499 VUs  06.0s/15s  499.00 iters/s

running (07.0s), 00248/00499 VUs, 3233 complete and 0 interrupted iterations
default   [  47% ] 00248/00499 VUs  07.0s/15s  499.00 iters/s

running (08.0s), 00344/00499 VUs, 3636 complete and 0 interrupted iterations
default   [  53% ] 00344/00499 VUs  08.0s/15s  499.00 iters/s

running (09.0s), 00239/00499 VUs, 4240 complete and 0 interrupted iterations
default   [  60% ] 00239/00499 VUs  09.0s/15s  499.00 iters/s

running (10.0s), 00332/00499 VUs, 4646 complete and 0 interrupted iterations
default   [  67% ] 00332/00499 VUs  10.0s/15s  499.00 iters/s

running (11.0s), 00227/00499 VUs, 5250 complete and 0 interrupted iterations
default   [  73% ] 00227/00499 VUs  11.0s/15s  499.00 iters/s

running (12.0s), 00322/00499 VUs, 5654 complete and 0 interrupted iterations
default   [  80% ] 00322/00499 VUs  12.0s/15s  499.00 iters/s

running (13.0s), 00217/00499 VUs, 6258 complete and 0 interrupted iterations
default   [  87% ] 00217/00499 VUs  13.0s/15s  499.00 iters/s

running (14.0s), 00312/00499 VUs, 6662 complete and 0 interrupted iterations
default   [  93% ] 00312/00499 VUs  14.0s/15s  499.00 iters/s

running (15.0s), 00207/00499 VUs, 7266 complete and 0 interrupted iterations
default   [ 100% ] 00207/00499 VUs  15.0s/15s  499.00 iters/s


  █ TOTAL RESULTS 

    CUSTOM
    online_boutique_application_errors...: 0.00%  0 out of 7266

    HTTP
    http_req_duration....................: avg=559.58ms min=361.24ms med=559.59ms max=760.87ms p(90)=705.66ms p(95)=724ms   
      { expected_response:true }.........: avg=559.58ms min=361.24ms med=559.59ms max=760.87ms p(90)=705.66ms p(95)=724ms   
    http_req_failed......................: 0.00%  0 out of 7266
    http_reqs............................: 7266   484.29571/s

    EXECUTION
    iteration_duration...................: avg=559.78ms min=361.4ms  med=559.79ms max=761.11ms p(90)=705.85ms p(95)=724.19ms
    iterations...........................: 7266   484.29571/s
    vus..................................: 207    min=207       max=365
    vus_max..............................: 499    min=499       max=499

    NETWORK
    data_received........................: 14 MB  941 kB/s
    data_sent............................: 1.8 MB 120 kB/s




running (15.0s), 00000/00499 VUs, 7266 complete and 220 interrupted iterations
default ✓ [ 100% ] 00219/00499 VUs  15s  499.00 iters/s
