
         /\      Grafana   /‾‾/  
    /\  /  \     |\  __   /  /   
   /  \/    \    | |/ /  /   ‾‾\ 
  /          \   |   (  |  (‾)  |
 / __________ \  |_|\_\  \_____/ 

     execution: local
        script: workflow/online_boutique/k6_open_view_cart.js
        output: -

     scenarios: (100.00%) 1 scenario, 10000 max VUs, 15s max duration (incl. graceful stop):
              * default: 334.00 iterations/s for 15s (maxVUs: 334-10000)


running (01.0s), 00192/00334 VUs, 136 complete and 0 interrupted iterations
default   [   7% ] 00192/00334 VUs  01.0s/15s  334.00 iters/s

running (02.0s), 00120/00334 VUs, 542 complete and 0 interrupted iterations
default   [  13% ] 00120/00334 VUs  02.0s/15s  334.00 iters/s

running (03.0s), 00184/00334 VUs, 812 complete and 0 interrupted iterations
default   [  20% ] 00184/00334 VUs  03.0s/15s  334.00 iters/s

running (04.0s), 00111/00334 VUs, 1219 complete and 0 interrupted iterations
default   [  27% ] 00111/00334 VUs  04.0s/15s  334.00 iters/s

running (05.0s), 00173/00334 VUs, 1490 complete and 0 interrupted iterations
default   [  33% ] 00173/00334 VUs  05.0s/15s  334.00 iters/s

running (06.0s), 00102/00334 VUs, 1896 complete and 0 interrupted iterations
default   [  40% ] 00102/00334 VUs  06.0s/15s  334.00 iters/s

running (07.0s), 00165/00334 VUs, 2167 complete and 0 interrupted iterations
default   [  47% ] 00165/00334 VUs  07.0s/15s  334.00 iters/s

running (08.0s), 00092/00334 VUs, 2573 complete and 0 interrupted iterations
default   [  53% ] 00092/00334 VUs  08.0s/15s  334.00 iters/s

running (09.0s), 00157/00334 VUs, 2843 complete and 0 interrupted iterations
default   [  60% ] 00157/00334 VUs  09.0s/15s  334.00 iters/s

running (10.0s), 00086/00334 VUs, 3248 complete and 0 interrupted iterations
default   [  67% ] 00086/00334 VUs  10.0s/15s  334.00 iters/s

running (11.0s), 00149/00334 VUs, 3519 complete and 0 interrupted iterations
default   [  73% ] 00149/00334 VUs  11.0s/15s  334.00 iters/s

running (12.0s), 00213/00334 VUs, 3789 complete and 0 interrupted iterations
default   [  80% ] 00213/00334 VUs  12.0s/15s  334.00 iters/s

running (13.0s), 00140/00334 VUs, 4196 complete and 0 interrupted iterations
default   [  87% ] 00140/00334 VUs  13.0s/15s  334.00 iters/s

running (14.0s), 00203/00334 VUs, 4467 complete and 0 interrupted iterations
default   [  93% ] 00203/00334 VUs  14.0s/15s  334.00 iters/s

running (15.0s), 00128/00334 VUs, 4876 complete and 0 interrupted iterations
default   [ 100% ] 00128/00334 VUs  15.0s/15s  334.00 iters/s


  █ TOTAL RESULTS 

    CUSTOM
    online_boutique_application_errors...: 0.00%  0 out of 4876

    HTTP
    http_req_duration....................: avg=455.63ms min=246.53ms med=455.65ms max=660.83ms p(90)=607.49ms p(95)=626.44ms
      { expected_response:true }.........: avg=455.63ms min=246.53ms med=455.65ms max=660.83ms p(90)=607.49ms p(95)=626.44ms
    http_req_failed......................: 0.00%  0 out of 4876
    http_reqs............................: 4876   325.017135/s

    EXECUTION
    iteration_duration...................: avg=455.84ms min=246.7ms  med=455.84ms max=661.07ms p(90)=607.7ms  p(95)=626.66ms
    iterations...........................: 4876   325.017135/s
    vus..................................: 128    min=86        max=213
    vus_max..............................: 334    min=334       max=334

    NETWORK
    data_received........................: 9.5 MB 630 kB/s
    data_sent............................: 1.2 MB 80 kB/s




running (15.0s), 00000/00334 VUs, 4876 complete and 135 interrupted iterations
default ✓ [ 100% ] 00135/00334 VUs  15s  334.00 iters/s
