
         /\      Grafana   /‾‾/  
    /\  /  \     |\  __   /  /   
   /  \/    \    | |/ /  /   ‾‾\ 
  /          \   |   (  |  (‾)  |
 / __________ \  |_|\_\  \_____/ 

     execution: local
        script: workflow/hotel/k6_open_recommendations_client.js
        output: -

     scenarios: (100.00%) 1 scenario, 10000 max VUs, 15s max duration (incl. graceful stop):
              * default: 2749.00 iterations/s for 15s (maxVUs: 2749-10000)


running (00.9s), 00360/02749 VUs, 2116 complete and 0 interrupted iterations
default   [   6% ] 00360/02749 VUs  00.9s/15s  2749.00 iters/s

running (01.9s), 00483/02749 VUs, 4742 complete and 0 interrupted iterations
default   [  13% ] 00483/02749 VUs  01.9s/15s  2749.00 iters/s

running (02.9s), 00410/02749 VUs, 7564 complete and 0 interrupted iterations
default   [  19% ] 00410/02749 VUs  02.9s/15s  2749.00 iters/s

running (03.9s), 00455/02749 VUs, 10268 complete and 0 interrupted iterations
default   [  26% ] 00455/02749 VUs  03.9s/15s  2749.00 iters/s

running (04.9s), 00537/02749 VUs, 12935 complete and 0 interrupted iterations
default   [  33% ] 00537/02749 VUs  04.9s/15s  2749.00 iters/s

running (05.9s), 00417/02749 VUs, 15803 complete and 0 interrupted iterations
default   [  39% ] 00417/02749 VUs  05.9s/15s  2749.00 iters/s

running (06.9s), 00545/02749 VUs, 18425 complete and 0 interrupted iterations
default   [  46% ] 00545/02749 VUs  06.9s/15s  2749.00 iters/s

running (07.9s), 00385/02749 VUs, 21336 complete and 0 interrupted iterations
default   [  53% ] 00385/02749 VUs  07.9s/15s  2749.00 iters/s

running (08.9s), 00512/02749 VUs, 23953 complete and 0 interrupted iterations
default   [  59% ] 00512/02749 VUs  08.9s/15s  2749.00 iters/s

running (09.9s), 00358/02749 VUs, 26859 complete and 0 interrupted iterations
default   [  66% ] 00358/02749 VUs  09.9s/15s  2749.00 iters/s

running (10.9s), 00493/02749 VUs, 29473 complete and 0 interrupted iterations
default   [  73% ] 00494/02749 VUs  10.9s/15s  2749.00 iters/s

running (11.9s), 00465/02749 VUs, 32250 complete and 0 interrupted iterations
default   [  79% ] 00465/02749 VUs  11.9s/15s  2749.00 iters/s

running (12.9s), 00430/02749 VUs, 35035 complete and 0 interrupted iterations
default   [  86% ] 00430/02749 VUs  12.9s/15s  2749.00 iters/s

running (13.9s), 00499/02749 VUs, 37714 complete and 0 interrupted iterations
default   [  93% ] 00498/02749 VUs  13.9s/15s  2749.00 iters/s

running (14.9s), 00405/02749 VUs, 40557 complete and 0 interrupted iterations
default   [  99% ] 00405/02749 VUs  14.9s/15s  2749.00 iters/s


  █ TOTAL RESULTS 

    HTTP
    http_req_duration..............: avg=174.4ms  min=119.96ms med=169.23ms max=378.72ms p(90)=203.48ms p(95)=240.85ms
      { expected_response:true }...: avg=174.4ms  min=119.96ms med=169.23ms max=378.72ms p(90)=203.48ms p(95)=240.85ms
    http_req_failed................: 0.00% 0 out of 40847
    http_reqs......................: 40847 2722.03031/s

    EXECUTION
    iteration_duration.............: avg=174.52ms min=120.08ms med=169.36ms max=379.38ms p(90)=203.6ms  p(95)=240.96ms
    iterations.....................: 40847 2722.03031/s
    vus............................: 405   min=358        max=545 
    vus_max........................: 2749  min=2749       max=2749

    NETWORK
    data_received..................: 22 MB 1.5 MB/s
    data_sent......................: 12 MB 783 kB/s




running (15.0s), 00000/02749 VUs, 40847 complete and 387 interrupted iterations
default ✓ [ 100% ] 00387/02749 VUs  15s  2749.00 iters/s
