
         /\      Grafana   /‾‾/  
    /\  /  \     |\  __   /  /   
   /  \/    \    | |/ /  /   ‾‾\ 
  /          \   |   (  |  (‾)  |
 / __________ \  |_|\_\  \_____/ 

     execution: local
        script: workflow/response/k6_open_client.js
        output: -

     scenarios: (100.00%) 1 scenario, 10000 max VUs, 15s max duration (incl. graceful stop):
              * default: 1002.00 iterations/s for 15s (maxVUs: 1002-10000)


running (01.0s), 00369/01002 VUs, 595 complete and 0 interrupted iterations
default   [   6% ] 00369/01002 VUs  01.0s/15s  1002.00 iters/s

running (02.0s), 00736/01002 VUs, 1230 complete and 0 interrupted iterations
default   [  13% ] 00736/01002 VUs  02.0s/15s  1002.00 iters/s

running (03.0s), 01054/01056 VUs, 1854 complete and 0 interrupted iterations
default   [  20% ] 01054/01056 VUs  03.0s/15s  1002.00 iters/s

running (04.0s), 01241/01242 VUs, 2465 complete and 0 interrupted iterations
default   [  26% ] 01241/01242 VUs  04.0s/15s  1002.00 iters/s

running (05.0s), 01423/01424 VUs, 3085 complete and 0 interrupted iterations
default   [  33% ] 01423/01424 VUs  05.0s/15s  1002.00 iters/s

running (06.0s), 01616/01616 VUs, 3689 complete and 0 interrupted iterations
default   [  40% ] 01616/01616 VUs  06.0s/15s  1002.00 iters/s

running (07.0s), 01803/01804 VUs, 4302 complete and 0 interrupted iterations
default   [  46% ] 01803/01804 VUs  07.0s/15s  1002.00 iters/s

running (08.0s), 01989/01989 VUs, 4905 complete and 0 interrupted iterations
default   [  53% ] 01989/01989 VUs  08.0s/15s  1002.00 iters/s

running (09.0s), 02180/02180 VUs, 5510 complete and 0 interrupted iterations
default   [  60% ] 02180/02180 VUs  09.0s/15s  1002.00 iters/s

running (10.0s), 02378/02379 VUs, 6104 complete and 0 interrupted iterations
default   [  66% ] 02378/02379 VUs  10.0s/15s  1002.00 iters/s

running (11.0s), 02574/02575 VUs, 6701 complete and 0 interrupted iterations
default   [  73% ] 02574/02575 VUs  11.0s/15s  1002.00 iters/s

running (12.0s), 02772/02773 VUs, 7293 complete and 0 interrupted iterations
default   [  80% ] 02772/02773 VUs  12.0s/15s  1002.00 iters/s

running (13.0s), 02973/02973 VUs, 7881 complete and 0 interrupted iterations
default   [  86% ] 02973/02973 VUs  13.0s/15s  1002.00 iters/s

running (14.0s), 03168/03168 VUs, 8476 complete and 0 interrupted iterations
default   [  93% ] 03168/03168 VUs  14.0s/15s  1002.00 iters/s

running (15.0s), 03355/03355 VUs, 9095 complete and 0 interrupted iterations
default   [ 100% ] 03355/03355 VUs  15.0s/15s  1002.00 iters/s


  █ TOTAL RESULTS 

    HTTP
    http_req_duration..............: avg=2.3s min=2.77ms med=2.36s max=4.23s p(90)=3.88s p(95)=4.07s
      { expected_response:true }...: avg=2.3s min=2.77ms med=2.36s max=4.23s p(90)=3.88s p(95)=4.07s
    http_req_failed................: 0.00%  0 out of 9123
    http_reqs......................: 9123   606.98569/s

    EXECUTION
    dropped_iterations.............: 2550   169.660584/s
    iteration_duration.............: avg=2.3s min=3ms    med=2.36s max=4.25s p(90)=3.88s p(95)=4.07s
    iterations.....................: 9123   606.98569/s
    vus............................: 3354   min=369       max=3354
    vus_max........................: 3355   min=1002      max=3355

    NETWORK
    data_received..................: 1.8 MB 123 kB/s
    data_sent......................: 2.4 MB 163 kB/s




running (15.0s), 00000/03363 VUs, 9118 complete and 3363 interrupted iterations
default ✓ [ 100% ] 03363/03363 VUs  15s  1002.00 iters/s
