
         /\      Grafana   /‾‾/  
    /\  /  \     |\  __   /  /   
   /  \/    \    | |/ /  /   ‾‾\ 
  /          \   |   (  |  (‾)  |
 / __________ \  |_|\_\  \_____/ 

     execution: local
        script: workflow/spin/k6_open_client.js
        output: -

     scenarios: (100.00%) 1 scenario, 10000 max VUs, 15s max duration (incl. graceful stop):
              * default: 2688.00 iterations/s for 15s (maxVUs: 2688-10000)


running (00.9s), 00512/02688 VUs, 1945 complete and 0 interrupted iterations
default   [   6% ] 00512/02688 VUs  00.9s/15s  2688.00 iters/s

running (01.9s), 00537/02688 VUs, 4608 complete and 0 interrupted iterations
default   [  13% ] 00537/02688 VUs  01.9s/15s  2688.00 iters/s

running (02.9s), 00610/02688 VUs, 7223 complete and 0 interrupted iterations
default   [  19% ] 00609/02688 VUs  02.9s/15s  2688.00 iters/s

running (03.9s), 00537/02688 VUs, 9984 complete and 0 interrupted iterations
default   [  26% ] 00538/02688 VUs  03.9s/15s  2688.00 iters/s

running (04.9s), 00410/02688 VUs, 12800 complete and 0 interrupted iterations
default   [  33% ] 00410/02688 VUs  04.9s/15s  2688.00 iters/s

running (05.9s), 00519/02688 VUs, 15377 complete and 0 interrupted iterations
default   [  39% ] 00520/02688 VUs  05.9s/15s  2688.00 iters/s

running (06.9s), 00412/02688 VUs, 18176 complete and 0 interrupted iterations
default   [  46% ] 00412/02688 VUs  06.9s/15s  2688.00 iters/s

running (07.9s), 00518/02688 VUs, 20755 complete and 0 interrupted iterations
default   [  53% ] 00518/02688 VUs  07.9s/15s  2688.00 iters/s

running (08.9s), 00409/02688 VUs, 23552 complete and 0 interrupted iterations
default   [  59% ] 00410/02688 VUs  08.9s/15s  2688.00 iters/s

running (09.9s), 00527/02688 VUs, 26123 complete and 0 interrupted iterations
default   [  66% ] 00527/02688 VUs  09.9s/15s  2688.00 iters/s

running (10.9s), 00411/02688 VUs, 28928 complete and 0 interrupted iterations
default   [  73% ] 00411/02688 VUs  10.9s/15s  2688.00 iters/s

running (11.9s), 00530/02688 VUs, 31495 complete and 0 interrupted iterations
default   [  79% ] 00530/02688 VUs  11.9s/15s  2688.00 iters/s

running (12.9s), 00410/02688 VUs, 34304 complete and 0 interrupted iterations
default   [  86% ] 00410/02688 VUs  12.9s/15s  2688.00 iters/s

running (13.9s), 00508/02688 VUs, 36893 complete and 0 interrupted iterations
default   [  93% ] 00508/02688 VUs  13.9s/15s  2688.00 iters/s

running (14.9s), 00410/02688 VUs, 39680 complete and 0 interrupted iterations
default   [  99% ] 00410/02688 VUs  14.9s/15s  2688.00 iters/s


  █ TOTAL RESULTS 

    HTTP
    http_req_duration..............: avg=176.32ms min=127.34ms med=176.79ms max=239.7ms  p(90)=203.25ms p(95)=215.25ms
      { expected_response:true }...: avg=176.32ms min=127.34ms med=176.79ms max=239.7ms  p(90)=203.25ms p(95)=215.25ms
    http_req_failed................: 0.00%  0 out of 39936
    http_reqs......................: 39936  2661.262202/s

    EXECUTION
    iteration_duration.............: avg=176.42ms min=127.41ms med=176.92ms max=239.79ms p(90)=203.35ms p(95)=215.35ms
    iterations.....................: 39936  2661.262202/s
    vus............................: 408    min=408        max=610 
    vus_max........................: 2688   min=2688       max=2688

    NETWORK
    data_received..................: 8.1 MB 540 kB/s
    data_sent......................: 7.7 MB 516 kB/s




running (15.0s), 00000/02688 VUs, 39936 complete and 384 interrupted iterations
default ✓ [ 100% ] 00384/02688 VUs  15s  2688.00 iters/s
