
         /\      Grafana   /‾‾/  
    /\  /  \     |\  __   /  /   
   /  \/    \    | |/ /  /   ‾‾\ 
  /          \   |   (  |  (‾)  |
 / __________ \  |_|\_\  \_____/ 

     execution: local
        script: workflow/hotel/k6_open_recommendations_client.js
        output: -

     scenarios: (100.00%) 1 scenario, 10000 max VUs, 15s max duration (incl. graceful stop):
              * default: 302.00 iterations/s for 15s (maxVUs: 302-10000)


running (01.0s), 00017/00302 VUs, 280 complete and 0 interrupted iterations
default   [   7% ] 00017/00302 VUs  01.0s/15s  302.00 iters/s

running (02.0s), 00009/00302 VUs, 590 complete and 0 interrupted iterations
default   [  13% ] 00009/00302 VUs  02.0s/15s  302.00 iters/s

running (03.0s), 00032/00302 VUs, 869 complete and 0 interrupted iterations
default   [  20% ] 00032/00302 VUs  03.0s/15s  302.00 iters/s

running (04.0s), 00024/00302 VUs, 1179 complete and 0 interrupted iterations
default   [  27% ] 00024/00302 VUs  04.0s/15s  302.00 iters/s

running (05.0s), 00016/00302 VUs, 1489 complete and 0 interrupted iterations
default   [  33% ] 00016/00302 VUs  05.0s/15s  302.00 iters/s

running (06.0s), 00017/00302 VUs, 1790 complete and 0 interrupted iterations
default   [  40% ] 00017/00302 VUs  06.0s/15s  302.00 iters/s

running (07.0s), 00031/00302 VUs, 2078 complete and 0 interrupted iterations
default   [  47% ] 00031/00302 VUs  07.0s/15s  302.00 iters/s

running (08.0s), 00023/00302 VUs, 2388 complete and 0 interrupted iterations
default   [  53% ] 00023/00302 VUs  08.0s/15s  302.00 iters/s

running (09.0s), 00015/00302 VUs, 2698 complete and 0 interrupted iterations
default   [  60% ] 00015/00302 VUs  09.0s/15s  302.00 iters/s

running (10.0s), 00038/00302 VUs, 2977 complete and 0 interrupted iterations
default   [  67% ] 00038/00302 VUs  10.0s/15s  302.00 iters/s

running (11.0s), 00030/00302 VUs, 3287 complete and 0 interrupted iterations
default   [  73% ] 00030/00302 VUs  11.0s/15s  302.00 iters/s

running (12.0s), 00023/00302 VUs, 3596 complete and 0 interrupted iterations
default   [  80% ] 00023/00302 VUs  12.0s/15s  302.00 iters/s

running (13.0s), 00015/00302 VUs, 3906 complete and 0 interrupted iterations
default   [  87% ] 00015/00302 VUs  13.0s/15s  302.00 iters/s

running (14.0s), 00038/00302 VUs, 4185 complete and 0 interrupted iterations
default   [  93% ] 00038/00302 VUs  14.0s/15s  302.00 iters/s

running (15.0s), 00030/00302 VUs, 4495 complete and 0 interrupted iterations
default   [ 100% ] 00030/00302 VUs  15.0s/15s  302.00 iters/s


  █ TOTAL RESULTS 

    HTTP
    http_req_duration..............: avg=75.82ms min=25.04ms med=75.7ms  max=129.75ms p(90)=115.13ms p(95)=120ms  
      { expected_response:true }...: avg=75.82ms min=25.04ms med=75.7ms  max=129.75ms p(90)=115.13ms p(95)=120ms  
    http_req_failed................: 0.00%  0 out of 4495
    http_reqs......................: 4495   299.642681/s

    EXECUTION
    iteration_duration.............: avg=75.94ms min=25.13ms med=75.83ms max=129.87ms p(90)=115.33ms p(95)=120.1ms
    iterations.....................: 4495   299.642681/s
    vus............................: 29     min=9         max=38 
    vus_max........................: 302    min=302       max=302

    NETWORK
    data_received..................: 2.6 MB 171 kB/s
    data_sent......................: 1.3 MB 86 kB/s




running (15.0s), 00000/00302 VUs, 4495 complete and 35 interrupted iterations
default ✓ [ 100% ] 00035/00302 VUs  15s  302.00 iters/s
