
         /\      Grafana   /‾‾/  
    /\  /  \     |\  __   /  /   
   /  \/    \    | |/ /  /   ‾‾\ 
  /          \   |   (  |  (‾)  |
 / __________ \  |_|\_\  \_____/ 

     execution: local
        script: workflow/write/k6_open_client.js
        output: -

     scenarios: (100.00%) 1 scenario, 10000 max VUs, 15s max duration (incl. graceful stop):
              * default: 7528.00 iterations/s for 15s (maxVUs: 7528-10000)


running (00.8s), 00904/07528 VUs, 3706 complete and 0 interrupted iterations
default   [   5% ] 00904/07528 VUs  00.8s/15s  7528.00 iters/s

running (01.8s), 03672/07528 VUs, 9697 complete and 0 interrupted iterations
default   [  12% ] 03672/07528 VUs  01.8s/15s  7528.00 iters/s

running (02.8s), 02748/07528 VUs, 18150 complete and 0 interrupted iterations
default   [  19% ] 02748/07528 VUs  02.8s/15s  7528.00 iters/s

running (03.8s), 01973/07528 VUs, 26453 complete and 0 interrupted iterations
default   [  25% ] 01973/07528 VUs  03.8s/15s  7528.00 iters/s

running (04.8s), 01365/07528 VUs, 34590 complete and 0 interrupted iterations
default   [  32% ] 01365/07528 VUs  04.8s/15s  7528.00 iters/s

running (05.8s), 00297/07528 VUs, 43185 complete and 0 interrupted iterations
default   [  39% ] 00297/07528 VUs  05.8s/15s  7528.00 iters/s

running (06.8s), 00016/07528 VUs, 50994 complete and 0 interrupted iterations
default   [  45% ] 00016/07528 VUs  06.8s/15s  7528.00 iters/s

running (07.8s), 00028/07528 VUs, 58510 complete and 0 interrupted iterations
default   [  52% ] 00028/07528 VUs  07.8s/15s  7528.00 iters/s

running (08.8s), 00012/07528 VUs, 66054 complete and 0 interrupted iterations
default   [  59% ] 00012/07528 VUs  08.8s/15s  7528.00 iters/s

running (09.8s), 00010/07528 VUs, 73584 complete and 0 interrupted iterations
default   [  65% ] 00010/07528 VUs  09.8s/15s  7528.00 iters/s

running (10.8s), 00011/07528 VUs, 81110 complete and 0 interrupted iterations
default   [  72% ] 00011/07528 VUs  10.8s/15s  7528.00 iters/s

running (11.8s), 00012/07528 VUs, 88639 complete and 0 interrupted iterations
default   [  79% ] 00012/07528 VUs  11.8s/15s  7528.00 iters/s

running (12.8s), 00024/07528 VUs, 96154 complete and 0 interrupted iterations
default   [  85% ] 00024/07528 VUs  12.8s/15s  7528.00 iters/s

running (13.8s), 00017/07528 VUs, 103689 complete and 0 interrupted iterations
default   [  92% ] 00017/07528 VUs  13.8s/15s  7528.00 iters/s

running (14.8s), 00018/07528 VUs, 111217 complete and 0 interrupted iterations
default   [  99% ] 00018/07528 VUs  14.8s/15s  7528.00 iters/s


  █ TOTAL RESULTS 

    HTTP
    http_req_duration..............: avg=99.24ms  min=491.4µs  med=3.03ms max=889.75ms p(90)=345.66ms p(95)=411.29ms
      { expected_response:true }...: avg=99.24ms  min=491.4µs  med=3.03ms max=889.75ms p(90)=345.66ms p(95)=411.29ms
    http_req_failed................: 0.00%  0 out of 112915
    http_reqs......................: 112915 7522.664019/s

    EXECUTION
    iteration_duration.............: avg=104.23ms min=530.47µs med=3.09ms max=915.58ms p(90)=363.25ms p(95)=425.25ms
    iterations.....................: 112914 7522.597397/s
    vus............................: 18     min=10          max=3673
    vus_max........................: 7528   min=7528        max=7528

    NETWORK
    data_received..................: 23 MB  1.5 MB/s
    data_sent......................: 11 MB  752 kB/s




running (15.0s), 00000/07528 VUs, 112903 complete and 18 interrupted iterations
default ✓ [ 100% ] 00018/07528 VUs  15s  7528.00 iters/s
