
         /\      Grafana   /‾‾/  
    /\  /  \     |\  __   /  /   
   /  \/    \    | |/ /  /   ‾‾\ 
  /          \   |   (  |  (‾)  |
 / __________ \  |_|\_\  \_____/ 

     execution: local
        script: workflow/write/k6_open_client.js
        output: -

     scenarios: (100.00%) 1 scenario, 10000 max VUs, 15s max duration (incl. graceful stop):
              * default: 5304.00 iterations/s for 15s (maxVUs: 5304-10000)


running (00.8s), 00515/05304 VUs, 3949 complete and 0 interrupted iterations
default   [   6% ] 00515/05304 VUs  00.8s/15s  5304.00 iters/s

running (01.8s), 00305/05304 VUs, 9469 complete and 0 interrupted iterations
default   [  12% ] 00305/05304 VUs  01.8s/15s  5304.00 iters/s

running (02.8s), 00269/05304 VUs, 14803 complete and 0 interrupted iterations
default   [  19% ] 00269/05304 VUs  02.8s/15s  5304.00 iters/s

running (03.8s), 00212/05304 VUs, 20164 complete and 0 interrupted iterations
default   [  26% ] 00212/05304 VUs  03.8s/15s  5304.00 iters/s

running (04.8s), 00232/05304 VUs, 25448 complete and 0 interrupted iterations
default   [  32% ] 00232/05304 VUs  04.8s/15s  5304.00 iters/s

running (05.8s), 00313/05304 VUs, 30668 complete and 0 interrupted iterations
default   [  39% ] 00313/05304 VUs  05.8s/15s  5304.00 iters/s

running (06.8s), 00244/05304 VUs, 36044 complete and 0 interrupted iterations
default   [  46% ] 00244/05304 VUs  06.8s/15s  5304.00 iters/s

running (07.8s), 00194/05304 VUs, 41398 complete and 0 interrupted iterations
default   [  52% ] 00194/05304 VUs  07.8s/15s  5304.00 iters/s

running (08.8s), 00230/05304 VUs, 46661 complete and 0 interrupted iterations
default   [  59% ] 00230/05304 VUs  08.8s/15s  5304.00 iters/s

running (09.8s), 00240/05304 VUs, 51962 complete and 0 interrupted iterations
default   [  66% ] 00240/05304 VUs  09.8s/15s  5304.00 iters/s

running (10.8s), 00249/05304 VUs, 57258 complete and 0 interrupted iterations
default   [  72% ] 00249/05304 VUs  10.8s/15s  5304.00 iters/s

running (11.8s), 00218/05304 VUs, 62590 complete and 0 interrupted iterations
default   [  79% ] 00218/05304 VUs  11.8s/15s  5304.00 iters/s

running (12.8s), 00358/05304 VUs, 67753 complete and 0 interrupted iterations
default   [  86% ] 00358/05304 VUs  12.8s/15s  5304.00 iters/s

running (13.8s), 00234/05304 VUs, 73183 complete and 0 interrupted iterations
default   [  92% ] 00234/05304 VUs  13.8s/15s  5304.00 iters/s

running (14.8s), 00220/05304 VUs, 78505 complete and 0 interrupted iterations
default   [  99% ] 00220/05304 VUs  14.8s/15s  5304.00 iters/s


  █ TOTAL RESULTS 

    HTTP
    http_req_duration..............: avg=50.2ms  min=34.93ms med=45.29ms max=174.76ms p(90)=65.84ms p(95)=94.29ms
      { expected_response:true }...: avg=50.2ms  min=34.93ms med=45.29ms max=174.76ms p(90)=65.84ms p(95)=94.29ms
    http_req_failed................: 0.00%  0 out of 79357
    http_reqs......................: 79357  5287.468399/s

    EXECUTION
    iteration_duration.............: avg=50.29ms min=34.99ms med=45.35ms max=174.95ms p(90)=65.94ms p(95)=94.49ms
    iterations.....................: 79357  5287.468399/s
    vus............................: 220    min=195        max=515 
    vus_max........................: 5304   min=5304       max=5304

    NETWORK
    data_received..................: 16 MB  1.1 MB/s
    data_sent......................: 8.0 MB 530 kB/s




running (15.0s), 00000/05304 VUs, 79349 complete and 212 interrupted iterations
default ✓ [ 100% ] 00212/05304 VUs  15s  5304.00 iters/s
