
         /\      Grafana   /‾‾/  
    /\  /  \     |\  __   /  /   
   /  \/    \    | |/ /  /   ‾‾\ 
  /          \   |   (  |  (‾)  |
 / __________ \  |_|\_\  \_____/ 

     execution: local
        script: workflow/hotel/k6_open_hotels_client.js
        output: -

     scenarios: (100.00%) 1 scenario, 10000 max VUs, 10s max duration (incl. graceful stop):
              * default: 819.00 iterations/s for 10s (maxVUs: 819-10000)


running (01.0s), 00027/00819 VUs, 761 complete and 0 interrupted iterations
default   [  10% ] 00027/00819 VUs  01.0s/10s  819.00 iters/s

running (02.0s), 00012/00819 VUs, 1596 complete and 0 interrupted iterations
default   [  20% ] 00012/00819 VUs  02.0s/10s  819.00 iters/s

running (03.0s), 00002/00819 VUs, 2424 complete and 0 interrupted iterations
default   [  30% ] 00002/00819 VUs  03.0s/10s  819.00 iters/s

running (04.0s), 00007/00819 VUs, 3239 complete and 0 interrupted iterations
default   [  40% ] 00007/00819 VUs  04.0s/10s  819.00 iters/s

running (05.0s), 00008/00819 VUs, 4056 complete and 0 interrupted iterations
default   [  50% ] 00008/00819 VUs  05.0s/10s  819.00 iters/s

running (06.0s), 00013/00819 VUs, 4871 complete and 0 interrupted iterations
default   [  60% ] 00013/00819 VUs  06.0s/10s  819.00 iters/s

running (07.0s), 00022/00819 VUs, 5681 complete and 0 interrupted iterations
default   [  70% ] 00022/00819 VUs  07.0s/10s  819.00 iters/s

running (08.0s), 00024/00819 VUs, 6498 complete and 0 interrupted iterations
default   [  80% ] 00024/00819 VUs  08.0s/10s  819.00 iters/s

running (09.0s), 00003/00819 VUs, 7337 complete and 0 interrupted iterations
default   [  90% ] 00003/00819 VUs  09.0s/10s  819.00 iters/s

running (10.0s), 00004/00819 VUs, 8156 complete and 0 interrupted iterations
default   [ 100% ] 00004/00819 VUs  10.0s/10s  819.00 iters/s


  █ TOTAL RESULTS 

    HTTP
    http_req_duration..............: avg=17.31ms min=1.94ms med=17.77ms max=44.8ms  p(90)=31.64ms p(95)=34.99ms
      { expected_response:true }...: avg=17.31ms min=1.94ms med=17.77ms max=44.8ms  p(90)=31.64ms p(95)=34.99ms
    http_req_failed................: 0.00%  0 out of 8188
    http_reqs......................: 8188   818.646841/s

    EXECUTION
    iteration_duration.............: avg=17.43ms min=2.04ms med=17.88ms max=45.06ms p(90)=31.81ms p(95)=35.24ms
    iterations.....................: 8188   818.646841/s
    vus............................: 4      min=2         max=27 
    vus_max........................: 819    min=819       max=819

    NETWORK
    data_received..................: 2.3 MB 233 kB/s
    data_sent......................: 2.7 MB 269 kB/s




running (10.0s), 00000/00819 VUs, 8188 complete and 3 interrupted iterations
default ✓ [ 100% ] 00003/00819 VUs  10s  819.00 iters/s
