
         /\      Grafana   /‾‾/  
    /\  /  \     |\  __   /  /   
   /  \/    \    | |/ /  /   ‾‾\ 
  /          \   |   (  |  (‾)  |
 / __________ \  |_|\_\  \_____/ 

     execution: local
        script: workflow/response/k6_open_client.js
        output: -

     scenarios: (100.00%) 1 scenario, 10000 max VUs, 15s max duration (incl. graceful stop):
              * default: 526.00 iterations/s for 15s (maxVUs: 526-10000)


running (01.0s), 00026/00526 VUs, 486 complete and 0 interrupted iterations
default   [   6% ] 00026/00526 VUs  01.0s/15s  526.00 iters/s

running (02.0s), 00022/00526 VUs, 1016 complete and 0 interrupted iterations
default   [  13% ] 00023/00526 VUs  02.0s/15s  526.00 iters/s

running (03.0s), 00026/00526 VUs, 1539 complete and 0 interrupted iterations
default   [  20% ] 00026/00526 VUs  03.0s/15s  526.00 iters/s

running (04.0s), 00031/00526 VUs, 2060 complete and 0 interrupted iterations
default   [  26% ] 00031/00526 VUs  04.0s/15s  526.00 iters/s

running (05.0s), 00031/00526 VUs, 2585 complete and 0 interrupted iterations
default   [  33% ] 00032/00526 VUs  05.0s/15s  526.00 iters/s

running (06.0s), 00032/00526 VUs, 3110 complete and 0 interrupted iterations
default   [  40% ] 00032/00526 VUs  06.0s/15s  526.00 iters/s

running (07.0s), 00034/00526 VUs, 3634 complete and 0 interrupted iterations
default   [  46% ] 00035/00526 VUs  07.0s/15s  526.00 iters/s

running (08.0s), 00023/00526 VUs, 4171 complete and 0 interrupted iterations
default   [  53% ] 00024/00526 VUs  08.0s/15s  526.00 iters/s

running (09.0s), 00027/00526 VUs, 4693 complete and 0 interrupted iterations
default   [  60% ] 00028/00526 VUs  09.0s/15s  526.00 iters/s

running (10.0s), 00029/00526 VUs, 5218 complete and 0 interrupted iterations
default   [  66% ] 00029/00526 VUs  10.0s/15s  526.00 iters/s

running (11.0s), 00032/00526 VUs, 5741 complete and 0 interrupted iterations
default   [  73% ] 00032/00526 VUs  11.0s/15s  526.00 iters/s

running (12.0s), 00023/00526 VUs, 6276 complete and 0 interrupted iterations
default   [  80% ] 00023/00526 VUs  12.0s/15s  526.00 iters/s

running (13.0s), 00031/00526 VUs, 6794 complete and 0 interrupted iterations
default   [  86% ] 00031/00526 VUs  13.0s/15s  526.00 iters/s

running (14.0s), 00024/00526 VUs, 7326 complete and 0 interrupted iterations
default   [  93% ] 00024/00526 VUs  14.0s/15s  526.00 iters/s

running (15.0s), 00028/00526 VUs, 7848 complete and 0 interrupted iterations
default   [ 100% ] 00028/00526 VUs  15.0s/15s  526.00 iters/s


  █ TOTAL RESULTS 

    HTTP
    http_req_duration..............: avg=49.01ms min=28.37ms med=48.96ms max=74.16ms p(90)=61ms    p(95)=63.03ms
      { expected_response:true }...: avg=49.01ms min=28.37ms med=48.96ms max=74.16ms p(90)=61ms    p(95)=63.03ms
    http_req_failed................: 0.00%  0 out of 7865
    http_reqs......................: 7865   524.257668/s

    EXECUTION
    iteration_duration.............: avg=49.1ms  min=28.43ms med=49.05ms max=74.24ms p(90)=61.09ms p(95)=63.13ms
    iterations.....................: 7865   524.257668/s
    vus............................: 29     min=23        max=35 
    vus_max........................: 526    min=526       max=526

    NETWORK
    data_received..................: 1.6 MB 106 kB/s
    data_sent......................: 1.5 MB 103 kB/s




running (15.0s), 00000/00526 VUs, 7865 complete and 25 interrupted iterations
default ✓ [ 100% ] 00025/00526 VUs  15s  526.00 iters/s
