
         /\      Grafana   /‾‾/  
    /\  /  \     |\  __   /  /   
   /  \/    \    | |/ /  /   ‾‾\ 
  /          \   |   (  |  (‾)  |
 / __________ \  |_|\_\  \_____/ 

     execution: local
        script: workflow/hotel/k6_open_recommendations_client.js
        output: -

     scenarios: (100.00%) 1 scenario, 10000 max VUs, 15s max duration (incl. graceful stop):
              * default: 6269.00 iterations/s for 15s (maxVUs: 6269-10000)


running (00.8s), 01263/06269 VUs, 3533 complete and 0 interrupted iterations
default   [   5% ] 01263/06269 VUs  00.8s/15s  6269.00 iters/s

running (01.8s), 02004/06269 VUs, 9217 complete and 0 interrupted iterations
default   [  12% ] 02005/06269 VUs  01.8s/15s  6269.00 iters/s

running (02.8s), 01966/06269 VUs, 15525 complete and 0 interrupted iterations
default   [  19% ] 01966/06269 VUs  02.8s/15s  6269.00 iters/s

running (03.8s), 02355/06269 VUs, 21405 complete and 0 interrupted iterations
default   [  25% ] 02355/06269 VUs  03.8s/15s  6269.00 iters/s

running (04.8s), 02330/06269 VUs, 27699 complete and 0 interrupted iterations
default   [  32% ] 02330/06269 VUs  04.8s/15s  6269.00 iters/s

running (05.8s), 02322/06269 VUs, 33976 complete and 0 interrupted iterations
default   [  39% ] 02322/06269 VUs  05.8s/15s  6269.00 iters/s

running (06.8s), 02166/06269 VUs, 40401 complete and 0 interrupted iterations
default   [  45% ] 02166/06269 VUs  06.8s/15s  6269.00 iters/s

running (07.8s), 01447/06269 VUs, 47389 complete and 0 interrupted iterations
default   [  52% ] 01447/06269 VUs  07.8s/15s  6269.00 iters/s

running (08.8s), 00879/06269 VUs, 54226 complete and 0 interrupted iterations
default   [  59% ] 00879/06269 VUs  08.8s/15s  6269.00 iters/s

running (09.8s), 00346/06269 VUs, 61028 complete and 0 interrupted iterations
default   [  65% ] 00346/06269 VUs  09.8s/15s  6269.00 iters/s

running (10.8s), 00031/06269 VUs, 67612 complete and 0 interrupted iterations
default   [  72% ] 00031/06269 VUs  10.8s/15s  6269.00 iters/s

running (11.8s), 00015/06269 VUs, 73896 complete and 0 interrupted iterations
default   [  79% ] 00016/06269 VUs  11.8s/15s  6269.00 iters/s

running (12.8s), 00075/06269 VUs, 80110 complete and 0 interrupted iterations
default   [  85% ] 00075/06269 VUs  12.8s/15s  6269.00 iters/s

running (13.8s), 00019/06269 VUs, 86431 complete and 0 interrupted iterations
default   [  92% ] 00019/06269 VUs  13.8s/15s  6269.00 iters/s

running (14.8s), 00022/06269 VUs, 92698 complete and 0 interrupted iterations
default   [  99% ] 00022/06269 VUs  14.8s/15s  6269.00 iters/s


  █ TOTAL RESULTS 

    HTTP
    http_req_duration..............: avg=183.29ms min=990.79µs med=181.82ms max=647.68ms p(90)=377.47ms p(95)=389.66ms
      { expected_response:true }...: avg=183.29ms min=990.79µs med=181.82ms max=647.68ms p(90)=377.47ms p(95)=389.66ms
    http_req_failed................: 0.00% 0 out of 94034
    http_reqs......................: 94034 6265.405018/s

    EXECUTION
    iteration_duration.............: avg=183.88ms min=1.06ms   med=182.05ms max=647.77ms p(90)=377.61ms p(95)=389.81ms
    iterations.....................: 94034 6265.405018/s
    vus............................: 21    min=16         max=2356
    vus_max........................: 6269  min=6269       max=6269

    NETWORK
    data_received..................: 46 MB 3.0 MB/s
    data_sent......................: 27 MB 1.8 MB/s




running (15.0s), 00000/06269 VUs, 94027 complete and 9 interrupted iterations
default ✓ [ 100% ] 00009/06269 VUs  15s  6269.00 iters/s
