
         /\      Grafana   /‾‾/  
    /\  /  \     |\  __   /  /   
   /  \/    \    | |/ /  /   ‾‾\ 
  /          \   |   (  |  (‾)  |
 / __________ \  |_|\_\  \_____/ 

     execution: local
        script: workflow/spin/k6_open_client.js
        output: -

     scenarios: (100.00%) 1 scenario, 10000 max VUs, 15s max duration (incl. graceful stop):
              * default: 3960.00 iterations/s for 15s (maxVUs: 3960-10000)


running (00.9s), 00265/03960 VUs, 3202 complete and 0 interrupted iterations
default   [   6% ] 00265/03960 VUs  00.9s/15s  3960.00 iters/s

running (01.9s), 00295/03960 VUs, 7132 complete and 0 interrupted iterations
default   [  13% ] 00295/03960 VUs  01.9s/15s  3960.00 iters/s

running (02.9s), 00326/03960 VUs, 11064 complete and 0 interrupted iterations
default   [  19% ] 00326/03960 VUs  02.9s/15s  3960.00 iters/s

running (03.9s), 00408/03960 VUs, 14941 complete and 0 interrupted iterations
default   [  26% ] 00408/03960 VUs  03.9s/15s  3960.00 iters/s

running (04.9s), 00398/03960 VUs, 18909 complete and 0 interrupted iterations
default   [  33% ] 00398/03960 VUs  04.9s/15s  3960.00 iters/s

running (05.9s), 00535/03960 VUs, 22732 complete and 0 interrupted iterations
default   [  39% ] 00535/03960 VUs  05.9s/15s  3960.00 iters/s

running (06.9s), 00675/03960 VUs, 26548 complete and 0 interrupted iterations
default   [  46% ] 00676/03960 VUs  06.9s/15s  3960.00 iters/s

running (07.9s), 00683/03960 VUs, 30504 complete and 0 interrupted iterations
default   [  53% ] 00683/03960 VUs  07.9s/15s  3960.00 iters/s

running (08.9s), 00515/03960 VUs, 34630 complete and 0 interrupted iterations
default   [  59% ] 00515/03960 VUs  08.9s/15s  3960.00 iters/s

running (09.9s), 00760/03960 VUs, 38351 complete and 0 interrupted iterations
default   [  66% ] 00760/03960 VUs  09.9s/15s  3960.00 iters/s

running (10.9s), 00687/03960 VUs, 42383 complete and 0 interrupted iterations
default   [  73% ] 00687/03960 VUs  10.9s/15s  3960.00 iters/s

running (11.9s), 00580/03960 VUs, 46450 complete and 0 interrupted iterations
default   [  79% ] 00580/03960 VUs  11.9s/15s  3960.00 iters/s

running (12.9s), 00600/03960 VUs, 50387 complete and 0 interrupted iterations
default   [  86% ] 00600/03960 VUs  12.9s/15s  3960.00 iters/s

running (13.9s), 00498/03960 VUs, 54449 complete and 0 interrupted iterations
default   [  93% ] 00498/03960 VUs  13.9s/15s  3960.00 iters/s

running (14.9s), 00410/03960 VUs, 58496 complete and 0 interrupted iterations
default   [  99% ] 00410/03960 VUs  14.9s/15s  3960.00 iters/s


  █ TOTAL RESULTS 

    HTTP
    http_req_duration..............: avg=126.35ms min=50.85ms med=133.57ms max=204.06ms p(90)=173.87ms p(95)=181.27ms
      { expected_response:true }...: avg=126.35ms min=50.85ms med=133.57ms max=204.06ms p(90)=173.87ms p(95)=181.27ms
    http_req_failed................: 0.00% 0 out of 59008
    http_reqs......................: 59008 3931.782676/s

    EXECUTION
    iteration_duration.............: avg=126.45ms min=50.92ms med=133.64ms max=204.13ms p(90)=173.95ms p(95)=181.34ms
    iterations.....................: 59008 3931.782676/s
    vus............................: 410   min=264        max=757 
    vus_max........................: 3960  min=3960       max=3960

    NETWORK
    data_received..................: 12 MB 798 kB/s
    data_sent......................: 11 MB 760 kB/s




running (15.0s), 00000/03960 VUs, 59008 complete and 390 interrupted iterations
default ✓ [ 100% ] 00390/03960 VUs  15s  3960.00 iters/s
