
         /\      Grafana   /‾‾/  
    /\  /  \     |\  __   /  /   
   /  \/    \    | |/ /  /   ‾‾\ 
  /          \   |   (  |  (‾)  |
 / __________ \  |_|\_\  \_____/ 

     execution: local
        script: workflow/spin/k6_open_client.js
        output: -

     scenarios: (100.00%) 1 scenario, 10000 max VUs, 15s max duration (incl. graceful stop):
              * default: 2400.00 iterations/s for 15s (maxVUs: 2400-10000)


running (00.9s), 00415/02400 VUs, 1779 complete and 0 interrupted iterations
default   [   6% ] 00415/02400 VUs  00.9s/15s  2400.00 iters/s

running (01.9s), 00382/02400 VUs, 4212 complete and 0 interrupted iterations
default   [  13% ] 00382/02400 VUs  01.9s/15s  2400.00 iters/s

running (02.9s), 00373/02400 VUs, 6620 complete and 0 interrupted iterations
default   [  19% ] 00373/02400 VUs  02.9s/15s  2400.00 iters/s

running (03.9s), 00484/02400 VUs, 8909 complete and 0 interrupted iterations
default   [  26% ] 00485/02400 VUs  03.9s/15s  2400.00 iters/s

running (04.9s), 00340/02400 VUs, 11452 complete and 0 interrupted iterations
default   [  33% ] 00340/02400 VUs  04.9s/15s  2400.00 iters/s

running (05.9s), 00436/02400 VUs, 13758 complete and 0 interrupted iterations
default   [  39% ] 00436/02400 VUs  05.9s/15s  2400.00 iters/s

running (06.9s), 00583/02400 VUs, 16010 complete and 0 interrupted iterations
default   [  46% ] 00583/02400 VUs  06.9s/15s  2400.00 iters/s

running (07.9s), 00490/02400 VUs, 18504 complete and 0 interrupted iterations
default   [  53% ] 00490/02400 VUs  07.9s/15s  2400.00 iters/s

running (08.9s), 00368/02400 VUs, 21024 complete and 0 interrupted iterations
default   [  59% ] 00368/02400 VUs  08.9s/15s  2400.00 iters/s

running (09.9s), 00446/02400 VUs, 23345 complete and 0 interrupted iterations
default   [  66% ] 00446/02400 VUs  09.9s/15s  2400.00 iters/s

running (10.9s), 00319/02400 VUs, 25874 complete and 0 interrupted iterations
default   [  73% ] 00319/02400 VUs  10.9s/15s  2400.00 iters/s

running (11.9s), 00409/02400 VUs, 28182 complete and 0 interrupted iterations
default   [  79% ] 00409/02400 VUs  11.9s/15s  2400.00 iters/s

running (12.9s), 00394/02400 VUs, 30600 complete and 0 interrupted iterations
default   [  86% ] 00394/02400 VUs  12.9s/15s  2400.00 iters/s

running (13.9s), 00373/02400 VUs, 33019 complete and 0 interrupted iterations
default   [  93% ] 00373/02400 VUs  13.9s/15s  2400.00 iters/s

running (14.9s), 00488/02400 VUs, 35307 complete and 0 interrupted iterations
default   [  99% ] 00488/02400 VUs  14.9s/15s  2400.00 iters/s


  █ TOTAL RESULTS 

    HTTP
    http_req_duration..............: avg=181.8ms  min=119.21ms med=179.41ms max=296.86ms p(90)=210.66ms p(95)=234.47ms
      { expected_response:true }...: avg=181.8ms  min=119.21ms med=179.41ms max=296.86ms p(90)=210.66ms p(95)=234.47ms
    http_req_failed................: 0.00%  0 out of 35563
    http_reqs......................: 35563  2369.871227/s

    EXECUTION
    iteration_duration.............: avg=181.89ms min=119.31ms med=179.53ms max=296.94ms p(90)=210.75ms p(95)=234.55ms
    iterations.....................: 35563  2369.871227/s
    vus............................: 488    min=318        max=581 
    vus_max........................: 2400   min=2400       max=2400

    NETWORK
    data_received..................: 7.2 MB 481 kB/s
    data_sent......................: 6.9 MB 460 kB/s




running (15.0s), 00000/02400 VUs, 35563 complete and 437 interrupted iterations
default ✓ [ 100% ] 00437/02400 VUs  15s  2400.00 iters/s
