
         /\      Grafana   /‾‾/  
    /\  /  \     |\  __   /  /   
   /  \/    \    | |/ /  /   ‾‾\ 
  /          \   |   (  |  (‾)  |
 / __________ \  |_|\_\  \_____/ 

     execution: local
        script: workflow/spin/k6_open_client.js
        output: -

     scenarios: (100.00%) 1 scenario, 10000 max VUs, 15s max duration (incl. graceful stop):
              * default: 4185.00 iterations/s for 15s (maxVUs: 4185-10000)


running (00.9s), 00293/04185 VUs, 3324 complete and 0 interrupted iterations
default   [   6% ] 00293/04185 VUs  00.9s/15s  4185.00 iters/s

running (01.9s), 00265/04185 VUs, 7539 complete and 0 interrupted iterations
default   [  12% ] 00265/04185 VUs  01.9s/15s  4185.00 iters/s

running (02.9s), 00250/04185 VUs, 11737 complete and 0 interrupted iterations
default   [  19% ] 00250/04185 VUs  02.9s/15s  4185.00 iters/s

running (03.9s), 00233/04185 VUs, 15939 complete and 0 interrupted iterations
default   [  26% ] 00233/04185 VUs  03.9s/15s  4185.00 iters/s

running (04.9s), 00285/04185 VUs, 20072 complete and 0 interrupted iterations
default   [  32% ] 00285/04185 VUs  04.9s/15s  4185.00 iters/s

running (05.9s), 00256/04185 VUs, 24289 complete and 0 interrupted iterations
default   [  39% ] 00256/04185 VUs  05.9s/15s  4185.00 iters/s

running (06.9s), 00254/04185 VUs, 28477 complete and 0 interrupted iterations
default   [  46% ] 00254/04185 VUs  06.9s/15s  4185.00 iters/s

running (07.9s), 00259/04185 VUs, 32654 complete and 0 interrupted iterations
default   [  52% ] 00259/04185 VUs  07.9s/15s  4185.00 iters/s

running (08.9s), 00233/04185 VUs, 36865 complete and 0 interrupted iterations
default   [  59% ] 00233/04185 VUs  08.9s/15s  4185.00 iters/s

running (09.9s), 00265/04185 VUs, 41017 complete and 0 interrupted iterations
default   [  66% ] 00265/04185 VUs  09.9s/15s  4185.00 iters/s

running (10.9s), 00245/04185 VUs, 45222 complete and 0 interrupted iterations
default   [  72% ] 00245/04185 VUs  10.9s/15s  4185.00 iters/s

running (11.9s), 00244/04185 VUs, 49409 complete and 0 interrupted iterations
default   [  79% ] 00244/04185 VUs  11.9s/15s  4185.00 iters/s

running (12.9s), 00323/04185 VUs, 53514 complete and 0 interrupted iterations
default   [  86% ] 00323/04185 VUs  12.9s/15s  4185.00 iters/s

running (13.9s), 00285/04185 VUs, 57738 complete and 0 interrupted iterations
default   [  92% ] 00285/04185 VUs  13.9s/15s  4185.00 iters/s

running (14.9s), 00250/04185 VUs, 61954 complete and 0 interrupted iterations
default   [  99% ] 00250/04185 VUs  14.9s/15s  4185.00 iters/s


  █ TOTAL RESULTS 

    HTTP
    http_req_duration..............: avg=62.78ms min=44.92ms med=61.46ms max=105.7ms  p(90)=71.81ms p(95)=77.06ms
      { expected_response:true }...: avg=62.78ms min=44.92ms med=61.46ms max=105.7ms  p(90)=71.81ms p(95)=77.06ms
    http_req_failed................: 0.00% 0 out of 62494
    http_reqs......................: 62494 4164.079435/s

    EXECUTION
    iteration_duration.............: avg=62.88ms min=45ms    med=61.54ms max=105.93ms p(90)=71.95ms p(95)=77.2ms 
    iterations.....................: 62493 4164.012803/s
    vus............................: 250   min=233        max=323 
    vus_max........................: 4185  min=4185       max=4185

    NETWORK
    data_received..................: 13 MB 845 kB/s
    data_sent......................: 12 MB 803 kB/s




running (15.0s), 00000/04185 VUs, 62481 complete and 296 interrupted iterations
default ✓ [ 100% ] 00296/04185 VUs  15s  4185.00 iters/s
