
         /\      Grafana   /‾‾/  
    /\  /  \     |\  __   /  /   
   /  \/    \    | |/ /  /   ‾‾\ 
  /          \   |   (  |  (‾)  |
 / __________ \  |_|\_\  \_____/ 

     execution: local
        script: workflow/spin/k6_open_client.js
        output: -

     scenarios: (100.00%) 1 scenario, 10000 max VUs, 15s max duration (incl. graceful stop):
              * default: 1499.00 iterations/s for 15s (maxVUs: 1499-10000)


running (00.9s), 00896/01499 VUs, 512 complete and 0 interrupted iterations
default   [   6% ] 00896/01499 VUs  00.9s/15s  1499.00 iters/s

running (01.9s), 00890/01499 VUs, 2018 complete and 0 interrupted iterations
default   [  13% ] 00891/01499 VUs  01.9s/15s  1499.00 iters/s

running (02.9s), 00715/01499 VUs, 3693 complete and 0 interrupted iterations
default   [  20% ] 00715/01499 VUs  02.9s/15s  1499.00 iters/s

running (03.9s), 00666/01499 VUs, 5240 complete and 0 interrupted iterations
default   [  26% ] 00666/01499 VUs  03.9s/15s  1499.00 iters/s

running (04.9s), 00786/01499 VUs, 6620 complete and 0 interrupted iterations
default   [  33% ] 00786/01499 VUs  04.9s/15s  1499.00 iters/s

running (05.9s), 00923/01499 VUs, 7983 complete and 0 interrupted iterations
default   [  40% ] 00923/01499 VUs  05.9s/15s  1499.00 iters/s

running (06.9s), 00554/01499 VUs, 9849 complete and 0 interrupted iterations
default   [  46% ] 00554/01499 VUs  06.9s/15s  1499.00 iters/s

running (07.9s), 00675/01499 VUs, 11228 complete and 0 interrupted iterations
default   [  53% ] 00676/01499 VUs  07.9s/15s  1499.00 iters/s

running (08.9s), 00788/01499 VUs, 12613 complete and 0 interrupted iterations
default   [  60% ] 00788/01499 VUs  08.9s/15s  1499.00 iters/s

running (09.9s), 00903/01499 VUs, 13998 complete and 0 interrupted iterations
default   [  66% ] 00903/01499 VUs  09.9s/15s  1499.00 iters/s

running (10.9s), 00962/01499 VUs, 15438 complete and 0 interrupted iterations
default   [  73% ] 00962/01499 VUs  10.9s/15s  1499.00 iters/s

running (11.9s), 00687/01499 VUs, 17211 complete and 0 interrupted iterations
default   [  80% ] 00687/01499 VUs  11.9s/15s  1499.00 iters/s

running (12.9s), 00812/01499 VUs, 18586 complete and 0 interrupted iterations
default   [  86% ] 00812/01499 VUs  12.9s/15s  1499.00 iters/s

running (13.9s), 00933/01499 VUs, 19964 complete and 0 interrupted iterations
default   [  93% ] 00933/01499 VUs  13.9s/15s  1499.00 iters/s

running (14.9s), 00861/01499 VUs, 21535 complete and 0 interrupted iterations
default   [ 100% ] 00861/01499 VUs  14.9s/15s  1499.00 iters/s


  █ TOTAL RESULTS 

    HTTP
    http_req_duration..............: avg=512.67ms min=310.85ms med=513.43ms max=695.89ms p(90)=625.09ms p(95)=646.52ms
      { expected_response:true }...: avg=512.67ms min=310.85ms med=513.43ms max=695.89ms p(90)=625.09ms p(95)=646.52ms
    http_req_failed................: 0.00%  0 out of 21799
    http_reqs......................: 21799  1452.71512/s

    EXECUTION
    iteration_duration.............: avg=512.76ms min=310.94ms med=513.64ms max=695.98ms p(90)=625.24ms p(95)=646.6ms 
    iterations.....................: 21799  1452.71512/s
    vus............................: 862    min=554        max=963 
    vus_max........................: 1499   min=1499       max=1499

    NETWORK
    data_received..................: 4.4 MB 295 kB/s
    data_sent......................: 4.3 MB 288 kB/s




running (15.0s), 00000/01499 VUs, 21799 complete and 687 interrupted iterations
default ✓ [ 100% ] 00687/01499 VUs  15s  1499.00 iters/s
