
         /\      Grafana   /‾‾/  
    /\  /  \     |\  __   /  /   
   /  \/    \    | |/ /  /   ‾‾\ 
  /          \   |   (  |  (‾)  |
 / __________ \  |_|\_\  \_____/ 

     execution: local
        script: workflow/spin/k6_open_client.js
        output: -

     scenarios: (100.00%) 1 scenario, 10000 max VUs, 15s max duration (incl. graceful stop):
              * default: 1964.00 iterations/s for 15s (maxVUs: 1964-10000)


running (00.9s), 00803/01964 VUs, 1024 complete and 0 interrupted iterations
default   [   6% ] 00803/01964 VUs  00.9s/15s  1964.00 iters/s

running (01.9s), 00954/01964 VUs, 2836 complete and 0 interrupted iterations
default   [  13% ] 00954/01964 VUs  01.9s/15s  1964.00 iters/s

running (02.9s), 01146/01964 VUs, 4608 complete and 0 interrupted iterations
default   [  20% ] 01146/01964 VUs  02.9s/15s  1964.00 iters/s

running (03.9s), 01064/01964 VUs, 6656 complete and 0 interrupted iterations
default   [  26% ] 01064/01964 VUs  03.9s/15s  1964.00 iters/s

running (04.9s), 01255/01964 VUs, 8427 complete and 0 interrupted iterations
default   [  33% ] 01255/01964 VUs  04.9s/15s  1964.00 iters/s

running (05.9s), 01407/01964 VUs, 10240 complete and 0 interrupted iterations
default   [  40% ] 01407/01964 VUs  05.9s/15s  1964.00 iters/s

running (06.9s), 01324/01964 VUs, 12288 complete and 0 interrupted iterations
default   [  46% ] 01324/01964 VUs  06.9s/15s  1964.00 iters/s

running (07.9s), 01238/01964 VUs, 14336 complete and 0 interrupted iterations
default   [  53% ] 01239/01964 VUs  07.9s/15s  1964.00 iters/s

running (08.9s), 01611/01964 VUs, 15928 complete and 0 interrupted iterations
default   [  60% ] 01611/01964 VUs  08.9s/15s  1964.00 iters/s

running (09.9s), 01582/01964 VUs, 17920 complete and 0 interrupted iterations
default   [  66% ] 01583/01964 VUs  09.9s/15s  1964.00 iters/s

running (10.9s), 01499/01964 VUs, 19968 complete and 0 interrupted iterations
default   [  73% ] 01499/01964 VUs  10.9s/15s  1964.00 iters/s

running (11.9s), 01690/01964 VUs, 21740 complete and 0 interrupted iterations
default   [  80% ] 01690/01964 VUs  11.9s/15s  1964.00 iters/s

running (12.9s), 01794/01964 VUs, 23600 complete and 0 interrupted iterations
default   [  86% ] 01794/01964 VUs  12.9s/15s  1964.00 iters/s

running (13.9s), 01758/01964 VUs, 25600 complete and 0 interrupted iterations
default   [  93% ] 01758/01964 VUs  13.9s/15s  1964.00 iters/s

running (14.9s), 01674/01964 VUs, 27648 complete and 0 interrupted iterations
default   [ 100% ] 01675/01964 VUs  14.9s/15s  1964.00 iters/s


  █ TOTAL RESULTS 

    HTTP
    http_req_duration..............: avg=697.99ms min=357.14ms med=714.27ms max=940.81ms p(90)=876.24ms p(95)=904.14ms
      { expected_response:true }...: avg=697.99ms min=357.14ms med=714.27ms max=940.81ms p(90)=876.24ms p(95)=904.14ms
    http_req_failed................: 0.00%  0 out of 27648
    http_reqs......................: 27648  1841.345582/s

    EXECUTION
    iteration_duration.............: avg=698.08ms min=357.37ms med=714.35ms max=940.9ms  p(90)=876.29ms p(95)=904.22ms
    iterations.....................: 27648  1841.345582/s
    vus............................: 1675   min=804        max=1793
    vus_max........................: 1964   min=1964       max=1964

    NETWORK
    data_received..................: 5.6 MB 374 kB/s
    data_sent......................: 5.7 MB 377 kB/s




running (15.0s), 00000/01964 VUs, 27648 complete and 1811 interrupted iterations
default ✓ [ 100% ] 01811/01964 VUs  15s  1964.00 iters/s
