
         /\      Grafana   /‾‾/  
    /\  /  \     |\  __   /  /   
   /  \/    \    | |/ /  /   ‾‾\ 
  /          \   |   (  |  (‾)  |
 / __________ \  |_|\_\  \_____/ 

     execution: local
        script: workflow/response/k6_open_client.js
        output: -

     scenarios: (100.00%) 1 scenario, 10000 max VUs, 15s max duration (incl. graceful stop):
              * default: 3449.00 iterations/s for 15s (maxVUs: 3449-10000)


running (00.9s), 00188/03449 VUs, 2845 complete and 0 interrupted iterations
default   [   6% ] 00189/03449 VUs  00.9s/15s  3449.00 iters/s

running (01.9s), 00242/03449 VUs, 6238 complete and 0 interrupted iterations
default   [  13% ] 00242/03449 VUs  01.9s/15s  3449.00 iters/s

running (02.9s), 00223/03449 VUs, 9706 complete and 0 interrupted iterations
default   [  19% ] 00223/03449 VUs  02.9s/15s  3449.00 iters/s

running (03.9s), 00236/03449 VUs, 13142 complete and 0 interrupted iterations
default   [  26% ] 00236/03449 VUs  03.9s/15s  3449.00 iters/s

running (04.9s), 00233/03449 VUs, 16595 complete and 0 interrupted iterations
default   [  33% ] 00233/03449 VUs  04.9s/15s  3449.00 iters/s

running (05.9s), 00197/03449 VUs, 20078 complete and 0 interrupted iterations
default   [  39% ] 00197/03449 VUs  05.9s/15s  3449.00 iters/s

running (06.9s), 00205/03449 VUs, 23520 complete and 0 interrupted iterations
default   [  46% ] 00205/03449 VUs  06.9s/15s  3449.00 iters/s

running (07.9s), 00212/03449 VUs, 26962 complete and 0 interrupted iterations
default   [  53% ] 00212/03449 VUs  07.9s/15s  3449.00 iters/s

running (08.9s), 00188/03449 VUs, 30438 complete and 0 interrupted iterations
default   [  59% ] 00188/03449 VUs  08.9s/15s  3449.00 iters/s

running (09.9s), 00221/03449 VUs, 33851 complete and 0 interrupted iterations
default   [  66% ] 00221/03449 VUs  09.9s/15s  3449.00 iters/s

running (10.9s), 00192/03449 VUs, 37329 complete and 0 interrupted iterations
default   [  73% ] 00192/03449 VUs  10.9s/15s  3449.00 iters/s

running (11.9s), 00551/03449 VUs, 40420 complete and 0 interrupted iterations
default   [  79% ] 00551/03449 VUs  11.9s/15s  3449.00 iters/s

running (12.9s), 01079/03449 VUs, 43340 complete and 0 interrupted iterations
default   [  86% ] 01079/03449 VUs  12.9s/15s  3449.00 iters/s

running (13.9s), 01513/03449 VUs, 46357 complete and 0 interrupted iterations
default   [  93% ] 01513/03449 VUs  13.9s/15s  3449.00 iters/s

running (14.9s), 02015/03449 VUs, 49302 complete and 0 interrupted iterations
default   [  99% ] 02015/03449 VUs  14.9s/15s  3449.00 iters/s


  █ TOTAL RESULTS 

    HTTP
    http_req_duration..............: avg=124.51ms min=43.19ms med=65.44ms max=610.72ms p(90)=371.29ms p(95)=491.57ms
      { expected_response:true }...: avg=124.51ms min=43.19ms med=65.44ms max=610.72ms p(90)=371.29ms p(95)=491.57ms
    http_req_failed................: 0.00% 0 out of 49654
    http_reqs......................: 49654 3306.032287/s

    EXECUTION
    iteration_duration.............: avg=124.61ms min=43.3ms  med=65.53ms max=619.47ms p(90)=371.35ms p(95)=491.65ms
    iterations.....................: 49654 3306.032287/s
    vus............................: 2014  min=185        max=2014
    vus_max........................: 3449  min=3449       max=3449

    NETWORK
    data_received..................: 10 MB 671 kB/s
    data_sent......................: 10 MB 675 kB/s




running (15.0s), 00000/03449 VUs, 49645 complete and 2090 interrupted iterations
default ✓ [ 100% ] 02090/03449 VUs  15s  3449.00 iters/s
