
         /\      Grafana   /‾‾/  
    /\  /  \     |\  __   /  /   
   /  \/    \    | |/ /  /   ‾‾\ 
  /          \   |   (  |  (‾)  |
 / __________ \  |_|\_\  \_____/ 

     execution: local
        script: workflow/spin/k6_open_client.js
        output: -

     scenarios: (100.00%) 1 scenario, 10000 max VUs, 15s max duration (incl. graceful stop):
              * default: 3958.00 iterations/s for 15s (maxVUs: 3958-10000)


running (00.9s), 00013/03958 VUs, 3440 complete and 0 interrupted iterations
default   [   6% ] 00013/03958 VUs  00.9s/15s  3958.00 iters/s

running (01.9s), 00021/03958 VUs, 7390 complete and 0 interrupted iterations
default   [  12% ] 00021/03958 VUs  01.9s/15s  3958.00 iters/s

running (02.9s), 00013/03958 VUs, 11357 complete and 0 interrupted iterations
default   [  19% ] 00012/03958 VUs  02.9s/15s  3958.00 iters/s

running (03.9s), 00019/03958 VUs, 15306 complete and 0 interrupted iterations
default   [  26% ] 00019/03958 VUs  03.9s/15s  3958.00 iters/s

running (04.9s), 00057/03958 VUs, 19226 complete and 0 interrupted iterations
default   [  32% ] 00058/03958 VUs  04.9s/15s  3958.00 iters/s

running (05.9s), 00043/03958 VUs, 23199 complete and 0 interrupted iterations
default   [  39% ] 00043/03958 VUs  05.9s/15s  3958.00 iters/s

running (06.9s), 00049/03958 VUs, 27150 complete and 0 interrupted iterations
default   [  46% ] 00050/03958 VUs  06.9s/15s  3958.00 iters/s

running (07.9s), 00027/03958 VUs, 31132 complete and 0 interrupted iterations
default   [  52% ] 00027/03958 VUs  07.9s/15s  3958.00 iters/s

running (08.9s), 00035/03958 VUs, 35081 complete and 0 interrupted iterations
default   [  59% ] 00035/03958 VUs  08.9s/15s  3958.00 iters/s

running (09.9s), 00016/03958 VUs, 39060 complete and 0 interrupted iterations
default   [  66% ] 00016/03958 VUs  09.9s/15s  3958.00 iters/s

running (10.9s), 00010/03958 VUs, 43022 complete and 0 interrupted iterations
default   [  72% ] 00010/03958 VUs  10.9s/15s  3958.00 iters/s

running (11.9s), 00016/03958 VUs, 46974 complete and 0 interrupted iterations
default   [  79% ] 00016/03958 VUs  11.9s/15s  3958.00 iters/s

running (12.9s), 00019/03958 VUs, 50930 complete and 0 interrupted iterations
default   [  86% ] 00019/03958 VUs  12.9s/15s  3958.00 iters/s

running (13.9s), 00035/03958 VUs, 54870 complete and 0 interrupted iterations
default   [  92% ] 00035/03958 VUs  13.9s/15s  3958.00 iters/s

running (14.9s), 00020/03958 VUs, 58846 complete and 0 interrupted iterations
default   [  99% ] 00020/03958 VUs  14.9s/15s  3958.00 iters/s


  █ TOTAL RESULTS 

    HTTP
    http_req_duration..............: avg=7.73ms min=2.41ms med=5.21ms max=125.33ms p(90)=12.2ms  p(95)=16.76ms
      { expected_response:true }...: avg=7.73ms min=2.41ms med=5.21ms max=125.33ms p(90)=12.2ms  p(95)=16.76ms
    http_req_failed................: 0.00% 0 out of 59336
    http_reqs......................: 59336 3954.227066/s

    EXECUTION
    iteration_duration.............: avg=7.82ms min=2.47ms med=5.3ms  max=125.55ms p(90)=12.31ms p(95)=16.88ms
    iterations.....................: 59336 3954.227066/s
    vus............................: 20    min=10         max=58  
    vus_max........................: 3958  min=3958       max=3958

    NETWORK
    data_received..................: 12 MB 803 kB/s
    data_sent......................: 11 MB 759 kB/s




running (15.0s), 00000/03958 VUs, 59332 complete and 39 interrupted iterations
default ✓ [ 100% ] 00039/03958 VUs  15s  3958.00 iters/s
