
         /\      Grafana   /‾‾/  
    /\  /  \     |\  __   /  /   
   /  \/    \    | |/ /  /   ‾‾\ 
  /          \   |   (  |  (‾)  |
 / __________ \  |_|\_\  \_____/ 

     execution: local
        script: workflow/spin/k6_open_client.js
        output: -

     scenarios: (100.00%) 1 scenario, 10000 max VUs, 15s max duration (incl. graceful stop):
              * default: 4410.00 iterations/s for 15s (maxVUs: 4410-10000)


running (00.9s), 00603/04410 VUs, 3194 complete and 0 interrupted iterations
default   [   6% ] 00603/04410 VUs  00.9s/15s  4410.00 iters/s

running (01.9s), 00831/04410 VUs, 7378 complete and 0 interrupted iterations
default   [  12% ] 00831/04410 VUs  01.9s/15s  4410.00 iters/s

running (02.9s), 00960/04410 VUs, 11660 complete and 0 interrupted iterations
default   [  19% ] 00960/04410 VUs  02.9s/15s  4410.00 iters/s

running (03.9s), 01161/04410 VUs, 15866 complete and 0 interrupted iterations
default   [  26% ] 01161/04410 VUs  03.9s/15s  4410.00 iters/s

running (04.9s), 01406/04410 VUs, 20032 complete and 0 interrupted iterations
default   [  32% ] 01406/04410 VUs  04.9s/15s  4410.00 iters/s

running (05.9s), 01483/04410 VUs, 24364 complete and 0 interrupted iterations
default   [  39% ] 01483/04410 VUs  05.9s/15s  4410.00 iters/s

running (06.9s), 01556/04410 VUs, 28700 complete and 0 interrupted iterations
default   [  46% ] 01556/04410 VUs  06.9s/15s  4410.00 iters/s

running (07.9s), 01767/04410 VUs, 32899 complete and 0 interrupted iterations
default   [  52% ] 01767/04410 VUs  07.9s/15s  4410.00 iters/s

running (08.9s), 01898/04410 VUs, 37182 complete and 0 interrupted iterations
default   [  59% ] 01898/04410 VUs  08.9s/15s  4410.00 iters/s

running (09.9s), 01979/04410 VUs, 41505 complete and 0 interrupted iterations
default   [  66% ] 01979/04410 VUs  09.9s/15s  4410.00 iters/s

running (10.9s), 02126/04410 VUs, 45771 complete and 0 interrupted iterations
default   [  72% ] 02126/04410 VUs  10.9s/15s  4410.00 iters/s

running (11.9s), 02189/04410 VUs, 50120 complete and 0 interrupted iterations
default   [  79% ] 02189/04410 VUs  11.9s/15s  4410.00 iters/s

running (12.9s), 02224/04410 VUs, 54490 complete and 0 interrupted iterations
default   [  86% ] 02224/04410 VUs  12.9s/15s  4410.00 iters/s

running (13.9s), 02375/04410 VUs, 58753 complete and 0 interrupted iterations
default   [  92% ] 02375/04410 VUs  13.9s/15s  4410.00 iters/s

running (14.9s), 02566/04410 VUs, 62969 complete and 0 interrupted iterations
default   [  99% ] 02566/04410 VUs  14.9s/15s  4410.00 iters/s


  █ TOTAL RESULTS 

    HTTP
    http_req_duration..............: avg=369.3ms min=51.4ms  med=373.89ms max=587.17ms p(90)=522.46ms p(95)=549.83ms
      { expected_response:true }...: avg=369.3ms min=51.4ms  med=373.89ms max=587.17ms p(90)=522.46ms p(95)=549.83ms
    http_req_failed................: 0.00% 0 out of 63603
    http_reqs......................: 63603 4234.300124/s

    EXECUTION
    iteration_duration.............: avg=369.4ms min=51.96ms med=373.97ms max=587.28ms p(90)=522.53ms p(95)=549.91ms
    iterations.....................: 63603 4234.300124/s
    vus............................: 2569  min=604        max=2569
    vus_max........................: 4410  min=4410       max=4410

    NETWORK
    data_received..................: 13 MB 860 kB/s
    data_sent......................: 13 MB 845 kB/s




running (15.0s), 00000/04410 VUs, 63603 complete and 2545 interrupted iterations
default ✓ [ 100% ] 02545/04410 VUs  15s  4410.00 iters/s
