
         /\      Grafana   /‾‾/  
    /\  /  \     |\  __   /  /   
   /  \/    \    | |/ /  /   ‾‾\ 
  /          \   |   (  |  (‾)  |
 / __________ \  |_|\_\  \_____/ 

     execution: local
        script: workflow/social/k6_open_client.js
        output: -

     scenarios: (100.00%) 1 scenario, 10000 max VUs, 15s max duration (incl. graceful stop):
              * default: 5900.00 iterations/s for 15s (maxVUs: 5900-10000)


running (00.8s), 00347/05900 VUs, 4414 complete and 0 interrupted iterations
default   [   5% ] 00347/05900 VUs  00.8s/15s  5900.00 iters/s

running (01.8s), 00108/05900 VUs, 10553 complete and 0 interrupted iterations
default   [  12% ] 00108/05900 VUs  01.8s/15s  5900.00 iters/s

running (02.8s), 00122/05900 VUs, 16439 complete and 0 interrupted iterations
default   [  19% ] 00122/05900 VUs  02.8s/15s  5900.00 iters/s

running (03.8s), 00251/05900 VUs, 22210 complete and 0 interrupted iterations
default   [  25% ] 00251/05900 VUs  03.8s/15s  5900.00 iters/s

running (04.8s), 00035/05900 VUs, 28326 complete and 0 interrupted iterations
default   [  32% ] 00034/05900 VUs  04.8s/15s  5900.00 iters/s

running (05.8s), 00128/05900 VUs, 34133 complete and 0 interrupted iterations
default   [  39% ] 00128/05900 VUs  05.8s/15s  5900.00 iters/s

running (06.8s), 00034/05900 VUs, 40127 complete and 0 interrupted iterations
default   [  45% ] 00034/05900 VUs  06.8s/15s  5900.00 iters/s

running (07.8s), 00047/05900 VUs, 46014 complete and 0 interrupted iterations
default   [  52% ] 00047/05900 VUs  07.8s/15s  5900.00 iters/s

running (08.8s), 00034/05900 VUs, 51927 complete and 0 interrupted iterations
default   [  59% ] 00034/05900 VUs  08.8s/15s  5900.00 iters/s

running (09.8s), 00052/05900 VUs, 57809 complete and 0 interrupted iterations
default   [  65% ] 00052/05900 VUs  09.8s/15s  5900.00 iters/s

running (10.8s), 00158/05900 VUs, 63603 complete and 0 interrupted iterations
default   [  72% ] 00158/05900 VUs  10.8s/15s  5900.00 iters/s

running (11.8s), 00041/05900 VUs, 69620 complete and 0 interrupted iterations
default   [  79% ] 00041/05900 VUs  11.8s/15s  5900.00 iters/s

running (12.8s), 00124/05900 VUs, 75437 complete and 0 interrupted iterations
default   [  85% ] 00124/05900 VUs  12.8s/15s  5900.00 iters/s

running (13.8s), 00057/05900 VUs, 81404 complete and 0 interrupted iterations
default   [  92% ] 00057/05900 VUs  13.8s/15s  5900.00 iters/s

running (14.8s), 00319/05900 VUs, 87042 complete and 0 interrupted iterations
default   [  99% ] 00319/05900 VUs  14.8s/15s  5900.00 iters/s


  █ TOTAL RESULTS 

    HTTP
    http_req_duration..............: avg=23.1ms  min=2.33ms med=17.53ms max=203.22ms p(90)=43.93ms p(95)=57.64ms
      { expected_response:true }...: avg=23.1ms  min=2.33ms med=17.53ms max=203.22ms p(90)=43.93ms p(95)=57.64ms
    http_req_failed................: 0.00% 0 out of 88413
    http_reqs......................: 88413 5889.957248/s

    EXECUTION
    iteration_duration.............: avg=23.67ms min=2.47ms med=17.68ms max=203.55ms p(90)=44.27ms p(95)=60.6ms 
    iterations.....................: 88413 5889.957248/s
    vus............................: 318   min=34         max=344 
    vus_max........................: 5900  min=5900       max=5900

    NETWORK
    data_received..................: 20 MB 1.3 MB/s
    data_sent......................: 29 MB 1.9 MB/s




running (15.0s), 00000/05900 VUs, 88362 complete and 140 interrupted iterations
default ✓ [ 100% ] 00140/05900 VUs  15s  5900.00 iters/s
