
         /\      Grafana   /‾‾/  
    /\  /  \     |\  __   /  /   
   /  \/    \    | |/ /  /   ‾‾\ 
  /          \   |   (  |  (‾)  |
 / __________ \  |_|\_\  \_____/ 

     execution: local
        script: workflow/response/k6_open_client.js
        output: -

     scenarios: (100.00%) 1 scenario, 10000 max VUs, 15s max duration (incl. graceful stop):
              * default: 3702.00 iterations/s for 15s (maxVUs: 3702-10000)


running (00.9s), 00024/03702 VUs, 3196 complete and 0 interrupted iterations
default   [   6% ] 00024/03702 VUs  00.9s/15s  3702.00 iters/s

running (01.9s), 00020/03702 VUs, 6902 complete and 0 interrupted iterations
default   [  12% ] 00020/03702 VUs  01.9s/15s  3702.00 iters/s

running (02.9s), 00021/03702 VUs, 10603 complete and 0 interrupted iterations
default   [  19% ] 00021/03702 VUs  02.9s/15s  3702.00 iters/s

running (03.9s), 00081/03702 VUs, 14245 complete and 0 interrupted iterations
default   [  26% ] 00081/03702 VUs  03.9s/15s  3702.00 iters/s

running (04.9s), 00022/03702 VUs, 18007 complete and 0 interrupted iterations
default   [  32% ] 00022/03702 VUs  04.9s/15s  3702.00 iters/s

running (05.9s), 00022/03702 VUs, 21708 complete and 0 interrupted iterations
default   [  39% ] 00022/03702 VUs  05.9s/15s  3702.00 iters/s

running (06.9s), 00025/03702 VUs, 25407 complete and 0 interrupted iterations
default   [  46% ] 00025/03702 VUs  06.9s/15s  3702.00 iters/s

running (07.9s), 00023/03702 VUs, 29113 complete and 0 interrupted iterations
default   [  52% ] 00023/03702 VUs  07.9s/15s  3702.00 iters/s

running (08.9s), 00024/03702 VUs, 32812 complete and 0 interrupted iterations
default   [  59% ] 00024/03702 VUs  08.9s/15s  3702.00 iters/s

running (09.9s), 00024/03702 VUs, 36515 complete and 0 interrupted iterations
default   [  66% ] 00024/03702 VUs  09.9s/15s  3702.00 iters/s

running (10.9s), 00021/03702 VUs, 40219 complete and 0 interrupted iterations
default   [  72% ] 00021/03702 VUs  10.9s/15s  3702.00 iters/s

running (11.9s), 00022/03702 VUs, 43920 complete and 0 interrupted iterations
default   [  79% ] 00022/03702 VUs  11.9s/15s  3702.00 iters/s

running (12.9s), 00037/03702 VUs, 47607 complete and 0 interrupted iterations
default   [  86% ] 00037/03702 VUs  12.9s/15s  3702.00 iters/s

running (13.9s), 00022/03702 VUs, 51324 complete and 0 interrupted iterations
default   [  92% ] 00021/03702 VUs  13.9s/15s  3702.00 iters/s

running (14.9s), 00018/03702 VUs, 55030 complete and 0 interrupted iterations
default   [  99% ] 00018/03702 VUs  14.9s/15s  3702.00 iters/s


  █ TOTAL RESULTS 

    HTTP
    http_req_duration..............: avg=6.88ms min=2.61ms med=5.66ms max=54.83ms p(90)=9.67ms p(95)=14.96ms
      { expected_response:true }...: avg=6.88ms min=2.61ms med=5.66ms max=54.83ms p(90)=9.67ms p(95)=14.96ms
    http_req_failed................: 0.00% 0 out of 55516
    http_reqs......................: 55516 3699.768156/s

    EXECUTION
    iteration_duration.............: avg=6.98ms min=2.78ms med=5.75ms max=57.1ms  p(90)=9.79ms p(95)=15.06ms
    iterations.....................: 55516 3699.768156/s
    vus............................: 18    min=18         max=81  
    vus_max........................: 3702  min=3702       max=3702

    NETWORK
    data_received..................: 13 MB 847 kB/s
    data_sent......................: 11 MB 725 kB/s




running (15.0s), 00000/03702 VUs, 55510 complete and 21 interrupted iterations
default ✓ [ 100% ] 00021/03702 VUs  15s  3702.00 iters/s
