
         /\      Grafana   /‾‾/  
    /\  /  \     |\  __   /  /   
   /  \/    \    | |/ /  /   ‾‾\ 
  /          \   |   (  |  (‾)  |
 / __________ \  |_|\_\  \_____/ 

     execution: local
        script: workflow/spin/k6_open_client.js
        output: -

     scenarios: (100.00%) 1 scenario, 10000 max VUs, 15s max duration (incl. graceful stop):
              * default: 1706.00 iterations/s for 15s (maxVUs: 1706-10000)


running (00.9s), 00094/01706 VUs, 1515 complete and 0 interrupted iterations
default   [   6% ] 00094/01706 VUs  00.9s/15s  1706.00 iters/s

running (01.9s), 00058/01706 VUs, 3257 complete and 0 interrupted iterations
default   [  13% ] 00058/01706 VUs  01.9s/15s  1706.00 iters/s

running (02.9s), 00056/01706 VUs, 4963 complete and 0 interrupted iterations
default   [  20% ] 00056/01706 VUs  02.9s/15s  1706.00 iters/s

running (03.9s), 00076/01706 VUs, 6649 complete and 0 interrupted iterations
default   [  26% ] 00076/01706 VUs  03.9s/15s  1706.00 iters/s

running (04.9s), 00070/01706 VUs, 8362 complete and 0 interrupted iterations
default   [  33% ] 00070/01706 VUs  04.9s/15s  1706.00 iters/s

running (05.9s), 00047/01706 VUs, 10092 complete and 0 interrupted iterations
default   [  40% ] 00047/01706 VUs  05.9s/15s  1706.00 iters/s

running (06.9s), 00062/01706 VUs, 11782 complete and 0 interrupted iterations
default   [  46% ] 00062/01706 VUs  06.9s/15s  1706.00 iters/s

running (07.9s), 00080/01706 VUs, 13471 complete and 0 interrupted iterations
default   [  53% ] 00080/01706 VUs  07.9s/15s  1706.00 iters/s

running (08.9s), 00058/01706 VUs, 15198 complete and 0 interrupted iterations
default   [  60% ] 00058/01706 VUs  08.9s/15s  1706.00 iters/s

running (09.9s), 00064/01706 VUs, 16899 complete and 0 interrupted iterations
default   [  66% ] 00064/01706 VUs  09.9s/15s  1706.00 iters/s

running (10.9s), 00081/01706 VUs, 18587 complete and 0 interrupted iterations
default   [  73% ] 00081/01706 VUs  10.9s/15s  1706.00 iters/s

running (11.9s), 00048/01706 VUs, 20327 complete and 0 interrupted iterations
default   [  80% ] 00048/01706 VUs  11.9s/15s  1706.00 iters/s

running (12.9s), 00070/01706 VUs, 22011 complete and 0 interrupted iterations
default   [  86% ] 00070/01706 VUs  12.9s/15s  1706.00 iters/s

running (13.9s), 00080/01706 VUs, 23707 complete and 0 interrupted iterations
default   [  93% ] 00080/01706 VUs  13.9s/15s  1706.00 iters/s

running (14.9s), 00094/01706 VUs, 25398 complete and 0 interrupted iterations
default   [ 100% ] 00094/01706 VUs  14.9s/15s  1706.00 iters/s


  █ TOTAL RESULTS 

    HTTP
    http_req_duration..............: avg=40.54ms min=18.24ms med=40.47ms max=73.42ms p(90)=51.03ms p(95)=52.65ms
      { expected_response:true }...: avg=40.54ms min=18.24ms med=40.47ms max=73.42ms p(90)=51.03ms p(95)=52.65ms
    http_req_failed................: 0.00%  0 out of 25508
    http_reqs......................: 25508  1700.16283/s

    EXECUTION
    iteration_duration.............: avg=40.63ms min=18.47ms med=40.55ms max=75.69ms p(90)=51.12ms p(95)=52.75ms
    iterations.....................: 25508  1700.16283/s
    vus............................: 94     min=47         max=94  
    vus_max........................: 1706   min=1706       max=1706

    NETWORK
    data_received..................: 5.2 MB 345 kB/s
    data_sent......................: 4.9 MB 327 kB/s




running (15.0s), 00000/01706 VUs, 25508 complete and 83 interrupted iterations
default ✓ [ 100% ] 00082/01706 VUs  15s  1706.00 iters/s
