
         /\      Grafana   /‾‾/  
    /\  /  \     |\  __   /  /   
   /  \/    \    | |/ /  /   ‾‾\ 
  /          \   |   (  |  (‾)  |
 / __________ \  |_|\_\  \_____/ 

     execution: local
        script: workflow/spin/k6_open_client.js
        output: -

     scenarios: (100.00%) 1 scenario, 10000 max VUs, 15s max duration (incl. graceful stop):
              * default: 1829.00 iterations/s for 15s (maxVUs: 1829-10000)


running (00.9s), 00687/01829 VUs, 1024 complete and 0 interrupted iterations
default   [   6% ] 00687/01829 VUs  00.9s/15s  1829.00 iters/s

running (01.9s), 00978/01829 VUs, 2560 complete and 0 interrupted iterations
default   [  13% ] 00978/01829 VUs  01.9s/15s  1829.00 iters/s

running (02.9s), 00759/01829 VUs, 4608 complete and 0 interrupted iterations
default   [  20% ] 00759/01829 VUs  02.9s/15s  1829.00 iters/s

running (03.9s), 01055/01829 VUs, 6144 complete and 0 interrupted iterations
default   [  26% ] 01055/01829 VUs  03.9s/15s  1829.00 iters/s

running (04.9s), 00835/01829 VUs, 8192 complete and 0 interrupted iterations
default   [  33% ] 00835/01829 VUs  04.9s/15s  1829.00 iters/s

running (05.9s), 00995/01829 VUs, 9860 complete and 0 interrupted iterations
default   [  40% ] 00995/01829 VUs  05.9s/15s  1829.00 iters/s

running (06.9s), 00909/01829 VUs, 11776 complete and 0 interrupted iterations
default   [  46% ] 00909/01829 VUs  06.9s/15s  1829.00 iters/s

running (07.9s), 00872/01829 VUs, 13641 complete and 0 interrupted iterations
default   [  53% ] 00872/01829 VUs  07.9s/15s  1829.00 iters/s

running (08.9s), 00983/01829 VUs, 15360 complete and 0 interrupted iterations
default   [  60% ] 00984/01829 VUs  08.9s/15s  1829.00 iters/s

running (09.9s), 00764/01829 VUs, 17408 complete and 0 interrupted iterations
default   [  66% ] 00764/01829 VUs  09.9s/15s  1829.00 iters/s

running (10.9s), 01029/01829 VUs, 18971 complete and 0 interrupted iterations
default   [  73% ] 01029/01829 VUs  10.9s/15s  1829.00 iters/s

running (11.9s), 00838/01829 VUs, 20992 complete and 0 interrupted iterations
default   [  80% ] 00838/01829 VUs  11.9s/15s  1829.00 iters/s

running (12.9s), 00929/01829 VUs, 22729 complete and 0 interrupted iterations
default   [  86% ] 00929/01829 VUs  12.9s/15s  1829.00 iters/s

running (13.9s), 00909/01829 VUs, 24576 complete and 0 interrupted iterations
default   [  93% ] 00910/01829 VUs  13.9s/15s  1829.00 iters/s

running (14.9s), 00692/01829 VUs, 26624 complete and 0 interrupted iterations
default   [ 100% ] 00692/01829 VUs  14.9s/15s  1829.00 iters/s


  █ TOTAL RESULTS 

    HTTP
    http_req_duration..............: avg=494.17ms min=347.99ms med=496.14ms max=634.57ms p(90)=577.38ms p(95)=591.84ms
      { expected_response:true }...: avg=494.17ms min=347.99ms med=496.14ms max=634.57ms p(90)=577.38ms p(95)=591.84ms
    http_req_failed................: 0.00%  0 out of 26624
    http_reqs......................: 26624  1774.14931/s

    EXECUTION
    iteration_duration.............: avg=494.26ms min=348.07ms med=496.23ms max=634.69ms p(90)=577.46ms p(95)=591.92ms
    iterations.....................: 26624  1774.14931/s
    vus............................: 693    min=687        max=1055
    vus_max........................: 1829   min=1829       max=1829

    NETWORK
    data_received..................: 5.4 MB 360 kB/s
    data_sent......................: 5.3 MB 351 kB/s




running (15.0s), 00000/01829 VUs, 26624 complete and 812 interrupted iterations
default ✓ [ 100% ] 00812/01829 VUs  15s  1829.00 iters/s
