
         /\      Grafana   /‾‾/  
    /\  /  \     |\  __   /  /   
   /  \/    \    | |/ /  /   ‾‾\ 
  /          \   |   (  |  (‾)  |
 / __________ \  |_|\_\  \_____/ 

     execution: local
        script: workflow/spin/k6_open_client.js
        output: -

     scenarios: (100.00%) 1 scenario, 10000 max VUs, 15s max duration (incl. graceful stop):
              * default: 994.00 iterations/s for 15s (maxVUs: 994-10000)


running (01.0s), 00037/00994 VUs, 916 complete and 0 interrupted iterations
default   [   6% ] 00037/00994 VUs  01.0s/15s  994.00 iters/s

running (02.0s), 00033/00994 VUs, 1913 complete and 0 interrupted iterations
default   [  13% ] 00033/00994 VUs  02.0s/15s  994.00 iters/s

running (03.0s), 00049/00994 VUs, 2891 complete and 0 interrupted iterations
default   [  20% ] 00049/00994 VUs  03.0s/15s  994.00 iters/s

running (04.0s), 00036/00994 VUs, 3899 complete and 0 interrupted iterations
default   [  26% ] 00036/00994 VUs  04.0s/15s  994.00 iters/s

running (05.0s), 00030/00994 VUs, 4899 complete and 0 interrupted iterations
default   [  33% ] 00030/00994 VUs  05.0s/15s  994.00 iters/s

running (06.0s), 00051/00994 VUs, 5872 complete and 0 interrupted iterations
default   [  40% ] 00051/00994 VUs  06.0s/15s  994.00 iters/s

running (07.0s), 00041/00994 VUs, 6875 complete and 0 interrupted iterations
default   [  46% ] 00041/00994 VUs  07.0s/15s  994.00 iters/s

running (08.0s), 00030/00994 VUs, 7880 complete and 0 interrupted iterations
default   [  53% ] 00030/00994 VUs  08.0s/15s  994.00 iters/s

running (09.0s), 00051/00994 VUs, 8854 complete and 0 interrupted iterations
default   [  60% ] 00051/00994 VUs  09.0s/15s  994.00 iters/s

running (10.0s), 00041/00994 VUs, 9857 complete and 0 interrupted iterations
default   [  66% ] 00041/00994 VUs  10.0s/15s  994.00 iters/s

running (11.0s), 00036/00994 VUs, 10857 complete and 0 interrupted iterations
default   [  73% ] 00036/00994 VUs  11.0s/15s  994.00 iters/s

running (12.0s), 00055/00994 VUs, 11831 complete and 0 interrupted iterations
default   [  80% ] 00055/00994 VUs  12.0s/15s  994.00 iters/s

running (13.0s), 00043/00994 VUs, 12838 complete and 0 interrupted iterations
default   [  86% ] 00043/00994 VUs  13.0s/15s  994.00 iters/s

running (14.0s), 00036/00994 VUs, 13839 complete and 0 interrupted iterations
default   [  93% ] 00036/00994 VUs  14.0s/15s  994.00 iters/s

running (15.0s), 00035/00994 VUs, 14833 complete and 0 interrupted iterations
default   [ 100% ] 00035/00994 VUs  15.0s/15s  994.00 iters/s


  █ TOTAL RESULTS 

    HTTP
    http_req_duration..............: avg=42.45ms min=23.24ms med=42.4ms  max=70.32ms p(90)=53.75ms p(95)=55.38ms
      { expected_response:true }...: avg=42.45ms min=23.24ms med=42.4ms  max=70.32ms p(90)=53.75ms p(95)=55.38ms
    http_req_failed................: 0.00%  0 out of 14872
    http_reqs......................: 14872  991.320031/s

    EXECUTION
    iteration_duration.............: avg=42.54ms min=23.33ms med=42.48ms max=70.4ms  p(90)=53.83ms p(95)=55.47ms
    iterations.....................: 14872  991.320031/s
    vus............................: 34     min=30         max=55 
    vus_max........................: 994    min=994        max=994

    NETWORK
    data_received..................: 3.0 MB 201 kB/s
    data_sent......................: 2.9 MB 191 kB/s




running (15.0s), 00000/00994 VUs, 14872 complete and 39 interrupted iterations
default ✓ [ 100% ] 00039/00994 VUs  15s  994.00 iters/s
