
         /\      Grafana   /‾‾/  
    /\  /  \     |\  __   /  /   
   /  \/    \    | |/ /  /   ‾‾\ 
  /          \   |   (  |  (‾)  |
 / __________ \  |_|\_\  \_____/ 

     execution: local
        script: workflow/media/k6_open_review_compose.js
        output: -

     scenarios: (100.00%) 1 scenario, 10000 max VUs, 10s max duration (incl. graceful stop):
              * default: 344.00 iterations/s for 10s (maxVUs: 344-10000)


running (01.0s), 00161/00344 VUs, 176 complete and 0 interrupted iterations
default   [  10% ] 00161/00344 VUs  01.0s/10s  344.00 iters/s

running (02.0s), 00167/00344 VUs, 514 complete and 0 interrupted iterations
default   [  20% ] 00167/00344 VUs  02.0s/10s  344.00 iters/s

running (03.0s), 00168/00344 VUs, 857 complete and 0 interrupted iterations
default   [  30% ] 00168/00344 VUs  03.0s/10s  344.00 iters/s

running (04.0s), 00169/00344 VUs, 1200 complete and 0 interrupted iterations
default   [  40% ] 00169/00344 VUs  04.0s/10s  344.00 iters/s

running (05.0s), 00168/00344 VUs, 1545 complete and 0 interrupted iterations
default   [  50% ] 00168/00344 VUs  05.0s/10s  344.00 iters/s

running (06.0s), 00165/00344 VUs, 1892 complete and 0 interrupted iterations
default   [  60% ] 00165/00344 VUs  06.0s/10s  344.00 iters/s

running (07.0s), 00167/00344 VUs, 2234 complete and 0 interrupted iterations
default   [  70% ] 00167/00344 VUs  07.0s/10s  344.00 iters/s

running (08.0s), 00170/00344 VUs, 2575 complete and 0 interrupted iterations
default   [  80% ] 00170/00344 VUs  08.0s/10s  344.00 iters/s

running (09.0s), 00165/00344 VUs, 2924 complete and 0 interrupted iterations
default   [  90% ] 00165/00344 VUs  09.0s/10s  344.00 iters/s

running (10.0s), 00165/00344 VUs, 3268 complete and 0 interrupted iterations
default   [ 100% ] 00165/00344 VUs  10.0s/10s  344.00 iters/s


  █ TOTAL RESULTS 

    HTTP
    http_req_duration..............: avg=6.68ms min=2.6ms  med=5.05ms max=26.52ms p(90)=12.72ms p(95)=15.27ms
      { expected_response:true }...: avg=6.68ms min=2.6ms  med=5.05ms max=26.52ms p(90)=12.72ms p(95)=15.27ms
    http_req_failed................: 0.00%  0 out of 3275
    http_reqs......................: 3275   327.417887/s

    EXECUTION
    iteration_duration.............: avg=6.8ms  min=2.71ms med=5.18ms max=26.62ms p(90)=12.82ms p(95)=15.38ms
    iterations.....................: 3275   327.417887/s
    vus............................: 165    min=161       max=170
    vus_max........................: 344    min=344       max=344

    NETWORK
    data_received..................: 752 kB 75 kB/s
    data_sent......................: 1.8 MB 182 kB/s




running (10.0s), 00000/00344 VUs, 3275 complete and 165 interrupted iterations
default ✓ [ 100% ] 00165/00344 VUs  10s  344.00 iters/s
