
         /\      Grafana   /‾‾/  
    /\  /  \     |\  __   /  /   
   /  \/    \    | |/ /  /   ‾‾\ 
  /          \   |   (  |  (‾)  |
 / __________ \  |_|\_\  \_____/ 

     execution: local
        script: workflow/hotel/k6_open_recommendations_client.js
        output: -

     scenarios: (100.00%) 1 scenario, 10000 max VUs, 15s max duration (incl. graceful stop):
              * default: 2790.00 iterations/s for 15s (maxVUs: 2790-10000)


running (00.9s), 00501/02790 VUs, 2000 complete and 0 interrupted iterations
default   [   6% ] 00501/02790 VUs  00.9s/15s  2790.00 iters/s

running (01.9s), 00576/02790 VUs, 4718 complete and 0 interrupted iterations
default   [  13% ] 00576/02790 VUs  01.9s/15s  2790.00 iters/s

running (02.9s), 00703/02790 VUs, 7380 complete and 0 interrupted iterations
default   [  19% ] 00703/02790 VUs  02.9s/15s  2790.00 iters/s

running (03.9s), 00718/02790 VUs, 10154 complete and 0 interrupted iterations
default   [  26% ] 00718/02790 VUs  03.9s/15s  2790.00 iters/s

running (04.9s), 00670/02790 VUs, 12994 complete and 0 interrupted iterations
default   [  33% ] 00669/02790 VUs  04.9s/15s  2790.00 iters/s

running (05.9s), 00602/02790 VUs, 15852 complete and 0 interrupted iterations
default   [  39% ] 00602/02790 VUs  05.9s/15s  2790.00 iters/s

running (06.9s), 00776/02790 VUs, 18467 complete and 0 interrupted iterations
default   [  46% ] 00776/02790 VUs  06.9s/15s  2790.00 iters/s

running (07.9s), 00615/02790 VUs, 21418 complete and 0 interrupted iterations
default   [  53% ] 00616/02790 VUs  07.9s/15s  2790.00 iters/s

running (08.9s), 00596/02790 VUs, 24227 complete and 0 interrupted iterations
default   [  59% ] 00596/02790 VUs  08.9s/15s  2790.00 iters/s

running (09.9s), 00789/02790 VUs, 26823 complete and 0 interrupted iterations
default   [  66% ] 00789/02790 VUs  09.9s/15s  2790.00 iters/s

running (10.9s), 00716/02790 VUs, 29688 complete and 0 interrupted iterations
default   [  73% ] 00716/02790 VUs  10.9s/15s  2790.00 iters/s

running (11.9s), 00567/02790 VUs, 32626 complete and 0 interrupted iterations
default   [  79% ] 00566/02790 VUs  11.9s/15s  2790.00 iters/s

running (12.9s), 00760/02790 VUs, 35223 complete and 0 interrupted iterations
default   [  86% ] 00760/02790 VUs  12.9s/15s  2790.00 iters/s

running (13.9s), 00695/02790 VUs, 38077 complete and 0 interrupted iterations
default   [  93% ] 00696/02790 VUs  13.9s/15s  2790.00 iters/s

running (14.9s), 00667/02790 VUs, 40899 complete and 0 interrupted iterations
default   [  99% ] 00667/02790 VUs  14.9s/15s  2790.00 iters/s


  █ TOTAL RESULTS 

    HTTP
    http_req_duration..............: avg=231.79ms min=128.2ms  med=231.9ms  max=345.87ms p(90)=275.5ms  p(95)=288.42ms
      { expected_response:true }...: avg=231.79ms min=128.2ms  med=231.9ms  max=345.87ms p(90)=275.5ms  p(95)=288.42ms
    http_req_failed................: 0.00% 0 out of 41283
    http_reqs......................: 41283 2750.806701/s

    EXECUTION
    iteration_duration.............: avg=231.91ms min=128.37ms med=232.06ms max=345.97ms p(90)=275.62ms p(95)=288.54ms
    iterations.....................: 41283 2750.806701/s
    vus............................: 667   min=501        max=792 
    vus_max........................: 2790  min=2790       max=2790

    NETWORK
    data_received..................: 24 MB 1.6 MB/s
    data_sent......................: 12 MB 795 kB/s




running (15.0s), 00000/02790 VUs, 41283 complete and 567 interrupted iterations
default ✓ [ 100% ] 00567/02790 VUs  15s  2790.00 iters/s
