
         /\      Grafana   /‾‾/  
    /\  /  \     |\  __   /  /   
   /  \/    \    | |/ /  /   ‾‾\ 
  /          \   |   (  |  (‾)  |
 / __________ \  |_|\_\  \_____/ 

     execution: local
        script: workflow/spin/k6_open_client.js
        output: -

     scenarios: (100.00%) 1 scenario, 10000 max VUs, 15s max duration (incl. graceful stop):
              * default: 3441.00 iterations/s for 15s (maxVUs: 3441-10000)


running (00.9s), 00317/03441 VUs, 2739 complete and 0 interrupted iterations
default   [   6% ] 00317/03441 VUs  00.9s/15s  3441.00 iters/s

running (01.9s), 00225/03441 VUs, 6272 complete and 0 interrupted iterations
default   [  13% ] 00226/03441 VUs  01.9s/15s  3441.00 iters/s

running (02.9s), 00209/03441 VUs, 9728 complete and 0 interrupted iterations
default   [  19% ] 00209/03441 VUs  02.9s/15s  3441.00 iters/s

running (03.9s), 00205/03441 VUs, 13173 complete and 0 interrupted iterations
default   [  26% ] 00205/03441 VUs  03.9s/15s  3441.00 iters/s

running (04.9s), 00309/03441 VUs, 16512 complete and 0 interrupted iterations
default   [  33% ] 00309/03441 VUs  04.9s/15s  3441.00 iters/s

running (05.9s), 00261/03441 VUs, 19999 complete and 0 interrupted iterations
default   [  39% ] 00260/03441 VUs  05.9s/15s  3441.00 iters/s

running (06.9s), 00260/03441 VUs, 23441 complete and 0 interrupted iterations
default   [  46% ] 00260/03441 VUs  06.9s/15s  3441.00 iters/s

running (07.9s), 00249/03441 VUs, 26893 complete and 0 interrupted iterations
default   [  53% ] 00249/03441 VUs  07.9s/15s  3441.00 iters/s

running (08.9s), 00254/03441 VUs, 30327 complete and 0 interrupted iterations
default   [  59% ] 00254/03441 VUs  08.9s/15s  3441.00 iters/s

running (09.9s), 00240/03441 VUs, 33783 complete and 0 interrupted iterations
default   [  66% ] 00240/03441 VUs  09.9s/15s  3441.00 iters/s

running (10.9s), 00226/03441 VUs, 37239 complete and 0 interrupted iterations
default   [  73% ] 00226/03441 VUs  10.9s/15s  3441.00 iters/s

running (11.9s), 00213/03441 VUs, 40695 complete and 0 interrupted iterations
default   [  79% ] 00213/03441 VUs  11.9s/15s  3441.00 iters/s

running (12.9s), 00210/03441 VUs, 44137 complete and 0 interrupted iterations
default   [  86% ] 00210/03441 VUs  12.9s/15s  3441.00 iters/s

running (13.9s), 00226/03441 VUs, 47562 complete and 0 interrupted iterations
default   [  93% ] 00226/03441 VUs  13.9s/15s  3441.00 iters/s

running (14.9s), 00209/03441 VUs, 51019 complete and 0 interrupted iterations
default   [  99% ] 00209/03441 VUs  14.9s/15s  3441.00 iters/s


  █ TOTAL RESULTS 

    HTTP
    http_req_duration..............: avg=72.07ms min=47.55ms med=70.99ms max=105.51ms p(90)=85.34ms p(95)=90.62ms
      { expected_response:true }...: avg=72.07ms min=47.55ms med=70.99ms max=105.51ms p(90)=85.34ms p(95)=90.62ms
    http_req_failed................: 0.00%  0 out of 51333
    http_reqs......................: 51333  3420.803691/s

    EXECUTION
    iteration_duration.............: avg=72.17ms min=47.63ms med=71.07ms max=105.76ms p(90)=85.48ms p(95)=90.78ms
    iterations.....................: 51333  3420.803691/s
    vus............................: 210    min=204        max=317 
    vus_max........................: 3441   min=3441       max=3441

    NETWORK
    data_received..................: 10 MB  695 kB/s
    data_sent......................: 9.9 MB 660 kB/s




running (15.0s), 00000/03441 VUs, 51325 complete and 291 interrupted iterations
default ✓ [ 100% ] 00291/03441 VUs  15s  3441.00 iters/s
