
         /\      Grafana   /‾‾/  
    /\  /  \     |\  __   /  /   
   /  \/    \    | |/ /  /   ‾‾\ 
  /          \   |   (  |  (‾)  |
 / __________ \  |_|\_\  \_____/ 

     execution: local
        script: workflow/spin/k6_open_client.js
        output: -

     scenarios: (100.00%) 1 scenario, 10000 max VUs, 15s max duration (incl. graceful stop):
              * default: 2030.00 iterations/s for 15s (maxVUs: 2030-10000)


running (00.9s), 00096/02030 VUs, 1787 complete and 0 interrupted iterations
default   [   6% ] 00096/02030 VUs  00.9s/15s  2030.00 iters/s

running (01.9s), 00131/02030 VUs, 3783 complete and 0 interrupted iterations
default   [  13% ] 00131/02030 VUs  01.9s/15s  2030.00 iters/s

running (02.9s), 00123/02030 VUs, 5820 complete and 0 interrupted iterations
default   [  20% ] 00123/02030 VUs  02.9s/15s  2030.00 iters/s

running (03.9s), 00102/02030 VUs, 7871 complete and 0 interrupted iterations
default   [  26% ] 00102/02030 VUs  03.9s/15s  2030.00 iters/s

running (04.9s), 00077/02030 VUs, 9928 complete and 0 interrupted iterations
default   [  33% ] 00077/02030 VUs  04.9s/15s  2030.00 iters/s

running (05.9s), 00084/02030 VUs, 11948 complete and 0 interrupted iterations
default   [  40% ] 00085/02030 VUs  05.9s/15s  2030.00 iters/s

running (06.9s), 00106/02030 VUs, 13955 complete and 0 interrupted iterations
default   [  46% ] 00106/02030 VUs  06.9s/15s  2030.00 iters/s

running (07.9s), 00083/02030 VUs, 16010 complete and 0 interrupted iterations
default   [  53% ] 00083/02030 VUs  07.9s/15s  2030.00 iters/s

running (08.9s), 00086/02030 VUs, 18037 complete and 0 interrupted iterations
default   [  60% ] 00086/02030 VUs  08.9s/15s  2030.00 iters/s

running (09.9s), 00080/02030 VUs, 20074 complete and 0 interrupted iterations
default   [  66% ] 00080/02030 VUs  09.9s/15s  2030.00 iters/s

running (10.9s), 00098/02030 VUs, 22085 complete and 0 interrupted iterations
default   [  73% ] 00098/02030 VUs  10.9s/15s  2030.00 iters/s

running (11.9s), 00079/02030 VUs, 24134 complete and 0 interrupted iterations
default   [  80% ] 00079/02030 VUs  11.9s/15s  2030.00 iters/s

running (12.9s), 00129/02030 VUs, 26114 complete and 0 interrupted iterations
default   [  86% ] 00129/02030 VUs  12.9s/15s  2030.00 iters/s

running (13.9s), 00102/02030 VUs, 28170 complete and 0 interrupted iterations
default   [  93% ] 00103/02030 VUs  13.9s/15s  2030.00 iters/s

running (14.9s), 00088/02030 VUs, 30215 complete and 0 interrupted iterations
default   [ 100% ] 00088/02030 VUs  14.9s/15s  2030.00 iters/s


  █ TOTAL RESULTS 

    HTTP
    http_req_duration..............: avg=51.43ms min=29.8ms med=50.97ms max=94.72ms p(90)=63.51ms p(95)=67.9ms 
      { expected_response:true }...: avg=51.43ms min=29.8ms med=50.97ms max=94.72ms p(90)=63.51ms p(95)=67.9ms 
    http_req_failed................: 0.00%  0 out of 30354
    http_reqs......................: 30354  2023.064666/s

    EXECUTION
    iteration_duration.............: avg=51.52ms min=29.9ms med=51.05ms max=94.81ms p(90)=63.59ms p(95)=67.99ms
    iterations.....................: 30354  2023.064666/s
    vus............................: 89     min=74         max=131 
    vus_max........................: 2030   min=2030       max=2030

    NETWORK
    data_received..................: 6.2 MB 411 kB/s
    data_sent......................: 5.8 MB 389 kB/s




running (15.0s), 00000/02030 VUs, 30340 complete and 111 interrupted iterations
default ✓ [ 100% ] 00111/02030 VUs  15s  2030.00 iters/s
