
         /\      Grafana   /‾‾/  
    /\  /  \     |\  __   /  /   
   /  \/    \    | |/ /  /   ‾‾\ 
  /          \   |   (  |  (‾)  |
 / __________ \  |_|\_\  \_____/ 

     execution: local
        script: workflow/write/k6_open_client.js
        output: -

     scenarios: (100.00%) 1 scenario, 10000 max VUs, 15s max duration (incl. graceful stop):
              * default: 6843.00 iterations/s for 15s (maxVUs: 6843-10000)


running (00.8s), 00319/06843 VUs, 5091 complete and 0 interrupted iterations
default   [   5% ] 00319/06843 VUs  00.8s/15s  6843.00 iters/s

running (01.8s), 00012/06843 VUs, 12242 complete and 0 interrupted iterations
default   [  12% ] 00012/06843 VUs  01.8s/15s  6843.00 iters/s

running (02.8s), 00007/06843 VUs, 19090 complete and 0 interrupted iterations
default   [  19% ] 00006/06843 VUs  02.8s/15s  6843.00 iters/s

running (03.8s), 00024/06843 VUs, 25915 complete and 0 interrupted iterations
default   [  25% ] 00024/06843 VUs  03.8s/15s  6843.00 iters/s

running (04.8s), 00006/06843 VUs, 32777 complete and 0 interrupted iterations
default   [  32% ] 00006/06843 VUs  04.8s/15s  6843.00 iters/s

running (05.8s), 00008/06843 VUs, 39618 complete and 0 interrupted iterations
default   [  39% ] 00008/06843 VUs  05.8s/15s  6843.00 iters/s

running (06.8s), 00009/06843 VUs, 46460 complete and 0 interrupted iterations
default   [  45% ] 00009/06843 VUs  06.8s/15s  6843.00 iters/s

running (07.8s), 00005/06843 VUs, 53307 complete and 0 interrupted iterations
default   [  52% ] 00005/06843 VUs  07.8s/15s  6843.00 iters/s

running (08.8s), 00008/06843 VUs, 60147 complete and 0 interrupted iterations
default   [  59% ] 00008/06843 VUs  08.8s/15s  6843.00 iters/s

running (09.8s), 00006/06843 VUs, 66992 complete and 0 interrupted iterations
default   [  65% ] 00005/06843 VUs  09.8s/15s  6843.00 iters/s

running (10.8s), 00007/06843 VUs, 73834 complete and 0 interrupted iterations
default   [  72% ] 00007/06843 VUs  10.8s/15s  6843.00 iters/s

running (11.8s), 00007/06843 VUs, 80677 complete and 0 interrupted iterations
default   [  79% ] 00007/06843 VUs  11.8s/15s  6843.00 iters/s

running (12.8s), 00005/06843 VUs, 87522 complete and 0 interrupted iterations
default   [  85% ] 00005/06843 VUs  12.8s/15s  6843.00 iters/s

running (13.8s), 00006/06843 VUs, 94364 complete and 0 interrupted iterations
default   [  92% ] 00006/06843 VUs  13.8s/15s  6843.00 iters/s

running (14.8s), 00008/06843 VUs, 101205 complete and 0 interrupted iterations
default   [  99% ] 00008/06843 VUs  14.8s/15s  6843.00 iters/s


  █ TOTAL RESULTS 

    HTTP
    http_req_duration..............: avg=5.09ms min=468.06µs med=959.61µs max=164.56ms p(90)=6.04ms p(95)=39.01ms
      { expected_response:true }...: avg=5.09ms min=468.06µs med=959.61µs max=164.56ms p(90)=6.04ms p(95)=39.01ms
    http_req_failed................: 0.00%  0 out of 102645
    http_reqs......................: 102645 6838.721058/s

    EXECUTION
    iteration_duration.............: avg=5.16ms min=510.39µs med=1.01ms   max=164.81ms p(90)=6.12ms p(95)=39.23ms
    iterations.....................: 102645 6838.721058/s
    vus............................: 7      min=5           max=319 
    vus_max........................: 6843   min=6843        max=6843

    NETWORK
    data_received..................: 21 MB  1.4 MB/s
    data_sent......................: 10 MB  684 kB/s




running (15.0s), 00000/06843 VUs, 102638 complete and 8 interrupted iterations
default ✓ [ 100% ] 00008/06843 VUs  15s  6843.00 iters/s
