
         /\      Grafana   /‾‾/  
    /\  /  \     |\  __   /  /   
   /  \/    \    | |/ /  /   ‾‾\ 
  /          \   |   (  |  (‾)  |
 / __________ \  |_|\_\  \_____/ 

     execution: local
        script: workflow/spin/k6_open_client.js
        output: -

     scenarios: (100.00%) 1 scenario, 10000 max VUs, 15s max duration (incl. graceful stop):
              * default: 4400.00 iterations/s for 15s (maxVUs: 4400-10000)


running (00.9s), 00466/04400 VUs, 3337 complete and 0 interrupted iterations
default   [   6% ] 00466/04400 VUs  00.9s/15s  4400.00 iters/s

running (01.9s), 00439/04400 VUs, 7764 complete and 0 interrupted iterations
default   [  12% ] 00439/04400 VUs  01.9s/15s  4400.00 iters/s

running (02.9s), 00445/04400 VUs, 12158 complete and 0 interrupted iterations
default   [  19% ] 00445/04400 VUs  02.9s/15s  4400.00 iters/s

running (03.9s), 00571/04400 VUs, 16436 complete and 0 interrupted iterations
default   [  26% ] 00571/04400 VUs  03.9s/15s  4400.00 iters/s

running (04.9s), 00447/04400 VUs, 20953 complete and 0 interrupted iterations
default   [  32% ] 00447/04400 VUs  04.9s/15s  4400.00 iters/s

running (05.9s), 00484/04400 VUs, 25321 complete and 0 interrupted iterations
default   [  39% ] 00484/04400 VUs  05.9s/15s  4400.00 iters/s

running (06.9s), 00472/04400 VUs, 29731 complete and 0 interrupted iterations
default   [  46% ] 00472/04400 VUs  06.9s/15s  4400.00 iters/s

running (07.9s), 00404/04400 VUs, 34197 complete and 0 interrupted iterations
default   [  52% ] 00404/04400 VUs  07.9s/15s  4400.00 iters/s

running (08.9s), 00433/04400 VUs, 38573 complete and 0 interrupted iterations
default   [  59% ] 00433/04400 VUs  08.9s/15s  4400.00 iters/s

running (09.9s), 00428/04400 VUs, 42975 complete and 0 interrupted iterations
default   [  66% ] 00428/04400 VUs  09.9s/15s  4400.00 iters/s

running (10.9s), 00415/04400 VUs, 47388 complete and 0 interrupted iterations
default   [  72% ] 00415/04400 VUs  10.9s/15s  4400.00 iters/s

running (11.9s), 00472/04400 VUs, 51731 complete and 0 interrupted iterations
default   [  79% ] 00472/04400 VUs  11.9s/15s  4400.00 iters/s

running (12.9s), 00481/04400 VUs, 56122 complete and 0 interrupted iterations
default   [  86% ] 00481/04400 VUs  12.9s/15s  4400.00 iters/s

running (13.9s), 00449/04400 VUs, 60554 complete and 0 interrupted iterations
default   [  92% ] 00449/04400 VUs  13.9s/15s  4400.00 iters/s

running (14.9s), 00477/04400 VUs, 64926 complete and 0 interrupted iterations
default   [  99% ] 00477/04400 VUs  14.9s/15s  4400.00 iters/s


  █ TOTAL RESULTS 

    HTTP
    http_req_duration..............: avg=106.52ms min=64.3ms  med=105.18ms max=186.61ms p(90)=119.16ms p(95)=126.82ms
      { expected_response:true }...: avg=106.52ms min=64.3ms  med=105.18ms max=186.61ms p(90)=119.16ms p(95)=126.82ms
    http_req_failed................: 0.00% 0 out of 65470
    http_reqs......................: 65470 4362.046041/s

    EXECUTION
    iteration_duration.............: avg=106.62ms min=64.39ms med=105.27ms max=186.84ms p(90)=119.27ms p(95)=127.05ms
    iterations.....................: 65470 4362.046041/s
    vus............................: 477   min=404        max=570 
    vus_max........................: 4400  min=4400       max=4400

    NETWORK
    data_received..................: 13 MB 886 kB/s
    data_sent......................: 13 MB 844 kB/s




running (15.0s), 00000/04400 VUs, 65463 complete and 538 interrupted iterations
default ✓ [ 100% ] 00538/04400 VUs  15s  4400.00 iters/s
