
         /\      Grafana   /‾‾/  
    /\  /  \     |\  __   /  /   
   /  \/    \    | |/ /  /   ‾‾\ 
  /          \   |   (  |  (‾)  |
 / __________ \  |_|\_\  \_____/ 

     execution: local
        script: workflow/spin/k6_open_client.js
        output: -

     scenarios: (100.00%) 1 scenario, 10000 max VUs, 15s max duration (incl. graceful stop):
              * default: 3536.00 iterations/s for 15s (maxVUs: 3536-10000)


running (00.9s), 00588/03536 VUs, 2504 complete and 0 interrupted iterations
default   [   6% ] 00588/03536 VUs  00.9s/15s  3536.00 iters/s

running (01.9s), 00734/03536 VUs, 5894 complete and 0 interrupted iterations
default   [  12% ] 00734/03536 VUs  01.9s/15s  3536.00 iters/s

running (02.9s), 00710/03536 VUs, 9454 complete and 0 interrupted iterations
default   [  19% ] 00710/03536 VUs  02.9s/15s  3536.00 iters/s

running (03.9s), 00664/03536 VUs, 13038 complete and 0 interrupted iterations
default   [  26% ] 00664/03536 VUs  03.9s/15s  3536.00 iters/s

running (04.9s), 00691/03536 VUs, 16545 complete and 0 interrupted iterations
default   [  32% ] 00691/03536 VUs  04.9s/15s  3536.00 iters/s

running (05.9s), 00768/03536 VUs, 20004 complete and 0 interrupted iterations
default   [  39% ] 00768/03536 VUs  05.9s/15s  3536.00 iters/s

running (06.9s), 00774/03536 VUs, 23534 complete and 0 interrupted iterations
default   [  46% ] 00774/03536 VUs  06.9s/15s  3536.00 iters/s

running (07.9s), 00785/03536 VUs, 27058 complete and 0 interrupted iterations
default   [  52% ] 00785/03536 VUs  07.9s/15s  3536.00 iters/s

running (08.9s), 00760/03536 VUs, 30620 complete and 0 interrupted iterations
default   [  59% ] 00760/03536 VUs  08.9s/15s  3536.00 iters/s

running (09.9s), 00826/03536 VUs, 34090 complete and 0 interrupted iterations
default   [  66% ] 00826/03536 VUs  09.9s/15s  3536.00 iters/s

running (10.9s), 00824/03536 VUs, 37625 complete and 0 interrupted iterations
default   [  72% ] 00825/03536 VUs  10.9s/15s  3536.00 iters/s

running (11.9s), 00795/03536 VUs, 41195 complete and 0 interrupted iterations
default   [  79% ] 00795/03536 VUs  11.9s/15s  3536.00 iters/s

running (12.9s), 00720/03536 VUs, 44804 complete and 0 interrupted iterations
default   [  86% ] 00720/03536 VUs  12.9s/15s  3536.00 iters/s

running (13.9s), 00555/03536 VUs, 48509 complete and 0 interrupted iterations
default   [  93% ] 00556/03536 VUs  13.9s/15s  3536.00 iters/s

running (14.9s), 00571/03536 VUs, 52025 complete and 0 interrupted iterations
default   [  99% ] 00571/03536 VUs  14.9s/15s  3536.00 iters/s


  █ TOTAL RESULTS 

    HTTP
    http_req_duration..............: avg=200.88ms min=111.06ms med=205.69ms max=256.87ms p(90)=229.87ms p(95)=235.02ms
      { expected_response:true }...: avg=200.88ms min=111.06ms med=205.69ms max=256.87ms p(90)=229.87ms p(95)=235.02ms
    http_req_failed................: 0.00% 0 out of 52487
    http_reqs......................: 52487 3497.291248/s

    EXECUTION
    iteration_duration.............: avg=200.98ms min=111.5ms  med=205.77ms max=256.95ms p(90)=229.97ms p(95)=235.1ms 
    iterations.....................: 52487 3497.291248/s
    vus............................: 570   min=553        max=825 
    vus_max........................: 3536  min=3536       max=3536

    NETWORK
    data_received..................: 11 MB 710 kB/s
    data_sent......................: 10 MB 678 kB/s




running (15.0s), 00000/03536 VUs, 52483 complete and 558 interrupted iterations
default ✓ [ 100% ] 00558/03536 VUs  15s  3536.00 iters/s
