
         /\      Grafana   /‾‾/  
    /\  /  \     |\  __   /  /   
   /  \/    \    | |/ /  /   ‾‾\ 
  /          \   |   (  |  (‾)  |
 / __________ \  |_|\_\  \_____/ 

     execution: local
        script: workflow/spin/k6_open_client.js
        output: -

     scenarios: (100.00%) 1 scenario, 10000 max VUs, 15s max duration (incl. graceful stop):
              * default: 4020.00 iterations/s for 15s (maxVUs: 4020-10000)


running (00.9s), 00028/04020 VUs, 3459 complete and 0 interrupted iterations
default   [   6% ] 00028/04020 VUs  00.9s/15s  4020.00 iters/s

running (01.9s), 00013/04020 VUs, 7494 complete and 0 interrupted iterations
default   [  12% ] 00013/04020 VUs  01.9s/15s  4020.00 iters/s

running (02.9s), 00018/04020 VUs, 11509 complete and 0 interrupted iterations
default   [  19% ] 00018/04020 VUs  02.9s/15s  4020.00 iters/s

running (03.9s), 00014/04020 VUs, 15533 complete and 0 interrupted iterations
default   [  26% ] 00013/04020 VUs  03.9s/15s  4020.00 iters/s

running (04.9s), 00011/04020 VUs, 19556 complete and 0 interrupted iterations
default   [  32% ] 00011/04020 VUs  04.9s/15s  4020.00 iters/s

running (05.9s), 00013/04020 VUs, 23574 complete and 0 interrupted iterations
default   [  39% ] 00013/04020 VUs  05.9s/15s  4020.00 iters/s

running (06.9s), 00017/04020 VUs, 27589 complete and 0 interrupted iterations
default   [  46% ] 00018/04020 VUs  06.9s/15s  4020.00 iters/s

running (07.9s), 00012/04020 VUs, 31615 complete and 0 interrupted iterations
default   [  52% ] 00012/04020 VUs  07.9s/15s  4020.00 iters/s

running (08.9s), 00012/04020 VUs, 35635 complete and 0 interrupted iterations
default   [  59% ] 00012/04020 VUs  08.9s/15s  4020.00 iters/s

running (09.9s), 00014/04020 VUs, 39653 complete and 0 interrupted iterations
default   [  66% ] 00014/04020 VUs  09.9s/15s  4020.00 iters/s

running (10.9s), 00018/04020 VUs, 43669 complete and 0 interrupted iterations
default   [  72% ] 00018/04020 VUs  10.9s/15s  4020.00 iters/s

running (11.9s), 00016/04020 VUs, 47691 complete and 0 interrupted iterations
default   [  79% ] 00016/04020 VUs  11.9s/15s  4020.00 iters/s

running (12.9s), 00010/04020 VUs, 51714 complete and 0 interrupted iterations
default   [  86% ] 00011/04020 VUs  12.9s/15s  4020.00 iters/s

running (13.9s), 00014/04020 VUs, 55733 complete and 0 interrupted iterations
default   [  92% ] 00014/04020 VUs  13.9s/15s  4020.00 iters/s

running (14.9s), 00018/04020 VUs, 59748 complete and 0 interrupted iterations
default   [  99% ] 00019/04020 VUs  14.9s/15s  4020.00 iters/s


  █ TOTAL RESULTS 

    HTTP
    http_req_duration..............: avg=4.6ms  min=2.4ms  med=3.41ms max=68.3ms  p(90)=6.17ms p(95)=9.61ms 
      { expected_response:true }...: avg=4.6ms  min=2.4ms  med=3.41ms max=68.3ms  p(90)=6.17ms p(95)=9.61ms 
    http_req_failed................: 0.00% 0 out of 60291
    http_reqs......................: 60291 4017.846031/s

    EXECUTION
    iteration_duration.............: avg=4.76ms min=2.46ms med=3.5ms  max=68.55ms p(90)=6.38ms p(95)=10.36ms
    iterations.....................: 60291 4017.846031/s
    vus............................: 20    min=11         max=28  
    vus_max........................: 4020  min=4020       max=4020

    NETWORK
    data_received..................: 12 MB 816 kB/s
    data_sent......................: 12 MB 771 kB/s




running (15.0s), 00000/04020 VUs, 60289 complete and 12 interrupted iterations
default ✓ [ 100% ] 00012/04020 VUs  15s  4020.00 iters/s
