
         /\      Grafana   /‾‾/  
    /\  /  \     |\  __   /  /   
   /  \/    \    | |/ /  /   ‾‾\ 
  /          \   |   (  |  (‾)  |
 / __________ \  |_|\_\  \_____/ 

     execution: local
        script: workflow/online_boutique/k6_open_add_to_cart.js
        output: -

     scenarios: (100.00%) 1 scenario, 10000 max VUs, 15s max duration (incl. graceful stop):
              * default: 5276.00 iterations/s for 15s (maxVUs: 5276-10000)


running (00.8s), 00527/05276 VUs, 3817 complete and 0 interrupted iterations
default   [   5% ] 00527/05276 VUs  00.8s/15s  5276.00 iters/s

running (01.8s), 00010/05276 VUs, 9610 complete and 0 interrupted iterations
default   [  12% ] 00010/05276 VUs  01.8s/15s  5276.00 iters/s

running (02.8s), 00008/05276 VUs, 14888 complete and 0 interrupted iterations
default   [  19% ] 00008/05276 VUs  02.8s/15s  5276.00 iters/s

running (03.8s), 00007/05276 VUs, 20165 complete and 0 interrupted iterations
default   [  25% ] 00007/05276 VUs  03.8s/15s  5276.00 iters/s

running (04.8s), 00008/05276 VUs, 25439 complete and 0 interrupted iterations
default   [  32% ] 00009/05276 VUs  04.8s/15s  5276.00 iters/s

running (05.8s), 00074/05276 VUs, 30650 complete and 0 interrupted iterations
default   [  39% ] 00074/05276 VUs  05.8s/15s  5276.00 iters/s

running (06.8s), 00009/05276 VUs, 35991 complete and 0 interrupted iterations
default   [  45% ] 00009/05276 VUs  06.8s/15s  5276.00 iters/s

running (07.8s), 00009/05276 VUs, 41273 complete and 0 interrupted iterations
default   [  52% ] 00009/05276 VUs  07.8s/15s  5276.00 iters/s

running (08.8s), 00005/05276 VUs, 46547 complete and 0 interrupted iterations
default   [  59% ] 00005/05276 VUs  08.8s/15s  5276.00 iters/s

running (09.8s), 00005/05276 VUs, 51824 complete and 0 interrupted iterations
default   [  65% ] 00005/05276 VUs  09.8s/15s  5276.00 iters/s

running (10.8s), 00011/05276 VUs, 57093 complete and 0 interrupted iterations
default   [  72% ] 00011/05276 VUs  10.8s/15s  5276.00 iters/s

running (11.8s), 00005/05276 VUs, 62380 complete and 0 interrupted iterations
default   [  79% ] 00005/05276 VUs  11.8s/15s  5276.00 iters/s

running (12.8s), 00006/05276 VUs, 67650 complete and 0 interrupted iterations
default   [  85% ] 00006/05276 VUs  12.8s/15s  5276.00 iters/s

running (13.8s), 00005/05276 VUs, 72927 complete and 0 interrupted iterations
default   [  92% ] 00005/05276 VUs  13.8s/15s  5276.00 iters/s

running (14.8s), 00005/05276 VUs, 78204 complete and 0 interrupted iterations
default   [  99% ] 00005/05276 VUs  14.8s/15s  5276.00 iters/s


  █ TOTAL RESULTS 

    CUSTOM
    online_boutique_application_errors...: 0.00% 0 out of 79138

    HTTP
    http_req_duration....................: avg=9.34ms min=654.47µs med=1.17ms max=282.78ms p(90)=8.81ms p(95)=71.65ms
      { expected_response:true }.........: avg=9.34ms min=654.47µs med=1.17ms max=282.78ms p(90)=8.81ms p(95)=71.65ms
    http_req_failed......................: 0.00% 0 out of 79138
    http_reqs............................: 79138 5273.355887/s

    EXECUTION
    iteration_duration...................: avg=10.1ms min=798.96µs med=1.34ms max=294.15ms p(90)=9.14ms p(95)=84.35ms
    iterations...........................: 79138 5273.355887/s
    vus..................................: 5     min=5          max=527 
    vus_max..............................: 5276  min=5276       max=5276

    NETWORK
    data_received........................: 68 MB 4.6 MB/s
    data_sent............................: 21 MB 1.4 MB/s




running (15.0s), 00000/05276 VUs, 79132 complete and 9 interrupted iterations
default ✓ [ 100% ] 00009/05276 VUs  15s  5276.00 iters/s
