
         /\      Grafana   /‾‾/  
    /\  /  \     |\  __   /  /   
   /  \/    \    | |/ /  /   ‾‾\ 
  /          \   |   (  |  (‾)  |
 / __________ \  |_|\_\  \_____/ 

     execution: local
        script: workflow/spin/k6_open_client.js
        output: -

     scenarios: (100.00%) 1 scenario, 10000 max VUs, 15s max duration (incl. graceful stop):
              * default: 3267.00 iterations/s for 15s (maxVUs: 3267-10000)


running (00.9s), 00374/03267 VUs, 2552 complete and 0 interrupted iterations
default   [   6% ] 00374/03267 VUs  00.9s/15s  3267.00 iters/s

running (01.9s), 00563/03267 VUs, 5632 complete and 0 interrupted iterations
default   [  13% ] 00563/03267 VUs  01.9s/15s  3267.00 iters/s

running (02.9s), 00562/03267 VUs, 8898 complete and 0 interrupted iterations
default   [  19% ] 00562/03267 VUs  02.9s/15s  3267.00 iters/s

running (03.9s), 00672/03267 VUs, 12055 complete and 0 interrupted iterations
default   [  26% ] 00672/03267 VUs  03.9s/15s  3267.00 iters/s

running (04.9s), 00748/03267 VUs, 15246 complete and 0 interrupted iterations
default   [  33% ] 00748/03267 VUs  04.9s/15s  3267.00 iters/s

running (05.9s), 00810/03267 VUs, 18451 complete and 0 interrupted iterations
default   [  39% ] 00810/03267 VUs  05.9s/15s  3267.00 iters/s

running (06.9s), 00814/03267 VUs, 21714 complete and 0 interrupted iterations
default   [  46% ] 00814/03267 VUs  06.9s/15s  3267.00 iters/s

running (07.9s), 00962/03267 VUs, 24832 complete and 0 interrupted iterations
default   [  53% ] 00962/03267 VUs  07.9s/15s  3267.00 iters/s

running (08.9s), 01029/03267 VUs, 28033 complete and 0 interrupted iterations
default   [  59% ] 01029/03267 VUs  08.9s/15s  3267.00 iters/s

running (09.9s), 01032/03267 VUs, 31297 complete and 0 interrupted iterations
default   [  66% ] 01032/03267 VUs  09.9s/15s  3267.00 iters/s

running (10.9s), 01183/03267 VUs, 34413 complete and 0 interrupted iterations
default   [  73% ] 01182/03267 VUs  10.9s/15s  3267.00 iters/s

running (11.9s), 01323/03267 VUs, 37540 complete and 0 interrupted iterations
default   [  79% ] 01322/03267 VUs  11.9s/15s  3267.00 iters/s

running (12.9s), 01343/03267 VUs, 40787 complete and 0 interrupted iterations
default   [  86% ] 01343/03267 VUs  12.9s/15s  3267.00 iters/s

running (13.9s), 01367/03267 VUs, 44032 complete and 0 interrupted iterations
default   [  93% ] 01367/03267 VUs  13.9s/15s  3267.00 iters/s

running (14.9s), 01433/03267 VUs, 47232 complete and 0 interrupted iterations
default   [  99% ] 01433/03267 VUs  14.9s/15s  3267.00 iters/s


  █ TOTAL RESULTS 

    HTTP
    http_req_duration..............: avg=281.15ms min=70.72ms med=269.97ms max=448.87ms p(90)=418.84ms p(95)=425.3ms 
      { expected_response:true }...: avg=281.15ms min=70.72ms med=269.97ms max=448.87ms p(90)=418.84ms p(95)=425.3ms 
    http_req_failed................: 0.00%  0 out of 47616
    http_reqs......................: 47616  3171.604737/s

    EXECUTION
    iteration_duration.............: avg=281.25ms min=70.94ms med=270.06ms max=448.94ms p(90)=418.93ms p(95)=425.39ms
    iterations.....................: 47616  3171.604737/s
    vus............................: 1434   min=373        max=1434
    vus_max........................: 3267   min=3267       max=3267

    NETWORK
    data_received..................: 9.7 MB 644 kB/s
    data_sent......................: 9.4 MB 626 kB/s




running (15.0s), 00000/03267 VUs, 47616 complete and 1389 interrupted iterations
default ✓ [ 100% ] 01389/03267 VUs  15s  3267.00 iters/s
