
         /\      Grafana   /‾‾/  
    /\  /  \     |\  __   /  /   
   /  \/    \    | |/ /  /   ‾‾\ 
  /          \   |   (  |  (‾)  |
 / __________ \  |_|\_\  \_____/ 

     execution: local
        script: workflow/media/k6_open_review_compose.js
        output: -

     scenarios: (100.00%) 1 scenario, 10000 max VUs, 10s max duration (incl. graceful stop):
              * default: 344.00 iterations/s for 10s (maxVUs: 344-10000)


running (01.0s), 00175/00344 VUs, 162 complete and 0 interrupted iterations
default   [  10% ] 00175/00344 VUs  01.0s/10s  344.00 iters/s

running (02.0s), 00182/00344 VUs, 499 complete and 0 interrupted iterations
default   [  20% ] 00182/00344 VUs  02.0s/10s  344.00 iters/s

running (03.0s), 00181/00344 VUs, 844 complete and 0 interrupted iterations
default   [  30% ] 00181/00344 VUs  03.0s/10s  344.00 iters/s

running (04.0s), 00184/00344 VUs, 1185 complete and 0 interrupted iterations
default   [  40% ] 00184/00344 VUs  04.0s/10s  344.00 iters/s

running (05.0s), 00182/00344 VUs, 1531 complete and 0 interrupted iterations
default   [  50% ] 00182/00344 VUs  05.0s/10s  344.00 iters/s

running (06.0s), 00180/00344 VUs, 1877 complete and 0 interrupted iterations
default   [  60% ] 00180/00344 VUs  06.0s/10s  344.00 iters/s

running (07.0s), 00185/00344 VUs, 2216 complete and 0 interrupted iterations
default   [  70% ] 00185/00344 VUs  07.0s/10s  344.00 iters/s

running (08.0s), 00180/00344 VUs, 2565 complete and 0 interrupted iterations
default   [  80% ] 00180/00344 VUs  08.0s/10s  344.00 iters/s

running (09.0s), 00180/00344 VUs, 2909 complete and 0 interrupted iterations
default   [  90% ] 00180/00344 VUs  09.0s/10s  344.00 iters/s

running (10.0s), 00179/00344 VUs, 3254 complete and 0 interrupted iterations
default   [ 100% ] 00179/00344 VUs  10.0s/10s  344.00 iters/s


  █ TOTAL RESULTS 

    HTTP
    http_req_duration..............: avg=11.79ms min=2.7ms med=9.14ms max=34.69ms p(90)=25.67ms p(95)=28.44ms
      { expected_response:true }...: avg=11.79ms min=2.7ms med=9.14ms max=34.69ms p(90)=25.67ms p(95)=28.44ms
    http_req_failed................: 0.00%  0 out of 3261
    http_reqs......................: 3261   326.0052/s

    EXECUTION
    iteration_duration.............: avg=11.91ms min=2.8ms med=9.25ms max=34.8ms  p(90)=25.8ms  p(95)=28.55ms
    iterations.....................: 3261   326.0052/s
    vus............................: 179    min=175       max=185
    vus_max........................: 344    min=344       max=344

    NETWORK
    data_received..................: 749 kB 75 kB/s
    data_sent......................: 1.8 MB 182 kB/s




running (10.0s), 00000/00344 VUs, 3261 complete and 180 interrupted iterations
default ✓ [ 100% ] 00180/00344 VUs  10s  344.00 iters/s
