
         /\      Grafana   /‾‾/  
    /\  /  \     |\  __   /  /   
   /  \/    \    | |/ /  /   ‾‾\ 
  /          \   |   (  |  (‾)  |
 / __________ \  |_|\_\  \_____/ 

     execution: local
        script: workflow/hotel/k6_open_recommendations_client.js
        output: -

     scenarios: (100.00%) 1 scenario, 10000 max VUs, 15s max duration (incl. graceful stop):
              * default: 2212.00 iterations/s for 15s (maxVUs: 2212-10000)


running (00.9s), 00413/02212 VUs, 1623 complete and 0 interrupted iterations
default   [   6% ] 00413/02212 VUs  00.9s/15s  2212.00 iters/s

running (01.9s), 00587/02212 VUs, 3662 complete and 0 interrupted iterations
default   [  13% ] 00587/02212 VUs  01.9s/15s  2212.00 iters/s

running (02.9s), 00413/02212 VUs, 6048 complete and 0 interrupted iterations
default   [  19% ] 00413/02212 VUs  02.9s/15s  2212.00 iters/s

running (03.9s), 00347/02212 VUs, 8326 complete and 0 interrupted iterations
default   [  26% ] 00347/02212 VUs  03.9s/15s  2212.00 iters/s

running (04.9s), 00402/02212 VUs, 10484 complete and 0 interrupted iterations
default   [  33% ] 00402/02212 VUs  04.9s/15s  2212.00 iters/s

running (05.9s), 00420/02212 VUs, 12677 complete and 0 interrupted iterations
default   [  39% ] 00420/02212 VUs  05.9s/15s  2212.00 iters/s

running (06.9s), 00346/02212 VUs, 14962 complete and 0 interrupted iterations
default   [  46% ] 00347/02212 VUs  06.9s/15s  2212.00 iters/s

running (07.9s), 00545/02212 VUs, 16976 complete and 0 interrupted iterations
default   [  53% ] 00545/02212 VUs  07.9s/15s  2212.00 iters/s

running (08.9s), 00514/02212 VUs, 19220 complete and 0 interrupted iterations
default   [  59% ] 00514/02212 VUs  08.9s/15s  2212.00 iters/s

running (09.9s), 00368/02212 VUs, 21575 complete and 0 interrupted iterations
default   [  66% ] 00369/02212 VUs  09.9s/15s  2212.00 iters/s

running (10.9s), 00508/02212 VUs, 23649 complete and 0 interrupted iterations
default   [  73% ] 00508/02212 VUs  10.9s/15s  2212.00 iters/s

running (11.9s), 00406/02212 VUs, 25963 complete and 0 interrupted iterations
default   [  79% ] 00406/02212 VUs  11.9s/15s  2212.00 iters/s

running (12.9s), 00383/02212 VUs, 28200 complete and 0 interrupted iterations
default   [  86% ] 00383/02212 VUs  12.9s/15s  2212.00 iters/s

running (13.9s), 00458/02212 VUs, 30333 complete and 0 interrupted iterations
default   [  93% ] 00458/02212 VUs  13.9s/15s  2212.00 iters/s

running (14.9s), 00432/02212 VUs, 32573 complete and 0 interrupted iterations
default   [  99% ] 00432/02212 VUs  14.9s/15s  2212.00 iters/s


  █ TOTAL RESULTS 

    HTTP
    http_req_duration..............: avg=194.79ms min=116.04ms med=188.89ms max=307.4ms  p(90)=255.87ms p(95)=270.8ms 
      { expected_response:true }...: avg=194.79ms min=116.04ms med=188.89ms max=307.4ms  p(90)=255.87ms p(95)=270.8ms 
    http_req_failed................: 0.00%  0 out of 32720
    http_reqs......................: 32720  2180.511747/s

    EXECUTION
    iteration_duration.............: avg=194.91ms min=116.15ms med=188.99ms max=309.22ms p(90)=256.01ms p(95)=270.94ms
    iterations.....................: 32720  2180.511747/s
    vus............................: 431    min=347        max=587 
    vus_max........................: 2212   min=2212       max=2212

    NETWORK
    data_received..................: 19 MB  1.3 MB/s
    data_sent......................: 9.5 MB 630 kB/s




running (15.0s), 00000/02212 VUs, 32720 complete and 461 interrupted iterations
default ✓ [ 100% ] 00461/02212 VUs  15s  2212.00 iters/s
