
         /\      Grafana   /‾‾/  
    /\  /  \     |\  __   /  /   
   /  \/    \    | |/ /  /   ‾‾\ 
  /          \   |   (  |  (‾)  |
 / __________ \  |_|\_\  \_____/ 

     execution: local
        script: workflow/spin/k6_open_client.js
        output: -

     scenarios: (100.00%) 1 scenario, 10000 max VUs, 15s max duration (incl. graceful stop):
              * default: 1518.00 iterations/s for 15s (maxVUs: 1518-10000)


running (00.9s), 00101/01518 VUs, 1330 complete and 0 interrupted iterations
default   [   6% ] 00101/01518 VUs  00.9s/15s  1518.00 iters/s

running (01.9s), 00089/01518 VUs, 2862 complete and 0 interrupted iterations
default   [  13% ] 00089/01518 VUs  01.9s/15s  1518.00 iters/s

running (02.9s), 00118/01518 VUs, 4350 complete and 0 interrupted iterations
default   [  20% ] 00118/01518 VUs  02.9s/15s  1518.00 iters/s

running (03.9s), 00114/01518 VUs, 5871 complete and 0 interrupted iterations
default   [  26% ] 00114/01518 VUs  03.9s/15s  1518.00 iters/s

running (04.9s), 00107/01518 VUs, 7398 complete and 0 interrupted iterations
default   [  33% ] 00107/01518 VUs  04.9s/15s  1518.00 iters/s

running (05.9s), 00093/01518 VUs, 8928 complete and 0 interrupted iterations
default   [  40% ] 00093/01518 VUs  05.9s/15s  1518.00 iters/s

running (06.9s), 00071/01518 VUs, 10468 complete and 0 interrupted iterations
default   [  46% ] 00071/01518 VUs  06.9s/15s  1518.00 iters/s

running (07.9s), 00123/01518 VUs, 11934 complete and 0 interrupted iterations
default   [  53% ] 00124/01518 VUs  07.9s/15s  1518.00 iters/s

running (08.9s), 00107/01518 VUs, 13470 complete and 0 interrupted iterations
default   [  60% ] 00107/01518 VUs  08.9s/15s  1518.00 iters/s

running (09.9s), 00091/01518 VUs, 15002 complete and 0 interrupted iterations
default   [  66% ] 00091/01518 VUs  09.9s/15s  1518.00 iters/s

running (10.9s), 00095/01518 VUs, 16517 complete and 0 interrupted iterations
default   [  73% ] 00095/01518 VUs  10.9s/15s  1518.00 iters/s

running (11.9s), 00087/01518 VUs, 18042 complete and 0 interrupted iterations
default   [  80% ] 00088/01518 VUs  11.9s/15s  1518.00 iters/s

running (12.9s), 00075/01518 VUs, 19572 complete and 0 interrupted iterations
default   [  86% ] 00076/01518 VUs  12.9s/15s  1518.00 iters/s

running (13.9s), 00131/01518 VUs, 21035 complete and 0 interrupted iterations
default   [  93% ] 00131/01518 VUs  13.9s/15s  1518.00 iters/s

running (14.9s), 00127/01518 VUs, 22556 complete and 0 interrupted iterations
default   [ 100% ] 00128/01518 VUs  14.9s/15s  1518.00 iters/s


  █ TOTAL RESULTS 

    HTTP
    http_req_duration..............: avg=66.06ms min=37.96ms med=65.96ms max=100.5ms  p(90)=84.06ms p(95)=86.8ms
      { expected_response:true }...: avg=66.06ms min=37.96ms med=65.96ms max=100.5ms  p(90)=84.06ms p(95)=86.8ms
    http_req_failed................: 0.00%  0 out of 22645
    http_reqs......................: 22645  1509.367273/s

    EXECUTION
    iteration_duration.............: avg=66.15ms min=38.03ms med=66.05ms max=100.56ms p(90)=84.16ms p(95)=86.9ms
    iterations.....................: 22645  1509.367273/s
    vus............................: 129    min=71         max=130 
    vus_max........................: 1518   min=1518       max=1518

    NETWORK
    data_received..................: 4.6 MB 306 kB/s
    data_sent......................: 4.4 MB 291 kB/s




running (15.0s), 00000/01518 VUs, 22645 complete and 124 interrupted iterations
default ✓ [ 100% ] 00124/01518 VUs  15s  1518.00 iters/s
