
         /\      Grafana   /‾‾/  
    /\  /  \     |\  __   /  /   
   /  \/    \    | |/ /  /   ‾‾\ 
  /          \   |   (  |  (‾)  |
 / __________ \  |_|\_\  \_____/ 

     execution: local
        script: workflow/spin/k6_open_client.js
        output: -

     scenarios: (100.00%) 1 scenario, 10000 max VUs, 15s max duration (incl. graceful stop):
              * default: 3441.00 iterations/s for 15s (maxVUs: 3441-10000)


running (00.9s), 00340/03441 VUs, 2688 complete and 0 interrupted iterations
default   [   6% ] 00340/03441 VUs  00.9s/15s  3441.00 iters/s

running (01.9s), 00385/03441 VUs, 6084 complete and 0 interrupted iterations
default   [  13% ] 00385/03441 VUs  01.9s/15s  3441.00 iters/s

running (02.9s), 00359/03441 VUs, 9551 complete and 0 interrupted iterations
default   [  19% ] 00359/03441 VUs  02.9s/15s  3441.00 iters/s

running (03.9s), 00389/03441 VUs, 12962 complete and 0 interrupted iterations
default   [  26% ] 00388/03441 VUs  03.9s/15s  3441.00 iters/s

running (04.9s), 00401/03441 VUs, 16391 complete and 0 interrupted iterations
default   [  33% ] 00400/03441 VUs  04.9s/15s  3441.00 iters/s

running (05.9s), 00378/03441 VUs, 19855 complete and 0 interrupted iterations
default   [  39% ] 00378/03441 VUs  05.9s/15s  3441.00 iters/s

running (06.9s), 00398/03441 VUs, 23276 complete and 0 interrupted iterations
default   [  46% ] 00398/03441 VUs  06.9s/15s  3441.00 iters/s

running (07.9s), 00265/03441 VUs, 26850 complete and 0 interrupted iterations
default   [  53% ] 00265/03441 VUs  07.9s/15s  3441.00 iters/s

running (08.9s), 00249/03441 VUs, 30306 complete and 0 interrupted iterations
default   [  59% ] 00249/03441 VUs  08.9s/15s  3441.00 iters/s

running (09.9s), 00233/03441 VUs, 33762 complete and 0 interrupted iterations
default   [  66% ] 00233/03441 VUs  09.9s/15s  3441.00 iters/s

running (10.9s), 00232/03441 VUs, 37206 complete and 0 interrupted iterations
default   [  73% ] 00232/03441 VUs  10.9s/15s  3441.00 iters/s

running (11.9s), 00219/03441 VUs, 40660 complete and 0 interrupted iterations
default   [  79% ] 00219/03441 VUs  11.9s/15s  3441.00 iters/s

running (12.9s), 00312/03441 VUs, 44007 complete and 0 interrupted iterations
default   [  86% ] 00313/03441 VUs  12.9s/15s  3441.00 iters/s

running (13.9s), 00291/03441 VUs, 47470 complete and 0 interrupted iterations
default   [  93% ] 00291/03441 VUs  13.9s/15s  3441.00 iters/s

running (14.9s), 00282/03441 VUs, 50919 complete and 0 interrupted iterations
default   [  99% ] 00282/03441 VUs  14.9s/15s  3441.00 iters/s


  █ TOTAL RESULTS 

    HTTP
    http_req_duration..............: avg=91.46ms min=55.02ms med=90.22ms max=136.29ms p(90)=116.96ms p(95)=120.33ms
      { expected_response:true }...: avg=91.46ms min=55.02ms med=90.22ms max=136.29ms p(90)=116.96ms p(95)=120.33ms
    http_req_failed................: 0.00%  0 out of 51387
    http_reqs......................: 51387  3424.403207/s

    EXECUTION
    iteration_duration.............: avg=91.56ms min=55.09ms med=90.32ms max=136.41ms p(90)=117.05ms p(95)=120.41ms
    iterations.....................: 51387  3424.403207/s
    vus............................: 282    min=218        max=400 
    vus_max........................: 3441   min=3441       max=3441

    NETWORK
    data_received..................: 10 MB  695 kB/s
    data_sent......................: 9.9 MB 660 kB/s




running (15.0s), 00000/03441 VUs, 51380 complete and 236 interrupted iterations
default ✓ [ 100% ] 00236/03441 VUs  15s  3441.00 iters/s
