
         /\      Grafana   /‾‾/  
    /\  /  \     |\  __   /  /   
   /  \/    \    | |/ /  /   ‾‾\ 
  /          \   |   (  |  (‾)  |
 / __________ \  |_|\_\  \_____/ 

     execution: local
        script: workflow/response/k6_open_client.js
        output: -

     scenarios: (100.00%) 1 scenario, 100000 max VUs, 15s max duration (incl. graceful stop):
              * default: 7264.00 iterations/s for 15s (maxVUs: 7264-100000)


running (00.8s), 001485/007264 VUs, 2566 complete and 0 interrupted iterations
default   [   5% ] 001485/007264 VUs  00.8s/15s  7264.00 iters/s

running (01.8s), 004420/007264 VUs, 8381 complete and 0 interrupted iterations
default   [  12% ] 004421/007264 VUs  01.8s/15s  7264.00 iters/s

running (02.8s), 004586/007264 VUs, 15482 complete and 0 interrupted iterations
default   [  18% ] 004586/007264 VUs  02.8s/15s  7264.00 iters/s

running (03.8s), 004561/007264 VUs, 22768 complete and 0 interrupted iterations
default   [  25% ] 004561/007264 VUs  03.8s/15s  7264.00 iters/s

running (04.8s), 004226/007264 VUs, 30366 complete and 0 interrupted iterations
default   [  32% ] 004226/007264 VUs  04.8s/15s  7264.00 iters/s

running (05.8s), 004032/007264 VUs, 37824 complete and 0 interrupted iterations
default   [  38% ] 004032/007264 VUs  05.8s/15s  7264.00 iters/s

running (06.8s), 003497/007264 VUs, 45627 complete and 0 interrupted iterations
default   [  45% ] 003497/007264 VUs  06.8s/15s  7264.00 iters/s

running (07.8s), 003267/007264 VUs, 53118 complete and 0 interrupted iterations
default   [  52% ] 003267/007264 VUs  07.8s/15s  7264.00 iters/s

running (08.8s), 003505/007264 VUs, 60143 complete and 0 interrupted iterations
default   [  58% ] 003505/007264 VUs  08.8s/15s  7264.00 iters/s

running (09.8s), 003445/007264 VUs, 67468 complete and 0 interrupted iterations
default   [  65% ] 003445/007264 VUs  09.8s/15s  7264.00 iters/s

running (10.8s), 003225/007264 VUs, 74951 complete and 0 interrupted iterations
default   [  72% ] 003225/007264 VUs  10.8s/15s  7264.00 iters/s

running (11.8s), 003181/007264 VUs, 82258 complete and 0 interrupted iterations
default   [  78% ] 003181/007264 VUs  11.8s/15s  7264.00 iters/s

running (12.8s), 003125/007264 VUs, 89582 complete and 0 interrupted iterations
default   [  85% ] 003125/007264 VUs  12.8s/15s  7264.00 iters/s

running (13.8s), 003147/007264 VUs, 96822 complete and 0 interrupted iterations
default   [  92% ] 003147/007264 VUs  13.8s/15s  7264.00 iters/s

running (14.8s), 002902/007264 VUs, 104330 complete and 0 interrupted iterations
default   [  98% ] 002902/007264 VUs  14.8s/15s  7264.00 iters/s


  █ TOTAL RESULTS 

    HTTP
    http_req_duration..............: avg=470.9ms  min=614.96µs med=463.6ms  max=1.23s p(90)=618.19ms p(95)=630.31ms
      { expected_response:true }...: avg=470.9ms  min=614.96µs med=463.6ms  max=1.23s p(90)=618.19ms p(95)=630.31ms
    http_req_failed................: 0.00%  0 out of 106046
    http_reqs......................: 106046 7055.600302/s

    EXECUTION
    iteration_duration.............: avg=479.07ms min=691.99µs med=463.92ms max=1.36s p(90)=618.56ms p(95)=630.51ms
    iterations.....................: 106046 7055.600302/s
    vus............................: 2902   min=1484        max=4586
    vus_max........................: 7264   min=7264        max=7264

    NETWORK
    data_received..................: 22 MB  1.4 MB/s
    data_sent......................: 21 MB  1.4 MB/s




running (15.0s), 000000/007264 VUs, 106010 complete and 2951 interrupted iterations
default ✓ [ 100% ] 002951/007264 VUs  15s  7264.00 iters/s
