
         /\      Grafana   /‾‾/  
    /\  /  \     |\  __   /  /   
   /  \/    \    | |/ /  /   ‾‾\ 
  /          \   |   (  |  (‾)  |
 / __________ \  |_|\_\  \_____/ 

     execution: local
        script: workflow/hotel/k6_open_hotels_client.js
        output: -

     scenarios: (100.00%) 1 scenario, 10000 max VUs, 10s max duration (incl. graceful stop):
              * default: 811.00 iterations/s for 10s (maxVUs: 811-10000)


running (01.0s), 00003/00811 VUs, 777 complete and 0 interrupted iterations
default   [  10% ] 00004/00811 VUs  01.0s/10s  811.00 iters/s

running (02.0s), 00004/00811 VUs, 1588 complete and 0 interrupted iterations
default   [  20% ] 00004/00811 VUs  02.0s/10s  811.00 iters/s

running (03.0s), 00003/00811 VUs, 2398 complete and 0 interrupted iterations
default   [  30% ] 00003/00811 VUs  03.0s/10s  811.00 iters/s

running (04.0s), 00003/00811 VUs, 3210 complete and 0 interrupted iterations
default   [  40% ] 00003/00811 VUs  04.0s/10s  811.00 iters/s

running (05.0s), 00004/00811 VUs, 4020 complete and 0 interrupted iterations
default   [  50% ] 00004/00811 VUs  05.0s/10s  811.00 iters/s

running (06.0s), 00008/00811 VUs, 4828 complete and 0 interrupted iterations
default   [  60% ] 00008/00811 VUs  06.0s/10s  811.00 iters/s

running (07.0s), 00003/00811 VUs, 5644 complete and 0 interrupted iterations
default   [  70% ] 00003/00811 VUs  07.0s/10s  811.00 iters/s

running (08.0s), 00002/00811 VUs, 6455 complete and 0 interrupted iterations
default   [  80% ] 00002/00811 VUs  08.0s/10s  811.00 iters/s

running (09.0s), 00011/00811 VUs, 7257 complete and 0 interrupted iterations
default   [  90% ] 00011/00811 VUs  09.0s/10s  811.00 iters/s

running (10.0s), 00004/00811 VUs, 8075 complete and 0 interrupted iterations
default   [ 100% ] 00004/00811 VUs  10.0s/10s  811.00 iters/s


  █ TOTAL RESULTS 

    HTTP
    http_req_duration..............: avg=5.11ms min=1.98ms med=3.46ms max=20.56ms p(90)=10.8ms  p(95)=13.4ms 
      { expected_response:true }...: avg=5.11ms min=1.98ms med=3.46ms max=20.56ms p(90)=10.8ms  p(95)=13.4ms 
    http_req_failed................: 0.00%  0 out of 8108
    http_reqs......................: 8108   810.629271/s

    EXECUTION
    iteration_duration.............: avg=5.24ms min=2.08ms med=3.58ms max=20.67ms p(90)=10.91ms p(95)=13.53ms
    iterations.....................: 8108   810.629271/s
    vus............................: 4      min=2         max=11 
    vus_max........................: 811    min=811       max=811

    NETWORK
    data_received..................: 2.3 MB 231 kB/s
    data_sent......................: 2.7 MB 266 kB/s




running (10.0s), 00000/00811 VUs, 8108 complete and 3 interrupted iterations
default ✓ [ 100% ] 00003/00811 VUs  10s  811.00 iters/s
