
         /\      Grafana   /‾‾/  
    /\  /  \     |\  __   /  /   
   /  \/    \    | |/ /  /   ‾‾\ 
  /          \   |   (  |  (‾)  |
 / __________ \  |_|\_\  \_____/ 

     execution: local
        script: workflow/spin/k6_open_client.js
        output: -

     scenarios: (100.00%) 1 scenario, 10000 max VUs, 15s max duration (incl. graceful stop):
              * default: 2551.00 iterations/s for 15s (maxVUs: 2551-10000)


running (00.9s), 00230/02551 VUs, 2092 complete and 0 interrupted iterations
default   [   6% ] 00230/02551 VUs  00.9s/15s  2551.00 iters/s

running (01.9s), 00284/02551 VUs, 4589 complete and 0 interrupted iterations
default   [  13% ] 00284/02551 VUs  01.9s/15s  2551.00 iters/s

running (02.9s), 00342/02551 VUs, 7082 complete and 0 interrupted iterations
default   [  19% ] 00342/02551 VUs  02.9s/15s  2551.00 iters/s

running (03.9s), 00421/02551 VUs, 9554 complete and 0 interrupted iterations
default   [  26% ] 00421/02551 VUs  03.9s/15s  2551.00 iters/s

running (04.9s), 00426/02551 VUs, 12101 complete and 0 interrupted iterations
default   [  33% ] 00426/02551 VUs  04.9s/15s  2551.00 iters/s

running (05.9s), 00443/02551 VUs, 14634 complete and 0 interrupted iterations
default   [  39% ] 00443/02551 VUs  05.9s/15s  2551.00 iters/s

running (06.9s), 00505/02551 VUs, 17123 complete and 0 interrupted iterations
default   [  46% ] 00505/02551 VUs  06.9s/15s  2551.00 iters/s

running (07.9s), 00474/02551 VUs, 19705 complete and 0 interrupted iterations
default   [  53% ] 00474/02551 VUs  07.9s/15s  2551.00 iters/s

running (08.9s), 00549/02551 VUs, 22183 complete and 0 interrupted iterations
default   [  59% ] 00548/02551 VUs  08.9s/15s  2551.00 iters/s

running (09.9s), 00583/02551 VUs, 24698 complete and 0 interrupted iterations
default   [  66% ] 00583/02551 VUs  09.9s/15s  2551.00 iters/s

running (10.9s), 00636/02551 VUs, 27196 complete and 0 interrupted iterations
default   [  73% ] 00636/02551 VUs  10.9s/15s  2551.00 iters/s

running (11.9s), 00657/02551 VUs, 29726 complete and 0 interrupted iterations
default   [  79% ] 00657/02551 VUs  11.9s/15s  2551.00 iters/s

running (12.9s), 00739/02551 VUs, 32195 complete and 0 interrupted iterations
default   [  86% ] 00739/02551 VUs  12.9s/15s  2551.00 iters/s

running (13.9s), 00721/02551 VUs, 34765 complete and 0 interrupted iterations
default   [  93% ] 00721/02551 VUs  13.9s/15s  2551.00 iters/s

running (14.9s), 00797/02551 VUs, 37239 complete and 0 interrupted iterations
default   [  99% ] 00797/02551 VUs  14.9s/15s  2551.00 iters/s


  █ TOTAL RESULTS 

    HTTP
    http_req_duration..............: avg=194.69ms min=64.12ms med=193.64ms max=320.49ms p(90)=287.91ms p(95)=297.06ms
      { expected_response:true }...: avg=194.69ms min=64.12ms med=193.64ms max=320.49ms p(90)=287.91ms p(95)=297.06ms
    http_req_failed................: 0.00%  0 out of 37492
    http_reqs......................: 37492  2498.014965/s

    EXECUTION
    iteration_duration.............: avg=194.79ms min=64.34ms med=193.72ms max=320.56ms p(90)=287.98ms p(95)=297.13ms
    iterations.....................: 37492  2498.014965/s
    vus............................: 796    min=228        max=796 
    vus_max........................: 2551   min=2551       max=2551

    NETWORK
    data_received..................: 7.6 MB 507 kB/s
    data_sent......................: 7.3 MB 489 kB/s




running (15.0s), 00000/02551 VUs, 37492 complete and 772 interrupted iterations
default ✓ [ 100% ] 00772/02551 VUs  15s  2551.00 iters/s
