
         /\      Grafana   /‾‾/  
    /\  /  \     |\  __   /  /   
   /  \/    \    | |/ /  /   ‾‾\ 
  /          \   |   (  |  (‾)  |
 / __________ \  |_|\_\  \_____/ 

     execution: local
        script: workflow/write/k6_open_client.js
        output: -

     scenarios: (100.00%) 1 scenario, 10000 max VUs, 15s max duration (incl. graceful stop):
              * default: 5156.00 iterations/s for 15s (maxVUs: 5156-10000)


running (00.8s), 00249/05156 VUs, 4025 complete and 0 interrupted iterations
default   [   6% ] 00248/05156 VUs  00.8s/15s  5156.00 iters/s

running (01.8s), 00219/05156 VUs, 9211 complete and 0 interrupted iterations
default   [  12% ] 00219/05156 VUs  01.8s/15s  5156.00 iters/s

running (02.8s), 00253/05156 VUs, 14336 complete and 0 interrupted iterations
default   [  19% ] 00253/05156 VUs  02.8s/15s  5156.00 iters/s

running (03.8s), 00255/05156 VUs, 19487 complete and 0 interrupted iterations
default   [  26% ] 00255/05156 VUs  03.8s/15s  5156.00 iters/s

running (04.8s), 00269/05156 VUs, 24627 complete and 0 interrupted iterations
default   [  32% ] 00269/05156 VUs  04.8s/15s  5156.00 iters/s

running (05.8s), 00230/05156 VUs, 29824 complete and 0 interrupted iterations
default   [  39% ] 00230/05156 VUs  05.8s/15s  5156.00 iters/s

running (06.8s), 00216/05156 VUs, 34995 complete and 0 interrupted iterations
default   [  46% ] 00217/05156 VUs  06.8s/15s  5156.00 iters/s

running (07.8s), 00250/05156 VUs, 40115 complete and 0 interrupted iterations
default   [  52% ] 00252/05156 VUs  07.8s/15s  5156.00 iters/s

running (08.8s), 00311/05156 VUs, 45211 complete and 0 interrupted iterations
default   [  59% ] 00311/05156 VUs  08.8s/15s  5156.00 iters/s

running (09.8s), 00199/05156 VUs, 50483 complete and 0 interrupted iterations
default   [  66% ] 00199/05156 VUs  09.8s/15s  5156.00 iters/s

running (10.8s), 00255/05156 VUs, 55579 complete and 0 interrupted iterations
default   [  72% ] 00255/05156 VUs  10.8s/15s  5156.00 iters/s

running (11.8s), 00204/05156 VUs, 60786 complete and 0 interrupted iterations
default   [  79% ] 00204/05156 VUs  11.8s/15s  5156.00 iters/s

running (12.8s), 00221/05156 VUs, 65921 complete and 0 interrupted iterations
default   [  86% ] 00221/05156 VUs  12.8s/15s  5156.00 iters/s

running (13.8s), 00263/05156 VUs, 71041 complete and 0 interrupted iterations
default   [  92% ] 00263/05156 VUs  13.8s/15s  5156.00 iters/s

running (14.8s), 00216/05156 VUs, 76243 complete and 0 interrupted iterations
default   [  99% ] 00216/05156 VUs  14.8s/15s  5156.00 iters/s


  █ TOTAL RESULTS 

    HTTP
    http_req_duration..............: avg=47.97ms min=34.15ms med=46.34ms max=128.63ms p(90)=57.16ms p(95)=63.88ms
      { expected_response:true }...: avg=47.97ms min=34.15ms med=46.34ms max=128.63ms p(90)=57.16ms p(95)=63.88ms
    http_req_failed................: 0.00%  0 out of 77130
    http_reqs......................: 77130  5139.193548/s

    EXECUTION
    iteration_duration.............: avg=48.05ms min=34.23ms med=46.4ms  max=128.87ms p(90)=57.29ms p(95)=64ms   
    iterations.....................: 77130  5139.193548/s
    vus............................: 216    min=199        max=312 
    vus_max........................: 5156   min=5156       max=5156

    NETWORK
    data_received..................: 16 MB  1.0 MB/s
    data_sent......................: 7.7 MB 515 kB/s




running (15.0s), 00000/05156 VUs, 77127 complete and 214 interrupted iterations
default ✓ [ 100% ] 00214/05156 VUs  15s  5156.00 iters/s
