
         /\      Grafana   /‾‾/  
    /\  /  \     |\  __   /  /   
   /  \/    \    | |/ /  /   ‾‾\ 
  /          \   |   (  |  (‾)  |
 / __________ \  |_|\_\  \_____/ 

     execution: local
        script: workflow/response/k6_open_client.js
        output: -

     scenarios: (100.00%) 1 scenario, 10000 max VUs, 15s max duration (incl. graceful stop):
              * default: 1253.00 iterations/s for 15s (maxVUs: 1253-10000)


running (00.9s), 00610/01253 VUs, 579 complete and 0 interrupted iterations
default   [   6% ] 00610/01253 VUs  00.9s/15s  1253.00 iters/s

running (01.9s), 01249/01253 VUs, 1193 complete and 0 interrupted iterations
default   [  13% ] 01248/01253 VUs  01.9s/15s  1253.00 iters/s

running (02.9s), 01555/01555 VUs, 1809 complete and 0 interrupted iterations
default   [  20% ] 01555/01555 VUs  02.9s/15s  1253.00 iters/s

running (03.9s), 01861/01862 VUs, 2419 complete and 0 interrupted iterations
default   [  26% ] 01861/01862 VUs  03.9s/15s  1253.00 iters/s

running (04.9s), 02166/02166 VUs, 3028 complete and 0 interrupted iterations
default   [  33% ] 02166/02166 VUs  04.9s/15s  1253.00 iters/s

running (05.9s), 02472/02472 VUs, 3638 complete and 0 interrupted iterations
default   [  40% ] 02472/02472 VUs  05.9s/15s  1253.00 iters/s

running (06.9s), 02783/02783 VUs, 4244 complete and 0 interrupted iterations
default   [  46% ] 02783/02783 VUs  06.9s/15s  1253.00 iters/s

running (07.9s), 03090/03091 VUs, 4840 complete and 0 interrupted iterations
default   [  53% ] 03090/03091 VUs  07.9s/15s  1253.00 iters/s

running (08.9s), 03402/03402 VUs, 5431 complete and 0 interrupted iterations
default   [  60% ] 03402/03402 VUs  08.9s/15s  1253.00 iters/s

running (09.9s), 03690/03690 VUs, 6078 complete and 0 interrupted iterations
default   [  66% ] 03690/03690 VUs  09.9s/15s  1253.00 iters/s

running (10.9s), 04007/04008 VUs, 6667 complete and 0 interrupted iterations
default   [  73% ] 04007/04008 VUs  10.9s/15s  1253.00 iters/s

running (11.9s), 04314/04314 VUs, 7256 complete and 0 interrupted iterations
default   [  80% ] 04314/04314 VUs  11.9s/15s  1253.00 iters/s

running (12.9s), 04626/04626 VUs, 7852 complete and 0 interrupted iterations
default   [  86% ] 04626/04626 VUs  12.9s/15s  1253.00 iters/s

running (13.9s), 04936/04936 VUs, 8457 complete and 0 interrupted iterations
default   [  93% ] 04936/04936 VUs  13.9s/15s  1253.00 iters/s

running (14.9s), 05240/05241 VUs, 9073 complete and 0 interrupted iterations
default   [ 100% ] 05240/05241 VUs  14.9s/15s  1253.00 iters/s


  █ TOTAL RESULTS 

    HTTP
    http_req_duration..............: avg=3.13s min=2ms    med=3.21s max=5.76s p(90)=5.28s p(95)=5.51s
      { expected_response:true }...: avg=3.13s min=2ms    med=3.21s max=5.76s p(90)=5.28s p(95)=5.51s
    http_req_failed................: 0.00%  0 out of 9113
    http_reqs......................: 9113   605.86405/s

    EXECUTION
    dropped_iterations.............: 4436   294.920764/s
    iteration_duration.............: avg=3.13s min=2.07ms med=3.21s max=5.78s p(90)=5.28s p(95)=5.51s
    iterations.....................: 9113   605.86405/s
    vus............................: 5240   min=610       max=5240
    vus_max........................: 5241   min=1253      max=5241

    NETWORK
    data_received..................: 1.8 MB 123 kB/s
    data_sent......................: 2.8 MB 187 kB/s




running (15.0s), 00000/05258 VUs, 9103 complete and 5257 interrupted iterations
default ✓ [ 100% ] 05257/05257 VUs  15s  1253.00 iters/s
