
         /\      Grafana   /‾‾/  
    /\  /  \     |\  __   /  /   
   /  \/    \    | |/ /  /   ‾‾\ 
  /          \   |   (  |  (‾)  |
 / __________ \  |_|\_\  \_____/ 

     execution: local
        script: workflow/response/k6_open_client.js
        output: -

     scenarios: (100.00%) 1 scenario, 100000 max VUs, 15s max duration (incl. graceful stop):
              * default: 5811.00 iterations/s for 15s (maxVUs: 5811-100000)


running (00.8s), 000931/005811 VUs, 3631 complete and 0 interrupted iterations
default   [   6% ] 000931/005811 VUs  00.8s/15s  5811.00 iters/s

running (01.8s), 000354/005811 VUs, 10229 complete and 0 interrupted iterations
default   [  12% ] 000354/005811 VUs  01.8s/15s  5811.00 iters/s

running (02.8s), 000012/005811 VUs, 16382 complete and 0 interrupted iterations
default   [  19% ] 000012/005811 VUs  02.8s/15s  5811.00 iters/s

running (03.8s), 000005/005811 VUs, 22200 complete and 0 interrupted iterations
default   [  25% ] 000005/005811 VUs  03.8s/15s  5811.00 iters/s

running (04.8s), 000005/005811 VUs, 28011 complete and 0 interrupted iterations
default   [  32% ] 000005/005811 VUs  04.8s/15s  5811.00 iters/s

running (05.8s), 000021/005811 VUs, 33806 complete and 0 interrupted iterations
default   [  39% ] 000021/005811 VUs  05.8s/15s  5811.00 iters/s

running (06.8s), 000005/005811 VUs, 39633 complete and 0 interrupted iterations
default   [  45% ] 000005/005811 VUs  06.8s/15s  5811.00 iters/s

running (07.8s), 000010/005811 VUs, 45438 complete and 0 interrupted iterations
default   [  52% ] 000010/005811 VUs  07.8s/15s  5811.00 iters/s

running (08.8s), 000010/005811 VUs, 51250 complete and 0 interrupted iterations
default   [  59% ] 000010/005811 VUs  08.8s/15s  5811.00 iters/s

running (09.8s), 000004/005811 VUs, 57067 complete and 0 interrupted iterations
default   [  65% ] 000004/005811 VUs  09.8s/15s  5811.00 iters/s

running (10.8s), 000004/005811 VUs, 62877 complete and 0 interrupted iterations
default   [  72% ] 000004/005811 VUs  10.8s/15s  5811.00 iters/s

running (11.8s), 000032/005811 VUs, 68661 complete and 0 interrupted iterations
default   [  79% ] 000032/005811 VUs  11.8s/15s  5811.00 iters/s

running (12.8s), 000005/005811 VUs, 74498 complete and 0 interrupted iterations
default   [  85% ] 000005/005811 VUs  12.8s/15s  5811.00 iters/s

running (13.8s), 000005/005811 VUs, 80311 complete and 0 interrupted iterations
default   [  92% ] 000005/005811 VUs  13.8s/15s  5811.00 iters/s

running (14.8s), 000011/005811 VUs, 86114 complete and 0 interrupted iterations
default   [  99% ] 000010/005811 VUs  14.8s/15s  5811.00 iters/s


  █ TOTAL RESULTS 

    HTTP
    http_req_duration..............: avg=17.39ms min=367.39µs med=797.59µs max=441.17ms p(90)=64.52ms p(95)=156.13ms
      { expected_response:true }...: avg=17.39ms min=367.39µs med=797.59µs max=441.17ms p(90)=64.52ms p(95)=156.13ms
    http_req_failed................: 0.00% 0 out of 87166
    http_reqs......................: 87166 5807.836562/s

    EXECUTION
    iteration_duration.............: avg=18.55ms min=424.91µs med=872.45µs max=555.92ms p(90)=65.43ms p(95)=159.34ms
    iterations.....................: 87166 5807.836562/s
    vus............................: 11    min=4          max=925 
    vus_max........................: 5811  min=5811       max=5811

    NETWORK
    data_received..................: 18 MB 1.2 MB/s
    data_sent......................: 17 MB 1.1 MB/s




running (15.0s), 000000/005811 VUs, 87162 complete and 5 interrupted iterations
default ✓ [ 100% ] 000005/005811 VUs  15s  5811.00 iters/s
