
         /\      Grafana   /‾‾/  
    /\  /  \     |\  __   /  /   
   /  \/    \    | |/ /  /   ‾‾\ 
  /          \   |   (  |  (‾)  |
 / __________ \  |_|\_\  \_____/ 

     execution: local
        script: workflow/spin/k6_open_client.js
        output: -

     scenarios: (100.00%) 1 scenario, 10000 max VUs, 15s max duration (incl. graceful stop):
              * default: 1608.00 iterations/s for 15s (maxVUs: 1608-10000)


running (00.9s), 00269/01608 VUs, 1236 complete and 0 interrupted iterations
default   [   6% ] 00269/01608 VUs  00.9s/15s  1608.00 iters/s

running (01.9s), 00198/01608 VUs, 2914 complete and 0 interrupted iterations
default   [  13% ] 00198/01608 VUs  01.9s/15s  1608.00 iters/s

running (02.9s), 00287/01608 VUs, 4433 complete and 0 interrupted iterations
default   [  20% ] 00287/01608 VUs  02.9s/15s  1608.00 iters/s

running (03.9s), 00198/01608 VUs, 6128 complete and 0 interrupted iterations
default   [  26% ] 00198/01608 VUs  03.9s/15s  1608.00 iters/s

running (04.9s), 00274/01608 VUs, 7662 complete and 0 interrupted iterations
default   [  33% ] 00274/01608 VUs  04.9s/15s  1608.00 iters/s

running (05.9s), 00187/01608 VUs, 9358 complete and 0 interrupted iterations
default   [  40% ] 00187/01608 VUs  05.9s/15s  1608.00 iters/s

running (06.9s), 00254/01608 VUs, 10899 complete and 0 interrupted iterations
default   [  46% ] 00254/01608 VUs  06.9s/15s  1608.00 iters/s

running (07.9s), 00287/01608 VUs, 12471 complete and 0 interrupted iterations
default   [  53% ] 00287/01608 VUs  07.9s/15s  1608.00 iters/s

running (08.9s), 00183/01608 VUs, 14184 complete and 0 interrupted iterations
default   [  60% ] 00184/01608 VUs  08.9s/15s  1608.00 iters/s

running (09.9s), 00234/01608 VUs, 15742 complete and 0 interrupted iterations
default   [  66% ] 00234/01608 VUs  09.9s/15s  1608.00 iters/s

running (10.9s), 00276/01608 VUs, 17307 complete and 0 interrupted iterations
default   [  73% ] 00276/01608 VUs  10.9s/15s  1608.00 iters/s

running (11.9s), 00167/01608 VUs, 19025 complete and 0 interrupted iterations
default   [  80% ] 00167/01608 VUs  11.9s/15s  1608.00 iters/s

running (12.9s), 00205/01608 VUs, 20594 complete and 0 interrupted iterations
default   [  86% ] 00205/01608 VUs  12.9s/15s  1608.00 iters/s

running (13.9s), 00261/01608 VUs, 22146 complete and 0 interrupted iterations
default   [  93% ] 00261/01608 VUs  13.9s/15s  1608.00 iters/s

running (14.9s), 00177/01608 VUs, 23838 complete and 0 interrupted iterations
default   [ 100% ] 00177/01608 VUs  14.9s/15s  1608.00 iters/s


  █ TOTAL RESULTS 

    HTTP
    http_req_duration..............: avg=139.18ms min=85.21ms med=138.91ms max=215.9ms  p(90)=174.8ms p(95)=180.46ms
      { expected_response:true }...: avg=139.18ms min=85.21ms med=138.91ms max=215.9ms  p(90)=174.8ms p(95)=180.46ms
    http_req_failed................: 0.00%  0 out of 23838
    http_reqs......................: 23838  1588.739326/s

    EXECUTION
    iteration_duration.............: avg=139.27ms min=85.29ms med=139ms    max=215.97ms p(90)=174.9ms p(95)=180.55ms
    iterations.....................: 23838  1588.739326/s
    vus............................: 178    min=167        max=287 
    vus_max........................: 1608   min=1608       max=1608

    NETWORK
    data_received..................: 4.8 MB 322 kB/s
    data_sent......................: 4.6 MB 309 kB/s




running (15.0s), 00000/01608 VUs, 23838 complete and 282 interrupted iterations
default ✓ [ 100% ] 00282/01608 VUs  15s  1608.00 iters/s
