
         /\      Grafana   /‾‾/  
    /\  /  \     |\  __   /  /   
   /  \/    \    | |/ /  /   ‾‾\ 
  /          \   |   (  |  (‾)  |
 / __________ \  |_|\_\  \_____/ 

     execution: local
        script: workflow/write/k6_open_client.js
        output: -

     scenarios: (100.00%) 1 scenario, 10000 max VUs, 15s max duration (incl. graceful stop):
              * default: 5019.00 iterations/s for 15s (maxVUs: 5019-10000)


running (00.8s), 00231/05019 VUs, 3968 complete and 0 interrupted iterations
default   [   6% ] 00231/05019 VUs  00.8s/15s  5019.00 iters/s

running (01.8s), 00220/05019 VUs, 8998 complete and 0 interrupted iterations
default   [  12% ] 00219/05019 VUs  01.8s/15s  5019.00 iters/s

running (02.8s), 00341/05019 VUs, 13896 complete and 0 interrupted iterations
default   [  19% ] 00341/05019 VUs  02.8s/15s  5019.00 iters/s

running (03.8s), 00223/05019 VUs, 19028 complete and 0 interrupted iterations
default   [  26% ] 00223/05019 VUs  03.8s/15s  5019.00 iters/s

running (04.8s), 00234/05019 VUs, 24041 complete and 0 interrupted iterations
default   [  32% ] 00234/05019 VUs  04.8s/15s  5019.00 iters/s

running (05.8s), 00195/05019 VUs, 29099 complete and 0 interrupted iterations
default   [  39% ] 00195/05019 VUs  05.8s/15s  5019.00 iters/s

running (06.8s), 00233/05019 VUs, 34080 complete and 0 interrupted iterations
default   [  46% ] 00232/05019 VUs  06.8s/15s  5019.00 iters/s

running (07.8s), 00240/05019 VUs, 39096 complete and 0 interrupted iterations
default   [  52% ] 00240/05019 VUs  07.8s/15s  5019.00 iters/s

running (08.8s), 00211/05019 VUs, 44140 complete and 0 interrupted iterations
default   [  59% ] 00211/05019 VUs  08.8s/15s  5019.00 iters/s

running (09.8s), 00186/05019 VUs, 49184 complete and 0 interrupted iterations
default   [  66% ] 00186/05019 VUs  09.8s/15s  5019.00 iters/s

running (10.8s), 00222/05019 VUs, 54171 complete and 0 interrupted iterations
default   [  72% ] 00222/05019 VUs  10.8s/15s  5019.00 iters/s

running (11.8s), 00247/05019 VUs, 59163 complete and 0 interrupted iterations
default   [  79% ] 00247/05019 VUs  11.8s/15s  5019.00 iters/s

running (12.8s), 00210/05019 VUs, 64217 complete and 0 interrupted iterations
default   [  86% ] 00210/05019 VUs  12.8s/15s  5019.00 iters/s

running (13.8s), 00330/05019 VUs, 69117 complete and 0 interrupted iterations
default   [  92% ] 00330/05019 VUs  13.8s/15s  5019.00 iters/s

running (14.8s), 00249/05019 VUs, 74216 complete and 0 interrupted iterations
default   [  99% ] 00249/05019 VUs  14.8s/15s  5019.00 iters/s


  █ TOTAL RESULTS 

    HTTP
    http_req_duration..............: avg=46.27ms min=31.54ms med=43.88ms max=131.23ms p(90)=57.33ms p(95)=68.42ms
      { expected_response:true }...: avg=46.27ms min=31.54ms med=43.88ms max=131.23ms p(90)=57.33ms p(95)=68.42ms
    http_req_failed................: 0.00%  0 out of 74979
    http_reqs......................: 74979  4995.539631/s

    EXECUTION
    iteration_duration.............: avg=46.35ms min=31.59ms med=43.95ms max=132.35ms p(90)=57.45ms p(95)=68.53ms
    iterations.....................: 74979  4995.539631/s
    vus............................: 248    min=185        max=340 
    vus_max........................: 5019   min=5019       max=5019

    NETWORK
    data_received..................: 15 MB  1.0 MB/s
    data_sent......................: 7.5 MB 502 kB/s




running (15.0s), 00000/05019 VUs, 74974 complete and 315 interrupted iterations
default ✓ [ 100% ] 00315/05019 VUs  15s  5019.00 iters/s
