
         /\      Grafana   /‾‾/  
    /\  /  \     |\  __   /  /   
   /  \/    \    | |/ /  /   ‾‾\ 
  /          \   |   (  |  (‾)  |
 / __________ \  |_|\_\  \_____/ 

     execution: local
        script: workflow/spin/k6_open_client.js
        output: -

     scenarios: (100.00%) 1 scenario, 10000 max VUs, 15s max duration (incl. graceful stop):
              * default: 529.00 iterations/s for 15s (maxVUs: 529-10000)


running (01.0s), 00016/00529 VUs, 498 complete and 0 interrupted iterations
default   [   6% ] 00016/00529 VUs  01.0s/15s  529.00 iters/s

running (02.0s), 00019/00529 VUs, 1025 complete and 0 interrupted iterations
default   [  13% ] 00019/00529 VUs  02.0s/15s  529.00 iters/s

running (03.0s), 00022/00529 VUs, 1550 complete and 0 interrupted iterations
default   [  20% ] 00022/00529 VUs  03.0s/15s  529.00 iters/s

running (04.0s), 00011/00529 VUs, 2090 complete and 0 interrupted iterations
default   [  26% ] 00011/00529 VUs  04.0s/15s  529.00 iters/s

running (05.0s), 00014/00529 VUs, 2617 complete and 0 interrupted iterations
default   [  33% ] 00014/00529 VUs  05.0s/15s  529.00 iters/s

running (06.0s), 00012/00529 VUs, 3147 complete and 0 interrupted iterations
default   [  40% ] 00012/00529 VUs  06.0s/15s  529.00 iters/s

running (07.0s), 00014/00529 VUs, 3675 complete and 0 interrupted iterations
default   [  46% ] 00014/00529 VUs  07.0s/15s  529.00 iters/s

running (08.0s), 00010/00529 VUs, 4207 complete and 0 interrupted iterations
default   [  53% ] 00010/00529 VUs  08.0s/15s  529.00 iters/s

running (09.0s), 00013/00529 VUs, 4733 complete and 0 interrupted iterations
default   [  60% ] 00013/00529 VUs  09.0s/15s  529.00 iters/s

running (10.0s), 00016/00529 VUs, 5259 complete and 0 interrupted iterations
default   [  66% ] 00016/00529 VUs  10.0s/15s  529.00 iters/s

running (11.0s), 00017/00529 VUs, 5787 complete and 0 interrupted iterations
default   [  73% ] 00017/00529 VUs  11.0s/15s  529.00 iters/s

running (12.0s), 00019/00529 VUs, 6314 complete and 0 interrupted iterations
default   [  80% ] 00019/00529 VUs  12.0s/15s  529.00 iters/s

running (13.0s), 00007/00529 VUs, 6856 complete and 0 interrupted iterations
default   [  86% ] 00007/00529 VUs  13.0s/15s  529.00 iters/s

running (14.0s), 00010/00529 VUs, 7382 complete and 0 interrupted iterations
default   [  93% ] 00010/00529 VUs  14.0s/15s  529.00 iters/s

running (15.0s), 00011/00529 VUs, 7910 complete and 0 interrupted iterations
default   [ 100% ] 00011/00529 VUs  15.0s/15s  529.00 iters/s


  █ TOTAL RESULTS 

    HTTP
    http_req_duration..............: avg=26.79ms min=10.29ms med=26.72ms max=47.8ms  p(90)=38.82ms p(95)=40.33ms
      { expected_response:true }...: avg=26.79ms min=10.29ms med=26.72ms max=47.8ms  p(90)=38.82ms p(95)=40.33ms
    http_req_failed................: 0.00%  0 out of 7927
    http_reqs......................: 7927   528.39871/s

    EXECUTION
    iteration_duration.............: avg=26.87ms min=10.36ms med=26.82ms max=48.41ms p(90)=38.9ms  p(95)=40.41ms
    iterations.....................: 7927   528.39871/s
    vus............................: 11     min=7         max=22 
    vus_max........................: 529    min=529       max=529

    NETWORK
    data_received..................: 1.6 MB 106 kB/s
    data_sent......................: 1.5 MB 102 kB/s




running (15.0s), 00000/00529 VUs, 7927 complete and 8 interrupted iterations
default ✓ [ 100% ] 00008/00529 VUs  15s  529.00 iters/s
