
         /\      Grafana   /‾‾/  
    /\  /  \     |\  __   /  /   
   /  \/    \    | |/ /  /   ‾‾\ 
  /          \   |   (  |  (‾)  |
 / __________ \  |_|\_\  \_____/ 

     execution: local
        script: workflow/spin/k6_open_client.js
        output: -

     scenarios: (100.00%) 1 scenario, 10000 max VUs, 15s max duration (incl. graceful stop):
              * default: 1483.00 iterations/s for 15s (maxVUs: 1483-10000)


running (00.9s), 00144/01483 VUs, 1261 complete and 0 interrupted iterations
default   [   6% ] 00144/01483 VUs  00.9s/15s  1483.00 iters/s

running (01.9s), 00217/01483 VUs, 2670 complete and 0 interrupted iterations
default   [  13% ] 00217/01483 VUs  01.9s/15s  1483.00 iters/s

running (02.9s), 00256/01483 VUs, 4113 complete and 0 interrupted iterations
default   [  20% ] 00256/01483 VUs  02.9s/15s  1483.00 iters/s

running (03.9s), 00292/01483 VUs, 5561 complete and 0 interrupted iterations
default   [  26% ] 00292/01483 VUs  03.9s/15s  1483.00 iters/s

running (04.9s), 00320/01483 VUs, 7016 complete and 0 interrupted iterations
default   [  33% ] 00320/01483 VUs  04.9s/15s  1483.00 iters/s

running (05.9s), 00397/01483 VUs, 8423 complete and 0 interrupted iterations
default   [  40% ] 00397/01483 VUs  05.9s/15s  1483.00 iters/s

running (06.9s), 00422/01483 VUs, 9879 complete and 0 interrupted iterations
default   [  46% ] 00422/01483 VUs  06.9s/15s  1483.00 iters/s

running (07.9s), 00502/01483 VUs, 11283 complete and 0 interrupted iterations
default   [  53% ] 00502/01483 VUs  07.9s/15s  1483.00 iters/s

running (08.9s), 00569/01483 VUs, 12700 complete and 0 interrupted iterations
default   [  60% ] 00569/01483 VUs  08.9s/15s  1483.00 iters/s

running (09.9s), 00606/01483 VUs, 14145 complete and 0 interrupted iterations
default   [  66% ] 00606/01483 VUs  09.9s/15s  1483.00 iters/s

running (10.9s), 00645/01483 VUs, 15590 complete and 0 interrupted iterations
default   [  73% ] 00645/01483 VUs  10.9s/15s  1483.00 iters/s

running (11.9s), 00676/01483 VUs, 17039 complete and 0 interrupted iterations
default   [  80% ] 00676/01483 VUs  11.9s/15s  1483.00 iters/s

running (12.9s), 00711/01483 VUs, 18489 complete and 0 interrupted iterations
default   [  86% ] 00711/01483 VUs  12.9s/15s  1483.00 iters/s

running (13.9s), 00779/01483 VUs, 19904 complete and 0 interrupted iterations
default   [  93% ] 00779/01483 VUs  13.9s/15s  1483.00 iters/s

running (14.9s), 00816/01483 VUs, 21351 complete and 0 interrupted iterations
default   [ 100% ] 00816/01483 VUs  14.9s/15s  1483.00 iters/s


  █ TOTAL RESULTS 

    HTTP
    http_req_duration..............: avg=315.11ms min=61.93ms med=305.78ms max=556.38ms p(90)=505.49ms p(95)=522.81ms
      { expected_response:true }...: avg=315.11ms min=61.93ms med=305.78ms max=556.38ms p(90)=505.49ms p(95)=522.81ms
    http_req_failed................: 0.00%  0 out of 21445
    http_reqs......................: 21445  1429.052302/s

    EXECUTION
    iteration_duration.............: avg=315.2ms  min=62.16ms med=305.85ms max=556.45ms p(90)=505.56ms p(95)=522.88ms
    iterations.....................: 21445  1429.052302/s
    vus............................: 814    min=144        max=814 
    vus_max........................: 1483   min=1483       max=1483

    NETWORK
    data_received..................: 4.3 MB 290 kB/s
    data_sent......................: 4.3 MB 285 kB/s




running (15.0s), 00000/01483 VUs, 21445 complete and 800 interrupted iterations
default ✓ [ 100% ] 00800/01483 VUs  15s  1483.00 iters/s
