
         /\      Grafana   /‾‾/  
    /\  /  \     |\  __   /  /   
   /  \/    \    | |/ /  /   ‾‾\ 
  /          \   |   (  |  (‾)  |
 / __________ \  |_|\_\  \_____/ 

     execution: local
        script: workflow/spin/k6_open_client.js
        output: -

     scenarios: (100.00%) 1 scenario, 10000 max VUs, 15s max duration (incl. graceful stop):
              * default: 4516.00 iterations/s for 15s (maxVUs: 4516-10000)


running (00.9s), 00029/04516 VUs, 3817 complete and 0 interrupted iterations
default   [   6% ] 00029/04516 VUs  00.9s/15s  4516.00 iters/s

running (01.9s), 00032/04516 VUs, 8329 complete and 0 interrupted iterations
default   [  12% ] 00032/04516 VUs  01.9s/15s  4516.00 iters/s

running (02.9s), 00020/04516 VUs, 12858 complete and 0 interrupted iterations
default   [  19% ] 00020/04516 VUs  02.9s/15s  4516.00 iters/s

running (03.9s), 00024/04516 VUs, 17371 complete and 0 interrupted iterations
default   [  26% ] 00024/04516 VUs  03.9s/15s  4516.00 iters/s

running (04.9s), 00020/04516 VUs, 21890 complete and 0 interrupted iterations
default   [  32% ] 00020/04516 VUs  04.9s/15s  4516.00 iters/s

running (05.9s), 00040/04516 VUs, 26386 complete and 0 interrupted iterations
default   [  39% ] 00040/04516 VUs  05.9s/15s  4516.00 iters/s

running (06.9s), 00033/04516 VUs, 30909 complete and 0 interrupted iterations
default   [  46% ] 00033/04516 VUs  06.9s/15s  4516.00 iters/s

running (07.9s), 00035/04516 VUs, 35423 complete and 0 interrupted iterations
default   [  52% ] 00035/04516 VUs  07.9s/15s  4516.00 iters/s

running (08.9s), 00024/04516 VUs, 39949 complete and 0 interrupted iterations
default   [  59% ] 00024/04516 VUs  08.9s/15s  4516.00 iters/s

running (09.9s), 00026/04516 VUs, 44464 complete and 0 interrupted iterations
default   [  66% ] 00026/04516 VUs  09.9s/15s  4516.00 iters/s

running (10.9s), 00029/04516 VUs, 48980 complete and 0 interrupted iterations
default   [  72% ] 00029/04516 VUs  10.9s/15s  4516.00 iters/s

running (11.9s), 00023/04516 VUs, 53501 complete and 0 interrupted iterations
default   [  79% ] 00023/04516 VUs  11.9s/15s  4516.00 iters/s

running (12.9s), 00033/04516 VUs, 58005 complete and 0 interrupted iterations
default   [  86% ] 00032/04516 VUs  12.9s/15s  4516.00 iters/s

running (13.9s), 00027/04516 VUs, 62528 complete and 0 interrupted iterations
default   [  92% ] 00027/04516 VUs  13.9s/15s  4516.00 iters/s

running (14.9s), 00035/04516 VUs, 67035 complete and 0 interrupted iterations
default   [  99% ] 00035/04516 VUs  14.9s/15s  4516.00 iters/s


  █ TOTAL RESULTS 

    HTTP
    http_req_duration..............: avg=8.85ms min=3.59ms med=6.14ms max=115.75ms p(90)=10.11ms p(95)=19.01ms
      { expected_response:true }...: avg=8.85ms min=3.59ms med=6.14ms max=115.75ms p(90)=10.11ms p(95)=19.01ms
    http_req_failed................: 0.00% 0 out of 67725
    http_reqs......................: 67725 4513.149818/s

    EXECUTION
    iteration_duration.............: avg=8.95ms min=3.65ms med=6.23ms max=117.97ms p(90)=10.22ms p(95)=19.15ms
    iterations.....................: 67725 4513.149818/s
    vus............................: 33    min=21         max=40  
    vus_max........................: 4516  min=4516       max=4516

    NETWORK
    data_received..................: 14 MB 916 kB/s
    data_sent......................: 13 MB 866 kB/s




running (15.0s), 00000/04516 VUs, 67720 complete and 21 interrupted iterations
default ✓ [ 100% ] 00021/04516 VUs  15s  4516.00 iters/s
