
         /\      Grafana   /‾‾/  
    /\  /  \     |\  __   /  /   
   /  \/    \    | |/ /  /   ‾‾\ 
  /          \   |   (  |  (‾)  |
 / __________ \  |_|\_\  \_____/ 

     execution: local
        script: workflow/media/k6_open_review_compose.js
        output: -

     scenarios: (100.00%) 1 scenario, 10000 max VUs, 15s max duration (incl. graceful stop):
              * default: 1117.00 iterations/s for 15s (maxVUs: 1117-10000)


running (01.0s), 00362/01117 VUs, 703 complete and 0 interrupted iterations
default   [   6% ] 00362/01117 VUs  01.0s/15s  1117.00 iters/s

running (02.0s), 00325/01117 VUs, 1857 complete and 0 interrupted iterations
default   [  13% ] 00325/01117 VUs  02.0s/15s  1117.00 iters/s

running (03.0s), 00447/01117 VUs, 2852 complete and 0 interrupted iterations
default   [  20% ] 00447/01117 VUs  03.0s/15s  1117.00 iters/s

running (04.0s), 00477/01117 VUs, 3939 complete and 0 interrupted iterations
default   [  26% ] 00477/01117 VUs  04.0s/15s  1117.00 iters/s

running (05.0s), 00444/01117 VUs, 5089 complete and 0 interrupted iterations
default   [  33% ] 00444/01117 VUs  05.0s/15s  1117.00 iters/s

running (06.0s), 00400/01117 VUs, 6250 complete and 0 interrupted iterations
default   [  40% ] 00401/01117 VUs  06.0s/15s  1117.00 iters/s

running (07.0s), 00367/01117 VUs, 7399 complete and 0 interrupted iterations
default   [  46% ] 00367/01117 VUs  07.0s/15s  1117.00 iters/s

running (08.0s), 00333/01117 VUs, 8551 complete and 0 interrupted iterations
default   [  53% ] 00333/01117 VUs  08.0s/15s  1117.00 iters/s

running (09.0s), 00506/01117 VUs, 9495 complete and 0 interrupted iterations
default   [  60% ] 00506/01117 VUs  09.0s/15s  1117.00 iters/s

running (10.0s), 00498/01117 VUs, 10620 complete and 0 interrupted iterations
default   [  66% ] 00498/01117 VUs  10.0s/15s  1117.00 iters/s

running (11.0s), 00464/01117 VUs, 11771 complete and 0 interrupted iterations
default   [  73% ] 00464/01117 VUs  11.0s/15s  1117.00 iters/s

running (12.0s), 00430/01117 VUs, 12922 complete and 0 interrupted iterations
default   [  80% ] 00430/01117 VUs  12.0s/15s  1117.00 iters/s

running (13.0s), 00387/01117 VUs, 14082 complete and 0 interrupted iterations
default   [  86% ] 00387/01117 VUs  13.0s/15s  1117.00 iters/s

running (14.0s), 00357/01117 VUs, 15229 complete and 0 interrupted iterations
default   [  93% ] 00357/01117 VUs  14.0s/15s  1117.00 iters/s

running (15.0s), 00369/01117 VUs, 16334 complete and 0 interrupted iterations
default   [ 100% ] 00369/01117 VUs  15.0s/15s  1117.00 iters/s


  █ TOTAL RESULTS 

    HTTP
    http_req_duration..............: avg=367.36ms min=253.14ms med=367.48ms max=494.24ms p(90)=436.36ms p(95)=448.73ms
      { expected_response:true }...: avg=367.36ms min=253.14ms med=367.48ms max=494.24ms p(90)=436.36ms p(95)=448.73ms
    http_req_failed................: 0.00%  0 out of 16377
    http_reqs......................: 16377  1091.528004/s

    EXECUTION
    iteration_duration.............: avg=367.48ms min=253.24ms med=367.58ms max=494.33ms p(90)=436.47ms p(95)=448.83ms
    iterations.....................: 16377  1091.528004/s
    vus............................: 368    min=325        max=507 
    vus_max........................: 1117   min=1117       max=1117

    NETWORK
    data_received..................: 3.8 MB 253 kB/s
    data_sent......................: 9.3 MB 622 kB/s




running (15.0s), 00000/01117 VUs, 16377 complete and 379 interrupted iterations
default ✓ [ 100% ] 00379/01117 VUs  15s  1117.00 iters/s
