
         /\      Grafana   /‾‾/  
    /\  /  \     |\  __   /  /   
   /  \/    \    | |/ /  /   ‾‾\ 
  /          \   |   (  |  (‾)  |
 / __________ \  |_|\_\  \_____/ 

     execution: local
        script: workflow/spin/k6_open_client.js
        output: -

     scenarios: (100.00%) 1 scenario, 10000 max VUs, 15s max duration (incl. graceful stop):
              * default: 2464.00 iterations/s for 15s (maxVUs: 2464-10000)


running (00.9s), 00467/02464 VUs, 1792 complete and 0 interrupted iterations
default   [   6% ] 00467/02464 VUs  00.9s/15s  2464.00 iters/s

running (01.9s), 00369/02464 VUs, 4352 complete and 0 interrupted iterations
default   [  13% ] 00369/02464 VUs  01.9s/15s  2464.00 iters/s

running (02.9s), 00427/02464 VUs, 6757 complete and 0 interrupted iterations
default   [  19% ] 00427/02464 VUs  02.9s/15s  2464.00 iters/s

running (03.9s), 00461/02464 VUs, 9186 complete and 0 interrupted iterations
default   [  26% ] 00461/02464 VUs  03.9s/15s  2464.00 iters/s

running (04.9s), 00367/02464 VUs, 11745 complete and 0 interrupted iterations
default   [  33% ] 00367/02464 VUs  04.9s/15s  2464.00 iters/s

running (05.9s), 00392/02464 VUs, 14184 complete and 0 interrupted iterations
default   [  39% ] 00392/02464 VUs  05.9s/15s  2464.00 iters/s

running (06.9s), 00432/02464 VUs, 16609 complete and 0 interrupted iterations
default   [  46% ] 00432/02464 VUs  06.9s/15s  2464.00 iters/s

running (07.9s), 00350/02464 VUs, 19155 complete and 0 interrupted iterations
default   [  53% ] 00350/02464 VUs  07.9s/15s  2464.00 iters/s

running (08.9s), 00491/02464 VUs, 21478 complete and 0 interrupted iterations
default   [  59% ] 00491/02464 VUs  08.9s/15s  2464.00 iters/s

running (09.9s), 00413/02464 VUs, 24022 complete and 0 interrupted iterations
default   [  66% ] 00413/02464 VUs  09.9s/15s  2464.00 iters/s

running (10.9s), 00441/02464 VUs, 26455 complete and 0 interrupted iterations
default   [  73% ] 00441/02464 VUs  10.9s/15s  2464.00 iters/s

running (11.9s), 00473/02464 VUs, 28886 complete and 0 interrupted iterations
default   [  79% ] 00473/02464 VUs  11.9s/15s  2464.00 iters/s

running (12.9s), 00388/02464 VUs, 31435 complete and 0 interrupted iterations
default   [  86% ] 00388/02464 VUs  12.9s/15s  2464.00 iters/s

running (13.9s), 00493/02464 VUs, 33795 complete and 0 interrupted iterations
default   [  93% ] 00493/02464 VUs  13.9s/15s  2464.00 iters/s

running (14.9s), 00455/02464 VUs, 36299 complete and 0 interrupted iterations
default   [  99% ] 00455/02464 VUs  14.9s/15s  2464.00 iters/s


  █ TOTAL RESULTS 

    HTTP
    http_req_duration..............: avg=170.61ms min=118.63ms med=170.67ms max=222.05ms p(90)=196.23ms p(95)=200.19ms
      { expected_response:true }...: avg=170.61ms min=118.63ms med=170.67ms max=222.05ms p(90)=196.23ms p(95)=200.19ms
    http_req_failed................: 0.00%  0 out of 36555
    http_reqs......................: 36555  2436.038955/s

    EXECUTION
    iteration_duration.............: avg=170.7ms  min=118.73ms med=170.77ms max=222.15ms p(90)=196.33ms p(95)=200.29ms
    iterations.....................: 36555  2436.038955/s
    vus............................: 455    min=349        max=495 
    vus_max........................: 2464   min=2464       max=2464

    NETWORK
    data_received..................: 7.4 MB 494 kB/s
    data_sent......................: 7.1 MB 473 kB/s




running (15.0s), 00000/02464 VUs, 36555 complete and 406 interrupted iterations
default ✓ [ 100% ] 00406/02464 VUs  15s  2464.00 iters/s
