
         /\      Grafana   /‾‾/  
    /\  /  \     |\  __   /  /   
   /  \/    \    | |/ /  /   ‾‾\ 
  /          \   |   (  |  (‾)  |
 / __________ \  |_|\_\  \_____/ 

     execution: local
        script: workflow/spin/k6_open_client.js
        output: -

     scenarios: (100.00%) 1 scenario, 10000 max VUs, 15s max duration (incl. graceful stop):
              * default: 3600.00 iterations/s for 15s (maxVUs: 3600-10000)


running (00.9s), 00220/03600 VUs, 2949 complete and 0 interrupted iterations
default   [   6% ] 00220/03600 VUs  00.9s/15s  3600.00 iters/s

running (01.9s), 00219/03600 VUs, 6550 complete and 0 interrupted iterations
default   [  13% ] 00219/03600 VUs  01.9s/15s  3600.00 iters/s

running (02.9s), 00210/03600 VUs, 10159 complete and 0 interrupted iterations
default   [  19% ] 00209/03600 VUs  02.9s/15s  3600.00 iters/s

running (03.9s), 00232/03600 VUs, 13738 complete and 0 interrupted iterations
default   [  26% ] 00232/03600 VUs  03.9s/15s  3600.00 iters/s

running (04.9s), 00172/03600 VUs, 17343 complete and 0 interrupted iterations
default   [  33% ] 00172/03600 VUs  04.9s/15s  3600.00 iters/s

running (05.9s), 00247/03600 VUs, 20923 complete and 0 interrupted iterations
default   [  39% ] 00247/03600 VUs  05.9s/15s  3600.00 iters/s

running (06.9s), 00213/03600 VUs, 24557 complete and 0 interrupted iterations
default   [  46% ] 00213/03600 VUs  06.9s/15s  3600.00 iters/s

running (07.9s), 00227/03600 VUs, 28139 complete and 0 interrupted iterations
default   [  53% ] 00227/03600 VUs  07.9s/15s  3600.00 iters/s

running (08.9s), 00226/03600 VUs, 31745 complete and 0 interrupted iterations
default   [  59% ] 00226/03600 VUs  08.9s/15s  3600.00 iters/s

running (09.9s), 00220/03600 VUs, 35350 complete and 0 interrupted iterations
default   [  66% ] 00220/03600 VUs  09.9s/15s  3600.00 iters/s

running (10.9s), 00253/03600 VUs, 38916 complete and 0 interrupted iterations
default   [  73% ] 00254/03600 VUs  10.9s/15s  3600.00 iters/s

running (11.9s), 00238/03600 VUs, 42533 complete and 0 interrupted iterations
default   [  79% ] 00238/03600 VUs  11.9s/15s  3600.00 iters/s

running (12.9s), 00213/03600 VUs, 46153 complete and 0 interrupted iterations
default   [  86% ] 00213/03600 VUs  12.9s/15s  3600.00 iters/s

running (13.9s), 00184/03600 VUs, 49785 complete and 0 interrupted iterations
default   [  93% ] 00184/03600 VUs  13.9s/15s  3600.00 iters/s

running (14.9s), 00193/03600 VUs, 53377 complete and 0 interrupted iterations
default   [  99% ] 00193/03600 VUs  14.9s/15s  3600.00 iters/s


  █ TOTAL RESULTS 

    HTTP
    http_req_duration..............: avg=62.61ms min=30.43ms med=61.42ms max=134.18ms p(90)=73.73ms p(95)=78.55ms
      { expected_response:true }...: avg=62.61ms min=30.43ms med=61.42ms max=134.18ms p(90)=73.73ms p(95)=78.55ms
    http_req_failed................: 0.00% 0 out of 53772
    http_reqs......................: 53772 3583.429701/s

    EXECUTION
    iteration_duration.............: avg=62.7ms  min=30.52ms med=61.51ms max=136.33ms p(90)=73.83ms p(95)=78.69ms
    iterations.....................: 53772 3583.429701/s
    vus............................: 193   min=172        max=254 
    vus_max........................: 3600  min=3600       max=3600

    NETWORK
    data_received..................: 11 MB 727 kB/s
    data_sent......................: 10 MB 691 kB/s




running (15.0s), 00000/03600 VUs, 53770 complete and 231 interrupted iterations
default ✓ [ 100% ] 00231/03600 VUs  15s  3600.00 iters/s
