
         /\      Grafana   /‾‾/  
    /\  /  \     |\  __   /  /   
   /  \/    \    | |/ /  /   ‾‾\ 
  /          \   |   (  |  (‾)  |
 / __________ \  |_|\_\  \_____/ 

     execution: local
        script: workflow/spin/k6_open_client.js
        output: -

     scenarios: (100.00%) 1 scenario, 10000 max VUs, 15s max duration (incl. graceful stop):
              * default: 2498.00 iterations/s for 15s (maxVUs: 2498-10000)


running (00.9s), 00080/02498 VUs, 2206 complete and 0 interrupted iterations
default   [   6% ] 00080/02498 VUs  00.9s/15s  2498.00 iters/s

running (01.9s), 00106/02498 VUs, 4678 complete and 0 interrupted iterations
default   [  13% ] 00106/02498 VUs  01.9s/15s  2498.00 iters/s

running (02.9s), 00093/02498 VUs, 7188 complete and 0 interrupted iterations
default   [  19% ] 00093/02498 VUs  02.9s/15s  2498.00 iters/s

running (03.9s), 00135/02498 VUs, 9643 complete and 0 interrupted iterations
default   [  26% ] 00136/02498 VUs  03.9s/15s  2498.00 iters/s

running (04.9s), 00091/02498 VUs, 12185 complete and 0 interrupted iterations
default   [  33% ] 00091/02498 VUs  04.9s/15s  2498.00 iters/s

running (05.9s), 00103/02498 VUs, 14672 complete and 0 interrupted iterations
default   [  39% ] 00103/02498 VUs  05.9s/15s  2498.00 iters/s

running (06.9s), 00114/02498 VUs, 17160 complete and 0 interrupted iterations
default   [  46% ] 00114/02498 VUs  06.9s/15s  2498.00 iters/s

running (07.9s), 00153/02498 VUs, 19618 complete and 0 interrupted iterations
default   [  53% ] 00153/02498 VUs  07.9s/15s  2498.00 iters/s

running (08.9s), 00119/02498 VUs, 22152 complete and 0 interrupted iterations
default   [  59% ] 00119/02498 VUs  08.9s/15s  2498.00 iters/s

running (09.9s), 00129/02498 VUs, 24638 complete and 0 interrupted iterations
default   [  66% ] 00129/02498 VUs  09.9s/15s  2498.00 iters/s

running (10.9s), 00115/02498 VUs, 27149 complete and 0 interrupted iterations
default   [  73% ] 00115/02498 VUs  10.9s/15s  2498.00 iters/s

running (11.9s), 00097/02498 VUs, 29665 complete and 0 interrupted iterations
default   [  79% ] 00097/02498 VUs  11.9s/15s  2498.00 iters/s

running (12.9s), 00104/02498 VUs, 32154 complete and 0 interrupted iterations
default   [  86% ] 00104/02498 VUs  12.9s/15s  2498.00 iters/s

running (13.9s), 00105/02498 VUs, 34654 complete and 0 interrupted iterations
default   [  93% ] 00106/02498 VUs  13.9s/15s  2498.00 iters/s

running (14.9s), 00120/02498 VUs, 37138 complete and 0 interrupted iterations
default   [  99% ] 00120/02498 VUs  14.9s/15s  2498.00 iters/s


  █ TOTAL RESULTS 

    HTTP
    http_req_duration..............: avg=45.08ms min=26.91ms med=44.94ms max=82.44ms p(90)=55.26ms p(95)=57.73ms
      { expected_response:true }...: avg=45.08ms min=26.91ms med=44.94ms max=82.44ms p(90)=55.26ms p(95)=57.73ms
    http_req_failed................: 0.00%  0 out of 37388
    http_reqs......................: 37388  2491.881129/s

    EXECUTION
    iteration_duration.............: avg=45.17ms min=26.99ms med=45.03ms max=82.81ms p(90)=55.35ms p(95)=57.82ms
    iterations.....................: 37388  2491.881129/s
    vus............................: 117    min=78         max=153 
    vus_max........................: 2498   min=2498       max=2498

    NETWORK
    data_received..................: 7.6 MB 506 kB/s
    data_sent......................: 7.2 MB 479 kB/s




running (15.0s), 00000/02498 VUs, 37388 complete and 83 interrupted iterations
default ✓ [ 100% ] 00083/02498 VUs  15s  2498.00 iters/s
