
         /\      Grafana   /‾‾/  
    /\  /  \     |\  __   /  /   
   /  \/    \    | |/ /  /   ‾‾\ 
  /          \   |   (  |  (‾)  |
 / __________ \  |_|\_\  \_____/ 

     execution: local
        script: workflow/media/k6_open_review_compose.js
        output: -

     scenarios: (100.00%) 1 scenario, 10000 max VUs, 15s max duration (incl. graceful stop):
              * default: 894.00 iterations/s for 15s (maxVUs: 894-10000)


running (01.0s), 00301/00894 VUs, 558 complete and 0 interrupted iterations
default   [   6% ] 00301/00894 VUs  01.0s/15s  894.00 iters/s

running (02.0s), 00275/00894 VUs, 1478 complete and 0 interrupted iterations
default   [  13% ] 00275/00894 VUs  02.0s/15s  894.00 iters/s

running (03.0s), 00396/00894 VUs, 2251 complete and 0 interrupted iterations
default   [  20% ] 00396/00894 VUs  03.0s/15s  894.00 iters/s

running (04.0s), 00410/00894 VUs, 3131 complete and 0 interrupted iterations
default   [  26% ] 00410/00894 VUs  04.0s/15s  894.00 iters/s

running (05.0s), 00380/00894 VUs, 4055 complete and 0 interrupted iterations
default   [  33% ] 00380/00894 VUs  05.0s/15s  894.00 iters/s

running (06.0s), 00360/00894 VUs, 4969 complete and 0 interrupted iterations
default   [  40% ] 00360/00894 VUs  06.0s/15s  894.00 iters/s

running (07.0s), 00340/00894 VUs, 5884 complete and 0 interrupted iterations
default   [  46% ] 00340/00894 VUs  07.0s/15s  894.00 iters/s

running (08.0s), 00318/00894 VUs, 6800 complete and 0 interrupted iterations
default   [  53% ] 00318/00894 VUs  08.0s/15s  894.00 iters/s

running (09.0s), 00297/00894 VUs, 7715 complete and 0 interrupted iterations
default   [  60% ] 00297/00894 VUs  09.0s/15s  894.00 iters/s

running (10.0s), 00277/00894 VUs, 8629 complete and 0 interrupted iterations
default   [  66% ] 00277/00894 VUs  10.0s/15s  894.00 iters/s

running (11.0s), 00437/00894 VUs, 9362 complete and 0 interrupted iterations
default   [  73% ] 00437/00894 VUs  11.0s/15s  894.00 iters/s

running (12.0s), 00417/00894 VUs, 10276 complete and 0 interrupted iterations
default   [  80% ] 00417/00894 VUs  12.0s/15s  894.00 iters/s

running (13.0s), 00396/00894 VUs, 11192 complete and 0 interrupted iterations
default   [  86% ] 00396/00894 VUs  13.0s/15s  894.00 iters/s

running (14.0s), 00374/00894 VUs, 12107 complete and 0 interrupted iterations
default   [  93% ] 00374/00894 VUs  14.0s/15s  894.00 iters/s

running (15.0s), 00357/00894 VUs, 13019 complete and 0 interrupted iterations
default   [ 100% ] 00357/00894 VUs  15.0s/15s  894.00 iters/s


  █ TOTAL RESULTS 

    HTTP
    http_req_duration..............: avg=405.53ms min=240.18ms med=405.5ms  max=553.17ms p(90)=484.6ms  p(95)=501.56ms
      { expected_response:true }...: avg=405.53ms min=240.18ms med=405.5ms  max=553.17ms p(90)=484.6ms  p(95)=501.56ms
    http_req_failed................: 0.00%  0 out of 13019
    http_reqs......................: 13019  867.670033/s

    EXECUTION
    iteration_duration.............: avg=405.65ms min=240.28ms med=405.61ms max=553.26ms p(90)=484.69ms p(95)=501.65ms
    iterations.....................: 13019  867.670033/s
    vus............................: 357    min=276        max=437
    vus_max........................: 894    min=894        max=894

    NETWORK
    data_received..................: 3.0 MB 201 kB/s
    data_sent......................: 7.5 MB 498 kB/s




running (15.0s), 00000/00894 VUs, 13019 complete and 391 interrupted iterations
default ✓ [ 100% ] 00391/00894 VUs  15s  894.00 iters/s
