
         /\      Grafana   /‾‾/  
    /\  /  \     |\  __   /  /   
   /  \/    \    | |/ /  /   ‾‾\ 
  /          \   |   (  |  (‾)  |
 / __________ \  |_|\_\  \_____/ 

     execution: local
        script: workflow/spin/k6_open_client.js
        output: -

     scenarios: (100.00%) 1 scenario, 10000 max VUs, 15s max duration (incl. graceful stop):
              * default: 2232.00 iterations/s for 15s (maxVUs: 2232-10000)


running (00.9s), 00368/02232 VUs, 1679 complete and 0 interrupted iterations
default   [   6% ] 00368/02232 VUs  00.9s/15s  2232.00 iters/s

running (01.9s), 00451/02232 VUs, 3828 complete and 0 interrupted iterations
default   [  13% ] 00450/02232 VUs  01.9s/15s  2232.00 iters/s

running (02.9s), 00289/02232 VUs, 6222 complete and 0 interrupted iterations
default   [  19% ] 00289/02232 VUs  02.9s/15s  2232.00 iters/s

running (03.9s), 00381/02232 VUs, 8362 complete and 0 interrupted iterations
default   [  26% ] 00381/02232 VUs  03.9s/15s  2232.00 iters/s

running (04.9s), 00389/02232 VUs, 10586 complete and 0 interrupted iterations
default   [  33% ] 00389/02232 VUs  04.9s/15s  2232.00 iters/s

running (05.9s), 00311/02232 VUs, 12896 complete and 0 interrupted iterations
default   [  39% ] 00311/02232 VUs  05.9s/15s  2232.00 iters/s

running (06.9s), 00398/02232 VUs, 15041 complete and 0 interrupted iterations
default   [  46% ] 00398/02232 VUs  06.9s/15s  2232.00 iters/s

running (07.9s), 00358/02232 VUs, 17313 complete and 0 interrupted iterations
default   [  53% ] 00358/02232 VUs  07.9s/15s  2232.00 iters/s

running (08.9s), 00338/02232 VUs, 19566 complete and 0 interrupted iterations
default   [  59% ] 00338/02232 VUs  08.9s/15s  2232.00 iters/s

running (09.9s), 00447/02232 VUs, 21688 complete and 0 interrupted iterations
default   [  66% ] 00447/02232 VUs  09.9s/15s  2232.00 iters/s

running (10.9s), 00461/02232 VUs, 23906 complete and 0 interrupted iterations
default   [  73% ] 00461/02232 VUs  10.9s/15s  2232.00 iters/s

running (11.9s), 00369/02232 VUs, 26230 complete and 0 interrupted iterations
default   [  79% ] 00369/02232 VUs  11.9s/15s  2232.00 iters/s

running (12.9s), 00364/02232 VUs, 28467 complete and 0 interrupted iterations
default   [  86% ] 00364/02232 VUs  12.9s/15s  2232.00 iters/s

running (13.9s), 00340/02232 VUs, 30725 complete and 0 interrupted iterations
default   [  93% ] 00340/02232 VUs  13.9s/15s  2232.00 iters/s

running (14.9s), 00447/02232 VUs, 32849 complete and 0 interrupted iterations
default   [  99% ] 00447/02232 VUs  14.9s/15s  2232.00 iters/s


  █ TOTAL RESULTS 

    HTTP
    http_req_duration..............: avg=168.28ms min=118.23ms med=167.62ms max=226.83ms p(90)=197.3ms  p(95)=202.18ms
      { expected_response:true }...: avg=168.28ms min=118.23ms med=167.62ms max=226.83ms p(90)=197.3ms  p(95)=202.18ms
    http_req_failed................: 0.00%  0 out of 33085
    http_reqs......................: 33085  2204.947362/s

    EXECUTION
    iteration_duration.............: avg=168.37ms min=118.31ms med=167.71ms max=226.94ms p(90)=197.41ms p(95)=202.28ms
    iterations.....................: 33085  2204.947362/s
    vus............................: 445    min=289        max=461 
    vus_max........................: 2232   min=2232       max=2232

    NETWORK
    data_received..................: 6.7 MB 448 kB/s
    data_sent......................: 6.4 MB 428 kB/s




running (15.0s), 00000/02232 VUs, 33085 complete and 396 interrupted iterations
default ✓ [ 100% ] 00396/02232 VUs  15s  2232.00 iters/s
