
         /\      Grafana   /‾‾/  
    /\  /  \     |\  __   /  /   
   /  \/    \    | |/ /  /   ‾‾\ 
  /          \   |   (  |  (‾)  |
 / __________ \  |_|\_\  \_____/ 

     execution: local
        script: workflow/response/k6_open_client.js
        output: -

     scenarios: (100.00%) 1 scenario, 10000 max VUs, 15s max duration (incl. graceful stop):
              * default: 445.00 iterations/s for 15s (maxVUs: 445-10000)


running (01.0s), 00008/00445 VUs, 427 complete and 0 interrupted iterations
default   [   7% ] 00008/00445 VUs  01.0s/15s  445.00 iters/s

running (02.0s), 00013/00445 VUs, 867 complete and 0 interrupted iterations
default   [  13% ] 00013/00445 VUs  02.0s/15s  445.00 iters/s

running (03.0s), 00009/00445 VUs, 1315 complete and 0 interrupted iterations
default   [  20% ] 00010/00445 VUs  03.0s/15s  445.00 iters/s

running (04.0s), 00014/00445 VUs, 1755 complete and 0 interrupted iterations
default   [  27% ] 00015/00445 VUs  04.0s/15s  445.00 iters/s

running (05.0s), 00007/00445 VUs, 2208 complete and 0 interrupted iterations
default   [  33% ] 00007/00445 VUs  05.0s/15s  445.00 iters/s

running (06.0s), 00011/00445 VUs, 2649 complete and 0 interrupted iterations
default   [  40% ] 00011/00445 VUs  06.0s/15s  445.00 iters/s

running (07.0s), 00016/00445 VUs, 3089 complete and 0 interrupted iterations
default   [  47% ] 00016/00445 VUs  07.0s/15s  445.00 iters/s

running (08.0s), 00006/00445 VUs, 3544 complete and 0 interrupted iterations
default   [  53% ] 00006/00445 VUs  08.0s/15s  445.00 iters/s

running (09.0s), 00010/00445 VUs, 3984 complete and 0 interrupted iterations
default   [  60% ] 00010/00445 VUs  09.0s/15s  445.00 iters/s

running (10.0s), 00016/00445 VUs, 4424 complete and 0 interrupted iterations
default   [  67% ] 00016/00445 VUs  10.0s/15s  445.00 iters/s

running (11.0s), 00005/00445 VUs, 4880 complete and 0 interrupted iterations
default   [  73% ] 00005/00445 VUs  11.0s/15s  445.00 iters/s

running (12.0s), 00010/00445 VUs, 5319 complete and 0 interrupted iterations
default   [  80% ] 00010/00445 VUs  12.0s/15s  445.00 iters/s

running (13.0s), 00017/00445 VUs, 5758 complete and 0 interrupted iterations
default   [  87% ] 00017/00445 VUs  13.0s/15s  445.00 iters/s

running (14.0s), 00006/00445 VUs, 6214 complete and 0 interrupted iterations
default   [  93% ] 00006/00445 VUs  14.0s/15s  445.00 iters/s

running (15.0s), 00011/00445 VUs, 6653 complete and 0 interrupted iterations
default   [ 100% ] 00011/00445 VUs  15.0s/15s  445.00 iters/s


  █ TOTAL RESULTS 

    HTTP
    http_req_duration..............: avg=25.84ms min=9.09ms med=25.8ms  max=44.91ms p(90)=37.94ms p(95)=39.39ms
      { expected_response:true }...: avg=25.84ms min=9.09ms med=25.8ms  max=44.91ms p(90)=37.94ms p(95)=39.39ms
    http_req_failed................: 0.00%  0 out of 6668
    http_reqs......................: 6668   444.477978/s

    EXECUTION
    iteration_duration.............: avg=25.92ms min=9.16ms med=25.91ms max=44.99ms p(90)=38.03ms p(95)=39.48ms
    iterations.....................: 6668   444.477978/s
    vus............................: 12     min=5         max=17 
    vus_max........................: 445    min=445       max=445

    NETWORK
    data_received..................: 1.3 MB 89 kB/s
    data_sent......................: 1.3 MB 87 kB/s




running (15.0s), 00000/00445 VUs, 6668 complete and 8 interrupted iterations
default ✓ [ 100% ] 00008/00445 VUs  15s  445.00 iters/s
