
         /\      Grafana   /‾‾/  
    /\  /  \     |\  __   /  /   
   /  \/    \    | |/ /  /   ‾‾\ 
  /          \   |   (  |  (‾)  |
 / __________ \  |_|\_\  \_____/ 

     execution: local
        script: workflow/spin/k6_open_client.js
        output: -

     scenarios: (100.00%) 1 scenario, 10000 max VUs, 15s max duration (incl. graceful stop):
              * default: 4185.00 iterations/s for 15s (maxVUs: 4185-10000)


running (00.9s), 00274/04185 VUs, 3351 complete and 0 interrupted iterations
default   [   6% ] 00274/04185 VUs  00.9s/15s  4185.00 iters/s

running (01.9s), 00261/04185 VUs, 7549 complete and 0 interrupted iterations
default   [  12% ] 00261/04185 VUs  01.9s/15s  4185.00 iters/s

running (02.9s), 00265/04185 VUs, 11730 complete and 0 interrupted iterations
default   [  19% ] 00265/04185 VUs  02.9s/15s  4185.00 iters/s

running (03.9s), 00432/04185 VUs, 15748 complete and 0 interrupted iterations
default   [  26% ] 00432/04185 VUs  03.9s/15s  4185.00 iters/s

running (04.9s), 00314/04185 VUs, 20053 complete and 0 interrupted iterations
default   [  32% ] 00314/04185 VUs  04.9s/15s  4185.00 iters/s

running (05.9s), 00301/04185 VUs, 24251 complete and 0 interrupted iterations
default   [  39% ] 00301/04185 VUs  05.9s/15s  4185.00 iters/s

running (06.9s), 00314/04185 VUs, 28421 complete and 0 interrupted iterations
default   [  46% ] 00314/04185 VUs  06.9s/15s  4185.00 iters/s

running (07.9s), 00279/04185 VUs, 32641 complete and 0 interrupted iterations
default   [  52% ] 00279/04185 VUs  07.9s/15s  4185.00 iters/s

running (08.9s), 00253/04185 VUs, 36852 complete and 0 interrupted iterations
default   [  59% ] 00253/04185 VUs  08.9s/15s  4185.00 iters/s

running (09.9s), 00284/04185 VUs, 41008 complete and 0 interrupted iterations
default   [  66% ] 00284/04185 VUs  09.9s/15s  4185.00 iters/s

running (10.9s), 00263/04185 VUs, 45212 complete and 0 interrupted iterations
default   [  72% ] 00263/04185 VUs  10.9s/15s  4185.00 iters/s

running (11.9s), 00252/04185 VUs, 49408 complete and 0 interrupted iterations
default   [  79% ] 00252/04185 VUs  11.9s/15s  4185.00 iters/s

running (12.9s), 00255/04185 VUs, 53592 complete and 0 interrupted iterations
default   [  86% ] 00255/04185 VUs  12.9s/15s  4185.00 iters/s

running (13.9s), 00244/04185 VUs, 57786 complete and 0 interrupted iterations
default   [  92% ] 00244/04185 VUs  13.9s/15s  4185.00 iters/s

running (14.9s), 00290/04185 VUs, 61925 complete and 0 interrupted iterations
default   [  99% ] 00290/04185 VUs  14.9s/15s  4185.00 iters/s


  █ TOTAL RESULTS 

    HTTP
    http_req_duration..............: avg=69.7ms min=42.76ms med=67.8ms  max=142.31ms p(90)=81.4ms p(95)=89.23ms
      { expected_response:true }...: avg=69.7ms min=42.76ms med=67.8ms  max=142.31ms p(90)=81.4ms p(95)=89.23ms
    http_req_failed................: 0.00% 0 out of 62496
    http_reqs......................: 62496 4164.164335/s

    EXECUTION
    iteration_duration.............: avg=69.8ms min=43ms    med=67.89ms max=142.59ms p(90)=81.5ms p(95)=89.35ms
    iterations.....................: 62496 4164.164335/s
    vus............................: 290   min=243        max=432 
    vus_max........................: 4185  min=4185       max=4185

    NETWORK
    data_received..................: 13 MB 845 kB/s
    data_sent......................: 12 MB 803 kB/s




running (15.0s), 00000/04185 VUs, 62494 complete and 285 interrupted iterations
default ✓ [ 100% ] 00285/04185 VUs  15s  4185.00 iters/s
