
         /\      Grafana   /‾‾/  
    /\  /  \     |\  __   /  /   
   /  \/    \    | |/ /  /   ‾‾\ 
  /          \   |   (  |  (‾)  |
 / __________ \  |_|\_\  \_____/ 

     execution: local
        script: workflow/hotel/k6_open_recommendations_client.js
        output: -

     scenarios: (100.00%) 1 scenario, 10000 max VUs, 15s max duration (incl. graceful stop):
              * default: 2970.00 iterations/s for 15s (maxVUs: 2970-10000)


running (00.9s), 00838/02970 VUs, 1796 complete and 0 interrupted iterations
default   [   6% ] 00838/02970 VUs  00.9s/15s  2970.00 iters/s

running (01.9s), 00826/02970 VUs, 4776 complete and 0 interrupted iterations
default   [  13% ] 00826/02970 VUs  01.9s/15s  2970.00 iters/s

running (02.9s), 00823/02970 VUs, 7751 complete and 0 interrupted iterations
default   [  19% ] 00823/02970 VUs  02.9s/15s  2970.00 iters/s

running (03.9s), 00557/02970 VUs, 10987 complete and 0 interrupted iterations
default   [  26% ] 00557/02970 VUs  03.9s/15s  2970.00 iters/s

running (04.9s), 00837/02970 VUs, 13675 complete and 0 interrupted iterations
default   [  33% ] 00837/02970 VUs  04.9s/15s  2970.00 iters/s

running (05.9s), 00671/02970 VUs, 16813 complete and 0 interrupted iterations
default   [  39% ] 00671/02970 VUs  05.9s/15s  2970.00 iters/s

running (06.9s), 00757/02970 VUs, 19697 complete and 0 interrupted iterations
default   [  46% ] 00757/02970 VUs  06.9s/15s  2970.00 iters/s

running (07.9s), 00718/02970 VUs, 22706 complete and 0 interrupted iterations
default   [  53% ] 00718/02970 VUs  07.9s/15s  2970.00 iters/s

running (08.9s), 00624/02970 VUs, 25770 complete and 0 interrupted iterations
default   [  59% ] 00624/02970 VUs  08.9s/15s  2970.00 iters/s

running (09.9s), 00620/02970 VUs, 28742 complete and 0 interrupted iterations
default   [  66% ] 00620/02970 VUs  09.9s/15s  2970.00 iters/s

running (10.9s), 00629/02970 VUs, 31705 complete and 0 interrupted iterations
default   [  73% ] 00628/02970 VUs  10.9s/15s  2970.00 iters/s

running (11.9s), 00863/02970 VUs, 34440 complete and 0 interrupted iterations
default   [  79% ] 00863/02970 VUs  11.9s/15s  2970.00 iters/s

running (12.9s), 00569/02970 VUs, 37706 complete and 0 interrupted iterations
default   [  86% ] 00569/02970 VUs  12.9s/15s  2970.00 iters/s

running (13.9s), 01054/02970 VUs, 40190 complete and 0 interrupted iterations
default   [  93% ] 01054/02970 VUs  13.9s/15s  2970.00 iters/s

running (14.9s), 00863/02970 VUs, 43351 complete and 0 interrupted iterations
default   [  99% ] 00863/02970 VUs  14.9s/15s  2970.00 iters/s


  █ TOTAL RESULTS 

    HTTP
    http_req_duration..............: avg=242.33ms min=121.26ms med=240.19ms max=392.37ms p(90)=310.19ms p(95)=330.17ms
      { expected_response:true }...: avg=242.33ms min=121.26ms med=240.19ms max=392.37ms p(90)=310.19ms p(95)=330.17ms
    http_req_failed................: 0.00% 0 out of 43682
    http_reqs......................: 43682 2910.301784/s

    EXECUTION
    iteration_duration.............: avg=242.45ms min=121.41ms med=240.32ms max=392.48ms p(90)=310.35ms p(95)=330.29ms
    iterations.....................: 43682 2910.301784/s
    vus............................: 863   min=558        max=1056
    vus_max........................: 2970  min=2970       max=2970

    NETWORK
    data_received..................: 25 MB 1.7 MB/s
    data_sent......................: 13 MB 846 kB/s




running (15.0s), 00000/02970 VUs, 43682 complete and 869 interrupted iterations
default ✓ [ 100% ] 00869/02970 VUs  15s  2970.00 iters/s
