
         /\      Grafana   /‾‾/  
    /\  /  \     |\  __   /  /   
   /  \/    \    | |/ /  /   ‾‾\ 
  /          \   |   (  |  (‾)  |
 / __________ \  |_|\_\  \_____/ 

     execution: local
        script: workflow/write/k6_open_client.js
        output: -

     scenarios: (100.00%) 1 scenario, 10000 max VUs, 15s max duration (incl. graceful stop):
              * default: 5440.00 iterations/s for 15s (maxVUs: 5440-10000)


running (00.8s), 00136/05440 VUs, 4387 complete and 0 interrupted iterations
default   [   6% ] 00136/05440 VUs  00.8s/15s  5440.00 iters/s

running (01.8s), 00004/05440 VUs, 9959 complete and 0 interrupted iterations
default   [  12% ] 00004/05440 VUs  01.8s/15s  5440.00 iters/s

running (02.8s), 00003/05440 VUs, 15400 complete and 0 interrupted iterations
default   [  19% ] 00004/05440 VUs  02.8s/15s  5440.00 iters/s

running (03.8s), 00004/05440 VUs, 20840 complete and 0 interrupted iterations
default   [  26% ] 00004/05440 VUs  03.8s/15s  5440.00 iters/s

running (04.8s), 00004/05440 VUs, 26280 complete and 0 interrupted iterations
default   [  32% ] 00004/05440 VUs  04.8s/15s  5440.00 iters/s

running (05.8s), 00004/05440 VUs, 31719 complete and 0 interrupted iterations
default   [  39% ] 00004/05440 VUs  05.8s/15s  5440.00 iters/s

running (06.8s), 00004/05440 VUs, 37159 complete and 0 interrupted iterations
default   [  46% ] 00004/05440 VUs  06.8s/15s  5440.00 iters/s

running (07.8s), 00005/05440 VUs, 42599 complete and 0 interrupted iterations
default   [  52% ] 00004/05440 VUs  07.8s/15s  5440.00 iters/s

running (08.8s), 00003/05440 VUs, 48039 complete and 0 interrupted iterations
default   [  59% ] 00004/05440 VUs  08.8s/15s  5440.00 iters/s

running (09.8s), 00004/05440 VUs, 53479 complete and 0 interrupted iterations
default   [  66% ] 00004/05440 VUs  09.8s/15s  5440.00 iters/s

running (10.8s), 00004/05440 VUs, 58919 complete and 0 interrupted iterations
default   [  72% ] 00004/05440 VUs  10.8s/15s  5440.00 iters/s

running (11.8s), 00004/05440 VUs, 64359 complete and 0 interrupted iterations
default   [  79% ] 00004/05440 VUs  11.8s/15s  5440.00 iters/s

running (12.8s), 00003/05440 VUs, 69800 complete and 0 interrupted iterations
default   [  86% ] 00003/05440 VUs  12.8s/15s  5440.00 iters/s

running (13.8s), 00004/05440 VUs, 75239 complete and 0 interrupted iterations
default   [  92% ] 00003/05440 VUs  13.8s/15s  5440.00 iters/s

running (14.8s), 00003/05440 VUs, 80680 complete and 0 interrupted iterations
default   [  99% ] 00003/05440 VUs  14.8s/15s  5440.00 iters/s


  █ TOTAL RESULTS 

    HTTP
    http_req_duration..............: avg=1.69ms min=433.16µs med=555.83µs max=80.58ms p(90)=707.82µs p(95)=3.84ms
      { expected_response:true }...: avg=1.69ms min=433.16µs med=555.83µs max=80.58ms p(90)=707.82µs p(95)=3.84ms
    http_req_failed................: 0.00%  0 out of 81600
    http_reqs......................: 81600  5437.367692/s

    EXECUTION
    iteration_duration.............: avg=1.86ms min=475.38µs med=613µs    max=90.47ms p(90)=806.05µs p(95)=4.35ms
    iterations.....................: 81600  5437.367692/s
    vus............................: 3      min=3          max=136 
    vus_max........................: 5440   min=5440       max=5440

    NETWORK
    data_received..................: 17 MB  1.1 MB/s
    data_sent......................: 8.2 MB 544 kB/s




running (15.0s), 00000/05440 VUs, 81597 complete and 4 interrupted iterations
default ✓ [ 100% ] 00004/05440 VUs  15s  5440.00 iters/s
