
         /\      Grafana   /‾‾/  
    /\  /  \     |\  __   /  /   
   /  \/    \    | |/ /  /   ‾‾\ 
  /          \   |   (  |  (‾)  |
 / __________ \  |_|\_\  \_____/ 

     execution: local
        script: workflow/spin/k6_open_client.js
        output: -

     scenarios: (100.00%) 1 scenario, 10000 max VUs, 15s max duration (incl. graceful stop):
              * default: 3062.00 iterations/s for 15s (maxVUs: 3062-10000)


running (00.9s), 00129/03062 VUs, 2609 complete and 0 interrupted iterations
default   [   6% ] 00129/03062 VUs  00.9s/15s  3062.00 iters/s

running (01.9s), 00155/03062 VUs, 5643 complete and 0 interrupted iterations
default   [  13% ] 00155/03062 VUs  01.9s/15s  3062.00 iters/s

running (02.9s), 00168/03062 VUs, 8692 complete and 0 interrupted iterations
default   [  19% ] 00168/03062 VUs  02.9s/15s  3062.00 iters/s

running (03.9s), 00120/03062 VUs, 11802 complete and 0 interrupted iterations
default   [  26% ] 00121/03062 VUs  03.9s/15s  3062.00 iters/s

running (04.9s), 00159/03062 VUs, 14825 complete and 0 interrupted iterations
default   [  33% ] 00159/03062 VUs  04.9s/15s  3062.00 iters/s

running (05.9s), 00184/03062 VUs, 17862 complete and 0 interrupted iterations
default   [  39% ] 00184/03062 VUs  05.9s/15s  3062.00 iters/s

running (06.9s), 00174/03062 VUs, 20936 complete and 0 interrupted iterations
default   [  46% ] 00174/03062 VUs  06.9s/15s  3062.00 iters/s

running (07.9s), 00160/03062 VUs, 24009 complete and 0 interrupted iterations
default   [  53% ] 00162/03062 VUs  07.9s/15s  3062.00 iters/s

running (08.9s), 00140/03062 VUs, 27095 complete and 0 interrupted iterations
default   [  59% ] 00140/03062 VUs  08.9s/15s  3062.00 iters/s

running (09.9s), 00161/03062 VUs, 30135 complete and 0 interrupted iterations
default   [  66% ] 00161/03062 VUs  09.9s/15s  3062.00 iters/s

running (10.9s), 00182/03062 VUs, 33174 complete and 0 interrupted iterations
default   [  73% ] 00182/03062 VUs  10.9s/15s  3062.00 iters/s

running (11.9s), 00127/03062 VUs, 36292 complete and 0 interrupted iterations
default   [  79% ] 00128/03062 VUs  11.9s/15s  3062.00 iters/s

running (12.9s), 00184/03062 VUs, 39296 complete and 0 interrupted iterations
default   [  86% ] 00184/03062 VUs  12.9s/15s  3062.00 iters/s

running (13.9s), 00130/03062 VUs, 42412 complete and 0 interrupted iterations
default   [  93% ] 00131/03062 VUs  13.9s/15s  3062.00 iters/s

running (14.9s), 00136/03062 VUs, 45470 complete and 0 interrupted iterations
default   [  99% ] 00136/03062 VUs  14.9s/15s  3062.00 iters/s


  █ TOTAL RESULTS 

    HTTP
    http_req_duration..............: avg=50.36ms min=24.9ms  med=50.32ms max=93.31ms p(90)=59.74ms p(95)=62.36ms
      { expected_response:true }...: avg=50.36ms min=24.9ms  med=50.32ms max=93.31ms p(90)=59.74ms p(95)=62.36ms
    http_req_failed................: 0.00%  0 out of 45765
    http_reqs......................: 45765  3050.00976/s

    EXECUTION
    iteration_duration.............: avg=50.45ms min=25.03ms med=50.41ms max=94.4ms  p(90)=59.83ms p(95)=62.47ms
    iterations.....................: 45765  3050.00976/s
    vus............................: 136    min=119        max=183 
    vus_max........................: 3062   min=3062       max=3062

    NETWORK
    data_received..................: 9.3 MB 619 kB/s
    data_sent......................: 8.8 MB 587 kB/s




running (15.0s), 00000/03062 VUs, 45765 complete and 166 interrupted iterations
default ✓ [ 100% ] 00166/03062 VUs  15s  3062.00 iters/s
