
         /\      Grafana   /‾‾/  
    /\  /  \     |\  __   /  /   
   /  \/    \    | |/ /  /   ‾‾\ 
  /          \   |   (  |  (‾)  |
 / __________ \  |_|\_\  \_____/ 

     execution: local
        script: workflow/spin/k6_open_client.js
        output: -

     scenarios: (100.00%) 1 scenario, 10000 max VUs, 15s max duration (incl. graceful stop):
              * default: 2760.00 iterations/s for 15s (maxVUs: 2760-10000)


running (00.9s), 00008/02760 VUs, 2489 complete and 0 interrupted iterations
default   [   6% ] 00009/02760 VUs  00.9s/15s  2760.00 iters/s

running (01.9s), 00008/02760 VUs, 5250 complete and 0 interrupted iterations
default   [  13% ] 00007/02760 VUs  01.9s/15s  2760.00 iters/s

running (02.9s), 00015/02760 VUs, 8003 complete and 0 interrupted iterations
default   [  19% ] 00015/02760 VUs  02.9s/15s  2760.00 iters/s

running (03.9s), 00006/02760 VUs, 10770 complete and 0 interrupted iterations
default   [  26% ] 00006/02760 VUs  03.9s/15s  2760.00 iters/s

running (04.9s), 00007/02760 VUs, 13532 complete and 0 interrupted iterations
default   [  33% ] 00007/02760 VUs  04.9s/15s  2760.00 iters/s

running (05.9s), 00007/02760 VUs, 16290 complete and 0 interrupted iterations
default   [  39% ] 00007/02760 VUs  05.9s/15s  2760.00 iters/s

running (06.9s), 00008/02760 VUs, 19051 complete and 0 interrupted iterations
default   [  46% ] 00008/02760 VUs  06.9s/15s  2760.00 iters/s

running (07.9s), 00008/02760 VUs, 21810 complete and 0 interrupted iterations
default   [  53% ] 00008/02760 VUs  07.9s/15s  2760.00 iters/s

running (08.9s), 00008/02760 VUs, 24570 complete and 0 interrupted iterations
default   [  59% ] 00008/02760 VUs  08.9s/15s  2760.00 iters/s

running (09.9s), 00010/02760 VUs, 27328 complete and 0 interrupted iterations
default   [  66% ] 00010/02760 VUs  09.9s/15s  2760.00 iters/s

running (10.9s), 00007/02760 VUs, 30092 complete and 0 interrupted iterations
default   [  73% ] 00007/02760 VUs  10.9s/15s  2760.00 iters/s

running (11.9s), 00008/02760 VUs, 32850 complete and 0 interrupted iterations
default   [  79% ] 00008/02760 VUs  11.9s/15s  2760.00 iters/s

running (12.9s), 00009/02760 VUs, 35610 complete and 0 interrupted iterations
default   [  86% ] 00009/02760 VUs  12.9s/15s  2760.00 iters/s

running (13.9s), 00009/02760 VUs, 38371 complete and 0 interrupted iterations
default   [  93% ] 00009/02760 VUs  13.9s/15s  2760.00 iters/s

running (14.9s), 00010/02760 VUs, 41128 complete and 0 interrupted iterations
default   [  99% ] 00010/02760 VUs  14.9s/15s  2760.00 iters/s


  █ TOTAL RESULTS 

    HTTP
    http_req_duration..............: avg=2.94ms min=2.4ms  med=2.67ms max=35.88ms p(90)=3.22ms p(95)=3.64ms
      { expected_response:true }...: avg=2.94ms min=2.4ms  med=2.67ms max=35.88ms p(90)=3.22ms p(95)=3.64ms
    http_req_failed................: 0.00%  0 out of 41393
    http_reqs......................: 41393  2758.750026/s

    EXECUTION
    iteration_duration.............: avg=3.03ms min=2.46ms med=2.76ms max=36.17ms p(90)=3.32ms p(95)=3.74ms
    iterations.....................: 41393  2758.750026/s
    vus............................: 10     min=6          max=15  
    vus_max........................: 2760   min=2760       max=2760

    NETWORK
    data_received..................: 8.4 MB 560 kB/s
    data_sent......................: 7.9 MB 530 kB/s




running (15.0s), 00000/02760 VUs, 41393 complete and 8 interrupted iterations
default ✓ [ 100% ] 00008/02760 VUs  15s  2760.00 iters/s
