
         /\      Grafana   /‾‾/  
    /\  /  \     |\  __   /  /   
   /  \/    \    | |/ /  /   ‾‾\ 
  /          \   |   (  |  (‾)  |
 / __________ \  |_|\_\  \_____/ 

     execution: local
        script: workflow/spin/k6_open_client.js
        output: -

     scenarios: (100.00%) 1 scenario, 10000 max VUs, 15s max duration (incl. graceful stop):
              * default: 3626.00 iterations/s for 15s (maxVUs: 3626-10000)


running (00.9s), 00434/03626 VUs, 2702 complete and 0 interrupted iterations
default   [   6% ] 00434/03626 VUs  00.9s/15s  3626.00 iters/s

running (01.9s), 00399/03626 VUs, 6364 complete and 0 interrupted iterations
default   [  12% ] 00399/03626 VUs  01.9s/15s  3626.00 iters/s

running (02.9s), 00532/03626 VUs, 9856 complete and 0 interrupted iterations
default   [  19% ] 00532/03626 VUs  02.9s/15s  3626.00 iters/s

running (03.9s), 00574/03626 VUs, 13440 complete and 0 interrupted iterations
default   [  26% ] 00574/03626 VUs  03.9s/15s  3626.00 iters/s

running (04.9s), 00616/03626 VUs, 17024 complete and 0 interrupted iterations
default   [  32% ] 00616/03626 VUs  04.9s/15s  3626.00 iters/s

running (05.9s), 00643/03626 VUs, 20625 complete and 0 interrupted iterations
default   [  39% ] 00643/03626 VUs  05.9s/15s  3626.00 iters/s

running (06.9s), 00572/03626 VUs, 24320 complete and 0 interrupted iterations
default   [  46% ] 00572/03626 VUs  06.9s/15s  3626.00 iters/s

running (07.9s), 00591/03626 VUs, 27928 complete and 0 interrupted iterations
default   [  52% ] 00591/03626 VUs  07.9s/15s  3626.00 iters/s

running (08.9s), 00525/03626 VUs, 31616 complete and 0 interrupted iterations
default   [  59% ] 00525/03626 VUs  08.9s/15s  3626.00 iters/s

running (09.9s), 00487/03626 VUs, 35283 complete and 0 interrupted iterations
default   [  66% ] 00487/03626 VUs  09.9s/15s  3626.00 iters/s

running (10.9s), 00486/03626 VUs, 38912 complete and 0 interrupted iterations
default   [  72% ] 00486/03626 VUs  10.9s/15s  3626.00 iters/s

running (11.9s), 00399/03626 VUs, 42624 complete and 0 interrupted iterations
default   [  79% ] 00399/03626 VUs  11.9s/15s  3626.00 iters/s

running (12.9s), 00428/03626 VUs, 46223 complete and 0 interrupted iterations
default   [  86% ] 00428/03626 VUs  12.9s/15s  3626.00 iters/s

running (13.9s), 00357/03626 VUs, 49920 complete and 0 interrupted iterations
default   [  92% ] 00358/03626 VUs  13.9s/15s  3626.00 iters/s

running (14.9s), 00339/03626 VUs, 53561 complete and 0 interrupted iterations
default   [  99% ] 00339/03626 VUs  14.9s/15s  3626.00 iters/s


  █ TOTAL RESULTS 

    HTTP
    http_req_duration..............: avg=134.31ms min=55.29ms med=136.66ms max=193.44ms p(90)=168.79ms p(95)=175.07ms
      { expected_response:true }...: avg=134.31ms min=55.29ms med=136.66ms max=193.44ms p(90)=168.79ms p(95)=175.07ms
    http_req_failed................: 0.00% 0 out of 54042
    http_reqs......................: 54042 3600.741707/s

    EXECUTION
    iteration_duration.............: avg=134.41ms min=55.88ms med=136.75ms max=193.49ms p(90)=168.87ms p(95)=175.16ms
    iterations.....................: 54042 3600.741707/s
    vus............................: 339   min=339        max=643 
    vus_max........................: 3626  min=3626       max=3626

    NETWORK
    data_received..................: 11 MB 731 kB/s
    data_sent......................: 10 MB 695 kB/s




running (15.0s), 00000/03626 VUs, 54025 complete and 366 interrupted iterations
default ✓ [ 100% ] 00366/03626 VUs  15s  3626.00 iters/s
