
         /\      Grafana   /‾‾/  
    /\  /  \     |\  __   /  /   
   /  \/    \    | |/ /  /   ‾‾\ 
  /          \   |   (  |  (‾)  |
 / __________ \  |_|\_\  \_____/ 

     execution: local
        script: workflow/online_boutique/k6_open_product_page.js
        output: -

     scenarios: (100.00%) 1 scenario, 10000 max VUs, 15s max duration (incl. graceful stop):
              * default: 100.00 iterations/s for 15s (maxVUs: 100-10000)


running (01.0s), 00006/00100 VUs, 93 complete and 0 interrupted iterations
default   [   7% ] 00006/00100 VUs  01.0s/15s  100.00 iters/s

running (02.0s), 00008/00100 VUs, 191 complete and 0 interrupted iterations
default   [  13% ] 00008/00100 VUs  02.0s/15s  100.00 iters/s

running (03.0s), 00010/00100 VUs, 289 complete and 0 interrupted iterations
default   [  20% ] 00010/00100 VUs  03.0s/15s  100.00 iters/s

running (04.0s), 00012/00100 VUs, 387 complete and 0 interrupted iterations
default   [  27% ] 00012/00100 VUs  04.0s/15s  100.00 iters/s

running (05.0s), 00016/00100 VUs, 483 complete and 0 interrupted iterations
default   [  33% ] 00016/00100 VUs  05.0s/15s  100.00 iters/s

running (06.0s), 00018/00100 VUs, 581 complete and 0 interrupted iterations
default   [  40% ] 00018/00100 VUs  06.0s/15s  100.00 iters/s

running (07.0s), 00020/00100 VUs, 679 complete and 0 interrupted iterations
default   [  47% ] 00020/00100 VUs  07.0s/15s  100.00 iters/s

running (08.0s), 00023/00100 VUs, 776 complete and 0 interrupted iterations
default   [  53% ] 00023/00100 VUs  08.0s/15s  100.00 iters/s

running (09.0s), 00024/00100 VUs, 875 complete and 0 interrupted iterations
default   [  60% ] 00024/00100 VUs  09.0s/15s  100.00 iters/s

running (10.0s), 00025/00100 VUs, 974 complete and 0 interrupted iterations
default   [  67% ] 00025/00100 VUs  10.0s/15s  100.00 iters/s

running (11.0s), 00027/00100 VUs, 1072 complete and 0 interrupted iterations
default   [  73% ] 00027/00100 VUs  11.0s/15s  100.00 iters/s

running (12.0s), 00028/00100 VUs, 1171 complete and 0 interrupted iterations
default   [  80% ] 00028/00100 VUs  12.0s/15s  100.00 iters/s

running (13.0s), 00030/00100 VUs, 1269 complete and 0 interrupted iterations
default   [  87% ] 00030/00100 VUs  13.0s/15s  100.00 iters/s

running (14.0s), 00030/00100 VUs, 1369 complete and 0 interrupted iterations
default   [  93% ] 00030/00100 VUs  14.0s/15s  100.00 iters/s

running (15.0s), 00031/00100 VUs, 1468 complete and 0 interrupted iterations
default   [ 100% ] 00031/00100 VUs  15.0s/15s  100.00 iters/s


  █ TOTAL RESULTS 

    CUSTOM
    online_boutique_application_errors........: 0.00%  0 out of 1469
    online_boutique_recommendation_winner_1...: 1094   72.929486/s
    online_boutique_recommendation_winner_2...: 371    24.732029/s
    online_boutique_recommendation_winner_3...: 4      0.266653/s

    HTTP
    http_req_duration.........................: avg=199.2ms  min=11.74ms med=216.92ms max=318.88ms p(90)=302.25ms p(95)=307.77ms
      { expected_response:true }..............: avg=199.2ms  min=11.74ms med=216.92ms max=318.88ms p(90)=302.25ms p(95)=307.77ms
    http_req_failed...........................: 0.00%  0 out of 1469
    http_reqs.................................: 1469   97.928168/s

    EXECUTION
    iteration_duration........................: avg=199.45ms min=12.55ms med=217.11ms max=319.02ms p(90)=302.41ms p(95)=307.93ms
    iterations................................: 1469   97.928168/s
    vus.......................................: 31     min=6         max=31 
    vus_max...................................: 100    min=100       max=100

    NETWORK
    data_received.............................: 2.6 MB 176 kB/s
    data_sent.................................: 417 kB 28 kB/s




running (15.0s), 00000/00100 VUs, 1469 complete and 31 interrupted iterations
default ✓ [ 100% ] 00031/00100 VUs  15s  100.00 iters/s
