
         /\      Grafana   /‾‾/  
    /\  /  \     |\  __   /  /   
   /  \/    \    | |/ /  /   ‾‾\ 
  /          \   |   (  |  (‾)  |
 / __________ \  |_|\_\  \_____/ 

     execution: local
        script: workflow/spin/k6_open_client.js
        output: -

     scenarios: (100.00%) 1 scenario, 10000 max VUs, 15s max duration (incl. graceful stop):
              * default: 3360.00 iterations/s for 15s (maxVUs: 3360-10000)


running (00.9s), 00020/03360 VUs, 2975 complete and 0 interrupted iterations
default   [   6% ] 00020/03360 VUs  00.9s/15s  3360.00 iters/s

running (01.9s), 00025/03360 VUs, 6330 complete and 0 interrupted iterations
default   [  13% ] 00025/03360 VUs  01.9s/15s  3360.00 iters/s

running (02.9s), 00019/03360 VUs, 9696 complete and 0 interrupted iterations
default   [  19% ] 00019/03360 VUs  02.9s/15s  3360.00 iters/s

running (03.9s), 00020/03360 VUs, 13055 complete and 0 interrupted iterations
default   [  26% ] 00021/03360 VUs  03.9s/15s  3360.00 iters/s

running (04.9s), 00019/03360 VUs, 16416 complete and 0 interrupted iterations
default   [  33% ] 00019/03360 VUs  04.9s/15s  3360.00 iters/s

running (05.9s), 00020/03360 VUs, 19776 complete and 0 interrupted iterations
default   [  39% ] 00020/03360 VUs  05.9s/15s  3360.00 iters/s

running (06.9s), 00023/03360 VUs, 23132 complete and 0 interrupted iterations
default   [  46% ] 00023/03360 VUs  06.9s/15s  3360.00 iters/s

running (07.9s), 00020/03360 VUs, 26495 complete and 0 interrupted iterations
default   [  53% ] 00020/03360 VUs  07.9s/15s  3360.00 iters/s

running (08.9s), 00017/03360 VUs, 29858 complete and 0 interrupted iterations
default   [  59% ] 00017/03360 VUs  08.9s/15s  3360.00 iters/s

running (09.9s), 00018/03360 VUs, 33217 complete and 0 interrupted iterations
default   [  66% ] 00018/03360 VUs  09.9s/15s  3360.00 iters/s

running (10.9s), 00018/03360 VUs, 36577 complete and 0 interrupted iterations
default   [  73% ] 00018/03360 VUs  10.9s/15s  3360.00 iters/s

running (11.9s), 00019/03360 VUs, 39936 complete and 0 interrupted iterations
default   [  79% ] 00019/03360 VUs  11.9s/15s  3360.00 iters/s

running (12.9s), 00018/03360 VUs, 43297 complete and 0 interrupted iterations
default   [  86% ] 00018/03360 VUs  12.9s/15s  3360.00 iters/s

running (13.9s), 00018/03360 VUs, 46656 complete and 0 interrupted iterations
default   [  93% ] 00018/03360 VUs  13.9s/15s  3360.00 iters/s

running (14.9s), 00021/03360 VUs, 50014 complete and 0 interrupted iterations
default   [  99% ] 00021/03360 VUs  14.9s/15s  3360.00 iters/s


  █ TOTAL RESULTS 

    HTTP
    http_req_duration..............: avg=6.29ms min=4.71ms med=5.7ms  max=47.22ms p(90)=7.15ms p(95)=7.95ms
      { expected_response:true }...: avg=6.29ms min=4.71ms med=5.7ms  max=47.22ms p(90)=7.15ms p(95)=7.95ms
    http_req_failed................: 0.00%  0 out of 50388
    http_reqs......................: 50388  3357.976274/s

    EXECUTION
    iteration_duration.............: avg=6.38ms min=4.77ms med=5.79ms max=48.9ms  p(90)=7.24ms p(95)=8.05ms
    iterations.....................: 50387  3357.909632/s
    vus............................: 20     min=17         max=25  
    vus_max........................: 3360   min=3360       max=3360

    NETWORK
    data_received..................: 10 MB  682 kB/s
    data_sent......................: 9.7 MB 645 kB/s




running (15.0s), 00000/03360 VUs, 50384 complete and 18 interrupted iterations
default ✓ [ 100% ] 00018/03360 VUs  15s  3360.00 iters/s
