
         /\      Grafana   /‾‾/  
    /\  /  \     |\  __   /  /   
   /  \/    \    | |/ /  /   ‾‾\ 
  /          \   |   (  |  (‾)  |
 / __________ \  |_|\_\  \_____/ 

     execution: local
        script: workflow/spin/k6_open_client.js
        output: -

     scenarios: (100.00%) 1 scenario, 10000 max VUs, 15s max duration (incl. graceful stop):
              * default: 472.00 iterations/s for 15s (maxVUs: 472-10000)


running (01.0s), 00016/00472 VUs, 445 complete and 0 interrupted iterations
default   [   7% ] 00016/00472 VUs  01.0s/15s  472.00 iters/s

running (02.0s), 00007/00472 VUs, 926 complete and 0 interrupted iterations
default   [  13% ] 00007/00472 VUs  02.0s/15s  472.00 iters/s

running (03.0s), 00013/00472 VUs, 1392 complete and 0 interrupted iterations
default   [  20% ] 00013/00472 VUs  03.0s/15s  472.00 iters/s

running (04.0s), 00018/00472 VUs, 1859 complete and 0 interrupted iterations
default   [  27% ] 00018/00472 VUs  04.0s/15s  472.00 iters/s

running (05.0s), 00020/00472 VUs, 2329 complete and 0 interrupted iterations
default   [  33% ] 00020/00472 VUs  05.0s/15s  472.00 iters/s

running (06.0s), 00008/00472 VUs, 2813 complete and 0 interrupted iterations
default   [  40% ] 00008/00472 VUs  06.0s/15s  472.00 iters/s

running (07.0s), 00010/00472 VUs, 3283 complete and 0 interrupted iterations
default   [  47% ] 00010/00472 VUs  07.0s/15s  472.00 iters/s

running (08.0s), 00009/00472 VUs, 3756 complete and 0 interrupted iterations
default   [  53% ] 00009/00472 VUs  08.0s/15s  472.00 iters/s

running (09.0s), 00012/00472 VUs, 4225 complete and 0 interrupted iterations
default   [  60% ] 00012/00472 VUs  09.0s/15s  472.00 iters/s

running (10.0s), 00014/00472 VUs, 4695 complete and 0 interrupted iterations
default   [  67% ] 00014/00472 VUs  10.0s/15s  472.00 iters/s

running (11.0s), 00007/00472 VUs, 5174 complete and 0 interrupted iterations
default   [  73% ] 00007/00472 VUs  11.0s/15s  472.00 iters/s

running (12.0s), 00010/00472 VUs, 5643 complete and 0 interrupted iterations
default   [  80% ] 00010/00472 VUs  12.0s/15s  472.00 iters/s

running (13.0s), 00010/00472 VUs, 6115 complete and 0 interrupted iterations
default   [  87% ] 00010/00472 VUs  13.0s/15s  472.00 iters/s

running (14.0s), 00011/00472 VUs, 6586 complete and 0 interrupted iterations
default   [  93% ] 00011/00472 VUs  14.0s/15s  472.00 iters/s

running (15.0s), 00014/00472 VUs, 7055 complete and 0 interrupted iterations
default   [ 100% ] 00014/00472 VUs  15.0s/15s  472.00 iters/s


  █ TOTAL RESULTS 

    HTTP
    http_req_duration..............: avg=26.68ms min=9.8ms  med=26.67ms max=48.56ms p(90)=38.68ms p(95)=40.16ms
      { expected_response:true }...: avg=26.68ms min=9.8ms  med=26.67ms max=48.56ms p(90)=38.68ms p(95)=40.16ms
    http_req_failed................: 0.00%  0 out of 7070
    http_reqs......................: 7070   471.300388/s

    EXECUTION
    iteration_duration.............: avg=26.77ms min=9.86ms med=26.75ms max=48.64ms p(90)=38.78ms p(95)=40.24ms
    iterations.....................: 7070   471.300388/s
    vus............................: 14     min=6         max=20 
    vus_max........................: 472    min=472       max=472

    NETWORK
    data_received..................: 1.4 MB 95 kB/s
    data_sent......................: 1.4 MB 91 kB/s




running (15.0s), 00000/00472 VUs, 7070 complete and 11 interrupted iterations
default ✓ [ 100% ] 00010/00472 VUs  15s  472.00 iters/s
