
         /\      Grafana   /‾‾/  
    /\  /  \     |\  __   /  /   
   /  \/    \    | |/ /  /   ‾‾\ 
  /          \   |   (  |  (‾)  |
 / __________ \  |_|\_\  \_____/ 

     execution: local
        script: workflow/spin/k6_open_client.js
        output: -

     scenarios: (100.00%) 1 scenario, 10000 max VUs, 15s max duration (incl. graceful stop):
              * default: 4330.00 iterations/s for 15s (maxVUs: 4330-10000)


running (00.9s), 00493/04330 VUs, 3229 complete and 0 interrupted iterations
default   [   6% ] 00493/04330 VUs  00.9s/15s  4330.00 iters/s

running (01.9s), 00249/04330 VUs, 7803 complete and 0 interrupted iterations
default   [  12% ] 00249/04330 VUs  01.9s/15s  4330.00 iters/s

running (02.9s), 00221/04330 VUs, 12158 complete and 0 interrupted iterations
default   [  19% ] 00221/04330 VUs  02.9s/15s  4330.00 iters/s

running (03.9s), 00232/04330 VUs, 16483 complete and 0 interrupted iterations
default   [  26% ] 00232/04330 VUs  03.9s/15s  4330.00 iters/s

running (04.9s), 00272/04330 VUs, 20770 complete and 0 interrupted iterations
default   [  32% ] 00272/04330 VUs  04.9s/15s  4330.00 iters/s

running (05.9s), 00289/04330 VUs, 25083 complete and 0 interrupted iterations
default   [  39% ] 00289/04330 VUs  05.9s/15s  4330.00 iters/s

running (06.9s), 00208/04330 VUs, 29497 complete and 0 interrupted iterations
default   [  46% ] 00208/04330 VUs  06.9s/15s  4330.00 iters/s

running (07.9s), 00220/04330 VUs, 33807 complete and 0 interrupted iterations
default   [  52% ] 00220/04330 VUs  07.9s/15s  4330.00 iters/s

running (08.9s), 00230/04330 VUs, 38133 complete and 0 interrupted iterations
default   [  59% ] 00230/04330 VUs  08.9s/15s  4330.00 iters/s

running (09.9s), 00213/04330 VUs, 42480 complete and 0 interrupted iterations
default   [  66% ] 00213/04330 VUs  09.9s/15s  4330.00 iters/s

running (10.9s), 00327/04330 VUs, 46692 complete and 0 interrupted iterations
default   [  72% ] 00328/04330 VUs  10.9s/15s  4330.00 iters/s

running (11.9s), 00236/04330 VUs, 51116 complete and 0 interrupted iterations
default   [  79% ] 00235/04330 VUs  11.9s/15s  4330.00 iters/s

running (12.9s), 00208/04330 VUs, 55474 complete and 0 interrupted iterations
default   [  86% ] 00208/04330 VUs  12.9s/15s  4330.00 iters/s

running (13.9s), 00267/04330 VUs, 59745 complete and 0 interrupted iterations
default   [  92% ] 00268/04330 VUs  13.9s/15s  4330.00 iters/s

running (14.9s), 00225/04330 VUs, 64117 complete and 0 interrupted iterations
default   [  99% ] 00224/04330 VUs  14.9s/15s  4330.00 iters/s


  █ TOTAL RESULTS 

    HTTP
    http_req_duration..............: avg=63.33ms min=35.03ms med=58.71ms max=165.29ms p(90)=82.03ms p(95)=105.57ms
      { expected_response:true }...: avg=63.33ms min=35.03ms med=58.71ms max=165.29ms p(90)=82.03ms p(95)=105.57ms
    http_req_failed................: 0.00% 0 out of 64725
    http_reqs......................: 64725 4312.966185/s

    EXECUTION
    iteration_duration.............: avg=63.44ms min=35.13ms med=58.79ms max=165.63ms p(90)=82.14ms p(95)=106ms   
    iterations.....................: 64725 4312.966185/s
    vus............................: 224   min=207        max=493 
    vus_max........................: 4330  min=4330       max=4330

    NETWORK
    data_received..................: 13 MB 876 kB/s
    data_sent......................: 13 MB 831 kB/s




running (15.0s), 00000/04330 VUs, 64715 complete and 236 interrupted iterations
default ✓ [ 100% ] 00236/04330 VUs  15s  4330.00 iters/s
