
         /\      Grafana   /‾‾/  
    /\  /  \     |\  __   /  /   
   /  \/    \    | |/ /  /   ‾‾\ 
  /          \   |   (  |  (‾)  |
 / __________ \  |_|\_\  \_____/ 

     execution: local
        script: workflow/spin/k6_open_client.js
        output: -

     scenarios: (100.00%) 1 scenario, 10000 max VUs, 15s max duration (incl. graceful stop):
              * default: 2215.00 iterations/s for 15s (maxVUs: 2215-10000)


running (00.9s), 00151/02215 VUs, 1901 complete and 0 interrupted iterations
default   [   6% ] 00151/02215 VUs  00.9s/15s  2215.00 iters/s

running (01.9s), 00124/02215 VUs, 4144 complete and 0 interrupted iterations
default   [  13% ] 00124/02215 VUs  01.9s/15s  2215.00 iters/s

running (02.9s), 00116/02215 VUs, 6367 complete and 0 interrupted iterations
default   [  20% ] 00116/02215 VUs  02.9s/15s  2215.00 iters/s

running (03.9s), 00140/02215 VUs, 8558 complete and 0 interrupted iterations
default   [  26% ] 00140/02215 VUs  03.9s/15s  2215.00 iters/s

running (04.9s), 00149/02215 VUs, 10763 complete and 0 interrupted iterations
default   [  33% ] 00149/02215 VUs  04.9s/15s  2215.00 iters/s

running (05.9s), 00107/02215 VUs, 13021 complete and 0 interrupted iterations
default   [  40% ] 00107/02215 VUs  05.9s/15s  2215.00 iters/s

running (06.9s), 00120/02215 VUs, 15223 complete and 0 interrupted iterations
default   [  46% ] 00120/02215 VUs  06.9s/15s  2215.00 iters/s

running (07.9s), 00100/02215 VUs, 17457 complete and 0 interrupted iterations
default   [  53% ] 00100/02215 VUs  07.9s/15s  2215.00 iters/s

running (08.9s), 00173/02215 VUs, 19601 complete and 0 interrupted iterations
default   [  60% ] 00173/02215 VUs  08.9s/15s  2215.00 iters/s

running (09.9s), 00122/02215 VUs, 21867 complete and 0 interrupted iterations
default   [  66% ] 00122/02215 VUs  09.9s/15s  2215.00 iters/s

running (10.9s), 00102/02215 VUs, 24101 complete and 0 interrupted iterations
default   [  73% ] 00102/02215 VUs  10.9s/15s  2215.00 iters/s

running (11.9s), 00137/02215 VUs, 26280 complete and 0 interrupted iterations
default   [  80% ] 00137/02215 VUs  11.9s/15s  2215.00 iters/s

running (12.9s), 00128/02215 VUs, 28505 complete and 0 interrupted iterations
default   [  86% ] 00128/02215 VUs  12.9s/15s  2215.00 iters/s

running (13.9s), 00129/02215 VUs, 30717 complete and 0 interrupted iterations
default   [  93% ] 00129/02215 VUs  13.9s/15s  2215.00 iters/s

running (14.9s), 00112/02215 VUs, 32951 complete and 0 interrupted iterations
default   [ 100% ] 00112/02215 VUs  14.9s/15s  2215.00 iters/s


  █ TOTAL RESULTS 

    HTTP
    http_req_duration..............: avg=59ms    min=33.41ms med=58.31ms max=98.16ms p(90)=71.85ms p(95)=77ms   
      { expected_response:true }...: avg=59ms    min=33.41ms med=58.31ms max=98.16ms p(90)=71.85ms p(95)=77ms   
    http_req_failed................: 0.00%  0 out of 33098
    http_reqs......................: 33098  2206.002109/s

    EXECUTION
    iteration_duration.............: avg=59.09ms min=33.55ms med=58.4ms  max=99.37ms p(90)=71.97ms p(95)=77.12ms
    iterations.....................: 33098  2206.002109/s
    vus............................: 110    min=99         max=170 
    vus_max........................: 2215   min=2215       max=2215

    NETWORK
    data_received..................: 6.7 MB 448 kB/s
    data_sent......................: 6.4 MB 425 kB/s




running (15.0s), 00000/02215 VUs, 33098 complete and 126 interrupted iterations
default ✓ [ 100% ] 00126/02215 VUs  15s  2215.00 iters/s
