
         /\      Grafana   /‾‾/  
    /\  /  \     |\  __   /  /   
   /  \/    \    | |/ /  /   ‾‾\ 
  /          \   |   (  |  (‾)  |
 / __________ \  |_|\_\  \_____/ 

     execution: local
        script: workflow/write/k6_open_client.js
        output: -

     scenarios: (100.00%) 1 scenario, 10000 max VUs, 15s max duration (incl. graceful stop):
              * default: 4071.00 iterations/s for 15s (maxVUs: 4071-10000)


running (00.9s), 00003/04071 VUs, 3517 complete and 0 interrupted iterations
default   [   6% ] 00003/04071 VUs  00.9s/15s  4071.00 iters/s

running (01.9s), 00004/04071 VUs, 7589 complete and 0 interrupted iterations
default   [  12% ] 00004/04071 VUs  01.9s/15s  4071.00 iters/s

running (02.9s), 00002/04071 VUs, 11661 complete and 0 interrupted iterations
default   [  19% ] 00002/04071 VUs  02.9s/15s  4071.00 iters/s

running (03.9s), 00003/04071 VUs, 15731 complete and 0 interrupted iterations
default   [  26% ] 00003/04071 VUs  03.9s/15s  4071.00 iters/s

running (04.9s), 00004/04071 VUs, 19802 complete and 0 interrupted iterations
default   [  32% ] 00004/04071 VUs  04.9s/15s  4071.00 iters/s

running (05.9s), 00003/04071 VUs, 23873 complete and 0 interrupted iterations
default   [  39% ] 00003/04071 VUs  05.9s/15s  4071.00 iters/s

running (06.9s), 00003/04071 VUs, 27944 complete and 0 interrupted iterations
default   [  46% ] 00003/04071 VUs  06.9s/15s  4071.00 iters/s

running (07.9s), 00003/04071 VUs, 32015 complete and 0 interrupted iterations
default   [  52% ] 00003/04071 VUs  07.9s/15s  4071.00 iters/s

running (08.9s), 00003/04071 VUs, 36086 complete and 0 interrupted iterations
default   [  59% ] 00003/04071 VUs  08.9s/15s  4071.00 iters/s

running (09.9s), 00004/04071 VUs, 40157 complete and 0 interrupted iterations
default   [  66% ] 00004/04071 VUs  09.9s/15s  4071.00 iters/s

running (10.9s), 00003/04071 VUs, 44228 complete and 0 interrupted iterations
default   [  72% ] 00003/04071 VUs  10.9s/15s  4071.00 iters/s

running (11.9s), 00002/04071 VUs, 48300 complete and 0 interrupted iterations
default   [  79% ] 00002/04071 VUs  11.9s/15s  4071.00 iters/s

running (12.9s), 00003/04071 VUs, 52371 complete and 0 interrupted iterations
default   [  86% ] 00003/04071 VUs  12.9s/15s  4071.00 iters/s

running (13.9s), 00003/04071 VUs, 56441 complete and 0 interrupted iterations
default   [  92% ] 00003/04071 VUs  13.9s/15s  4071.00 iters/s

running (14.9s), 00001/04071 VUs, 60513 complete and 0 interrupted iterations
default   [  99% ] 00001/04071 VUs  14.9s/15s  4071.00 iters/s


  █ TOTAL RESULTS 

    HTTP
    http_req_duration..............: avg=886.29µs min=370.43µs med=605.01µs max=47.99ms p(90)=765.31µs p(95)=828.11µs
      { expected_response:true }...: avg=886.29µs min=370.43µs med=605.01µs max=47.99ms p(90)=765.31µs p(95)=828.11µs
    http_req_failed................: 0.00%  0 out of 61065
    http_reqs......................: 61065  4069.458079/s

    EXECUTION
    iteration_duration.............: avg=951.85µs min=411.44µs med=661.61µs max=48.11ms p(90)=844.36µs p(95)=911.87µs
    iterations.....................: 61065  4069.458079/s
    vus............................: 2      min=2          max=4   
    vus_max........................: 4071   min=4071       max=4071

    NETWORK
    data_received..................: 12 MB  826 kB/s
    data_sent......................: 6.1 MB 407 kB/s




running (15.0s), 00000/04071 VUs, 61063 complete and 3 interrupted iterations
default ✓ [ 100% ] 00003/04071 VUs  15s  4071.00 iters/s
