
         /\      Grafana   /‾‾/  
    /\  /  \     |\  __   /  /   
   /  \/    \    | |/ /  /   ‾‾\ 
  /          \   |   (  |  (‾)  |
 / __________ \  |_|\_\  \_____/ 

     execution: local
        script: workflow/spin/k6_open_client.js
        output: -

     scenarios: (100.00%) 1 scenario, 10000 max VUs, 15s max duration (incl. graceful stop):
              * default: 3729.00 iterations/s for 15s (maxVUs: 3729-10000)


running (00.9s), 00270/03729 VUs, 2977 complete and 0 interrupted iterations
default   [   6% ] 00270/03729 VUs  00.9s/15s  3729.00 iters/s

running (01.9s), 00270/03729 VUs, 6707 complete and 0 interrupted iterations
default   [  12% ] 00270/03729 VUs  01.9s/15s  3729.00 iters/s

running (02.9s), 00242/03729 VUs, 10463 complete and 0 interrupted iterations
default   [  19% ] 00242/03729 VUs  02.9s/15s  3729.00 iters/s

running (03.9s), 00220/03729 VUs, 14214 complete and 0 interrupted iterations
default   [  26% ] 00220/03729 VUs  03.9s/15s  3729.00 iters/s

running (04.9s), 00224/03729 VUs, 17939 complete and 0 interrupted iterations
default   [  32% ] 00224/03729 VUs  04.9s/15s  3729.00 iters/s

running (05.9s), 00301/03729 VUs, 21591 complete and 0 interrupted iterations
default   [  39% ] 00301/03729 VUs  05.9s/15s  3729.00 iters/s

running (06.9s), 00257/03729 VUs, 25364 complete and 0 interrupted iterations
default   [  46% ] 00257/03729 VUs  06.9s/15s  3729.00 iters/s

running (07.9s), 00254/03729 VUs, 29096 complete and 0 interrupted iterations
default   [  52% ] 00254/03729 VUs  07.9s/15s  3729.00 iters/s

running (08.9s), 00225/03729 VUs, 32853 complete and 0 interrupted iterations
default   [  59% ] 00225/03729 VUs  08.9s/15s  3729.00 iters/s

running (09.9s), 00237/03729 VUs, 36571 complete and 0 interrupted iterations
default   [  66% ] 00237/03729 VUs  09.9s/15s  3729.00 iters/s

running (10.9s), 00204/03729 VUs, 40333 complete and 0 interrupted iterations
default   [  72% ] 00204/03729 VUs  10.9s/15s  3729.00 iters/s

running (11.9s), 00218/03729 VUs, 44048 complete and 0 interrupted iterations
default   [  79% ] 00218/03729 VUs  11.9s/15s  3729.00 iters/s

running (12.9s), 00217/03729 VUs, 47778 complete and 0 interrupted iterations
default   [  86% ] 00216/03729 VUs  12.9s/15s  3729.00 iters/s

running (13.9s), 00233/03729 VUs, 51491 complete and 0 interrupted iterations
default   [  92% ] 00233/03729 VUs  13.9s/15s  3729.00 iters/s

running (14.9s), 00251/03729 VUs, 55202 complete and 0 interrupted iterations
default   [  99% ] 00251/03729 VUs  14.9s/15s  3729.00 iters/s


  █ TOTAL RESULTS 

    HTTP
    http_req_duration..............: avg=64.96ms min=38.9ms  med=63.31ms max=108.85ms p(90)=78.03ms p(95)=85.09ms
      { expected_response:true }...: avg=64.96ms min=38.9ms  med=63.31ms max=108.85ms p(90)=78.03ms p(95)=85.09ms
    http_req_failed................: 0.00% 0 out of 55715
    http_reqs......................: 55715 3712.73602/s

    EXECUTION
    iteration_duration.............: avg=65.06ms min=39.04ms med=63.39ms max=109.12ms p(90)=78.16ms p(95)=85.23ms
    iterations.....................: 55715 3712.73602/s
    vus............................: 251   min=204        max=301 
    vus_max........................: 3729  min=3729       max=3729

    NETWORK
    data_received..................: 11 MB 754 kB/s
    data_sent......................: 11 MB 715 kB/s




running (15.0s), 00000/03729 VUs, 55711 complete and 225 interrupted iterations
default ✓ [ 100% ] 00225/03729 VUs  15s  3729.00 iters/s
