
         /\      Grafana   /‾‾/  
    /\  /  \     |\  __   /  /   
   /  \/    \    | |/ /  /   ‾‾\ 
  /          \   |   (  |  (‾)  |
 / __________ \  |_|\_\  \_____/ 

     execution: local
        script: workflow/write/k6_open_client.js
        output: -

     scenarios: (100.00%) 1 scenario, 10000 max VUs, 15s max duration (incl. graceful stop):
              * default: 5742.00 iterations/s for 15s (maxVUs: 5742-10000)


running (00.8s), 01016/05742 VUs, 3709 complete and 0 interrupted iterations
default   [   6% ] 01016/05742 VUs  00.8s/15s  5742.00 iters/s

running (01.8s), 01159/05742 VUs, 9322 complete and 0 interrupted iterations
default   [  12% ] 01159/05742 VUs  01.8s/15s  5742.00 iters/s

running (02.8s), 01260/05742 VUs, 14963 complete and 0 interrupted iterations
default   [  19% ] 01260/05742 VUs  02.8s/15s  5742.00 iters/s

running (03.8s), 01620/05742 VUs, 20345 complete and 0 interrupted iterations
default   [  26% ] 01620/05742 VUs  03.8s/15s  5742.00 iters/s

running (04.8s), 01703/05742 VUs, 26004 complete and 0 interrupted iterations
default   [  32% ] 01703/05742 VUs  04.8s/15s  5742.00 iters/s

running (05.8s), 01894/05742 VUs, 31557 complete and 0 interrupted iterations
default   [  39% ] 01894/05742 VUs  05.8s/15s  5742.00 iters/s

running (06.8s), 02044/05742 VUs, 37147 complete and 0 interrupted iterations
default   [  46% ] 02044/05742 VUs  06.8s/15s  5742.00 iters/s

running (07.8s), 02211/05742 VUs, 42719 complete and 0 interrupted iterations
default   [  52% ] 02211/05742 VUs  07.8s/15s  5742.00 iters/s

running (08.8s), 02704/05742 VUs, 47972 complete and 0 interrupted iterations
default   [  59% ] 02704/05742 VUs  08.8s/15s  5742.00 iters/s

running (09.8s), 02706/05742 VUs, 53712 complete and 0 interrupted iterations
default   [  66% ] 02706/05742 VUs  09.8s/15s  5742.00 iters/s

running (10.8s), 02928/05742 VUs, 59231 complete and 0 interrupted iterations
default   [  72% ] 02929/05742 VUs  10.8s/15s  5742.00 iters/s

running (11.8s), 02949/05742 VUs, 64953 complete and 0 interrupted iterations
default   [  79% ] 02949/05742 VUs  11.8s/15s  5742.00 iters/s

running (12.8s), 03069/05742 VUs, 70575 complete and 0 interrupted iterations
default   [  86% ] 03069/05742 VUs  12.8s/15s  5742.00 iters/s

running (13.8s), 03245/05742 VUs, 76140 complete and 0 interrupted iterations
default   [  92% ] 03245/05742 VUs  13.8s/15s  5742.00 iters/s

running (14.8s), 03023/05742 VUs, 82109 complete and 0 interrupted iterations
default   [  99% ] 03024/05742 VUs  14.8s/15s  5742.00 iters/s


  █ TOTAL RESULTS 

    HTTP
    http_req_duration..............: avg=385.74ms min=43.08ms med=386.77ms max=604.53ms p(90)=536.84ms p(95)=558.56ms
      { expected_response:true }...: avg=385.74ms min=43.08ms med=386.77ms max=604.53ms p(90)=536.84ms p(95)=558.56ms
    http_req_failed................: 0.00%  0 out of 83119
    http_reqs......................: 83119  5532.177701/s

    EXECUTION
    iteration_duration.............: avg=385.97ms min=43.41ms med=386.83ms max=604.59ms p(90)=536.94ms p(95)=558.62ms
    iterations.....................: 83119  5532.177701/s
    vus............................: 3017   min=1014       max=3245
    vus_max........................: 5742   min=5742       max=5742

    NETWORK
    data_received..................: 17 MB  1.1 MB/s
    data_sent......................: 8.6 MB 573 kB/s




running (15.0s), 00000/05742 VUs, 83115 complete and 3016 interrupted iterations
default ✓ [ 100% ] 03016/05742 VUs  15s  5742.00 iters/s
