
         /\      Grafana   /‾‾/  
    /\  /  \     |\  __   /  /   
   /  \/    \    | |/ /  /   ‾‾\ 
  /          \   |   (  |  (‾)  |
 / __________ \  |_|\_\  \_____/ 

     execution: local
        script: workflow/spin/k6_open_client.js
        output: -

     scenarios: (100.00%) 1 scenario, 10000 max VUs, 15s max duration (incl. graceful stop):
              * default: 3322.00 iterations/s for 15s (maxVUs: 3322-10000)


running (00.9s), 00454/03322 VUs, 2503 complete and 0 interrupted iterations
default   [   6% ] 00454/03322 VUs  00.9s/15s  3322.00 iters/s

running (01.9s), 00500/03322 VUs, 5779 complete and 0 interrupted iterations
default   [  13% ] 00500/03322 VUs  01.9s/15s  3322.00 iters/s

running (02.9s), 00691/03322 VUs, 8910 complete and 0 interrupted iterations
default   [  19% ] 00691/03322 VUs  02.9s/15s  3322.00 iters/s

running (03.9s), 00720/03322 VUs, 12202 complete and 0 interrupted iterations
default   [  26% ] 00720/03322 VUs  03.9s/15s  3322.00 iters/s

running (04.9s), 00460/03322 VUs, 15786 complete and 0 interrupted iterations
default   [  33% ] 00460/03322 VUs  04.9s/15s  3322.00 iters/s

running (05.9s), 00452/03322 VUs, 19114 complete and 0 interrupted iterations
default   [  39% ] 00452/03322 VUs  05.9s/15s  3322.00 iters/s

running (06.9s), 00448/03322 VUs, 22442 complete and 0 interrupted iterations
default   [  46% ] 00448/03322 VUs  06.9s/15s  3322.00 iters/s

running (07.9s), 00439/03322 VUs, 25770 complete and 0 interrupted iterations
default   [  53% ] 00439/03322 VUs  07.9s/15s  3322.00 iters/s

running (08.9s), 00433/03322 VUs, 29098 complete and 0 interrupted iterations
default   [  59% ] 00433/03322 VUs  08.9s/15s  3322.00 iters/s

running (09.9s), 00431/03322 VUs, 32426 complete and 0 interrupted iterations
default   [  66% ] 00431/03322 VUs  09.9s/15s  3322.00 iters/s

running (10.9s), 00424/03322 VUs, 35754 complete and 0 interrupted iterations
default   [  73% ] 00424/03322 VUs  10.9s/15s  3322.00 iters/s

running (11.9s), 00414/03322 VUs, 39082 complete and 0 interrupted iterations
default   [  79% ] 00414/03322 VUs  11.9s/15s  3322.00 iters/s

running (12.9s), 00413/03322 VUs, 42410 complete and 0 interrupted iterations
default   [  86% ] 00413/03322 VUs  12.9s/15s  3322.00 iters/s

running (13.9s), 00445/03322 VUs, 45700 complete and 0 interrupted iterations
default   [  93% ] 00445/03322 VUs  13.9s/15s  3322.00 iters/s

running (14.9s), 00438/03322 VUs, 49028 complete and 0 interrupted iterations
default   [  99% ] 00438/03322 VUs  14.9s/15s  3322.00 iters/s


  █ TOTAL RESULTS 

    HTTP
    http_req_duration..............: avg=148.77ms min=103.47ms med=143.13ms max=250.34ms p(90)=187.05ms p(95)=210.26ms
      { expected_response:true }...: avg=148.77ms min=103.47ms med=143.13ms max=250.34ms p(90)=187.05ms p(95)=210.26ms
    http_req_failed................: 0.00%  0 out of 49342
    http_reqs......................: 49342  3287.978185/s

    EXECUTION
    iteration_duration.............: avg=148.86ms min=103.54ms med=143.23ms max=250.43ms p(90)=187.14ms p(95)=210.35ms
    iterations.....................: 49342  3287.978185/s
    vus............................: 438    min=413        max=720 
    vus_max........................: 3322   min=3322       max=3322

    NETWORK
    data_received..................: 10 MB  668 kB/s
    data_sent......................: 9.6 MB 637 kB/s




running (15.0s), 00000/03322 VUs, 49341 complete and 491 interrupted iterations
default ✓ [ 100% ] 00491/03322 VUs  15s  3322.00 iters/s
