
         /\      Grafana   /‾‾/  
    /\  /  \     |\  __   /  /   
   /  \/    \    | |/ /  /   ‾‾\ 
  /          \   |   (  |  (‾)  |
 / __________ \  |_|\_\  \_____/ 

     execution: local
        script: workflow/write/k6_open_client.js
        output: -

     scenarios: (100.00%) 1 scenario, 10000 max VUs, 15s max duration (incl. graceful stop):
              * default: 651.00 iterations/s for 15s (maxVUs: 651-10000)


running (01.0s), 00016/00651 VUs, 617 complete and 0 interrupted iterations
default   [   6% ] 00016/00651 VUs  01.0s/15s  651.00 iters/s

running (02.0s), 00025/00651 VUs, 1258 complete and 0 interrupted iterations
default   [  13% ] 00025/00651 VUs  02.0s/15s  651.00 iters/s

running (03.0s), 00018/00651 VUs, 1917 complete and 0 interrupted iterations
default   [  20% ] 00018/00651 VUs  03.0s/15s  651.00 iters/s

running (04.0s), 00015/00651 VUs, 2571 complete and 0 interrupted iterations
default   [  26% ] 00015/00651 VUs  04.0s/15s  651.00 iters/s

running (05.0s), 00026/00651 VUs, 3210 complete and 0 interrupted iterations
default   [  33% ] 00026/00651 VUs  05.0s/15s  651.00 iters/s

running (06.0s), 00019/00651 VUs, 3868 complete and 0 interrupted iterations
default   [  40% ] 00019/00651 VUs  06.0s/15s  651.00 iters/s

running (07.0s), 00014/00651 VUs, 4524 complete and 0 interrupted iterations
default   [  46% ] 00014/00651 VUs  07.0s/15s  651.00 iters/s

running (08.0s), 00014/00651 VUs, 5175 complete and 0 interrupted iterations
default   [  53% ] 00014/00651 VUs  08.0s/15s  651.00 iters/s

running (09.0s), 00019/00651 VUs, 5821 complete and 0 interrupted iterations
default   [  60% ] 00020/00651 VUs  09.0s/15s  651.00 iters/s

running (10.0s), 00010/00651 VUs, 6482 complete and 0 interrupted iterations
default   [  66% ] 00010/00651 VUs  10.0s/15s  651.00 iters/s

running (11.0s), 00026/00651 VUs, 7117 complete and 0 interrupted iterations
default   [  73% ] 00026/00651 VUs  11.0s/15s  651.00 iters/s

running (12.0s), 00019/00651 VUs, 7775 complete and 0 interrupted iterations
default   [  80% ] 00019/00651 VUs  12.0s/15s  651.00 iters/s

running (13.0s), 00010/00651 VUs, 8434 complete and 0 interrupted iterations
default   [  86% ] 00010/00651 VUs  13.0s/15s  651.00 iters/s

running (14.0s), 00024/00651 VUs, 9071 complete and 0 interrupted iterations
default   [  93% ] 00024/00651 VUs  14.0s/15s  651.00 iters/s

running (15.0s), 00019/00651 VUs, 9728 complete and 0 interrupted iterations
default   [ 100% ] 00019/00651 VUs  15.0s/15s  651.00 iters/s


  █ TOTAL RESULTS 

    HTTP
    http_req_duration..............: avg=26.81ms min=10.76ms med=26.77ms max=50.99ms p(90)=38.49ms p(95)=39.91ms
      { expected_response:true }...: avg=26.81ms min=10.76ms med=26.77ms max=50.99ms p(90)=38.49ms p(95)=39.91ms
    http_req_failed................: 0.00%  0 out of 9749
    http_reqs......................: 9749   649.864678/s

    EXECUTION
    iteration_duration.............: avg=26.87ms min=10.81ms med=26.84ms max=51.03ms p(90)=38.55ms p(95)=39.97ms
    iterations.....................: 9749   649.864678/s
    vus............................: 19     min=10        max=26 
    vus_max........................: 651    min=651       max=651

    NETWORK
    data_received..................: 2.0 MB 131 kB/s
    data_sent......................: 977 kB 65 kB/s




running (15.0s), 00000/00651 VUs, 9749 complete and 16 interrupted iterations
default ✓ [ 100% ] 00016/00651 VUs  15s  651.00 iters/s
