
         /\      Grafana   /‾‾/  
    /\  /  \     |\  __   /  /   
   /  \/    \    | |/ /  /   ‾‾\ 
  /          \   |   (  |  (‾)  |
 / __________ \  |_|\_\  \_____/ 

     execution: local
        script: workflow/spin/k6_open_client.js
        output: -

     scenarios: (100.00%) 1 scenario, 10000 max VUs, 15s max duration (incl. graceful stop):
              * default: 2288.00 iterations/s for 15s (maxVUs: 2288-10000)


running (00.9s), 00038/02288 VUs, 2066 complete and 0 interrupted iterations
default   [   6% ] 00038/02288 VUs  00.9s/15s  2288.00 iters/s

running (01.9s), 00076/02288 VUs, 4317 complete and 0 interrupted iterations
default   [  13% ] 00076/02288 VUs  01.9s/15s  2288.00 iters/s

running (02.9s), 00105/02288 VUs, 6575 complete and 0 interrupted iterations
default   [  19% ] 00105/02288 VUs  02.9s/15s  2288.00 iters/s

running (03.9s), 00085/02288 VUs, 8884 complete and 0 interrupted iterations
default   [  26% ] 00085/02288 VUs  03.9s/15s  2288.00 iters/s

running (04.9s), 00042/02288 VUs, 11215 complete and 0 interrupted iterations
default   [  33% ] 00042/02288 VUs  04.9s/15s  2288.00 iters/s

running (05.9s), 00051/02288 VUs, 13493 complete and 0 interrupted iterations
default   [  39% ] 00051/02288 VUs  05.9s/15s  2288.00 iters/s

running (06.9s), 00096/02288 VUs, 15736 complete and 0 interrupted iterations
default   [  46% ] 00096/02288 VUs  06.9s/15s  2288.00 iters/s

running (07.9s), 00026/02288 VUs, 18095 complete and 0 interrupted iterations
default   [  53% ] 00026/02288 VUs  07.9s/15s  2288.00 iters/s

running (08.9s), 00048/02288 VUs, 20360 complete and 0 interrupted iterations
default   [  59% ] 00047/02288 VUs  08.9s/15s  2288.00 iters/s

running (09.9s), 00031/02288 VUs, 22665 complete and 0 interrupted iterations
default   [  66% ] 00031/02288 VUs  09.9s/15s  2288.00 iters/s

running (10.9s), 00108/02288 VUs, 24876 complete and 0 interrupted iterations
default   [  73% ] 00108/02288 VUs  10.9s/15s  2288.00 iters/s

running (11.9s), 00044/02288 VUs, 27228 complete and 0 interrupted iterations
default   [  79% ] 00043/02288 VUs  11.9s/15s  2288.00 iters/s

running (12.9s), 00047/02288 VUs, 29514 complete and 0 interrupted iterations
default   [  86% ] 00047/02288 VUs  12.9s/15s  2288.00 iters/s

running (13.9s), 00068/02288 VUs, 31780 complete and 0 interrupted iterations
default   [  93% ] 00068/02288 VUs  13.9s/15s  2288.00 iters/s

running (14.9s), 00037/02288 VUs, 34101 complete and 0 interrupted iterations
default   [  99% ] 00037/02288 VUs  14.9s/15s  2288.00 iters/s


  █ TOTAL RESULTS 

    HTTP
    http_req_duration..............: avg=26.09ms min=7.79ms med=24.5ms  max=82.75ms p(90)=44.29ms p(95)=49.73ms
      { expected_response:true }...: avg=26.09ms min=7.79ms med=24.5ms  max=82.75ms p(90)=44.29ms p(95)=49.73ms
    http_req_failed................: 0.00%  0 out of 34283
    http_reqs......................: 34283  2285.002972/s

    EXECUTION
    iteration_duration.............: avg=26.18ms min=7.87ms med=24.59ms max=82.88ms p(90)=44.39ms p(95)=49.87ms
    iterations.....................: 34283  2285.002972/s
    vus............................: 38     min=26         max=108 
    vus_max........................: 2288   min=2288       max=2288

    NETWORK
    data_received..................: 7.9 MB 523 kB/s
    data_sent......................: 6.6 MB 439 kB/s




running (15.0s), 00000/02288 VUs, 34281 complete and 40 interrupted iterations
default ✓ [ 100% ] 00040/02288 VUs  15s  2288.00 iters/s
