
         /\      Grafana   /‾‾/  
    /\  /  \     |\  __   /  /   
   /  \/    \    | |/ /  /   ‾‾\ 
  /          \   |   (  |  (‾)  |
 / __________ \  |_|\_\  \_____/ 

     execution: local
        script: workflow/spin/k6_open_client.js
        output: -

     scenarios: (100.00%) 1 scenario, 10000 max VUs, 15s max duration (incl. graceful stop):
              * default: 3282.00 iterations/s for 15s (maxVUs: 3282-10000)


running (00.9s), 00201/03282 VUs, 2722 complete and 0 interrupted iterations
default   [   6% ] 00201/03282 VUs  00.9s/15s  3282.00 iters/s

running (01.9s), 00187/03282 VUs, 6017 complete and 0 interrupted iterations
default   [  13% ] 00189/03282 VUs  01.9s/15s  3282.00 iters/s

running (02.9s), 00187/03282 VUs, 9300 complete and 0 interrupted iterations
default   [  19% ] 00187/03282 VUs  02.9s/15s  3282.00 iters/s

running (03.9s), 00171/03282 VUs, 12598 complete and 0 interrupted iterations
default   [  26% ] 00171/03282 VUs  03.9s/15s  3282.00 iters/s

running (04.9s), 00157/03282 VUs, 15894 complete and 0 interrupted iterations
default   [  33% ] 00157/03282 VUs  04.9s/15s  3282.00 iters/s

running (05.9s), 00214/03282 VUs, 19120 complete and 0 interrupted iterations
default   [  39% ] 00214/03282 VUs  05.9s/15s  3282.00 iters/s

running (06.9s), 00171/03282 VUs, 22447 complete and 0 interrupted iterations
default   [  46% ] 00171/03282 VUs  06.9s/15s  3282.00 iters/s

running (07.9s), 00199/03282 VUs, 25700 complete and 0 interrupted iterations
default   [  53% ] 00199/03282 VUs  07.9s/15s  3282.00 iters/s

running (08.9s), 00140/03282 VUs, 29039 complete and 0 interrupted iterations
default   [  59% ] 00140/03282 VUs  08.9s/15s  3282.00 iters/s

running (09.9s), 00148/03282 VUs, 32313 complete and 0 interrupted iterations
default   [  66% ] 00148/03282 VUs  09.9s/15s  3282.00 iters/s

running (10.9s), 00168/03282 VUs, 35576 complete and 0 interrupted iterations
default   [  73% ] 00168/03282 VUs  10.9s/15s  3282.00 iters/s

running (11.9s), 00211/03282 VUs, 38814 complete and 0 interrupted iterations
default   [  79% ] 00211/03282 VUs  11.9s/15s  3282.00 iters/s

running (12.9s), 00161/03282 VUs, 42146 complete and 0 interrupted iterations
default   [  86% ] 00161/03282 VUs  12.9s/15s  3282.00 iters/s

running (13.9s), 00198/03282 VUs, 45394 complete and 0 interrupted iterations
default   [  93% ] 00198/03282 VUs  13.9s/15s  3282.00 iters/s

running (14.9s), 00155/03282 VUs, 48713 complete and 0 interrupted iterations
default   [  99% ] 00155/03282 VUs  14.9s/15s  3282.00 iters/s


  █ TOTAL RESULTS 

    HTTP
    http_req_duration..............: avg=57.61ms min=30.31ms med=57.19ms max=102.66ms p(90)=67.1ms  p(95)=70.39ms
      { expected_response:true }...: avg=57.61ms min=30.31ms med=57.19ms max=102.66ms p(90)=67.1ms  p(95)=70.39ms
    http_req_failed................: 0.00%  0 out of 49041
    http_reqs......................: 49041  3268.187159/s

    EXECUTION
    iteration_duration.............: avg=57.71ms min=31.16ms med=57.28ms max=103ms    p(90)=67.21ms p(95)=70.51ms
    iterations.....................: 49041  3268.187159/s
    vus............................: 158    min=140        max=213 
    vus_max........................: 3282   min=3282       max=3282

    NETWORK
    data_received..................: 10 MB  663 kB/s
    data_sent......................: 9.4 MB 630 kB/s




running (15.0s), 00000/03282 VUs, 49041 complete and 190 interrupted iterations
default ✓ [ 100% ] 00190/03282 VUs  15s  3282.00 iters/s
