
         /\      Grafana   /‾‾/  
    /\  /  \     |\  __   /  /   
   /  \/    \    | |/ /  /   ‾‾\ 
  /          \   |   (  |  (‾)  |
 / __________ \  |_|\_\  \_____/ 

     execution: local
        script: workflow/online_boutique/k6_open_checkout.js
        output: -

     scenarios: (100.00%) 1 scenario, 10000 max VUs, 15s max duration (incl. graceful stop):
              * default: 453.00 iterations/s for 15s (maxVUs: 453-10000)


running (01.0s), 00003/00453 VUs, 437 complete and 0 interrupted iterations
default   [   6% ] 00003/00453 VUs  01.0s/15s  453.00 iters/s

running (02.0s), 00004/00453 VUs, 890 complete and 0 interrupted iterations
default   [  13% ] 00004/00453 VUs  02.0s/15s  453.00 iters/s

running (03.0s), 00003/00453 VUs, 1343 complete and 0 interrupted iterations
default   [  20% ] 00003/00453 VUs  03.0s/15s  453.00 iters/s

running (04.0s), 00003/00453 VUs, 1796 complete and 0 interrupted iterations
default   [  26% ] 00003/00453 VUs  04.0s/15s  453.00 iters/s

running (05.0s), 00004/00453 VUs, 2249 complete and 0 interrupted iterations
default   [  33% ] 00004/00453 VUs  05.0s/15s  453.00 iters/s

running (06.0s), 00003/00453 VUs, 2702 complete and 0 interrupted iterations
default   [  40% ] 00003/00453 VUs  06.0s/15s  453.00 iters/s

running (07.0s), 00005/00453 VUs, 3154 complete and 0 interrupted iterations
default   [  46% ] 00005/00453 VUs  07.0s/15s  453.00 iters/s

running (08.0s), 00003/00453 VUs, 3608 complete and 0 interrupted iterations
default   [  53% ] 00003/00453 VUs  08.0s/15s  453.00 iters/s

running (09.0s), 00004/00453 VUs, 4060 complete and 0 interrupted iterations
default   [  60% ] 00004/00453 VUs  09.0s/15s  453.00 iters/s

running (10.0s), 00004/00453 VUs, 4513 complete and 0 interrupted iterations
default   [  66% ] 00004/00453 VUs  10.0s/15s  453.00 iters/s

running (11.0s), 00003/00453 VUs, 4967 complete and 0 interrupted iterations
default   [  73% ] 00003/00453 VUs  11.0s/15s  453.00 iters/s

running (12.0s), 00004/00453 VUs, 5419 complete and 0 interrupted iterations
default   [  80% ] 00004/00453 VUs  12.0s/15s  453.00 iters/s

running (13.0s), 00003/00453 VUs, 5873 complete and 0 interrupted iterations
default   [  86% ] 00004/00453 VUs  13.0s/15s  453.00 iters/s

running (14.0s), 00004/00453 VUs, 6326 complete and 0 interrupted iterations
default   [  93% ] 00004/00453 VUs  14.0s/15s  453.00 iters/s

running (15.0s), 00003/00453 VUs, 6779 complete and 0 interrupted iterations
default   [ 100% ] 00003/00453 VUs  15.0s/15s  453.00 iters/s


  █ TOTAL RESULTS 

    CUSTOM
    online_boutique_application_errors...: 0.00%  0 out of 6792

    HTTP
    http_req_duration....................: avg=7.84ms min=6.18ms med=7.27ms max=34.13ms p(90)=8.38ms p(95)=9.78ms 
      { expected_response:true }.........: avg=7.84ms min=6.18ms med=7.27ms max=34.13ms p(90)=8.38ms p(95)=9.78ms 
    http_req_failed......................: 0.00%  0 out of 6792
    http_reqs............................: 6792   452.763836/s

    EXECUTION
    iteration_duration...................: avg=8.13ms min=6.39ms med=7.46ms max=68.94ms p(90)=8.6ms  p(95)=10.09ms
    iterations...........................: 6792   452.763836/s
    vus..................................: 3      min=3         max=5  
    vus_max..............................: 453    min=453       max=453

    NETWORK
    data_received........................: 14 MB  914 kB/s
    data_sent............................: 3.8 MB 252 kB/s




running (15.0s), 00000/00453 VUs, 6792 complete and 4 interrupted iterations
default ✓ [ 100% ] 00004/00453 VUs  15s  453.00 iters/s
