
         /\      Grafana   /‾‾/  
    /\  /  \     |\  __   /  /   
   /  \/    \    | |/ /  /   ‾‾\ 
  /          \   |   (  |  (‾)  |
 / __________ \  |_|\_\  \_____/ 

     execution: local
        script: workflow/spin/k6_open_client.js
        output: -

     scenarios: (100.00%) 1 scenario, 10000 max VUs, 15s max duration (incl. graceful stop):
              * default: 2525.00 iterations/s for 15s (maxVUs: 2525-10000)


running (00.9s), 00170/02525 VUs, 2118 complete and 0 interrupted iterations
default   [   6% ] 00170/02525 VUs  00.9s/15s  2525.00 iters/s

running (01.9s), 00173/02525 VUs, 4640 complete and 0 interrupted iterations
default   [  13% ] 00173/02525 VUs  01.9s/15s  2525.00 iters/s

running (02.9s), 00181/02525 VUs, 7157 complete and 0 interrupted iterations
default   [  19% ] 00181/02525 VUs  02.9s/15s  2525.00 iters/s

running (03.9s), 00210/02525 VUs, 9653 complete and 0 interrupted iterations
default   [  26% ] 00210/02525 VUs  03.9s/15s  2525.00 iters/s

running (04.9s), 00214/02525 VUs, 12174 complete and 0 interrupted iterations
default   [  33% ] 00214/02525 VUs  04.9s/15s  2525.00 iters/s

running (05.9s), 00195/02525 VUs, 14718 complete and 0 interrupted iterations
default   [  39% ] 00195/02525 VUs  05.9s/15s  2525.00 iters/s

running (06.9s), 00247/02525 VUs, 17190 complete and 0 interrupted iterations
default   [  46% ] 00248/02525 VUs  06.9s/15s  2525.00 iters/s

running (07.9s), 00263/02525 VUs, 19700 complete and 0 interrupted iterations
default   [  53% ] 00263/02525 VUs  07.9s/15s  2525.00 iters/s

running (08.9s), 00255/02525 VUs, 22233 complete and 0 interrupted iterations
default   [  59% ] 00255/02525 VUs  08.9s/15s  2525.00 iters/s

running (09.9s), 00293/02525 VUs, 24720 complete and 0 interrupted iterations
default   [  66% ] 00293/02525 VUs  09.9s/15s  2525.00 iters/s

running (10.9s), 00299/02525 VUs, 27239 complete and 0 interrupted iterations
default   [  73% ] 00299/02525 VUs  10.9s/15s  2525.00 iters/s

running (11.9s), 00307/02525 VUs, 29756 complete and 0 interrupted iterations
default   [  79% ] 00307/02525 VUs  11.9s/15s  2525.00 iters/s

running (12.9s), 00404/02525 VUs, 32183 complete and 0 interrupted iterations
default   [  86% ] 00405/02525 VUs  12.9s/15s  2525.00 iters/s

running (13.9s), 00417/02525 VUs, 34696 complete and 0 interrupted iterations
default   [  93% ] 00417/02525 VUs  13.9s/15s  2525.00 iters/s

running (14.9s), 00429/02525 VUs, 37208 complete and 0 interrupted iterations
default   [  99% ] 00429/02525 VUs  14.9s/15s  2525.00 iters/s


  █ TOTAL RESULTS 

    HTTP
    http_req_duration..............: avg=102.9ms min=47ms    med=95.19ms max=195.32ms p(90)=158.41ms p(95)=170.54ms
      { expected_response:true }...: avg=102.9ms min=47ms    med=95.19ms max=195.32ms p(90)=158.41ms p(95)=170.54ms
    http_req_failed................: 0.00%  0 out of 37439
    http_reqs......................: 37439  2494.922394/s

    EXECUTION
    iteration_duration.............: avg=103ms   min=47.06ms med=95.26ms max=195.4ms  p(90)=158.5ms  p(95)=170.61ms
    iterations.....................: 37439  2494.922394/s
    vus............................: 429    min=170        max=429 
    vus_max........................: 2525   min=2525       max=2525

    NETWORK
    data_received..................: 7.6 MB 507 kB/s
    data_sent......................: 7.3 MB 484 kB/s




running (15.0s), 00000/02525 VUs, 37438 complete and 438 interrupted iterations
default ✓ [ 100% ] 00438/02525 VUs  15s  2525.00 iters/s
