
         /\      Grafana   /‾‾/  
    /\  /  \     |\  __   /  /   
   /  \/    \    | |/ /  /   ‾‾\ 
  /          \   |   (  |  (‾)  |
 / __________ \  |_|\_\  \_____/ 

     execution: local
        script: workflow/write/k6_open_client.js
        output: -

     scenarios: (100.00%) 1 scenario, 10000 max VUs, 15s max duration (incl. graceful stop):
              * default: 5993.00 iterations/s for 15s (maxVUs: 5993-10000)


running (00.8s), 00803/05993 VUs, 4092 complete and 0 interrupted iterations
default   [   5% ] 00803/05993 VUs  00.8s/15s  5993.00 iters/s

running (01.8s), 00888/05993 VUs, 9999 complete and 0 interrupted iterations
default   [  12% ] 00888/05993 VUs  01.8s/15s  5993.00 iters/s

running (02.8s), 00950/05993 VUs, 15931 complete and 0 interrupted iterations
default   [  19% ] 00950/05993 VUs  02.8s/15s  5993.00 iters/s

running (03.8s), 00970/05993 VUs, 21903 complete and 0 interrupted iterations
default   [  25% ] 00971/05993 VUs  03.8s/15s  5993.00 iters/s

running (04.8s), 00995/05993 VUs, 27860 complete and 0 interrupted iterations
default   [  32% ] 00994/05993 VUs  04.8s/15s  5993.00 iters/s

running (05.8s), 00943/05993 VUs, 33918 complete and 0 interrupted iterations
default   [  39% ] 00943/05993 VUs  05.8s/15s  5993.00 iters/s

running (06.8s), 00758/05993 VUs, 40097 complete and 0 interrupted iterations
default   [  45% ] 00757/05993 VUs  06.8s/15s  5993.00 iters/s

running (07.8s), 00930/05993 VUs, 45917 complete and 0 interrupted iterations
default   [  52% ] 00930/05993 VUs  07.8s/15s  5993.00 iters/s

running (08.8s), 00887/05993 VUs, 51950 complete and 0 interrupted iterations
default   [  59% ] 00887/05993 VUs  08.8s/15s  5993.00 iters/s

running (09.8s), 00733/05993 VUs, 58094 complete and 0 interrupted iterations
default   [  65% ] 00733/05993 VUs  09.8s/15s  5993.00 iters/s

running (10.8s), 00440/05993 VUs, 64385 complete and 0 interrupted iterations
default   [  72% ] 00440/05993 VUs  10.8s/15s  5993.00 iters/s

running (11.8s), 00308/05993 VUs, 70510 complete and 0 interrupted iterations
default   [  79% ] 00308/05993 VUs  11.8s/15s  5993.00 iters/s

running (12.8s), 00270/05993 VUs, 76541 complete and 0 interrupted iterations
default   [  85% ] 00270/05993 VUs  12.8s/15s  5993.00 iters/s

running (13.8s), 00264/05993 VUs, 82541 complete and 0 interrupted iterations
default   [  92% ] 00264/05993 VUs  13.8s/15s  5993.00 iters/s

running (14.8s), 00310/05993 VUs, 88488 complete and 0 interrupted iterations
default   [  99% ] 00310/05993 VUs  14.8s/15s  5993.00 iters/s


  █ TOTAL RESULTS 

    HTTP
    http_req_duration..............: avg=119.06ms min=30.8ms  med=138.36ms max=193.32ms p(90)=169.29ms p(95)=175.05ms
      { expected_response:true }...: avg=119.06ms min=30.8ms  med=138.36ms max=193.32ms p(90)=169.29ms p(95)=175.05ms
    http_req_failed................: 0.00%  0 out of 89654
    http_reqs......................: 89654  5973.045037/s

    EXECUTION
    iteration_duration.............: avg=119.21ms min=30.88ms med=138.61ms max=193.38ms p(90)=169.38ms p(95)=175.14ms
    iterations.....................: 89654  5973.045037/s
    vus............................: 310    min=264        max=997 
    vus_max........................: 5993   min=5993       max=5993

    NETWORK
    data_received..................: 18 MB  1.2 MB/s
    data_sent......................: 9.0 MB 599 kB/s




running (15.0s), 00000/05993 VUs, 89640 complete and 256 interrupted iterations
default ✓ [ 100% ] 00256/05993 VUs  15s  5993.00 iters/s
