
         /\      Grafana   /‾‾/  
    /\  /  \     |\  __   /  /   
   /  \/    \    | |/ /  /   ‾‾\ 
  /          \   |   (  |  (‾)  |
 / __________ \  |_|\_\  \_____/ 

     execution: local
        script: workflow/spin/k6_open_client.js
        output: -

     scenarios: (100.00%) 1 scenario, 10000 max VUs, 15s max duration (incl. graceful stop):
              * default: 1220.00 iterations/s for 15s (maxVUs: 1220-10000)


running (00.9s), 00056/01220 VUs, 1099 complete and 0 interrupted iterations
default   [   6% ] 00056/01220 VUs  00.9s/15s  1220.00 iters/s

running (01.9s), 00057/01220 VUs, 2317 complete and 0 interrupted iterations
default   [  13% ] 00057/01220 VUs  01.9s/15s  1220.00 iters/s

running (02.9s), 00039/01220 VUs, 3555 complete and 0 interrupted iterations
default   [  20% ] 00038/01220 VUs  02.9s/15s  1220.00 iters/s

running (03.9s), 00041/01220 VUs, 4773 complete and 0 interrupted iterations
default   [  26% ] 00041/01220 VUs  03.9s/15s  1220.00 iters/s

running (04.9s), 00064/01220 VUs, 5971 complete and 0 interrupted iterations
default   [  33% ] 00064/01220 VUs  04.9s/15s  1220.00 iters/s

running (05.9s), 00043/01220 VUs, 7211 complete and 0 interrupted iterations
default   [  40% ] 00043/01220 VUs  05.9s/15s  1220.00 iters/s

running (06.9s), 00055/01220 VUs, 8419 complete and 0 interrupted iterations
default   [  46% ] 00055/01220 VUs  06.9s/15s  1220.00 iters/s

running (07.9s), 00036/01220 VUs, 9659 complete and 0 interrupted iterations
default   [  53% ] 00036/01220 VUs  07.9s/15s  1220.00 iters/s

running (08.9s), 00058/01220 VUs, 10857 complete and 0 interrupted iterations
default   [  60% ] 00058/01220 VUs  08.9s/15s  1220.00 iters/s

running (09.9s), 00032/01220 VUs, 12102 complete and 0 interrupted iterations
default   [  66% ] 00032/01220 VUs  09.9s/15s  1220.00 iters/s

running (10.9s), 00047/01220 VUs, 13308 complete and 0 interrupted iterations
default   [  73% ] 00047/01220 VUs  10.9s/15s  1220.00 iters/s

running (11.9s), 00057/01220 VUs, 14517 complete and 0 interrupted iterations
default   [  80% ] 00057/01220 VUs  11.9s/15s  1220.00 iters/s

running (12.9s), 00042/01220 VUs, 15753 complete and 0 interrupted iterations
default   [  86% ] 00042/01220 VUs  12.9s/15s  1220.00 iters/s

running (13.9s), 00057/01220 VUs, 16956 complete and 0 interrupted iterations
default   [  93% ] 00058/01220 VUs  13.9s/15s  1220.00 iters/s

running (14.9s), 00038/01220 VUs, 18195 complete and 0 interrupted iterations
default   [ 100% ] 00038/01220 VUs  14.9s/15s  1220.00 iters/s


  █ TOTAL RESULTS 

    HTTP
    http_req_duration..............: avg=37.26ms min=17.15ms med=37.22ms max=62.31ms p(90)=48.39ms p(95)=49.92ms
      { expected_response:true }...: avg=37.26ms min=17.15ms med=37.22ms max=62.31ms p(90)=48.39ms p(95)=49.92ms
    http_req_failed................: 0.00%  0 out of 18271
    http_reqs......................: 18271  1217.896417/s

    EXECUTION
    iteration_duration.............: avg=37.34ms min=17.25ms med=37.31ms max=62.43ms p(90)=48.49ms p(95)=50.01ms
    iterations.....................: 18271  1217.896417/s
    vus............................: 38     min=31         max=63  
    vus_max........................: 1220   min=1220       max=1220

    NETWORK
    data_received..................: 3.7 MB 247 kB/s
    data_sent......................: 3.5 MB 234 kB/s




running (15.0s), 00000/01220 VUs, 18271 complete and 30 interrupted iterations
default ✓ [ 100% ] 00030/01220 VUs  15s  1220.00 iters/s
