
         /\      Grafana   /‾‾/  
    /\  /  \     |\  __   /  /   
   /  \/    \    | |/ /  /   ‾‾\ 
  /          \   |   (  |  (‾)  |
 / __________ \  |_|\_\  \_____/ 

     execution: local
        script: workflow/online_boutique/k6_open_view_cart.js
        output: -

     scenarios: (100.00%) 1 scenario, 10000 max VUs, 15s max duration (incl. graceful stop):
              * default: 749.00 iterations/s for 15s (maxVUs: 749-10000)


running (01.0s), 00465/00749 VUs, 256 complete and 0 interrupted iterations
default   [   6% ] 00466/00749 VUs  01.0s/15s  749.00 iters/s

running (02.0s), 00447/00749 VUs, 1024 complete and 0 interrupted iterations
default   [  13% ] 00447/00749 VUs  02.0s/15s  749.00 iters/s

running (03.0s), 00683/00749 VUs, 1536 complete and 0 interrupted iterations
default   [  20% ] 00684/00749 VUs  03.0s/15s  749.00 iters/s

running (04.0s), 00662/00751 VUs, 2304 complete and 0 interrupted iterations
default   [  26% ] 00663/00751 VUs  04.0s/15s  749.00 iters/s

running (05.0s), 00605/00786 VUs, 3072 complete and 0 interrupted iterations
default   [  33% ] 00606/00786 VUs  05.0s/15s  749.00 iters/s

running (06.0s), 00811/00816 VUs, 3584 complete and 0 interrupted iterations
default   [  40% ] 00812/00816 VUs  06.0s/15s  749.00 iters/s

running (07.0s), 00755/00851 VUs, 4352 complete and 0 interrupted iterations
default   [  46% ] 00755/00851 VUs  07.0s/15s  749.00 iters/s

running (08.0s), 00706/00876 VUs, 5120 complete and 0 interrupted iterations
default   [  53% ] 00706/00876 VUs  08.0s/15s  749.00 iters/s

running (09.0s), 00908/00908 VUs, 5632 complete and 0 interrupted iterations
default   [  60% ] 00908/00908 VUs  09.0s/15s  749.00 iters/s

running (10.0s), 00848/00947 VUs, 6400 complete and 0 interrupted iterations
default   [  66% ] 00848/00947 VUs  10.0s/15s  749.00 iters/s

running (11.0s), 00798/00978 VUs, 7168 complete and 0 interrupted iterations
default   [  73% ] 00798/00978 VUs  11.0s/15s  749.00 iters/s

running (12.0s), 01006/01006 VUs, 7680 complete and 0 interrupted iterations
default   [  80% ] 01006/01006 VUs  12.0s/15s  749.00 iters/s

running (13.0s), 00966/01026 VUs, 8448 complete and 0 interrupted iterations
default   [  86% ] 00966/01026 VUs  13.0s/15s  749.00 iters/s

running (14.0s), 00916/01055 VUs, 9216 complete and 0 interrupted iterations
default   [  93% ] 00916/01055 VUs  14.0s/15s  749.00 iters/s

running (15.0s), 00874/01078 VUs, 9984 complete and 0 interrupted iterations
default   [ 100% ] 00874/01078 VUs  15.0s/15s  749.00 iters/s


  █ TOTAL RESULTS 

    CUSTOM
    online_boutique_application_errors...: 0.00%  0 out of 9984

    HTTP
    http_req_duration....................: avg=1.05s min=469.85ms med=1.09s max=1.49s p(90)=1.34s p(95)=1.38s
      { expected_response:true }.........: avg=1.05s min=469.85ms med=1.09s max=1.49s p(90)=1.34s p(95)=1.38s
    http_req_failed......................: 0.00%  0 out of 9984
    http_reqs............................: 9984   665.214381/s

    EXECUTION
    dropped_iterations...................: 350    23.319815/s
    iteration_duration...................: avg=1.05s min=470.18ms med=1.09s max=1.49s p(90)=1.34s p(95)=1.38s
    iterations...........................: 9984   665.214381/s
    vus..................................: 874    min=446       max=1005
    vus_max..............................: 1078   min=749       max=1078

    NETWORK
    data_received........................: 19 MB  1.3 MB/s
    data_sent............................: 2.6 MB 174 kB/s




running (15.0s), 00000/01078 VUs, 9984 complete and 902 interrupted iterations
default ✓ [ 100% ] 00901/01078 VUs  15s  749.00 iters/s
