
         /\      Grafana   /‾‾/  
    /\  /  \     |\  __   /  /   
   /  \/    \    | |/ /  /   ‾‾\ 
  /          \   |   (  |  (‾)  |
 / __________ \  |_|\_\  \_____/ 

     execution: local
        script: workflow/write/k6_open_client.js
        output: -

     scenarios: (100.00%) 1 scenario, 10000 max VUs, 15s max duration (incl. graceful stop):
              * default: 4778.00 iterations/s for 15s (maxVUs: 4778-10000)


running (00.8s), 00216/04778 VUs, 3799 complete and 0 interrupted iterations
default   [   6% ] 00217/04778 VUs  00.8s/15s  4778.00 iters/s

running (01.8s), 00240/04778 VUs, 8553 complete and 0 interrupted iterations
default   [  12% ] 00240/04778 VUs  01.8s/15s  4778.00 iters/s

running (02.8s), 00225/04778 VUs, 13346 complete and 0 interrupted iterations
default   [  19% ] 00225/04778 VUs  02.8s/15s  4778.00 iters/s

running (03.8s), 00210/04778 VUs, 18141 complete and 0 interrupted iterations
default   [  26% ] 00210/04778 VUs  03.8s/15s  4778.00 iters/s

running (04.8s), 00248/04778 VUs, 22877 complete and 0 interrupted iterations
default   [  32% ] 00249/04778 VUs  04.8s/15s  4778.00 iters/s

running (05.8s), 00184/04778 VUs, 27722 complete and 0 interrupted iterations
default   [  39% ] 00184/04778 VUs  05.8s/15s  4778.00 iters/s

running (06.8s), 00203/04778 VUs, 32477 complete and 0 interrupted iterations
default   [  46% ] 00203/04778 VUs  06.8s/15s  4778.00 iters/s

running (07.8s), 00234/04778 VUs, 37227 complete and 0 interrupted iterations
default   [  52% ] 00234/04778 VUs  07.8s/15s  4778.00 iters/s

running (08.8s), 00207/04778 VUs, 42032 complete and 0 interrupted iterations
default   [  59% ] 00207/04778 VUs  08.8s/15s  4778.00 iters/s

running (09.8s), 00229/04778 VUs, 46788 complete and 0 interrupted iterations
default   [  66% ] 00229/04778 VUs  09.8s/15s  4778.00 iters/s

running (10.8s), 00211/04778 VUs, 51584 complete and 0 interrupted iterations
default   [  72% ] 00211/04778 VUs  10.8s/15s  4778.00 iters/s

running (11.8s), 00203/04778 VUs, 56368 complete and 0 interrupted iterations
default   [  79% ] 00203/04778 VUs  11.8s/15s  4778.00 iters/s

running (12.8s), 00223/04778 VUs, 61128 complete and 0 interrupted iterations
default   [  86% ] 00223/04778 VUs  12.8s/15s  4778.00 iters/s

running (13.8s), 00214/04778 VUs, 65915 complete and 0 interrupted iterations
default   [  92% ] 00213/04778 VUs  13.8s/15s  4778.00 iters/s

running (14.8s), 00267/04778 VUs, 70644 complete and 0 interrupted iterations
default   [  99% ] 00267/04778 VUs  14.8s/15s  4778.00 iters/s


  █ TOTAL RESULTS 

    HTTP
    http_req_duration..............: avg=47.47ms min=34.22ms med=46.37ms max=96.49ms p(90)=54.41ms p(95)=62.81ms
      { expected_response:true }...: avg=47.47ms min=34.22ms med=46.37ms max=96.49ms p(90)=54.41ms p(95)=62.81ms
    http_req_failed................: 0.00%  0 out of 71444
    http_reqs......................: 71444  4760.024341/s

    EXECUTION
    iteration_duration.............: avg=47.54ms min=34.3ms  med=46.45ms max=97.4ms  p(90)=54.53ms p(95)=62.93ms
    iterations.....................: 71444  4760.024341/s
    vus............................: 267    min=184        max=267 
    vus_max........................: 4778   min=4778       max=4778

    NETWORK
    data_received..................: 15 MB  968 kB/s
    data_sent......................: 7.2 MB 478 kB/s




running (15.0s), 00000/04778 VUs, 71412 complete and 257 interrupted iterations
default ✓ [ 100% ] 00257/04778 VUs  15s  4778.00 iters/s
