
         /\      Grafana   /‾‾/  
    /\  /  \     |\  __   /  /   
   /  \/    \    | |/ /  /   ‾‾\ 
  /          \   |   (  |  (‾)  |
 / __________ \  |_|\_\  \_____/ 

     execution: local
        script: workflow/spin/k6_open_client.js
        output: -

     scenarios: (100.00%) 1 scenario, 10000 max VUs, 15s max duration (incl. graceful stop):
              * default: 4065.00 iterations/s for 15s (maxVUs: 4065-10000)


running (00.9s), 00011/04065 VUs, 3502 complete and 0 interrupted iterations
default   [   6% ] 00011/04065 VUs  00.9s/15s  4065.00 iters/s

running (01.9s), 00012/04065 VUs, 7568 complete and 0 interrupted iterations
default   [  12% ] 00012/04065 VUs  01.9s/15s  4065.00 iters/s

running (02.9s), 00016/04065 VUs, 11627 complete and 0 interrupted iterations
default   [  19% ] 00016/04065 VUs  02.9s/15s  4065.00 iters/s

running (03.9s), 00022/04065 VUs, 15689 complete and 0 interrupted iterations
default   [  26% ] 00022/04065 VUs  03.9s/15s  4065.00 iters/s

running (04.9s), 00019/04065 VUs, 19755 complete and 0 interrupted iterations
default   [  32% ] 00019/04065 VUs  04.9s/15s  4065.00 iters/s

running (05.9s), 00119/04065 VUs, 23717 complete and 0 interrupted iterations
default   [  39% ] 00119/04065 VUs  05.9s/15s  4065.00 iters/s

running (06.9s), 00013/04065 VUs, 27890 complete and 0 interrupted iterations
default   [  46% ] 00013/04065 VUs  06.9s/15s  4065.00 iters/s

running (07.9s), 00011/04065 VUs, 31958 complete and 0 interrupted iterations
default   [  52% ] 00011/04065 VUs  07.9s/15s  4065.00 iters/s

running (08.9s), 00015/04065 VUs, 36019 complete and 0 interrupted iterations
default   [  59% ] 00015/04065 VUs  08.9s/15s  4065.00 iters/s

running (09.9s), 00013/04065 VUs, 40087 complete and 0 interrupted iterations
default   [  66% ] 00013/04065 VUs  09.9s/15s  4065.00 iters/s

running (10.9s), 00013/04065 VUs, 44150 complete and 0 interrupted iterations
default   [  72% ] 00013/04065 VUs  10.9s/15s  4065.00 iters/s

running (11.9s), 00011/04065 VUs, 48217 complete and 0 interrupted iterations
default   [  79% ] 00011/04065 VUs  11.9s/15s  4065.00 iters/s

running (12.9s), 00017/04065 VUs, 52277 complete and 0 interrupted iterations
default   [  86% ] 00017/04065 VUs  12.9s/15s  4065.00 iters/s

running (13.9s), 00015/04065 VUs, 56347 complete and 0 interrupted iterations
default   [  92% ] 00015/04065 VUs  13.9s/15s  4065.00 iters/s

running (14.9s), 00024/04065 VUs, 60399 complete and 0 interrupted iterations
default   [  99% ] 00024/04065 VUs  14.9s/15s  4065.00 iters/s


  █ TOTAL RESULTS 

    HTTP
    http_req_duration..............: avg=4.91ms min=2.4ms  med=3.14ms max=76.87ms p(90)=5.56ms p(95)=9.92ms 
      { expected_response:true }...: avg=4.91ms min=2.4ms  med=3.14ms max=76.87ms p(90)=5.56ms p(95)=9.92ms 
    http_req_failed................: 0.00% 0 out of 60953
    http_reqs......................: 60953 4061.965422/s

    EXECUTION
    iteration_duration.............: avg=5ms    min=2.46ms med=3.23ms max=77.1ms  p(90)=5.66ms p(95)=10.07ms
    iterations.....................: 60953 4061.965422/s
    vus............................: 24    min=10         max=121 
    vus_max........................: 4065  min=4065       max=4065

    NETWORK
    data_received..................: 12 MB 825 kB/s
    data_sent......................: 12 MB 780 kB/s




running (15.0s), 00000/04065 VUs, 60949 complete and 28 interrupted iterations
default ✓ [ 100% ] 00028/04065 VUs  15s  4065.00 iters/s
