
         /\      Grafana   /‾‾/  
    /\  /  \     |\  __   /  /   
   /  \/    \    | |/ /  /   ‾‾\ 
  /          \   |   (  |  (‾)  |
 / __________ \  |_|\_\  \_____/ 

     execution: local
        script: workflow/spin/k6_open_client.js
        output: -

     scenarios: (100.00%) 1 scenario, 10000 max VUs, 15s max duration (incl. graceful stop):
              * default: 1876.00 iterations/s for 15s (maxVUs: 1876-10000)


running (00.9s), 00317/01876 VUs, 1417 complete and 0 interrupted iterations
default   [   6% ] 00319/01876 VUs  00.9s/15s  1876.00 iters/s

running (01.9s), 00252/01876 VUs, 3359 complete and 0 interrupted iterations
default   [  13% ] 00252/01876 VUs  01.9s/15s  1876.00 iters/s

running (02.9s), 00286/01876 VUs, 5200 complete and 0 interrupted iterations
default   [  19% ] 00286/01876 VUs  02.9s/15s  1876.00 iters/s

running (03.9s), 00191/01876 VUs, 7172 complete and 0 interrupted iterations
default   [  26% ] 00191/01876 VUs  03.9s/15s  1876.00 iters/s

running (04.9s), 00266/01876 VUs, 8974 complete and 0 interrupted iterations
default   [  33% ] 00266/01876 VUs  04.9s/15s  1876.00 iters/s

running (05.9s), 00188/01876 VUs, 10927 complete and 0 interrupted iterations
default   [  39% ] 00187/01876 VUs  05.9s/15s  1876.00 iters/s

running (06.9s), 00273/01876 VUs, 12720 complete and 0 interrupted iterations
default   [  46% ] 00273/01876 VUs  06.9s/15s  1876.00 iters/s

running (07.9s), 00325/01876 VUs, 14542 complete and 0 interrupted iterations
default   [  53% ] 00325/01876 VUs  07.9s/15s  1876.00 iters/s

running (08.9s), 00259/01876 VUs, 16484 complete and 0 interrupted iterations
default   [  59% ] 00259/01876 VUs  08.9s/15s  1876.00 iters/s

running (09.9s), 00341/01876 VUs, 18279 complete and 0 interrupted iterations
default   [  66% ] 00341/01876 VUs  09.9s/15s  1876.00 iters/s

running (10.9s), 00222/01876 VUs, 20273 complete and 0 interrupted iterations
default   [  73% ] 00222/01876 VUs  10.9s/15s  1876.00 iters/s

running (11.9s), 00298/01876 VUs, 22073 complete and 0 interrupted iterations
default   [  79% ] 00298/01876 VUs  11.9s/15s  1876.00 iters/s

running (12.9s), 00208/01876 VUs, 24038 complete and 0 interrupted iterations
default   [  86% ] 00208/01876 VUs  12.9s/15s  1876.00 iters/s

running (13.9s), 00283/01876 VUs, 25839 complete and 0 interrupted iterations
default   [  93% ] 00283/01876 VUs  13.9s/15s  1876.00 iters/s

running (14.9s), 00249/01876 VUs, 27750 complete and 0 interrupted iterations
default   [  99% ] 00249/01876 VUs  14.9s/15s  1876.00 iters/s


  █ TOTAL RESULTS 

    HTTP
    http_req_duration..............: avg=147.28ms min=95.15ms med=147.14ms max=204.47ms p(90)=181.51ms p(95)=186.46ms
      { expected_response:true }...: avg=147.28ms min=95.15ms med=147.14ms max=204.47ms p(90)=181.51ms p(95)=186.46ms
    http_req_failed................: 0.00%  0 out of 27812
    http_reqs......................: 27812  1853.525793/s

    EXECUTION
    iteration_duration.............: avg=147.37ms min=95.22ms med=147.23ms max=204.57ms p(90)=181.6ms  p(95)=186.56ms
    iterations.....................: 27812  1853.525793/s
    vus............................: 248    min=187        max=341 
    vus_max........................: 1876   min=1876       max=1876

    NETWORK
    data_received..................: 5.6 MB 376 kB/s
    data_sent......................: 5.4 MB 360 kB/s




running (15.0s), 00000/01876 VUs, 27812 complete and 328 interrupted iterations
default ✓ [ 100% ] 00328/01876 VUs  15s  1876.00 iters/s
