
         /\      Grafana   /‾‾/  
    /\  /  \     |\  __   /  /   
   /  \/    \    | |/ /  /   ‾‾\ 
  /          \   |   (  |  (‾)  |
 / __________ \  |_|\_\  \_____/ 

     execution: local
        script: workflow/online_boutique/k6_open_add_to_cart.js
        output: -

     scenarios: (100.00%) 1 scenario, 10000 max VUs, 15s max duration (incl. graceful stop):
              * default: 5060.00 iterations/s for 15s (maxVUs: 5060-10000)


running (00.8s), 02258/05060 VUs, 1864 complete and 0 interrupted iterations
default   [   6% ] 02258/05060 VUs  00.8s/15s  5060.00 iters/s

running (01.8s), 02004/05060 VUs, 7210 complete and 0 interrupted iterations
default   [  12% ] 02004/05060 VUs  01.8s/15s  5060.00 iters/s

running (02.8s), 01913/05060 VUs, 12361 complete and 0 interrupted iterations
default   [  19% ] 01913/05060 VUs  02.8s/15s  5060.00 iters/s

running (03.8s), 01894/05060 VUs, 17440 complete and 0 interrupted iterations
default   [  25% ] 01894/05060 VUs  03.8s/15s  5060.00 iters/s

running (04.8s), 01802/05060 VUs, 22592 complete and 0 interrupted iterations
default   [  32% ] 01802/05060 VUs  04.8s/15s  5060.00 iters/s

running (05.8s), 01908/05060 VUs, 27547 complete and 0 interrupted iterations
default   [  39% ] 01908/05060 VUs  05.8s/15s  5060.00 iters/s

running (06.8s), 01841/05060 VUs, 32671 complete and 0 interrupted iterations
default   [  45% ] 01841/05060 VUs  06.8s/15s  5060.00 iters/s

running (07.8s), 01887/05060 VUs, 37687 complete and 0 interrupted iterations
default   [  52% ] 01887/05060 VUs  07.8s/15s  5060.00 iters/s

running (08.8s), 01752/05060 VUs, 42884 complete and 0 interrupted iterations
default   [  59% ] 01752/05060 VUs  08.8s/15s  5060.00 iters/s

running (09.8s), 01729/05060 VUs, 47969 complete and 0 interrupted iterations
default   [  65% ] 01729/05060 VUs  09.8s/15s  5060.00 iters/s

running (10.8s), 01874/05060 VUs, 52880 complete and 0 interrupted iterations
default   [  72% ] 01873/05060 VUs  10.8s/15s  5060.00 iters/s

running (11.8s), 01817/05060 VUs, 57997 complete and 0 interrupted iterations
default   [  79% ] 01817/05060 VUs  11.8s/15s  5060.00 iters/s

running (12.8s), 01876/05060 VUs, 62998 complete and 0 interrupted iterations
default   [  85% ] 01876/05060 VUs  12.8s/15s  5060.00 iters/s

running (13.8s), 01679/05060 VUs, 68255 complete and 0 interrupted iterations
default   [  92% ] 01679/05060 VUs  13.8s/15s  5060.00 iters/s

running (14.8s), 01785/05060 VUs, 73209 complete and 0 interrupted iterations
default   [  99% ] 01785/05060 VUs  14.8s/15s  5060.00 iters/s


  █ TOTAL RESULTS 

    CUSTOM
    online_boutique_application_errors...: 0.00% 0 out of 74065

    HTTP
    http_req_duration....................: avg=370.46ms min=322.99ms med=366.47ms max=471.84ms p(90)=400.68ms p(95)=417.53ms
      { expected_response:true }.........: avg=370.46ms min=322.99ms med=366.47ms max=471.84ms p(90)=400.68ms p(95)=417.53ms
    http_req_failed......................: 0.00% 0 out of 74065
    http_reqs............................: 74065 4931.959943/s

    EXECUTION
    iteration_duration...................: avg=370.7ms  min=323.18ms med=366.63ms max=518.41ms p(90)=401.15ms p(95)=418.08ms
    iterations...........................: 74065 4931.959943/s
    vus..................................: 1786  min=1679       max=2258
    vus_max..............................: 5060  min=5060       max=5060

    NETWORK
    data_received........................: 64 MB 4.3 MB/s
    data_sent............................: 20 MB 1.3 MB/s




running (15.0s), 00000/05060 VUs, 74063 complete and 1838 interrupted iterations
default ✓ [ 100% ] 01838/05060 VUs  15s  5060.00 iters/s
