
         /\      Grafana   /‾‾/  
    /\  /  \     |\  __   /  /   
   /  \/    \    | |/ /  /   ‾‾\ 
  /          \   |   (  |  (‾)  |
 / __________ \  |_|\_\  \_____/ 

     execution: local
        script: workflow/write/k6_open_client.js
        output: -

     scenarios: (100.00%) 1 scenario, 10000 max VUs, 15s max duration (incl. graceful stop):
              * default: 5731.00 iterations/s for 15s (maxVUs: 5731-10000)


running (00.8s), 00007/05731 VUs, 4619 complete and 0 interrupted iterations
default   [   5% ] 00007/05731 VUs  00.8s/15s  5731.00 iters/s

running (01.8s), 00006/05731 VUs, 10352 complete and 0 interrupted iterations
default   [  12% ] 00006/05731 VUs  01.8s/15s  5731.00 iters/s

running (02.8s), 00005/05731 VUs, 16083 complete and 0 interrupted iterations
default   [  19% ] 00005/05731 VUs  02.8s/15s  5731.00 iters/s

running (03.8s), 00006/05731 VUs, 21813 complete and 0 interrupted iterations
default   [  25% ] 00006/05731 VUs  03.8s/15s  5731.00 iters/s

running (04.8s), 00005/05731 VUs, 27544 complete and 0 interrupted iterations
default   [  32% ] 00005/05731 VUs  04.8s/15s  5731.00 iters/s

running (05.8s), 00005/05731 VUs, 33276 complete and 0 interrupted iterations
default   [  39% ] 00005/05731 VUs  05.8s/15s  5731.00 iters/s

running (06.8s), 00004/05731 VUs, 39008 complete and 0 interrupted iterations
default   [  45% ] 00004/05731 VUs  06.8s/15s  5731.00 iters/s

running (07.8s), 00005/05731 VUs, 44738 complete and 0 interrupted iterations
default   [  52% ] 00005/05731 VUs  07.8s/15s  5731.00 iters/s

running (08.8s), 00004/05731 VUs, 50470 complete and 0 interrupted iterations
default   [  59% ] 00004/05731 VUs  08.8s/15s  5731.00 iters/s

running (09.8s), 00006/05731 VUs, 56200 complete and 0 interrupted iterations
default   [  65% ] 00006/05731 VUs  09.8s/15s  5731.00 iters/s

running (10.8s), 00003/05731 VUs, 61933 complete and 0 interrupted iterations
default   [  72% ] 00003/05731 VUs  10.8s/15s  5731.00 iters/s

running (11.8s), 00006/05731 VUs, 67661 complete and 0 interrupted iterations
default   [  79% ] 00006/05731 VUs  11.8s/15s  5731.00 iters/s

running (12.8s), 00006/05731 VUs, 73392 complete and 0 interrupted iterations
default   [  85% ] 00006/05731 VUs  12.8s/15s  5731.00 iters/s

running (13.8s), 00005/05731 VUs, 79124 complete and 0 interrupted iterations
default   [  92% ] 00005/05731 VUs  13.8s/15s  5731.00 iters/s

running (14.8s), 00021/05731 VUs, 84839 complete and 0 interrupted iterations
default   [  99% ] 00021/05731 VUs  14.8s/15s  5731.00 iters/s


  █ TOTAL RESULTS 

    HTTP
    http_req_duration..............: avg=1.66ms min=458.06µs med=806.9µs  max=93.68ms p(90)=1.06ms p(95)=2.85ms
      { expected_response:true }...: avg=1.66ms min=458.06µs med=806.9µs  max=93.68ms p(90)=1.06ms p(95)=2.85ms
    http_req_failed................: 0.00%  0 out of 85966
    http_reqs......................: 85966  5728.106725/s

    EXECUTION
    iteration_duration.............: avg=1.73ms min=513.37µs med=863.23µs max=93.88ms p(90)=1.15ms p(95)=3.01ms
    iterations.....................: 85966  5728.106725/s
    vus............................: 21     min=3          max=21  
    vus_max........................: 5731   min=5731       max=5731

    NETWORK
    data_received..................: 18 MB  1.2 MB/s
    data_sent......................: 8.6 MB 573 kB/s




running (15.0s), 00000/05731 VUs, 85961 complete and 5 interrupted iterations
default ✓ [ 100% ] 00005/05731 VUs  15s  5731.00 iters/s
