
         /\      Grafana   /‾‾/  
    /\  /  \     |\  __   /  /   
   /  \/    \    | |/ /  /   ‾‾\ 
  /          \   |   (  |  (‾)  |
 / __________ \  |_|\_\  \_____/ 

     execution: local
        script: workflow/spin/k6_open_client.js
        output: -

     scenarios: (100.00%) 1 scenario, 10000 max VUs, 15s max duration (incl. graceful stop):
              * default: 1866.00 iterations/s for 15s (maxVUs: 1866-10000)


running (00.9s), 00721/01866 VUs, 1024 complete and 0 interrupted iterations
default   [   6% ] 00721/01866 VUs  00.9s/15s  1866.00 iters/s

running (01.9s), 00954/01866 VUs, 2657 complete and 0 interrupted iterations
default   [  13% ] 00953/01866 VUs  01.9s/15s  1866.00 iters/s

running (02.9s), 00869/01866 VUs, 4608 complete and 0 interrupted iterations
default   [  20% ] 00869/01866 VUs  02.9s/15s  1866.00 iters/s

running (03.9s), 00687/01866 VUs, 6656 complete and 0 interrupted iterations
default   [  26% ] 00687/01866 VUs  03.9s/15s  1866.00 iters/s

running (04.9s), 01017/01866 VUs, 8192 complete and 0 interrupted iterations
default   [  33% ] 01017/01866 VUs  04.9s/15s  1866.00 iters/s

running (05.9s), 00835/01866 VUs, 10240 complete and 0 interrupted iterations
default   [  40% ] 00835/01866 VUs  05.9s/15s  1866.00 iters/s

running (06.9s), 01072/01866 VUs, 11867 complete and 0 interrupted iterations
default   [  46% ] 01072/01866 VUs  06.9s/15s  1866.00 iters/s

running (07.9s), 00983/01866 VUs, 13824 complete and 0 interrupted iterations
default   [  53% ] 00983/01866 VUs  07.9s/15s  1866.00 iters/s

running (08.9s), 00802/01866 VUs, 15872 complete and 0 interrupted iterations
default   [  60% ] 00802/01866 VUs  08.9s/15s  1866.00 iters/s

running (09.9s), 00987/01866 VUs, 17552 complete and 0 interrupted iterations
default   [  66% ] 00987/01866 VUs  09.9s/15s  1866.00 iters/s

running (10.9s), 00949/01866 VUs, 19456 complete and 0 interrupted iterations
default   [  73% ] 00949/01866 VUs  10.9s/15s  1866.00 iters/s

running (11.9s), 00767/01866 VUs, 21504 complete and 0 interrupted iterations
default   [  80% ] 00767/01866 VUs  11.9s/15s  1866.00 iters/s

running (12.9s), 01011/01866 VUs, 23127 complete and 0 interrupted iterations
default   [  86% ] 01011/01866 VUs  12.9s/15s  1866.00 iters/s

running (13.9s), 00915/01866 VUs, 25088 complete and 0 interrupted iterations
default   [  93% ] 00916/01866 VUs  13.9s/15s  1866.00 iters/s

running (14.9s), 00732/01866 VUs, 27136 complete and 0 interrupted iterations
default   [ 100% ] 00732/01866 VUs  14.9s/15s  1866.00 iters/s


  █ TOTAL RESULTS 

    HTTP
    http_req_duration..............: avg=485.19ms min=348.18ms med=487.52ms max=612.65ms p(90)=566.67ms p(95)=579.45ms
      { expected_response:true }...: avg=485.19ms min=348.18ms med=487.52ms max=612.65ms p(90)=566.67ms p(95)=579.45ms
    http_req_failed................: 0.00%  0 out of 27136
    http_reqs......................: 27136  1808.075106/s

    EXECUTION
    iteration_duration.............: avg=485.28ms min=348.26ms med=487.59ms max=612.71ms p(90)=566.77ms p(95)=579.51ms
    iterations.....................: 27136  1808.075106/s
    vus............................: 734    min=687        max=1074
    vus_max........................: 1866   min=1866       max=1866

    NETWORK
    data_received..................: 5.5 MB 367 kB/s
    data_sent......................: 5.4 MB 358 kB/s




running (15.0s), 00000/01866 VUs, 27136 complete and 856 interrupted iterations
default ✓ [ 100% ] 00856/01866 VUs  15s  1866.00 iters/s
