
         /\      Grafana   /‾‾/  
    /\  /  \     |\  __   /  /   
   /  \/    \    | |/ /  /   ‾‾\ 
  /          \   |   (  |  (‾)  |
 / __________ \  |_|\_\  \_____/ 

     execution: local
        script: workflow/response/k6_open_client.js
        output: -

     scenarios: (100.00%) 1 scenario, 10000 max VUs, 15s max duration (incl. graceful stop):
              * default: 341.00 iterations/s for 15s (maxVUs: 341-10000)


running (01.0s), 00026/00341 VUs, 309 complete and 0 interrupted iterations
default   [   7% ] 00026/00341 VUs  01.0s/15s  341.00 iters/s

running (02.0s), 00050/00341 VUs, 626 complete and 0 interrupted iterations
default   [  13% ] 00050/00341 VUs  02.0s/15s  341.00 iters/s

running (03.0s), 00070/00341 VUs, 946 complete and 0 interrupted iterations
default   [  20% ] 00071/00341 VUs  03.0s/15s  341.00 iters/s

running (04.0s), 00103/00341 VUs, 1254 complete and 0 interrupted iterations
default   [  27% ] 00103/00341 VUs  04.0s/15s  341.00 iters/s

running (05.0s), 00111/00341 VUs, 1588 complete and 0 interrupted iterations
default   [  33% ] 00111/00341 VUs  05.0s/15s  341.00 iters/s

running (06.0s), 00144/00341 VUs, 1896 complete and 0 interrupted iterations
default   [  40% ] 00144/00341 VUs  06.0s/15s  341.00 iters/s

running (07.0s), 00142/00341 VUs, 2239 complete and 0 interrupted iterations
default   [  47% ] 00142/00341 VUs  07.0s/15s  341.00 iters/s

running (08.0s), 00172/00341 VUs, 2550 complete and 0 interrupted iterations
default   [  53% ] 00172/00341 VUs  08.0s/15s  341.00 iters/s

running (09.0s), 00183/00341 VUs, 2880 complete and 0 interrupted iterations
default   [  60% ] 00183/00341 VUs  09.0s/15s  341.00 iters/s

running (10.0s), 00189/00341 VUs, 3214 complete and 0 interrupted iterations
default   [  67% ] 00190/00341 VUs  10.0s/15s  341.00 iters/s

running (11.0s), 00196/00341 VUs, 3549 complete and 0 interrupted iterations
default   [  73% ] 00196/00341 VUs  11.0s/15s  341.00 iters/s

running (12.0s), 00217/00341 VUs, 3869 complete and 0 interrupted iterations
default   [  80% ] 00217/00341 VUs  12.0s/15s  341.00 iters/s

running (13.0s), 00227/00341 VUs, 4200 complete and 0 interrupted iterations
default   [  87% ] 00227/00341 VUs  13.0s/15s  341.00 iters/s

running (14.0s), 00249/00341 VUs, 4519 complete and 0 interrupted iterations
default   [  93% ] 00249/00341 VUs  14.0s/15s  341.00 iters/s

running (15.0s), 00266/00341 VUs, 4843 complete and 0 interrupted iterations
default   [ 100% ] 00266/00341 VUs  15.0s/15s  341.00 iters/s


  █ TOTAL RESULTS 

    HTTP
    http_req_duration..............: avg=436.78ms min=38.55ms med=455.47ms max=794.44ms p(90)=687.25ms p(95)=731.05ms
      { expected_response:true }...: avg=436.78ms min=38.55ms med=455.47ms max=794.44ms p(90)=687.25ms p(95)=731.05ms
    http_req_failed................: 0.00%  0 out of 4843
    http_reqs......................: 4843   322.779168/s

    EXECUTION
    iteration_duration.............: avg=436.87ms min=38.77ms med=455.54ms max=794.57ms p(90)=687.32ms p(95)=731.12ms
    iterations.....................: 4843   322.779168/s
    vus............................: 266    min=26        max=266
    vus_max........................: 341    min=341       max=341

    NETWORK
    data_received..................: 973 kB 65 kB/s
    data_sent......................: 1.0 MB 67 kB/s




running (15.0s), 00000/00341 VUs, 4843 complete and 272 interrupted iterations
default ✓ [ 100% ] 00272/00341 VUs  15s  341.00 iters/s
