
         /\      Grafana   /‾‾/  
    /\  /  \     |\  __   /  /   
   /  \/    \    | |/ /  /   ‾‾\ 
  /          \   |   (  |  (‾)  |
 / __________ \  |_|\_\  \_____/ 

     execution: local
        script: workflow/spin/k6_open_client.js
        output: -

     scenarios: (100.00%) 1 scenario, 10000 max VUs, 15s max duration (incl. graceful stop):
              * default: 4949.00 iterations/s for 15s (maxVUs: 4949-10000)


running (00.8s), 00342/04949 VUs, 3779 complete and 0 interrupted iterations
default   [   6% ] 00342/04949 VUs  00.8s/15s  4949.00 iters/s

running (01.8s), 00043/04949 VUs, 9030 complete and 0 interrupted iterations
default   [  12% ] 00043/04949 VUs  01.8s/15s  4949.00 iters/s

running (02.8s), 00095/04949 VUs, 13924 complete and 0 interrupted iterations
default   [  19% ] 00095/04949 VUs  02.8s/15s  4949.00 iters/s

running (03.8s), 00033/04949 VUs, 18936 complete and 0 interrupted iterations
default   [  26% ] 00033/04949 VUs  03.8s/15s  4949.00 iters/s

running (04.8s), 00052/04949 VUs, 23867 complete and 0 interrupted iterations
default   [  32% ] 00052/04949 VUs  04.8s/15s  4949.00 iters/s

running (05.8s), 00053/04949 VUs, 28812 complete and 0 interrupted iterations
default   [  39% ] 00053/04949 VUs  05.8s/15s  4949.00 iters/s

running (06.8s), 00036/04949 VUs, 33778 complete and 0 interrupted iterations
default   [  46% ] 00036/04949 VUs  06.8s/15s  4949.00 iters/s

running (07.8s), 00039/04949 VUs, 38724 complete and 0 interrupted iterations
default   [  52% ] 00039/04949 VUs  07.8s/15s  4949.00 iters/s

running (08.8s), 00056/04949 VUs, 43657 complete and 0 interrupted iterations
default   [  59% ] 00056/04949 VUs  08.8s/15s  4949.00 iters/s

running (09.8s), 00051/04949 VUs, 48613 complete and 0 interrupted iterations
default   [  66% ] 00051/04949 VUs  09.8s/15s  4949.00 iters/s

running (10.8s), 00054/04949 VUs, 53556 complete and 0 interrupted iterations
default   [  72% ] 00054/04949 VUs  10.8s/15s  4949.00 iters/s

running (11.8s), 00093/04949 VUs, 58468 complete and 0 interrupted iterations
default   [  79% ] 00093/04949 VUs  11.8s/15s  4949.00 iters/s

running (12.8s), 00070/04949 VUs, 63438 complete and 0 interrupted iterations
default   [  86% ] 00070/04949 VUs  12.8s/15s  4949.00 iters/s

running (13.8s), 00053/04949 VUs, 68404 complete and 0 interrupted iterations
default   [  92% ] 00053/04949 VUs  13.8s/15s  4949.00 iters/s

running (14.8s), 00050/04949 VUs, 73360 complete and 0 interrupted iterations
default   [  99% ] 00050/04949 VUs  14.8s/15s  4949.00 iters/s


  █ TOTAL RESULTS 

    HTTP
    http_req_duration..............: avg=16.83ms min=3.58ms med=10.83ms max=138.53ms p(90)=24.75ms p(95)=72.79ms
      { expected_response:true }...: avg=16.83ms min=3.58ms med=10.83ms max=138.53ms p(90)=24.75ms p(95)=72.79ms
    http_req_failed................: 0.00% 0 out of 74204
    http_reqs......................: 74204 4944.473532/s

    EXECUTION
    iteration_duration.............: avg=16.93ms min=3.65ms med=10.92ms max=138.82ms p(90)=24.82ms p(95)=73.13ms
    iterations.....................: 74204 4944.473532/s
    vus............................: 50    min=33         max=342 
    vus_max........................: 4949  min=4949       max=4949

    NETWORK
    data_received..................: 15 MB 1.0 MB/s
    data_sent......................: 14 MB 949 kB/s




running (15.0s), 00000/04949 VUs, 74199 complete and 38 interrupted iterations
default ✓ [ 100% ] 00038/04949 VUs  15s  4949.00 iters/s
