
         /\      Grafana   /‾‾/  
    /\  /  \     |\  __   /  /   
   /  \/    \    | |/ /  /   ‾‾\ 
  /          \   |   (  |  (‾)  |
 / __________ \  |_|\_\  \_____/ 

     execution: local
        script: workflow/write/k6_open_client.js
        output: -

     scenarios: (100.00%) 1 scenario, 10000 max VUs, 15s max duration (incl. graceful stop):
              * default: 2505.00 iterations/s for 15s (maxVUs: 2505-10000)


running (00.9s), 00430/02505 VUs, 1861 complete and 0 interrupted iterations
default   [   6% ] 00430/02505 VUs  00.9s/15s  2505.00 iters/s

running (01.9s), 00331/02505 VUs, 4467 complete and 0 interrupted iterations
default   [  13% ] 00331/02505 VUs  01.9s/15s  2505.00 iters/s

running (02.9s), 00472/02505 VUs, 6830 complete and 0 interrupted iterations
default   [  19% ] 00472/02505 VUs  02.9s/15s  2505.00 iters/s

running (03.9s), 00851/02505 VUs, 8955 complete and 0 interrupted iterations
default   [  26% ] 00851/02505 VUs  03.9s/15s  2505.00 iters/s

running (04.9s), 00732/02505 VUs, 11579 complete and 0 interrupted iterations
default   [  33% ] 00732/02505 VUs  04.9s/15s  2505.00 iters/s

running (05.9s), 00573/02505 VUs, 14243 complete and 0 interrupted iterations
default   [  39% ] 00573/02505 VUs  05.9s/15s  2505.00 iters/s

running (06.9s), 00942/02505 VUs, 16380 complete and 0 interrupted iterations
default   [  46% ] 00942/02505 VUs  06.9s/15s  2505.00 iters/s

running (07.9s), 01367/02505 VUs, 18459 complete and 0 interrupted iterations
default   [  53% ] 01367/02505 VUs  07.9s/15s  2505.00 iters/s

running (08.9s), 01213/02505 VUs, 21118 complete and 0 interrupted iterations
default   [  59% ] 01213/02505 VUs  08.9s/15s  2505.00 iters/s

running (09.9s), 01085/02505 VUs, 23751 complete and 0 interrupted iterations
default   [  66% ] 01085/02505 VUs  09.9s/15s  2505.00 iters/s

running (10.9s), 01131/02505 VUs, 26210 complete and 0 interrupted iterations
default   [  73% ] 01130/02505 VUs  10.9s/15s  2505.00 iters/s

running (11.9s), 01485/02505 VUs, 28362 complete and 0 interrupted iterations
default   [  79% ] 01485/02505 VUs  11.9s/15s  2505.00 iters/s

running (12.9s), 01941/02505 VUs, 30410 complete and 0 interrupted iterations
default   [  86% ] 01941/02505 VUs  12.9s/15s  2505.00 iters/s

running (13.9s), 01927/02505 VUs, 32931 complete and 0 interrupted iterations
default   [  93% ] 01927/02505 VUs  13.9s/15s  2505.00 iters/s

running (14.9s), 01903/02505 VUs, 35460 complete and 0 interrupted iterations
default   [  99% ] 01903/02505 VUs  14.9s/15s  2505.00 iters/s


  █ TOTAL RESULTS 

    HTTP
    http_req_duration..............: avg=415.57ms min=74.62ms med=405.74ms max=789.71ms p(90)=763.9ms  p(95)=771.71ms
      { expected_response:true }...: avg=415.57ms min=74.62ms med=405.74ms max=789.71ms p(90)=763.9ms  p(95)=771.71ms
    http_req_failed................: 0.00%  0 out of 35661
    http_reqs......................: 35661  2375.229679/s

    EXECUTION
    iteration_duration.............: avg=415.64ms min=74.82ms med=405.78ms max=789.77ms p(90)=763.95ms p(95)=771.78ms
    iterations.....................: 35661  2375.229679/s
    vus............................: 1900   min=329        max=1940
    vus_max........................: 2505   min=2505       max=2505

    NETWORK
    data_received..................: 7.2 MB 482 kB/s
    data_sent......................: 3.8 MB 250 kB/s




running (15.0s), 00000/02505 VUs, 35661 complete and 1912 interrupted iterations
default ✓ [ 100% ] 01912/02505 VUs  15s  2505.00 iters/s
