
         /\      Grafana   /‾‾/  
    /\  /  \     |\  __   /  /   
   /  \/    \    | |/ /  /   ‾‾\ 
  /          \   |   (  |  (‾)  |
 / __________ \  |_|\_\  \_____/ 

     execution: local
        script: workflow/online_boutique/k6_open_product_page.js
        output: -

     scenarios: (100.00%) 1 scenario, 10000 max VUs, 15s max duration (incl. graceful stop):
              * default: 439.00 iterations/s for 15s (maxVUs: 439-10000)


running (01.0s), 00091/00439 VUs, 336 complete and 0 interrupted iterations
default   [   6% ] 00091/00439 VUs  01.0s/15s  439.00 iters/s

running (02.0s), 00118/00439 VUs, 748 complete and 0 interrupted iterations
default   [  13% ] 00118/00439 VUs  02.0s/15s  439.00 iters/s

running (03.0s), 00101/00439 VUs, 1204 complete and 0 interrupted iterations
default   [  20% ] 00101/00439 VUs  03.0s/15s  439.00 iters/s

running (04.0s), 00073/00439 VUs, 1670 complete and 0 interrupted iterations
default   [  26% ] 00073/00439 VUs  04.0s/15s  439.00 iters/s

running (05.0s), 00112/00439 VUs, 2070 complete and 0 interrupted iterations
default   [  33% ] 00112/00439 VUs  05.0s/15s  439.00 iters/s

running (06.0s), 00082/00439 VUs, 2539 complete and 0 interrupted iterations
default   [  40% ] 00082/00439 VUs  06.0s/15s  439.00 iters/s

running (07.0s), 00122/00439 VUs, 2939 complete and 0 interrupted iterations
default   [  46% ] 00122/00439 VUs  07.0s/15s  439.00 iters/s

running (08.0s), 00095/00439 VUs, 3405 complete and 0 interrupted iterations
default   [  53% ] 00095/00439 VUs  08.0s/15s  439.00 iters/s

running (09.0s), 00132/00439 VUs, 3807 complete and 0 interrupted iterations
default   [  60% ] 00132/00439 VUs  09.0s/15s  439.00 iters/s

running (10.0s), 00104/00439 VUs, 4274 complete and 0 interrupted iterations
default   [  66% ] 00104/00439 VUs  10.0s/15s  439.00 iters/s

running (11.0s), 00075/00439 VUs, 4742 complete and 0 interrupted iterations
default   [  73% ] 00075/00439 VUs  11.0s/15s  439.00 iters/s

running (12.0s), 00113/00439 VUs, 5143 complete and 0 interrupted iterations
default   [  80% ] 00113/00439 VUs  12.0s/15s  439.00 iters/s

running (13.0s), 00084/00439 VUs, 5610 complete and 0 interrupted iterations
default   [  86% ] 00084/00439 VUs  13.0s/15s  439.00 iters/s

running (14.0s), 00123/00439 VUs, 6010 complete and 0 interrupted iterations
default   [  93% ] 00124/00439 VUs  14.0s/15s  439.00 iters/s

running (15.0s), 00097/00439 VUs, 6476 complete and 0 interrupted iterations
default   [ 100% ] 00097/00439 VUs  15.0s/15s  439.00 iters/s


  █ TOTAL RESULTS 

    CUSTOM
    online_boutique_application_errors........: 0.00%  0 out of 6476
    online_boutique_recommendation_winner_1...: 3492   232.769912/s
    online_boutique_recommendation_winner_2...: 1390   92.65469/s
    online_boutique_recommendation_winner_3...: 1594   106.252932/s

    HTTP
    http_req_duration.........................: avg=226.41ms min=146.11ms med=226.36ms max=318.76ms p(90)=282.28ms p(95)=289.81ms
      { expected_response:true }..............: avg=226.41ms min=146.11ms med=226.36ms max=318.76ms p(90)=282.28ms p(95)=289.81ms
    http_req_failed...........................: 0.00%  0 out of 6476
    http_reqs.................................: 6476   431.677535/s

    EXECUTION
    iteration_duration........................: avg=226.61ms min=146.28ms med=226.53ms max=319.01ms p(90)=282.54ms p(95)=290.03ms
    iterations................................: 6476   431.677535/s
    vus.......................................: 97     min=74        max=132
    vus_max...................................: 439    min=439       max=439

    NETWORK
    data_received.............................: 12 MB  776 kB/s
    data_sent.................................: 1.8 MB 122 kB/s




running (15.0s), 00000/00439 VUs, 6476 complete and 110 interrupted iterations
default ✓ [ 100% ] 00110/00439 VUs  15s  439.00 iters/s
