
         /\      Grafana   /‾‾/  
    /\  /  \     |\  __   /  /   
   /  \/    \    | |/ /  /   ‾‾\ 
  /          \   |   (  |  (‾)  |
 / __________ \  |_|\_\  \_____/ 

     execution: local
        script: workflow/response/k6_open_client.js
        output: -

     scenarios: (100.00%) 1 scenario, 100000 max VUs, 15s max duration (incl. graceful stop):
              * default: 5800.00 iterations/s for 15s (maxVUs: 5800-100000)


running (00.8s), 001244/005800 VUs, 3534 complete and 0 interrupted iterations
default   [   5% ] 001244/005800 VUs  00.8s/15s  5800.00 iters/s

running (01.8s), 001106/005800 VUs, 9472 complete and 0 interrupted iterations
default   [  12% ] 001106/005800 VUs  01.8s/15s  5800.00 iters/s

running (02.8s), 001008/005800 VUs, 15370 complete and 0 interrupted iterations
default   [  19% ] 001008/005800 VUs  02.8s/15s  5800.00 iters/s

running (03.8s), 000687/005800 VUs, 21492 complete and 0 interrupted iterations
default   [  25% ] 000687/005800 VUs  03.8s/15s  5800.00 iters/s

running (04.8s), 000426/005800 VUs, 27552 complete and 0 interrupted iterations
default   [  32% ] 000426/005800 VUs  04.8s/15s  5800.00 iters/s

running (05.8s), 000255/005800 VUs, 33523 complete and 0 interrupted iterations
default   [  39% ] 000255/005800 VUs  05.8s/15s  5800.00 iters/s

running (06.8s), 000295/005800 VUs, 39283 complete and 0 interrupted iterations
default   [  45% ] 000295/005800 VUs  06.8s/15s  5800.00 iters/s

running (07.8s), 000393/005800 VUs, 44985 complete and 0 interrupted iterations
default   [  52% ] 000393/005800 VUs  07.8s/15s  5800.00 iters/s

running (08.8s), 000275/005800 VUs, 50903 complete and 0 interrupted iterations
default   [  59% ] 000275/005800 VUs  08.8s/15s  5800.00 iters/s

running (09.8s), 000239/005800 VUs, 56739 complete and 0 interrupted iterations
default   [  65% ] 000239/005800 VUs  09.8s/15s  5800.00 iters/s

running (10.8s), 000290/005800 VUs, 62490 complete and 0 interrupted iterations
default   [  72% ] 000290/005800 VUs  10.8s/15s  5800.00 iters/s

running (11.8s), 000279/005800 VUs, 68301 complete and 0 interrupted iterations
default   [  79% ] 000279/005800 VUs  11.8s/15s  5800.00 iters/s

running (12.8s), 000346/005800 VUs, 74030 complete and 0 interrupted iterations
default   [  85% ] 000346/005800 VUs  12.8s/15s  5800.00 iters/s

running (13.8s), 000260/005800 VUs, 79918 complete and 0 interrupted iterations
default   [  92% ] 000260/005800 VUs  13.8s/15s  5800.00 iters/s

running (14.8s), 000249/005800 VUs, 85730 complete and 0 interrupted iterations
default   [  99% ] 000249/005800 VUs  14.8s/15s  5800.00 iters/s


  █ TOTAL RESULTS 

    HTTP
    http_req_duration..............: avg=85.9ms  min=34.67ms med=54.32ms max=380.42ms p(90)=193.33ms p(95)=208.28ms
      { expected_response:true }...: avg=85.9ms  min=34.67ms med=54.32ms max=380.42ms p(90)=193.33ms p(95)=208.28ms
    http_req_failed................: 0.00% 0 out of 86753
    http_reqs......................: 86753 5779.900954/s

    EXECUTION
    iteration_duration.............: avg=86.04ms min=34.73ms med=54.41ms max=380.66ms p(90)=194.15ms p(95)=208.5ms 
    iterations.....................: 86753 5779.900954/s
    vus............................: 249   min=240        max=1243
    vus_max........................: 5800  min=5800       max=5800

    NETWORK
    data_received..................: 18 MB 1.2 MB/s
    data_sent......................: 17 MB 1.1 MB/s




running (15.0s), 000000/005800 VUs, 86741 complete and 260 interrupted iterations
default ✓ [ 100% ] 000260/005800 VUs  15s  5800.00 iters/s
