
         /\      Grafana   /‾‾/  
    /\  /  \     |\  __   /  /   
   /  \/    \    | |/ /  /   ‾‾\ 
  /          \   |   (  |  (‾)  |
 / __________ \  |_|\_\  \_____/ 

     execution: local
        script: workflow/spin/k6_open_client.js
        output: -

     scenarios: (100.00%) 1 scenario, 10000 max VUs, 15s max duration (incl. graceful stop):
              * default: 967.00 iterations/s for 15s (maxVUs: 967-10000)


running (01.0s), 00032/00967 VUs, 899 complete and 0 interrupted iterations
default   [   6% ] 00032/00967 VUs  01.0s/15s  967.00 iters/s

running (02.0s), 00054/00967 VUs, 1844 complete and 0 interrupted iterations
default   [  13% ] 00054/00967 VUs  02.0s/15s  967.00 iters/s

running (03.0s), 00039/00967 VUs, 2826 complete and 0 interrupted iterations
default   [  20% ] 00039/00967 VUs  03.0s/15s  967.00 iters/s

running (04.0s), 00036/00967 VUs, 3796 complete and 0 interrupted iterations
default   [  26% ] 00036/00967 VUs  04.0s/15s  967.00 iters/s

running (05.0s), 00047/00967 VUs, 4752 complete and 0 interrupted iterations
default   [  33% ] 00047/00967 VUs  05.0s/15s  967.00 iters/s

running (06.0s), 00051/00967 VUs, 5715 complete and 0 interrupted iterations
default   [  40% ] 00051/00967 VUs  06.0s/15s  967.00 iters/s

running (07.0s), 00040/00967 VUs, 6693 complete and 0 interrupted iterations
default   [  46% ] 00040/00967 VUs  07.0s/15s  967.00 iters/s

running (08.0s), 00044/00967 VUs, 7656 complete and 0 interrupted iterations
default   [  53% ] 00044/00967 VUs  08.0s/15s  967.00 iters/s

running (09.0s), 00047/00967 VUs, 8620 complete and 0 interrupted iterations
default   [  60% ] 00047/00967 VUs  09.0s/15s  967.00 iters/s

running (10.0s), 00039/00967 VUs, 9595 complete and 0 interrupted iterations
default   [  66% ] 00039/00967 VUs  10.0s/15s  967.00 iters/s

running (11.0s), 00050/00967 VUs, 10550 complete and 0 interrupted iterations
default   [  73% ] 00051/00967 VUs  11.0s/15s  967.00 iters/s

running (12.0s), 00043/00967 VUs, 11525 complete and 0 interrupted iterations
default   [  80% ] 00043/00967 VUs  12.0s/15s  967.00 iters/s

running (13.0s), 00039/00967 VUs, 12496 complete and 0 interrupted iterations
default   [  86% ] 00039/00967 VUs  13.0s/15s  967.00 iters/s

running (14.0s), 00032/00967 VUs, 13470 complete and 0 interrupted iterations
default   [  93% ] 00032/00967 VUs  14.0s/15s  967.00 iters/s

running (15.0s), 00050/00967 VUs, 14418 complete and 0 interrupted iterations
default   [ 100% ] 00050/00967 VUs  15.0s/15s  967.00 iters/s


  █ TOTAL RESULTS 

    HTTP
    http_req_duration..............: avg=42.47ms min=25.12ms med=42.39ms max=75.73ms p(90)=53.65ms p(95)=55.3ms 
      { expected_response:true }...: avg=42.47ms min=25.12ms med=42.39ms max=75.73ms p(90)=53.65ms p(95)=55.3ms 
    http_req_failed................: 0.00%  0 out of 14479
    http_reqs......................: 14479  965.116737/s

    EXECUTION
    iteration_duration.............: avg=42.56ms min=25.31ms med=42.48ms max=75.93ms p(90)=53.75ms p(95)=55.39ms
    iterations.....................: 14479  965.116737/s
    vus............................: 51     min=32         max=54 
    vus_max........................: 967    min=967        max=967

    NETWORK
    data_received..................: 2.9 MB 195 kB/s
    data_sent......................: 2.8 MB 186 kB/s




running (15.0s), 00000/00967 VUs, 14479 complete and 27 interrupted iterations
default ✓ [ 100% ] 00027/00967 VUs  15s  967.00 iters/s
