
         /\      Grafana   /‾‾/  
    /\  /  \     |\  __   /  /   
   /  \/    \    | |/ /  /   ‾‾\ 
  /          \   |   (  |  (‾)  |
 / __________ \  |_|\_\  \_____/ 

     execution: local
        script: workflow/write/k6_open_client.js
        output: -

     scenarios: (100.00%) 1 scenario, 10000 max VUs, 15s max duration (incl. graceful stop):
              * default: 2623.00 iterations/s for 15s (maxVUs: 2623-10000)


running (00.9s), 00087/02623 VUs, 2302 complete and 0 interrupted iterations
default   [   6% ] 00087/02623 VUs  00.9s/15s  2623.00 iters/s

running (01.9s), 00134/02623 VUs, 4877 complete and 0 interrupted iterations
default   [  13% ] 00134/02623 VUs  01.9s/15s  2623.00 iters/s

running (02.9s), 00099/02623 VUs, 7534 complete and 0 interrupted iterations
default   [  19% ] 00099/02623 VUs  02.9s/15s  2623.00 iters/s

running (03.9s), 00124/02623 VUs, 10134 complete and 0 interrupted iterations
default   [  26% ] 00124/02623 VUs  03.9s/15s  2623.00 iters/s

running (04.9s), 00106/02623 VUs, 12776 complete and 0 interrupted iterations
default   [  33% ] 00106/02623 VUs  04.9s/15s  2623.00 iters/s

running (05.9s), 00081/02623 VUs, 15423 complete and 0 interrupted iterations
default   [  39% ] 00081/02623 VUs  05.9s/15s  2623.00 iters/s

running (06.9s), 00126/02623 VUs, 18002 complete and 0 interrupted iterations
default   [  46% ] 00126/02623 VUs  06.9s/15s  2623.00 iters/s

running (07.9s), 00089/02623 VUs, 20662 complete and 0 interrupted iterations
default   [  53% ] 00089/02623 VUs  07.9s/15s  2623.00 iters/s

running (08.9s), 00112/02623 VUs, 23261 complete and 0 interrupted iterations
default   [  59% ] 00112/02623 VUs  08.9s/15s  2623.00 iters/s

running (09.9s), 00100/02623 VUs, 25898 complete and 0 interrupted iterations
default   [  66% ] 00100/02623 VUs  09.9s/15s  2623.00 iters/s

running (10.9s), 00068/02623 VUs, 28550 complete and 0 interrupted iterations
default   [  73% ] 00068/02623 VUs  10.9s/15s  2623.00 iters/s

running (11.9s), 00122/02623 VUs, 31119 complete and 0 interrupted iterations
default   [  79% ] 00122/02623 VUs  11.9s/15s  2623.00 iters/s

running (12.9s), 00091/02623 VUs, 33773 complete and 0 interrupted iterations
default   [  86% ] 00091/02623 VUs  12.9s/15s  2623.00 iters/s

running (13.9s), 00090/02623 VUs, 36398 complete and 0 interrupted iterations
default   [  93% ] 00090/02623 VUs  13.9s/15s  2623.00 iters/s

running (14.9s), 00113/02623 VUs, 38997 complete and 0 interrupted iterations
default   [  99% ] 00113/02623 VUs  14.9s/15s  2623.00 iters/s


  █ TOTAL RESULTS 

    HTTP
    http_req_duration..............: avg=38.36ms min=23.67ms med=38.32ms max=68.77ms p(90)=47.69ms p(95)=49.23ms
      { expected_response:true }...: avg=38.36ms min=23.67ms med=38.32ms max=68.77ms p(90)=47.69ms p(95)=49.23ms
    http_req_failed................: 0.00%  0 out of 39246
    http_reqs......................: 39246  2615.71566/s

    EXECUTION
    iteration_duration.............: avg=38.43ms min=23.72ms med=38.38ms max=68.83ms p(90)=47.77ms p(95)=49.31ms
    iterations.....................: 39246  2615.71566/s
    vus............................: 115    min=68         max=136 
    vus_max........................: 2623   min=2623       max=2623

    NETWORK
    data_received..................: 8.0 MB 531 kB/s
    data_sent......................: 3.9 MB 262 kB/s




running (15.0s), 00000/02623 VUs, 39246 complete and 98 interrupted iterations
default ✓ [ 100% ] 00098/02623 VUs  15s  2623.00 iters/s
