
         /\      Grafana   /‾‾/  
    /\  /  \     |\  __   /  /   
   /  \/    \    | |/ /  /   ‾‾\ 
  /          \   |   (  |  (‾)  |
 / __________ \  |_|\_\  \_____/ 

     execution: local
        script: workflow/spin/k6_open_client.js
        output: -

     scenarios: (100.00%) 1 scenario, 10000 max VUs, 15s max duration (incl. graceful stop):
              * default: 1719.00 iterations/s for 15s (maxVUs: 1719-10000)


running (00.9s), 00077/01719 VUs, 1540 complete and 0 interrupted iterations
default   [   6% ] 00077/01719 VUs  00.9s/15s  1719.00 iters/s

running (01.9s), 00075/01719 VUs, 3261 complete and 0 interrupted iterations
default   [  13% ] 00076/01719 VUs  01.9s/15s  1719.00 iters/s

running (02.9s), 00060/01719 VUs, 4994 complete and 0 interrupted iterations
default   [  20% ] 00060/01719 VUs  02.9s/15s  1719.00 iters/s

running (03.9s), 00055/01719 VUs, 6720 complete and 0 interrupted iterations
default   [  26% ] 00055/01719 VUs  03.9s/15s  1719.00 iters/s

running (04.9s), 00067/01719 VUs, 8425 complete and 0 interrupted iterations
default   [  33% ] 00067/01719 VUs  04.9s/15s  1719.00 iters/s

running (05.9s), 00062/01719 VUs, 10148 complete and 0 interrupted iterations
default   [  40% ] 00062/01719 VUs  05.9s/15s  1719.00 iters/s

running (06.9s), 00074/01719 VUs, 11857 complete and 0 interrupted iterations
default   [  46% ] 00074/01719 VUs  06.9s/15s  1719.00 iters/s

running (07.9s), 00078/01719 VUs, 13571 complete and 0 interrupted iterations
default   [  53% ] 00078/01719 VUs  07.9s/15s  1719.00 iters/s

running (08.9s), 00078/01719 VUs, 15290 complete and 0 interrupted iterations
default   [  60% ] 00078/01719 VUs  08.9s/15s  1719.00 iters/s

running (09.9s), 00078/01719 VUs, 17010 complete and 0 interrupted iterations
default   [  66% ] 00078/01719 VUs  09.9s/15s  1719.00 iters/s

running (10.9s), 00050/01719 VUs, 18757 complete and 0 interrupted iterations
default   [  73% ] 00050/01719 VUs  10.9s/15s  1719.00 iters/s

running (11.9s), 00092/01719 VUs, 20432 complete and 0 interrupted iterations
default   [  80% ] 00092/01719 VUs  11.9s/15s  1719.00 iters/s

running (12.9s), 00051/01719 VUs, 22194 complete and 0 interrupted iterations
default   [  86% ] 00051/01719 VUs  12.9s/15s  1719.00 iters/s

running (13.9s), 00055/01719 VUs, 23910 complete and 0 interrupted iterations
default   [  93% ] 00055/01719 VUs  13.9s/15s  1719.00 iters/s

running (14.9s), 00069/01719 VUs, 25612 complete and 0 interrupted iterations
default   [ 100% ] 00069/01719 VUs  14.9s/15s  1719.00 iters/s


  █ TOTAL RESULTS 

    HTTP
    http_req_duration..............: avg=40.66ms min=21.4ms  med=40.52ms max=69.95ms p(90)=51.8ms  p(95)=54.26ms
      { expected_response:true }...: avg=40.66ms min=21.4ms  med=40.52ms max=69.95ms p(90)=51.8ms  p(95)=54.26ms
    http_req_failed................: 0.00%  0 out of 25722
    http_reqs......................: 25722  1714.448324/s

    EXECUTION
    iteration_duration.............: avg=40.75ms min=21.46ms med=40.6ms  max=73.4ms  p(90)=51.88ms p(95)=54.37ms
    iterations.....................: 25722  1714.448324/s
    vus............................: 71     min=48         max=92  
    vus_max........................: 1719   min=1719       max=1719

    NETWORK
    data_received..................: 5.2 MB 348 kB/s
    data_sent......................: 4.9 MB 330 kB/s




running (15.0s), 00000/01719 VUs, 25722 complete and 63 interrupted iterations
default ✓ [ 100% ] 00063/01719 VUs  15s  1719.00 iters/s
