
         /\      Grafana   /‾‾/  
    /\  /  \     |\  __   /  /   
   /  \/    \    | |/ /  /   ‾‾\ 
  /          \   |   (  |  (‾)  |
 / __________ \  |_|\_\  \_____/ 

     execution: local
        script: workflow/hotel/k6_open_recommendations_client.js
        output: -

     scenarios: (100.00%) 1 scenario, 10000 max VUs, 15s max duration (incl. graceful stop):
              * default: 302.00 iterations/s for 15s (maxVUs: 302-10000)


running (01.0s), 00016/00302 VUs, 280 complete and 0 interrupted iterations
default   [   7% ] 00016/00302 VUs  01.0s/15s  302.00 iters/s

running (02.0s), 00008/00302 VUs, 590 complete and 0 interrupted iterations
default   [  13% ] 00008/00302 VUs  02.0s/15s  302.00 iters/s

running (03.0s), 00030/00302 VUs, 870 complete and 0 interrupted iterations
default   [  20% ] 00030/00302 VUs  03.0s/15s  302.00 iters/s

running (04.0s), 00022/00302 VUs, 1180 complete and 0 interrupted iterations
default   [  27% ] 00022/00302 VUs  04.0s/15s  302.00 iters/s

running (05.0s), 00013/00302 VUs, 1491 complete and 0 interrupted iterations
default   [  33% ] 00013/00302 VUs  05.0s/15s  302.00 iters/s

running (06.0s), 00036/00302 VUs, 1770 complete and 0 interrupted iterations
default   [  40% ] 00036/00302 VUs  06.0s/15s  302.00 iters/s

running (07.0s), 00028/00302 VUs, 2080 complete and 0 interrupted iterations
default   [  47% ] 00028/00302 VUs  07.0s/15s  302.00 iters/s

running (08.0s), 00020/00302 VUs, 2390 complete and 0 interrupted iterations
default   [  53% ] 00020/00302 VUs  08.0s/15s  302.00 iters/s

running (09.0s), 00012/00302 VUs, 2700 complete and 0 interrupted iterations
default   [  60% ] 00012/00302 VUs  09.0s/15s  302.00 iters/s

running (10.0s), 00034/00302 VUs, 2980 complete and 0 interrupted iterations
default   [  67% ] 00034/00302 VUs  10.0s/15s  302.00 iters/s

running (11.0s), 00026/00302 VUs, 3290 complete and 0 interrupted iterations
default   [  73% ] 00026/00302 VUs  11.0s/15s  302.00 iters/s

running (12.0s), 00018/00302 VUs, 3600 complete and 0 interrupted iterations
default   [  80% ] 00018/00302 VUs  12.0s/15s  302.00 iters/s

running (13.0s), 00010/00302 VUs, 3910 complete and 0 interrupted iterations
default   [  87% ] 00010/00302 VUs  13.0s/15s  302.00 iters/s

running (14.0s), 00033/00302 VUs, 4189 complete and 0 interrupted iterations
default   [  93% ] 00033/00302 VUs  14.0s/15s  302.00 iters/s

running (15.0s), 00025/00302 VUs, 4499 complete and 0 interrupted iterations
default   [ 100% ] 00025/00302 VUs  15.0s/15s  302.00 iters/s


  █ TOTAL RESULTS 

    HTTP
    http_req_duration..............: avg=73.09ms min=22.07ms med=72.9ms  max=130.19ms p(90)=112.51ms p(95)=117.21ms
      { expected_response:true }...: avg=73.09ms min=22.07ms med=72.9ms  max=130.19ms p(90)=112.51ms p(95)=117.21ms
    http_req_failed................: 0.00%  0 out of 4499
    http_reqs......................: 4499   299.906987/s

    EXECUTION
    iteration_duration.............: avg=73.22ms min=22.16ms med=73.03ms max=130.29ms p(90)=112.71ms p(95)=117.34ms
    iterations.....................: 4499   299.906987/s
    vus............................: 25     min=8         max=36 
    vus_max........................: 302    min=302       max=302

    NETWORK
    data_received..................: 2.5 MB 167 kB/s
    data_sent......................: 1.3 MB 86 kB/s




running (15.0s), 00000/00302 VUs, 4499 complete and 31 interrupted iterations
default ✓ [ 100% ] 00031/00302 VUs  15s  302.00 iters/s
