
         /\      Grafana   /‾‾/  
    /\  /  \     |\  __   /  /   
   /  \/    \    | |/ /  /   ‾‾\ 
  /          \   |   (  |  (‾)  |
 / __________ \  |_|\_\  \_____/ 

     execution: local
        script: workflow/online_boutique/k6_open_view_cart.js
        output: -

     scenarios: (100.00%) 1 scenario, 10000 max VUs, 15s max duration (incl. graceful stop):
              * default: 101.00 iterations/s for 15s (maxVUs: 101-10000)


running (01.0s), 00000/00101 VUs, 100 complete and 0 interrupted iterations
default   [   7% ] 00000/00101 VUs  01.0s/15s  101.00 iters/s

running (02.0s), 00001/00101 VUs, 200 complete and 0 interrupted iterations
default   [  13% ] 00001/00101 VUs  02.0s/15s  101.00 iters/s

running (03.0s), 00000/00101 VUs, 302 complete and 0 interrupted iterations
default   [  20% ] 00000/00101 VUs  03.0s/15s  101.00 iters/s

running (04.0s), 00000/00101 VUs, 403 complete and 0 interrupted iterations
default   [  27% ] 00000/00101 VUs  04.0s/15s  101.00 iters/s

running (05.0s), 00000/00101 VUs, 504 complete and 0 interrupted iterations
default   [  33% ] 00000/00101 VUs  05.0s/15s  101.00 iters/s

running (06.0s), 00000/00101 VUs, 605 complete and 0 interrupted iterations
default   [  40% ] 00000/00101 VUs  06.0s/15s  101.00 iters/s

running (07.0s), 00000/00101 VUs, 706 complete and 0 interrupted iterations
default   [  47% ] 00000/00101 VUs  07.0s/15s  101.00 iters/s

running (08.0s), 00000/00101 VUs, 807 complete and 0 interrupted iterations
default   [  53% ] 00000/00101 VUs  08.0s/15s  101.00 iters/s

running (09.0s), 00000/00101 VUs, 908 complete and 0 interrupted iterations
default   [  60% ] 00000/00101 VUs  09.0s/15s  101.00 iters/s

running (10.0s), 00001/00101 VUs, 1008 complete and 0 interrupted iterations
default   [  67% ] 00001/00101 VUs  10.0s/15s  101.00 iters/s

running (11.0s), 00000/00101 VUs, 1110 complete and 0 interrupted iterations
default   [  73% ] 00000/00101 VUs  11.0s/15s  101.00 iters/s

running (12.0s), 00000/00101 VUs, 1211 complete and 0 interrupted iterations
default   [  80% ] 00000/00101 VUs  12.0s/15s  101.00 iters/s

running (13.0s), 00000/00101 VUs, 1312 complete and 0 interrupted iterations
default   [  87% ] 00000/00101 VUs  13.0s/15s  101.00 iters/s

running (14.0s), 00000/00101 VUs, 1413 complete and 0 interrupted iterations
default   [  93% ] 00000/00101 VUs  14.0s/15s  101.00 iters/s

running (15.0s), 00000/00101 VUs, 1514 complete and 0 interrupted iterations
default   [ 100% ] 00000/00101 VUs  15.0s/15s  101.00 iters/s


  █ TOTAL RESULTS 

    CUSTOM
    online_boutique_application_errors...: 0.00%  0 out of 1515

    HTTP
    http_req_duration....................: avg=6.77ms min=5.62ms med=6.7ms  max=10.02ms p(90)=7.34ms p(95)=7.67ms
      { expected_response:true }.........: avg=6.77ms min=5.62ms med=6.7ms  max=10.02ms p(90)=7.34ms p(95)=7.67ms
    http_req_failed......................: 0.00%  0 out of 1515
    http_reqs............................: 1515   100.993958/s

    EXECUTION
    iteration_duration...................: avg=7.05ms min=5.79ms med=6.95ms max=29.68ms p(90)=7.63ms p(95)=7.93ms
    iterations...........................: 1515   100.993958/s
    vus..................................: 0      min=0         max=1  
    vus_max..............................: 101    min=101       max=101

    NETWORK
    data_received........................: 2.9 MB 196 kB/s
    data_sent............................: 363 kB 24 kB/s




running (15.0s), 00000/00101 VUs, 1515 complete and 0 interrupted iterations
default ✓ [ 100% ] 00000/00101 VUs  15s  101.00 iters/s
