
         /\      Grafana   /‾‾/  
    /\  /  \     |\  __   /  /   
   /  \/    \    | |/ /  /   ‾‾\ 
  /          \   |   (  |  (‾)  |
 / __________ \  |_|\_\  \_____/ 

     execution: local
        script: workflow/spin/k6_open_client.js
        output: -

     scenarios: (100.00%) 1 scenario, 10000 max VUs, 15s max duration (incl. graceful stop):
              * default: 1468.00 iterations/s for 15s (maxVUs: 1468-10000)


running (00.9s), 00141/01468 VUs, 1242 complete and 0 interrupted iterations
default   [   6% ] 00141/01468 VUs  00.9s/15s  1468.00 iters/s

running (01.9s), 00175/01468 VUs, 2675 complete and 0 interrupted iterations
default   [  13% ] 00175/01468 VUs  01.9s/15s  1468.00 iters/s

running (02.9s), 00222/01468 VUs, 4097 complete and 0 interrupted iterations
default   [  20% ] 00222/01468 VUs  02.9s/15s  1468.00 iters/s

running (03.9s), 00293/01468 VUs, 5493 complete and 0 interrupted iterations
default   [  26% ] 00292/01468 VUs  03.9s/15s  1468.00 iters/s

running (04.9s), 00325/01468 VUs, 6929 complete and 0 interrupted iterations
default   [  33% ] 00325/01468 VUs  04.9s/15s  1468.00 iters/s

running (05.9s), 00320/01468 VUs, 8402 complete and 0 interrupted iterations
default   [  40% ] 00320/01468 VUs  05.9s/15s  1468.00 iters/s

running (06.9s), 00356/01468 VUs, 9835 complete and 0 interrupted iterations
default   [  46% ] 00356/01468 VUs  06.9s/15s  1468.00 iters/s

running (07.9s), 00397/01468 VUs, 11263 complete and 0 interrupted iterations
default   [  53% ] 00397/01468 VUs  07.9s/15s  1468.00 iters/s

running (08.9s), 00423/01468 VUs, 12703 complete and 0 interrupted iterations
default   [  60% ] 00423/01468 VUs  08.9s/15s  1468.00 iters/s

running (09.9s), 00456/01468 VUs, 14137 complete and 0 interrupted iterations
default   [  66% ] 00456/01468 VUs  09.9s/15s  1468.00 iters/s

running (10.9s), 00436/01468 VUs, 15626 complete and 0 interrupted iterations
default   [  73% ] 00436/01468 VUs  10.9s/15s  1468.00 iters/s

running (11.9s), 00475/01468 VUs, 17055 complete and 0 interrupted iterations
default   [  80% ] 00475/01468 VUs  11.9s/15s  1468.00 iters/s

running (12.9s), 00529/01468 VUs, 18469 complete and 0 interrupted iterations
default   [  86% ] 00529/01468 VUs  12.9s/15s  1468.00 iters/s

running (13.9s), 00572/01468 VUs, 19894 complete and 0 interrupted iterations
default   [  93% ] 00571/01468 VUs  13.9s/15s  1468.00 iters/s

running (14.9s), 00589/01468 VUs, 21345 complete and 0 interrupted iterations
default   [ 100% ] 00588/01468 VUs  14.9s/15s  1468.00 iters/s


  █ TOTAL RESULTS 

    HTTP
    http_req_duration..............: avg=248.69ms min=62.94ms med=265.94ms max=419.11ms p(90)=373.63ms p(95)=388.81ms
      { expected_response:true }...: avg=248.69ms min=62.94ms med=265.94ms max=419.11ms p(90)=373.63ms p(95)=388.81ms
    http_req_failed................: 0.00%  0 out of 21410
    http_reqs......................: 21410  1426.8124/s

    EXECUTION
    iteration_duration.............: avg=248.78ms min=63.22ms med=266.02ms max=419.18ms p(90)=373.71ms p(95)=388.9ms 
    iterations.....................: 21410  1426.8124/s
    vus............................: 588    min=141        max=588 
    vus_max........................: 1468   min=1468       max=1468

    NETWORK
    data_received..................: 4.3 MB 290 kB/s
    data_sent......................: 4.2 MB 282 kB/s




running (15.0s), 00000/01468 VUs, 21410 complete and 611 interrupted iterations
default ✓ [ 100% ] 00611/01468 VUs  15s  1468.00 iters/s
