
         /\      Grafana   /‾‾/  
    /\  /  \     |\  __   /  /   
   /  \/    \    | |/ /  /   ‾‾\ 
  /          \   |   (  |  (‾)  |
 / __________ \  |_|\_\  \_____/ 

     execution: local
        script: workflow/write/k6_open_client.js
        output: -

     scenarios: (100.00%) 1 scenario, 10000 max VUs, 15s max duration (incl. graceful stop):
              * default: 5429.00 iterations/s for 15s (maxVUs: 5429-10000)


running (00.8s), 00664/05429 VUs, 3882 complete and 0 interrupted iterations
default   [   6% ] 00664/05429 VUs  00.8s/15s  5429.00 iters/s

running (01.8s), 00686/05429 VUs, 9289 complete and 0 interrupted iterations
default   [  12% ] 00686/05429 VUs  01.8s/15s  5429.00 iters/s

running (02.8s), 00584/05429 VUs, 14822 complete and 0 interrupted iterations
default   [  19% ] 00584/05429 VUs  02.8s/15s  5429.00 iters/s

running (03.8s), 00465/05429 VUs, 20368 complete and 0 interrupted iterations
default   [  26% ] 00465/05429 VUs  03.8s/15s  5429.00 iters/s

running (04.8s), 00247/05429 VUs, 26020 complete and 0 interrupted iterations
default   [  32% ] 00247/05429 VUs  04.8s/15s  5429.00 iters/s

running (05.8s), 00551/05429 VUs, 31140 complete and 0 interrupted iterations
default   [  39% ] 00551/05429 VUs  05.8s/15s  5429.00 iters/s

running (06.8s), 00655/05429 VUs, 36465 complete and 0 interrupted iterations
default   [  46% ] 00655/05429 VUs  06.8s/15s  5429.00 iters/s

running (07.8s), 00556/05429 VUs, 41993 complete and 0 interrupted iterations
default   [  52% ] 00556/05429 VUs  07.8s/15s  5429.00 iters/s

running (08.8s), 00501/05429 VUs, 47478 complete and 0 interrupted iterations
default   [  59% ] 00501/05429 VUs  08.8s/15s  5429.00 iters/s

running (09.8s), 00262/05429 VUs, 53167 complete and 0 interrupted iterations
default   [  66% ] 00261/05429 VUs  09.8s/15s  5429.00 iters/s

running (10.8s), 00233/05429 VUs, 58603 complete and 0 interrupted iterations
default   [  72% ] 00233/05429 VUs  10.8s/15s  5429.00 iters/s

running (11.8s), 00285/05429 VUs, 63981 complete and 0 interrupted iterations
default   [  79% ] 00285/05429 VUs  11.8s/15s  5429.00 iters/s

running (12.8s), 00254/05429 VUs, 69440 complete and 0 interrupted iterations
default   [  86% ] 00254/05429 VUs  12.8s/15s  5429.00 iters/s

running (13.8s), 00241/05429 VUs, 74882 complete and 0 interrupted iterations
default   [  92% ] 00241/05429 VUs  13.8s/15s  5429.00 iters/s

running (14.8s), 00277/05429 VUs, 80273 complete and 0 interrupted iterations
default   [  99% ] 00277/05429 VUs  14.8s/15s  5429.00 iters/s


  █ TOTAL RESULTS 

    HTTP
    http_req_duration..............: avg=81.97ms min=37.41ms med=72.16ms max=169.24ms p(90)=125.4ms p(95)=130.03ms
      { expected_response:true }...: avg=81.97ms min=37.41ms med=72.16ms max=169.24ms p(90)=125.4ms p(95)=130.03ms
    http_req_failed................: 0.00%  0 out of 81172
    http_reqs......................: 81172  5408.001494/s

    EXECUTION
    iteration_duration.............: avg=82.06ms min=37.47ms med=72.24ms max=169.49ms p(90)=125.5ms p(95)=130.26ms
    iterations.....................: 81172  5408.001494/s
    vus............................: 282    min=233        max=686 
    vus_max........................: 5429   min=5429       max=5429

    NETWORK
    data_received..................: 17 MB  1.1 MB/s
    data_sent......................: 8.1 MB 543 kB/s




running (15.0s), 00000/05429 VUs, 81169 complete and 267 interrupted iterations
default ✓ [ 100% ] 00267/05429 VUs  15s  5429.00 iters/s
