
         /\      Grafana   /‾‾/  
    /\  /  \     |\  __   /  /   
   /  \/    \    | |/ /  /   ‾‾\ 
  /          \   |   (  |  (‾)  |
 / __________ \  |_|\_\  \_____/ 

     execution: local
        script: workflow/spin/k6_open_client.js
        output: -

     scenarios: (100.00%) 1 scenario, 10000 max VUs, 15s max duration (incl. graceful stop):
              * default: 4410.00 iterations/s for 15s (maxVUs: 4410-10000)


running (00.8s), 00557/04410 VUs, 3164 complete and 0 interrupted iterations
default   [   6% ] 00557/04410 VUs  00.8s/15s  4410.00 iters/s

running (01.8s), 00637/04410 VUs, 7495 complete and 0 interrupted iterations
default   [  12% ] 00637/04410 VUs  01.8s/15s  4410.00 iters/s

running (02.8s), 00666/04410 VUs, 11875 complete and 0 interrupted iterations
default   [  19% ] 00666/04410 VUs  02.8s/15s  4410.00 iters/s

running (03.8s), 00629/04410 VUs, 16322 complete and 0 interrupted iterations
default   [  26% ] 00629/04410 VUs  03.8s/15s  4410.00 iters/s

running (04.8s), 00580/04410 VUs, 20778 complete and 0 interrupted iterations
default   [  32% ] 00581/04410 VUs  04.8s/15s  4410.00 iters/s

running (05.8s), 00496/04410 VUs, 25276 complete and 0 interrupted iterations
default   [  39% ] 00495/04410 VUs  05.8s/15s  4410.00 iters/s

running (06.8s), 00497/04410 VUs, 29685 complete and 0 interrupted iterations
default   [  46% ] 00497/04410 VUs  06.8s/15s  4410.00 iters/s

running (07.8s), 00388/04410 VUs, 34203 complete and 0 interrupted iterations
default   [  52% ] 00388/04410 VUs  07.8s/15s  4410.00 iters/s

running (08.8s), 00333/04410 VUs, 38668 complete and 0 interrupted iterations
default   [  59% ] 00333/04410 VUs  08.8s/15s  4410.00 iters/s

running (09.8s), 00387/04410 VUs, 43024 complete and 0 interrupted iterations
default   [  66% ] 00387/04410 VUs  09.8s/15s  4410.00 iters/s

running (10.8s), 00468/04410 VUs, 47355 complete and 0 interrupted iterations
default   [  72% ] 00469/04410 VUs  10.8s/15s  4410.00 iters/s

running (11.8s), 00364/04410 VUs, 51868 complete and 0 interrupted iterations
default   [  79% ] 00364/04410 VUs  11.8s/15s  4410.00 iters/s

running (12.8s), 00287/04410 VUs, 56355 complete and 0 interrupted iterations
default   [  86% ] 00287/04410 VUs  12.8s/15s  4410.00 iters/s

running (13.8s), 00271/04410 VUs, 60781 complete and 0 interrupted iterations
default   [  92% ] 00271/04410 VUs  13.8s/15s  4410.00 iters/s

running (14.8s), 00257/04410 VUs, 65201 complete and 0 interrupted iterations
default   [  99% ] 00257/04410 VUs  14.8s/15s  4410.00 iters/s


  █ TOTAL RESULTS 

    HTTP
    http_req_duration..............: avg=105.18ms min=50.04ms med=104.83ms max=169.51ms p(90)=145.83ms p(95)=149.69ms
      { expected_response:true }...: avg=105.18ms min=50.04ms med=104.83ms max=169.51ms p(90)=145.83ms p(95)=149.69ms
    http_req_failed................: 0.00% 0 out of 65841
    http_reqs......................: 65841 4387.175032/s

    EXECUTION
    iteration_duration.............: avg=105.28ms min=50.11ms med=104.91ms max=169.62ms p(90)=145.92ms p(95)=149.77ms
    iterations.....................: 65841 4387.175032/s
    vus............................: 267   min=267        max=664 
    vus_max........................: 4410  min=4410       max=4410

    NETWORK
    data_received..................: 13 MB 891 kB/s
    data_sent......................: 13 MB 846 kB/s




running (15.0s), 00000/04410 VUs, 65841 complete and 310 interrupted iterations
default ✓ [ 100% ] 00310/04410 VUs  15s  4410.00 iters/s
