
         /\      Grafana   /‾‾/  
    /\  /  \     |\  __   /  /   
   /  \/    \    | |/ /  /   ‾‾\ 
  /          \   |   (  |  (‾)  |
 / __________ \  |_|\_\  \_____/ 

     execution: local
        script: workflow/online_boutique/k6_open_checkout.js
        output: -

     scenarios: (100.00%) 1 scenario, 10000 max VUs, 15s max duration (incl. graceful stop):
              * default: 41.00 iterations/s for 15s (maxVUs: 41-10000)


running (01.0s), 00003/00041 VUs, 38 complete and 0 interrupted iterations
default   [   7% ] 00003/00041 VUs  01.0s/15s  41.00 iters/s

running (02.0s), 00005/00041 VUs, 77 complete and 0 interrupted iterations
default   [  13% ] 00005/00041 VUs  02.0s/15s  41.00 iters/s

running (03.0s), 00008/00041 VUs, 115 complete and 0 interrupted iterations
default   [  20% ] 00008/00041 VUs  03.0s/15s  41.00 iters/s

running (04.0s), 00010/00041 VUs, 154 complete and 0 interrupted iterations
default   [  27% ] 00010/00041 VUs  04.0s/15s  41.00 iters/s

running (05.0s), 00012/00041 VUs, 193 complete and 0 interrupted iterations
default   [  33% ] 00012/00041 VUs  05.0s/15s  41.00 iters/s

running (06.0s), 00014/00041 VUs, 232 complete and 0 interrupted iterations
default   [  40% ] 00014/00041 VUs  06.0s/15s  41.00 iters/s

running (07.0s), 00017/00041 VUs, 270 complete and 0 interrupted iterations
default   [  47% ] 00017/00041 VUs  07.0s/15s  41.00 iters/s

running (08.0s), 00020/00041 VUs, 308 complete and 0 interrupted iterations
default   [  53% ] 00020/00041 VUs  08.0s/15s  41.00 iters/s

running (09.0s), 00022/00041 VUs, 347 complete and 0 interrupted iterations
default   [  60% ] 00022/00041 VUs  09.0s/15s  41.00 iters/s

running (10.0s), 00024/00041 VUs, 386 complete and 0 interrupted iterations
default   [  67% ] 00024/00041 VUs  10.0s/15s  41.00 iters/s

running (11.0s), 00026/00041 VUs, 425 complete and 0 interrupted iterations
default   [  73% ] 00026/00041 VUs  11.0s/15s  41.00 iters/s

running (12.0s), 00029/00041 VUs, 463 complete and 0 interrupted iterations
default   [  80% ] 00029/00041 VUs  12.0s/15s  41.00 iters/s

running (13.0s), 00031/00041 VUs, 502 complete and 0 interrupted iterations
default   [  87% ] 00031/00041 VUs  13.0s/15s  41.00 iters/s

running (14.0s), 00033/00041 VUs, 541 complete and 0 interrupted iterations
default   [  93% ] 00033/00041 VUs  14.0s/15s  41.00 iters/s

running (15.0s), 00034/00041 VUs, 581 complete and 0 interrupted iterations
default   [ 100% ] 00034/00041 VUs  15.0s/15s  41.00 iters/s


  █ TOTAL RESULTS 

    CUSTOM
    online_boutique_application_errors...: 0.00%  0 out of 581

    HTTP
    http_req_duration....................: avg=441.64ms min=29.25ms med=437.39ms max=841.31ms p(90)=782.5ms  p(95)=809.09ms
      { expected_response:true }.........: avg=441.64ms min=29.25ms med=437.39ms max=841.31ms p(90)=782.5ms  p(95)=809.09ms
    http_req_failed......................: 0.00%  0 out of 581
    http_reqs............................: 581    38.729829/s

    EXECUTION
    iteration_duration...................: avg=441.93ms min=30ms    med=437.7ms  max=841.58ms p(90)=782.75ms p(95)=809.29ms
    iterations...........................: 581    38.729829/s
    vus..................................: 34     min=3        max=34
    vus_max..............................: 41     min=41       max=41

    NETWORK
    data_received........................: 1.2 MB 78 kB/s
    data_sent............................: 341 kB 23 kB/s




running (15.0s), 00000/00041 VUs, 581 complete and 35 interrupted iterations
default ✓ [ 100% ] 00035/00041 VUs  15s  41.00 iters/s
