
         /\      Grafana   /‾‾/  
    /\  /  \     |\  __   /  /   
   /  \/    \    | |/ /  /   ‾‾\ 
  /          \   |   (  |  (‾)  |
 / __________ \  |_|\_\  \_____/ 

     execution: local
        script: workflow/spin/k6_open_client.js
        output: -

     scenarios: (100.00%) 1 scenario, 10000 max VUs, 15s max duration (incl. graceful stop):
              * default: 4346.00 iterations/s for 15s (maxVUs: 4346-10000)


running (00.9s), 00156/04346 VUs, 3548 complete and 0 interrupted iterations
default   [   6% ] 00156/04346 VUs  00.9s/15s  4346.00 iters/s

running (01.9s), 00052/04346 VUs, 7998 complete and 0 interrupted iterations
default   [  12% ] 00052/04346 VUs  01.9s/15s  4346.00 iters/s

running (02.9s), 00058/04346 VUs, 12339 complete and 0 interrupted iterations
default   [  19% ] 00058/04346 VUs  02.9s/15s  4346.00 iters/s

running (03.9s), 00068/04346 VUs, 16674 complete and 0 interrupted iterations
default   [  26% ] 00067/04346 VUs  03.9s/15s  4346.00 iters/s

running (04.9s), 00028/04346 VUs, 21060 complete and 0 interrupted iterations
default   [  32% ] 00028/04346 VUs  04.9s/15s  4346.00 iters/s

running (05.9s), 00071/04346 VUs, 25363 complete and 0 interrupted iterations
default   [  39% ] 00071/04346 VUs  05.9s/15s  4346.00 iters/s

running (06.9s), 00124/04346 VUs, 29656 complete and 0 interrupted iterations
default   [  46% ] 00124/04346 VUs  06.9s/15s  4346.00 iters/s

running (07.9s), 00251/04346 VUs, 33875 complete and 0 interrupted iterations
default   [  52% ] 00251/04346 VUs  07.9s/15s  4346.00 iters/s

running (08.9s), 00072/04346 VUs, 38400 complete and 0 interrupted iterations
default   [  59% ] 00072/04346 VUs  08.9s/15s  4346.00 iters/s

running (09.9s), 00066/04346 VUs, 42752 complete and 0 interrupted iterations
default   [  66% ] 00066/04346 VUs  09.9s/15s  4346.00 iters/s

running (10.9s), 00051/04346 VUs, 47113 complete and 0 interrupted iterations
default   [  72% ] 00051/04346 VUs  10.9s/15s  4346.00 iters/s

running (11.9s), 00046/04346 VUs, 51464 complete and 0 interrupted iterations
default   [  79% ] 00046/04346 VUs  11.9s/15s  4346.00 iters/s

running (12.9s), 00077/04346 VUs, 55779 complete and 0 interrupted iterations
default   [  86% ] 00077/04346 VUs  12.9s/15s  4346.00 iters/s

running (13.9s), 00042/04346 VUs, 60160 complete and 0 interrupted iterations
default   [  92% ] 00042/04346 VUs  13.9s/15s  4346.00 iters/s

running (14.9s), 00049/04346 VUs, 64502 complete and 0 interrupted iterations
default   [  99% ] 00049/04346 VUs  14.9s/15s  4346.00 iters/s


  █ TOTAL RESULTS 

    HTTP
    http_req_duration..............: avg=18.98ms min=4.81ms med=14.52ms max=129.05ms p(90)=31.96ms p(95)=56.2ms 
      { expected_response:true }...: avg=18.98ms min=4.81ms med=14.52ms max=129.05ms p(90)=31.96ms p(95)=56.2ms 
    http_req_failed................: 0.00% 0 out of 65078
    http_reqs......................: 65078 4336.529179/s

    EXECUTION
    iteration_duration.............: avg=19.08ms min=4.89ms med=14.61ms max=129.31ms p(90)=32.09ms p(95)=56.45ms
    iterations.....................: 65078 4336.529179/s
    vus............................: 47    min=28         max=250 
    vus_max........................: 4346  min=4346       max=4346

    NETWORK
    data_received..................: 13 MB 880 kB/s
    data_sent......................: 13 MB 834 kB/s




running (15.0s), 00000/04346 VUs, 65075 complete and 114 interrupted iterations
default ✓ [ 100% ] 00114/04346 VUs  15s  4346.00 iters/s
