
         /\      Grafana   /‾‾/  
    /\  /  \     |\  __   /  /   
   /  \/    \    | |/ /  /   ‾‾\ 
  /          \   |   (  |  (‾)  |
 / __________ \  |_|\_\  \_____/ 

     execution: local
        script: workflow/hotel/k6_open_hotels_client.js
        output: -

     scenarios: (100.00%) 1 scenario, 10000 max VUs, 15s max duration (incl. graceful stop):
              * default: 3944.00 iterations/s for 15s (maxVUs: 3944-10000)


running (00.9s), 00370/03944 VUs, 3057 complete and 0 interrupted iterations
default   [   6% ] 00370/03944 VUs  00.9s/15s  3944.00 iters/s

running (01.9s), 00296/03944 VUs, 7075 complete and 0 interrupted iterations
default   [  12% ] 00296/03944 VUs  01.9s/15s  3944.00 iters/s

running (02.9s), 00260/03944 VUs, 11055 complete and 0 interrupted iterations
default   [  19% ] 00260/03944 VUs  02.9s/15s  3944.00 iters/s

running (03.9s), 00218/03944 VUs, 15041 complete and 0 interrupted iterations
default   [  26% ] 00218/03944 VUs  03.9s/15s  3944.00 iters/s

running (04.9s), 00303/03944 VUs, 18902 complete and 0 interrupted iterations
default   [  32% ] 00303/03944 VUs  04.9s/15s  3944.00 iters/s

running (05.9s), 00252/03944 VUs, 22896 complete and 0 interrupted iterations
default   [  39% ] 00252/03944 VUs  05.9s/15s  3944.00 iters/s

running (06.9s), 00238/03944 VUs, 26853 complete and 0 interrupted iterations
default   [  46% ] 00238/03944 VUs  06.9s/15s  3944.00 iters/s

running (07.9s), 00272/03944 VUs, 30763 complete and 0 interrupted iterations
default   [  52% ] 00272/03944 VUs  07.9s/15s  3944.00 iters/s

running (08.9s), 00612/03944 VUs, 34370 complete and 0 interrupted iterations
default   [  59% ] 00612/03944 VUs  08.9s/15s  3944.00 iters/s

running (09.9s), 00304/03944 VUs, 38621 complete and 0 interrupted iterations
default   [  66% ] 00304/03944 VUs  09.9s/15s  3944.00 iters/s

running (10.9s), 00251/03944 VUs, 42616 complete and 0 interrupted iterations
default   [  72% ] 00251/03944 VUs  10.9s/15s  3944.00 iters/s

running (11.9s), 00308/03944 VUs, 46504 complete and 0 interrupted iterations
default   [  79% ] 00308/03944 VUs  11.9s/15s  3944.00 iters/s

running (12.9s), 00248/03944 VUs, 50507 complete and 0 interrupted iterations
default   [  86% ] 00247/03944 VUs  12.9s/15s  3944.00 iters/s

running (13.9s), 00221/03944 VUs, 54478 complete and 0 interrupted iterations
default   [  92% ] 00221/03944 VUs  13.9s/15s  3944.00 iters/s

running (14.9s), 00258/03944 VUs, 58385 complete and 0 interrupted iterations
default   [  99% ] 00258/03944 VUs  14.9s/15s  3944.00 iters/s


  █ TOTAL RESULTS 

    HTTP
    http_req_duration..............: avg=76.72ms min=46.15ms med=68.41ms max=171.31ms p(90)=108.33ms p(95)=127.68ms
      { expected_response:true }...: avg=76.72ms min=46.15ms med=68.41ms max=171.31ms p(90)=108.33ms p(95)=127.68ms
    http_req_failed................: 0.00% 0 out of 58954
    http_reqs......................: 58954 3928.529637/s

    EXECUTION
    iteration_duration.............: avg=76.86ms min=46.31ms med=68.53ms max=171.42ms p(90)=108.59ms p(95)=127.8ms 
    iterations.....................: 58954 3928.529637/s
    vus............................: 258   min=218        max=610 
    vus_max........................: 3944  min=3944       max=3944

    NETWORK
    data_received..................: 17 MB 1.1 MB/s
    data_sent......................: 19 MB 1.3 MB/s




running (15.0s), 00000/03944 VUs, 58948 complete and 213 interrupted iterations
default ✓ [ 100% ] 00213/03944 VUs  15s  3944.00 iters/s
