
         /\      Grafana   /‾‾/  
    /\  /  \     |\  __   /  /   
   /  \/    \    | |/ /  /   ‾‾\ 
  /          \   |   (  |  (‾)  |
 / __________ \  |_|\_\  \_____/ 

     execution: local
        script: workflow/response/k6_open_client.js
        output: -

     scenarios: (100.00%) 1 scenario, 10000 max VUs, 15s max duration (incl. graceful stop):
              * default: 228.00 iterations/s for 15s (maxVUs: 228-10000)


running (01.0s), 00016/00228 VUs, 209 complete and 0 interrupted iterations
default   [   7% ] 00016/00228 VUs  01.0s/15s  228.00 iters/s

running (02.0s), 00011/00228 VUs, 442 complete and 0 interrupted iterations
default   [  13% ] 00011/00228 VUs  02.0s/15s  228.00 iters/s

running (03.0s), 00017/00228 VUs, 664 complete and 0 interrupted iterations
default   [  20% ] 00017/00228 VUs  03.0s/15s  228.00 iters/s

running (04.0s), 00008/00228 VUs, 901 complete and 0 interrupted iterations
default   [  27% ] 00008/00228 VUs  04.0s/15s  228.00 iters/s

running (05.0s), 00009/00228 VUs, 1128 complete and 0 interrupted iterations
default   [  33% ] 00009/00228 VUs  05.0s/15s  228.00 iters/s

running (06.0s), 00009/00228 VUs, 1356 complete and 0 interrupted iterations
default   [  40% ] 00009/00228 VUs  06.0s/15s  228.00 iters/s

running (07.0s), 00014/00228 VUs, 1579 complete and 0 interrupted iterations
default   [  47% ] 00014/00228 VUs  07.0s/15s  228.00 iters/s

running (08.0s), 00009/00228 VUs, 1812 complete and 0 interrupted iterations
default   [  53% ] 00009/00228 VUs  08.0s/15s  228.00 iters/s

running (09.0s), 00008/00228 VUs, 2041 complete and 0 interrupted iterations
default   [  60% ] 00008/00228 VUs  09.0s/15s  228.00 iters/s

running (10.0s), 00014/00228 VUs, 2263 complete and 0 interrupted iterations
default   [  67% ] 00014/00228 VUs  10.0s/15s  228.00 iters/s

running (11.0s), 00013/00228 VUs, 2492 complete and 0 interrupted iterations
default   [  73% ] 00013/00228 VUs  11.0s/15s  228.00 iters/s

running (12.0s), 00014/00228 VUs, 2719 complete and 0 interrupted iterations
default   [  80% ] 00014/00228 VUs  12.0s/15s  228.00 iters/s

running (13.0s), 00012/00228 VUs, 2949 complete and 0 interrupted iterations
default   [  87% ] 00012/00228 VUs  13.0s/15s  228.00 iters/s

running (14.0s), 00011/00228 VUs, 3178 complete and 0 interrupted iterations
default   [  93% ] 00011/00228 VUs  14.0s/15s  228.00 iters/s

running (15.0s), 00011/00228 VUs, 3406 complete and 0 interrupted iterations
default   [ 100% ] 00011/00228 VUs  15.0s/15s  228.00 iters/s


  █ TOTAL RESULTS 

    HTTP
    http_req_duration..............: avg=47.3ms min=26.3ms  med=47.16ms max=80.89ms p(90)=60.21ms p(95)=62.49ms
      { expected_response:true }...: avg=47.3ms min=26.3ms  med=47.16ms max=80.89ms p(90)=60.21ms p(95)=62.49ms
    http_req_failed................: 0.00%  0 out of 3407
    http_reqs......................: 3407   227.119468/s

    EXECUTION
    iteration_duration.............: avg=47.4ms min=26.36ms med=47.28ms max=81.1ms  p(90)=60.31ms p(95)=62.58ms
    iterations.....................: 3407   227.119468/s
    vus............................: 11     min=8         max=17 
    vus_max........................: 228    min=228       max=228

    NETWORK
    data_received..................: 686 kB 46 kB/s
    data_sent......................: 670 kB 45 kB/s




running (15.0s), 00000/00228 VUs, 3406 complete and 15 interrupted iterations
default ✓ [ 100% ] 00015/00228 VUs  15s  228.00 iters/s
