
         /\      Grafana   /‾‾/  
    /\  /  \     |\  __   /  /   
   /  \/    \    | |/ /  /   ‾‾\ 
  /          \   |   (  |  (‾)  |
 / __________ \  |_|\_\  \_____/ 

     execution: local
        script: workflow/spin/k6_open_client.js
        output: -

     scenarios: (100.00%) 1 scenario, 10000 max VUs, 15s max duration (incl. graceful stop):
              * default: 2311.00 iterations/s for 15s (maxVUs: 2311-10000)


running (00.9s), 00225/02311 VUs, 1897 complete and 0 interrupted iterations
default   [   6% ] 00225/02311 VUs  00.9s/15s  2311.00 iters/s

running (01.9s), 00376/02311 VUs, 4059 complete and 0 interrupted iterations
default   [  13% ] 00376/02311 VUs  01.9s/15s  2311.00 iters/s

running (02.9s), 00498/02311 VUs, 6246 complete and 0 interrupted iterations
default   [  19% ] 00498/02311 VUs  02.9s/15s  2311.00 iters/s

running (03.9s), 00629/02311 VUs, 8425 complete and 0 interrupted iterations
default   [  26% ] 00629/02311 VUs  03.9s/15s  2311.00 iters/s

running (04.9s), 00724/02311 VUs, 10641 complete and 0 interrupted iterations
default   [  33% ] 00724/02311 VUs  04.9s/15s  2311.00 iters/s

running (05.9s), 00918/02311 VUs, 12760 complete and 0 interrupted iterations
default   [  39% ] 00918/02311 VUs  05.9s/15s  2311.00 iters/s

running (06.9s), 01039/02311 VUs, 14949 complete and 0 interrupted iterations
default   [  46% ] 01039/02311 VUs  06.9s/15s  2311.00 iters/s

running (07.9s), 01162/02311 VUs, 17137 complete and 0 interrupted iterations
default   [  53% ] 01162/02311 VUs  07.9s/15s  2311.00 iters/s

running (08.9s), 01268/02311 VUs, 19342 complete and 0 interrupted iterations
default   [  59% ] 01268/02311 VUs  08.9s/15s  2311.00 iters/s

running (09.9s), 01413/02311 VUs, 21508 complete and 0 interrupted iterations
default   [  66% ] 01413/02311 VUs  09.9s/15s  2311.00 iters/s

running (10.9s), 01533/02311 VUs, 23700 complete and 0 interrupted iterations
default   [  73% ] 01533/02311 VUs  10.9s/15s  2311.00 iters/s

running (11.9s), 01634/02311 VUs, 25910 complete and 0 interrupted iterations
default   [  79% ] 01634/02311 VUs  11.9s/15s  2311.00 iters/s

running (12.9s), 01732/02311 VUs, 28121 complete and 0 interrupted iterations
default   [  86% ] 01732/02311 VUs  12.9s/15s  2311.00 iters/s

running (13.9s), 01760/02311 VUs, 30407 complete and 0 interrupted iterations
default   [  93% ] 01760/02311 VUs  13.9s/15s  2311.00 iters/s

running (14.9s), 01872/02311 VUs, 32606 complete and 0 interrupted iterations
default   [  99% ] 01872/02311 VUs  14.9s/15s  2311.00 iters/s


  █ TOTAL RESULTS 

    HTTP
    http_req_duration..............: avg=468.32ms min=37.61ms med=486.19ms max=814.22ms p(90)=763.88ms p(95)=781.49ms
      { expected_response:true }...: avg=468.32ms min=37.61ms med=486.19ms max=814.22ms p(90)=763.88ms p(95)=781.49ms
    http_req_failed................: 0.00%  0 out of 32791
    http_reqs......................: 32791  2184.413748/s

    EXECUTION
    iteration_duration.............: avg=468.41ms min=37.85ms med=486.27ms max=814.32ms p(90)=763.97ms p(95)=781.57ms
    iterations.....................: 32791  2184.413748/s
    vus............................: 1870   min=224        max=1870
    vus_max........................: 2311   min=2311       max=2311

    NETWORK
    data_received..................: 6.7 MB 443 kB/s
    data_sent......................: 6.7 MB 443 kB/s




running (15.0s), 00000/02311 VUs, 32791 complete and 1873 interrupted iterations
default ✓ [ 100% ] 01873/02311 VUs  15s  2311.00 iters/s
