
         /\      Grafana   /‾‾/  
    /\  /  \     |\  __   /  /   
   /  \/    \    | |/ /  /   ‾‾\ 
  /          \   |   (  |  (‾)  |
 / __________ \  |_|\_\  \_____/ 

     execution: local
        script: workflow/online_boutique/k6_open_checkout.js
        output: -

     scenarios: (100.00%) 1 scenario, 10000 max VUs, 15s max duration (incl. graceful stop):
              * default: 80.00 iterations/s for 15s (maxVUs: 80-10000)


running (01.0s), 00030/00080 VUs, 50 complete and 0 interrupted iterations
default   [   7% ] 00030/00080 VUs  01.0s/15s  80.00 iters/s

running (02.0s), 00035/00080 VUs, 125 complete and 0 interrupted iterations
default   [  13% ] 00035/00080 VUs  02.0s/15s  80.00 iters/s

running (03.0s), 00040/00080 VUs, 200 complete and 0 interrupted iterations
default   [  20% ] 00040/00080 VUs  03.0s/15s  80.00 iters/s

running (04.0s), 00020/00080 VUs, 300 complete and 0 interrupted iterations
default   [  27% ] 00020/00080 VUs  04.0s/15s  80.00 iters/s

running (05.0s), 00025/00080 VUs, 375 complete and 0 interrupted iterations
default   [  33% ] 00025/00080 VUs  05.0s/15s  80.00 iters/s

running (06.0s), 00030/00080 VUs, 450 complete and 0 interrupted iterations
default   [  40% ] 00030/00080 VUs  06.0s/15s  80.00 iters/s

running (07.0s), 00037/00080 VUs, 523 complete and 0 interrupted iterations
default   [  47% ] 00037/00080 VUs  07.0s/15s  80.00 iters/s

running (08.0s), 00018/00080 VUs, 622 complete and 0 interrupted iterations
default   [  53% ] 00018/00080 VUs  08.0s/15s  80.00 iters/s

running (09.0s), 00023/00080 VUs, 697 complete and 0 interrupted iterations
default   [  60% ] 00023/00080 VUs  09.0s/15s  80.00 iters/s

running (10.0s), 00029/00080 VUs, 771 complete and 0 interrupted iterations
default   [  67% ] 00029/00080 VUs  10.0s/15s  80.00 iters/s

running (11.0s), 00034/00080 VUs, 846 complete and 0 interrupted iterations
default   [  73% ] 00034/00080 VUs  11.0s/15s  80.00 iters/s

running (12.0s), 00041/00080 VUs, 919 complete and 0 interrupted iterations
default   [  80% ] 00041/00080 VUs  12.0s/15s  80.00 iters/s

running (13.0s), 00022/00080 VUs, 1018 complete and 0 interrupted iterations
default   [  87% ] 00022/00080 VUs  13.0s/15s  80.00 iters/s

running (14.0s), 00027/00080 VUs, 1093 complete and 0 interrupted iterations
default   [  93% ] 00027/00080 VUs  14.0s/15s  80.00 iters/s

running (15.0s), 00032/00080 VUs, 1168 complete and 0 interrupted iterations
default   [ 100% ] 00032/00080 VUs  15.0s/15s  80.00 iters/s


  █ TOTAL RESULTS 

    CUSTOM
    online_boutique_application_errors...: 0.00%  0 out of 1168

    HTTP
    http_req_duration....................: avg=364.82ms min=193.9ms  med=365.08ms max=524.72ms p(90)=486.87ms p(95)=501.24ms
      { expected_response:true }.........: avg=364.82ms min=193.9ms  med=365.08ms max=524.72ms p(90)=486.87ms p(95)=501.24ms
    http_req_failed......................: 0.00%  0 out of 1168
    http_reqs............................: 1168   77.862395/s

    EXECUTION
    iteration_duration...................: avg=365.07ms min=194.11ms med=365.27ms max=524.99ms p(90)=487.26ms p(95)=501.51ms
    iterations...........................: 1168   77.862395/s
    vus..................................: 32     min=18        max=41
    vus_max..............................: 80     min=80        max=80

    NETWORK
    data_received........................: 2.4 MB 158 kB/s
    data_sent............................: 667 kB 44 kB/s




running (15.0s), 00000/00080 VUs, 1168 complete and 33 interrupted iterations
default ✓ [ 100% ] 00033/00080 VUs  15s  80.00 iters/s
