
         /\      Grafana   /‾‾/  
    /\  /  \     |\  __   /  /   
   /  \/    \    | |/ /  /   ‾‾\ 
  /          \   |   (  |  (‾)  |
 / __________ \  |_|\_\  \_____/ 

     execution: local
        script: workflow/spin/k6_open_client.js
        output: -

     scenarios: (100.00%) 1 scenario, 10000 max VUs, 15s max duration (incl. graceful stop):
              * default: 3015.00 iterations/s for 15s (maxVUs: 3015-10000)


running (00.9s), 00165/03015 VUs, 2556 complete and 0 interrupted iterations
default   [   6% ] 00165/03015 VUs  00.9s/15s  3015.00 iters/s

running (01.9s), 00174/03015 VUs, 5561 complete and 0 interrupted iterations
default   [  13% ] 00174/03015 VUs  01.9s/15s  3015.00 iters/s

running (02.9s), 00204/03015 VUs, 8550 complete and 0 interrupted iterations
default   [  19% ] 00204/03015 VUs  02.9s/15s  3015.00 iters/s

running (03.9s), 00117/03015 VUs, 11650 complete and 0 interrupted iterations
default   [  26% ] 00117/03015 VUs  03.9s/15s  3015.00 iters/s

running (04.9s), 00173/03015 VUs, 14609 complete and 0 interrupted iterations
default   [  33% ] 00173/03015 VUs  04.9s/15s  3015.00 iters/s

running (05.9s), 00175/03015 VUs, 17624 complete and 0 interrupted iterations
default   [  39% ] 00175/03015 VUs  05.9s/15s  3015.00 iters/s

running (06.9s), 00141/03015 VUs, 20668 complete and 0 interrupted iterations
default   [  46% ] 00142/03015 VUs  06.9s/15s  3015.00 iters/s

running (07.9s), 00195/03015 VUs, 23632 complete and 0 interrupted iterations
default   [  53% ] 00194/03015 VUs  07.9s/15s  3015.00 iters/s

running (08.9s), 00112/03015 VUs, 26731 complete and 0 interrupted iterations
default   [  59% ] 00112/03015 VUs  08.9s/15s  3015.00 iters/s

running (09.9s), 00106/03015 VUs, 29752 complete and 0 interrupted iterations
default   [  66% ] 00106/03015 VUs  09.9s/15s  3015.00 iters/s

running (10.9s), 00126/03015 VUs, 32746 complete and 0 interrupted iterations
default   [  73% ] 00126/03015 VUs  10.9s/15s  3015.00 iters/s

running (11.9s), 00198/03015 VUs, 35692 complete and 0 interrupted iterations
default   [  79% ] 00198/03015 VUs  11.9s/15s  3015.00 iters/s

running (12.9s), 00171/03015 VUs, 38732 complete and 0 interrupted iterations
default   [  86% ] 00171/03015 VUs  12.9s/15s  3015.00 iters/s

running (13.9s), 00159/03015 VUs, 41758 complete and 0 interrupted iterations
default   [  93% ] 00159/03015 VUs  13.9s/15s  3015.00 iters/s

running (14.9s), 00165/03015 VUs, 44764 complete and 0 interrupted iterations
default   [  99% ] 00166/03015 VUs  14.9s/15s  3015.00 iters/s


  █ TOTAL RESULTS 

    HTTP
    http_req_duration..............: avg=49.17ms min=24.97ms med=48.99ms max=94.4ms  p(90)=58.74ms p(95)=61.41ms
      { expected_response:true }...: avg=49.17ms min=24.97ms med=48.99ms max=94.4ms  p(90)=58.74ms p(95)=61.41ms
    http_req_failed................: 0.00%  0 out of 45057
    http_reqs......................: 45057  3002.734553/s

    EXECUTION
    iteration_duration.............: avg=49.26ms min=25.1ms  med=49.08ms max=94.54ms p(90)=58.85ms p(95)=61.53ms
    iterations.....................: 45057  3002.734553/s
    vus............................: 165    min=106        max=201 
    vus_max........................: 3015   min=3015       max=3015

    NETWORK
    data_received..................: 9.1 MB 610 kB/s
    data_sent......................: 8.7 MB 578 kB/s




running (15.0s), 00000/03015 VUs, 45057 complete and 168 interrupted iterations
default ✓ [ 100% ] 00168/03015 VUs  15s  3015.00 iters/s
