
         /\      Grafana   /‾‾/  
    /\  /  \     |\  __   /  /   
   /  \/    \    | |/ /  /   ‾‾\ 
  /          \   |   (  |  (‾)  |
 / __________ \  |_|\_\  \_____/ 

     execution: local
        script: workflow/spin/k6_open_client.js
        output: -

     scenarios: (100.00%) 1 scenario, 10000 max VUs, 15s max duration (incl. graceful stop):
              * default: 1847.00 iterations/s for 15s (maxVUs: 1847-10000)


running (00.9s), 00773/01847 VUs, 950 complete and 0 interrupted iterations
default   [   6% ] 00773/01847 VUs  00.9s/15s  1847.00 iters/s

running (01.9s), 01010/01847 VUs, 2560 complete and 0 interrupted iterations
default   [  13% ] 01010/01847 VUs  01.9s/15s  1847.00 iters/s

running (02.9s), 00809/01847 VUs, 4608 complete and 0 interrupted iterations
default   [  20% ] 00809/01847 VUs  02.9s/15s  1847.00 iters/s

running (03.9s), 01113/01847 VUs, 6151 complete and 0 interrupted iterations
default   [  26% ] 01113/01847 VUs  03.9s/15s  1847.00 iters/s

running (04.9s), 00919/01847 VUs, 8192 complete and 0 interrupted iterations
default   [  33% ] 00920/01847 VUs  04.9s/15s  1847.00 iters/s

running (05.9s), 00718/01847 VUs, 10240 complete and 0 interrupted iterations
default   [  40% ] 00718/01847 VUs  05.9s/15s  1847.00 iters/s

running (06.9s), 00900/01847 VUs, 11905 complete and 0 interrupted iterations
default   [  46% ] 00899/01847 VUs  06.9s/15s  1847.00 iters/s

running (07.9s), 00827/01847 VUs, 13824 complete and 0 interrupted iterations
default   [  53% ] 00827/01847 VUs  07.9s/15s  1847.00 iters/s

running (08.9s), 00841/01847 VUs, 15658 complete and 0 interrupted iterations
default   [  60% ] 00841/01847 VUs  08.9s/15s  1847.00 iters/s

running (09.9s), 00939/01847 VUs, 17408 complete and 0 interrupted iterations
default   [  66% ] 00939/01847 VUs  09.9s/15s  1847.00 iters/s

running (10.9s), 00735/01847 VUs, 19456 complete and 0 interrupted iterations
default   [  73% ] 00735/01847 VUs  10.9s/15s  1847.00 iters/s

running (11.9s), 01047/01847 VUs, 20992 complete and 0 interrupted iterations
default   [  80% ] 01048/01847 VUs  11.9s/15s  1847.00 iters/s

running (12.9s), 00847/01847 VUs, 23040 complete and 0 interrupted iterations
default   [  86% ] 00847/01847 VUs  12.9s/15s  1847.00 iters/s

running (13.9s), 00760/01847 VUs, 24974 complete and 0 interrupted iterations
default   [  93% ] 00760/01847 VUs  13.9s/15s  1847.00 iters/s

running (14.9s), 00956/01847 VUs, 26624 complete and 0 interrupted iterations
default   [ 100% ] 00956/01847 VUs  14.9s/15s  1847.00 iters/s


  █ TOTAL RESULTS 

    HTTP
    http_req_duration..............: avg=481.32ms min=337.78ms med=483.8ms max=625.19ms p(90)=564.72ms p(95)=581.21ms
      { expected_response:true }...: avg=481.32ms min=337.78ms med=483.8ms max=625.19ms p(90)=564.72ms p(95)=581.21ms
    http_req_failed................: 0.00%  0 out of 26791
    http_reqs......................: 26791  1785.093304/s

    EXECUTION
    iteration_duration.............: avg=481.41ms min=337.85ms med=483.9ms max=625.29ms p(90)=564.83ms p(95)=581.31ms
    iterations.....................: 26791  1785.093304/s
    vus............................: 957    min=718        max=1113
    vus_max........................: 1847   min=1847       max=1847

    NETWORK
    data_received..................: 5.4 MB 362 kB/s
    data_sent......................: 5.3 MB 354 kB/s




running (15.0s), 00000/01847 VUs, 26789 complete and 917 interrupted iterations
default ✓ [ 100% ] 00917/01847 VUs  15s  1847.00 iters/s
