
         /\      Grafana   /‾‾/  
    /\  /  \     |\  __   /  /   
   /  \/    \    | |/ /  /   ‾‾\ 
  /          \   |   (  |  (‾)  |
 / __________ \  |_|\_\  \_____/ 

     execution: local
        script: workflow/response/k6_open_client.js
        output: -

     scenarios: (100.00%) 1 scenario, 100000 max VUs, 15s max duration (incl. graceful stop):
              * default: 5293.00 iterations/s for 15s (maxVUs: 5293-100000)


running (00.8s), 000883/005293 VUs, 3470 complete and 0 interrupted iterations
default   [   6% ] 000883/005293 VUs  00.8s/15s  5293.00 iters/s

running (01.8s), 001312/005293 VUs, 8313 complete and 0 interrupted iterations
default   [  12% ] 001312/005293 VUs  01.8s/15s  5293.00 iters/s

running (02.8s), 001612/005293 VUs, 13303 complete and 0 interrupted iterations
default   [  19% ] 001612/005293 VUs  02.8s/15s  5293.00 iters/s

running (03.8s), 001821/005293 VUs, 18389 complete and 0 interrupted iterations
default   [  25% ] 001821/005293 VUs  03.8s/15s  5293.00 iters/s

running (04.8s), 002020/005293 VUs, 23483 complete and 0 interrupted iterations
default   [  32% ] 002020/005293 VUs  04.8s/15s  5293.00 iters/s

running (05.8s), 002262/005293 VUs, 28535 complete and 0 interrupted iterations
default   [  39% ] 002262/005293 VUs  05.8s/15s  5293.00 iters/s

running (06.8s), 002558/005293 VUs, 33527 complete and 0 interrupted iterations
default   [  45% ] 002558/005293 VUs  06.8s/15s  5293.00 iters/s

running (07.8s), 003060/005293 VUs, 38322 complete and 0 interrupted iterations
default   [  52% ] 003060/005293 VUs  07.8s/15s  5293.00 iters/s

running (08.8s), 003425/005293 VUs, 43250 complete and 0 interrupted iterations
default   [  59% ] 003425/005293 VUs  08.8s/15s  5293.00 iters/s

running (09.8s), 003571/005293 VUs, 48397 complete and 0 interrupted iterations
default   [  65% ] 003571/005293 VUs  09.8s/15s  5293.00 iters/s

running (10.8s), 003746/005293 VUs, 53515 complete and 0 interrupted iterations
default   [  72% ] 003746/005293 VUs  10.8s/15s  5293.00 iters/s

running (11.8s), 003946/005293 VUs, 58610 complete and 0 interrupted iterations
default   [  79% ] 003947/005293 VUs  11.8s/15s  5293.00 iters/s

running (12.8s), 004208/005293 VUs, 63639 complete and 0 interrupted iterations
default   [  85% ] 004208/005293 VUs  12.8s/15s  5293.00 iters/s

running (13.8s), 004354/005293 VUs, 68786 complete and 0 interrupted iterations
default   [  92% ] 004354/005293 VUs  13.8s/15s  5293.00 iters/s

running (14.8s), 004726/005293 VUs, 73709 complete and 0 interrupted iterations
default   [  99% ] 004726/005293 VUs  14.8s/15s  5293.00 iters/s


  █ TOTAL RESULTS 

    HTTP
    http_req_duration..............: avg=537.89ms min=61.17ms med=561.4ms  max=905.68ms p(90)=818.36ms p(95)=859.08ms
      { expected_response:true }...: avg=537.89ms min=61.17ms med=561.4ms  max=905.68ms p(90)=818.36ms p(95)=859.08ms
    http_req_failed................: 0.00% 0 out of 74727
    http_reqs......................: 74727 4967.956294/s

    EXECUTION
    iteration_duration.............: avg=538.26ms min=64.48ms med=561.51ms max=917ms    p(90)=818.45ms p(95)=859.16ms
    iterations.....................: 74727 4967.956294/s
    vus............................: 4729  min=905        max=4729
    vus_max........................: 5293  min=5293       max=5293

    NETWORK
    data_received..................: 15 MB 1.0 MB/s
    data_sent......................: 16 MB 1.0 MB/s




running (15.0s), 000000/005293 VUs, 74700 complete and 4695 interrupted iterations
default ✓ [ 100% ] 004695/005293 VUs  15s  5293.00 iters/s
