
         /\      Grafana   /‾‾/  
    /\  /  \     |\  __   /  /   
   /  \/    \    | |/ /  /   ‾‾\ 
  /          \   |   (  |  (‾)  |
 / __________ \  |_|\_\  \_____/ 

     execution: local
        script: workflow/online_boutique/k6_open_view_cart.js
        output: -

     scenarios: (100.00%) 1 scenario, 10000 max VUs, 15s max duration (incl. graceful stop):
              * default: 464.00 iterations/s for 15s (maxVUs: 464-10000)


running (01.0s), 00262/00464 VUs, 190 complete and 0 interrupted iterations
default   [   6% ] 00262/00464 VUs  01.0s/15s  464.00 iters/s

running (02.0s), 00163/00464 VUs, 753 complete and 0 interrupted iterations
default   [  13% ] 00163/00464 VUs  02.0s/15s  464.00 iters/s

running (03.0s), 00252/00464 VUs, 1129 complete and 0 interrupted iterations
default   [  20% ] 00252/00464 VUs  03.0s/15s  464.00 iters/s

running (04.0s), 00224/00464 VUs, 1620 complete and 0 interrupted iterations
default   [  26% ] 00224/00464 VUs  04.0s/15s  464.00 iters/s

running (05.0s), 00242/00464 VUs, 2066 complete and 0 interrupted iterations
default   [  33% ] 00242/00464 VUs  05.0s/15s  464.00 iters/s

running (06.0s), 00240/00464 VUs, 2532 complete and 0 interrupted iterations
default   [  40% ] 00240/00464 VUs  06.0s/15s  464.00 iters/s

running (07.0s), 00233/00464 VUs, 3003 complete and 0 interrupted iterations
default   [  46% ] 00233/00464 VUs  07.0s/15s  464.00 iters/s

running (08.0s), 00321/00464 VUs, 3379 complete and 0 interrupted iterations
default   [  53% ] 00321/00464 VUs  08.0s/15s  464.00 iters/s

running (09.0s), 00221/00464 VUs, 3943 complete and 0 interrupted iterations
default   [  60% ] 00221/00464 VUs  09.0s/15s  464.00 iters/s

running (10.0s), 00311/00464 VUs, 4317 complete and 0 interrupted iterations
default   [  66% ] 00311/00464 VUs  10.0s/15s  464.00 iters/s

running (11.0s), 00212/00464 VUs, 4881 complete and 0 interrupted iterations
default   [  73% ] 00212/00464 VUs  11.0s/15s  464.00 iters/s

running (12.0s), 00300/00464 VUs, 5256 complete and 0 interrupted iterations
default   [  80% ] 00300/00464 VUs  12.0s/15s  464.00 iters/s

running (13.0s), 00202/00464 VUs, 5819 complete and 0 interrupted iterations
default   [  86% ] 00202/00464 VUs  13.0s/15s  464.00 iters/s

running (14.0s), 00291/00464 VUs, 6194 complete and 0 interrupted iterations
default   [  93% ] 00291/00464 VUs  14.0s/15s  464.00 iters/s

running (15.0s), 00191/00464 VUs, 6757 complete and 0 interrupted iterations
default   [ 100% ] 00191/00464 VUs  15.0s/15s  464.00 iters/s


  █ TOTAL RESULTS 

    CUSTOM
    online_boutique_application_errors...: 0.00%  0 out of 6757

    HTTP
    http_req_duration....................: avg=514.87ms min=319.33ms med=514.87ms max=713.55ms p(90)=662.02ms p(95)=680.61ms
      { expected_response:true }.........: avg=514.87ms min=319.33ms med=514.87ms max=713.55ms p(90)=662.02ms p(95)=680.61ms
    http_req_failed......................: 0.00%  0 out of 6757
    http_reqs............................: 6757   450.399976/s

    EXECUTION
    iteration_duration...................: avg=515.08ms min=319.49ms med=515.07ms max=713.73ms p(90)=662.23ms p(95)=680.82ms
    iterations...........................: 6757   450.399976/s
    vus..................................: 191    min=163       max=321
    vus_max..............................: 464    min=464       max=464

    NETWORK
    data_received........................: 13 MB  873 kB/s
    data_sent............................: 1.7 MB 111 kB/s




running (15.0s), 00000/00464 VUs, 6757 complete and 204 interrupted iterations
default ✓ [ 100% ] 00204/00464 VUs  15s  464.00 iters/s
