
         /\      Grafana   /‾‾/  
    /\  /  \     |\  __   /  /   
   /  \/    \    | |/ /  /   ‾‾\ 
  /          \   |   (  |  (‾)  |
 / __________ \  |_|\_\  \_____/ 

     execution: local
        script: workflow/spin/k6_open_client.js
        output: -

     scenarios: (100.00%) 1 scenario, 10000 max VUs, 15s max duration (incl. graceful stop):
              * default: 4950.00 iterations/s for 15s (maxVUs: 4950-10000)


running (00.8s), 01001/04950 VUs, 3204 complete and 0 interrupted iterations
default   [   6% ] 01001/04950 VUs  00.8s/15s  4950.00 iters/s

running (01.8s), 01285/04950 VUs, 7870 complete and 0 interrupted iterations
default   [  12% ] 01285/04950 VUs  01.8s/15s  4950.00 iters/s

running (02.8s), 01488/04950 VUs, 12617 complete and 0 interrupted iterations
default   [  19% ] 01488/04950 VUs  02.8s/15s  4950.00 iters/s

running (03.9s), 01556/04950 VUs, 17499 complete and 0 interrupted iterations
default   [  26% ] 01556/04950 VUs  03.9s/15s  4950.00 iters/s

running (04.8s), 01687/04950 VUs, 22320 complete and 0 interrupted iterations
default   [  32% ] 01687/04950 VUs  04.8s/15s  4950.00 iters/s

running (05.9s), 01822/04950 VUs, 27138 complete and 0 interrupted iterations
default   [  39% ] 01822/04950 VUs  05.9s/15s  4950.00 iters/s

running (06.9s), 01909/04950 VUs, 32001 complete and 0 interrupted iterations
default   [  46% ] 01909/04950 VUs  06.9s/15s  4950.00 iters/s

running (07.9s), 02015/04950 VUs, 36843 complete and 0 interrupted iterations
default   [  52% ] 02015/04950 VUs  07.9s/15s  4950.00 iters/s

running (08.8s), 02298/04950 VUs, 41509 complete and 0 interrupted iterations
default   [  59% ] 02298/04950 VUs  08.8s/15s  4950.00 iters/s

running (09.9s), 02472/04950 VUs, 46286 complete and 0 interrupted iterations
default   [  66% ] 02479/04950 VUs  09.9s/15s  4950.00 iters/s

running (10.8s), 02698/04950 VUs, 51007 complete and 0 interrupted iterations
default   [  72% ] 02698/04950 VUs  10.8s/15s  4950.00 iters/s

running (11.8s), 02781/04950 VUs, 55873 complete and 0 interrupted iterations
default   [  79% ] 02781/04950 VUs  11.8s/15s  4950.00 iters/s

running (12.8s), 02739/04950 VUs, 60866 complete and 0 interrupted iterations
default   [  86% ] 02739/04950 VUs  12.8s/15s  4950.00 iters/s

running (13.8s), 02976/04950 VUs, 65580 complete and 0 interrupted iterations
default   [  92% ] 02976/04950 VUs  13.8s/15s  4950.00 iters/s

running (14.9s), 03111/04950 VUs, 70397 complete and 0 interrupted iterations
default   [  99% ] 03111/04950 VUs  14.9s/15s  4950.00 iters/s


  █ TOTAL RESULTS 

    HTTP
    http_req_duration..............: avg=420.3ms min=93.43ms med=414.09ms max=651.77ms p(90)=582.26ms p(95)=600.48ms
      { expected_response:true }...: avg=420.3ms min=93.43ms med=414.09ms max=651.77ms p(90)=582.26ms p(95)=600.48ms
    http_req_failed................: 0.00% 0 out of 71110
    http_reqs......................: 71110 4733.194368/s

    EXECUTION
    iteration_duration.............: avg=420.4ms min=94.02ms med=414.16ms max=651.85ms p(90)=582.34ms p(95)=600.55ms
    iterations.....................: 71110 4733.194368/s
    vus............................: 3111  min=1002       max=3111
    vus_max........................: 4950  min=4950       max=4950

    NETWORK
    data_received..................: 15 MB 962 kB/s
    data_sent......................: 14 MB 948 kB/s




running (15.0s), 00000/04950 VUs, 71107 complete and 3144 interrupted iterations
default ✓ [ 100% ] 03144/04950 VUs  15s  4950.00 iters/s
