
         /\      Grafana   /‾‾/  
    /\  /  \     |\  __   /  /   
   /  \/    \    | |/ /  /   ‾‾\ 
  /          \   |   (  |  (‾)  |
 / __________ \  |_|\_\  \_____/ 

     execution: local
        script: workflow/spin/k6_open_client.js
        output: -

     scenarios: (100.00%) 1 scenario, 10000 max VUs, 15s max duration (incl. graceful stop):
              * default: 3322.00 iterations/s for 15s (maxVUs: 3322-10000)


running (00.9s), 00462/03322 VUs, 2492 complete and 0 interrupted iterations
default   [   6% ] 00462/03322 VUs  00.9s/15s  3322.00 iters/s

running (01.9s), 00463/03322 VUs, 5813 complete and 0 interrupted iterations
default   [  13% ] 00463/03322 VUs  01.9s/15s  3322.00 iters/s

running (02.9s), 00424/03322 VUs, 9174 complete and 0 interrupted iterations
default   [  19% ] 00424/03322 VUs  02.9s/15s  3322.00 iters/s

running (03.9s), 00430/03322 VUs, 12490 complete and 0 interrupted iterations
default   [  26% ] 00430/03322 VUs  03.9s/15s  3322.00 iters/s

running (04.9s), 00425/03322 VUs, 15817 complete and 0 interrupted iterations
default   [  33% ] 00424/03322 VUs  04.9s/15s  3322.00 iters/s

running (05.9s), 00430/03322 VUs, 19134 complete and 0 interrupted iterations
default   [  39% ] 00430/03322 VUs  05.9s/15s  3322.00 iters/s

running (06.9s), 00413/03322 VUs, 22473 complete and 0 interrupted iterations
default   [  46% ] 00413/03322 VUs  06.9s/15s  3322.00 iters/s

running (07.9s), 00478/03322 VUs, 25730 complete and 0 interrupted iterations
default   [  53% ] 00478/03322 VUs  07.9s/15s  3322.00 iters/s

running (08.9s), 00411/03322 VUs, 29119 complete and 0 interrupted iterations
default   [  59% ] 00411/03322 VUs  08.9s/15s  3322.00 iters/s

running (09.9s), 00413/03322 VUs, 32439 complete and 0 interrupted iterations
default   [  66% ] 00413/03322 VUs  09.9s/15s  3322.00 iters/s

running (10.9s), 00409/03322 VUs, 35765 complete and 0 interrupted iterations
default   [  73% ] 00408/03322 VUs  10.9s/15s  3322.00 iters/s

running (11.9s), 00428/03322 VUs, 39068 complete and 0 interrupted iterations
default   [  79% ] 00428/03322 VUs  11.9s/15s  3322.00 iters/s

running (12.9s), 00438/03322 VUs, 42380 complete and 0 interrupted iterations
default   [  86% ] 00438/03322 VUs  12.9s/15s  3322.00 iters/s

running (13.9s), 00422/03322 VUs, 45718 complete and 0 interrupted iterations
default   [  93% ] 00422/03322 VUs  13.9s/15s  3322.00 iters/s

running (14.9s), 00468/03322 VUs, 48994 complete and 0 interrupted iterations
default   [  99% ] 00468/03322 VUs  14.9s/15s  3322.00 iters/s


  █ TOTAL RESULTS 

    HTTP
    http_req_duration..............: avg=138.69ms min=104.79ms med=139.14ms max=176.41ms p(90)=153.49ms p(95)=157.14ms
      { expected_response:true }...: avg=138.69ms min=104.79ms med=139.14ms max=176.41ms p(90)=153.49ms p(95)=157.14ms
    http_req_failed................: 0.00%  0 out of 49348
    http_reqs......................: 49348  3288.131227/s

    EXECUTION
    iteration_duration.............: avg=138.79ms min=104.86ms med=139.24ms max=176.54ms p(90)=153.59ms p(95)=157.27ms
    iterations.....................: 49348  3288.131227/s
    vus............................: 468    min=408        max=478 
    vus_max........................: 3322   min=3322       max=3322

    NETWORK
    data_received..................: 10 MB  668 kB/s
    data_sent......................: 9.6 MB 637 kB/s




running (15.0s), 00000/03322 VUs, 49348 complete and 481 interrupted iterations
default ✓ [ 100% ] 00481/03322 VUs  15s  3322.00 iters/s
