
         /\      Grafana   /‾‾/  
    /\  /  \     |\  __   /  /   
   /  \/    \    | |/ /  /   ‾‾\ 
  /          \   |   (  |  (‾)  |
 / __________ \  |_|\_\  \_____/ 

     execution: local
        script: workflow/spin/k6_open_client.js
        output: -

     scenarios: (100.00%) 1 scenario, 10000 max VUs, 15s max duration (incl. graceful stop):
              * default: 3322.00 iterations/s for 15s (maxVUs: 3322-10000)


running (00.9s), 00438/03322 VUs, 2524 complete and 0 interrupted iterations
default   [   6% ] 00438/03322 VUs  00.9s/15s  3322.00 iters/s

running (01.9s), 00429/03322 VUs, 5852 complete and 0 interrupted iterations
default   [  13% ] 00429/03322 VUs  01.9s/15s  3322.00 iters/s

running (02.9s), 00427/03322 VUs, 9180 complete and 0 interrupted iterations
default   [  19% ] 00427/03322 VUs  02.9s/15s  3322.00 iters/s

running (03.9s), 00504/03322 VUs, 12423 complete and 0 interrupted iterations
default   [  26% ] 00504/03322 VUs  03.9s/15s  3322.00 iters/s

running (04.9s), 00503/03322 VUs, 15749 complete and 0 interrupted iterations
default   [  33% ] 00503/03322 VUs  04.9s/15s  3322.00 iters/s

running (05.9s), 00495/03322 VUs, 19077 complete and 0 interrupted iterations
default   [  39% ] 00495/03322 VUs  05.9s/15s  3322.00 iters/s

running (06.9s), 00492/03322 VUs, 22401 complete and 0 interrupted iterations
default   [  46% ] 00492/03322 VUs  06.9s/15s  3322.00 iters/s

running (07.9s), 00490/03322 VUs, 25729 complete and 0 interrupted iterations
default   [  53% ] 00490/03322 VUs  07.9s/15s  3322.00 iters/s

running (08.9s), 00496/03322 VUs, 29043 complete and 0 interrupted iterations
default   [  59% ] 00496/03322 VUs  08.9s/15s  3322.00 iters/s

running (09.9s), 00489/03322 VUs, 32371 complete and 0 interrupted iterations
default   [  66% ] 00489/03322 VUs  09.9s/15s  3322.00 iters/s

running (10.9s), 00484/03322 VUs, 35699 complete and 0 interrupted iterations
default   [  73% ] 00484/03322 VUs  10.9s/15s  3322.00 iters/s

running (11.9s), 00473/03322 VUs, 39027 complete and 0 interrupted iterations
default   [  79% ] 00473/03322 VUs  11.9s/15s  3322.00 iters/s

running (12.9s), 00471/03322 VUs, 42355 complete and 0 interrupted iterations
default   [  86% ] 00471/03322 VUs  12.9s/15s  3322.00 iters/s

running (13.9s), 00468/03322 VUs, 45682 complete and 0 interrupted iterations
default   [  93% ] 00468/03322 VUs  13.9s/15s  3322.00 iters/s

running (14.9s), 00463/03322 VUs, 49010 complete and 0 interrupted iterations
default   [  99% ] 00463/03322 VUs  14.9s/15s  3322.00 iters/s


  █ TOTAL RESULTS 

    HTTP
    http_req_duration..............: avg=138.27ms min=100.86ms med=138.81ms max=177.77ms p(90)=153.25ms p(95)=156.7ms 
      { expected_response:true }...: avg=138.27ms min=100.86ms med=138.81ms max=177.77ms p(90)=153.25ms p(95)=156.7ms 
    http_req_failed................: 0.00%  0 out of 49414
    http_reqs......................: 49414  3292.600606/s

    EXECUTION
    iteration_duration.............: avg=138.37ms min=101.09ms med=138.9ms  max=177.84ms p(90)=153.35ms p(95)=156.79ms
    iterations.....................: 49414  3292.600606/s
    vus............................: 460    min=427        max=504 
    vus_max........................: 3322   min=3322       max=3322

    NETWORK
    data_received..................: 10 MB  668 kB/s
    data_sent......................: 9.6 MB 637 kB/s




running (15.0s), 00000/03322 VUs, 49401 complete and 430 interrupted iterations
default ✓ [ 100% ] 00430/03322 VUs  15s  3322.00 iters/s
