
         /\      Grafana   /‾‾/  
    /\  /  \     |\  __   /  /   
   /  \/    \    | |/ /  /   ‾‾\ 
  /          \   |   (  |  (‾)  |
 / __________ \  |_|\_\  \_____/ 

     execution: local
        script: workflow/online_boutique/k6_open_view_cart.js
        output: -

     scenarios: (100.00%) 1 scenario, 10000 max VUs, 15s max duration (incl. graceful stop):
              * default: 439.00 iterations/s for 15s (maxVUs: 439-10000)


running (01.0s), 00249/00439 VUs, 179 complete and 0 interrupted iterations
default   [   6% ] 00249/00439 VUs  01.0s/15s  439.00 iters/s

running (02.0s), 00157/00439 VUs, 710 complete and 0 interrupted iterations
default   [  13% ] 00157/00439 VUs  02.0s/15s  439.00 iters/s

running (03.0s), 00241/00439 VUs, 1065 complete and 0 interrupted iterations
default   [  20% ] 00241/00439 VUs  03.0s/15s  439.00 iters/s

running (04.0s), 00147/00439 VUs, 1598 complete and 0 interrupted iterations
default   [  26% ] 00147/00439 VUs  04.0s/15s  439.00 iters/s

running (05.0s), 00232/00439 VUs, 1952 complete and 0 interrupted iterations
default   [  33% ] 00232/00439 VUs  05.0s/15s  439.00 iters/s

running (06.0s), 00295/00439 VUs, 2328 complete and 0 interrupted iterations
default   [  40% ] 00295/00439 VUs  06.0s/15s  439.00 iters/s

running (07.0s), 00223/00439 VUs, 2838 complete and 0 interrupted iterations
default   [  46% ] 00223/00439 VUs  07.0s/15s  439.00 iters/s

running (08.0s), 00308/00439 VUs, 3193 complete and 0 interrupted iterations
default   [  53% ] 00308/00439 VUs  08.0s/15s  439.00 iters/s

running (09.0s), 00215/00439 VUs, 3725 complete and 0 interrupted iterations
default   [  60% ] 00215/00439 VUs  09.0s/15s  439.00 iters/s

running (10.0s), 00300/00439 VUs, 4079 complete and 0 interrupted iterations
default   [  66% ] 00300/00439 VUs  10.0s/15s  439.00 iters/s

running (11.0s), 00207/00439 VUs, 4611 complete and 0 interrupted iterations
default   [  73% ] 00207/00439 VUs  11.0s/15s  439.00 iters/s

running (12.0s), 00290/00439 VUs, 4966 complete and 0 interrupted iterations
default   [  80% ] 00291/00439 VUs  12.0s/15s  439.00 iters/s

running (13.0s), 00198/00439 VUs, 5498 complete and 0 interrupted iterations
default   [  86% ] 00198/00439 VUs  13.0s/15s  439.00 iters/s

running (14.0s), 00283/00439 VUs, 5852 complete and 0 interrupted iterations
default   [  93% ] 00283/00439 VUs  14.0s/15s  439.00 iters/s

running (15.0s), 00191/00439 VUs, 6383 complete and 0 interrupted iterations
default   [ 100% ] 00191/00439 VUs  15.0s/15s  439.00 iters/s


  █ TOTAL RESULTS 

    CUSTOM
    online_boutique_application_errors...: 0.00%  0 out of 6383

    HTTP
    http_req_duration....................: avg=516.77ms min=319.45ms med=517.06ms max=714.77ms p(90)=664.81ms p(95)=683.16ms
      { expected_response:true }.........: avg=516.77ms min=319.45ms med=517.06ms max=714.77ms p(90)=664.81ms p(95)=683.16ms
    http_req_failed......................: 0.00%  0 out of 6383
    http_reqs............................: 6383   425.461851/s

    EXECUTION
    iteration_duration...................: avg=516.97ms min=319.62ms med=517.23ms max=714.99ms p(90)=665.07ms p(95)=683.35ms
    iterations...........................: 6383   425.461851/s
    vus..................................: 191    min=147       max=308
    vus_max..............................: 439    min=439       max=439

    NETWORK
    data_received........................: 12 MB  826 kB/s
    data_sent............................: 1.6 MB 105 kB/s




running (15.0s), 00000/00439 VUs, 6383 complete and 202 interrupted iterations
default ✓ [ 100% ] 00202/00439 VUs  15s  439.00 iters/s
