
         /\      Grafana   /‾‾/  
    /\  /  \     |\  __   /  /   
   /  \/    \    | |/ /  /   ‾‾\ 
  /          \   |   (  |  (‾)  |
 / __________ \  |_|\_\  \_____/ 

     execution: local
        script: workflow/spin/k6_open_client.js
        output: -

     scenarios: (100.00%) 1 scenario, 10000 max VUs, 15s max duration (incl. graceful stop):
              * default: 2688.00 iterations/s for 15s (maxVUs: 2688-10000)


running (00.9s), 00657/02688 VUs, 1792 complete and 0 interrupted iterations
default   [   6% ] 00657/02688 VUs  00.9s/15s  2688.00 iters/s

running (01.9s), 00748/02688 VUs, 4389 complete and 0 interrupted iterations
default   [  13% ] 00748/02688 VUs  01.9s/15s  2688.00 iters/s

running (02.9s), 00657/02688 VUs, 7168 complete and 0 interrupted iterations
default   [  19% ] 00657/02688 VUs  02.9s/15s  2688.00 iters/s

running (03.9s), 00759/02688 VUs, 9755 complete and 0 interrupted iterations
default   [  26% ] 00759/02688 VUs  03.9s/15s  2688.00 iters/s

running (04.9s), 00646/02688 VUs, 12556 complete and 0 interrupted iterations
default   [  33% ] 00646/02688 VUs  04.9s/15s  2688.00 iters/s

running (05.9s), 00530/02688 VUs, 15360 complete and 0 interrupted iterations
default   [  39% ] 00530/02688 VUs  05.9s/15s  2688.00 iters/s

running (06.9s), 00584/02688 VUs, 17993 complete and 0 interrupted iterations
default   [  46% ] 00584/02688 VUs  06.9s/15s  2688.00 iters/s

running (07.9s), 00539/02688 VUs, 20727 complete and 0 interrupted iterations
default   [  53% ] 00539/02688 VUs  07.9s/15s  2688.00 iters/s

running (08.9s), 00411/02688 VUs, 23543 complete and 0 interrupted iterations
default   [  59% ] 00411/02688 VUs  08.9s/15s  2688.00 iters/s

running (09.9s), 00509/02688 VUs, 26133 complete and 0 interrupted iterations
default   [  66% ] 00509/02688 VUs  09.9s/15s  2688.00 iters/s

running (10.9s), 00410/02688 VUs, 28919 complete and 0 interrupted iterations
default   [  73% ] 00410/02688 VUs  10.9s/15s  2688.00 iters/s

running (11.9s), 00536/02688 VUs, 31479 complete and 0 interrupted iterations
default   [  79% ] 00536/02688 VUs  11.9s/15s  2688.00 iters/s

running (12.9s), 00412/02688 VUs, 34295 complete and 0 interrupted iterations
default   [  86% ] 00412/02688 VUs  12.9s/15s  2688.00 iters/s

running (13.9s), 00467/02688 VUs, 36926 complete and 0 interrupted iterations
default   [  93% ] 00467/02688 VUs  13.9s/15s  2688.00 iters/s

running (14.9s), 00411/02688 VUs, 39671 complete and 0 interrupted iterations
default   [  99% ] 00412/02688 VUs  14.9s/15s  2688.00 iters/s


  █ TOTAL RESULTS 

    HTTP
    http_req_duration..............: avg=201.67ms min=130.92ms med=193.68ms max=300.77ms p(90)=262.29ms p(95)=277.58ms
      { expected_response:true }...: avg=201.67ms min=130.92ms med=193.68ms max=300.77ms p(90)=262.29ms p(95)=277.58ms
    http_req_failed................: 0.00%  0 out of 39927
    http_reqs......................: 39927  2660.541375/s

    EXECUTION
    iteration_duration.............: avg=201.76ms min=130.98ms med=193.78ms max=300.86ms p(90)=262.37ms p(95)=277.67ms
    iterations.....................: 39927  2660.541375/s
    vus............................: 409    min=409        max=759 
    vus_max........................: 2688   min=2688       max=2688

    NETWORK
    data_received..................: 8.1 MB 540 kB/s
    data_sent......................: 7.7 MB 516 kB/s




running (15.0s), 00000/02688 VUs, 39927 complete and 396 interrupted iterations
default ✓ [ 100% ] 00396/02688 VUs  15s  2688.00 iters/s
