
         /\      Grafana   /‾‾/  
    /\  /  \     |\  __   /  /   
   /  \/    \    | |/ /  /   ‾‾\ 
  /          \   |   (  |  (‾)  |
 / __________ \  |_|\_\  \_____/ 

     execution: local
        script: workflow/social/k6_open_client.js
        output: -

     scenarios: (100.00%) 1 scenario, 10000 max VUs, 15s max duration (incl. graceful stop):
              * default: 6499.00 iterations/s for 15s (maxVUs: 6499-10000)


running (00.8s), 00020/06499 VUs, 5066 complete and 0 interrupted iterations
default   [   5% ] 00020/06499 VUs  00.8s/15s  6499.00 iters/s

running (01.8s), 00020/06499 VUs, 11565 complete and 0 interrupted iterations
default   [  12% ] 00020/06499 VUs  01.8s/15s  6499.00 iters/s

running (02.8s), 00010/06499 VUs, 18074 complete and 0 interrupted iterations
default   [  19% ] 00010/06499 VUs  02.8s/15s  6499.00 iters/s

running (03.8s), 00007/06499 VUs, 24576 complete and 0 interrupted iterations
default   [  25% ] 00007/06499 VUs  03.8s/15s  6499.00 iters/s

running (04.8s), 00011/06499 VUs, 31071 complete and 0 interrupted iterations
default   [  32% ] 00011/06499 VUs  04.8s/15s  6499.00 iters/s

running (05.8s), 00005/06499 VUs, 37575 complete and 0 interrupted iterations
default   [  39% ] 00006/06499 VUs  05.8s/15s  6499.00 iters/s

running (06.8s), 00007/06499 VUs, 44073 complete and 0 interrupted iterations
default   [  45% ] 00007/06499 VUs  06.8s/15s  6499.00 iters/s

running (07.8s), 00007/06499 VUs, 50572 complete and 0 interrupted iterations
default   [  52% ] 00007/06499 VUs  07.8s/15s  6499.00 iters/s

running (08.8s), 00005/06499 VUs, 57073 complete and 0 interrupted iterations
default   [  59% ] 00005/06499 VUs  08.8s/15s  6499.00 iters/s

running (09.8s), 00024/06499 VUs, 63552 complete and 0 interrupted iterations
default   [  65% ] 00025/06499 VUs  09.8s/15s  6499.00 iters/s

running (10.8s), 00022/06499 VUs, 70054 complete and 0 interrupted iterations
default   [  72% ] 00022/06499 VUs  10.8s/15s  6499.00 iters/s

running (11.8s), 00093/06499 VUs, 76483 complete and 0 interrupted iterations
default   [  79% ] 00093/06499 VUs  11.8s/15s  6499.00 iters/s

running (12.8s), 00006/06499 VUs, 83070 complete and 0 interrupted iterations
default   [  85% ] 00006/06499 VUs  12.8s/15s  6499.00 iters/s

running (13.8s), 00010/06499 VUs, 89563 complete and 0 interrupted iterations
default   [  92% ] 00010/06499 VUs  13.8s/15s  6499.00 iters/s

running (14.8s), 00006/06499 VUs, 96066 complete and 0 interrupted iterations
default   [  99% ] 00006/06499 VUs  14.8s/15s  6499.00 iters/s


  █ TOTAL RESULTS 

    HTTP
    http_req_duration..............: avg=3.58ms min=604.13µs med=1.17ms max=130.42ms p(90)=3.62ms p(95)=14.48ms
      { expected_response:true }...: avg=3.58ms min=604.13µs med=1.17ms max=130.42ms p(90)=3.62ms p(95)=14.48ms
    http_req_failed................: 0.00% 0 out of 97484
    http_reqs......................: 97484 6495.11576/s

    EXECUTION
    iteration_duration.............: avg=3.73ms min=689.15µs med=1.28ms max=134.55ms p(90)=3.75ms p(95)=14.87ms
    iterations.....................: 97484 6495.11576/s
    vus............................: 6     min=5          max=92  
    vus_max........................: 6499  min=6499       max=6499

    NETWORK
    data_received..................: 22 MB 1.5 MB/s
    data_sent......................: 32 MB 2.1 MB/s




running (15.0s), 00000/06499 VUs, 97481 complete and 5 interrupted iterations
default ✓ [ 100% ] 00005/06499 VUs  15s  6499.00 iters/s
