
         /\      Grafana   /‾‾/  
    /\  /  \     |\  __   /  /   
   /  \/    \    | |/ /  /   ‾‾\ 
  /          \   |   (  |  (‾)  |
 / __________ \  |_|\_\  \_____/ 

     execution: local
        script: workflow/spin/k6_open_client.js
        output: -

     scenarios: (100.00%) 1 scenario, 10000 max VUs, 15s max duration (incl. graceful stop):
              * default: 1104.00 iterations/s for 15s (maxVUs: 1104-10000)


running (01.0s), 00121/01104 VUs, 931 complete and 0 interrupted iterations
default   [   6% ] 00121/01104 VUs  01.0s/15s  1104.00 iters/s

running (02.0s), 00193/01104 VUs, 1963 complete and 0 interrupted iterations
default   [  13% ] 00193/01104 VUs  02.0s/15s  1104.00 iters/s

running (03.0s), 00151/01104 VUs, 3110 complete and 0 interrupted iterations
default   [  20% ] 00151/01104 VUs  03.0s/15s  1104.00 iters/s

running (04.0s), 00148/01104 VUs, 4216 complete and 0 interrupted iterations
default   [  26% ] 00148/01104 VUs  04.0s/15s  1104.00 iters/s

running (05.0s), 00172/01104 VUs, 5297 complete and 0 interrupted iterations
default   [  33% ] 00172/01104 VUs  05.0s/15s  1104.00 iters/s

running (06.0s), 00106/01104 VUs, 6466 complete and 0 interrupted iterations
default   [  40% ] 00106/01104 VUs  06.0s/15s  1104.00 iters/s

running (07.0s), 00165/01104 VUs, 7512 complete and 0 interrupted iterations
default   [  46% ] 00165/01104 VUs  07.0s/15s  1104.00 iters/s

running (08.0s), 00116/01104 VUs, 8664 complete and 0 interrupted iterations
default   [  53% ] 00116/01104 VUs  08.0s/15s  1104.00 iters/s

running (09.0s), 00181/01104 VUs, 9704 complete and 0 interrupted iterations
default   [  60% ] 00181/01104 VUs  09.0s/15s  1104.00 iters/s

running (10.0s), 00120/01104 VUs, 10868 complete and 0 interrupted iterations
default   [  66% ] 00120/01104 VUs  10.0s/15s  1104.00 iters/s

running (11.0s), 00178/01104 VUs, 11914 complete and 0 interrupted iterations
default   [  73% ] 00178/01104 VUs  11.0s/15s  1104.00 iters/s

running (12.0s), 00123/01104 VUs, 13073 complete and 0 interrupted iterations
default   [  80% ] 00124/01104 VUs  12.0s/15s  1104.00 iters/s

running (13.0s), 00182/01104 VUs, 14117 complete and 0 interrupted iterations
default   [  86% ] 00182/01104 VUs  13.0s/15s  1104.00 iters/s

running (14.0s), 00139/01104 VUs, 15266 complete and 0 interrupted iterations
default   [  93% ] 00139/01104 VUs  14.0s/15s  1104.00 iters/s

running (15.0s), 00118/01104 VUs, 16390 complete and 0 interrupted iterations
default   [ 100% ] 00118/01104 VUs  15.0s/15s  1104.00 iters/s


  █ TOTAL RESULTS 

    HTTP
    http_req_duration..............: avg=136.71ms min=75.91ms med=136.72ms max=199.37ms p(90)=173.77ms p(95)=178.52ms
      { expected_response:true }...: avg=136.71ms min=75.91ms med=136.72ms max=199.37ms p(90)=173.77ms p(95)=178.52ms
    http_req_failed................: 0.00%  0 out of 16415
    http_reqs......................: 16415  1094.175627/s

    EXECUTION
    iteration_duration.............: avg=136.79ms min=76.01ms med=136.8ms  max=199.44ms p(90)=173.87ms p(95)=178.61ms
    iterations.....................: 16415  1094.175627/s
    vus............................: 118    min=105        max=193 
    vus_max........................: 1104   min=1104       max=1104

    NETWORK
    data_received..................: 3.3 MB 222 kB/s
    data_sent......................: 3.2 MB 212 kB/s




running (15.0s), 00000/01104 VUs, 16415 complete and 146 interrupted iterations
default ✓ [ 100% ] 00146/01104 VUs  15s  1104.00 iters/s
