
         /\      Grafana   /‾‾/  
    /\  /  \     |\  __   /  /   
   /  \/    \    | |/ /  /   ‾‾\ 
  /          \   |   (  |  (‾)  |
 / __________ \  |_|\_\  \_____/ 

     execution: local
        script: workflow/write/k6_open_client.js
        output: -

     scenarios: (100.00%) 1 scenario, 10000 max VUs, 15s max duration (incl. graceful stop):
              * default: 703.00 iterations/s for 15s (maxVUs: 703-10000)


running (01.0s), 00008/00703 VUs, 667 complete and 0 interrupted iterations
default   [   6% ] 00009/00703 VUs  01.0s/15s  703.00 iters/s

running (02.0s), 00011/00703 VUs, 1368 complete and 0 interrupted iterations
default   [  13% ] 00011/00703 VUs  02.0s/15s  703.00 iters/s

running (03.0s), 00023/00703 VUs, 2058 complete and 0 interrupted iterations
default   [  20% ] 00023/00703 VUs  03.0s/15s  703.00 iters/s

running (04.0s), 00016/00703 VUs, 2769 complete and 0 interrupted iterations
default   [  26% ] 00016/00703 VUs  04.0s/15s  703.00 iters/s

running (05.0s), 00017/00703 VUs, 3470 complete and 0 interrupted iterations
default   [  33% ] 00017/00703 VUs  05.0s/15s  703.00 iters/s

running (06.0s), 00009/00703 VUs, 4181 complete and 0 interrupted iterations
default   [  40% ] 00009/00703 VUs  06.0s/15s  703.00 iters/s

running (07.0s), 00021/00703 VUs, 4872 complete and 0 interrupted iterations
default   [  46% ] 00021/00703 VUs  07.0s/15s  703.00 iters/s

running (08.0s), 00015/00703 VUs, 5582 complete and 0 interrupted iterations
default   [  53% ] 00015/00703 VUs  08.0s/15s  703.00 iters/s

running (09.0s), 00028/00703 VUs, 6272 complete and 0 interrupted iterations
default   [  60% ] 00028/00703 VUs  09.0s/15s  703.00 iters/s

running (10.0s), 00019/00703 VUs, 6984 complete and 0 interrupted iterations
default   [  66% ] 00019/00703 VUs  10.0s/15s  703.00 iters/s

running (11.0s), 00026/00703 VUs, 7679 complete and 0 interrupted iterations
default   [  73% ] 00026/00703 VUs  11.0s/15s  703.00 iters/s

running (12.0s), 00020/00703 VUs, 8389 complete and 0 interrupted iterations
default   [  80% ] 00020/00703 VUs  12.0s/15s  703.00 iters/s

running (13.0s), 00010/00703 VUs, 9101 complete and 0 interrupted iterations
default   [  86% ] 00010/00703 VUs  13.0s/15s  703.00 iters/s

running (14.0s), 00018/00703 VUs, 9797 complete and 0 interrupted iterations
default   [  93% ] 00018/00703 VUs  14.0s/15s  703.00 iters/s

running (15.0s), 00030/00703 VUs, 10488 complete and 0 interrupted iterations
default   [ 100% ] 00030/00703 VUs  15.0s/15s  703.00 iters/s


  █ TOTAL RESULTS 

    HTTP
    http_req_duration..............: avg=32.13ms min=9.6ms  med=26.1ms  max=420.68ms p(90)=38.21ms p(95)=39.72ms
      { expected_response:true }...: avg=32.13ms min=9.6ms  med=26.1ms  max=420.68ms p(90)=38.21ms p(95)=39.72ms
    http_req_failed................: 0.00%  0 out of 10534
    http_reqs......................: 10534  702.179112/s

    EXECUTION
    iteration_duration.............: avg=32.2ms  min=9.65ms med=26.16ms max=420.74ms p(90)=38.29ms p(95)=39.78ms
    iterations.....................: 10534  702.179112/s
    vus............................: 29     min=9          max=29 
    vus_max........................: 703    min=703        max=703

    NETWORK
    data_received..................: 2.1 MB 142 kB/s
    data_sent......................: 1.1 MB 70 kB/s




running (15.0s), 00000/00703 VUs, 10534 complete and 11 interrupted iterations
default ✓ [ 100% ] 00011/00703 VUs  15s  703.00 iters/s
