
         /\      Grafana   /‾‾/  
    /\  /  \     |\  __   /  /   
   /  \/    \    | |/ /  /   ‾‾\ 
  /          \   |   (  |  (‾)  |
 / __________ \  |_|\_\  \_____/ 

     execution: local
        script: workflow/spin/k6_open_client.js
        output: -

     scenarios: (100.00%) 1 scenario, 10000 max VUs, 15s max duration (incl. graceful stop):
              * default: 2632.00 iterations/s for 15s (maxVUs: 2632-10000)


running (00.9s), 00102/02632 VUs, 2280 complete and 0 interrupted iterations
default   [   6% ] 00102/02632 VUs  00.9s/15s  2632.00 iters/s

running (01.9s), 00131/02632 VUs, 4885 complete and 0 interrupted iterations
default   [  13% ] 00131/02632 VUs  01.9s/15s  2632.00 iters/s

running (02.9s), 00119/02632 VUs, 7527 complete and 0 interrupted iterations
default   [  19% ] 00119/02632 VUs  02.9s/15s  2632.00 iters/s

running (03.9s), 00111/02632 VUs, 10168 complete and 0 interrupted iterations
default   [  26% ] 00111/02632 VUs  03.9s/15s  2632.00 iters/s

running (04.9s), 00166/02632 VUs, 12744 complete and 0 interrupted iterations
default   [  33% ] 00166/02632 VUs  04.9s/15s  2632.00 iters/s

running (05.9s), 00142/02632 VUs, 15398 complete and 0 interrupted iterations
default   [  39% ] 00142/02632 VUs  05.9s/15s  2632.00 iters/s

running (06.9s), 00140/02632 VUs, 18034 complete and 0 interrupted iterations
default   [  46% ] 00140/02632 VUs  06.9s/15s  2632.00 iters/s

running (07.9s), 00131/02632 VUs, 20675 complete and 0 interrupted iterations
default   [  53% ] 00131/02632 VUs  07.9s/15s  2632.00 iters/s

running (08.9s), 00124/02632 VUs, 23317 complete and 0 interrupted iterations
default   [  59% ] 00124/02632 VUs  08.9s/15s  2632.00 iters/s

running (09.9s), 00145/02632 VUs, 25927 complete and 0 interrupted iterations
default   [  66% ] 00145/02632 VUs  09.9s/15s  2632.00 iters/s

running (10.9s), 00131/02632 VUs, 28571 complete and 0 interrupted iterations
default   [  73% ] 00130/02632 VUs  10.9s/15s  2632.00 iters/s

running (11.9s), 00091/02632 VUs, 31244 complete and 0 interrupted iterations
default   [  79% ] 00091/02632 VUs  11.9s/15s  2632.00 iters/s

running (12.9s), 00151/02632 VUs, 33816 complete and 0 interrupted iterations
default   [  86% ] 00151/02632 VUs  12.9s/15s  2632.00 iters/s

running (13.9s), 00104/02632 VUs, 36494 complete and 0 interrupted iterations
default   [  93% ] 00104/02632 VUs  13.9s/15s  2632.00 iters/s

running (14.9s), 00097/02632 VUs, 39135 complete and 0 interrupted iterations
default   [  99% ] 00097/02632 VUs  14.9s/15s  2632.00 iters/s


  █ TOTAL RESULTS 

    HTTP
    http_req_duration..............: avg=46.58ms min=28.09ms med=46.29ms max=91.04ms p(90)=56.45ms p(95)=58.95ms
      { expected_response:true }...: avg=46.58ms min=28.09ms med=46.29ms max=91.04ms p(90)=56.45ms p(95)=58.95ms
    http_req_failed................: 0.00%  0 out of 39342
    http_reqs......................: 39342  2622.016378/s

    EXECUTION
    iteration_duration.............: avg=46.68ms min=28.16ms med=46.37ms max=93.43ms p(90)=56.55ms p(95)=59.03ms
    iterations.....................: 39342  2622.016378/s
    vus............................: 94     min=91         max=166 
    vus_max........................: 2632   min=2632       max=2632

    NETWORK
    data_received..................: 8.0 MB 532 kB/s
    data_sent......................: 7.6 MB 505 kB/s




running (15.0s), 00000/02632 VUs, 39338 complete and 143 interrupted iterations
default ✓ [ 100% ] 00143/02632 VUs  15s  2632.00 iters/s
