
         /\      Grafana   /‾‾/  
    /\  /  \     |\  __   /  /   
   /  \/    \    | |/ /  /   ‾‾\ 
  /          \   |   (  |  (‾)  |
 / __________ \  |_|\_\  \_____/ 

     execution: local
        script: workflow/online_boutique/k6_open_view_cart.js
        output: -

     scenarios: (100.00%) 1 scenario, 10000 max VUs, 15s max duration (incl. graceful stop):
              * default: 71.00 iterations/s for 15s (maxVUs: 71-10000)


running (01.0s), 00003/00071 VUs, 68 complete and 0 interrupted iterations
default   [   7% ] 00003/00071 VUs  01.0s/15s  71.00 iters/s

running (02.0s), 00007/00071 VUs, 135 complete and 0 interrupted iterations
default   [  13% ] 00007/00071 VUs  02.0s/15s  71.00 iters/s

running (03.0s), 00009/00071 VUs, 204 complete and 0 interrupted iterations
default   [  20% ] 00009/00071 VUs  03.0s/15s  71.00 iters/s

running (04.0s), 00010/00071 VUs, 274 complete and 0 interrupted iterations
default   [  27% ] 00010/00071 VUs  04.0s/15s  71.00 iters/s

running (05.0s), 00012/00071 VUs, 343 complete and 0 interrupted iterations
default   [  33% ] 00012/00071 VUs  05.0s/15s  71.00 iters/s

running (06.0s), 00013/00071 VUs, 413 complete and 0 interrupted iterations
default   [  40% ] 00013/00071 VUs  06.0s/15s  71.00 iters/s

running (07.0s), 00013/00071 VUs, 484 complete and 0 interrupted iterations
default   [  47% ] 00013/00071 VUs  07.0s/15s  71.00 iters/s

running (08.0s), 00015/00071 VUs, 553 complete and 0 interrupted iterations
default   [  53% ] 00015/00071 VUs  08.0s/15s  71.00 iters/s

running (09.0s), 00017/00071 VUs, 622 complete and 0 interrupted iterations
default   [  60% ] 00017/00071 VUs  09.0s/15s  71.00 iters/s

running (10.0s), 00019/00071 VUs, 691 complete and 0 interrupted iterations
default   [  67% ] 00019/00071 VUs  10.0s/15s  71.00 iters/s

running (11.0s), 00021/00071 VUs, 760 complete and 0 interrupted iterations
default   [  73% ] 00021/00071 VUs  11.0s/15s  71.00 iters/s

running (12.0s), 00023/00071 VUs, 829 complete and 0 interrupted iterations
default   [  80% ] 00023/00071 VUs  12.0s/15s  71.00 iters/s

running (13.0s), 00025/00071 VUs, 898 complete and 0 interrupted iterations
default   [  87% ] 00025/00071 VUs  13.0s/15s  71.00 iters/s

running (14.0s), 00028/00071 VUs, 966 complete and 0 interrupted iterations
default   [  93% ] 00028/00071 VUs  14.0s/15s  71.00 iters/s

running (15.0s), 00031/00071 VUs, 1034 complete and 0 interrupted iterations
default   [ 100% ] 00031/00071 VUs  15.0s/15s  71.00 iters/s


  █ TOTAL RESULTS 

    CUSTOM
    online_boutique_application_errors...: 0.00%  0 out of 1035

    HTTP
    http_req_duration....................: avg=217.21ms min=15.47ms med=203.66ms max=433.29ms p(90)=371.24ms p(95)=412.77ms
      { expected_response:true }.........: avg=217.21ms min=15.47ms med=203.66ms max=433.29ms p(90)=371.24ms p(95)=412.77ms
    http_req_failed......................: 0.00%  0 out of 1035
    http_reqs............................: 1035   68.993065/s

    EXECUTION
    iteration_duration...................: avg=217.51ms min=17.09ms med=203.89ms max=433.52ms p(90)=371.49ms p(95)=413.04ms
    iterations...........................: 1035   68.993065/s
    vus..................................: 31     min=3         max=31
    vus_max..............................: 71     min=71        max=71

    NETWORK
    data_received........................: 2.0 MB 134 kB/s
    data_sent............................: 255 kB 17 kB/s




running (15.0s), 00000/00071 VUs, 1035 complete and 31 interrupted iterations
default ✓ [ 100% ] 00031/00071 VUs  15s  71.00 iters/s
