
         /\      Grafana   /‾‾/  
    /\  /  \     |\  __   /  /   
   /  \/    \    | |/ /  /   ‾‾\ 
  /          \   |   (  |  (‾)  |
 / __________ \  |_|\_\  \_____/ 

     execution: local
        script: workflow/spin/k6_open_client.js
        output: -

     scenarios: (100.00%) 1 scenario, 10000 max VUs, 15s max duration (incl. graceful stop):
              * default: 2397.00 iterations/s for 15s (maxVUs: 2397-10000)


running (00.9s), 00121/02397 VUs, 2077 complete and 0 interrupted iterations
default   [   6% ] 00122/02397 VUs  00.9s/15s  2397.00 iters/s

running (01.9s), 00135/02397 VUs, 4465 complete and 0 interrupted iterations
default   [  13% ] 00135/02397 VUs  01.9s/15s  2397.00 iters/s

running (02.9s), 00157/02397 VUs, 6838 complete and 0 interrupted iterations
default   [  19% ] 00157/02397 VUs  02.9s/15s  2397.00 iters/s

running (03.9s), 00134/02397 VUs, 9258 complete and 0 interrupted iterations
default   [  26% ] 00134/02397 VUs  03.9s/15s  2397.00 iters/s

running (04.9s), 00140/02397 VUs, 11649 complete and 0 interrupted iterations
default   [  33% ] 00140/02397 VUs  04.9s/15s  2397.00 iters/s

running (05.9s), 00161/02397 VUs, 14025 complete and 0 interrupted iterations
default   [  39% ] 00161/02397 VUs  05.9s/15s  2397.00 iters/s

running (06.9s), 00127/02397 VUs, 16455 complete and 0 interrupted iterations
default   [  46% ] 00127/02397 VUs  06.9s/15s  2397.00 iters/s

running (07.9s), 00156/02397 VUs, 18822 complete and 0 interrupted iterations
default   [  53% ] 00157/02397 VUs  07.9s/15s  2397.00 iters/s

running (08.9s), 00141/02397 VUs, 21237 complete and 0 interrupted iterations
default   [  59% ] 00141/02397 VUs  08.9s/15s  2397.00 iters/s

running (09.9s), 00147/02397 VUs, 23627 complete and 0 interrupted iterations
default   [  66% ] 00147/02397 VUs  09.9s/15s  2397.00 iters/s

running (10.9s), 00125/02397 VUs, 26045 complete and 0 interrupted iterations
default   [  73% ] 00125/02397 VUs  10.9s/15s  2397.00 iters/s

running (11.9s), 00149/02397 VUs, 28418 complete and 0 interrupted iterations
default   [  79% ] 00149/02397 VUs  11.9s/15s  2397.00 iters/s

running (12.9s), 00150/02397 VUs, 30815 complete and 0 interrupted iterations
default   [  86% ] 00150/02397 VUs  12.9s/15s  2397.00 iters/s

running (13.9s), 00115/02397 VUs, 33245 complete and 0 interrupted iterations
default   [  93% ] 00115/02397 VUs  13.9s/15s  2397.00 iters/s

running (14.9s), 00146/02397 VUs, 35613 complete and 0 interrupted iterations
default   [  99% ] 00146/02397 VUs  14.9s/15s  2397.00 iters/s


  █ TOTAL RESULTS 

    HTTP
    http_req_duration..............: avg=58.9ms  min=27.16ms med=58.54ms max=108.2ms  p(90)=69.89ms p(95)=74.22ms
      { expected_response:true }...: avg=58.9ms  min=27.16ms med=58.54ms max=108.2ms  p(90)=69.89ms p(95)=74.22ms
    http_req_failed................: 0.00%  0 out of 35841
    http_reqs......................: 35841  2388.661056/s

    EXECUTION
    iteration_duration.............: avg=58.99ms min=27.28ms med=58.62ms max=108.37ms p(90)=70ms    p(95)=74.35ms
    iterations.....................: 35841  2388.661056/s
    vus............................: 146    min=117        max=162 
    vus_max........................: 2397   min=2397       max=2397

    NETWORK
    data_received..................: 7.3 MB 485 kB/s
    data_sent......................: 6.9 MB 460 kB/s




running (15.0s), 00000/02397 VUs, 35841 complete and 114 interrupted iterations
default ✓ [ 100% ] 00114/02397 VUs  15s  2397.00 iters/s
