
         /\      Grafana   /‾‾/  
    /\  /  \     |\  __   /  /   
   /  \/    \    | |/ /  /   ‾‾\ 
  /          \   |   (  |  (‾)  |
 / __________ \  |_|\_\  \_____/ 

     execution: local
        script: workflow/write/k6_open_client.js
        output: -

     scenarios: (100.00%) 1 scenario, 10000 max VUs, 15s max duration (incl. graceful stop):
              * default: 7561.00 iterations/s for 15s (maxVUs: 7561-10000)


running (00.9s), 02227/07561 VUs, 2261 complete and 0 interrupted iterations
default   [   6% ] 02227/07561 VUs  00.9s/15s  7561.00 iters/s

running (01.8s), 06473/07561 VUs, 6945 complete and 0 interrupted iterations
default   [  12% ] 06473/07561 VUs  01.8s/15s  7561.00 iters/s

running (02.8s), 05656/07561 VUs, 15322 complete and 0 interrupted iterations
default   [  18% ] 05656/07561 VUs  02.8s/15s  7561.00 iters/s

running (03.8s), 04860/07561 VUs, 23680 complete and 0 interrupted iterations
default   [  25% ] 04860/07561 VUs  03.8s/15s  7561.00 iters/s

running (04.8s), 04308/07561 VUs, 31793 complete and 0 interrupted iterations
default   [  32% ] 04308/07561 VUs  04.8s/15s  7561.00 iters/s

running (05.8s), 03334/07561 VUs, 40328 complete and 0 interrupted iterations
default   [  38% ] 03334/07561 VUs  05.8s/15s  7561.00 iters/s

running (06.8s), 02402/07561 VUs, 48836 complete and 0 interrupted iterations
default   [  45% ] 02402/07561 VUs  06.8s/15s  7561.00 iters/s

running (07.8s), 01701/07561 VUs, 57084 complete and 0 interrupted iterations
default   [  52% ] 01701/07561 VUs  07.8s/15s  7561.00 iters/s

running (08.8s), 00803/07561 VUs, 65542 complete and 0 interrupted iterations
default   [  58% ] 00803/07561 VUs  08.8s/15s  7561.00 iters/s

running (09.8s), 00004/07561 VUs, 73901 complete and 0 interrupted iterations
default   [  65% ] 00004/07561 VUs  09.8s/15s  7561.00 iters/s

running (10.8s), 00005/07561 VUs, 81462 complete and 0 interrupted iterations
default   [  72% ] 00005/07561 VUs  10.8s/15s  7561.00 iters/s

running (11.8s), 00005/07561 VUs, 89023 complete and 0 interrupted iterations
default   [  78% ] 00005/07561 VUs  11.8s/15s  7561.00 iters/s

running (12.8s), 00008/07561 VUs, 96584 complete and 0 interrupted iterations
default   [  85% ] 00008/07561 VUs  12.8s/15s  7561.00 iters/s

running (13.8s), 00183/07561 VUs, 103967 complete and 0 interrupted iterations
default   [  92% ] 00183/07561 VUs  13.8s/15s  7561.00 iters/s

running (14.8s), 00005/07561 VUs, 111706 complete and 0 interrupted iterations
default   [  98% ] 00005/07561 VUs  14.8s/15s  7561.00 iters/s


  █ TOTAL RESULTS 

    HTTP
    http_req_duration..............: avg=259.42ms min=360.51µs med=196.67ms max=1.51s p(90)=670.6ms  p(95)=738.84ms
      { expected_response:true }...: avg=259.42ms min=360.51µs med=196.67ms max=1.51s p(90)=670.6ms  p(95)=738.84ms
    http_req_failed................: 0.00%  0 out of 113416
    http_reqs......................: 113416 7555.582439/s

    EXECUTION
    iteration_duration.............: avg=272.6ms  min=413.48µs med=206.2ms  max=1.92s p(90)=678.35ms p(95)=749.72ms
    iterations.....................: 113416 7555.582439/s
    vus............................: 6      min=4           max=6472
    vus_max........................: 7561   min=7561        max=7561

    NETWORK
    data_received..................: 23 MB  1.5 MB/s
    data_sent......................: 11 MB  756 kB/s




running (15.0s), 00000/07561 VUs, 113411 complete and 5 interrupted iterations
default ✓ [ 100% ] 00005/07561 VUs  15s  7561.00 iters/s
