
         /\      Grafana   /‾‾/  
    /\  /  \     |\  __   /  /   
   /  \/    \    | |/ /  /   ‾‾\ 
  /          \   |   (  |  (‾)  |
 / __________ \  |_|\_\  \_____/ 

     execution: local
        script: workflow/spin/k6_open_client.js
        output: -

     scenarios: (100.00%) 1 scenario, 10000 max VUs, 15s max duration (incl. graceful stop):
              * default: 1104.00 iterations/s for 15s (maxVUs: 1104-10000)


running (01.0s), 00106/01104 VUs, 947 complete and 0 interrupted iterations
default   [   6% ] 00106/01104 VUs  01.0s/15s  1104.00 iters/s

running (02.0s), 00178/01104 VUs, 1979 complete and 0 interrupted iterations
default   [  13% ] 00178/01104 VUs  02.0s/15s  1104.00 iters/s

running (03.0s), 00111/01104 VUs, 3151 complete and 0 interrupted iterations
default   [  20% ] 00111/01104 VUs  03.0s/15s  1104.00 iters/s

running (04.0s), 00168/01104 VUs, 4196 complete and 0 interrupted iterations
default   [  26% ] 00170/01104 VUs  04.0s/15s  1104.00 iters/s

running (05.0s), 00120/01104 VUs, 5350 complete and 0 interrupted iterations
default   [  33% ] 00120/01104 VUs  05.0s/15s  1104.00 iters/s

running (06.0s), 00168/01104 VUs, 6405 complete and 0 interrupted iterations
default   [  40% ] 00168/01104 VUs  06.0s/15s  1104.00 iters/s

running (07.0s), 00118/01104 VUs, 7559 complete and 0 interrupted iterations
default   [  46% ] 00118/01104 VUs  07.0s/15s  1104.00 iters/s

running (08.0s), 00175/01104 VUs, 8607 complete and 0 interrupted iterations
default   [  53% ] 00175/01104 VUs  08.0s/15s  1104.00 iters/s

running (09.0s), 00115/01104 VUs, 9771 complete and 0 interrupted iterations
default   [  60% ] 00115/01104 VUs  09.0s/15s  1104.00 iters/s

running (10.0s), 00184/01104 VUs, 10805 complete and 0 interrupted iterations
default   [  66% ] 00185/01104 VUs  10.0s/15s  1104.00 iters/s

running (11.0s), 00122/01104 VUs, 11972 complete and 0 interrupted iterations
default   [  73% ] 00122/01104 VUs  11.0s/15s  1104.00 iters/s

running (12.0s), 00192/01104 VUs, 13006 complete and 0 interrupted iterations
default   [  80% ] 00192/01104 VUs  12.0s/15s  1104.00 iters/s

running (13.0s), 00146/01104 VUs, 14156 complete and 0 interrupted iterations
default   [  86% ] 00146/01104 VUs  13.0s/15s  1104.00 iters/s

running (14.0s), 00096/01104 VUs, 15309 complete and 0 interrupted iterations
default   [  93% ] 00096/01104 VUs  14.0s/15s  1104.00 iters/s

running (15.0s), 00158/01104 VUs, 16351 complete and 0 interrupted iterations
default   [ 100% ] 00158/01104 VUs  15.0s/15s  1104.00 iters/s


  █ TOTAL RESULTS 

    HTTP
    http_req_duration..............: avg=136.04ms min=76.67ms med=136.04ms max=196.52ms p(90)=173.39ms p(95)=178.06ms
      { expected_response:true }...: avg=136.04ms min=76.67ms med=136.04ms max=196.52ms p(90)=173.39ms p(95)=178.06ms
    http_req_failed................: 0.00%  0 out of 16465
    http_reqs......................: 16465  1097.459056/s

    EXECUTION
    iteration_duration.............: avg=136.12ms min=76.75ms med=136.13ms max=196.58ms p(90)=173.47ms p(95)=178.14ms
    iterations.....................: 16465  1097.459056/s
    vus............................: 159    min=97         max=191 
    vus_max........................: 1104   min=1104       max=1104

    NETWORK
    data_received..................: 3.3 MB 223 kB/s
    data_sent......................: 3.2 MB 212 kB/s




running (15.0s), 00000/01104 VUs, 16465 complete and 96 interrupted iterations
default ✓ [ 100% ] 00096/01104 VUs  15s  1104.00 iters/s
