
         /\      Grafana   /‾‾/  
    /\  /  \     |\  __   /  /   
   /  \/    \    | |/ /  /   ‾‾\ 
  /          \   |   (  |  (‾)  |
 / __________ \  |_|\_\  \_____/ 

     execution: local
        script: workflow/write/k6_open_client.js
        output: -

     scenarios: (100.00%) 1 scenario, 10000 max VUs, 15s max duration (incl. graceful stop):
              * default: 5625.00 iterations/s for 15s (maxVUs: 5625-10000)


running (00.8s), 00567/05625 VUs, 4020 complete and 0 interrupted iterations
default   [   5% ] 00567/05625 VUs  00.8s/15s  5625.00 iters/s

running (01.8s), 00418/05625 VUs, 9795 complete and 0 interrupted iterations
default   [  12% ] 00418/05625 VUs  01.8s/15s  5625.00 iters/s

running (02.8s), 00353/05625 VUs, 15481 complete and 0 interrupted iterations
default   [  19% ] 00354/05625 VUs  02.8s/15s  5625.00 iters/s

running (03.8s), 00369/05625 VUs, 21093 complete and 0 interrupted iterations
default   [  25% ] 00369/05625 VUs  03.8s/15s  5625.00 iters/s

running (04.8s), 00238/05625 VUs, 26853 complete and 0 interrupted iterations
default   [  32% ] 00238/05625 VUs  04.8s/15s  5625.00 iters/s

running (05.8s), 00284/05625 VUs, 32428 complete and 0 interrupted iterations
default   [  39% ] 00284/05625 VUs  05.8s/15s  5625.00 iters/s

running (06.8s), 00239/05625 VUs, 38100 complete and 0 interrupted iterations
default   [  45% ] 00239/05625 VUs  06.8s/15s  5625.00 iters/s

running (07.8s), 00491/05625 VUs, 43476 complete and 0 interrupted iterations
default   [  52% ] 00491/05625 VUs  07.8s/15s  5625.00 iters/s

running (08.8s), 00531/05625 VUs, 49057 complete and 0 interrupted iterations
default   [  59% ] 00530/05625 VUs  08.8s/15s  5625.00 iters/s

running (09.8s), 00477/05625 VUs, 54740 complete and 0 interrupted iterations
default   [  65% ] 00477/05625 VUs  09.8s/15s  5625.00 iters/s

running (10.8s), 00279/05625 VUs, 60564 complete and 0 interrupted iterations
default   [  72% ] 00279/05625 VUs  10.8s/15s  5625.00 iters/s

running (11.8s), 00269/05625 VUs, 66196 complete and 0 interrupted iterations
default   [  79% ] 00269/05625 VUs  11.8s/15s  5625.00 iters/s

running (12.8s), 00263/05625 VUs, 71828 complete and 0 interrupted iterations
default   [  85% ] 00263/05625 VUs  12.8s/15s  5625.00 iters/s

running (13.8s), 00254/05625 VUs, 77460 complete and 0 interrupted iterations
default   [  92% ] 00254/05625 VUs  13.8s/15s  5625.00 iters/s

running (14.8s), 00247/05625 VUs, 83092 complete and 0 interrupted iterations
default   [  99% ] 00247/05625 VUs  14.8s/15s  5625.00 iters/s


  █ TOTAL RESULTS 

    HTTP
    http_req_duration..............: avg=64.96ms min=36.13ms med=55.72ms max=151.3ms  p(90)=101.08ms p(95)=108.57ms
      { expected_response:true }...: avg=64.96ms min=36.13ms med=55.72ms max=151.3ms  p(90)=101.08ms p(95)=108.57ms
    http_req_failed................: 0.00%  0 out of 84118
    http_reqs......................: 84118  5604.189215/s

    EXECUTION
    iteration_duration.............: avg=65.12ms min=36.19ms med=55.79ms max=151.55ms p(90)=101.79ms p(95)=109.07ms
    iterations.....................: 84118  5604.189215/s
    vus............................: 241    min=232        max=567 
    vus_max........................: 5625   min=5625       max=5625

    NETWORK
    data_received..................: 17 MB  1.1 MB/s
    data_sent......................: 8.4 MB 562 kB/s




running (15.0s), 00000/05625 VUs, 84116 complete and 264 interrupted iterations
default ✓ [ 100% ] 00264/05625 VUs  15s  5625.00 iters/s
