
         /\      Grafana   /‾‾/  
    /\  /  \     |\  __   /  /   
   /  \/    \    | |/ /  /   ‾‾\ 
  /          \   |   (  |  (‾)  |
 / __________ \  |_|\_\  \_____/ 

     execution: local
        script: workflow/write/k6_open_client.js
        output: -

     scenarios: (100.00%) 1 scenario, 10000 max VUs, 15s max duration (incl. graceful stop):
              * default: 2186.00 iterations/s for 15s (maxVUs: 2186-10000)


running (00.9s), 00100/02186 VUs, 1905 complete and 0 interrupted iterations
default   [   6% ] 00100/02186 VUs  00.9s/15s  2186.00 iters/s

running (01.9s), 00096/02186 VUs, 4094 complete and 0 interrupted iterations
default   [  13% ] 00096/02186 VUs  01.9s/15s  2186.00 iters/s

running (02.9s), 00086/02186 VUs, 6288 complete and 0 interrupted iterations
default   [  19% ] 00087/02186 VUs  02.9s/15s  2186.00 iters/s

running (03.9s), 00084/02186 VUs, 8478 complete and 0 interrupted iterations
default   [  26% ] 00084/02186 VUs  03.9s/15s  2186.00 iters/s

running (04.9s), 00083/02186 VUs, 10665 complete and 0 interrupted iterations
default   [  33% ] 00084/02186 VUs  04.9s/15s  2186.00 iters/s

running (05.9s), 00083/02186 VUs, 12851 complete and 0 interrupted iterations
default   [  39% ] 00083/02186 VUs  05.9s/15s  2186.00 iters/s

running (06.9s), 00085/02186 VUs, 15036 complete and 0 interrupted iterations
default   [  46% ] 00085/02186 VUs  06.9s/15s  2186.00 iters/s

running (07.9s), 00081/02186 VUs, 17224 complete and 0 interrupted iterations
default   [  53% ] 00082/02186 VUs  07.9s/15s  2186.00 iters/s

running (08.9s), 00102/02186 VUs, 19390 complete and 0 interrupted iterations
default   [  59% ] 00102/02186 VUs  08.9s/15s  2186.00 iters/s

running (09.9s), 00070/02186 VUs, 21607 complete and 0 interrupted iterations
default   [  66% ] 00070/02186 VUs  09.9s/15s  2186.00 iters/s

running (10.9s), 00130/02186 VUs, 23735 complete and 0 interrupted iterations
default   [  73% ] 00130/02186 VUs  10.9s/15s  2186.00 iters/s

running (11.9s), 00130/02186 VUs, 25920 complete and 0 interrupted iterations
default   [  79% ] 00130/02186 VUs  11.9s/15s  2186.00 iters/s

running (12.9s), 00130/02186 VUs, 28107 complete and 0 interrupted iterations
default   [  86% ] 00130/02186 VUs  12.9s/15s  2186.00 iters/s

running (13.9s), 00127/02186 VUs, 30295 complete and 0 interrupted iterations
default   [  93% ] 00128/02186 VUs  13.9s/15s  2186.00 iters/s

running (14.9s), 00113/02186 VUs, 32495 complete and 0 interrupted iterations
default   [  99% ] 00113/02186 VUs  14.9s/15s  2186.00 iters/s


  █ TOTAL RESULTS 

    HTTP
    http_req_duration..............: avg=50.49ms min=28.96ms med=49.45ms max=100.36ms p(90)=62.99ms p(95)=71.01ms
      { expected_response:true }...: avg=50.49ms min=28.96ms med=49.45ms max=100.36ms p(90)=62.99ms p(95)=71.01ms
    http_req_failed................: 0.00%  0 out of 32703
    http_reqs......................: 32703  2179.565778/s

    EXECUTION
    iteration_duration.............: avg=50.56ms min=29.01ms med=49.51ms max=100.91ms p(90)=63.09ms p(95)=71.15ms
    iterations.....................: 32703  2179.565778/s
    vus............................: 111    min=73         max=130 
    vus_max........................: 2186   min=2186       max=2186

    NETWORK
    data_received..................: 6.6 MB 442 kB/s
    data_sent......................: 3.3 MB 219 kB/s




running (15.0s), 00000/02186 VUs, 32703 complete and 89 interrupted iterations
default ✓ [ 100% ] 00089/02186 VUs  15s  2186.00 iters/s
