
         /\      Grafana   /‾‾/  
    /\  /  \     |\  __   /  /   
   /  \/    \    | |/ /  /   ‾‾\ 
  /          \   |   (  |  (‾)  |
 / __________ \  |_|\_\  \_____/ 

     execution: local
        script: workflow/echo/k6_open_client.js
        output: -

     scenarios: (100.00%) 1 scenario, 100000 max VUs, 15s max duration (incl. graceful stop):
              * default: 4632.00 iterations/s for 15s (maxVUs: 4632-100000)


running (00.8s), 000182/004632 VUs, 3712 complete and 0 interrupted iterations
default   [   6% ] 000182/004632 VUs  00.8s/15s  4632.00 iters/s

running (01.8s), 000181/004632 VUs, 8344 complete and 0 interrupted iterations
default   [  12% ] 000181/004632 VUs  01.8s/15s  4632.00 iters/s

running (02.8s), 000164/004632 VUs, 12994 complete and 0 interrupted iterations
default   [  19% ] 000164/004632 VUs  02.8s/15s  4632.00 iters/s

running (03.8s), 000175/004632 VUs, 17615 complete and 0 interrupted iterations
default   [  26% ] 000175/004632 VUs  03.8s/15s  4632.00 iters/s

running (04.8s), 000199/004632 VUs, 22223 complete and 0 interrupted iterations
default   [  32% ] 000199/004632 VUs  04.8s/15s  4632.00 iters/s

running (05.8s), 000223/004632 VUs, 26832 complete and 0 interrupted iterations
default   [  39% ] 000223/004632 VUs  05.8s/15s  4632.00 iters/s

running (06.8s), 000175/004632 VUs, 31511 complete and 0 interrupted iterations
default   [  46% ] 000175/004632 VUs  06.8s/15s  4632.00 iters/s

running (07.8s), 000178/004632 VUs, 36140 complete and 0 interrupted iterations
default   [  52% ] 000177/004632 VUs  07.8s/15s  4632.00 iters/s

running (08.8s), 000165/004632 VUs, 40783 complete and 0 interrupted iterations
default   [  59% ] 000166/004632 VUs  08.8s/15s  4632.00 iters/s

running (09.8s), 000194/004632 VUs, 45391 complete and 0 interrupted iterations
default   [  66% ] 000194/004632 VUs  09.8s/15s  4632.00 iters/s

running (10.8s), 000214/004632 VUs, 49999 complete and 0 interrupted iterations
default   [  72% ] 000215/004632 VUs  10.8s/15s  4632.00 iters/s

running (11.8s), 000185/004632 VUs, 54661 complete and 0 interrupted iterations
default   [  79% ] 000185/004632 VUs  11.8s/15s  4632.00 iters/s

running (12.8s), 000166/004632 VUs, 59314 complete and 0 interrupted iterations
default   [  86% ] 000166/004632 VUs  12.8s/15s  4632.00 iters/s

running (13.8s), 000161/004632 VUs, 63951 complete and 0 interrupted iterations
default   [  92% ] 000161/004632 VUs  13.8s/15s  4632.00 iters/s

running (14.8s), 000209/004632 VUs, 68533 complete and 0 interrupted iterations
default   [  99% ] 000209/004632 VUs  14.8s/15s  4632.00 iters/s


  █ TOTAL RESULTS 

    HTTP
    http_req_duration..............: avg=40.55ms min=30.69ms med=40.16ms max=77.67ms p(90)=46.49ms p(95)=48.86ms
      { expected_response:true }...: avg=40.55ms min=30.69ms med=40.16ms max=77.67ms p(90)=46.49ms p(95)=48.86ms
    http_req_failed................: 0.00%  0 out of 69293
    http_reqs......................: 69293  4617.270053/s

    EXECUTION
    iteration_duration.............: avg=40.63ms min=30.76ms med=40.23ms max=77.74ms p(90)=46.57ms p(95)=48.96ms
    iterations.....................: 69293  4617.270053/s
    vus............................: 208    min=161        max=223 
    vus_max........................: 4632   min=4632       max=4632

    NETWORK
    data_received..................: 14 MB  937 kB/s
    data_sent......................: 6.9 MB 463 kB/s




running (15.0s), 000000/004632 VUs, 69291 complete and 192 interrupted iterations
default ✓ [ 100% ] 000192/004632 VUs  15s  4632.00 iters/s
