
         /\      Grafana   /‾‾/  
    /\  /  \     |\  __   /  /   
   /  \/    \    | |/ /  /   ‾‾\ 
  /          \   |   (  |  (‾)  |
 / __________ \  |_|\_\  \_____/ 

     execution: local
        script: workflow/spin/k6_open_client.js
        output: -

     scenarios: (100.00%) 1 scenario, 10000 max VUs, 15s max duration (incl. graceful stop):
              * default: 3920.00 iterations/s for 15s (maxVUs: 3920-10000)


running (00.9s), 00204/03920 VUs, 3189 complete and 0 interrupted iterations
default   [   6% ] 00204/03920 VUs  00.9s/15s  3920.00 iters/s

running (01.9s), 00231/03920 VUs, 7082 complete and 0 interrupted iterations
default   [  12% ] 00230/03920 VUs  01.9s/15s  3920.00 iters/s

running (02.9s), 00268/03920 VUs, 10965 complete and 0 interrupted iterations
default   [  19% ] 00268/03920 VUs  02.9s/15s  3920.00 iters/s

running (03.9s), 00239/03920 VUs, 14914 complete and 0 interrupted iterations
default   [  26% ] 00239/03920 VUs  03.9s/15s  3920.00 iters/s

running (04.9s), 00219/03920 VUs, 18853 complete and 0 interrupted iterations
default   [  32% ] 00219/03920 VUs  04.9s/15s  3920.00 iters/s

running (05.9s), 00227/03920 VUs, 22766 complete and 0 interrupted iterations
default   [  39% ] 00227/03920 VUs  05.9s/15s  3920.00 iters/s

running (06.9s), 00309/03920 VUs, 26604 complete and 0 interrupted iterations
default   [  46% ] 00309/03920 VUs  06.9s/15s  3920.00 iters/s

running (07.9s), 00208/03920 VUs, 30626 complete and 0 interrupted iterations
default   [  52% ] 00208/03920 VUs  07.9s/15s  3920.00 iters/s

running (08.9s), 00257/03920 VUs, 34496 complete and 0 interrupted iterations
default   [  59% ] 00257/03920 VUs  08.9s/15s  3920.00 iters/s

running (09.9s), 00312/03920 VUs, 38361 complete and 0 interrupted iterations
default   [  66% ] 00312/03920 VUs  09.9s/15s  3920.00 iters/s

running (10.9s), 00193/03920 VUs, 42402 complete and 0 interrupted iterations
default   [  72% ] 00193/03920 VUs  10.9s/15s  3920.00 iters/s

running (11.9s), 00237/03920 VUs, 46276 complete and 0 interrupted iterations
default   [  79% ] 00237/03920 VUs  11.9s/15s  3920.00 iters/s

running (12.9s), 00263/03920 VUs, 50170 complete and 0 interrupted iterations
default   [  86% ] 00263/03920 VUs  12.9s/15s  3920.00 iters/s

running (13.9s), 00243/03920 VUs, 54110 complete and 0 interrupted iterations
default   [  92% ] 00243/03920 VUs  13.9s/15s  3920.00 iters/s

running (14.9s), 00215/03920 VUs, 58059 complete and 0 interrupted iterations
default   [  99% ] 00215/03920 VUs  14.9s/15s  3920.00 iters/s


  █ TOTAL RESULTS 

    HTTP
    http_req_duration..............: avg=60.32ms min=41.67ms med=59.37ms max=109.39ms p(90)=69.42ms p(95)=74.46ms
      { expected_response:true }...: avg=60.32ms min=41.67ms med=59.37ms max=109.39ms p(90)=69.42ms p(95)=74.46ms
    http_req_failed................: 0.00% 0 out of 58565
    http_reqs......................: 58565 3902.406455/s

    EXECUTION
    iteration_duration.............: avg=60.41ms min=41.74ms med=59.46ms max=109.64ms p(90)=69.52ms p(95)=74.57ms
    iterations.....................: 58565 3902.406455/s
    vus............................: 215   min=193        max=311 
    vus_max........................: 3920  min=3920       max=3920

    NETWORK
    data_received..................: 12 MB 792 kB/s
    data_sent......................: 11 MB 752 kB/s




running (15.0s), 00000/03920 VUs, 58564 complete and 236 interrupted iterations
default ✓ [ 100% ] 00236/03920 VUs  15s  3920.00 iters/s
