
         /\      Grafana   /‾‾/  
    /\  /  \     |\  __   /  /   
   /  \/    \    | |/ /  /   ‾‾\ 
  /          \   |   (  |  (‾)  |
 / __________ \  |_|\_\  \_____/ 

     execution: local
        script: workflow/spin/k6_open_client.js
        output: -

     scenarios: (100.00%) 1 scenario, 10000 max VUs, 15s max duration (incl. graceful stop):
              * default: 2466.00 iterations/s for 15s (maxVUs: 2466-10000)


running (00.9s), 00135/02466 VUs, 2126 complete and 0 interrupted iterations
default   [   6% ] 00135/02466 VUs  00.9s/15s  2466.00 iters/s

running (01.9s), 00121/02466 VUs, 4608 complete and 0 interrupted iterations
default   [  13% ] 00121/02466 VUs  01.9s/15s  2466.00 iters/s

running (02.9s), 00147/02466 VUs, 7047 complete and 0 interrupted iterations
default   [  19% ] 00147/02466 VUs  02.9s/15s  2466.00 iters/s

running (03.9s), 00121/02466 VUs, 9538 complete and 0 interrupted iterations
default   [  26% ] 00121/02466 VUs  03.9s/15s  2466.00 iters/s

running (04.9s), 00121/02466 VUs, 12004 complete and 0 interrupted iterations
default   [  33% ] 00121/02466 VUs  04.9s/15s  2466.00 iters/s

running (05.9s), 00163/02466 VUs, 14428 complete and 0 interrupted iterations
default   [  39% ] 00163/02466 VUs  05.9s/15s  2466.00 iters/s

running (06.9s), 00152/02466 VUs, 16905 complete and 0 interrupted iterations
default   [  46% ] 00152/02466 VUs  06.9s/15s  2466.00 iters/s

running (07.9s), 00113/02466 VUs, 19410 complete and 0 interrupted iterations
default   [  53% ] 00113/02466 VUs  07.9s/15s  2466.00 iters/s

running (08.9s), 00101/02466 VUs, 21888 complete and 0 interrupted iterations
default   [  59% ] 00101/02466 VUs  08.9s/15s  2466.00 iters/s

running (09.9s), 00159/02466 VUs, 24294 complete and 0 interrupted iterations
default   [  66% ] 00159/02466 VUs  09.9s/15s  2466.00 iters/s

running (10.9s), 00116/02466 VUs, 26805 complete and 0 interrupted iterations
default   [  73% ] 00116/02466 VUs  10.9s/15s  2466.00 iters/s

running (11.9s), 00121/02466 VUs, 29266 complete and 0 interrupted iterations
default   [  79% ] 00121/02466 VUs  11.9s/15s  2466.00 iters/s

running (12.9s), 00133/02466 VUs, 31720 complete and 0 interrupted iterations
default   [  86% ] 00133/02466 VUs  12.9s/15s  2466.00 iters/s

running (13.9s), 00150/02466 VUs, 34169 complete and 0 interrupted iterations
default   [  93% ] 00150/02466 VUs  13.9s/15s  2466.00 iters/s

running (14.9s), 00111/02466 VUs, 36674 complete and 0 interrupted iterations
default   [  99% ] 00111/02466 VUs  14.9s/15s  2466.00 iters/s


  █ TOTAL RESULTS 

    HTTP
    http_req_duration..............: avg=56.31ms min=37.51ms med=56.14ms max=99.99ms  p(90)=66.11ms p(95)=69.14ms
      { expected_response:true }...: avg=56.31ms min=37.51ms med=56.14ms max=99.99ms  p(90)=66.11ms p(95)=69.14ms
    http_req_failed................: 0.00%  0 out of 36834
    http_reqs......................: 36834  2454.842327/s

    EXECUTION
    iteration_duration.............: avg=56.4ms  min=37.6ms  med=56.24ms max=100.21ms p(90)=66.2ms  p(95)=69.24ms
    iterations.....................: 36834  2454.842327/s
    vus............................: 112    min=101        max=161 
    vus_max........................: 2466   min=2466       max=2466

    NETWORK
    data_received..................: 7.5 MB 498 kB/s
    data_sent......................: 7.1 MB 473 kB/s




running (15.0s), 00000/02466 VUs, 36834 complete and 158 interrupted iterations
default ✓ [ 100% ] 00158/02466 VUs  15s  2466.00 iters/s
