
         /\      Grafana   /‾‾/  
    /\  /  \     |\  __   /  /   
   /  \/    \    | |/ /  /   ‾‾\ 
  /          \   |   (  |  (‾)  |
 / __________ \  |_|\_\  \_____/ 

     execution: local
        script: workflow/online_boutique/k6_open_add_to_cart.js
        output: -

     scenarios: (100.00%) 1 scenario, 10000 max VUs, 15s max duration (incl. graceful stop):
              * default: 60.00 iterations/s for 15s (maxVUs: 60-10000)


running (01.0s), 00002/00060 VUs, 58 complete and 0 interrupted iterations
default   [   7% ] 00002/00060 VUs  01.0s/15s  60.00 iters/s

running (02.0s), 00000/00060 VUs, 120 complete and 0 interrupted iterations
default   [  13% ] 00000/00060 VUs  02.0s/15s  60.00 iters/s

running (03.0s), 00000/00060 VUs, 180 complete and 0 interrupted iterations
default   [  20% ] 00000/00060 VUs  03.0s/15s  60.00 iters/s

running (04.0s), 00000/00060 VUs, 240 complete and 0 interrupted iterations
default   [  27% ] 00000/00060 VUs  04.0s/15s  60.00 iters/s

running (05.0s), 00000/00060 VUs, 300 complete and 0 interrupted iterations
default   [  33% ] 00000/00060 VUs  05.0s/15s  60.00 iters/s

running (06.0s), 00000/00060 VUs, 360 complete and 0 interrupted iterations
default   [  40% ] 00000/00060 VUs  06.0s/15s  60.00 iters/s

running (07.0s), 00000/00060 VUs, 420 complete and 0 interrupted iterations
default   [  47% ] 00000/00060 VUs  07.0s/15s  60.00 iters/s

running (08.0s), 00000/00060 VUs, 480 complete and 0 interrupted iterations
default   [  53% ] 00000/00060 VUs  08.0s/15s  60.00 iters/s

running (09.0s), 00000/00060 VUs, 540 complete and 0 interrupted iterations
default   [  60% ] 00000/00060 VUs  09.0s/15s  60.00 iters/s

running (10.0s), 00000/00060 VUs, 600 complete and 0 interrupted iterations
default   [  67% ] 00000/00060 VUs  10.0s/15s  60.00 iters/s

running (11.0s), 00000/00060 VUs, 660 complete and 0 interrupted iterations
default   [  73% ] 00000/00060 VUs  11.0s/15s  60.00 iters/s

running (12.0s), 00000/00060 VUs, 720 complete and 0 interrupted iterations
default   [  80% ] 00000/00060 VUs  12.0s/15s  60.00 iters/s

running (13.0s), 00000/00060 VUs, 780 complete and 0 interrupted iterations
default   [  87% ] 00000/00060 VUs  13.0s/15s  60.00 iters/s

running (14.0s), 00000/00060 VUs, 840 complete and 0 interrupted iterations
default   [  93% ] 00000/00060 VUs  14.0s/15s  60.00 iters/s

running (15.0s), 00000/00060 VUs, 900 complete and 0 interrupted iterations
default   [ 100% ] 00000/00060 VUs  15.0s/15s  60.00 iters/s


  █ TOTAL RESULTS 

    CUSTOM
    online_boutique_application_errors...: 0.00%  0 out of 900

    HTTP
    http_req_duration....................: avg=2.83ms min=2.4ms  med=2.76ms max=7.05ms  p(90)=3.04ms p(95)=3.26ms
      { expected_response:true }.........: avg=2.83ms min=2.4ms  med=2.76ms max=7.05ms  p(90)=3.04ms p(95)=3.26ms
    http_req_failed......................: 0.00%  0 out of 900
    http_reqs............................: 900    59.996171/s

    EXECUTION
    iteration_duration...................: avg=3.09ms min=2.52ms med=2.96ms max=34.43ms p(90)=3.35ms p(95)=3.64ms
    iterations...........................: 900    59.996171/s
    vus..................................: 0      min=0        max=2 
    vus_max..............................: 60     min=60       max=60

    NETWORK
    data_received........................: 478 kB 32 kB/s
    data_sent............................: 233 kB 16 kB/s




running (15.0s), 00000/00060 VUs, 900 complete and 1 interrupted iterations
default ✓ [ 100% ] 00001/00060 VUs  15s  60.00 iters/s
