
         /\      Grafana   /‾‾/  
    /\  /  \     |\  __   /  /   
   /  \/    \    | |/ /  /   ‾‾\ 
  /          \   |   (  |  (‾)  |
 / __________ \  |_|\_\  \_____/ 

     execution: local
        script: workflow/media/k6_open_review_compose.js
        output: -

     scenarios: (100.00%) 1 scenario, 10000 max VUs, 10s max duration (incl. graceful stop):
              * default: 211.00 iterations/s for 10s (maxVUs: 211-10000)


running (01.0s), 00096/00211 VUs, 112 complete and 0 interrupted iterations
default   [  10% ] 00096/00211 VUs  01.0s/10s  211.00 iters/s

running (02.0s), 00099/00211 VUs, 320 complete and 0 interrupted iterations
default   [  20% ] 00099/00211 VUs  02.0s/10s  211.00 iters/s

running (03.0s), 00099/00211 VUs, 531 complete and 0 interrupted iterations
default   [  30% ] 00099/00211 VUs  03.0s/10s  211.00 iters/s

running (04.0s), 00099/00211 VUs, 742 complete and 0 interrupted iterations
default   [  40% ] 00099/00211 VUs  04.0s/10s  211.00 iters/s

running (05.0s), 00099/00211 VUs, 953 complete and 0 interrupted iterations
default   [  50% ] 00099/00211 VUs  05.0s/10s  211.00 iters/s

running (06.0s), 00099/00211 VUs, 1164 complete and 0 interrupted iterations
default   [  60% ] 00099/00211 VUs  06.0s/10s  211.00 iters/s

running (07.0s), 00099/00211 VUs, 1375 complete and 0 interrupted iterations
default   [  70% ] 00099/00211 VUs  07.0s/10s  211.00 iters/s

running (08.0s), 00099/00211 VUs, 1586 complete and 0 interrupted iterations
default   [  80% ] 00099/00211 VUs  08.0s/10s  211.00 iters/s

running (09.0s), 00099/00211 VUs, 1797 complete and 0 interrupted iterations
default   [  90% ] 00099/00211 VUs  09.0s/10s  211.00 iters/s

running (10.0s), 00099/00211 VUs, 2008 complete and 0 interrupted iterations
default   [ 100% ] 00099/00211 VUs  10.0s/10s  211.00 iters/s


  █ TOTAL RESULTS 

    HTTP
    http_req_duration..............: avg=5.69ms min=3.96ms med=5.18ms max=14.92ms p(90)=7.45ms p(95)=8.66ms
      { expected_response:true }...: avg=5.69ms min=3.96ms med=5.18ms max=14.92ms p(90)=7.45ms p(95)=8.66ms
    http_req_failed................: 0.00%  0 out of 2010
    http_reqs......................: 2010   200.959041/s

    EXECUTION
    iteration_duration.............: avg=5.83ms min=1.34ms med=5.33ms max=15.08ms p(90)=7.57ms p(95)=8.79ms
    iterations.....................: 2011   201.059021/s
    vus............................: 99     min=96        max=99 
    vus_max........................: 211    min=211       max=211

    NETWORK
    data_received..................: 461 kB 46 kB/s
    data_sent......................: 1.1 MB 112 kB/s




running (10.0s), 00000/00211 VUs, 2010 complete and 101 interrupted iterations
default ✓ [ 100% ] 00101/00211 VUs  10s  211.00 iters/s
