
         /\      Grafana   /‾‾/  
    /\  /  \     |\  __   /  /   
   /  \/    \    | |/ /  /   ‾‾\ 
  /          \   |   (  |  (‾)  |
 / __________ \  |_|\_\  \_____/ 

     execution: local
        script: workflow/online_boutique/k6_open_add_to_cart.js
        output: -

     scenarios: (100.00%) 1 scenario, 10000 max VUs, 15s max duration (incl. graceful stop):
              * default: 5635.00 iterations/s for 15s (maxVUs: 5635-10000)


running (00.8s), 02739/05635 VUs, 1847 complete and 0 interrupted iterations
default   [   5% ] 02739/05635 VUs  00.8s/15s  5635.00 iters/s

running (01.8s), 03244/05635 VUs, 6977 complete and 0 interrupted iterations
default   [  12% ] 03244/05635 VUs  01.8s/15s  5635.00 iters/s

running (02.8s), 03706/05635 VUs, 12150 complete and 0 interrupted iterations
default   [  19% ] 03707/05635 VUs  02.8s/15s  5635.00 iters/s

running (03.8s), 03954/05635 VUs, 17537 complete and 0 interrupted iterations
default   [  25% ] 03954/05635 VUs  03.8s/15s  5635.00 iters/s

running (04.8s), 04355/05635 VUs, 22771 complete and 0 interrupted iterations
default   [  32% ] 04355/05635 VUs  04.8s/15s  5635.00 iters/s

running (05.8s), 04616/05635 VUs, 28145 complete and 0 interrupted iterations
default   [  39% ] 04616/05635 VUs  05.8s/15s  5635.00 iters/s

running (06.8s), 04785/05635 VUs, 33611 complete and 0 interrupted iterations
default   [  45% ] 04785/05635 VUs  06.8s/15s  5635.00 iters/s

running (07.8s), 05096/05635 VUs, 38935 complete and 0 interrupted iterations
default   [  52% ] 05096/05635 VUs  07.8s/15s  5635.00 iters/s

running (08.8s), 05317/05635 VUs, 44349 complete and 0 interrupted iterations
default   [  59% ] 05317/05635 VUs  08.8s/15s  5635.00 iters/s

running (09.8s), 05567/05635 VUs, 49735 complete and 0 interrupted iterations
default   [  65% ] 05567/05635 VUs  09.8s/15s  5635.00 iters/s

running (10.8s), 05735/05740 VUs, 54886 complete and 0 interrupted iterations
default   [  72% ] 05735/05740 VUs  10.8s/15s  5635.00 iters/s

running (11.8s), 05816/05816 VUs, 60313 complete and 0 interrupted iterations
default   [  79% ] 05816/05816 VUs  11.8s/15s  5635.00 iters/s

running (12.8s), 05868/05878 VUs, 65776 complete and 0 interrupted iterations
default   [  85% ] 05868/05878 VUs  12.8s/15s  5635.00 iters/s

running (13.8s), 05943/05961 VUs, 71066 complete and 0 interrupted iterations
default   [  92% ] 05943/05961 VUs  13.8s/15s  5635.00 iters/s

running (14.8s), 05989/06001 VUs, 76577 complete and 0 interrupted iterations
default   [  99% ] 05989/06001 VUs  14.8s/15s  5635.00 iters/s


  █ TOTAL RESULTS 

    CUSTOM
    online_boutique_application_errors...: 0.00% 0 out of 77596

    HTTP
    http_req_duration....................: avg=873.41ms min=334.98ms med=904.23ms max=1.11s p(90)=1.07s p(95)=1.1s
      { expected_response:true }.........: avg=873.41ms min=334.98ms med=904.23ms max=1.11s p(90)=1.07s p(95)=1.1s
    http_req_failed......................: 0.00% 0 out of 77603
    http_reqs............................: 77603 5156.105946/s

    EXECUTION
    dropped_iterations...................: 923   61.326054/s
    iteration_duration...................: avg=873.64ms min=337.65ms med=904.39ms max=1.11s p(90)=1.07s p(95)=1.1s
    iterations...........................: 77603 5156.105946/s
    vus..................................: 5989  min=2740       max=5989
    vus_max..............................: 6001  min=5635       max=6001

    NETWORK
    data_received........................: 67 MB 4.5 MB/s
    data_sent............................: 22 MB 1.4 MB/s




running (15.1s), 00000/06011 VUs, 77594 complete and 6009 interrupted iterations
default ✓ [ 100% ] 06009/06011 VUs  15s  5635.00 iters/s
