
         /\      Grafana   /‾‾/  
    /\  /  \     |\  __   /  /   
   /  \/    \    | |/ /  /   ‾‾\ 
  /          \   |   (  |  (‾)  |
 / __________ \  |_|\_\  \_____/ 

     execution: local
        script: workflow/response/k6_open_client.js
        output: -

     scenarios: (100.00%) 1 scenario, 100000 max VUs, 15s max duration (incl. graceful stop):
              * default: 5594.00 iterations/s for 15s (maxVUs: 5594-100000)


running (00.8s), 000576/005594 VUs, 4081 complete and 0 interrupted iterations
default   [   6% ] 000576/005594 VUs  00.8s/15s  5594.00 iters/s

running (01.8s), 000310/005594 VUs, 9941 complete and 0 interrupted iterations
default   [  12% ] 000310/005594 VUs  01.8s/15s  5594.00 iters/s

running (02.8s), 000250/005594 VUs, 15595 complete and 0 interrupted iterations
default   [  19% ] 000250/005594 VUs  02.8s/15s  5594.00 iters/s

running (03.8s), 000238/005594 VUs, 21202 complete and 0 interrupted iterations
default   [  26% ] 000237/005594 VUs  03.8s/15s  5594.00 iters/s

running (04.8s), 000262/005594 VUs, 26775 complete and 0 interrupted iterations
default   [  32% ] 000262/005594 VUs  04.8s/15s  5594.00 iters/s

running (05.8s), 000319/005594 VUs, 32308 complete and 0 interrupted iterations
default   [  39% ] 000319/005594 VUs  05.8s/15s  5594.00 iters/s

running (06.8s), 000312/005594 VUs, 37911 complete and 0 interrupted iterations
default   [  46% ] 000312/005594 VUs  06.8s/15s  5594.00 iters/s

running (07.8s), 000250/005594 VUs, 43566 complete and 0 interrupted iterations
default   [  52% ] 000250/005594 VUs  07.8s/15s  5594.00 iters/s

running (08.8s), 000238/005594 VUs, 49170 complete and 0 interrupted iterations
default   [  59% ] 000238/005594 VUs  08.8s/15s  5594.00 iters/s

running (09.8s), 000275/005594 VUs, 54728 complete and 0 interrupted iterations
default   [  66% ] 000275/005594 VUs  09.8s/15s  5594.00 iters/s

running (10.8s), 000248/005594 VUs, 60349 complete and 0 interrupted iterations
default   [  72% ] 000248/005594 VUs  10.8s/15s  5594.00 iters/s

running (11.8s), 000247/005594 VUs, 65941 complete and 0 interrupted iterations
default   [  79% ] 000247/005594 VUs  11.8s/15s  5594.00 iters/s

running (12.8s), 000210/005594 VUs, 71572 complete and 0 interrupted iterations
default   [  86% ] 000210/005594 VUs  12.8s/15s  5594.00 iters/s

running (13.8s), 000298/005594 VUs, 77076 complete and 0 interrupted iterations
default   [  92% ] 000298/005594 VUs  13.8s/15s  5594.00 iters/s

running (14.8s), 000247/005594 VUs, 82727 complete and 0 interrupted iterations
default   [  99% ] 000247/005594 VUs  14.8s/15s  5594.00 iters/s


  █ TOTAL RESULTS 

    HTTP
    http_req_duration..............: avg=53.95ms min=30ms   med=48.18ms max=162.15ms p(90)=72.55ms p(95)=99.66ms 
      { expected_response:true }...: avg=53.95ms min=30ms   med=48.18ms max=162.15ms p(90)=72.55ms p(95)=99.66ms 
    http_req_failed................: 0.00% 0 out of 83461
    http_reqs......................: 83461 5560.158714/s

    EXECUTION
    iteration_duration.............: avg=54.12ms min=30.1ms med=48.27ms max=162.36ms p(90)=72.76ms p(95)=100.41ms
    iterations.....................: 83461 5560.158714/s
    vus............................: 246   min=216        max=574 
    vus_max........................: 5594  min=5594       max=5594

    NETWORK
    data_received..................: 17 MB 1.1 MB/s
    data_sent......................: 16 MB 1.1 MB/s




running (15.0s), 000000/005594 VUs, 83461 complete and 449 interrupted iterations
default ✓ [ 100% ] 000449/005594 VUs  15s  5594.00 iters/s
