
         /\      Grafana   /‾‾/  
    /\  /  \     |\  __   /  /   
   /  \/    \    | |/ /  /   ‾‾\ 
  /          \   |   (  |  (‾)  |
 / __________ \  |_|\_\  \_____/ 

     execution: local
        script: workflow/response/k6_open_client.js
        output: -

     scenarios: (100.00%) 1 scenario, 10000 max VUs, 15s max duration (incl. graceful stop):
              * default: 440.00 iterations/s for 15s (maxVUs: 440-10000)


running (01.0s), 00008/00440 VUs, 422 complete and 0 interrupted iterations
default   [   7% ] 00008/00440 VUs  01.0s/15s  440.00 iters/s

running (02.0s), 00016/00440 VUs, 854 complete and 0 interrupted iterations
default   [  13% ] 00016/00440 VUs  02.0s/15s  440.00 iters/s

running (03.0s), 00008/00440 VUs, 1302 complete and 0 interrupted iterations
default   [  20% ] 00008/00440 VUs  03.0s/15s  440.00 iters/s

running (04.0s), 00014/00440 VUs, 1736 complete and 0 interrupted iterations
default   [  27% ] 00014/00440 VUs  04.0s/15s  440.00 iters/s

running (05.0s), 00019/00440 VUs, 2171 complete and 0 interrupted iterations
default   [  33% ] 00019/00440 VUs  05.0s/15s  440.00 iters/s

running (06.0s), 00014/00440 VUs, 2616 complete and 0 interrupted iterations
default   [  40% ] 00014/00440 VUs  06.0s/15s  440.00 iters/s

running (07.0s), 00006/00440 VUs, 3064 complete and 0 interrupted iterations
default   [  47% ] 00006/00440 VUs  07.0s/15s  440.00 iters/s

running (08.0s), 00011/00440 VUs, 3499 complete and 0 interrupted iterations
default   [  53% ] 00011/00440 VUs  08.0s/15s  440.00 iters/s

running (09.0s), 00018/00440 VUs, 3932 complete and 0 interrupted iterations
default   [  60% ] 00018/00440 VUs  09.0s/15s  440.00 iters/s

running (10.0s), 00010/00440 VUs, 4380 complete and 0 interrupted iterations
default   [  67% ] 00010/00440 VUs  10.0s/15s  440.00 iters/s

running (11.0s), 00017/00440 VUs, 4813 complete and 0 interrupted iterations
default   [  73% ] 00017/00440 VUs  11.0s/15s  440.00 iters/s

running (12.0s), 00009/00440 VUs, 5261 complete and 0 interrupted iterations
default   [  80% ] 00009/00440 VUs  12.0s/15s  440.00 iters/s

running (13.0s), 00015/00440 VUs, 5695 complete and 0 interrupted iterations
default   [  87% ] 00015/00440 VUs  13.0s/15s  440.00 iters/s

running (14.0s), 00006/00440 VUs, 6144 complete and 0 interrupted iterations
default   [  93% ] 00006/00440 VUs  14.0s/15s  440.00 iters/s

running (15.0s), 00012/00440 VUs, 6578 complete and 0 interrupted iterations
default   [ 100% ] 00012/00440 VUs  15.0s/15s  440.00 iters/s


  █ TOTAL RESULTS 

    HTTP
    http_req_duration..............: avg=28.02ms min=11.29ms med=28.09ms max=49.08ms p(90)=40.03ms p(95)=41.57ms
      { expected_response:true }...: avg=28.02ms min=11.29ms med=28.09ms max=49.08ms p(90)=40.03ms p(95)=41.57ms
    http_req_failed................: 0.00%  0 out of 6592
    http_reqs......................: 6592   439.411101/s

    EXECUTION
    iteration_duration.............: avg=28.11ms min=11.36ms med=28.17ms max=49.15ms p(90)=40.13ms p(95)=41.65ms
    iterations.....................: 6592   439.411101/s
    vus............................: 12     min=6         max=19 
    vus_max........................: 440    min=440       max=440

    NETWORK
    data_received..................: 1.3 MB 88 kB/s
    data_sent......................: 1.3 MB 86 kB/s




running (15.0s), 00000/00440 VUs, 6592 complete and 8 interrupted iterations
default ✓ [ 100% ] 00008/00440 VUs  15s  440.00 iters/s
