
         /\      Grafana   /‾‾/  
    /\  /  \     |\  __   /  /   
   /  \/    \    | |/ /  /   ‾‾\ 
  /          \   |   (  |  (‾)  |
 / __________ \  |_|\_\  \_____/ 

     execution: local
        script: workflow/spin/k6_open_client.js
        output: -

     scenarios: (100.00%) 1 scenario, 10000 max VUs, 15s max duration (incl. graceful stop):
              * default: 1840.00 iterations/s for 15s (maxVUs: 1840-10000)


running (00.9s), 00074/01840 VUs, 1636 complete and 0 interrupted iterations
default   [   6% ] 00074/01840 VUs  00.9s/15s  1840.00 iters/s

running (01.9s), 00080/01840 VUs, 3471 complete and 0 interrupted iterations
default   [  13% ] 00081/01840 VUs  01.9s/15s  1840.00 iters/s

running (02.9s), 00078/01840 VUs, 5314 complete and 0 interrupted iterations
default   [  20% ] 00078/01840 VUs  02.9s/15s  1840.00 iters/s

running (03.9s), 00089/01840 VUs, 7144 complete and 0 interrupted iterations
default   [  26% ] 00089/01840 VUs  03.9s/15s  1840.00 iters/s

running (04.9s), 00095/01840 VUs, 8977 complete and 0 interrupted iterations
default   [  33% ] 00095/01840 VUs  04.9s/15s  1840.00 iters/s

running (05.9s), 00088/01840 VUs, 10824 complete and 0 interrupted iterations
default   [  40% ] 00088/01840 VUs  05.9s/15s  1840.00 iters/s

running (06.9s), 00092/01840 VUs, 12659 complete and 0 interrupted iterations
default   [  46% ] 00092/01840 VUs  06.9s/15s  1840.00 iters/s

running (07.9s), 00083/01840 VUs, 14510 complete and 0 interrupted iterations
default   [  53% ] 00083/01840 VUs  07.9s/15s  1840.00 iters/s

running (08.9s), 00069/01840 VUs, 16363 complete and 0 interrupted iterations
default   [  60% ] 00069/01840 VUs  08.9s/15s  1840.00 iters/s

running (09.9s), 00058/01840 VUs, 18215 complete and 0 interrupted iterations
default   [  66% ] 00058/01840 VUs  09.9s/15s  1840.00 iters/s

running (10.9s), 00083/01840 VUs, 20029 complete and 0 interrupted iterations
default   [  73% ] 00083/01840 VUs  10.9s/15s  1840.00 iters/s

running (11.9s), 00093/01840 VUs, 21860 complete and 0 interrupted iterations
default   [  80% ] 00093/01840 VUs  11.9s/15s  1840.00 iters/s

running (12.9s), 00084/01840 VUs, 23709 complete and 0 interrupted iterations
default   [  86% ] 00084/01840 VUs  12.9s/15s  1840.00 iters/s

running (13.9s), 00084/01840 VUs, 25549 complete and 0 interrupted iterations
default   [  93% ] 00084/01840 VUs  13.9s/15s  1840.00 iters/s

running (14.9s), 00094/01840 VUs, 27379 complete and 0 interrupted iterations
default   [ 100% ] 00094/01840 VUs  14.9s/15s  1840.00 iters/s


  █ TOTAL RESULTS 

    HTTP
    http_req_duration..............: avg=40.15ms min=20.72ms med=39.96ms max=72.23ms p(90)=51.03ms p(95)=53.35ms
      { expected_response:true }...: avg=40.15ms min=20.72ms med=39.96ms max=72.23ms p(90)=51.03ms p(95)=53.35ms
    http_req_failed................: 0.00%  0 out of 27513
    http_reqs......................: 27513  1833.785613/s

    EXECUTION
    iteration_duration.............: avg=40.24ms min=20.82ms med=40.05ms max=72.32ms p(90)=51.12ms p(95)=53.44ms
    iterations.....................: 27513  1833.785613/s
    vus............................: 94     min=56         max=95  
    vus_max........................: 1840   min=1840       max=1840

    NETWORK
    data_received..................: 5.6 MB 372 kB/s
    data_sent......................: 5.3 MB 353 kB/s




running (15.0s), 00000/01840 VUs, 27511 complete and 90 interrupted iterations
default ✓ [ 100% ] 00090/01840 VUs  15s  1840.00 iters/s
