
         /\      Grafana   /‾‾/  
    /\  /  \     |\  __   /  /   
   /  \/    \    | |/ /  /   ‾‾\ 
  /          \   |   (  |  (‾)  |
 / __________ \  |_|\_\  \_____/ 

     execution: local
        script: workflow/spin/k6_open_client.js
        output: -

     scenarios: (100.00%) 1 scenario, 10000 max VUs, 15s max duration (incl. graceful stop):
              * default: 3200.00 iterations/s for 15s (maxVUs: 3200-10000)


running (00.9s), 00156/03200 VUs, 2702 complete and 0 interrupted iterations
default   [   6% ] 00156/03200 VUs  00.9s/15s  3200.00 iters/s

running (01.9s), 00159/03200 VUs, 5899 complete and 0 interrupted iterations
default   [  13% ] 00159/03200 VUs  01.9s/15s  3200.00 iters/s

running (02.9s), 00194/03200 VUs, 9064 complete and 0 interrupted iterations
default   [  19% ] 00194/03200 VUs  02.9s/15s  3200.00 iters/s

running (03.9s), 00137/03200 VUs, 12318 complete and 0 interrupted iterations
default   [  26% ] 00137/03200 VUs  03.9s/15s  3200.00 iters/s

running (04.9s), 00168/03200 VUs, 15490 complete and 0 interrupted iterations
default   [  33% ] 00168/03200 VUs  04.9s/15s  3200.00 iters/s

running (05.9s), 00203/03200 VUs, 18655 complete and 0 interrupted iterations
default   [  39% ] 00203/03200 VUs  05.9s/15s  3200.00 iters/s

running (06.9s), 00138/03200 VUs, 21920 complete and 0 interrupted iterations
default   [  46% ] 00138/03200 VUs  06.9s/15s  3200.00 iters/s

running (07.9s), 00165/03200 VUs, 25094 complete and 0 interrupted iterations
default   [  53% ] 00165/03200 VUs  07.9s/15s  3200.00 iters/s

running (08.9s), 00184/03200 VUs, 28273 complete and 0 interrupted iterations
default   [  59% ] 00184/03200 VUs  08.9s/15s  3200.00 iters/s

running (09.9s), 00215/03200 VUs, 31443 complete and 0 interrupted iterations
default   [  66% ] 00215/03200 VUs  09.9s/15s  3200.00 iters/s

running (10.9s), 00167/03200 VUs, 34691 complete and 0 interrupted iterations
default   [  73% ] 00167/03200 VUs  10.9s/15s  3200.00 iters/s

running (11.9s), 00151/03200 VUs, 37907 complete and 0 interrupted iterations
default   [  79% ] 00151/03200 VUs  11.9s/15s  3200.00 iters/s

running (12.9s), 00154/03200 VUs, 41106 complete and 0 interrupted iterations
default   [  86% ] 00154/03200 VUs  12.9s/15s  3200.00 iters/s

running (13.9s), 00143/03200 VUs, 44317 complete and 0 interrupted iterations
default   [  93% ] 00143/03200 VUs  13.9s/15s  3200.00 iters/s

running (14.9s), 00154/03200 VUs, 47504 complete and 0 interrupted iterations
default   [  99% ] 00154/03200 VUs  14.9s/15s  3200.00 iters/s


  █ TOTAL RESULTS 

    HTTP
    http_req_duration..............: avg=52.04ms min=33.03ms med=51.83ms max=87.04ms p(90)=60.67ms p(95)=63.2ms 
      { expected_response:true }...: avg=52.04ms min=33.03ms med=51.83ms max=87.04ms p(90)=60.67ms p(95)=63.2ms 
    http_req_failed................: 0.00%  0 out of 47845
    http_reqs......................: 47845  3188.611782/s

    EXECUTION
    iteration_duration.............: avg=52.14ms min=33.11ms med=51.93ms max=87.8ms  p(90)=60.77ms p(95)=63.31ms
    iterations.....................: 47845  3188.611782/s
    vus............................: 155    min=138        max=215 
    vus_max........................: 3200   min=3200       max=3200

    NETWORK
    data_received..................: 9.7 MB 647 kB/s
    data_sent......................: 9.2 MB 614 kB/s




running (15.0s), 00000/03200 VUs, 47845 complete and 156 interrupted iterations
default ✓ [ 100% ] 00156/03200 VUs  15s  3200.00 iters/s
