
         /\      Grafana   /‾‾/  
    /\  /  \     |\  __   /  /   
   /  \/    \    | |/ /  /   ‾‾\ 
  /          \   |   (  |  (‾)  |
 / __________ \  |_|\_\  \_____/ 

     execution: local
        script: workflow/spin/k6_open_client.js
        output: -

     scenarios: (100.00%) 1 scenario, 10000 max VUs, 15s max duration (incl. graceful stop):
              * default: 440.00 iterations/s for 15s (maxVUs: 440-10000)


running (01.0s), 00011/00440 VUs, 419 complete and 0 interrupted iterations
default   [   7% ] 00012/00440 VUs  01.0s/15s  440.00 iters/s

running (02.0s), 00012/00440 VUs, 858 complete and 0 interrupted iterations
default   [  13% ] 00012/00440 VUs  02.0s/15s  440.00 iters/s

running (03.0s), 00009/00440 VUs, 1301 complete and 0 interrupted iterations
default   [  20% ] 00009/00440 VUs  03.0s/15s  440.00 iters/s

running (04.0s), 00009/00440 VUs, 1741 complete and 0 interrupted iterations
default   [  27% ] 00009/00440 VUs  04.0s/15s  440.00 iters/s

running (05.0s), 00011/00440 VUs, 2179 complete and 0 interrupted iterations
default   [  33% ] 00011/00440 VUs  05.0s/15s  440.00 iters/s

running (06.0s), 00007/00440 VUs, 2623 complete and 0 interrupted iterations
default   [  40% ] 00007/00440 VUs  06.0s/15s  440.00 iters/s

running (07.0s), 00014/00440 VUs, 3056 complete and 0 interrupted iterations
default   [  47% ] 00014/00440 VUs  07.0s/15s  440.00 iters/s

running (08.0s), 00013/00440 VUs, 3497 complete and 0 interrupted iterations
default   [  53% ] 00013/00440 VUs  08.0s/15s  440.00 iters/s

running (09.0s), 00012/00440 VUs, 3938 complete and 0 interrupted iterations
default   [  60% ] 00012/00440 VUs  09.0s/15s  440.00 iters/s

running (10.0s), 00010/00440 VUs, 4380 complete and 0 interrupted iterations
default   [  67% ] 00010/00440 VUs  10.0s/15s  440.00 iters/s

running (11.0s), 00007/00440 VUs, 4823 complete and 0 interrupted iterations
default   [  73% ] 00007/00440 VUs  11.0s/15s  440.00 iters/s

running (12.0s), 00009/00440 VUs, 5261 complete and 0 interrupted iterations
default   [  80% ] 00009/00440 VUs  12.0s/15s  440.00 iters/s

running (13.0s), 00015/00440 VUs, 5695 complete and 0 interrupted iterations
default   [  87% ] 00015/00440 VUs  13.0s/15s  440.00 iters/s

running (14.0s), 00013/00440 VUs, 6137 complete and 0 interrupted iterations
default   [  93% ] 00013/00440 VUs  14.0s/15s  440.00 iters/s

running (15.0s), 00013/00440 VUs, 6577 complete and 0 interrupted iterations
default   [ 100% ] 00013/00440 VUs  15.0s/15s  440.00 iters/s


  █ TOTAL RESULTS 

    HTTP
    http_req_duration..............: avg=24.45ms min=10.16ms med=24.46ms max=41.17ms p(90)=34.74ms p(95)=35.93ms
      { expected_response:true }...: avg=24.45ms min=10.16ms med=24.46ms max=41.17ms p(90)=34.74ms p(95)=35.93ms
    http_req_failed................: 0.00%  0 out of 6589
    http_reqs......................: 6589   439.209478/s

    EXECUTION
    iteration_duration.............: avg=24.54ms min=10.25ms med=24.55ms max=41.24ms p(90)=34.82ms p(95)=36.02ms
    iterations.....................: 6589   439.209478/s
    vus............................: 13     min=7         max=15 
    vus_max........................: 440    min=440       max=440

    NETWORK
    data_received..................: 1.3 MB 88 kB/s
    data_sent......................: 1.3 MB 84 kB/s




running (15.0s), 00000/00440 VUs, 6589 complete and 11 interrupted iterations
default ✓ [ 100% ] 00011/00440 VUs  15s  440.00 iters/s
