
         /\      Grafana   /‾‾/  
    /\  /  \     |\  __   /  /   
   /  \/    \    | |/ /  /   ‾‾\ 
  /          \   |   (  |  (‾)  |
 / __________ \  |_|\_\  \_____/ 

     execution: local
        script: workflow/spin/k6_open_client.js
        output: -

     scenarios: (100.00%) 1 scenario, 10000 max VUs, 15s max duration (incl. graceful stop):
              * default: 280.00 iterations/s for 15s (maxVUs: 280-10000)


running (01.0s), 00044/00280 VUs, 231 complete and 0 interrupted iterations
default   [   7% ] 00044/00280 VUs  01.0s/15s  280.00 iters/s

running (02.0s), 00035/00280 VUs, 520 complete and 0 interrupted iterations
default   [  13% ] 00035/00280 VUs  02.0s/15s  280.00 iters/s

running (03.0s), 00026/00280 VUs, 809 complete and 0 interrupted iterations
default   [  20% ] 00026/00280 VUs  03.0s/15s  280.00 iters/s

running (04.0s), 00017/00280 VUs, 1098 complete and 0 interrupted iterations
default   [  27% ] 00017/00280 VUs  04.0s/15s  280.00 iters/s

running (05.0s), 00037/00280 VUs, 1358 complete and 0 interrupted iterations
default   [  33% ] 00037/00280 VUs  05.0s/15s  280.00 iters/s

running (06.0s), 00027/00280 VUs, 1648 complete and 0 interrupted iterations
default   [  40% ] 00027/00280 VUs  06.0s/15s  280.00 iters/s

running (07.0s), 00017/00280 VUs, 1938 complete and 0 interrupted iterations
default   [  47% ] 00017/00280 VUs  07.0s/15s  280.00 iters/s

running (08.0s), 00039/00280 VUs, 2197 complete and 0 interrupted iterations
default   [  53% ] 00039/00280 VUs  08.0s/15s  280.00 iters/s

running (09.0s), 00028/00280 VUs, 2487 complete and 0 interrupted iterations
default   [  60% ] 00028/00280 VUs  09.0s/15s  280.00 iters/s

running (10.0s), 00018/00280 VUs, 2777 complete and 0 interrupted iterations
default   [  67% ] 00018/00280 VUs  10.0s/15s  280.00 iters/s

running (11.0s), 00039/00280 VUs, 3037 complete and 0 interrupted iterations
default   [  73% ] 00039/00280 VUs  11.0s/15s  280.00 iters/s

running (12.0s), 00029/00280 VUs, 3326 complete and 0 interrupted iterations
default   [  80% ] 00029/00280 VUs  12.0s/15s  280.00 iters/s

running (13.0s), 00020/00280 VUs, 3615 complete and 0 interrupted iterations
default   [  87% ] 00020/00280 VUs  13.0s/15s  280.00 iters/s

running (14.0s), 00041/00280 VUs, 3875 complete and 0 interrupted iterations
default   [  93% ] 00041/00280 VUs  14.0s/15s  280.00 iters/s

running (15.0s), 00031/00280 VUs, 4164 complete and 0 interrupted iterations
default   [ 100% ] 00031/00280 VUs  15.0s/15s  280.00 iters/s


  █ TOTAL RESULTS 

    HTTP
    http_req_duration..............: avg=105.52ms min=53.2ms  med=105.69ms max=158.3ms  p(90)=145.51ms p(95)=150.3ms 
      { expected_response:true }...: avg=105.52ms min=53.2ms  med=105.69ms max=158.3ms  p(90)=145.51ms p(95)=150.3ms 
    http_req_failed................: 0.00%  0 out of 4164
    http_reqs......................: 4164   277.574384/s

    EXECUTION
    iteration_duration.............: avg=105.62ms min=53.27ms med=105.8ms  max=158.36ms p(90)=145.62ms p(95)=150.38ms
    iterations.....................: 4164   277.574384/s
    vus............................: 31     min=17        max=44 
    vus_max........................: 280    min=280       max=280

    NETWORK
    data_received..................: 837 kB 56 kB/s
    data_sent......................: 806 kB 54 kB/s




running (15.0s), 00000/00280 VUs, 4164 complete and 37 interrupted iterations
default ✓ [ 100% ] 00037/00280 VUs  15s  280.00 iters/s
