
         /\      Grafana   /‾‾/  
    /\  /  \     |\  __   /  /   
   /  \/    \    | |/ /  /   ‾‾\ 
  /          \   |   (  |  (‾)  |
 / __________ \  |_|\_\  \_____/ 

     execution: local
        script: workflow/spin/k6_open_client.js
        output: -

     scenarios: (100.00%) 1 scenario, 10000 max VUs, 15s max duration (incl. graceful stop):
              * default: 541.00 iterations/s for 15s (maxVUs: 541-10000)


running (01.0s), 00013/00541 VUs, 515 complete and 0 interrupted iterations
default   [   7% ] 00013/00541 VUs  01.0s/15s  541.00 iters/s

running (02.0s), 00015/00541 VUs, 1053 complete and 0 interrupted iterations
default   [  13% ] 00016/00541 VUs  02.0s/15s  541.00 iters/s

running (03.0s), 00012/00541 VUs, 1598 complete and 0 interrupted iterations
default   [  20% ] 00012/00541 VUs  03.0s/15s  541.00 iters/s

running (04.0s), 00011/00541 VUs, 2140 complete and 0 interrupted iterations
default   [  27% ] 00011/00541 VUs  04.0s/15s  541.00 iters/s

running (05.0s), 00016/00541 VUs, 2676 complete and 0 interrupted iterations
default   [  33% ] 00016/00541 VUs  05.0s/15s  541.00 iters/s

running (06.0s), 00012/00541 VUs, 3221 complete and 0 interrupted iterations
default   [  40% ] 00012/00541 VUs  06.0s/15s  541.00 iters/s

running (07.0s), 00009/00541 VUs, 3765 complete and 0 interrupted iterations
default   [  47% ] 00009/00541 VUs  07.0s/15s  541.00 iters/s

running (08.0s), 00019/00541 VUs, 4296 complete and 0 interrupted iterations
default   [  53% ] 00019/00541 VUs  08.0s/15s  541.00 iters/s

running (09.0s), 00015/00541 VUs, 4841 complete and 0 interrupted iterations
default   [  60% ] 00015/00541 VUs  09.0s/15s  541.00 iters/s

running (10.0s), 00015/00541 VUs, 5382 complete and 0 interrupted iterations
default   [  67% ] 00015/00541 VUs  10.0s/15s  541.00 iters/s

running (11.0s), 00014/00541 VUs, 5924 complete and 0 interrupted iterations
default   [  73% ] 00014/00541 VUs  11.0s/15s  541.00 iters/s

running (12.0s), 00010/00541 VUs, 6469 complete and 0 interrupted iterations
default   [  80% ] 00010/00541 VUs  12.0s/15s  541.00 iters/s

running (13.0s), 00014/00541 VUs, 7006 complete and 0 interrupted iterations
default   [  87% ] 00014/00541 VUs  13.0s/15s  541.00 iters/s

running (14.0s), 00005/00541 VUs, 7555 complete and 0 interrupted iterations
default   [  93% ] 00006/00541 VUs  14.0s/15s  541.00 iters/s

running (15.0s), 00017/00541 VUs, 8085 complete and 0 interrupted iterations
default   [ 100% ] 00017/00541 VUs  15.0s/15s  541.00 iters/s


  █ TOTAL RESULTS 

    HTTP
    http_req_duration..............: avg=24.08ms min=9.09ms med=23.68ms max=131.06ms p(90)=33.89ms p(95)=35.2ms 
      { expected_response:true }...: avg=24.08ms min=9.09ms med=23.68ms max=131.06ms p(90)=33.89ms p(95)=35.2ms 
    http_req_failed................: 0.00%  0 out of 8100
    http_reqs......................: 8100   539.94201/s

    EXECUTION
    iteration_duration.............: avg=24.17ms min=9.17ms med=23.77ms max=131.14ms p(90)=33.99ms p(95)=35.27ms
    iterations.....................: 8100   539.94201/s
    vus............................: 17     min=6         max=17 
    vus_max........................: 541    min=541       max=541

    NETWORK
    data_received..................: 1.6 MB 109 kB/s
    data_sent......................: 1.6 MB 104 kB/s




running (15.0s), 00000/00541 VUs, 8100 complete and 15 interrupted iterations
default ✓ [ 100% ] 00015/00541 VUs  15s  541.00 iters/s
