
         /\      Grafana   /‾‾/  
    /\  /  \     |\  __   /  /   
   /  \/    \    | |/ /  /   ‾‾\ 
  /          \   |   (  |  (‾)  |
 / __________ \  |_|\_\  \_____/ 

     execution: local
        script: workflow/hotel/k6_open_hotels_client.js
        output: -

     scenarios: (100.00%) 1 scenario, 10000 max VUs, 15s max duration (incl. graceful stop):
              * default: 3603.00 iterations/s for 15s (maxVUs: 3603-10000)


running (00.9s), 00289/03603 VUs, 2885 complete and 0 interrupted iterations
default   [   6% ] 00289/03603 VUs  00.9s/15s  3603.00 iters/s

running (01.9s), 00241/03603 VUs, 6536 complete and 0 interrupted iterations
default   [  13% ] 00241/03603 VUs  01.9s/15s  3603.00 iters/s

running (02.9s), 00261/03603 VUs, 10119 complete and 0 interrupted iterations
default   [  19% ] 00261/03603 VUs  02.9s/15s  3603.00 iters/s

running (03.9s), 00231/03603 VUs, 13751 complete and 0 interrupted iterations
default   [  26% ] 00232/03603 VUs  03.9s/15s  3603.00 iters/s

running (04.9s), 00274/03603 VUs, 17312 complete and 0 interrupted iterations
default   [  33% ] 00274/03603 VUs  04.9s/15s  3603.00 iters/s

running (05.9s), 00204/03603 VUs, 20986 complete and 0 interrupted iterations
default   [  39% ] 00204/03603 VUs  05.9s/15s  3603.00 iters/s

running (06.9s), 00717/03603 VUs, 24075 complete and 0 interrupted iterations
default   [  46% ] 00717/03603 VUs  06.9s/15s  3603.00 iters/s

running (07.9s), 00579/03603 VUs, 27819 complete and 0 interrupted iterations
default   [  53% ] 00579/03603 VUs  07.9s/15s  3603.00 iters/s

running (08.9s), 00292/03603 VUs, 31706 complete and 0 interrupted iterations
default   [  59% ] 00292/03603 VUs  08.9s/15s  3603.00 iters/s

running (09.9s), 00292/03603 VUs, 35309 complete and 0 interrupted iterations
default   [  66% ] 00292/03603 VUs  09.9s/15s  3603.00 iters/s

running (10.9s), 00239/03603 VUs, 38962 complete and 0 interrupted iterations
default   [  73% ] 00240/03603 VUs  10.9s/15s  3603.00 iters/s

running (11.9s), 00207/03603 VUs, 42598 complete and 0 interrupted iterations
default   [  79% ] 00207/03603 VUs  11.9s/15s  3603.00 iters/s

running (12.9s), 00251/03603 VUs, 46159 complete and 0 interrupted iterations
default   [  86% ] 00251/03603 VUs  12.9s/15s  3603.00 iters/s

running (13.9s), 00493/03603 VUs, 49517 complete and 0 interrupted iterations
default   [  93% ] 00493/03603 VUs  13.9s/15s  3603.00 iters/s

running (14.9s), 00326/03603 VUs, 53290 complete and 0 interrupted iterations
default   [  99% ] 00326/03603 VUs  14.9s/15s  3603.00 iters/s


  █ TOTAL RESULTS 

    HTTP
    http_req_duration..............: avg=91.52ms min=47.27ms med=73.94ms max=243.86ms p(90)=152.94ms p(95)=192.92ms
      { expected_response:true }...: avg=91.52ms min=47.27ms med=73.94ms max=243.86ms p(90)=152.94ms p(95)=192.92ms
    http_req_failed................: 0.00% 0 out of 53765
    http_reqs......................: 53765 3582.626983/s

    EXECUTION
    iteration_duration.............: avg=91.67ms min=47.39ms med=74.09ms max=243.96ms p(90)=153.04ms p(95)=193.01ms
    iterations.....................: 53765 3582.626983/s
    vus............................: 325   min=204        max=717 
    vus_max........................: 3603  min=3603       max=3603

    NETWORK
    data_received..................: 15 MB 1.0 MB/s
    data_sent......................: 18 MB 1.2 MB/s




running (15.0s), 00000/03603 VUs, 53764 complete and 281 interrupted iterations
default ✓ [ 100% ] 00281/03603 VUs  15s  3603.00 iters/s
