
         /\      Grafana   /‾‾/  
    /\  /  \     |\  __   /  /   
   /  \/    \    | |/ /  /   ‾‾\ 
  /          \   |   (  |  (‾)  |
 / __________ \  |_|\_\  \_____/ 

     execution: local
        script: workflow/response/k6_open_client.js
        output: -

     scenarios: (100.00%) 1 scenario, 100000 max VUs, 15s max duration (incl. graceful stop):
              * default: 722.00 iterations/s for 15s (maxVUs: 722-100000)


running (01.0s), 000011/000722 VUs, 689 complete and 0 interrupted iterations
default   [   6% ] 000012/000722 VUs  01.0s/15s  722.00 iters/s

running (02.0s), 000025/000722 VUs, 1398 complete and 0 interrupted iterations
default   [  13% ] 000025/000722 VUs  02.0s/15s  722.00 iters/s

running (03.0s), 000013/000722 VUs, 2132 complete and 0 interrupted iterations
default   [  20% ] 000013/000722 VUs  03.0s/15s  722.00 iters/s

running (04.0s), 000023/000722 VUs, 2843 complete and 0 interrupted iterations
default   [  26% ] 000024/000722 VUs  04.0s/15s  722.00 iters/s

running (05.0s), 000015/000722 VUs, 3573 complete and 0 interrupted iterations
default   [  33% ] 000015/000722 VUs  05.0s/15s  722.00 iters/s

running (06.0s), 000028/000722 VUs, 4282 complete and 0 interrupted iterations
default   [  40% ] 000028/000722 VUs  06.0s/15s  722.00 iters/s

running (07.0s), 000019/000722 VUs, 5014 complete and 0 interrupted iterations
default   [  46% ] 000019/000722 VUs  07.0s/15s  722.00 iters/s

running (08.0s), 000035/000722 VUs, 5720 complete and 0 interrupted iterations
default   [  53% ] 000035/000722 VUs  08.0s/15s  722.00 iters/s

running (09.0s), 000019/000722 VUs, 6458 complete and 0 interrupted iterations
default   [  60% ] 000019/000722 VUs  09.0s/15s  722.00 iters/s

running (10.0s), 000010/000722 VUs, 7189 complete and 0 interrupted iterations
default   [  66% ] 000010/000722 VUs  10.0s/15s  722.00 iters/s

running (11.0s), 000021/000722 VUs, 7900 complete and 0 interrupted iterations
default   [  73% ] 000021/000722 VUs  11.0s/15s  722.00 iters/s

running (12.0s), 000013/000722 VUs, 8630 complete and 0 interrupted iterations
default   [  80% ] 000013/000722 VUs  12.0s/15s  722.00 iters/s

running (13.0s), 000029/000722 VUs, 9336 complete and 0 interrupted iterations
default   [  86% ] 000029/000722 VUs  13.0s/15s  722.00 iters/s

running (14.0s), 000019/000722 VUs, 10068 complete and 0 interrupted iterations
default   [  93% ] 000019/000722 VUs  14.0s/15s  722.00 iters/s

running (15.0s), 000008/000722 VUs, 10800 complete and 0 interrupted iterations
default   [ 100% ] 000008/000722 VUs  15.0s/15s  722.00 iters/s


  █ TOTAL RESULTS 

    HTTP
    http_req_duration..............: avg=26.84ms min=10.74ms med=26.86ms max=46.82ms p(90)=38.43ms p(95)=39.79ms
      { expected_response:true }...: avg=26.84ms min=10.74ms med=26.86ms max=46.82ms p(90)=38.43ms p(95)=39.79ms
    http_req_failed................: 0.00%  0 out of 10820
    http_reqs......................: 10820  721.277399/s

    EXECUTION
    iteration_duration.............: avg=26.93ms min=10.82ms med=26.96ms max=46.89ms p(90)=38.51ms p(95)=39.87ms
    iterations.....................: 10820  721.277399/s
    vus............................: 8      min=8          max=34 
    vus_max........................: 722    min=722        max=722

    NETWORK
    data_received..................: 2.2 MB 146 kB/s
    data_sent......................: 2.1 MB 141 kB/s




running (15.0s), 000000/000722 VUs, 10819 complete and 11 interrupted iterations
default ✓ [ 100% ] 000011/000722 VUs  15s  722.00 iters/s
