
         /\      Grafana   /‾‾/  
    /\  /  \     |\  __   /  /   
   /  \/    \    | |/ /  /   ‾‾\ 
  /          \   |   (  |  (‾)  |
 / __________ \  |_|\_\  \_____/ 

     execution: local
        script: workflow/write/k6_open_client.js
        output: -

     scenarios: (100.00%) 1 scenario, 10000 max VUs, 15s max duration (incl. graceful stop):
              * default: 7991.00 iterations/s for 15s (maxVUs: 7991-10000)


running (00.8s), 02155/07991 VUs, 3077 complete and 0 interrupted iterations
default   [   5% ] 02155/07991 VUs  00.8s/15s  7991.00 iters/s

running (01.7s), 04340/07991 VUs, 9609 complete and 0 interrupted iterations
default   [  12% ] 04340/07991 VUs  01.7s/15s  7991.00 iters/s

running (02.7s), 04234/07991 VUs, 17706 complete and 0 interrupted iterations
default   [  18% ] 04234/07991 VUs  02.7s/15s  7991.00 iters/s

running (03.7s), 04523/07991 VUs, 25407 complete and 0 interrupted iterations
default   [  25% ] 04523/07991 VUs  03.7s/15s  7991.00 iters/s

running (04.7s), 04488/07991 VUs, 33433 complete and 0 interrupted iterations
default   [  32% ] 04488/07991 VUs  04.7s/15s  7991.00 iters/s

running (05.7s), 04555/07991 VUs, 41359 complete and 0 interrupted iterations
default   [  38% ] 04555/07991 VUs  05.7s/15s  7991.00 iters/s

running (06.7s), 04630/07991 VUs, 49274 complete and 0 interrupted iterations
default   [  45% ] 04630/07991 VUs  06.7s/15s  7991.00 iters/s

running (07.7s), 04550/07991 VUs, 57345 complete and 0 interrupted iterations
default   [  52% ] 04550/07991 VUs  07.7s/15s  7991.00 iters/s

running (08.7s), 04422/07991 VUs, 65463 complete and 0 interrupted iterations
default   [  58% ] 04423/07991 VUs  08.7s/15s  7991.00 iters/s

running (09.7s), 04430/07991 VUs, 73447 complete and 0 interrupted iterations
default   [  65% ] 04430/07991 VUs  09.7s/15s  7991.00 iters/s

running (10.7s), 04543/07991 VUs, 81325 complete and 0 interrupted iterations
default   [  72% ] 04542/07991 VUs  10.7s/15s  7991.00 iters/s

running (11.7s), 04563/07991 VUs, 89296 complete and 0 interrupted iterations
default   [  78% ] 04563/07991 VUs  11.7s/15s  7991.00 iters/s

running (12.7s), 04782/07991 VUs, 97068 complete and 0 interrupted iterations
default   [  85% ] 04782/07991 VUs  12.7s/15s  7991.00 iters/s

running (13.7s), 05211/07991 VUs, 104630 complete and 0 interrupted iterations
default   [  92% ] 05211/07991 VUs  13.7s/15s  7991.00 iters/s

running (14.7s), 05362/07991 VUs, 112470 complete and 0 interrupted iterations
default   [  98% ] 05362/07991 VUs  14.7s/15s  7991.00 iters/s


  █ TOTAL RESULTS 

    HTTP
    http_req_duration..............: avg=550.88ms min=413.16µs med=570.77ms max=1.12s p(90)=647.36ms p(95)=662.58ms
      { expected_response:true }...: avg=550.88ms min=413.16µs med=570.77ms max=1.12s p(90)=647.36ms p(95)=662.58ms
    http_req_failed................: 0.00%  0 out of 114593
    http_reqs......................: 114593 7614.698379/s

    EXECUTION
    iteration_duration.............: avg=555.11ms min=530.8µs  med=570.88ms max=1.43s p(90)=647.99ms p(95)=662.68ms
    iterations.....................: 114585 7614.16678/s
    vus............................: 5360   min=2061        max=5360
    vus_max........................: 7991   min=7991        max=7991

    NETWORK
    data_received..................: 23 MB  1.5 MB/s
    data_sent......................: 12 MB  797 kB/s




running (15.0s), 00000/07991 VUs, 114567 complete and 5300 interrupted iterations
default ✓ [ 100% ] 05300/07991 VUs  15s  7991.00 iters/s
