
         /\      Grafana   /‾‾/  
    /\  /  \     |\  __   /  /   
   /  \/    \    | |/ /  /   ‾‾\ 
  /          \   |   (  |  (‾)  |
 / __________ \  |_|\_\  \_____/ 

     execution: local
        script: workflow/social/k6_open_client.js
        output: -

     scenarios: (100.00%) 1 scenario, 10000 max VUs, 10s max duration (incl. graceful stop):
              * default: 270.00 iterations/s for 10s (maxVUs: 270-10000)


running (01.0s), 00148/00270 VUs, 117 complete and 0 interrupted iterations
default   [  10% ] 00148/00270 VUs  01.0s/10s  270.00 iters/s

running (02.0s), 00151/00270 VUs, 384 complete and 0 interrupted iterations
default   [  20% ] 00151/00270 VUs  02.0s/10s  270.00 iters/s

running (03.0s), 00152/00270 VUs, 654 complete and 0 interrupted iterations
default   [  30% ] 00152/00270 VUs  03.0s/10s  270.00 iters/s

running (04.0s), 00152/00270 VUs, 924 complete and 0 interrupted iterations
default   [  40% ] 00152/00270 VUs  04.0s/10s  270.00 iters/s

running (05.0s), 00151/00270 VUs, 1194 complete and 0 interrupted iterations
default   [  50% ] 00151/00270 VUs  05.0s/10s  270.00 iters/s

running (06.0s), 00153/00270 VUs, 1463 complete and 0 interrupted iterations
default   [  60% ] 00153/00270 VUs  06.0s/10s  270.00 iters/s

running (07.0s), 00152/00270 VUs, 1733 complete and 0 interrupted iterations
default   [  70% ] 00152/00270 VUs  07.0s/10s  270.00 iters/s

running (08.0s), 00152/00270 VUs, 2004 complete and 0 interrupted iterations
default   [  80% ] 00152/00270 VUs  08.0s/10s  270.00 iters/s

running (09.0s), 00151/00270 VUs, 2274 complete and 0 interrupted iterations
default   [  90% ] 00151/00270 VUs  09.0s/10s  270.00 iters/s

running (10.0s), 00152/00270 VUs, 2544 complete and 0 interrupted iterations
default   [ 100% ] 00152/00270 VUs  10.0s/10s  270.00 iters/s


  █ TOTAL RESULTS 

    HTTP
    http_req_duration..............: avg=1.6ms  min=1.26ms med=1.56ms max=6.06ms p(90)=1.78ms p(95)=1.93ms
      { expected_response:true }...: avg=1.6ms  min=1.26ms med=1.56ms max=6.06ms p(90)=1.78ms p(95)=1.93ms
    http_req_failed................: 0.00%  0 out of 2549
    http_reqs......................: 2549   254.855909/s

    EXECUTION
    iteration_duration.............: avg=1.71ms min=1.35ms med=1.65ms max=6.15ms p(90)=1.92ms p(95)=2.11ms
    iterations.....................: 2549   254.855909/s
    vus............................: 152    min=148       max=152
    vus_max........................: 270    min=270       max=270

    NETWORK
    data_received..................: 567 kB 57 kB/s
    data_sent......................: 838 kB 84 kB/s




running (10.0s), 00000/00270 VUs, 2549 complete and 152 interrupted iterations
default ✓ [ 100% ] 00152/00270 VUs  10s  270.00 iters/s
