
         /\      Grafana   /‾‾/  
    /\  /  \     |\  __   /  /   
   /  \/    \    | |/ /  /   ‾‾\ 
  /          \   |   (  |  (‾)  |
 / __________ \  |_|\_\  \_____/ 

     execution: local
        script: workflow/spin/k6_open_client.js
        output: -

     scenarios: (100.00%) 1 scenario, 10000 max VUs, 15s max duration (incl. graceful stop):
              * default: 3994.00 iterations/s for 15s (maxVUs: 3994-10000)


running (00.9s), 00372/03994 VUs, 3097 complete and 0 interrupted iterations
default   [   6% ] 00372/03994 VUs  00.9s/15s  3994.00 iters/s

running (01.9s), 00340/03994 VUs, 7127 complete and 0 interrupted iterations
default   [  12% ] 00340/03994 VUs  01.9s/15s  3994.00 iters/s

running (02.9s), 00352/03994 VUs, 11105 complete and 0 interrupted iterations
default   [  19% ] 00352/03994 VUs  02.9s/15s  3994.00 iters/s

running (03.9s), 00357/03994 VUs, 15094 complete and 0 interrupted iterations
default   [  26% ] 00357/03994 VUs  03.9s/15s  3994.00 iters/s

running (04.9s), 00381/03994 VUs, 19066 complete and 0 interrupted iterations
default   [  32% ] 00381/03994 VUs  04.9s/15s  3994.00 iters/s

running (05.9s), 00396/03994 VUs, 23046 complete and 0 interrupted iterations
default   [  39% ] 00396/03994 VUs  05.9s/15s  3994.00 iters/s

running (06.9s), 00405/03994 VUs, 27030 complete and 0 interrupted iterations
default   [  46% ] 00405/03994 VUs  06.9s/15s  3994.00 iters/s

running (07.9s), 00423/03994 VUs, 31000 complete and 0 interrupted iterations
default   [  52% ] 00423/03994 VUs  07.9s/15s  3994.00 iters/s

running (08.9s), 00427/03994 VUs, 34995 complete and 0 interrupted iterations
default   [  59% ] 00427/03994 VUs  08.9s/15s  3994.00 iters/s

running (09.9s), 00365/03994 VUs, 39048 complete and 0 interrupted iterations
default   [  66% ] 00364/03994 VUs  09.9s/15s  3994.00 iters/s

running (10.9s), 00369/03994 VUs, 43040 complete and 0 interrupted iterations
default   [  72% ] 00369/03994 VUs  10.9s/15s  3994.00 iters/s

running (11.9s), 00331/03994 VUs, 47073 complete and 0 interrupted iterations
default   [  79% ] 00331/03994 VUs  11.9s/15s  3994.00 iters/s

running (12.9s), 00399/03994 VUs, 50998 complete and 0 interrupted iterations
default   [  86% ] 00399/03994 VUs  12.9s/15s  3994.00 iters/s

running (13.9s), 00343/03994 VUs, 55049 complete and 0 interrupted iterations
default   [  92% ] 00343/03994 VUs  13.9s/15s  3994.00 iters/s

running (14.9s), 00341/03994 VUs, 59041 complete and 0 interrupted iterations
default   [  99% ] 00341/03994 VUs  14.9s/15s  3994.00 iters/s


  █ TOTAL RESULTS 

    HTTP
    http_req_duration..............: avg=96.69ms min=67.08ms med=95.92ms max=142.92ms p(90)=109.06ms p(95)=113.75ms
      { expected_response:true }...: avg=96.69ms min=67.08ms med=95.92ms max=142.92ms p(90)=109.06ms p(95)=113.75ms
    http_req_failed................: 0.00% 0 out of 59513
    http_reqs......................: 59513 3965.55903/s

    EXECUTION
    iteration_duration.............: avg=96.79ms min=67.22ms med=96.02ms max=143.47ms p(90)=109.17ms p(95)=113.86ms
    iterations.....................: 59513 3965.55903/s
    vus............................: 341   min=332        max=427 
    vus_max........................: 3994  min=3994       max=3994

    NETWORK
    data_received..................: 12 MB 805 kB/s
    data_sent......................: 12 MB 766 kB/s




running (15.0s), 00000/03994 VUs, 59513 complete and 395 interrupted iterations
default ✓ [ 100% ] 00395/03994 VUs  15s  3994.00 iters/s
