
         /\      Grafana   /‾‾/  
    /\  /  \     |\  __   /  /   
   /  \/    \    | |/ /  /   ‾‾\ 
  /          \   |   (  |  (‾)  |
 / __________ \  |_|\_\  \_____/ 

     execution: local
        script: workflow/response/k6_open_client.js
        output: -

     scenarios: (100.00%) 1 scenario, 100000 max VUs, 15s max duration (incl. graceful stop):
              * default: 4687.00 iterations/s for 15s (maxVUs: 4687-100000)


running (00.9s), 000804/004687 VUs, 3194 complete and 0 interrupted iterations
default   [   6% ] 000804/004687 VUs  00.9s/15s  4687.00 iters/s

running (01.9s), 000213/004687 VUs, 8472 complete and 0 interrupted iterations
default   [  12% ] 000213/004687 VUs  01.9s/15s  4687.00 iters/s

running (02.9s), 000257/004687 VUs, 13115 complete and 0 interrupted iterations
default   [  19% ] 000257/004687 VUs  02.9s/15s  4687.00 iters/s

running (03.9s), 000209/004687 VUs, 17851 complete and 0 interrupted iterations
default   [  26% ] 000209/004687 VUs  03.9s/15s  4687.00 iters/s

running (04.9s), 000201/004687 VUs, 22545 complete and 0 interrupted iterations
default   [  32% ] 000201/004687 VUs  04.9s/15s  4687.00 iters/s

running (05.9s), 000230/004687 VUs, 27203 complete and 0 interrupted iterations
default   [  39% ] 000230/004687 VUs  05.9s/15s  4687.00 iters/s

running (06.9s), 000191/004687 VUs, 31931 complete and 0 interrupted iterations
default   [  46% ] 000191/004687 VUs  06.9s/15s  4687.00 iters/s

running (07.9s), 000216/004687 VUs, 36595 complete and 0 interrupted iterations
default   [  52% ] 000216/004687 VUs  07.9s/15s  4687.00 iters/s

running (08.9s), 000292/004687 VUs, 41203 complete and 0 interrupted iterations
default   [  59% ] 000292/004687 VUs  08.9s/15s  4687.00 iters/s

running (09.9s), 000185/004687 VUs, 45996 complete and 0 interrupted iterations
default   [  66% ] 000184/004687 VUs  09.9s/15s  4687.00 iters/s

running (10.9s), 000213/004687 VUs, 50652 complete and 0 interrupted iterations
default   [  72% ] 000214/004687 VUs  10.9s/15s  4687.00 iters/s

running (11.9s), 000252/004687 VUs, 55303 complete and 0 interrupted iterations
default   [  79% ] 000252/004687 VUs  11.9s/15s  4687.00 iters/s

running (12.9s), 000203/004687 VUs, 60039 complete and 0 interrupted iterations
default   [  86% ] 000203/004687 VUs  12.9s/15s  4687.00 iters/s

running (13.9s), 000253/004687 VUs, 64678 complete and 0 interrupted iterations
default   [  92% ] 000253/004687 VUs  13.9s/15s  4687.00 iters/s

running (14.9s), 000241/004687 VUs, 69375 complete and 0 interrupted iterations
default   [  99% ] 000241/004687 VUs  14.9s/15s  4687.00 iters/s


  █ TOTAL RESULTS 

    HTTP
    http_req_duration..............: avg=52.69ms min=17.06ms med=46.56ms max=269.13ms p(90)=60.97ms p(95)=116.77ms
      { expected_response:true }...: avg=52.69ms min=17.06ms med=46.56ms max=269.13ms p(90)=60.97ms p(95)=116.77ms
    http_req_failed................: 0.00% 0 out of 70105
    http_reqs......................: 70105 4671.298415/s

    EXECUTION
    iteration_duration.............: avg=53.38ms min=22.23ms med=46.66ms max=282.51ms p(90)=61.54ms p(95)=120.45ms
    iterations.....................: 70105 4671.298415/s
    vus............................: 241   min=185        max=802 
    vus_max........................: 4687  min=4687       max=4687

    NETWORK
    data_received..................: 14 MB 948 kB/s
    data_sent......................: 14 MB 918 kB/s




running (15.0s), 000000/004687 VUs, 70101 complete and 205 interrupted iterations
default ✓ [ 100% ] 000205/004687 VUs  15s  4687.00 iters/s
