
         /\      Grafana   /‾‾/  
    /\  /  \     |\  __   /  /   
   /  \/    \    | |/ /  /   ‾‾\ 
  /          \   |   (  |  (‾)  |
 / __________ \  |_|\_\  \_____/ 

     execution: local
        script: workflow/write/k6_open_client.js
        output: -

     scenarios: (100.00%) 1 scenario, 10000 max VUs, 15s max duration (incl. graceful stop):
              * default: 5703.00 iterations/s for 15s (maxVUs: 5703-10000)


running (00.8s), 00535/05703 VUs, 4173 complete and 0 interrupted iterations
default   [   6% ] 00535/05703 VUs  00.8s/15s  5703.00 iters/s

running (01.8s), 00449/05703 VUs, 9961 complete and 0 interrupted iterations
default   [  12% ] 00448/05703 VUs  01.8s/15s  5703.00 iters/s

running (02.8s), 00626/05703 VUs, 15487 complete and 0 interrupted iterations
default   [  19% ] 00627/05703 VUs  02.8s/15s  5703.00 iters/s

running (03.8s), 00324/05703 VUs, 21492 complete and 0 interrupted iterations
default   [  26% ] 00324/05703 VUs  03.8s/15s  5703.00 iters/s

running (04.8s), 00269/05703 VUs, 27252 complete and 0 interrupted iterations
default   [  32% ] 00269/05703 VUs  04.8s/15s  5703.00 iters/s

running (05.8s), 00229/05703 VUs, 32993 complete and 0 interrupted iterations
default   [  39% ] 00229/05703 VUs  05.8s/15s  5703.00 iters/s

running (06.8s), 00349/05703 VUs, 38576 complete and 0 interrupted iterations
default   [  46% ] 00349/05703 VUs  06.8s/15s  5703.00 iters/s

running (07.8s), 00239/05703 VUs, 44389 complete and 0 interrupted iterations
default   [  52% ] 00239/05703 VUs  07.8s/15s  5703.00 iters/s

running (08.8s), 00260/05703 VUs, 50071 complete and 0 interrupted iterations
default   [  59% ] 00260/05703 VUs  08.8s/15s  5703.00 iters/s

running (09.8s), 00238/05703 VUs, 55796 complete and 0 interrupted iterations
default   [  66% ] 00237/05703 VUs  09.8s/15s  5703.00 iters/s

running (10.8s), 00250/05703 VUs, 61483 complete and 0 interrupted iterations
default   [  72% ] 00250/05703 VUs  10.8s/15s  5703.00 iters/s

running (11.8s), 00715/05703 VUs, 66726 complete and 0 interrupted iterations
default   [  79% ] 00715/05703 VUs  11.8s/15s  5703.00 iters/s

running (12.8s), 00676/05703 VUs, 72467 complete and 0 interrupted iterations
default   [  86% ] 00676/05703 VUs  12.8s/15s  5703.00 iters/s

running (13.8s), 00697/05703 VUs, 78149 complete and 0 interrupted iterations
default   [  92% ] 00697/05703 VUs  13.8s/15s  5703.00 iters/s

running (14.8s), 00312/05703 VUs, 84238 complete and 0 interrupted iterations
default   [  99% ] 00312/05703 VUs  14.8s/15s  5703.00 iters/s


  █ TOTAL RESULTS 

    HTTP
    http_req_duration..............: avg=76.17ms min=36.35ms med=63.5ms  max=167.54ms p(90)=126.18ms p(95)=134.93ms
      { expected_response:true }...: avg=76.17ms min=36.35ms med=63.5ms  max=167.54ms p(90)=126.18ms p(95)=134.93ms
    http_req_failed................: 0.00%  0 out of 85309
    http_reqs......................: 85309  5683.9445/s

    EXECUTION
    iteration_duration.............: avg=76.25ms min=36.42ms med=63.62ms max=167.6ms  p(90)=126.25ms p(95)=135.01ms
    iterations.....................: 85309  5683.9445/s
    vus............................: 312    min=229        max=715 
    vus_max........................: 5703   min=5703       max=5703

    NETWORK
    data_received..................: 17 MB  1.2 MB/s
    data_sent......................: 8.6 MB 570 kB/s




running (15.0s), 00000/05703 VUs, 85300 complete and 247 interrupted iterations
default ✓ [ 100% ] 00247/05703 VUs  15s  5703.00 iters/s
