
         /\      Grafana   /‾‾/  
    /\  /  \     |\  __   /  /   
   /  \/    \    | |/ /  /   ‾‾\ 
  /          \   |   (  |  (‾)  |
 / __________ \  |_|\_\  \_____/ 

     execution: local
        script: workflow/spin/k6_open_client.js
        output: -

     scenarios: (100.00%) 1 scenario, 10000 max VUs, 15s max duration (incl. graceful stop):
              * default: 3572.00 iterations/s for 15s (maxVUs: 3572-10000)


running (00.9s), 00608/03572 VUs, 2548 complete and 0 interrupted iterations
default   [   6% ] 00608/03572 VUs  00.9s/15s  3572.00 iters/s

running (01.9s), 00805/03572 VUs, 5925 complete and 0 interrupted iterations
default   [  13% ] 00805/03572 VUs  01.9s/15s  3572.00 iters/s

running (02.9s), 00841/03572 VUs, 9460 complete and 0 interrupted iterations
default   [  19% ] 00841/03572 VUs  02.9s/15s  3572.00 iters/s

running (03.9s), 00962/03572 VUs, 12912 complete and 0 interrupted iterations
default   [  26% ] 00962/03572 VUs  03.9s/15s  3572.00 iters/s

running (04.9s), 01071/03572 VUs, 16372 complete and 0 interrupted iterations
default   [  33% ] 01071/03572 VUs  04.9s/15s  3572.00 iters/s

running (05.9s), 01062/03572 VUs, 19956 complete and 0 interrupted iterations
default   [  39% ] 01062/03572 VUs  05.9s/15s  3572.00 iters/s

running (06.9s), 01050/03572 VUs, 23540 complete and 0 interrupted iterations
default   [  46% ] 01050/03572 VUs  06.9s/15s  3572.00 iters/s

running (07.9s), 01043/03572 VUs, 27119 complete and 0 interrupted iterations
default   [  53% ] 01043/03572 VUs  07.9s/15s  3572.00 iters/s

running (08.9s), 01138/03572 VUs, 30596 complete and 0 interrupted iterations
default   [  59% ] 01138/03572 VUs  08.9s/15s  3572.00 iters/s

running (09.9s), 01190/03572 VUs, 34116 complete and 0 interrupted iterations
default   [  66% ] 01189/03572 VUs  09.9s/15s  3572.00 iters/s

running (10.9s), 01127/03572 VUs, 37751 complete and 0 interrupted iterations
default   [  73% ] 01127/03572 VUs  10.9s/15s  3572.00 iters/s

running (11.9s), 01179/03572 VUs, 41271 complete and 0 interrupted iterations
default   [  79% ] 01179/03572 VUs  11.9s/15s  3572.00 iters/s

running (12.9s), 01213/03572 VUs, 44809 complete and 0 interrupted iterations
default   [  86% ] 01213/03572 VUs  12.9s/15s  3572.00 iters/s

running (13.9s), 01188/03572 VUs, 48406 complete and 0 interrupted iterations
default   [  93% ] 01188/03572 VUs  13.9s/15s  3572.00 iters/s

running (14.9s), 01046/03572 VUs, 52120 complete and 0 interrupted iterations
default   [  99% ] 01046/03572 VUs  14.9s/15s  3572.00 iters/s


  █ TOTAL RESULTS 

    HTTP
    http_req_duration..............: avg=284.87ms min=116.5ms  med=301.02ms max=348.8ms  p(90)=330.07ms p(95)=335.01ms
      { expected_response:true }...: avg=284.87ms min=116.5ms  med=301.02ms max=348.8ms  p(90)=330.07ms p(95)=335.01ms
    http_req_failed................: 0.00% 0 out of 52491
    http_reqs......................: 52491 3496.741334/s

    EXECUTION
    iteration_duration.............: avg=284.96ms min=117.07ms med=301.11ms max=348.89ms p(90)=330.15ms p(95)=335.09ms
    iterations.....................: 52491 3496.741334/s
    vus............................: 1046  min=608        max=1213
    vus_max........................: 3572  min=3572       max=3572

    NETWORK
    data_received..................: 11 MB 710 kB/s
    data_sent......................: 10 MB 685 kB/s




running (15.0s), 00000/03572 VUs, 52486 complete and 1095 interrupted iterations
default ✓ [ 100% ] 01095/03572 VUs  15s  3572.00 iters/s
