
         /\      Grafana   /‾‾/  
    /\  /  \     |\  __   /  /   
   /  \/    \    | |/ /  /   ‾‾\ 
  /          \   |   (  |  (‾)  |
 / __________ \  |_|\_\  \_____/ 

     execution: local
        script: workflow/media/k6_open_review_compose.js
        output: -

     scenarios: (100.00%) 1 scenario, 10000 max VUs, 15s max duration (incl. graceful stop):
              * default: 1095.00 iterations/s for 15s (maxVUs: 1095-10000)


running (01.0s), 00363/01095 VUs, 685 complete and 0 interrupted iterations
default   [   6% ] 00363/01095 VUs  01.0s/15s  1095.00 iters/s

running (02.0s), 00554/01095 VUs, 1589 complete and 0 interrupted iterations
default   [  13% ] 00554/01095 VUs  02.0s/15s  1095.00 iters/s

running (03.0s), 00547/01095 VUs, 2691 complete and 0 interrupted iterations
default   [  20% ] 00547/01095 VUs  03.0s/15s  1095.00 iters/s

running (04.0s), 00685/01095 VUs, 3647 complete and 0 interrupted iterations
default   [  26% ] 00685/01095 VUs  04.0s/15s  1095.00 iters/s

running (05.0s), 00881/01095 VUs, 4547 complete and 0 interrupted iterations
default   [  33% ] 00881/01095 VUs  05.0s/15s  1095.00 iters/s

running (06.0s), 00836/01095 VUs, 5687 complete and 0 interrupted iterations
default   [  40% ] 00836/01095 VUs  06.0s/15s  1095.00 iters/s

running (07.0s), 00965/01095 VUs, 6653 complete and 0 interrupted iterations
default   [  46% ] 00965/01095 VUs  07.0s/15s  1095.00 iters/s

running (08.0s), 00923/01095 VUs, 7790 complete and 0 interrupted iterations
default   [  53% ] 00923/01095 VUs  08.0s/15s  1095.00 iters/s

running (09.0s), 01105/01105 VUs, 8691 complete and 0 interrupted iterations
default   [  60% ] 01105/01105 VUs  09.0s/15s  1095.00 iters/s

running (10.0s), 01041/01127 VUs, 9806 complete and 0 interrupted iterations
default   [  66% ] 01041/01127 VUs  10.0s/15s  1095.00 iters/s

running (11.0s), 00984/01166 VUs, 10903 complete and 0 interrupted iterations
default   [  73% ] 00984/01166 VUs  11.0s/15s  1095.00 iters/s

running (12.0s), 01188/01188 VUs, 11763 complete and 0 interrupted iterations
default   [  80% ] 01188/01188 VUs  12.0s/15s  1095.00 iters/s

running (13.0s), 01112/01252 VUs, 12848 complete and 0 interrupted iterations
default   [  86% ] 01112/01252 VUs  13.0s/15s  1095.00 iters/s

running (14.0s), 01205/01306 VUs, 13784 complete and 0 interrupted iterations
default   [  93% ] 01205/01306 VUs  14.0s/15s  1095.00 iters/s

running (15.0s), 01307/01308 VUs, 14775 complete and 0 interrupted iterations
default   [ 100% ] 01307/01308 VUs  15.0s/15s  1095.00 iters/s


  █ TOTAL RESULTS 

    HTTP
    http_req_duration..............: avg=841.69ms min=269.7ms  med=865ms    max=1.26s p(90)=1.14s p(95)=1.19s
      { expected_response:true }...: avg=841.69ms min=269.7ms  med=865ms    max=1.26s p(90)=1.14s p(95)=1.19s
    http_req_failed................: 0.00%  0 out of 14976
    http_reqs......................: 14976  997.815727/s

    EXECUTION
    dropped_iterations.............: 298    19.855041/s
    iteration_duration.............: avg=841.81ms min=269.97ms med=865.08ms max=1.26s p(90)=1.14s p(95)=1.19s
    iterations.....................: 14976  997.815727/s
    vus............................: 1306   min=362        max=1306
    vus_max........................: 1308   min=1095       max=1308

    NETWORK
    data_received..................: 3.5 MB 231 kB/s
    data_sent......................: 9.0 MB 598 kB/s




running (15.0s), 00000/01309 VUs, 14976 complete and 1151 interrupted iterations
default ✓ [ 100% ] 01151/01309 VUs  15s  1095.00 iters/s
