
         /\      Grafana   /‾‾/  
    /\  /  \     |\  __   /  /   
   /  \/    \    | |/ /  /   ‾‾\ 
  /          \   |   (  |  (‾)  |
 / __________ \  |_|\_\  \_____/ 

     execution: local
        script: workflow/spin/k6_open_client.js
        output: -

     scenarios: (100.00%) 1 scenario, 10000 max VUs, 15s max duration (incl. graceful stop):
              * default: 3520.00 iterations/s for 15s (maxVUs: 3520-10000)


running (00.9s), 00420/03520 VUs, 2670 complete and 0 interrupted iterations
default   [   6% ] 00420/03520 VUs  00.9s/15s  3520.00 iters/s

running (01.9s), 00813/03520 VUs, 5793 complete and 0 interrupted iterations
default   [  13% ] 00812/03520 VUs  01.9s/15s  3520.00 iters/s

running (02.9s), 00925/03520 VUs, 9203 complete and 0 interrupted iterations
default   [  19% ] 00925/03520 VUs  02.9s/15s  3520.00 iters/s

running (03.9s), 01111/03520 VUs, 12539 complete and 0 interrupted iterations
default   [  26% ] 01111/03520 VUs  03.9s/15s  3520.00 iters/s

running (04.9s), 01182/03520 VUs, 15988 complete and 0 interrupted iterations
default   [  33% ] 01182/03520 VUs  04.9s/15s  3520.00 iters/s

running (05.9s), 01326/03520 VUs, 19366 complete and 0 interrupted iterations
default   [  39% ] 01326/03520 VUs  05.9s/15s  3520.00 iters/s

running (06.9s), 01388/03520 VUs, 22823 complete and 0 interrupted iterations
default   [  46% ] 01388/03520 VUs  06.9s/15s  3520.00 iters/s

running (07.9s), 01468/03520 VUs, 26260 complete and 0 interrupted iterations
default   [  53% ] 01469/03520 VUs  07.9s/15s  3520.00 iters/s

running (08.9s), 01578/03520 VUs, 29672 complete and 0 interrupted iterations
default   [  59% ] 01578/03520 VUs  08.9s/15s  3520.00 iters/s

running (09.9s), 01739/03520 VUs, 33031 complete and 0 interrupted iterations
default   [  66% ] 01739/03520 VUs  09.9s/15s  3520.00 iters/s

running (10.9s), 01756/03520 VUs, 36535 complete and 0 interrupted iterations
default   [  73% ] 01756/03520 VUs  10.9s/15s  3520.00 iters/s

running (11.9s), 01808/03520 VUs, 40002 complete and 0 interrupted iterations
default   [  79% ] 01807/03520 VUs  11.9s/15s  3520.00 iters/s

running (12.9s), 01896/03520 VUs, 43437 complete and 0 interrupted iterations
default   [  86% ] 01896/03520 VUs  12.9s/15s  3520.00 iters/s

running (13.9s), 01921/03520 VUs, 46929 complete and 0 interrupted iterations
default   [  93% ] 01921/03520 VUs  13.9s/15s  3520.00 iters/s

running (14.9s), 01948/03520 VUs, 50422 complete and 0 interrupted iterations
default   [  99% ] 01948/03520 VUs  14.9s/15s  3520.00 iters/s


  █ TOTAL RESULTS 

    HTTP
    http_req_duration..............: avg=394.25ms min=30.07ms med=412.2ms max=567.94ms p(90)=545.26ms p(95)=554.12ms
      { expected_response:true }...: avg=394.25ms min=30.07ms med=412.2ms max=567.94ms p(90)=545.26ms p(95)=554.12ms
    http_req_failed................: 0.00% 0 out of 50833
    http_reqs......................: 50833 3385.41559/s

    EXECUTION
    iteration_duration.............: avg=394.35ms min=30.47ms med=412.3ms max=568ms    p(90)=545.36ms p(95)=554.23ms
    iterations.....................: 50833 3385.41559/s
    vus............................: 1948  min=420        max=1948
    vus_max........................: 3520  min=3520       max=3520

    NETWORK
    data_received..................: 10 MB 687 kB/s
    data_sent......................: 10 MB 675 kB/s




running (15.0s), 00000/03520 VUs, 50833 complete and 1970 interrupted iterations
default ✓ [ 100% ] 01970/03520 VUs  15s  3520.00 iters/s
