
         /\      Grafana   /‾‾/  
    /\  /  \     |\  __   /  /   
   /  \/    \    | |/ /  /   ‾‾\ 
  /          \   |   (  |  (‾)  |
 / __________ \  |_|\_\  \_____/ 

     execution: local
        script: workflow/spin/k6_open_client.js
        output: -

     scenarios: (100.00%) 1 scenario, 10000 max VUs, 15s max duration (incl. graceful stop):
              * default: 4107.00 iterations/s for 15s (maxVUs: 4107-10000)


running (00.9s), 00019/04107 VUs, 3561 complete and 0 interrupted iterations
default   [   6% ] 00019/04107 VUs  00.9s/15s  4107.00 iters/s

running (01.9s), 00013/04107 VUs, 7676 complete and 0 interrupted iterations
default   [  12% ] 00013/04107 VUs  01.9s/15s  4107.00 iters/s

running (02.9s), 00013/04107 VUs, 11781 complete and 0 interrupted iterations
default   [  19% ] 00013/04107 VUs  02.9s/15s  4107.00 iters/s

running (03.9s), 00018/04107 VUs, 15883 complete and 0 interrupted iterations
default   [  26% ] 00018/04107 VUs  03.9s/15s  4107.00 iters/s

running (04.9s), 00020/04107 VUs, 19988 complete and 0 interrupted iterations
default   [  32% ] 00020/04107 VUs  04.9s/15s  4107.00 iters/s

running (05.9s), 00015/04107 VUs, 24100 complete and 0 interrupted iterations
default   [  39% ] 00015/04107 VUs  05.9s/15s  4107.00 iters/s

running (06.9s), 00013/04107 VUs, 28209 complete and 0 interrupted iterations
default   [  46% ] 00013/04107 VUs  06.9s/15s  4107.00 iters/s

running (07.9s), 00012/04107 VUs, 32318 complete and 0 interrupted iterations
default   [  52% ] 00012/04107 VUs  07.9s/15s  4107.00 iters/s

running (08.9s), 00153/04107 VUs, 36285 complete and 0 interrupted iterations
default   [  59% ] 00153/04107 VUs  08.9s/15s  4107.00 iters/s

running (09.9s), 00017/04107 VUs, 40526 complete and 0 interrupted iterations
default   [  66% ] 00017/04107 VUs  09.9s/15s  4107.00 iters/s

running (10.9s), 00029/04107 VUs, 44621 complete and 0 interrupted iterations
default   [  72% ] 00029/04107 VUs  10.9s/15s  4107.00 iters/s

running (11.9s), 00011/04107 VUs, 48746 complete and 0 interrupted iterations
default   [  79% ] 00011/04107 VUs  11.9s/15s  4107.00 iters/s

running (12.9s), 00014/04107 VUs, 52849 complete and 0 interrupted iterations
default   [  86% ] 00014/04107 VUs  12.9s/15s  4107.00 iters/s

running (13.9s), 00012/04107 VUs, 56960 complete and 0 interrupted iterations
default   [  92% ] 00012/04107 VUs  13.9s/15s  4107.00 iters/s

running (14.9s), 00024/04107 VUs, 61054 complete and 0 interrupted iterations
default   [  99% ] 00024/04107 VUs  14.9s/15s  4107.00 iters/s


  █ TOTAL RESULTS 

    HTTP
    http_req_duration..............: avg=4.97ms min=2.4ms  med=3.42ms max=87.79ms p(90)=6.26ms p(95)=9.97ms 
      { expected_response:true }...: avg=4.97ms min=2.4ms  med=3.42ms max=87.79ms p(90)=6.26ms p(95)=9.97ms 
    http_req_failed................: 0.00% 0 out of 61599
    http_reqs......................: 61599 4104.967415/s

    EXECUTION
    iteration_duration.............: avg=5.07ms min=2.47ms med=3.51ms max=88.09ms p(90)=6.39ms p(95)=10.34ms
    iterations.....................: 61599 4104.967415/s
    vus............................: 23    min=11         max=151 
    vus_max........................: 4107  min=4107       max=4107

    NETWORK
    data_received..................: 13 MB 833 kB/s
    data_sent......................: 12 MB 788 kB/s




running (15.0s), 00000/04107 VUs, 61594 complete and 12 interrupted iterations
default ✓ [ 100% ] 00012/04107 VUs  15s  4107.00 iters/s
