
         /\      Grafana   /‾‾/  
    /\  /  \     |\  __   /  /   
   /  \/    \    | |/ /  /   ‾‾\ 
  /          \   |   (  |  (‾)  |
 / __________ \  |_|\_\  \_____/ 

     execution: local
        script: workflow/online_boutique/k6_open_add_to_cart.js
        output: -

     scenarios: (100.00%) 1 scenario, 10000 max VUs, 15s max duration (incl. graceful stop):
              * default: 499.00 iterations/s for 15s (maxVUs: 499-10000)


running (01.0s), 00001/00499 VUs, 484 complete and 0 interrupted iterations
default   [   6% ] 00001/00499 VUs  01.0s/15s  499.00 iters/s

running (02.0s), 00001/00499 VUs, 983 complete and 0 interrupted iterations
default   [  13% ] 00001/00499 VUs  02.0s/15s  499.00 iters/s

running (03.0s), 00002/00499 VUs, 1481 complete and 0 interrupted iterations
default   [  20% ] 00002/00499 VUs  03.0s/15s  499.00 iters/s

running (04.0s), 00001/00499 VUs, 1981 complete and 0 interrupted iterations
default   [  26% ] 00001/00499 VUs  04.0s/15s  499.00 iters/s

running (05.0s), 00002/00499 VUs, 2479 complete and 0 interrupted iterations
default   [  33% ] 00002/00499 VUs  05.0s/15s  499.00 iters/s

running (06.0s), 00001/00499 VUs, 2979 complete and 0 interrupted iterations
default   [  40% ] 00001/00499 VUs  06.0s/15s  499.00 iters/s

running (07.0s), 00005/00499 VUs, 3474 complete and 0 interrupted iterations
default   [  46% ] 00005/00499 VUs  07.0s/15s  499.00 iters/s

running (08.0s), 00002/00499 VUs, 3976 complete and 0 interrupted iterations
default   [  53% ] 00002/00499 VUs  08.0s/15s  499.00 iters/s

running (09.0s), 00002/00499 VUs, 4475 complete and 0 interrupted iterations
default   [  60% ] 00002/00499 VUs  09.0s/15s  499.00 iters/s

running (10.0s), 00002/00499 VUs, 4974 complete and 0 interrupted iterations
default   [  66% ] 00002/00499 VUs  10.0s/15s  499.00 iters/s

running (11.0s), 00001/00499 VUs, 5474 complete and 0 interrupted iterations
default   [  73% ] 00001/00499 VUs  11.0s/15s  499.00 iters/s

running (12.0s), 00002/00499 VUs, 5972 complete and 0 interrupted iterations
default   [  80% ] 00002/00499 VUs  12.0s/15s  499.00 iters/s

running (13.0s), 00002/00499 VUs, 6471 complete and 0 interrupted iterations
default   [  86% ] 00002/00499 VUs  13.0s/15s  499.00 iters/s

running (14.0s), 00001/00499 VUs, 6971 complete and 0 interrupted iterations
default   [  93% ] 00001/00499 VUs  14.0s/15s  499.00 iters/s

running (15.0s), 00001/00499 VUs, 7470 complete and 0 interrupted iterations
default   [ 100% ] 00001/00499 VUs  15.0s/15s  499.00 iters/s


  █ TOTAL RESULTS 

    CUSTOM
    online_boutique_application_errors...: 0.00%  0 out of 7484

    HTTP
    http_req_duration....................: avg=2.81ms min=1.87ms med=2.24ms max=29.08ms p(90)=3.26ms p(95)=5.89ms
      { expected_response:true }.........: avg=2.81ms min=1.87ms med=2.24ms max=29.08ms p(90)=3.26ms p(95)=5.89ms
    http_req_failed......................: 0.00%  0 out of 7484
    http_reqs............................: 7484   498.889104/s

    EXECUTION
    iteration_duration...................: avg=3.05ms min=2.03ms med=2.4ms  max=55.2ms  p(90)=3.43ms p(95)=6.17ms
    iterations...........................: 7484   498.889104/s
    vus..................................: 1      min=1         max=5  
    vus_max..............................: 499    min=499       max=499

    NETWORK
    data_received........................: 5.4 MB 360 kB/s
    data_sent............................: 1.9 MB 129 kB/s




running (15.0s), 00000/00499 VUs, 7484 complete and 2 interrupted iterations
default ✓ [ 100% ] 00002/00499 VUs  15s  499.00 iters/s
