
         /\      Grafana   /‾‾/  
    /\  /  \     |\  __   /  /   
   /  \/    \    | |/ /  /   ‾‾\ 
  /          \   |   (  |  (‾)  |
 / __________ \  |_|\_\  \_____/ 

     execution: local
        script: workflow/spin/k6_open_client.js
        output: -

     scenarios: (100.00%) 1 scenario, 10000 max VUs, 15s max duration (incl. graceful stop):
              * default: 1688.00 iterations/s for 15s (maxVUs: 1688-10000)


running (00.9s), 00073/01688 VUs, 1510 complete and 0 interrupted iterations
default   [   6% ] 00073/01688 VUs  00.9s/15s  1688.00 iters/s

running (01.9s), 00061/01688 VUs, 3212 complete and 0 interrupted iterations
default   [  13% ] 00061/01688 VUs  01.9s/15s  1688.00 iters/s

running (02.9s), 00051/01688 VUs, 4909 complete and 0 interrupted iterations
default   [  20% ] 00051/01688 VUs  02.9s/15s  1688.00 iters/s

running (03.9s), 00040/01688 VUs, 6608 complete and 0 interrupted iterations
default   [  26% ] 00040/01688 VUs  03.9s/15s  1688.00 iters/s

running (04.9s), 00059/01688 VUs, 8275 complete and 0 interrupted iterations
default   [  33% ] 00059/01688 VUs  04.9s/15s  1688.00 iters/s

running (05.9s), 00076/01688 VUs, 9948 complete and 0 interrupted iterations
default   [  40% ] 00076/01688 VUs  05.9s/15s  1688.00 iters/s

running (06.9s), 00069/01688 VUs, 11642 complete and 0 interrupted iterations
default   [  46% ] 00068/01688 VUs  06.9s/15s  1688.00 iters/s

running (07.9s), 00048/01688 VUs, 13350 complete and 0 interrupted iterations
default   [  53% ] 00049/01688 VUs  07.9s/15s  1688.00 iters/s

running (08.9s), 00050/01688 VUs, 15038 complete and 0 interrupted iterations
default   [  60% ] 00050/01688 VUs  08.9s/15s  1688.00 iters/s

running (09.9s), 00066/01688 VUs, 16710 complete and 0 interrupted iterations
default   [  66% ] 00066/01688 VUs  09.9s/15s  1688.00 iters/s

running (10.9s), 00047/01688 VUs, 18418 complete and 0 interrupted iterations
default   [  73% ] 00047/01688 VUs  10.9s/15s  1688.00 iters/s

running (11.9s), 00062/01688 VUs, 20089 complete and 0 interrupted iterations
default   [  80% ] 00062/01688 VUs  11.9s/15s  1688.00 iters/s

running (12.9s), 00042/01688 VUs, 21796 complete and 0 interrupted iterations
default   [  86% ] 00042/01688 VUs  12.9s/15s  1688.00 iters/s

running (13.9s), 00046/01688 VUs, 23482 complete and 0 interrupted iterations
default   [  93% ] 00046/01688 VUs  13.9s/15s  1688.00 iters/s

running (14.9s), 00068/01688 VUs, 25148 complete and 0 interrupted iterations
default   [ 100% ] 00068/01688 VUs  14.9s/15s  1688.00 iters/s


  █ TOTAL RESULTS 

    HTTP
    http_req_duration..............: avg=33.43ms min=18.23ms med=33.32ms max=61.21ms p(90)=42.54ms p(95)=44.35ms
      { expected_response:true }...: avg=33.43ms min=18.23ms med=33.32ms max=61.21ms p(90)=42.54ms p(95)=44.35ms
    http_req_failed................: 0.00%  0 out of 25248
    http_reqs......................: 25248  1682.875429/s

    EXECUTION
    iteration_duration.............: avg=33.52ms min=18.31ms med=33.41ms max=61.35ms p(90)=42.64ms p(95)=44.45ms
    iterations.....................: 25248  1682.875429/s
    vus............................: 67     min=38         max=76  
    vus_max........................: 1688   min=1688       max=1688

    NETWORK
    data_received..................: 5.1 MB 342 kB/s
    data_sent......................: 4.9 MB 324 kB/s




running (15.0s), 00000/01688 VUs, 25246 complete and 75 interrupted iterations
default ✓ [ 100% ] 00075/01688 VUs  15s  1688.00 iters/s
