
         /\      Grafana   /‾‾/  
    /\  /  \     |\  __   /  /   
   /  \/    \    | |/ /  /   ‾‾\ 
  /          \   |   (  |  (‾)  |
 / __________ \  |_|\_\  \_____/ 

     execution: local
        script: workflow/online_boutique/k6_open_checkout.js
        output: -

     scenarios: (100.00%) 1 scenario, 10000 max VUs, 15s max duration (incl. graceful stop):
              * default: 323.00 iterations/s for 15s (maxVUs: 323-10000)


running (01.0s), 00118/00323 VUs, 199 complete and 0 interrupted iterations
default   [   7% ] 00118/00323 VUs  01.0s/15s  323.00 iters/s

running (02.0s), 00095/00323 VUs, 545 complete and 0 interrupted iterations
default   [  13% ] 00095/00323 VUs  02.0s/15s  323.00 iters/s

running (03.0s), 00123/00323 VUs, 840 complete and 0 interrupted iterations
default   [  20% ] 00123/00323 VUs  03.0s/15s  323.00 iters/s

running (04.0s), 00150/00323 VUs, 1136 complete and 0 interrupted iterations
default   [  27% ] 00150/00323 VUs  04.0s/15s  323.00 iters/s

running (05.0s), 00177/00323 VUs, 1432 complete and 0 interrupted iterations
default   [  33% ] 00177/00323 VUs  05.0s/15s  323.00 iters/s

running (06.0s), 00205/00323 VUs, 1727 complete and 0 interrupted iterations
default   [  40% ] 00205/00323 VUs  06.0s/15s  323.00 iters/s

running (07.0s), 00182/00323 VUs, 2073 complete and 0 interrupted iterations
default   [  47% ] 00182/00323 VUs  07.0s/15s  323.00 iters/s

running (08.0s), 00208/00323 VUs, 2370 complete and 0 interrupted iterations
default   [  53% ] 00208/00323 VUs  08.0s/15s  323.00 iters/s

running (09.0s), 00236/00323 VUs, 2665 complete and 0 interrupted iterations
default   [  60% ] 00236/00323 VUs  09.0s/15s  323.00 iters/s

running (10.0s), 00264/00323 VUs, 2960 complete and 0 interrupted iterations
default   [  67% ] 00264/00323 VUs  10.0s/15s  323.00 iters/s

running (11.0s), 00241/00323 VUs, 3306 complete and 0 interrupted iterations
default   [  73% ] 00241/00323 VUs  11.0s/15s  323.00 iters/s

running (12.0s), 00268/00323 VUs, 3602 complete and 0 interrupted iterations
default   [  80% ] 00268/00323 VUs  12.0s/15s  323.00 iters/s

running (13.0s), 00294/00324 VUs, 3898 complete and 0 interrupted iterations
default   [  87% ] 00294/00324 VUs  13.0s/15s  323.00 iters/s

running (14.0s), 00311/00335 VUs, 4193 complete and 0 interrupted iterations
default   [  93% ] 00311/00335 VUs  14.0s/15s  323.00 iters/s

running (15.0s), 00341/00342 VUs, 4479 complete and 0 interrupted iterations
default   [ 100% ] 00341/00342 VUs  15.0s/15s  323.00 iters/s


  █ TOTAL RESULTS 

    CUSTOM
    online_boutique_application_errors...: 0.00%  0 out of 4529

    HTTP
    http_req_duration....................: avg=653.59ms min=195.76ms med=644.72ms max=1.07s p(90)=967.32ms p(95)=1.01s
      { expected_response:true }.........: avg=653.59ms min=195.76ms med=644.72ms max=1.07s p(90)=967.32ms p(95)=1.01s
    http_req_failed......................: 0.00%  0 out of 4529
    http_reqs............................: 4529   301.874831/s

    EXECUTION
    dropped_iterations...................: 19     1.266421/s
    iteration_duration...................: avg=653.84ms min=196.12ms med=644.99ms max=1.07s p(90)=967.49ms p(95)=1.01s
    iterations...........................: 4529   301.874831/s
    vus..................................: 341    min=95        max=341
    vus_max..............................: 342    min=323       max=342

    NETWORK
    data_received........................: 9.2 MB 612 kB/s
    data_sent............................: 2.7 MB 179 kB/s




running (15.0s), 00000/00342 VUs, 4529 complete and 297 interrupted iterations
default ✓ [ 100% ] 00297/00342 VUs  15s  323.00 iters/s
