
         /\      Grafana   /‾‾/  
    /\  /  \     |\  __   /  /   
   /  \/    \    | |/ /  /   ‾‾\ 
  /          \   |   (  |  (‾)  |
 / __________ \  |_|\_\  \_____/ 

     execution: local
        script: workflow/online_boutique/k6_open_product_page.js
        output: -

     scenarios: (100.00%) 1 scenario, 10000 max VUs, 15s max duration (incl. graceful stop):
              * default: 489.00 iterations/s for 15s (maxVUs: 489-10000)


running (01.0s), 00099/00489 VUs, 376 complete and 0 interrupted iterations
default   [   6% ] 00099/00489 VUs  01.0s/15s  489.00 iters/s

running (02.0s), 00143/00489 VUs, 822 complete and 0 interrupted iterations
default   [  13% ] 00143/00489 VUs  02.0s/15s  489.00 iters/s

running (03.0s), 00111/00489 VUs, 1342 complete and 0 interrupted iterations
default   [  20% ] 00111/00489 VUs  03.0s/15s  489.00 iters/s

running (04.0s), 00152/00489 VUs, 1791 complete and 0 interrupted iterations
default   [  26% ] 00152/00489 VUs  04.0s/15s  489.00 iters/s

running (05.0s), 00121/00489 VUs, 2311 complete and 0 interrupted iterations
default   [  33% ] 00121/00489 VUs  05.0s/15s  489.00 iters/s

running (06.0s), 00089/00489 VUs, 2831 complete and 0 interrupted iterations
default   [  40% ] 00089/00489 VUs  06.0s/15s  489.00 iters/s

running (07.0s), 00133/00489 VUs, 3277 complete and 0 interrupted iterations
default   [  46% ] 00133/00489 VUs  07.0s/15s  489.00 iters/s

running (08.0s), 00102/00489 VUs, 3797 complete and 0 interrupted iterations
default   [  53% ] 00102/00489 VUs  08.0s/15s  489.00 iters/s

running (09.0s), 00146/00489 VUs, 4242 complete and 0 interrupted iterations
default   [  60% ] 00146/00489 VUs  09.0s/15s  489.00 iters/s

running (10.0s), 00113/00489 VUs, 4764 complete and 0 interrupted iterations
default   [  66% ] 00113/00489 VUs  10.0s/15s  489.00 iters/s

running (11.0s), 00153/00489 VUs, 5212 complete and 0 interrupted iterations
default   [  73% ] 00153/00489 VUs  11.0s/15s  489.00 iters/s

running (12.0s), 00123/00489 VUs, 5732 complete and 0 interrupted iterations
default   [  80% ] 00123/00489 VUs  12.0s/15s  489.00 iters/s

running (13.0s), 00093/00489 VUs, 6251 complete and 0 interrupted iterations
default   [  86% ] 00093/00489 VUs  13.0s/15s  489.00 iters/s

running (14.0s), 00136/00489 VUs, 6697 complete and 0 interrupted iterations
default   [  93% ] 00136/00489 VUs  14.0s/15s  489.00 iters/s

running (15.0s), 00105/00489 VUs, 7216 complete and 0 interrupted iterations
default   [ 100% ] 00105/00489 VUs  15.0s/15s  489.00 iters/s


  █ TOTAL RESULTS 

    CUSTOM
    online_boutique_application_errors........: 0.00%  0 out of 7216
    online_boutique_recommendation_winner_1...: 4099   273.22898/s
    online_boutique_recommendation_winner_2...: 277    18.46412/s
    online_boutique_recommendation_winner_3...: 2840   189.307222/s

    HTTP
    http_req_duration.........................: avg=240.15ms min=158.8ms  med=240.19ms max=322.82ms p(90)=294.93ms p(95)=302.16ms
      { expected_response:true }..............: avg=240.15ms min=158.8ms  med=240.19ms max=322.82ms p(90)=294.93ms p(95)=302.16ms
    http_req_failed...........................: 0.00%  0 out of 7216
    http_reqs.................................: 7216   481.000322/s

    EXECUTION
    iteration_duration........................: avg=240.35ms min=158.95ms med=240.4ms  max=323.07ms p(90)=295.16ms p(95)=302.4ms 
    iterations................................: 7216   481.000322/s
    vus.......................................: 105    min=89        max=153
    vus_max...................................: 489    min=489       max=489

    NETWORK
    data_received.............................: 13 MB  864 kB/s
    data_sent.................................: 2.0 MB 136 kB/s




running (15.0s), 00000/00489 VUs, 7216 complete and 120 interrupted iterations
default ✓ [ 100% ] 00120/00489 VUs  15s  489.00 iters/s
