
         /\      Grafana   /‾‾/  
    /\  /  \     |\  __   /  /   
   /  \/    \    | |/ /  /   ‾‾\ 
  /          \   |   (  |  (‾)  |
 / __________ \  |_|\_\  \_____/ 

     execution: local
        script: workflow/spin/k6_open_client.js
        output: -

     scenarios: (100.00%) 1 scenario, 10000 max VUs, 15s max duration (incl. graceful stop):
              * default: 2942.00 iterations/s for 15s (maxVUs: 2942-10000)


running (00.9s), 00523/02942 VUs, 2141 complete and 0 interrupted iterations
default   [   6% ] 00523/02942 VUs  00.9s/15s  2942.00 iters/s

running (01.9s), 00509/02942 VUs, 5097 complete and 0 interrupted iterations
default   [  13% ] 00509/02942 VUs  01.9s/15s  2942.00 iters/s

running (02.9s), 00536/02942 VUs, 8012 complete and 0 interrupted iterations
default   [  19% ] 00536/02942 VUs  02.9s/15s  2942.00 iters/s

running (03.9s), 00640/02942 VUs, 10848 complete and 0 interrupted iterations
default   [  26% ] 00640/02942 VUs  03.9s/15s  2942.00 iters/s

running (04.9s), 00677/02942 VUs, 13755 complete and 0 interrupted iterations
default   [  33% ] 00677/02942 VUs  04.9s/15s  2942.00 iters/s

running (05.9s), 00656/02942 VUs, 16720 complete and 0 interrupted iterations
default   [  39% ] 00656/02942 VUs  05.9s/15s  2942.00 iters/s

running (06.9s), 00680/02942 VUs, 19636 complete and 0 interrupted iterations
default   [  46% ] 00680/02942 VUs  06.9s/15s  2942.00 iters/s

running (07.9s), 00589/02942 VUs, 22667 complete and 0 interrupted iterations
default   [  53% ] 00589/02942 VUs  07.9s/15s  2942.00 iters/s

running (08.9s), 00686/02942 VUs, 25516 complete and 0 interrupted iterations
default   [  59% ] 00687/02942 VUs  08.9s/15s  2942.00 iters/s

running (09.9s), 00557/02942 VUs, 28587 complete and 0 interrupted iterations
default   [  66% ] 00557/02942 VUs  09.9s/15s  2942.00 iters/s

running (10.9s), 00441/02942 VUs, 31644 complete and 0 interrupted iterations
default   [  73% ] 00441/02942 VUs  10.9s/15s  2942.00 iters/s

running (11.9s), 00515/02942 VUs, 34513 complete and 0 interrupted iterations
default   [  79% ] 00515/02942 VUs  11.9s/15s  2942.00 iters/s

running (12.9s), 00456/02942 VUs, 37511 complete and 0 interrupted iterations
default   [  86% ] 00456/02942 VUs  12.9s/15s  2942.00 iters/s

running (13.9s), 00408/02942 VUs, 40502 complete and 0 interrupted iterations
default   [  93% ] 00408/02942 VUs  13.9s/15s  2942.00 iters/s

running (14.9s), 00459/02942 VUs, 43394 complete and 0 interrupted iterations
default   [  99% ] 00459/02942 VUs  14.9s/15s  2942.00 iters/s


  █ TOTAL RESULTS 

    HTTP
    http_req_duration..............: avg=186.23ms min=105.76ms med=190.08ms max=250.63ms p(90)=226.61ms p(95)=232.31ms
      { expected_response:true }...: avg=186.23ms min=105.76ms med=190.08ms max=250.63ms p(90)=226.61ms p(95)=232.31ms
    http_req_failed................: 0.00%  0 out of 43628
    http_reqs......................: 43628  2907.105374/s

    EXECUTION
    iteration_duration.............: avg=186.32ms min=105.91ms med=190.16ms max=250.71ms p(90)=226.7ms  p(95)=232.4ms 
    iterations.....................: 43628  2907.105374/s
    vus............................: 457    min=408        max=685 
    vus_max........................: 2942   min=2942       max=2942

    NETWORK
    data_received..................: 8.9 MB 590 kB/s
    data_sent......................: 8.5 MB 564 kB/s




running (15.0s), 00000/02942 VUs, 43628 complete and 504 interrupted iterations
default ✓ [ 100% ] 00504/02942 VUs  15s  2942.00 iters/s
