
         /\      Grafana   /‾‾/  
    /\  /  \     |\  __   /  /   
   /  \/    \    | |/ /  /   ‾‾\ 
  /          \   |   (  |  (‾)  |
 / __________ \  |_|\_\  \_____/ 

     execution: local
        script: workflow/spin/k6_open_client.js
        output: -

     scenarios: (100.00%) 1 scenario, 10000 max VUs, 15s max duration (incl. graceful stop):
              * default: 4363.00 iterations/s for 15s (maxVUs: 4363-10000)


running (00.9s), 00389/04363 VUs, 3328 complete and 0 interrupted iterations
default   [   6% ] 00389/04363 VUs  00.9s/15s  4363.00 iters/s

running (01.9s), 00263/04363 VUs, 7816 complete and 0 interrupted iterations
default   [  12% ] 00263/04363 VUs  01.9s/15s  4363.00 iters/s

running (02.9s), 00260/04363 VUs, 12179 complete and 0 interrupted iterations
default   [  19% ] 00261/04363 VUs  02.9s/15s  4363.00 iters/s

running (03.9s), 00272/04363 VUs, 16531 complete and 0 interrupted iterations
default   [  26% ] 00273/04363 VUs  03.9s/15s  4363.00 iters/s

running (04.9s), 00283/04363 VUs, 20883 complete and 0 interrupted iterations
default   [  32% ] 00285/04363 VUs  04.9s/15s  4363.00 iters/s

running (05.9s), 00268/04363 VUs, 25263 complete and 0 interrupted iterations
default   [  39% ] 00268/04363 VUs  05.9s/15s  4363.00 iters/s

running (06.9s), 00224/04363 VUs, 29666 complete and 0 interrupted iterations
default   [  46% ] 00225/04363 VUs  06.9s/15s  4363.00 iters/s

running (07.9s), 00224/04363 VUs, 34032 complete and 0 interrupted iterations
default   [  52% ] 00224/04363 VUs  07.9s/15s  4363.00 iters/s

running (08.9s), 00255/04363 VUs, 38366 complete and 0 interrupted iterations
default   [  59% ] 00255/04363 VUs  08.9s/15s  4363.00 iters/s

running (09.9s), 00246/04363 VUs, 42738 complete and 0 interrupted iterations
default   [  66% ] 00246/04363 VUs  09.9s/15s  4363.00 iters/s

running (10.9s), 00243/04363 VUs, 47101 complete and 0 interrupted iterations
default   [  72% ] 00243/04363 VUs  10.9s/15s  4363.00 iters/s

running (11.9s), 00284/04363 VUs, 51429 complete and 0 interrupted iterations
default   [  79% ] 00284/04363 VUs  11.9s/15s  4363.00 iters/s

running (12.9s), 00278/04363 VUs, 55794 complete and 0 interrupted iterations
default   [  86% ] 00278/04363 VUs  12.9s/15s  4363.00 iters/s

running (13.9s), 00247/04363 VUs, 60188 complete and 0 interrupted iterations
default   [  92% ] 00247/04363 VUs  13.9s/15s  4363.00 iters/s

running (14.9s), 00271/04363 VUs, 64527 complete and 0 interrupted iterations
default   [  99% ] 00271/04363 VUs  14.9s/15s  4363.00 iters/s


  █ TOTAL RESULTS 

    HTTP
    http_req_duration..............: avg=63ms    min=40.11ms med=60.36ms max=146.79ms p(90)=74.69ms p(95)=88ms  
      { expected_response:true }...: avg=63ms    min=40.11ms med=60.36ms max=146.79ms p(90)=74.69ms p(95)=88ms  
    http_req_failed................: 0.00% 0 out of 65155
    http_reqs......................: 65155 4341.465628/s

    EXECUTION
    iteration_duration.............: avg=63.11ms min=40.22ms med=60.44ms max=149.72ms p(90)=74.81ms p(95)=88.5ms
    iterations.....................: 65155 4341.465628/s
    vus............................: 271   min=224        max=388 
    vus_max........................: 4363  min=4363       max=4363

    NETWORK
    data_received..................: 13 MB 881 kB/s
    data_sent......................: 13 MB 837 kB/s




running (15.0s), 00000/04363 VUs, 65142 complete and 303 interrupted iterations
default ✓ [ 100% ] 00303/04363 VUs  15s  4363.00 iters/s
