
         /\      Grafana   /‾‾/  
    /\  /  \     |\  __   /  /   
   /  \/    \    | |/ /  /   ‾‾\ 
  /          \   |   (  |  (‾)  |
 / __________ \  |_|\_\  \_____/ 

     execution: local
        script: workflow/spin/k6_open_client.js
        output: -

     scenarios: (100.00%) 1 scenario, 10000 max VUs, 15s max duration (incl. graceful stop):
              * default: 1155.00 iterations/s for 15s (maxVUs: 1155-10000)


running (01.0s), 00069/01155 VUs, 1033 complete and 0 interrupted iterations
default   [   6% ] 00069/01155 VUs  01.0s/15s  1155.00 iters/s

running (02.0s), 00067/01155 VUs, 2190 complete and 0 interrupted iterations
default   [  13% ] 00067/01155 VUs  02.0s/15s  1155.00 iters/s

running (03.0s), 00066/01155 VUs, 3346 complete and 0 interrupted iterations
default   [  20% ] 00066/01155 VUs  03.0s/15s  1155.00 iters/s

running (04.0s), 00050/01155 VUs, 4517 complete and 0 interrupted iterations
default   [  26% ] 00050/01155 VUs  04.0s/15s  1155.00 iters/s

running (05.0s), 00049/01155 VUs, 5674 complete and 0 interrupted iterations
default   [  33% ] 00049/01155 VUs  05.0s/15s  1155.00 iters/s

running (06.0s), 00048/01155 VUs, 6829 complete and 0 interrupted iterations
default   [  40% ] 00048/01155 VUs  06.0s/15s  1155.00 iters/s

running (07.0s), 00049/01155 VUs, 7982 complete and 0 interrupted iterations
default   [  46% ] 00049/01155 VUs  07.0s/15s  1155.00 iters/s

running (08.0s), 00052/01155 VUs, 9136 complete and 0 interrupted iterations
default   [  53% ] 00052/01155 VUs  08.0s/15s  1155.00 iters/s

running (09.0s), 00051/01155 VUs, 10290 complete and 0 interrupted iterations
default   [  60% ] 00051/01155 VUs  09.0s/15s  1155.00 iters/s

running (10.0s), 00052/01155 VUs, 11445 complete and 0 interrupted iterations
default   [  66% ] 00052/01155 VUs  10.0s/15s  1155.00 iters/s

running (11.0s), 00056/01155 VUs, 12596 complete and 0 interrupted iterations
default   [  73% ] 00056/01155 VUs  11.0s/15s  1155.00 iters/s

running (12.0s), 00056/01155 VUs, 13751 complete and 0 interrupted iterations
default   [  80% ] 00056/01155 VUs  12.0s/15s  1155.00 iters/s

running (13.0s), 00047/01155 VUs, 14914 complete and 0 interrupted iterations
default   [  86% ] 00048/01155 VUs  13.0s/15s  1155.00 iters/s

running (14.0s), 00046/01155 VUs, 16072 complete and 0 interrupted iterations
default   [  93% ] 00046/01155 VUs  14.0s/15s  1155.00 iters/s

running (15.0s), 00045/01155 VUs, 17227 complete and 0 interrupted iterations
default   [ 100% ] 00045/01155 VUs  15.0s/15s  1155.00 iters/s


  █ TOTAL RESULTS 

    HTTP
    http_req_duration..............: avg=45.96ms min=24.9ms  med=45.87ms max=75.45ms p(90)=56.88ms p(95)=58.53ms
      { expected_response:true }...: avg=45.96ms min=24.9ms  med=45.87ms max=75.45ms p(90)=56.88ms p(95)=58.53ms
    http_req_failed................: 0.00%  0 out of 17265
    http_reqs......................: 17265  1150.78551/s

    EXECUTION
    iteration_duration.............: avg=46.05ms min=25.09ms med=45.95ms max=76.21ms p(90)=56.99ms p(95)=58.62ms
    iterations.....................: 17265  1150.78551/s
    vus............................: 45     min=45         max=68  
    vus_max........................: 1155   min=1155       max=1155

    NETWORK
    data_received..................: 3.5 MB 234 kB/s
    data_sent......................: 3.3 MB 222 kB/s




running (15.0s), 00000/01155 VUs, 17265 complete and 60 interrupted iterations
default ✓ [ 100% ] 00060/01155 VUs  15s  1155.00 iters/s
