
         /\      Grafana   /‾‾/  
    /\  /  \     |\  __   /  /   
   /  \/    \    | |/ /  /   ‾‾\ 
  /          \   |   (  |  (‾)  |
 / __________ \  |_|\_\  \_____/ 

     execution: local
        script: workflow/spin/k6_open_client.js
        output: -

     scenarios: (100.00%) 1 scenario, 10000 max VUs, 15s max duration (incl. graceful stop):
              * default: 1845.00 iterations/s for 15s (maxVUs: 1845-10000)


running (00.9s), 00716/01845 VUs, 1003 complete and 0 interrupted iterations
default   [   6% ] 00716/01845 VUs  00.9s/15s  1845.00 iters/s

running (01.9s), 01004/01845 VUs, 2560 complete and 0 interrupted iterations
default   [  13% ] 01005/01845 VUs  01.9s/15s  1845.00 iters/s

running (02.9s), 00803/01845 VUs, 4608 complete and 0 interrupted iterations
default   [  20% ] 00803/01845 VUs  02.9s/15s  1845.00 iters/s

running (03.9s), 01001/01845 VUs, 6254 complete and 0 interrupted iterations
default   [  26% ] 01001/01845 VUs  03.9s/15s  1845.00 iters/s

running (04.9s), 00906/01845 VUs, 8192 complete and 0 interrupted iterations
default   [  33% ] 00906/01845 VUs  04.9s/15s  1845.00 iters/s

running (05.9s), 00705/01845 VUs, 10240 complete and 0 interrupted iterations
default   [  40% ] 00705/01845 VUs  05.9s/15s  1845.00 iters/s

running (06.9s), 01013/01845 VUs, 11776 complete and 0 interrupted iterations
default   [  46% ] 01014/01845 VUs  06.9s/15s  1845.00 iters/s

running (07.9s), 00811/01845 VUs, 13824 complete and 0 interrupted iterations
default   [  53% ] 00811/01845 VUs  07.9s/15s  1845.00 iters/s

running (08.9s), 00914/01845 VUs, 15566 complete and 0 interrupted iterations
default   [  60% ] 00914/01845 VUs  08.9s/15s  1845.00 iters/s

running (09.9s), 00917/01845 VUs, 17408 complete and 0 interrupted iterations
default   [  66% ] 00917/01845 VUs  09.9s/15s  1845.00 iters/s

running (10.9s), 00715/01845 VUs, 19456 complete and 0 interrupted iterations
default   [  73% ] 00715/01845 VUs  10.9s/15s  1845.00 iters/s

running (11.9s), 01000/01845 VUs, 21015 complete and 0 interrupted iterations
default   [  80% ] 01000/01845 VUs  11.9s/15s  1845.00 iters/s

running (12.9s), 00819/01845 VUs, 23040 complete and 0 interrupted iterations
default   [  86% ] 00820/01845 VUs  12.9s/15s  1845.00 iters/s

running (13.9s), 00774/01845 VUs, 24931 complete and 0 interrupted iterations
default   [  93% ] 00774/01845 VUs  13.9s/15s  1845.00 iters/s

running (14.9s), 00924/01845 VUs, 26624 complete and 0 interrupted iterations
default   [ 100% ] 00925/01845 VUs  14.9s/15s  1845.00 iters/s


  █ TOTAL RESULTS 

    HTTP
    http_req_duration..............: avg=468.65ms min=341.44ms med=471.36ms max=579.39ms p(90)=547.27ms p(95)=557.66ms
      { expected_response:true }...: avg=468.65ms min=341.44ms med=471.36ms max=579.39ms p(90)=547.27ms p(95)=557.66ms
    http_req_failed................: 0.00%  0 out of 26753
    http_reqs......................: 26753  1782.539887/s

    EXECUTION
    iteration_duration.............: avg=468.75ms min=341.57ms med=471.44ms max=579.63ms p(90)=547.35ms p(95)=557.79ms
    iterations.....................: 26753  1782.539887/s
    vus............................: 926    min=705        max=1012
    vus_max........................: 1845   min=1845       max=1845

    NETWORK
    data_received..................: 5.4 MB 362 kB/s
    data_sent......................: 5.3 MB 354 kB/s




running (15.0s), 00000/01845 VUs, 26749 complete and 927 interrupted iterations
default ✓ [ 100% ] 00927/01845 VUs  15s  1845.00 iters/s
