
         /\      Grafana   /‾‾/  
    /\  /  \     |\  __   /  /   
   /  \/    \    | |/ /  /   ‾‾\ 
  /          \   |   (  |  (‾)  |
 / __________ \  |_|\_\  \_____/ 

     execution: local
        script: workflow/hotel/k6_open_recommendations_client.js
        output: -

     scenarios: (100.00%) 1 scenario, 10000 max VUs, 15s max duration (incl. graceful stop):
              * default: 1380.00 iterations/s for 15s (maxVUs: 1380-10000)


running (00.9s), 00138/01380 VUs, 1160 complete and 0 interrupted iterations
default   [   6% ] 00138/01380 VUs  00.9s/15s  1380.00 iters/s

running (01.9s), 00151/01380 VUs, 2528 complete and 0 interrupted iterations
default   [  13% ] 00151/01380 VUs  01.9s/15s  1380.00 iters/s

running (02.9s), 00217/01380 VUs, 3841 complete and 0 interrupted iterations
default   [  20% ] 00217/01380 VUs  02.9s/15s  1380.00 iters/s

running (03.9s), 00126/01380 VUs, 5311 complete and 0 interrupted iterations
default   [  26% ] 00126/01380 VUs  03.9s/15s  1380.00 iters/s

running (04.9s), 00177/01380 VUs, 6641 complete and 0 interrupted iterations
default   [  33% ] 00177/01380 VUs  04.9s/15s  1380.00 iters/s

running (05.9s), 00216/01380 VUs, 7983 complete and 0 interrupted iterations
default   [  40% ] 00216/01380 VUs  05.9s/15s  1380.00 iters/s

running (06.9s), 00137/01380 VUs, 9440 complete and 0 interrupted iterations
default   [  46% ] 00137/01380 VUs  06.9s/15s  1380.00 iters/s

running (07.9s), 00189/01380 VUs, 10768 complete and 0 interrupted iterations
default   [  53% ] 00189/01380 VUs  07.9s/15s  1380.00 iters/s

running (08.9s), 00159/01380 VUs, 12179 complete and 0 interrupted iterations
default   [  60% ] 00159/01380 VUs  08.9s/15s  1380.00 iters/s

running (09.9s), 00137/01380 VUs, 13582 complete and 0 interrupted iterations
default   [  66% ] 00137/01380 VUs  09.9s/15s  1380.00 iters/s

running (10.9s), 00184/01380 VUs, 14913 complete and 0 interrupted iterations
default   [  73% ] 00185/01380 VUs  10.9s/15s  1380.00 iters/s

running (11.9s), 00103/01380 VUs, 16375 complete and 0 interrupted iterations
default   [  80% ] 00103/01380 VUs  11.9s/15s  1380.00 iters/s

running (12.9s), 00157/01380 VUs, 17701 complete and 0 interrupted iterations
default   [  86% ] 00157/01380 VUs  12.9s/15s  1380.00 iters/s

running (13.9s), 00184/01380 VUs, 19054 complete and 0 interrupted iterations
default   [  93% ] 00184/01380 VUs  13.9s/15s  1380.00 iters/s

running (14.9s), 00142/01380 VUs, 20476 complete and 0 interrupted iterations
default   [ 100% ] 00142/01380 VUs  14.9s/15s  1380.00 iters/s


  █ TOTAL RESULTS 

    HTTP
    http_req_duration..............: avg=118.4ms  min=62.95ms med=118.37ms max=195.93ms p(90)=153.66ms p(95)=159.2ms 
      { expected_response:true }...: avg=118.4ms  min=62.95ms med=118.37ms max=195.93ms p(90)=153.66ms p(95)=159.2ms 
    http_req_failed................: 0.00%  0 out of 20476
    http_reqs......................: 20476  1364.71315/s

    EXECUTION
    iteration_duration.............: avg=118.51ms min=63.05ms med=118.48ms max=196.06ms p(90)=153.76ms p(95)=159.31ms
    iterations.....................: 20476  1364.71315/s
    vus............................: 142    min=103        max=217 
    vus_max........................: 1380   min=1380       max=1380

    NETWORK
    data_received..................: 12 MB  791 kB/s
    data_sent......................: 5.9 MB 393 kB/s




running (15.0s), 00000/01380 VUs, 20476 complete and 224 interrupted iterations
default ✓ [ 100% ] 00224/01380 VUs  15s  1380.00 iters/s
