
         /\      Grafana   /‾‾/  
    /\  /  \     |\  __   /  /   
   /  \/    \    | |/ /  /   ‾‾\ 
  /          \   |   (  |  (‾)  |
 / __________ \  |_|\_\  \_____/ 

     execution: local
        script: workflow/response/k6_open_client.js
        output: -

     scenarios: (100.00%) 1 scenario, 10000 max VUs, 15s max duration (incl. graceful stop):
              * default: 341.00 iterations/s for 15s (maxVUs: 341-10000)


running (01.0s), 00050/00341 VUs, 285 complete and 0 interrupted iterations
default   [   7% ] 00050/00341 VUs  01.0s/15s  341.00 iters/s

running (02.0s), 00053/00341 VUs, 622 complete and 0 interrupted iterations
default   [  13% ] 00053/00341 VUs  02.0s/15s  341.00 iters/s

running (03.0s), 00075/00341 VUs, 942 complete and 0 interrupted iterations
default   [  20% ] 00075/00341 VUs  03.0s/15s  341.00 iters/s

running (04.0s), 00105/00341 VUs, 1253 complete and 0 interrupted iterations
default   [  27% ] 00105/00341 VUs  04.0s/15s  341.00 iters/s

running (05.0s), 00126/00341 VUs, 1573 complete and 0 interrupted iterations
default   [  33% ] 00126/00341 VUs  05.0s/15s  341.00 iters/s

running (06.0s), 00157/00341 VUs, 1883 complete and 0 interrupted iterations
default   [  40% ] 00157/00341 VUs  06.0s/15s  341.00 iters/s

running (07.0s), 00178/00341 VUs, 2203 complete and 0 interrupted iterations
default   [  47% ] 00178/00341 VUs  07.0s/15s  341.00 iters/s

running (08.0s), 00210/00341 VUs, 2512 complete and 0 interrupted iterations
default   [  53% ] 00210/00341 VUs  08.0s/15s  341.00 iters/s

running (09.0s), 00208/00341 VUs, 2854 complete and 0 interrupted iterations
default   [  60% ] 00208/00341 VUs  09.0s/15s  341.00 iters/s

running (10.0s), 00211/00341 VUs, 3193 complete and 0 interrupted iterations
default   [  67% ] 00211/00341 VUs  10.0s/15s  341.00 iters/s

running (11.0s), 00239/00341 VUs, 3506 complete and 0 interrupted iterations
default   [  73% ] 00239/00341 VUs  11.0s/15s  341.00 iters/s

running (12.0s), 00247/00341 VUs, 3838 complete and 0 interrupted iterations
default   [  80% ] 00248/00341 VUs  12.0s/15s  341.00 iters/s

running (13.0s), 00253/00341 VUs, 4174 complete and 0 interrupted iterations
default   [  87% ] 00253/00341 VUs  13.0s/15s  341.00 iters/s

running (14.0s), 00274/00341 VUs, 4494 complete and 0 interrupted iterations
default   [  93% ] 00274/00341 VUs  14.0s/15s  341.00 iters/s

running (15.0s), 00283/00341 VUs, 4826 complete and 0 interrupted iterations
default   [ 100% ] 00283/00341 VUs  15.0s/15s  341.00 iters/s


  █ TOTAL RESULTS 

    HTTP
    http_req_duration..............: avg=500.58ms min=49.67ms med=560.66ms max=847.26ms p(90)=788.38ms p(95)=816.36ms
      { expected_response:true }...: avg=500.58ms min=49.67ms med=560.66ms max=847.26ms p(90)=788.38ms p(95)=816.36ms
    http_req_failed................: 0.00%  0 out of 4837
    http_reqs......................: 4837   322.405465/s

    EXECUTION
    iteration_duration.............: avg=500.68ms min=49.92ms med=560.74ms max=847.34ms p(90)=788.46ms p(95)=816.44ms
    iterations.....................: 4837   322.405465/s
    vus............................: 283    min=50        max=283
    vus_max........................: 341    min=341       max=341

    NETWORK
    data_received..................: 972 kB 65 kB/s
    data_sent......................: 1.0 MB 67 kB/s




running (15.0s), 00000/00341 VUs, 4837 complete and 279 interrupted iterations
default ✓ [ 100% ] 00279/00341 VUs  15s  341.00 iters/s
