
         /\      Grafana   /‾‾/  
    /\  /  \     |\  __   /  /   
   /  \/    \    | |/ /  /   ‾‾\ 
  /          \   |   (  |  (‾)  |
 / __________ \  |_|\_\  \_____/ 

     execution: local
        script: workflow/response/k6_open_client.js
        output: -

     scenarios: (100.00%) 1 scenario, 100000 max VUs, 15s max duration (incl. graceful stop):
              * default: 4030.00 iterations/s for 15s (maxVUs: 4030-100000)


running (00.9s), 000165/004030 VUs, 3344 complete and 0 interrupted iterations
default   [   6% ] 000165/004030 VUs  00.9s/15s  4030.00 iters/s

running (01.9s), 000192/004030 VUs, 7348 complete and 0 interrupted iterations
default   [  12% ] 000192/004030 VUs  01.9s/15s  4030.00 iters/s

running (02.9s), 000149/004030 VUs, 11421 complete and 0 interrupted iterations
default   [  19% ] 000149/004030 VUs  02.9s/15s  4030.00 iters/s

running (03.9s), 000212/004030 VUs, 15387 complete and 0 interrupted iterations
default   [  26% ] 000212/004030 VUs  03.9s/15s  4030.00 iters/s

running (04.9s), 000174/004030 VUs, 19456 complete and 0 interrupted iterations
default   [  32% ] 000174/004030 VUs  04.9s/15s  4030.00 iters/s

running (05.9s), 000150/004030 VUs, 23511 complete and 0 interrupted iterations
default   [  39% ] 000150/004030 VUs  05.9s/15s  4030.00 iters/s

running (06.9s), 000207/004030 VUs, 27479 complete and 0 interrupted iterations
default   [  46% ] 000207/004030 VUs  06.9s/15s  4030.00 iters/s

running (07.9s), 000180/004030 VUs, 31539 complete and 0 interrupted iterations
default   [  52% ] 000180/004030 VUs  07.9s/15s  4030.00 iters/s

running (08.9s), 000206/004030 VUs, 35543 complete and 0 interrupted iterations
default   [  59% ] 000206/004030 VUs  08.9s/15s  4030.00 iters/s

running (09.9s), 000179/004030 VUs, 39603 complete and 0 interrupted iterations
default   [  66% ] 000179/004030 VUs  09.9s/15s  4030.00 iters/s

running (10.9s), 000187/004030 VUs, 43622 complete and 0 interrupted iterations
default   [  72% ] 000187/004030 VUs  10.9s/15s  4030.00 iters/s

running (11.9s), 000177/004030 VUs, 47666 complete and 0 interrupted iterations
default   [  79% ] 000177/004030 VUs  11.9s/15s  4030.00 iters/s

running (12.9s), 000193/004030 VUs, 51677 complete and 0 interrupted iterations
default   [  86% ] 000193/004030 VUs  12.9s/15s  4030.00 iters/s

running (13.9s), 000194/004030 VUs, 55705 complete and 0 interrupted iterations
default   [  92% ] 000194/004030 VUs  13.9s/15s  4030.00 iters/s

running (14.9s), 000162/004030 VUs, 59771 complete and 0 interrupted iterations
default   [  99% ] 000162/004030 VUs  14.9s/15s  4030.00 iters/s


  █ TOTAL RESULTS 

    HTTP
    http_req_duration..............: avg=46.11ms min=26.87ms med=45.73ms max=110.19ms p(90)=53.92ms p(95)=56.49ms
      { expected_response:true }...: avg=46.11ms min=26.87ms med=45.73ms max=110.19ms p(90)=53.92ms p(95)=56.49ms
    http_req_failed................: 0.00% 0 out of 60283
    http_reqs......................: 60283 4016.940724/s

    EXECUTION
    iteration_duration.............: avg=46.2ms  min=26.94ms med=45.82ms max=111.37ms p(90)=54.03ms p(95)=56.61ms
    iterations.....................: 60283 4016.940724/s
    vus............................: 162   min=150        max=211 
    vus_max........................: 4030  min=4030       max=4030

    NETWORK
    data_received..................: 12 MB 815 kB/s
    data_sent......................: 12 MB 789 kB/s




running (15.0s), 000000/004030 VUs, 60283 complete and 167 interrupted iterations
default ✓ [ 100% ] 000167/004030 VUs  15s  4030.00 iters/s
