
         /\      Grafana   /‾‾/  
    /\  /  \     |\  __   /  /   
   /  \/    \    | |/ /  /   ‾‾\ 
  /          \   |   (  |  (‾)  |
 / __________ \  |_|\_\  \_____/ 

     execution: local
        script: workflow/online_boutique/k6_open_product_page.js
        output: -

     scenarios: (100.00%) 1 scenario, 10000 max VUs, 15s max duration (incl. graceful stop):
              * default: 97.00 iterations/s for 15s (maxVUs: 97-10000)


running (01.0s), 00007/00097 VUs, 89 complete and 0 interrupted iterations
default   [   7% ] 00007/00097 VUs  01.0s/15s  97.00 iters/s

running (02.0s), 00013/00097 VUs, 180 complete and 0 interrupted iterations
default   [  13% ] 00013/00097 VUs  02.0s/15s  97.00 iters/s

running (03.0s), 00018/00097 VUs, 272 complete and 0 interrupted iterations
default   [  20% ] 00018/00097 VUs  03.0s/15s  97.00 iters/s

running (04.0s), 00021/00097 VUs, 366 complete and 0 interrupted iterations
default   [  27% ] 00021/00097 VUs  04.0s/15s  97.00 iters/s

running (05.0s), 00025/00097 VUs, 459 complete and 0 interrupted iterations
default   [  33% ] 00025/00097 VUs  05.0s/15s  97.00 iters/s

running (06.0s), 00031/00097 VUs, 550 complete and 0 interrupted iterations
default   [  40% ] 00031/00097 VUs  06.0s/15s  97.00 iters/s

running (07.0s), 00036/00097 VUs, 642 complete and 0 interrupted iterations
default   [  47% ] 00036/00097 VUs  07.0s/15s  97.00 iters/s

running (08.0s), 00040/00097 VUs, 735 complete and 0 interrupted iterations
default   [  53% ] 00040/00097 VUs  08.0s/15s  97.00 iters/s

running (09.0s), 00044/00097 VUs, 828 complete and 0 interrupted iterations
default   [  60% ] 00044/00097 VUs  09.0s/15s  97.00 iters/s

running (10.0s), 00049/00097 VUs, 920 complete and 0 interrupted iterations
default   [  67% ] 00049/00097 VUs  10.0s/15s  97.00 iters/s

running (11.0s), 00051/00097 VUs, 1015 complete and 0 interrupted iterations
default   [  73% ] 00051/00097 VUs  11.0s/15s  97.00 iters/s

running (12.0s), 00054/00097 VUs, 1109 complete and 0 interrupted iterations
default   [  80% ] 00054/00097 VUs  12.0s/15s  97.00 iters/s

running (13.0s), 00057/00097 VUs, 1203 complete and 0 interrupted iterations
default   [  87% ] 00057/00097 VUs  13.0s/15s  97.00 iters/s

running (14.0s), 00059/00097 VUs, 1298 complete and 0 interrupted iterations
default   [  93% ] 00059/00097 VUs  14.0s/15s  97.00 iters/s

running (15.0s), 00063/00097 VUs, 1391 complete and 0 interrupted iterations
default   [ 100% ] 00063/00097 VUs  15.0s/15s  97.00 iters/s


  █ TOTAL RESULTS 

    CUSTOM
    online_boutique_application_errors........: 0.00%  0 out of 1393
    online_boutique_recommendation_winner_1...: 1375   91.654844/s
    online_boutique_recommendation_winner_2...: 15     0.999871/s
    online_boutique_recommendation_winner_3...: 3      0.199974/s

    HTTP
    http_req_duration.........................: avg=373.59ms min=12.86ms med=392.01ms max=648.31ms p(90)=595.59ms p(95)=620.57ms
      { expected_response:true }..............: avg=373.59ms min=12.86ms med=392.01ms max=648.31ms p(90)=595.59ms p(95)=620.57ms
    http_req_failed...........................: 0.00%  0 out of 1393
    http_reqs.................................: 1393   92.854689/s

    EXECUTION
    iteration_duration........................: avg=373.85ms min=14.11ms med=392.23ms max=648.47ms p(90)=595.82ms p(95)=620.81ms
    iterations................................: 1393   92.854689/s
    vus.......................................: 63     min=8         max=63
    vus_max...................................: 97     min=97        max=97

    NETWORK
    data_received.............................: 2.5 MB 166 kB/s
    data_sent.................................: 404 kB 27 kB/s




running (15.0s), 00000/00097 VUs, 1393 complete and 63 interrupted iterations
default ✓ [ 100% ] 00063/00097 VUs  15s  97.00 iters/s
