
         /\      Grafana   /‾‾/  
    /\  /  \     |\  __   /  /   
   /  \/    \    | |/ /  /   ‾‾\ 
  /          \   |   (  |  (‾)  |
 / __________ \  |_|\_\  \_____/ 

     execution: local
        script: workflow/online_boutique/k6_open_view_cart.js
        output: -

     scenarios: (100.00%) 1 scenario, 10000 max VUs, 15s max duration (incl. graceful stop):
              * default: 110.00 iterations/s for 15s (maxVUs: 110-10000)


running (01.0s), 00002/00110 VUs, 107 complete and 0 interrupted iterations
default   [   7% ] 00002/00110 VUs  01.0s/15s  110.00 iters/s

running (02.0s), 00002/00110 VUs, 217 complete and 0 interrupted iterations
default   [  13% ] 00002/00110 VUs  02.0s/15s  110.00 iters/s

running (03.0s), 00003/00110 VUs, 326 complete and 0 interrupted iterations
default   [  20% ] 00003/00110 VUs  03.0s/15s  110.00 iters/s

running (04.0s), 00002/00110 VUs, 437 complete and 0 interrupted iterations
default   [  27% ] 00002/00110 VUs  04.0s/15s  110.00 iters/s

running (05.0s), 00001/00110 VUs, 548 complete and 0 interrupted iterations
default   [  33% ] 00001/00110 VUs  05.0s/15s  110.00 iters/s

running (06.0s), 00002/00110 VUs, 657 complete and 0 interrupted iterations
default   [  40% ] 00002/00110 VUs  06.0s/15s  110.00 iters/s

running (07.0s), 00001/00110 VUs, 768 complete and 0 interrupted iterations
default   [  47% ] 00001/00110 VUs  07.0s/15s  110.00 iters/s

running (08.0s), 00002/00110 VUs, 877 complete and 0 interrupted iterations
default   [  53% ] 00002/00110 VUs  08.0s/15s  110.00 iters/s

running (09.0s), 00001/00110 VUs, 988 complete and 0 interrupted iterations
default   [  60% ] 00001/00110 VUs  09.0s/15s  110.00 iters/s

running (10.0s), 00002/00110 VUs, 1097 complete and 0 interrupted iterations
default   [  67% ] 00002/00110 VUs  10.0s/15s  110.00 iters/s

running (11.0s), 00002/00110 VUs, 1207 complete and 0 interrupted iterations
default   [  73% ] 00002/00110 VUs  11.0s/15s  110.00 iters/s

running (12.0s), 00002/00110 VUs, 1317 complete and 0 interrupted iterations
default   [  80% ] 00002/00110 VUs  12.0s/15s  110.00 iters/s

running (13.0s), 00001/00110 VUs, 1428 complete and 0 interrupted iterations
default   [  87% ] 00001/00110 VUs  13.0s/15s  110.00 iters/s

running (14.0s), 00001/00110 VUs, 1538 complete and 0 interrupted iterations
default   [  93% ] 00001/00110 VUs  14.0s/15s  110.00 iters/s

running (15.0s), 00001/00110 VUs, 1648 complete and 0 interrupted iterations
default   [ 100% ] 00001/00110 VUs  15.0s/15s  110.00 iters/s


  █ TOTAL RESULTS 

    CUSTOM
    online_boutique_application_errors...: 0.00%  0 out of 1649

    HTTP
    http_req_duration....................: avg=16.51ms min=8.75ms med=14.8ms  max=34.96ms p(90)=27.66ms p(95)=29.17ms
      { expected_response:true }.........: avg=16.51ms min=8.75ms med=14.8ms  max=34.96ms p(90)=27.66ms p(95)=29.17ms
    http_req_failed......................: 0.00%  0 out of 1649
    http_reqs............................: 1649   109.929718/s

    EXECUTION
    iteration_duration...................: avg=16.77ms min=8.97ms med=15.05ms max=35.28ms p(90)=27.91ms p(95)=29.42ms
    iterations...........................: 1649   109.929718/s
    vus..................................: 1      min=1         max=3  
    vus_max..............................: 110    min=110       max=110

    NETWORK
    data_received........................: 3.2 MB 214 kB/s
    data_sent............................: 396 kB 26 kB/s




running (15.0s), 00000/00110 VUs, 1649 complete and 1 interrupted iterations
default ✓ [ 100% ] 00001/00110 VUs  15s  110.00 iters/s
