
         /\      Grafana   /‾‾/  
    /\  /  \     |\  __   /  /   
   /  \/    \    | |/ /  /   ‾‾\ 
  /          \   |   (  |  (‾)  |
 / __________ \  |_|\_\  \_____/ 

     execution: local
        script: workflow/write/k6_open_client.js
        output: -

     scenarios: (100.00%) 1 scenario, 10000 max VUs, 15s max duration (incl. graceful stop):
              * default: 5812.00 iterations/s for 15s (maxVUs: 5812-10000)


running (00.8s), 00714/05812 VUs, 4007 complete and 0 interrupted iterations
default   [   5% ] 00714/05812 VUs  00.8s/15s  5812.00 iters/s

running (01.8s), 00936/05812 VUs, 9597 complete and 0 interrupted iterations
default   [  12% ] 00936/05812 VUs  01.8s/15s  5812.00 iters/s

running (02.8s), 00926/05812 VUs, 15420 complete and 0 interrupted iterations
default   [  19% ] 00926/05812 VUs  02.8s/15s  5812.00 iters/s

running (03.8s), 01063/05812 VUs, 21088 complete and 0 interrupted iterations
default   [  25% ] 01063/05812 VUs  03.8s/15s  5812.00 iters/s

running (04.8s), 00988/05812 VUs, 26976 complete and 0 interrupted iterations
default   [  32% ] 00988/05812 VUs  04.8s/15s  5812.00 iters/s

running (05.8s), 00788/05812 VUs, 32992 complete and 0 interrupted iterations
default   [  39% ] 00790/05812 VUs  05.8s/15s  5812.00 iters/s

running (06.8s), 00591/05812 VUs, 39008 complete and 0 interrupted iterations
default   [  45% ] 00591/05812 VUs  06.8s/15s  5812.00 iters/s

running (07.8s), 00745/05812 VUs, 44660 complete and 0 interrupted iterations
default   [  52% ] 00745/05812 VUs  07.8s/15s  5812.00 iters/s

running (08.8s), 00722/05812 VUs, 50495 complete and 0 interrupted iterations
default   [  59% ] 00722/05812 VUs  08.8s/15s  5812.00 iters/s

running (09.8s), 00378/05812 VUs, 56651 complete and 0 interrupted iterations
default   [  65% ] 00378/05812 VUs  09.8s/15s  5812.00 iters/s

running (10.8s), 00267/05812 VUs, 62575 complete and 0 interrupted iterations
default   [  72% ] 00266/05812 VUs  10.8s/15s  5812.00 iters/s

running (11.8s), 00265/05812 VUs, 68389 complete and 0 interrupted iterations
default   [  79% ] 00265/05812 VUs  11.8s/15s  5812.00 iters/s

running (12.8s), 00232/05812 VUs, 74239 complete and 0 interrupted iterations
default   [  85% ] 00232/05812 VUs  12.8s/15s  5812.00 iters/s

running (13.8s), 00261/05812 VUs, 80017 complete and 0 interrupted iterations
default   [  92% ] 00261/05812 VUs  13.8s/15s  5812.00 iters/s

running (14.8s), 00387/05812 VUs, 85703 complete and 0 interrupted iterations
default   [  99% ] 00387/05812 VUs  14.8s/15s  5812.00 iters/s


  █ TOTAL RESULTS 

    HTTP
    http_req_duration..............: avg=104.87ms min=35.1ms  med=112.27ms max=199.1ms  p(90)=171.02ms p(95)=185.07ms
      { expected_response:true }...: avg=104.87ms min=35.1ms  med=112.27ms max=199.1ms  p(90)=171.02ms p(95)=185.07ms
    http_req_failed................: 0.00%  0 out of 86853
    http_reqs......................: 86853  5786.618433/s

    EXECUTION
    iteration_duration.............: avg=104.95ms min=35.15ms med=112.43ms max=199.16ms p(90)=171.08ms p(95)=185.13ms
    iterations.....................: 86853  5786.618433/s
    vus............................: 388    min=232        max=1070
    vus_max........................: 5812   min=5812       max=5812

    NETWORK
    data_received..................: 18 MB  1.2 MB/s
    data_sent......................: 8.7 MB 581 kB/s




running (15.0s), 00000/05812 VUs, 86837 complete and 344 interrupted iterations
default ✓ [ 100% ] 00344/05812 VUs  15s  5812.00 iters/s
