
         /\      Grafana   /‾‾/  
    /\  /  \     |\  __   /  /   
   /  \/    \    | |/ /  /   ‾‾\ 
  /          \   |   (  |  (‾)  |
 / __________ \  |_|\_\  \_____/ 

     execution: local
        script: workflow/write/k6_open_client.js
        output: -

     scenarios: (100.00%) 1 scenario, 10000 max VUs, 15s max duration (incl. graceful stop):
              * default: 7081.00 iterations/s for 15s (maxVUs: 7081-10000)


running (00.8s), 01072/07081 VUs, 4149 complete and 0 interrupted iterations
default   [   5% ] 01072/07081 VUs  00.8s/15s  7081.00 iters/s

running (01.8s), 01766/07081 VUs, 10933 complete and 0 interrupted iterations
default   [  12% ] 01765/07081 VUs  01.8s/15s  7081.00 iters/s

running (02.8s), 00723/07081 VUs, 19056 complete and 0 interrupted iterations
default   [  19% ] 00724/07081 VUs  02.8s/15s  7081.00 iters/s

running (03.8s), 00005/07081 VUs, 26856 complete and 0 interrupted iterations
default   [  25% ] 00005/07081 VUs  03.8s/15s  7081.00 iters/s

running (04.8s), 00007/07081 VUs, 33935 complete and 0 interrupted iterations
default   [  32% ] 00007/07081 VUs  04.8s/15s  7081.00 iters/s

running (05.8s), 00007/07081 VUs, 41016 complete and 0 interrupted iterations
default   [  39% ] 00007/07081 VUs  05.8s/15s  7081.00 iters/s

running (06.8s), 00006/07081 VUs, 48098 complete and 0 interrupted iterations
default   [  45% ] 00006/07081 VUs  06.8s/15s  7081.00 iters/s

running (07.8s), 00010/07081 VUs, 55175 complete and 0 interrupted iterations
default   [  52% ] 00010/07081 VUs  07.8s/15s  7081.00 iters/s

running (08.8s), 00007/07081 VUs, 62259 complete and 0 interrupted iterations
default   [  59% ] 00007/07081 VUs  08.8s/15s  7081.00 iters/s

running (09.8s), 00004/07081 VUs, 69342 complete and 0 interrupted iterations
default   [  65% ] 00005/07081 VUs  09.8s/15s  7081.00 iters/s

running (10.8s), 00011/07081 VUs, 76418 complete and 0 interrupted iterations
default   [  72% ] 00011/07081 VUs  10.8s/15s  7081.00 iters/s

running (11.8s), 00005/07081 VUs, 83503 complete and 0 interrupted iterations
default   [  79% ] 00005/07081 VUs  11.8s/15s  7081.00 iters/s

running (12.8s), 00171/07081 VUs, 90419 complete and 0 interrupted iterations
default   [  85% ] 00171/07081 VUs  12.8s/15s  7081.00 iters/s

running (13.8s), 00064/07081 VUs, 97607 complete and 0 interrupted iterations
default   [  92% ] 00064/07081 VUs  13.8s/15s  7081.00 iters/s

running (14.8s), 00005/07081 VUs, 104747 complete and 0 interrupted iterations
default   [  99% ] 00005/07081 VUs  14.8s/15s  7081.00 iters/s


  █ TOTAL RESULTS 

    HTTP
    http_req_duration..............: avg=35.64ms min=363.14µs med=1.15ms max=536.97ms p(90)=157.39ms p(95)=219.4ms 
      { expected_response:true }...: avg=35.64ms min=363.14µs med=1.15ms max=536.97ms p(90)=157.39ms p(95)=219.4ms 
    http_req_failed................: 0.00%  0 out of 106213
    http_reqs......................: 106213 7076.402189/s

    EXECUTION
    iteration_duration.............: avg=36.82ms min=403.02µs med=1.21ms max=612.75ms p(90)=168.43ms p(95)=226.11ms
    iterations.....................: 106213 7076.402189/s
    vus............................: 6      min=5           max=1765
    vus_max........................: 7081   min=7081        max=7081

    NETWORK
    data_received..................: 22 MB  1.4 MB/s
    data_sent......................: 11 MB  708 kB/s




running (15.0s), 00000/07081 VUs, 106206 complete and 10 interrupted iterations
default ✓ [ 100% ] 00010/07081 VUs  15s  7081.00 iters/s
