
         /\      Grafana   /‾‾/  
    /\  /  \     |\  __   /  /   
   /  \/    \    | |/ /  /   ‾‾\ 
  /          \   |   (  |  (‾)  |
 / __________ \  |_|\_\  \_____/ 

     execution: local
        script: workflow/spin/k6_open_client.js
        output: -

     scenarios: (100.00%) 1 scenario, 10000 max VUs, 15s max duration (incl. graceful stop):
              * default: 3656.00 iterations/s for 15s (maxVUs: 3656-10000)


running (00.9s), 00213/03656 VUs, 3012 complete and 0 interrupted iterations
default   [   6% ] 00213/03656 VUs  00.9s/15s  3656.00 iters/s

running (01.9s), 00212/03656 VUs, 6669 complete and 0 interrupted iterations
default   [  13% ] 00212/03656 VUs  01.9s/15s  3656.00 iters/s

running (02.9s), 00225/03656 VUs, 10312 complete and 0 interrupted iterations
default   [  19% ] 00225/03656 VUs  02.9s/15s  3656.00 iters/s

running (03.9s), 00168/03656 VUs, 14025 complete and 0 interrupted iterations
default   [  26% ] 00168/03656 VUs  03.9s/15s  3656.00 iters/s

running (04.9s), 00229/03656 VUs, 17622 complete and 0 interrupted iterations
default   [  33% ] 00229/03656 VUs  04.9s/15s  3656.00 iters/s

running (05.9s), 00229/03656 VUs, 21277 complete and 0 interrupted iterations
default   [  39% ] 00229/03656 VUs  05.9s/15s  3656.00 iters/s

running (06.9s), 00230/03656 VUs, 24933 complete and 0 interrupted iterations
default   [  46% ] 00230/03656 VUs  06.9s/15s  3656.00 iters/s

running (07.9s), 00217/03656 VUs, 28600 complete and 0 interrupted iterations
default   [  53% ] 00217/03656 VUs  07.9s/15s  3656.00 iters/s

running (08.9s), 00206/03656 VUs, 32268 complete and 0 interrupted iterations
default   [  59% ] 00206/03656 VUs  08.9s/15s  3656.00 iters/s

running (09.9s), 00234/03656 VUs, 35896 complete and 0 interrupted iterations
default   [  66% ] 00235/03656 VUs  09.9s/15s  3656.00 iters/s

running (10.9s), 00190/03656 VUs, 39593 complete and 0 interrupted iterations
default   [  73% ] 00190/03656 VUs  10.9s/15s  3656.00 iters/s

running (11.9s), 00226/03656 VUs, 43215 complete and 0 interrupted iterations
default   [  79% ] 00226/03656 VUs  11.9s/15s  3656.00 iters/s

running (12.9s), 00191/03656 VUs, 46906 complete and 0 interrupted iterations
default   [  86% ] 00191/03656 VUs  12.9s/15s  3656.00 iters/s

running (13.9s), 00233/03656 VUs, 50519 complete and 0 interrupted iterations
default   [  93% ] 00233/03656 VUs  13.9s/15s  3656.00 iters/s

running (14.9s), 00277/03656 VUs, 54131 complete and 0 interrupted iterations
default   [  99% ] 00278/03656 VUs  14.9s/15s  3656.00 iters/s


  █ TOTAL RESULTS 

    HTTP
    http_req_duration..............: avg=60.81ms min=30.14ms med=60.46ms max=110.23ms p(90)=68.92ms p(95)=72.13ms
      { expected_response:true }...: avg=60.81ms min=30.14ms med=60.46ms max=110.23ms p(90)=68.92ms p(95)=72.13ms
    http_req_failed................: 0.00% 0 out of 54615
    http_reqs......................: 54615 3639.323325/s

    EXECUTION
    iteration_duration.............: avg=60.91ms min=30.27ms med=60.55ms max=110.5ms  p(90)=69.01ms p(95)=72.24ms
    iterations.....................: 54615 3639.323325/s
    vus............................: 277   min=167        max=277 
    vus_max........................: 3656  min=3656       max=3656

    NETWORK
    data_received..................: 11 MB 739 kB/s
    data_sent......................: 11 MB 701 kB/s




running (15.0s), 00000/03656 VUs, 54604 complete and 235 interrupted iterations
default ✓ [ 100% ] 00235/03656 VUs  15s  3656.00 iters/s
