
         /\      Grafana   /‾‾/  
    /\  /  \     |\  __   /  /   
   /  \/    \    | |/ /  /   ‾‾\ 
  /          \   |   (  |  (‾)  |
 / __________ \  |_|\_\  \_____/ 

     execution: local
        script: workflow/response/k6_open_client.js
        output: -

     scenarios: (100.00%) 1 scenario, 100000 max VUs, 15s max duration (incl. graceful stop):
              * default: 5293.00 iterations/s for 15s (maxVUs: 5293-100000)


running (00.8s), 000492/005293 VUs, 3933 complete and 0 interrupted iterations
default   [   6% ] 000492/005293 VUs  00.8s/15s  5293.00 iters/s

running (01.8s), 000204/005293 VUs, 9493 complete and 0 interrupted iterations
default   [  12% ] 000204/005293 VUs  01.8s/15s  5293.00 iters/s

running (02.8s), 000242/005293 VUs, 14748 complete and 0 interrupted iterations
default   [  19% ] 000242/005293 VUs  02.8s/15s  5293.00 iters/s

running (03.8s), 000224/005293 VUs, 20061 complete and 0 interrupted iterations
default   [  26% ] 000225/005293 VUs  03.8s/15s  5293.00 iters/s

running (04.8s), 000268/005293 VUs, 25304 complete and 0 interrupted iterations
default   [  32% ] 000269/005293 VUs  04.8s/15s  5293.00 iters/s

running (05.8s), 000286/005293 VUs, 30584 complete and 0 interrupted iterations
default   [  39% ] 000286/005293 VUs  05.8s/15s  5293.00 iters/s

running (06.8s), 000239/005293 VUs, 35924 complete and 0 interrupted iterations
default   [  46% ] 000239/005293 VUs  06.8s/15s  5293.00 iters/s

running (07.8s), 000195/005293 VUs, 41259 complete and 0 interrupted iterations
default   [  52% ] 000195/005293 VUs  07.8s/15s  5293.00 iters/s

running (08.8s), 000238/005293 VUs, 46507 complete and 0 interrupted iterations
default   [  59% ] 000239/005293 VUs  08.8s/15s  5293.00 iters/s

running (09.8s), 000248/005293 VUs, 51794 complete and 0 interrupted iterations
default   [  66% ] 000248/005293 VUs  09.8s/15s  5293.00 iters/s

running (10.8s), 000203/005293 VUs, 57131 complete and 0 interrupted iterations
default   [  72% ] 000204/005293 VUs  10.8s/15s  5293.00 iters/s

running (11.8s), 000249/005293 VUs, 62379 complete and 0 interrupted iterations
default   [  79% ] 000249/005293 VUs  11.8s/15s  5293.00 iters/s

running (12.8s), 000273/005293 VUs, 67648 complete and 0 interrupted iterations
default   [  86% ] 000273/005293 VUs  12.8s/15s  5293.00 iters/s

running (13.8s), 000263/005293 VUs, 72956 complete and 0 interrupted iterations
default   [  92% ] 000263/005293 VUs  13.8s/15s  5293.00 iters/s

running (14.8s), 000219/005293 VUs, 78288 complete and 0 interrupted iterations
default   [  99% ] 000219/005293 VUs  14.8s/15s  5293.00 iters/s


  █ TOTAL RESULTS 

    HTTP
    http_req_duration..............: avg=50.01ms min=34.93ms med=45.8ms  max=169.74ms p(90)=64.49ms p(95)=82.18ms
      { expected_response:true }...: avg=50.01ms min=34.93ms med=45.8ms  max=169.74ms p(90)=64.49ms p(95)=82.18ms
    http_req_failed................: 0.00% 0 out of 79180
    http_reqs......................: 79180 5275.707154/s

    EXECUTION
    iteration_duration.............: avg=50.43ms min=35.05ms med=45.88ms max=170.03ms p(90)=64.85ms p(95)=88.29ms
    iterations.....................: 79180 5275.707154/s
    vus............................: 220   min=194        max=487 
    vus_max........................: 5293  min=5293       max=5293

    NETWORK
    data_received..................: 16 MB 1.1 MB/s
    data_sent......................: 16 MB 1.0 MB/s




running (15.0s), 000000/005293 VUs, 79177 complete and 219 interrupted iterations
default ✓ [ 100% ] 000219/005293 VUs  15s  5293.00 iters/s
