
         /\      Grafana   /‾‾/  
    /\  /  \     |\  __   /  /   
   /  \/    \    | |/ /  /   ‾‾\ 
  /          \   |   (  |  (‾)  |
 / __________ \  |_|\_\  \_____/ 

     execution: local
        script: workflow/spin/k6_open_client.js
        output: -

     scenarios: (100.00%) 1 scenario, 10000 max VUs, 15s max duration (incl. graceful stop):
              * default: 682.00 iterations/s for 15s (maxVUs: 682-10000)


running (01.0s), 00032/00682 VUs, 628 complete and 0 interrupted iterations
default   [   6% ] 00032/00682 VUs  01.0s/15s  682.00 iters/s

running (02.0s), 00025/00682 VUs, 1317 complete and 0 interrupted iterations
default   [  13% ] 00025/00682 VUs  02.0s/15s  682.00 iters/s

running (03.0s), 00016/00682 VUs, 2007 complete and 0 interrupted iterations
default   [  20% ] 00016/00682 VUs  03.0s/15s  682.00 iters/s

running (04.0s), 00032/00682 VUs, 2674 complete and 0 interrupted iterations
default   [  26% ] 00032/00682 VUs  04.0s/15s  682.00 iters/s

running (05.0s), 00023/00682 VUs, 3365 complete and 0 interrupted iterations
default   [  33% ] 00023/00682 VUs  05.0s/15s  682.00 iters/s

running (06.0s), 00016/00682 VUs, 4054 complete and 0 interrupted iterations
default   [  40% ] 00016/00682 VUs  06.0s/15s  682.00 iters/s

running (07.0s), 00028/00682 VUs, 4724 complete and 0 interrupted iterations
default   [  46% ] 00028/00682 VUs  07.0s/15s  682.00 iters/s

running (08.0s), 00018/00682 VUs, 5415 complete and 0 interrupted iterations
default   [  53% ] 00019/00682 VUs  08.0s/15s  682.00 iters/s

running (09.0s), 00030/00682 VUs, 6085 complete and 0 interrupted iterations
default   [  60% ] 00031/00682 VUs  09.0s/15s  682.00 iters/s

running (10.0s), 00022/00682 VUs, 6776 complete and 0 interrupted iterations
default   [  66% ] 00022/00682 VUs  10.0s/15s  682.00 iters/s

running (11.0s), 00032/00682 VUs, 7448 complete and 0 interrupted iterations
default   [  73% ] 00032/00682 VUs  11.0s/15s  682.00 iters/s

running (12.0s), 00025/00682 VUs, 8137 complete and 0 interrupted iterations
default   [  80% ] 00025/00682 VUs  12.0s/15s  682.00 iters/s

running (13.0s), 00016/00682 VUs, 8828 complete and 0 interrupted iterations
default   [  86% ] 00016/00682 VUs  13.0s/15s  682.00 iters/s

running (14.0s), 00027/00682 VUs, 9499 complete and 0 interrupted iterations
default   [  93% ] 00027/00682 VUs  14.0s/15s  682.00 iters/s

running (15.0s), 00017/00682 VUs, 10191 complete and 0 interrupted iterations
default   [ 100% ] 00017/00682 VUs  15.0s/15s  682.00 iters/s


  █ TOTAL RESULTS 

    HTTP
    http_req_duration..............: avg=37.15ms min=20.42ms med=37.1ms  max=58.84ms p(90)=48.78ms p(95)=50.27ms
      { expected_response:true }...: avg=37.15ms min=20.42ms med=37.1ms  max=58.84ms p(90)=48.78ms p(95)=50.27ms
    http_req_failed................: 0.00%  0 out of 10213
    http_reqs......................: 10213  680.796736/s

    EXECUTION
    iteration_duration.............: avg=37.24ms min=20.5ms  med=37.19ms max=59.05ms p(90)=48.87ms p(95)=50.35ms
    iterations.....................: 10213  680.796736/s
    vus............................: 16     min=15         max=32 
    vus_max........................: 682    min=682        max=682

    NETWORK
    data_received..................: 2.1 MB 138 kB/s
    data_sent......................: 2.0 MB 131 kB/s




running (15.0s), 00000/00682 VUs, 10213 complete and 17 interrupted iterations
default ✓ [ 100% ] 00017/00682 VUs  15s  682.00 iters/s
