
         /\      Grafana   /‾‾/  
    /\  /  \     |\  __   /  /   
   /  \/    \    | |/ /  /   ‾‾\ 
  /          \   |   (  |  (‾)  |
 / __________ \  |_|\_\  \_____/ 

     execution: local
        script: workflow/online_boutique/k6_open_view_cart.js
        output: -

     scenarios: (100.00%) 1 scenario, 10000 max VUs, 15s max duration (incl. graceful stop):
              * default: 564.00 iterations/s for 15s (maxVUs: 564-10000)


running (01.0s), 00022/00564 VUs, 526 complete and 0 interrupted iterations
default   [   6% ] 00022/00564 VUs  01.0s/15s  564.00 iters/s

running (02.0s), 00005/00564 VUs, 1107 complete and 0 interrupted iterations
default   [  13% ] 00005/00564 VUs  02.0s/15s  564.00 iters/s

running (03.0s), 00004/00564 VUs, 1671 complete and 0 interrupted iterations
default   [  20% ] 00004/00564 VUs  03.0s/15s  564.00 iters/s

running (04.0s), 00018/00564 VUs, 2222 complete and 0 interrupted iterations
default   [  26% ] 00018/00564 VUs  04.0s/15s  564.00 iters/s

running (05.0s), 00004/00564 VUs, 2799 complete and 0 interrupted iterations
default   [  33% ] 00004/00564 VUs  05.0s/15s  564.00 iters/s

running (06.0s), 00005/00564 VUs, 3362 complete and 0 interrupted iterations
default   [  40% ] 00005/00564 VUs  06.0s/15s  564.00 iters/s

running (07.0s), 00004/00564 VUs, 3927 complete and 0 interrupted iterations
default   [  46% ] 00004/00564 VUs  07.0s/15s  564.00 iters/s

running (08.0s), 00005/00564 VUs, 4491 complete and 0 interrupted iterations
default   [  53% ] 00005/00564 VUs  08.0s/15s  564.00 iters/s

running (09.0s), 00005/00564 VUs, 5055 complete and 0 interrupted iterations
default   [  60% ] 00005/00564 VUs  09.0s/15s  564.00 iters/s

running (10.0s), 00004/00564 VUs, 5620 complete and 0 interrupted iterations
default   [  66% ] 00004/00564 VUs  10.0s/15s  564.00 iters/s

running (11.0s), 00004/00564 VUs, 6183 complete and 0 interrupted iterations
default   [  73% ] 00004/00564 VUs  11.0s/15s  564.00 iters/s

running (12.0s), 00005/00564 VUs, 6747 complete and 0 interrupted iterations
default   [  80% ] 00005/00564 VUs  12.0s/15s  564.00 iters/s

running (13.0s), 00004/00564 VUs, 7312 complete and 0 interrupted iterations
default   [  86% ] 00004/00564 VUs  13.0s/15s  564.00 iters/s

running (14.0s), 00004/00564 VUs, 7876 complete and 0 interrupted iterations
default   [  93% ] 00004/00564 VUs  14.0s/15s  564.00 iters/s

running (15.0s), 00003/00564 VUs, 8440 complete and 0 interrupted iterations
default   [ 100% ] 00004/00564 VUs  15.0s/15s  564.00 iters/s


  █ TOTAL RESULTS 

    CUSTOM
    online_boutique_application_errors...: 0.00%  0 out of 8457

    HTTP
    http_req_duration....................: avg=9.3ms  min=4.57ms med=7.86ms max=52.37ms p(90)=12.94ms p(95)=18.87ms
      { expected_response:true }.........: avg=9.3ms  min=4.57ms med=7.86ms max=52.37ms p(90)=12.94ms p(95)=18.87ms
    http_req_failed......................: 0.00%  0 out of 8457
    http_reqs............................: 8457   563.726576/s

    EXECUTION
    iteration_duration...................: avg=9.59ms min=4.72ms med=8.03ms max=77.22ms p(90)=13.15ms p(95)=19.09ms
    iterations...........................: 8457   563.726576/s
    vus..................................: 4      min=4         max=21 
    vus_max..............................: 564    min=564       max=564

    NETWORK
    data_received........................: 17 MB  1.1 MB/s
    data_sent............................: 2.0 MB 135 kB/s




running (15.0s), 00000/00564 VUs, 8457 complete and 4 interrupted iterations
default ✓ [ 100% ] 00004/00564 VUs  15s  564.00 iters/s
