
         /\      Grafana   /‾‾/  
    /\  /  \     |\  __   /  /   
   /  \/    \    | |/ /  /   ‾‾\ 
  /          \   |   (  |  (‾)  |
 / __________ \  |_|\_\  \_____/ 

     execution: local
        script: workflow/write/k6_open_client.js
        output: -

     scenarios: (100.00%) 1 scenario, 10000 max VUs, 15s max duration (incl. graceful stop):
              * default: 5625.00 iterations/s for 15s (maxVUs: 5625-10000)


running (00.8s), 00616/05625 VUs, 4018 complete and 0 interrupted iterations
default   [   5% ] 00616/05625 VUs  00.8s/15s  5625.00 iters/s

running (01.8s), 00660/05625 VUs, 9596 complete and 0 interrupted iterations
default   [  12% ] 00660/05625 VUs  01.8s/15s  5625.00 iters/s

running (02.8s), 00569/05625 VUs, 15314 complete and 0 interrupted iterations
default   [  19% ] 00568/05625 VUs  02.8s/15s  5625.00 iters/s

running (03.8s), 00706/05625 VUs, 20802 complete and 0 interrupted iterations
default   [  25% ] 00706/05625 VUs  03.8s/15s  5625.00 iters/s

running (04.8s), 00660/05625 VUs, 26474 complete and 0 interrupted iterations
default   [  32% ] 00660/05625 VUs  04.8s/15s  5625.00 iters/s

running (05.8s), 00522/05625 VUs, 32236 complete and 0 interrupted iterations
default   [  39% ] 00522/05625 VUs  05.8s/15s  5625.00 iters/s

running (06.8s), 00392/05625 VUs, 37994 complete and 0 interrupted iterations
default   [  45% ] 00392/05625 VUs  06.8s/15s  5625.00 iters/s

running (07.8s), 00481/05625 VUs, 43527 complete and 0 interrupted iterations
default   [  52% ] 00481/05625 VUs  07.8s/15s  5625.00 iters/s

running (08.8s), 00736/05625 VUs, 48898 complete and 0 interrupted iterations
default   [  59% ] 00736/05625 VUs  08.8s/15s  5625.00 iters/s

running (09.8s), 00583/05625 VUs, 54675 complete and 0 interrupted iterations
default   [  65% ] 00583/05625 VUs  09.8s/15s  5625.00 iters/s

running (10.8s), 00634/05625 VUs, 60250 complete and 0 interrupted iterations
default   [  72% ] 00633/05625 VUs  10.8s/15s  5625.00 iters/s

running (11.8s), 00360/05625 VUs, 66148 complete and 0 interrupted iterations
default   [  79% ] 00360/05625 VUs  11.8s/15s  5625.00 iters/s

running (12.8s), 00394/05625 VUs, 71739 complete and 0 interrupted iterations
default   [  85% ] 00396/05625 VUs  12.8s/15s  5625.00 iters/s

running (13.8s), 00327/05625 VUs, 77432 complete and 0 interrupted iterations
default   [  92% ] 00327/05625 VUs  13.8s/15s  5625.00 iters/s

running (14.8s), 00253/05625 VUs, 83131 complete and 0 interrupted iterations
default   [  99% ] 00253/05625 VUs  14.8s/15s  5625.00 iters/s


  █ TOTAL RESULTS 

    HTTP
    http_req_duration..............: avg=94.29ms min=37.38ms med=101.14ms max=170.31ms p(90)=125.93ms p(95)=131.13ms
      { expected_response:true }...: avg=94.29ms min=37.38ms med=101.14ms max=170.31ms p(90)=125.93ms p(95)=131.13ms
    http_req_failed................: 0.00%  0 out of 84146
    http_reqs......................: 84146  5606.509953/s

    EXECUTION
    iteration_duration.............: avg=94.38ms min=37.44ms med=101.24ms max=170.53ms p(90)=126ms    p(95)=131.2ms 
    iterations.....................: 84146  5606.509953/s
    vus............................: 253    min=253        max=735 
    vus_max........................: 5625   min=5625       max=5625

    NETWORK
    data_received..................: 17 MB  1.1 MB/s
    data_sent......................: 8.4 MB 562 kB/s




running (15.0s), 00000/05625 VUs, 84138 complete and 238 interrupted iterations
default ✓ [ 100% ] 00238/05625 VUs  15s  5625.00 iters/s
