
         /\      Grafana   /‾‾/  
    /\  /  \     |\  __   /  /   
   /  \/    \    | |/ /  /   ‾‾\ 
  /          \   |   (  |  (‾)  |
 / __________ \  |_|\_\  \_____/ 

     execution: local
        script: workflow/write/k6_open_client.js
        output: -

     scenarios: (100.00%) 1 scenario, 10000 max VUs, 15s max duration (incl. graceful stop):
              * default: 5212.00 iterations/s for 15s (maxVUs: 5212-10000)


running (00.8s), 00248/05212 VUs, 4032 complete and 0 interrupted iterations
default   [   5% ] 00248/05212 VUs  00.8s/15s  5212.00 iters/s

running (01.8s), 00311/05212 VUs, 9184 complete and 0 interrupted iterations
default   [  12% ] 00311/05212 VUs  01.8s/15s  5212.00 iters/s

running (02.8s), 00274/05212 VUs, 14432 complete and 0 interrupted iterations
default   [  19% ] 00274/05212 VUs  02.8s/15s  5212.00 iters/s

running (03.8s), 00268/05212 VUs, 19647 complete and 0 interrupted iterations
default   [  25% ] 00268/05212 VUs  03.8s/15s  5212.00 iters/s

running (04.8s), 00231/05212 VUs, 24895 complete and 0 interrupted iterations
default   [  32% ] 00231/05212 VUs  04.8s/15s  5212.00 iters/s

running (05.8s), 00213/05212 VUs, 30127 complete and 0 interrupted iterations
default   [  39% ] 00212/05212 VUs  05.8s/15s  5212.00 iters/s

running (06.8s), 00291/05212 VUs, 35263 complete and 0 interrupted iterations
default   [  45% ] 00291/05212 VUs  06.8s/15s  5212.00 iters/s

running (07.8s), 00256/05212 VUs, 40511 complete and 0 interrupted iterations
default   [  52% ] 00256/05212 VUs  07.8s/15s  5212.00 iters/s

running (08.8s), 00214/05212 VUs, 45759 complete and 0 interrupted iterations
default   [  59% ] 00214/05212 VUs  08.8s/15s  5212.00 iters/s

running (09.8s), 00213/05212 VUs, 50975 complete and 0 interrupted iterations
default   [  65% ] 00214/05212 VUs  09.8s/15s  5212.00 iters/s

running (10.8s), 00251/05212 VUs, 56150 complete and 0 interrupted iterations
default   [  72% ] 00251/05212 VUs  10.8s/15s  5212.00 iters/s

running (11.8s), 00254/05212 VUs, 61358 complete and 0 interrupted iterations
default   [  79% ] 00254/05212 VUs  11.8s/15s  5212.00 iters/s

running (12.8s), 00235/05212 VUs, 66591 complete and 0 interrupted iterations
default   [  85% ] 00235/05212 VUs  12.8s/15s  5212.00 iters/s

running (13.8s), 00219/05212 VUs, 71818 complete and 0 interrupted iterations
default   [  92% ] 00219/05212 VUs  13.8s/15s  5212.00 iters/s

running (14.8s), 00232/05212 VUs, 77017 complete and 0 interrupted iterations
default   [  99% ] 00232/05212 VUs  14.8s/15s  5212.00 iters/s


  █ TOTAL RESULTS 

    HTTP
    http_req_duration..............: avg=50.44ms min=37.04ms med=47.93ms max=152.6ms  p(90)=62.05ms p(95)=68.99ms
      { expected_response:true }...: avg=50.44ms min=37.04ms med=47.93ms max=152.6ms  p(90)=62.05ms p(95)=68.99ms
    http_req_failed................: 0.00%  0 out of 77983
    http_reqs......................: 77983  5195.955162/s

    EXECUTION
    iteration_duration.............: avg=50.53ms min=37.11ms med=47.99ms max=152.81ms p(90)=62.12ms p(95)=69.31ms
    iterations.....................: 77983  5195.955162/s
    vus............................: 232    min=212        max=311 
    vus_max........................: 5212   min=5212       max=5212

    NETWORK
    data_received..................: 16 MB  1.1 MB/s
    data_sent......................: 7.8 MB 521 kB/s




running (15.0s), 00000/05212 VUs, 77983 complete and 201 interrupted iterations
default ✓ [ 100% ] 00201/05212 VUs  15s  5212.00 iters/s
