
         /\      Grafana   /‾‾/  
    /\  /  \     |\  __   /  /   
   /  \/    \    | |/ /  /   ‾‾\ 
  /          \   |   (  |  (‾)  |
 / __________ \  |_|\_\  \_____/ 

     execution: local
        script: workflow/spin/k6_open_client.js
        output: -

     scenarios: (100.00%) 1 scenario, 10000 max VUs, 15s max duration (incl. graceful stop):
              * default: 2686.00 iterations/s for 15s (maxVUs: 2686-10000)


running (00.9s), 00060/02686 VUs, 2365 complete and 0 interrupted iterations
default   [   6% ] 00060/02686 VUs  00.9s/15s  2686.00 iters/s

running (01.9s), 00055/02686 VUs, 5056 complete and 0 interrupted iterations
default   [  13% ] 00055/02686 VUs  01.9s/15s  2686.00 iters/s

running (02.9s), 00076/02686 VUs, 7723 complete and 0 interrupted iterations
default   [  19% ] 00076/02686 VUs  02.9s/15s  2686.00 iters/s

running (03.9s), 00062/02686 VUs, 10418 complete and 0 interrupted iterations
default   [  26% ] 00062/02686 VUs  03.9s/15s  2686.00 iters/s

running (04.9s), 00058/02686 VUs, 13113 complete and 0 interrupted iterations
default   [  33% ] 00058/02686 VUs  04.9s/15s  2686.00 iters/s

running (05.9s), 00060/02686 VUs, 15795 complete and 0 interrupted iterations
default   [  39% ] 00060/02686 VUs  05.9s/15s  2686.00 iters/s

running (06.9s), 00064/02686 VUs, 18475 complete and 0 interrupted iterations
default   [  46% ] 00064/02686 VUs  06.9s/15s  2686.00 iters/s

running (07.9s), 00059/02686 VUs, 21166 complete and 0 interrupted iterations
default   [  53% ] 00059/02686 VUs  07.9s/15s  2686.00 iters/s

running (08.9s), 00077/02686 VUs, 23836 complete and 0 interrupted iterations
default   [  59% ] 00077/02686 VUs  08.9s/15s  2686.00 iters/s

running (09.9s), 00060/02686 VUs, 26539 complete and 0 interrupted iterations
default   [  66% ] 00060/02686 VUs  09.9s/15s  2686.00 iters/s

running (10.9s), 00052/02686 VUs, 29233 complete and 0 interrupted iterations
default   [  73% ] 00052/02686 VUs  10.9s/15s  2686.00 iters/s

running (11.9s), 00062/02686 VUs, 31911 complete and 0 interrupted iterations
default   [  79% ] 00062/02686 VUs  11.9s/15s  2686.00 iters/s

running (12.9s), 00096/02686 VUs, 34563 complete and 0 interrupted iterations
default   [  86% ] 00096/02686 VUs  12.9s/15s  2686.00 iters/s

running (13.9s), 00059/02686 VUs, 37284 complete and 0 interrupted iterations
default   [  93% ] 00059/02686 VUs  13.9s/15s  2686.00 iters/s

running (14.9s), 00066/02686 VUs, 39963 complete and 0 interrupted iterations
default   [  99% ] 00066/02686 VUs  14.9s/15s  2686.00 iters/s


  █ TOTAL RESULTS 

    HTTP
    http_req_duration..............: avg=22.41ms min=12.29ms med=21.79ms max=58.05ms p(90)=27.13ms p(95)=29.47ms
      { expected_response:true }...: avg=22.41ms min=12.29ms med=21.79ms max=58.05ms p(90)=27.13ms p(95)=29.47ms
    http_req_failed................: 0.00%  0 out of 40236
    http_reqs......................: 40236  2681.66846/s

    EXECUTION
    iteration_duration.............: avg=22.5ms  min=12.37ms med=21.88ms max=58.25ms p(90)=27.23ms p(95)=29.58ms
    iterations.....................: 40236  2681.66846/s
    vus............................: 67     min=51         max=96  
    vus_max........................: 2686   min=2686       max=2686

    NETWORK
    data_received..................: 8.2 MB 544 kB/s
    data_sent......................: 7.7 MB 515 kB/s




running (15.0s), 00000/02686 VUs, 40230 complete and 61 interrupted iterations
default ✓ [ 100% ] 00061/02686 VUs  15s  2686.00 iters/s
