
         /\      Grafana   /‾‾/  
    /\  /  \     |\  __   /  /   
   /  \/    \    | |/ /  /   ‾‾\ 
  /          \   |   (  |  (‾)  |
 / __________ \  |_|\_\  \_____/ 

     execution: local
        script: workflow/write/k6_open_client.js
        output: -

     scenarios: (100.00%) 1 scenario, 10000 max VUs, 15s max duration (incl. graceful stop):
              * default: 684.00 iterations/s for 15s (maxVUs: 684-10000)


running (01.0s), 00014/00684 VUs, 649 complete and 0 interrupted iterations
default   [   6% ] 00014/00684 VUs  01.0s/15s  684.00 iters/s

running (02.0s), 00023/00684 VUs, 1324 complete and 0 interrupted iterations
default   [  13% ] 00023/00684 VUs  02.0s/15s  684.00 iters/s

running (03.0s), 00011/00684 VUs, 2020 complete and 0 interrupted iterations
default   [  20% ] 00011/00684 VUs  03.0s/15s  684.00 iters/s

running (04.0s), 00022/00684 VUs, 2693 complete and 0 interrupted iterations
default   [  26% ] 00022/00684 VUs  04.0s/15s  684.00 iters/s

running (05.0s), 00012/00684 VUs, 3387 complete and 0 interrupted iterations
default   [  33% ] 00012/00684 VUs  05.0s/15s  684.00 iters/s

running (06.0s), 00020/00684 VUs, 4063 complete and 0 interrupted iterations
default   [  40% ] 00020/00684 VUs  06.0s/15s  684.00 iters/s

running (07.0s), 00029/00684 VUs, 4738 complete and 0 interrupted iterations
default   [  46% ] 00029/00684 VUs  07.0s/15s  684.00 iters/s

running (08.0s), 00021/00684 VUs, 5429 complete and 0 interrupted iterations
default   [  53% ] 00021/00684 VUs  08.0s/15s  684.00 iters/s

running (09.0s), 00014/00684 VUs, 6120 complete and 0 interrupted iterations
default   [  60% ] 00015/00684 VUs  09.0s/15s  684.00 iters/s

running (10.0s), 00028/00684 VUs, 6791 complete and 0 interrupted iterations
default   [  66% ] 00028/00684 VUs  10.0s/15s  684.00 iters/s

running (11.0s), 00017/00684 VUs, 7486 complete and 0 interrupted iterations
default   [  73% ] 00017/00684 VUs  11.0s/15s  684.00 iters/s

running (12.0s), 00029/00684 VUs, 8158 complete and 0 interrupted iterations
default   [  80% ] 00029/00684 VUs  12.0s/15s  684.00 iters/s

running (13.0s), 00016/00684 VUs, 8855 complete and 0 interrupted iterations
default   [  86% ] 00016/00684 VUs  13.0s/15s  684.00 iters/s

running (14.0s), 00029/00684 VUs, 9526 complete and 0 interrupted iterations
default   [  93% ] 00029/00684 VUs  14.0s/15s  684.00 iters/s

running (15.0s), 00021/00684 VUs, 10218 complete and 0 interrupted iterations
default   [ 100% ] 00021/00684 VUs  15.0s/15s  684.00 iters/s


  █ TOTAL RESULTS 

    HTTP
    http_req_duration..............: avg=28.26ms min=11.82ms med=28.29ms max=55.78ms p(90)=40.05ms p(95)=41.46ms
      { expected_response:true }...: avg=28.26ms min=11.82ms med=28.29ms max=55.78ms p(90)=40.05ms p(95)=41.46ms
    http_req_failed................: 0.00%  0 out of 10239
    http_reqs......................: 10239  682.520991/s

    EXECUTION
    iteration_duration.............: avg=28.32ms min=11.88ms med=28.36ms max=55.83ms p(90)=40.13ms p(95)=41.54ms
    iterations.....................: 10239  682.520991/s
    vus............................: 21     min=11         max=29 
    vus_max........................: 684    min=684        max=684

    NETWORK
    data_received..................: 2.1 MB 138 kB/s
    data_sent......................: 1.0 MB 68 kB/s




running (15.0s), 00000/00684 VUs, 10239 complete and 21 interrupted iterations
default ✓ [ 100% ] 00021/00684 VUs  15s  684.00 iters/s
