
         /\      Grafana   /‾‾/  
    /\  /  \     |\  __   /  /   
   /  \/    \    | |/ /  /   ‾‾\ 
  /          \   |   (  |  (‾)  |
 / __________ \  |_|\_\  \_____/ 

     execution: local
        script: workflow/response/k6_open_client.js
        output: -

     scenarios: (100.00%) 1 scenario, 10000 max VUs, 15s max duration (incl. graceful stop):
              * default: 5520.00 iterations/s for 15s (maxVUs: 5520-10000)


running (00.8s), 00216/05520 VUs, 4365 complete and 0 interrupted iterations
default   [   6% ] 00216/05520 VUs  00.8s/15s  5520.00 iters/s

running (01.8s), 00004/05520 VUs, 10097 complete and 0 interrupted iterations
default   [  12% ] 00004/05520 VUs  01.8s/15s  5520.00 iters/s

running (02.8s), 00004/05520 VUs, 15617 complete and 0 interrupted iterations
default   [  19% ] 00004/05520 VUs  02.8s/15s  5520.00 iters/s

running (03.8s), 00007/05520 VUs, 21135 complete and 0 interrupted iterations
default   [  26% ] 00008/05520 VUs  03.8s/15s  5520.00 iters/s

running (04.8s), 00006/05520 VUs, 26655 complete and 0 interrupted iterations
default   [  32% ] 00006/05520 VUs  04.8s/15s  5520.00 iters/s

running (05.8s), 00006/05520 VUs, 32175 complete and 0 interrupted iterations
default   [  39% ] 00005/05520 VUs  05.8s/15s  5520.00 iters/s

running (06.8s), 00005/05520 VUs, 37697 complete and 0 interrupted iterations
default   [  46% ] 00005/05520 VUs  06.8s/15s  5520.00 iters/s

running (07.8s), 00016/05520 VUs, 43206 complete and 0 interrupted iterations
default   [  52% ] 00016/05520 VUs  07.8s/15s  5520.00 iters/s

running (08.8s), 00006/05520 VUs, 48736 complete and 0 interrupted iterations
default   [  59% ] 00006/05520 VUs  08.8s/15s  5520.00 iters/s

running (09.8s), 00004/05520 VUs, 54257 complete and 0 interrupted iterations
default   [  66% ] 00004/05520 VUs  09.8s/15s  5520.00 iters/s

running (10.8s), 00006/05520 VUs, 59774 complete and 0 interrupted iterations
default   [  72% ] 00006/05520 VUs  10.8s/15s  5520.00 iters/s

running (11.8s), 00006/05520 VUs, 65296 complete and 0 interrupted iterations
default   [  79% ] 00006/05520 VUs  11.8s/15s  5520.00 iters/s

running (12.8s), 00007/05520 VUs, 70815 complete and 0 interrupted iterations
default   [  86% ] 00007/05520 VUs  12.8s/15s  5520.00 iters/s

running (13.8s), 00006/05520 VUs, 76337 complete and 0 interrupted iterations
default   [  92% ] 00006/05520 VUs  13.8s/15s  5520.00 iters/s

running (14.8s), 00003/05520 VUs, 81858 complete and 0 interrupted iterations
default   [  99% ] 00004/05520 VUs  14.8s/15s  5520.00 iters/s


  █ TOTAL RESULTS 

    HTTP
    http_req_duration..............: avg=5.03ms min=443.87µs med=991.73µs max=108.1ms p(90)=13.79ms p(95)=33.44ms
      { expected_response:true }...: avg=5.03ms min=443.87µs med=991.73µs max=108.1ms p(90)=13.79ms p(95)=33.44ms
    http_req_failed................: 0.00% 0 out of 82797
    http_reqs......................: 82797 5517.256806/s

    EXECUTION
    iteration_duration.............: avg=5.22ms min=518.53µs med=1.07ms   max=110.3ms p(90)=14.17ms p(95)=34.45ms
    iterations.....................: 82797 5517.256806/s
    vus............................: 4     min=2          max=216 
    vus_max........................: 5520  min=5520       max=5520

    NETWORK
    data_received..................: 17 MB 1.1 MB/s
    data_sent......................: 16 MB 1.1 MB/s




running (15.0s), 00000/05520 VUs, 82796 complete and 5 interrupted iterations
default ✓ [ 100% ] 00005/05520 VUs  15s  5520.00 iters/s
