
         /\      Grafana   /‾‾/  
    /\  /  \     |\  __   /  /   
   /  \/    \    | |/ /  /   ‾‾\ 
  /          \   |   (  |  (‾)  |
 / __________ \  |_|\_\  \_____/ 

     execution: local
        script: workflow/hotel/k6_open_hotels_client.js
        output: -

     scenarios: (100.00%) 1 scenario, 10000 max VUs, 15s max duration (incl. graceful stop):
              * default: 998.00 iterations/s for 15s (maxVUs: 998-10000)


running (01.0s), 00046/00998 VUs, 912 complete and 0 interrupted iterations
default   [   6% ] 00046/00998 VUs  01.0s/15s  998.00 iters/s

running (02.0s), 00034/00998 VUs, 1922 complete and 0 interrupted iterations
default   [  13% ] 00034/00998 VUs  02.0s/15s  998.00 iters/s

running (03.0s), 00052/00998 VUs, 2902 complete and 0 interrupted iterations
default   [  20% ] 00052/00998 VUs  03.0s/15s  998.00 iters/s

running (04.0s), 00040/00998 VUs, 3912 complete and 0 interrupted iterations
default   [  26% ] 00040/00998 VUs  04.0s/15s  998.00 iters/s

running (05.0s), 00030/00998 VUs, 4919 complete and 0 interrupted iterations
default   [  33% ] 00030/00998 VUs  05.0s/15s  998.00 iters/s

running (06.0s), 00050/00998 VUs, 5897 complete and 0 interrupted iterations
default   [  40% ] 00051/00998 VUs  06.0s/15s  998.00 iters/s

running (07.0s), 00043/00998 VUs, 6903 complete and 0 interrupted iterations
default   [  46% ] 00043/00998 VUs  07.0s/15s  998.00 iters/s

running (08.0s), 00064/00998 VUs, 7880 complete and 0 interrupted iterations
default   [  53% ] 00063/00998 VUs  08.0s/15s  998.00 iters/s

running (09.0s), 00051/00998 VUs, 8891 complete and 0 interrupted iterations
default   [  60% ] 00051/00998 VUs  09.0s/15s  998.00 iters/s

running (10.0s), 00037/00998 VUs, 9902 complete and 0 interrupted iterations
default   [  66% ] 00038/00998 VUs  10.0s/15s  998.00 iters/s

running (11.0s), 00057/00998 VUs, 10881 complete and 0 interrupted iterations
default   [  73% ] 00057/00998 VUs  11.0s/15s  998.00 iters/s

running (12.0s), 00046/00998 VUs, 11890 complete and 0 interrupted iterations
default   [  80% ] 00046/00998 VUs  12.0s/15s  998.00 iters/s

running (13.0s), 00049/00998 VUs, 12884 complete and 0 interrupted iterations
default   [  86% ] 00049/00998 VUs  13.0s/15s  998.00 iters/s

running (14.0s), 00036/00998 VUs, 13896 complete and 0 interrupted iterations
default   [  93% ] 00036/00998 VUs  14.0s/15s  998.00 iters/s

running (15.0s), 00053/00998 VUs, 14877 complete and 0 interrupted iterations
default   [ 100% ] 00053/00998 VUs  15.0s/15s  998.00 iters/s


  █ TOTAL RESULTS 

    HTTP
    http_req_duration..............: avg=43.08ms min=23.97ms med=42.54ms max=109.72ms p(90)=54.64ms p(95)=59.68ms
      { expected_response:true }...: avg=43.08ms min=23.97ms med=42.54ms max=109.72ms p(90)=54.64ms p(95)=59.68ms
    http_req_failed................: 0.00%  0 out of 14938
    http_reqs......................: 14938  995.705548/s

    EXECUTION
    iteration_duration.............: avg=43.35ms min=24.13ms med=42.65ms max=147.64ms p(90)=54.76ms p(95)=59.81ms
    iterations.....................: 14938  995.705548/s
    vus............................: 53     min=30         max=63 
    vus_max........................: 998    min=998        max=998

    NETWORK
    data_received..................: 4.3 MB 285 kB/s
    data_sent......................: 4.9 MB 327 kB/s




running (15.0s), 00000/00998 VUs, 14938 complete and 32 interrupted iterations
default ✓ [ 100% ] 00032/00998 VUs  15s  998.00 iters/s
