
         /\      Grafana   /‾‾/  
    /\  /  \     |\  __   /  /   
   /  \/    \    | |/ /  /   ‾‾\ 
  /          \   |   (  |  (‾)  |
 / __________ \  |_|\_\  \_____/ 

     execution: local
        script: workflow/spin/k6_open_client.js
        output: -

     scenarios: (100.00%) 1 scenario, 10000 max VUs, 15s max duration (incl. graceful stop):
              * default: 3224.00 iterations/s for 15s (maxVUs: 3224-10000)


running (00.9s), 00154/03224 VUs, 2737 complete and 0 interrupted iterations
default   [   6% ] 00154/03224 VUs  00.9s/15s  3224.00 iters/s

running (01.9s), 00075/03224 VUs, 6041 complete and 0 interrupted iterations
default   [  13% ] 00075/03224 VUs  01.9s/15s  3224.00 iters/s

running (02.9s), 00072/03224 VUs, 9268 complete and 0 interrupted iterations
default   [  19% ] 00072/03224 VUs  02.9s/15s  3224.00 iters/s

running (03.9s), 00087/03224 VUs, 12479 complete and 0 interrupted iterations
default   [  26% ] 00087/03224 VUs  03.9s/15s  3224.00 iters/s

running (04.9s), 00081/03224 VUs, 15706 complete and 0 interrupted iterations
default   [  33% ] 00081/03224 VUs  04.9s/15s  3224.00 iters/s

running (05.9s), 00074/03224 VUs, 18937 complete and 0 interrupted iterations
default   [  39% ] 00074/03224 VUs  05.9s/15s  3224.00 iters/s

running (06.9s), 00070/03224 VUs, 22165 complete and 0 interrupted iterations
default   [  46% ] 00070/03224 VUs  06.9s/15s  3224.00 iters/s

running (07.9s), 00083/03224 VUs, 25377 complete and 0 interrupted iterations
default   [  53% ] 00083/03224 VUs  07.9s/15s  3224.00 iters/s

running (08.9s), 00070/03224 VUs, 28615 complete and 0 interrupted iterations
default   [  59% ] 00070/03224 VUs  08.9s/15s  3224.00 iters/s

running (09.9s), 00109/03224 VUs, 31798 complete and 0 interrupted iterations
default   [  66% ] 00109/03224 VUs  09.9s/15s  3224.00 iters/s

running (10.9s), 00077/03224 VUs, 35054 complete and 0 interrupted iterations
default   [  73% ] 00077/03224 VUs  10.9s/15s  3224.00 iters/s

running (11.9s), 00066/03224 VUs, 38289 complete and 0 interrupted iterations
default   [  79% ] 00066/03224 VUs  11.9s/15s  3224.00 iters/s

running (12.9s), 00083/03224 VUs, 41496 complete and 0 interrupted iterations
default   [  86% ] 00083/03224 VUs  12.9s/15s  3224.00 iters/s

running (13.9s), 00073/03224 VUs, 44730 complete and 0 interrupted iterations
default   [  93% ] 00073/03224 VUs  13.9s/15s  3224.00 iters/s

running (14.9s), 00084/03224 VUs, 47945 complete and 0 interrupted iterations
default   [  99% ] 00084/03224 VUs  14.9s/15s  3224.00 iters/s


  █ TOTAL RESULTS 

    HTTP
    http_req_duration..............: avg=27.18ms min=14.37ms med=24.97ms max=77.21ms p(90)=34.56ms p(95)=47.57ms
      { expected_response:true }...: avg=27.18ms min=14.37ms med=24.97ms max=77.21ms p(90)=34.56ms p(95)=47.57ms
    http_req_failed................: 0.00%  0 out of 48274
    http_reqs......................: 48274  3217.178184/s

    EXECUTION
    iteration_duration.............: avg=27.28ms min=14.45ms med=25.05ms max=77.45ms p(90)=34.64ms p(95)=47.81ms
    iterations.....................: 48274  3217.178184/s
    vus............................: 84     min=66         max=153 
    vus_max........................: 3224   min=3224       max=3224

    NETWORK
    data_received..................: 9.8 MB 653 kB/s
    data_sent......................: 9.3 MB 618 kB/s




running (15.0s), 00000/03224 VUs, 48273 complete and 88 interrupted iterations
default ✓ [ 100% ] 00088/03224 VUs  15s  3224.00 iters/s
