
         /\      Grafana   /‾‾/  
    /\  /  \     |\  __   /  /   
   /  \/    \    | |/ /  /   ‾‾\ 
  /          \   |   (  |  (‾)  |
 / __________ \  |_|\_\  \_____/ 

     execution: local
        script: workflow/online_boutique/k6_open_product_page.js
        output: -

     scenarios: (100.00%) 1 scenario, 10000 max VUs, 15s max duration (incl. graceful stop):
              * default: 104.00 iterations/s for 15s (maxVUs: 104-10000)


running (01.0s), 00009/00104 VUs, 94 complete and 0 interrupted iterations
default   [   7% ] 00009/00104 VUs  01.0s/15s  104.00 iters/s

running (02.0s), 00018/00104 VUs, 189 complete and 0 interrupted iterations
default   [  13% ] 00018/00104 VUs  02.0s/15s  104.00 iters/s

running (03.0s), 00028/00104 VUs, 283 complete and 0 interrupted iterations
default   [  20% ] 00028/00104 VUs  03.0s/15s  104.00 iters/s

running (04.0s), 00037/00104 VUs, 378 complete and 0 interrupted iterations
default   [  27% ] 00037/00104 VUs  04.0s/15s  104.00 iters/s

running (05.0s), 00047/00104 VUs, 472 complete and 0 interrupted iterations
default   [  33% ] 00047/00104 VUs  05.0s/15s  104.00 iters/s

running (06.0s), 00055/00104 VUs, 568 complete and 0 interrupted iterations
default   [  40% ] 00055/00104 VUs  06.0s/15s  104.00 iters/s

running (07.0s), 00064/00104 VUs, 663 complete and 0 interrupted iterations
default   [  47% ] 00064/00104 VUs  07.0s/15s  104.00 iters/s

running (08.0s), 00071/00104 VUs, 760 complete and 0 interrupted iterations
default   [  53% ] 00071/00104 VUs  08.0s/15s  104.00 iters/s

running (09.0s), 00078/00104 VUs, 857 complete and 0 interrupted iterations
default   [  60% ] 00078/00104 VUs  09.0s/15s  104.00 iters/s

running (10.0s), 00085/00104 VUs, 954 complete and 0 interrupted iterations
default   [  67% ] 00085/00104 VUs  10.0s/15s  104.00 iters/s

running (11.0s), 00095/00104 VUs, 1048 complete and 0 interrupted iterations
default   [  73% ] 00095/00104 VUs  11.0s/15s  104.00 iters/s

running (12.0s), 00103/00105 VUs, 1143 complete and 0 interrupted iterations
default   [  80% ] 00103/00105 VUs  12.0s/15s  104.00 iters/s

running (13.0s), 00106/00108 VUs, 1241 complete and 0 interrupted iterations
default   [  87% ] 00106/00108 VUs  13.0s/15s  104.00 iters/s

running (14.0s), 00110/00111 VUs, 1338 complete and 0 interrupted iterations
default   [  93% ] 00110/00111 VUs  14.0s/15s  104.00 iters/s

running (15.0s), 00113/00114 VUs, 1436 complete and 0 interrupted iterations
default   [ 100% ] 00113/00114 VUs  15.0s/15s  104.00 iters/s


  █ TOTAL RESULTS 

    CUSTOM
    online_boutique_application_errors........: 0.00%  0 out of 1437
    online_boutique_recommendation_winner_1...: 653    43.521913/s
    online_boutique_recommendation_winner_2...: 775    51.653113/s
    online_boutique_recommendation_winner_3...: 9      0.599843/s

    HTTP
    http_req_duration.........................: avg=630.67ms min=12.13ms med=661.43ms max=1.12s p(90)=1.07s p(95)=1.1s
      { expected_response:true }..............: avg=630.67ms min=12.13ms med=661.43ms max=1.12s p(90)=1.07s p(95)=1.1s
    http_req_failed...........................: 0.00%  0 out of 1437
    http_reqs.................................: 1437   95.774869/s

    EXECUTION
    dropped_iterations........................: 10     0.666492/s
    iteration_duration........................: avg=630.97ms min=12.75ms med=661.58ms max=1.12s p(90)=1.07s p(95)=1.1s
    iterations................................: 1437   95.774869/s
    vus.......................................: 113    min=9         max=113
    vus_max...................................: 114    min=104       max=114

    NETWORK
    data_received.............................: 2.6 MB 172 kB/s
    data_sent.................................: 431 kB 29 kB/s




running (15.0s), 00000/00114 VUs, 1437 complete and 114 interrupted iterations
default ✓ [ 100% ] 00114/00114 VUs  15s  104.00 iters/s
