
         /\      Grafana   /‾‾/  
    /\  /  \     |\  __   /  /   
   /  \/    \    | |/ /  /   ‾‾\ 
  /          \   |   (  |  (‾)  |
 / __________ \  |_|\_\  \_____/ 

     execution: local
        script: workflow/spin/k6_open_client.js
        output: -

     scenarios: (100.00%) 1 scenario, 10000 max VUs, 15s max duration (incl. graceful stop):
              * default: 540.00 iterations/s for 15s (maxVUs: 540-10000)


running (01.0s), 00024/00540 VUs, 502 complete and 0 interrupted iterations
default   [   6% ] 00024/00540 VUs  01.0s/15s  540.00 iters/s

running (02.0s), 00023/00540 VUs, 1043 complete and 0 interrupted iterations
default   [  13% ] 00023/00540 VUs  02.0s/15s  540.00 iters/s

running (03.0s), 00011/00540 VUs, 1595 complete and 0 interrupted iterations
default   [  20% ] 00011/00540 VUs  03.0s/15s  540.00 iters/s

running (04.0s), 00013/00540 VUs, 2132 complete and 0 interrupted iterations
default   [  26% ] 00013/00540 VUs  04.0s/15s  540.00 iters/s

running (05.0s), 00020/00540 VUs, 2665 complete and 0 interrupted iterations
default   [  33% ] 00021/00540 VUs  05.0s/15s  540.00 iters/s

running (06.0s), 00021/00540 VUs, 3205 complete and 0 interrupted iterations
default   [  40% ] 00021/00540 VUs  06.0s/15s  540.00 iters/s

running (07.0s), 00023/00540 VUs, 3743 complete and 0 interrupted iterations
default   [  46% ] 00023/00540 VUs  07.0s/15s  540.00 iters/s

running (08.0s), 00022/00540 VUs, 4283 complete and 0 interrupted iterations
default   [  53% ] 00022/00540 VUs  08.0s/15s  540.00 iters/s

running (09.0s), 00009/00540 VUs, 4837 complete and 0 interrupted iterations
default   [  60% ] 00009/00540 VUs  09.0s/15s  540.00 iters/s

running (10.0s), 00010/00540 VUs, 5375 complete and 0 interrupted iterations
default   [  66% ] 00010/00540 VUs  10.0s/15s  540.00 iters/s

running (11.0s), 00012/00540 VUs, 5914 complete and 0 interrupted iterations
default   [  73% ] 00012/00540 VUs  11.0s/15s  540.00 iters/s

running (12.0s), 00021/00540 VUs, 6444 complete and 0 interrupted iterations
default   [  80% ] 00021/00540 VUs  12.0s/15s  540.00 iters/s

running (13.0s), 00024/00540 VUs, 6982 complete and 0 interrupted iterations
default   [  86% ] 00024/00540 VUs  13.0s/15s  540.00 iters/s

running (14.0s), 00023/00540 VUs, 7523 complete and 0 interrupted iterations
default   [  93% ] 00023/00540 VUs  14.0s/15s  540.00 iters/s

running (15.0s), 00025/00540 VUs, 8061 complete and 0 interrupted iterations
default   [ 100% ] 00025/00540 VUs  15.0s/15s  540.00 iters/s


  █ TOTAL RESULTS 

    HTTP
    http_req_duration..............: avg=29.03ms min=12.01ms med=29.06ms max=50.51ms p(90)=41ms    p(95)=42.5ms 
      { expected_response:true }...: avg=29.03ms min=12.01ms med=29.06ms max=50.51ms p(90)=41ms    p(95)=42.5ms 
    http_req_failed................: 0.00%  0 out of 8078
    http_reqs......................: 8078   538.476418/s

    EXECUTION
    iteration_duration.............: avg=29.12ms min=12.08ms med=29.15ms max=50.58ms p(90)=41.09ms p(95)=42.57ms
    iterations.....................: 8078   538.476418/s
    vus............................: 25     min=9         max=25 
    vus_max........................: 540    min=540       max=540

    NETWORK
    data_received..................: 1.6 MB 109 kB/s
    data_sent......................: 1.6 MB 104 kB/s




running (15.0s), 00000/00540 VUs, 8078 complete and 22 interrupted iterations
default ✓ [ 100% ] 00022/00540 VUs  15s  540.00 iters/s
