
         /\      Grafana   /‾‾/  
    /\  /  \     |\  __   /  /   
   /  \/    \    | |/ /  /   ‾‾\ 
  /          \   |   (  |  (‾)  |
 / __________ \  |_|\_\  \_____/ 

     execution: local
        script: workflow/write/k6_open_client.js
        output: -

     scenarios: (100.00%) 1 scenario, 10000 max VUs, 15s max duration (incl. graceful stop):
              * default: 3637.00 iterations/s for 15s (maxVUs: 3637-10000)


running (00.9s), 00193/03637 VUs, 2957 complete and 0 interrupted iterations
default   [   6% ] 00193/03637 VUs  00.9s/15s  3637.00 iters/s

running (01.9s), 00155/03637 VUs, 6633 complete and 0 interrupted iterations
default   [  12% ] 00155/03637 VUs  01.9s/15s  3637.00 iters/s

running (02.9s), 00215/03637 VUs, 10209 complete and 0 interrupted iterations
default   [  19% ] 00215/03637 VUs  02.9s/15s  3637.00 iters/s

running (03.9s), 00187/03637 VUs, 13876 complete and 0 interrupted iterations
default   [  26% ] 00187/03637 VUs  03.9s/15s  3637.00 iters/s

running (04.9s), 00135/03637 VUs, 17563 complete and 0 interrupted iterations
default   [  32% ] 00135/03637 VUs  04.9s/15s  3637.00 iters/s

running (05.9s), 00180/03637 VUs, 21158 complete and 0 interrupted iterations
default   [  39% ] 00180/03637 VUs  05.9s/15s  3637.00 iters/s

running (06.9s), 00125/03637 VUs, 24848 complete and 0 interrupted iterations
default   [  46% ] 00125/03637 VUs  06.9s/15s  3637.00 iters/s

running (07.9s), 00193/03637 VUs, 28416 complete and 0 interrupted iterations
default   [  52% ] 00193/03637 VUs  07.9s/15s  3637.00 iters/s

running (08.9s), 00138/03637 VUs, 32110 complete and 0 interrupted iterations
default   [  59% ] 00138/03637 VUs  08.9s/15s  3637.00 iters/s

running (09.9s), 00178/03637 VUs, 35706 complete and 0 interrupted iterations
default   [  66% ] 00177/03637 VUs  09.9s/15s  3637.00 iters/s

running (10.9s), 00157/03637 VUs, 39364 complete and 0 interrupted iterations
default   [  72% ] 00157/03637 VUs  10.9s/15s  3637.00 iters/s

running (11.9s), 00156/03637 VUs, 43003 complete and 0 interrupted iterations
default   [  79% ] 00156/03637 VUs  11.9s/15s  3637.00 iters/s

running (12.9s), 00152/03637 VUs, 46642 complete and 0 interrupted iterations
default   [  86% ] 00152/03637 VUs  12.9s/15s  3637.00 iters/s

running (13.9s), 00173/03637 VUs, 50259 complete and 0 interrupted iterations
default   [  92% ] 00174/03637 VUs  13.9s/15s  3637.00 iters/s

running (14.9s), 00160/03637 VUs, 53908 complete and 0 interrupted iterations
default   [  99% ] 00161/03637 VUs  14.9s/15s  3637.00 iters/s


  █ TOTAL RESULTS 

    HTTP
    http_req_duration..............: avg=45.31ms min=18.48ms med=45.14ms max=80.28ms p(90)=53.61ms p(95)=55.36ms
      { expected_response:true }...: avg=45.31ms min=18.48ms med=45.14ms max=80.28ms p(90)=53.61ms p(95)=55.36ms
    http_req_failed................: 0.00%  0 out of 54427
    http_reqs......................: 54427  3627.135653/s

    EXECUTION
    iteration_duration.............: avg=45.38ms min=18.58ms med=45.21ms max=80.55ms p(90)=53.69ms p(95)=55.45ms
    iterations.....................: 54427  3627.135653/s
    vus............................: 160    min=126        max=215 
    vus_max........................: 3637   min=3637       max=3637

    NETWORK
    data_received..................: 11 MB  736 kB/s
    data_sent......................: 5.5 MB 364 kB/s




running (15.0s), 00000/03637 VUs, 54427 complete and 129 interrupted iterations
default ✓ [ 100% ] 00129/03637 VUs  15s  3637.00 iters/s
