
         /\      Grafana   /‾‾/  
    /\  /  \     |\  __   /  /   
   /  \/    \    | |/ /  /   ‾‾\ 
  /          \   |   (  |  (‾)  |
 / __________ \  |_|\_\  \_____/ 

     execution: local
        script: workflow/spin/k6_open_client.js
        output: -

     scenarios: (100.00%) 1 scenario, 10000 max VUs, 15s max duration (incl. graceful stop):
              * default: 3350.00 iterations/s for 15s (maxVUs: 3350-10000)


running (00.9s), 00255/03350 VUs, 2734 complete and 0 interrupted iterations
default   [   6% ] 00256/03350 VUs  00.9s/15s  3350.00 iters/s

running (01.9s), 00245/03350 VUs, 6096 complete and 0 interrupted iterations
default   [  13% ] 00245/03350 VUs  01.9s/15s  3350.00 iters/s

running (02.9s), 00236/03350 VUs, 9452 complete and 0 interrupted iterations
default   [  19% ] 00238/03350 VUs  02.9s/15s  3350.00 iters/s

running (03.9s), 00217/03350 VUs, 12823 complete and 0 interrupted iterations
default   [  26% ] 00217/03350 VUs  03.9s/15s  3350.00 iters/s

running (04.9s), 00209/03350 VUs, 16181 complete and 0 interrupted iterations
default   [  33% ] 00210/03350 VUs  04.9s/15s  3350.00 iters/s

running (05.9s), 00291/03350 VUs, 19450 complete and 0 interrupted iterations
default   [  39% ] 00291/03350 VUs  05.9s/15s  3350.00 iters/s

running (06.9s), 00204/03350 VUs, 22883 complete and 0 interrupted iterations
default   [  46% ] 00204/03350 VUs  06.9s/15s  3350.00 iters/s

running (07.9s), 00264/03350 VUs, 26176 complete and 0 interrupted iterations
default   [  53% ] 00264/03350 VUs  07.9s/15s  3350.00 iters/s

running (08.9s), 00314/03350 VUs, 29475 complete and 0 interrupted iterations
default   [  59% ] 00314/03350 VUs  08.9s/15s  3350.00 iters/s

running (09.9s), 00214/03350 VUs, 32926 complete and 0 interrupted iterations
default   [  66% ] 00214/03350 VUs  09.9s/15s  3350.00 iters/s

running (10.9s), 00234/03350 VUs, 36257 complete and 0 interrupted iterations
default   [  73% ] 00234/03350 VUs  10.9s/15s  3350.00 iters/s

running (11.9s), 00246/03350 VUs, 39593 complete and 0 interrupted iterations
default   [  79% ] 00246/03350 VUs  11.9s/15s  3350.00 iters/s

running (12.9s), 00281/03350 VUs, 42909 complete and 0 interrupted iterations
default   [  86% ] 00281/03350 VUs  12.9s/15s  3350.00 iters/s

running (13.9s), 00322/03350 VUs, 46215 complete and 0 interrupted iterations
default   [  93% ] 00322/03350 VUs  13.9s/15s  3350.00 iters/s

running (14.9s), 00319/03350 VUs, 49572 complete and 0 interrupted iterations
default   [  99% ] 00319/03350 VUs  14.9s/15s  3350.00 iters/s


  █ TOTAL RESULTS 

    HTTP
    http_req_duration..............: avg=81.07ms min=53.01ms med=80.75ms max=121.24ms p(90)=95.48ms p(95)=98.93ms
      { expected_response:true }...: avg=81.07ms min=53.01ms med=80.75ms max=121.24ms p(90)=95.48ms p(95)=98.93ms
    http_req_failed................: 0.00%  0 out of 49941
    http_reqs......................: 49941  3327.8618/s

    EXECUTION
    iteration_duration.............: avg=81.16ms min=53.1ms  med=80.84ms max=121.31ms p(90)=95.59ms p(95)=99.02ms
    iterations.....................: 49941  3327.8618/s
    vus............................: 317    min=207        max=322 
    vus_max........................: 3350   min=3350       max=3350

    NETWORK
    data_received..................: 10 MB  676 kB/s
    data_sent......................: 9.6 MB 643 kB/s




running (15.0s), 00000/03350 VUs, 49940 complete and 309 interrupted iterations
default ✓ [ 100% ] 00309/03350 VUs  15s  3350.00 iters/s
