
         /\      Grafana   /‾‾/  
    /\  /  \     |\  __   /  /   
   /  \/    \    | |/ /  /   ‾‾\ 
  /          \   |   (  |  (‾)  |
 / __________ \  |_|\_\  \_____/ 

     execution: local
        script: workflow/hotel/k6_open_hotels_client.js
        output: -

     scenarios: (100.00%) 1 scenario, 10000 max VUs, 10s max duration (incl. graceful stop):
              * default: 451.00 iterations/s for 10s (maxVUs: 451-10000)


running (01.0s), 00227/00451 VUs, 214 complete and 0 interrupted iterations
default   [  10% ] 00227/00451 VUs  01.0s/10s  451.00 iters/s

running (02.0s), 00234/00451 VUs, 657 complete and 0 interrupted iterations
default   [  20% ] 00234/00451 VUs  02.0s/10s  451.00 iters/s

running (03.0s), 00232/00451 VUs, 1110 complete and 0 interrupted iterations
default   [  30% ] 00232/00451 VUs  03.0s/10s  451.00 iters/s

running (04.0s), 00233/00451 VUs, 1560 complete and 0 interrupted iterations
default   [  40% ] 00233/00451 VUs  04.0s/10s  451.00 iters/s

running (05.0s), 00233/00451 VUs, 2011 complete and 0 interrupted iterations
default   [  50% ] 00232/00451 VUs  05.0s/10s  451.00 iters/s

running (06.0s), 00232/00451 VUs, 2463 complete and 0 interrupted iterations
default   [  60% ] 00232/00451 VUs  06.0s/10s  451.00 iters/s

running (07.0s), 00234/00451 VUs, 2912 complete and 0 interrupted iterations
default   [  70% ] 00233/00451 VUs  07.0s/10s  451.00 iters/s

running (08.0s), 00233/00451 VUs, 3365 complete and 0 interrupted iterations
default   [  80% ] 00233/00451 VUs  08.0s/10s  451.00 iters/s

running (09.0s), 00232/00451 VUs, 3816 complete and 0 interrupted iterations
default   [  90% ] 00232/00451 VUs  09.0s/10s  451.00 iters/s

running (10.0s), 00232/00451 VUs, 4267 complete and 0 interrupted iterations
default   [ 100% ] 00232/00451 VUs  10.0s/10s  451.00 iters/s


  █ TOTAL RESULTS 

    HTTP
    http_req_duration..............: avg=3.75ms min=2.6ms med=3.06ms max=13.24ms p(90)=5.73ms p(95)=6.84ms
      { expected_response:true }...: avg=3.75ms min=2.6ms med=3.06ms max=13.24ms p(90)=5.73ms p(95)=6.84ms
    http_req_failed................: 0.00%  0 out of 4278
    http_reqs......................: 4278   427.691264/s

    EXECUTION
    iteration_duration.............: avg=3.87ms min=2.7ms med=3.18ms max=13.34ms p(90)=5.85ms p(95)=6.96ms
    iterations.....................: 4278   427.691264/s
    vus............................: 232    min=227       max=235
    vus_max........................: 451    min=451       max=451

    NETWORK
    data_received..................: 1.2 MB 122 kB/s
    data_sent......................: 1.4 MB 140 kB/s




running (10.0s), 00000/00451 VUs, 4278 complete and 233 interrupted iterations
default ✓ [ 100% ] 00233/00451 VUs  10s  451.00 iters/s
