
         /\      Grafana   /‾‾/  
    /\  /  \     |\  __   /  /   
   /  \/    \    | |/ /  /   ‾‾\ 
  /          \   |   (  |  (‾)  |
 / __________ \  |_|\_\  \_____/ 

     execution: local
        script: workflow/media/k6_open_review_compose.js
        output: -

     scenarios: (100.00%) 1 scenario, 10000 max VUs, 15s max duration (incl. graceful stop):
              * default: 748.00 iterations/s for 15s (maxVUs: 748-10000)


running (01.0s), 00260/00748 VUs, 463 complete and 0 interrupted iterations
default   [   6% ] 00260/00748 VUs  01.0s/15s  748.00 iters/s

running (02.0s), 00244/00748 VUs, 1226 complete and 0 interrupted iterations
default   [  13% ] 00244/00748 VUs  02.0s/15s  748.00 iters/s

running (03.0s), 00228/00748 VUs, 1990 complete and 0 interrupted iterations
default   [  20% ] 00228/00748 VUs  03.0s/15s  748.00 iters/s

running (04.0s), 00212/00748 VUs, 2755 complete and 0 interrupted iterations
default   [  26% ] 00212/00748 VUs  04.0s/15s  748.00 iters/s

running (05.0s), 00196/00748 VUs, 3519 complete and 0 interrupted iterations
default   [  33% ] 00196/00748 VUs  05.0s/15s  748.00 iters/s

running (06.0s), 00182/00748 VUs, 4281 complete and 0 interrupted iterations
default   [  40% ] 00182/00748 VUs  06.0s/15s  748.00 iters/s

running (07.0s), 00166/00748 VUs, 5044 complete and 0 interrupted iterations
default   [  46% ] 00167/00748 VUs  07.0s/15s  748.00 iters/s

running (08.0s), 00193/00748 VUs, 5766 complete and 0 interrupted iterations
default   [  53% ] 00193/00748 VUs  08.0s/15s  748.00 iters/s

running (09.0s), 00289/00748 VUs, 6417 complete and 0 interrupted iterations
default   [  60% ] 00290/00748 VUs  09.0s/15s  748.00 iters/s

running (10.0s), 00275/00748 VUs, 7180 complete and 0 interrupted iterations
default   [  66% ] 00275/00748 VUs  10.0s/15s  748.00 iters/s

running (11.0s), 00259/00748 VUs, 7944 complete and 0 interrupted iterations
default   [  73% ] 00259/00748 VUs  11.0s/15s  748.00 iters/s

running (12.0s), 00244/00748 VUs, 8706 complete and 0 interrupted iterations
default   [  80% ] 00244/00748 VUs  12.0s/15s  748.00 iters/s

running (13.0s), 00229/00748 VUs, 9469 complete and 0 interrupted iterations
default   [  86% ] 00230/00748 VUs  13.0s/15s  748.00 iters/s

running (14.0s), 00214/00748 VUs, 10232 complete and 0 interrupted iterations
default   [  93% ] 00214/00748 VUs  14.0s/15s  748.00 iters/s

running (15.0s), 00198/00748 VUs, 10996 complete and 0 interrupted iterations
default   [ 100% ] 00198/00748 VUs  15.0s/15s  748.00 iters/s


  █ TOTAL RESULTS 

    HTTP
    http_req_duration..............: avg=304.39ms min=190.52ms med=304.42ms max=420.28ms p(90)=376.63ms p(95)=386.56ms
      { expected_response:true }...: avg=304.39ms min=190.52ms med=304.42ms max=420.28ms p(90)=376.63ms p(95)=386.56ms
    http_req_failed................: 0.00%  0 out of 10996
    http_reqs......................: 10996  732.930808/s

    EXECUTION
    iteration_duration.............: avg=304.48ms min=1.64ms   med=304.56ms max=420.4ms  p(90)=376.76ms p(95)=386.68ms
    iterations.....................: 10997  732.997462/s
    vus............................: 199    min=167        max=290
    vus_max........................: 748    min=748        max=748

    NETWORK
    data_received..................: 2.5 MB 169 kB/s
    data_sent......................: 6.2 MB 416 kB/s




running (15.0s), 00000/00748 VUs, 10996 complete and 225 interrupted iterations
default ✓ [ 100% ] 00225/00748 VUs  15s  748.00 iters/s
