
         /\      Grafana   /‾‾/  
    /\  /  \     |\  __   /  /   
   /  \/    \    | |/ /  /   ‾‾\ 
  /          \   |   (  |  (‾)  |
 / __________ \  |_|\_\  \_____/ 

     execution: local
        script: workflow/media/k6_open_review_compose.js
        output: -

     scenarios: (100.00%) 1 scenario, 10000 max VUs, 15s max duration (incl. graceful stop):
              * default: 1965.00 iterations/s for 15s (maxVUs: 1965-10000)


running (00.9s), 00019/01965 VUs, 1801 complete and 0 interrupted iterations
default   [   6% ] 00019/01965 VUs  00.9s/15s  1965.00 iters/s

running (01.9s), 00011/01965 VUs, 3773 complete and 0 interrupted iterations
default   [  13% ] 00011/01965 VUs  01.9s/15s  1965.00 iters/s

running (02.9s), 00022/01965 VUs, 5727 complete and 0 interrupted iterations
default   [  20% ] 00022/01965 VUs  02.9s/15s  1965.00 iters/s

running (03.9s), 00010/01965 VUs, 7704 complete and 0 interrupted iterations
default   [  26% ] 00010/01965 VUs  03.9s/15s  1965.00 iters/s

running (04.9s), 00037/01965 VUs, 9643 complete and 0 interrupted iterations
default   [  33% ] 00037/01965 VUs  04.9s/15s  1965.00 iters/s

running (05.9s), 00053/01965 VUs, 11591 complete and 0 interrupted iterations
default   [  40% ] 00053/01965 VUs  05.9s/15s  1965.00 iters/s

running (06.9s), 00010/01965 VUs, 13599 complete and 0 interrupted iterations
default   [  46% ] 00009/01965 VUs  06.9s/15s  1965.00 iters/s

running (07.9s), 00011/01965 VUs, 15563 complete and 0 interrupted iterations
default   [  53% ] 00011/01965 VUs  07.9s/15s  1965.00 iters/s

running (08.9s), 00008/01965 VUs, 17531 complete and 0 interrupted iterations
default   [  60% ] 00008/01965 VUs  08.9s/15s  1965.00 iters/s

running (09.9s), 00026/01965 VUs, 19478 complete and 0 interrupted iterations
default   [  66% ] 00025/01965 VUs  09.9s/15s  1965.00 iters/s

running (10.9s), 00008/01965 VUs, 21461 complete and 0 interrupted iterations
default   [  73% ] 00008/01965 VUs  10.9s/15s  1965.00 iters/s

running (11.9s), 00008/01965 VUs, 23426 complete and 0 interrupted iterations
default   [  80% ] 00008/01965 VUs  11.9s/15s  1965.00 iters/s

running (12.9s), 00007/01965 VUs, 25391 complete and 0 interrupted iterations
default   [  86% ] 00008/01965 VUs  12.9s/15s  1965.00 iters/s

running (13.9s), 00010/01965 VUs, 27354 complete and 0 interrupted iterations
default   [  93% ] 00010/01965 VUs  13.9s/15s  1965.00 iters/s

running (14.9s), 00008/01965 VUs, 29320 complete and 0 interrupted iterations
default   [ 100% ] 00008/01965 VUs  14.9s/15s  1965.00 iters/s


  █ TOTAL RESULTS 

    HTTP
    http_req_duration..............: avg=8.55ms min=1.73ms med=5.49ms max=90.76ms p(90)=18.1ms  p(95)=25.33ms
      { expected_response:true }...: avg=8.55ms min=1.73ms med=5.49ms max=90.76ms p(90)=18.1ms  p(95)=25.33ms
    http_req_failed................: 0.00%  0 out of 29462
    http_reqs......................: 29462  1963.774552/s

    EXECUTION
    iteration_duration.............: avg=8.68ms min=1.84ms med=5.61ms max=91.05ms p(90)=18.23ms p(95)=25.47ms
    iterations.....................: 29462  1963.774552/s
    vus............................: 9      min=8          max=53  
    vus_max........................: 1965   min=1965       max=1965

    NETWORK
    data_received..................: 6.8 MB 455 kB/s
    data_sent......................: 16 MB  1.1 MB/s




running (15.0s), 00000/01965 VUs, 29461 complete and 15 interrupted iterations
default ✓ [ 100% ] 00015/01965 VUs  15s  1965.00 iters/s
