
         /\      Grafana   /‾‾/  
    /\  /  \     |\  __   /  /   
   /  \/    \    | |/ /  /   ‾‾\ 
  /          \   |   (  |  (‾)  |
 / __________ \  |_|\_\  \_____/ 

     execution: local
        script: workflow/online_boutique/k6_open_view_cart.js
        output: -

     scenarios: (100.00%) 1 scenario, 10000 max VUs, 15s max duration (incl. graceful stop):
              * default: 564.00 iterations/s for 15s (maxVUs: 564-10000)


running (01.0s), 00022/00564 VUs, 523 complete and 0 interrupted iterations
default   [   6% ] 00022/00564 VUs  01.0s/15s  564.00 iters/s

running (02.0s), 00004/00564 VUs, 1105 complete and 0 interrupted iterations
default   [  13% ] 00005/00564 VUs  02.0s/15s  564.00 iters/s

running (03.0s), 00004/00564 VUs, 1669 complete and 0 interrupted iterations
default   [  20% ] 00004/00564 VUs  03.0s/15s  564.00 iters/s

running (04.0s), 00008/00564 VUs, 2229 complete and 0 interrupted iterations
default   [  26% ] 00008/00564 VUs  04.0s/15s  564.00 iters/s

running (05.0s), 00004/00564 VUs, 2797 complete and 0 interrupted iterations
default   [  33% ] 00004/00564 VUs  05.0s/15s  564.00 iters/s

running (06.0s), 00004/00564 VUs, 3361 complete and 0 interrupted iterations
default   [  40% ] 00004/00564 VUs  06.0s/15s  564.00 iters/s

running (07.0s), 00014/00564 VUs, 3916 complete and 0 interrupted iterations
default   [  46% ] 00014/00564 VUs  07.0s/15s  564.00 iters/s

running (08.0s), 00005/00564 VUs, 4488 complete and 0 interrupted iterations
default   [  53% ] 00005/00564 VUs  08.0s/15s  564.00 iters/s

running (09.0s), 00007/00564 VUs, 5051 complete and 0 interrupted iterations
default   [  60% ] 00007/00564 VUs  09.0s/15s  564.00 iters/s

running (10.0s), 00005/00564 VUs, 5616 complete and 0 interrupted iterations
default   [  66% ] 00005/00564 VUs  10.0s/15s  564.00 iters/s

running (11.0s), 00006/00564 VUs, 6180 complete and 0 interrupted iterations
default   [  73% ] 00006/00564 VUs  11.0s/15s  564.00 iters/s

running (12.0s), 00005/00564 VUs, 6745 complete and 0 interrupted iterations
default   [  80% ] 00005/00564 VUs  12.0s/15s  564.00 iters/s

running (13.0s), 00005/00564 VUs, 7308 complete and 0 interrupted iterations
default   [  86% ] 00005/00564 VUs  13.0s/15s  564.00 iters/s

running (14.0s), 00005/00564 VUs, 7873 complete and 0 interrupted iterations
default   [  93% ] 00005/00564 VUs  14.0s/15s  564.00 iters/s

running (15.0s), 00005/00564 VUs, 8436 complete and 0 interrupted iterations
default   [ 100% ] 00005/00564 VUs  15.0s/15s  564.00 iters/s


  █ TOTAL RESULTS 

    CUSTOM
    online_boutique_application_errors...: 0.00%  0 out of 8457

    HTTP
    http_req_duration....................: avg=9.89ms  min=4.79ms med=7.81ms max=71.3ms   p(90)=14.17ms p(95)=23.22ms
      { expected_response:true }.........: avg=9.89ms  min=4.79ms med=7.81ms max=71.3ms   p(90)=14.17ms p(95)=23.22ms
    http_req_failed......................: 0.00%  0 out of 8457
    http_reqs............................: 8457   563.749101/s

    EXECUTION
    iteration_duration...................: avg=10.26ms min=4.95ms med=7.99ms max=117.14ms p(90)=14.38ms p(95)=23.48ms
    iterations...........................: 8457   563.749101/s
    vus..................................: 5      min=4         max=22 
    vus_max..............................: 564    min=564       max=564

    NETWORK
    data_received........................: 17 MB  1.1 MB/s
    data_sent............................: 2.0 MB 135 kB/s




running (15.0s), 00000/00564 VUs, 8457 complete and 3 interrupted iterations
default ✓ [ 100% ] 00003/00564 VUs  15s  564.00 iters/s
