
         /\      Grafana   /‾‾/  
    /\  /  \     |\  __   /  /   
   /  \/    \    | |/ /  /   ‾‾\ 
  /          \   |   (  |  (‾)  |
 / __________ \  |_|\_\  \_____/ 

     execution: local
        script: workflow/spin/k6_open_client.js
        output: -

     scenarios: (100.00%) 1 scenario, 10000 max VUs, 15s max duration (incl. graceful stop):
              * default: 1468.00 iterations/s for 15s (maxVUs: 1468-10000)


running (00.9s), 00146/01468 VUs, 1239 complete and 0 interrupted iterations
default   [   6% ] 00146/01468 VUs  00.9s/15s  1468.00 iters/s

running (01.9s), 00137/01468 VUs, 2715 complete and 0 interrupted iterations
default   [  13% ] 00138/01468 VUs  01.9s/15s  1468.00 iters/s

running (02.9s), 00167/01468 VUs, 4153 complete and 0 interrupted iterations
default   [  20% ] 00167/01468 VUs  02.9s/15s  1468.00 iters/s

running (03.9s), 00197/01468 VUs, 5591 complete and 0 interrupted iterations
default   [  26% ] 00197/01468 VUs  03.9s/15s  1468.00 iters/s

running (04.9s), 00223/01468 VUs, 7035 complete and 0 interrupted iterations
default   [  33% ] 00223/01468 VUs  04.9s/15s  1468.00 iters/s

running (05.9s), 00258/01468 VUs, 8467 complete and 0 interrupted iterations
default   [  40% ] 00258/01468 VUs  05.9s/15s  1468.00 iters/s

running (06.9s), 00298/01468 VUs, 9895 complete and 0 interrupted iterations
default   [  46% ] 00298/01468 VUs  06.9s/15s  1468.00 iters/s

running (07.9s), 00317/01468 VUs, 11343 complete and 0 interrupted iterations
default   [  53% ] 00317/01468 VUs  07.9s/15s  1468.00 iters/s

running (08.9s), 00348/01468 VUs, 12781 complete and 0 interrupted iterations
default   [  60% ] 00348/01468 VUs  08.9s/15s  1468.00 iters/s

running (09.9s), 00377/01468 VUs, 14219 complete and 0 interrupted iterations
default   [  66% ] 00377/01468 VUs  09.9s/15s  1468.00 iters/s

running (11.0s), 00402/01468 VUs, 15662 complete and 0 interrupted iterations
default   [  73% ] 00402/01468 VUs  11.0s/15s  1468.00 iters/s

running (11.9s), 00431/01468 VUs, 17103 complete and 0 interrupted iterations
default   [  80% ] 00431/01468 VUs  11.9s/15s  1468.00 iters/s

running (12.9s), 00445/01468 VUs, 18556 complete and 0 interrupted iterations
default   [  86% ] 00445/01468 VUs  12.9s/15s  1468.00 iters/s

running (13.9s), 00452/01468 VUs, 20017 complete and 0 interrupted iterations
default   [  93% ] 00452/01468 VUs  13.9s/15s  1468.00 iters/s

running (14.9s), 00472/01468 VUs, 21465 complete and 0 interrupted iterations
default   [ 100% ] 00472/01468 VUs  14.9s/15s  1468.00 iters/s


  █ TOTAL RESULTS 

    HTTP
    http_req_duration..............: avg=204.2ms  min=62.88ms med=209.14ms max=331.67ms p(90)=306.26ms p(95)=315.66ms
      { expected_response:true }...: avg=204.2ms  min=62.88ms med=209.14ms max=331.67ms p(90)=306.26ms p(95)=315.66ms
    http_req_failed................: 0.00%  0 out of 21557
    http_reqs......................: 21557  1436.641794/s

    EXECUTION
    iteration_duration.............: avg=204.29ms min=63.1ms  med=209.21ms max=331.72ms p(90)=306.33ms p(95)=315.73ms
    iterations.....................: 21557  1436.641794/s
    vus............................: 471    min=138        max=471 
    vus_max........................: 1468   min=1468       max=1468

    NETWORK
    data_received..................: 4.4 MB 291 kB/s
    data_sent......................: 4.2 MB 282 kB/s




running (15.0s), 00000/01468 VUs, 21557 complete and 462 interrupted iterations
default ✓ [ 100% ] 00462/01468 VUs  15s  1468.00 iters/s
