
         /\      Grafana   /‾‾/  
    /\  /  \     |\  __   /  /   
   /  \/    \    | |/ /  /   ‾‾\ 
  /          \   |   (  |  (‾)  |
 / __________ \  |_|\_\  \_____/ 

     execution: local
        script: workflow/social/k6_open_client.js
        output: -

     scenarios: (100.00%) 1 scenario, 10000 max VUs, 15s max duration (incl. graceful stop):
              * default: 7375.00 iterations/s for 15s (maxVUs: 7375-10000)


running (00.8s), 00970/07375 VUs, 4634 complete and 0 interrupted iterations
default   [   5% ] 00970/07375 VUs  00.8s/15s  7375.00 iters/s

running (01.8s), 00381/07375 VUs, 12598 complete and 0 interrupted iterations
default   [  12% ] 00381/07375 VUs  01.8s/15s  7375.00 iters/s

running (02.8s), 00065/07375 VUs, 20289 complete and 0 interrupted iterations
default   [  18% ] 00065/07375 VUs  02.8s/15s  7375.00 iters/s

running (03.8s), 00072/07375 VUs, 27657 complete and 0 interrupted iterations
default   [  25% ] 00072/07375 VUs  03.8s/15s  7375.00 iters/s

running (04.8s), 00733/07375 VUs, 34371 complete and 0 interrupted iterations
default   [  32% ] 00733/07375 VUs  04.8s/15s  7375.00 iters/s

running (05.8s), 00323/07375 VUs, 42156 complete and 0 interrupted iterations
default   [  38% ] 00323/07375 VUs  05.8s/15s  7375.00 iters/s

running (06.8s), 00565/07375 VUs, 49289 complete and 0 interrupted iterations
default   [  45% ] 00565/07375 VUs  06.8s/15s  7375.00 iters/s

running (07.8s), 00202/07375 VUs, 57027 complete and 0 interrupted iterations
default   [  52% ] 00202/07375 VUs  07.8s/15s  7375.00 iters/s

running (08.8s), 00293/07375 VUs, 64311 complete and 0 interrupted iterations
default   [  58% ] 00293/07375 VUs  08.8s/15s  7375.00 iters/s

running (09.8s), 00093/07375 VUs, 71886 complete and 0 interrupted iterations
default   [  65% ] 00093/07375 VUs  09.8s/15s  7375.00 iters/s

running (10.8s), 00745/07375 VUs, 78609 complete and 0 interrupted iterations
default   [  72% ] 00745/07375 VUs  10.8s/15s  7375.00 iters/s

running (11.8s), 00129/07375 VUs, 86601 complete and 0 interrupted iterations
default   [  78% ] 00129/07375 VUs  11.8s/15s  7375.00 iters/s

running (12.8s), 00468/07375 VUs, 93636 complete and 0 interrupted iterations
default   [  85% ] 00468/07375 VUs  12.8s/15s  7375.00 iters/s

running (13.8s), 00052/07375 VUs, 101428 complete and 0 interrupted iterations
default   [  92% ] 00052/07375 VUs  13.8s/15s  7375.00 iters/s

running (14.8s), 00125/07375 VUs, 108729 complete and 0 interrupted iterations
default   [  98% ] 00125/07375 VUs  14.8s/15s  7375.00 iters/s


  █ TOTAL RESULTS 

    HTTP
    http_req_duration..............: avg=48.01ms min=3.41ms med=39.12ms max=253.8ms  p(90)=95.1ms  p(95)=125.01ms
      { expected_response:true }...: avg=48.01ms min=3.41ms med=39.12ms max=253.8ms  p(90)=95.1ms  p(95)=125.01ms
    http_req_failed................: 0.00%  0 out of 110553
    http_reqs......................: 110553 7365.253663/s

    EXECUTION
    iteration_duration.............: avg=48.36ms min=3.53ms med=39.24ms max=254.03ms p(90)=96.05ms p(95)=126.23ms
    iterations.....................: 110553 7365.253663/s
    vus............................: 126    min=52          max=970 
    vus_max........................: 7375   min=7375        max=7375

    NETWORK
    data_received..................: 25 MB  1.7 MB/s
    data_sent......................: 36 MB  2.4 MB/s




running (15.0s), 00000/07375 VUs, 110544 complete and 82 interrupted iterations
default ✓ [ 100% ] 00082/07375 VUs  15s  7375.00 iters/s
