
         /\      Grafana   /‾‾/  
    /\  /  \     |\  __   /  /   
   /  \/    \    | |/ /  /   ‾‾\ 
  /          \   |   (  |  (‾)  |
 / __________ \  |_|\_\  \_____/ 

     execution: local
        script: workflow/spin/k6_open_client.js
        output: -

     scenarios: (100.00%) 1 scenario, 10000 max VUs, 15s max duration (incl. graceful stop):
              * default: 3750.00 iterations/s for 15s (maxVUs: 3750-10000)


running (00.9s), 00337/03750 VUs, 2941 complete and 0 interrupted iterations
default   [   6% ] 00337/03750 VUs  00.9s/15s  3750.00 iters/s

running (01.9s), 00388/03750 VUs, 6640 complete and 0 interrupted iterations
default   [  12% ] 00388/03750 VUs  01.9s/15s  3750.00 iters/s

running (02.9s), 00409/03750 VUs, 10367 complete and 0 interrupted iterations
default   [  19% ] 00409/03750 VUs  02.9s/15s  3750.00 iters/s

running (03.9s), 00391/03750 VUs, 14137 complete and 0 interrupted iterations
default   [  26% ] 00391/03750 VUs  03.9s/15s  3750.00 iters/s

running (04.9s), 00360/03750 VUs, 17915 complete and 0 interrupted iterations
default   [  32% ] 00360/03750 VUs  04.9s/15s  3750.00 iters/s

running (05.9s), 00304/03750 VUs, 21724 complete and 0 interrupted iterations
default   [  39% ] 00304/03750 VUs  05.9s/15s  3750.00 iters/s

running (06.9s), 00315/03750 VUs, 25463 complete and 0 interrupted iterations
default   [  46% ] 00315/03750 VUs  06.9s/15s  3750.00 iters/s

running (07.9s), 00328/03750 VUs, 29200 complete and 0 interrupted iterations
default   [  52% ] 00328/03750 VUs  07.9s/15s  3750.00 iters/s

running (08.9s), 00366/03750 VUs, 32912 complete and 0 interrupted iterations
default   [  59% ] 00366/03750 VUs  08.9s/15s  3750.00 iters/s

running (09.9s), 00390/03750 VUs, 36639 complete and 0 interrupted iterations
default   [  66% ] 00390/03750 VUs  09.9s/15s  3750.00 iters/s

running (10.9s), 00411/03750 VUs, 40366 complete and 0 interrupted iterations
default   [  72% ] 00411/03750 VUs  10.9s/15s  3750.00 iters/s

running (11.9s), 00374/03750 VUs, 44155 complete and 0 interrupted iterations
default   [  79% ] 00374/03750 VUs  11.9s/15s  3750.00 iters/s

running (12.9s), 00486/03750 VUs, 47792 complete and 0 interrupted iterations
default   [  86% ] 00486/03750 VUs  12.9s/15s  3750.00 iters/s

running (13.9s), 00287/03750 VUs, 51742 complete and 0 interrupted iterations
default   [  92% ] 00287/03750 VUs  13.9s/15s  3750.00 iters/s

running (14.9s), 00318/03750 VUs, 55463 complete and 0 interrupted iterations
default   [  99% ] 00318/03750 VUs  14.9s/15s  3750.00 iters/s


  █ TOTAL RESULTS 

    HTTP
    http_req_duration..............: avg=91.5ms  min=44.76ms med=90.68ms max=142.13ms p(90)=104.71ms p(95)=109.66ms
      { expected_response:true }...: avg=91.5ms  min=44.76ms med=90.68ms max=142.13ms p(90)=104.71ms p(95)=109.66ms
    http_req_failed................: 0.00% 0 out of 55888
    http_reqs......................: 55888 3723.947621/s

    EXECUTION
    iteration_duration.............: avg=91.59ms min=44.98ms med=90.78ms max=142.27ms p(90)=104.85ms p(95)=109.81ms
    iterations.....................: 55888 3723.947621/s
    vus............................: 317   min=287        max=486 
    vus_max........................: 3750  min=3750       max=3750

    NETWORK
    data_received..................: 11 MB 756 kB/s
    data_sent......................: 11 MB 719 kB/s




running (15.0s), 00000/03750 VUs, 55874 complete and 375 interrupted iterations
default ✓ [ 100% ] 00375/03750 VUs  15s  3750.00 iters/s
