
         /\      Grafana   /‾‾/  
    /\  /  \     |\  __   /  /   
   /  \/    \    | |/ /  /   ‾‾\ 
  /          \   |   (  |  (‾)  |
 / __________ \  |_|\_\  \_____/ 

     execution: local
        script: workflow/spin/k6_open_client.js
        output: -

     scenarios: (100.00%) 1 scenario, 10000 max VUs, 15s max duration (incl. graceful stop):
              * default: 3960.00 iterations/s for 15s (maxVUs: 3960-10000)


running (00.9s), 00282/03960 VUs, 3163 complete and 0 interrupted iterations
default   [   6% ] 00282/03960 VUs  00.9s/15s  3960.00 iters/s

running (01.9s), 00217/03960 VUs, 7184 complete and 0 interrupted iterations
default   [  12% ] 00217/03960 VUs  01.9s/15s  3960.00 iters/s

running (02.9s), 00303/03960 VUs, 11062 complete and 0 interrupted iterations
default   [  19% ] 00303/03960 VUs  02.9s/15s  3960.00 iters/s

running (03.9s), 00251/03960 VUs, 15074 complete and 0 interrupted iterations
default   [  26% ] 00252/03960 VUs  03.9s/15s  3960.00 iters/s

running (04.9s), 00260/03960 VUs, 19024 complete and 0 interrupted iterations
default   [  32% ] 00260/03960 VUs  04.9s/15s  3960.00 iters/s

running (05.9s), 00181/03960 VUs, 23060 complete and 0 interrupted iterations
default   [  39% ] 00181/03960 VUs  05.9s/15s  3960.00 iters/s

running (06.9s), 00260/03960 VUs, 26945 complete and 0 interrupted iterations
default   [  46% ] 00260/03960 VUs  06.9s/15s  3960.00 iters/s

running (07.9s), 00239/03960 VUs, 30925 complete and 0 interrupted iterations
default   [  52% ] 00238/03960 VUs  07.9s/15s  3960.00 iters/s

running (08.9s), 00298/03960 VUs, 34827 complete and 0 interrupted iterations
default   [  59% ] 00298/03960 VUs  08.9s/15s  3960.00 iters/s

running (09.9s), 00240/03960 VUs, 38847 complete and 0 interrupted iterations
default   [  66% ] 00241/03960 VUs  09.9s/15s  3960.00 iters/s

running (10.9s), 00234/03960 VUs, 42810 complete and 0 interrupted iterations
default   [  72% ] 00234/03960 VUs  10.9s/15s  3960.00 iters/s

running (11.9s), 00236/03960 VUs, 46769 complete and 0 interrupted iterations
default   [  79% ] 00236/03960 VUs  11.9s/15s  3960.00 iters/s

running (12.9s), 00344/03960 VUs, 50618 complete and 0 interrupted iterations
default   [  86% ] 00344/03960 VUs  12.9s/15s  3960.00 iters/s

running (13.9s), 00322/03960 VUs, 54603 complete and 0 interrupted iterations
default   [  92% ] 00322/03960 VUs  13.9s/15s  3960.00 iters/s

running (14.9s), 00239/03960 VUs, 58646 complete and 0 interrupted iterations
default   [  99% ] 00239/03960 VUs  14.9s/15s  3960.00 iters/s


  █ TOTAL RESULTS 

    HTTP
    http_req_duration..............: avg=65.99ms min=41.61ms med=64.43ms max=139.96ms p(90)=76.49ms p(95)=83.24ms
      { expected_response:true }...: avg=65.99ms min=41.61ms med=64.43ms max=139.96ms p(90)=76.49ms p(95)=83.24ms
    http_req_failed................: 0.00% 0 out of 59157
    http_reqs......................: 59157 3941.793568/s

    EXECUTION
    iteration_duration.............: avg=66.09ms min=41.76ms med=64.53ms max=140.28ms p(90)=76.58ms p(95)=83.34ms
    iterations.....................: 59157 3941.793568/s
    vus............................: 239   min=185        max=347 
    vus_max........................: 3960  min=3960       max=3960

    NETWORK
    data_received..................: 12 MB 800 kB/s
    data_sent......................: 11 MB 760 kB/s




running (15.0s), 00000/03960 VUs, 59141 complete and 261 interrupted iterations
default ✓ [ 100% ] 00261/03960 VUs  15s  3960.00 iters/s
