
         /\      Grafana   /‾‾/  
    /\  /  \     |\  __   /  /   
   /  \/    \    | |/ /  /   ‾‾\ 
  /          \   |   (  |  (‾)  |
 / __________ \  |_|\_\  \_____/ 

     execution: local
        script: workflow/spin/k6_open_client.js
        output: -

     scenarios: (100.00%) 1 scenario, 10000 max VUs, 15s max duration (incl. graceful stop):
              * default: 2687.00 iterations/s for 15s (maxVUs: 2687-10000)


running (00.9s), 00089/02687 VUs, 2344 complete and 0 interrupted iterations
default   [   6% ] 00089/02687 VUs  00.9s/15s  2687.00 iters/s

running (01.9s), 00066/02687 VUs, 5054 complete and 0 interrupted iterations
default   [  13% ] 00066/02687 VUs  01.9s/15s  2687.00 iters/s

running (02.9s), 00086/02687 VUs, 7723 complete and 0 interrupted iterations
default   [  19% ] 00086/02687 VUs  02.9s/15s  2687.00 iters/s

running (03.9s), 00113/02687 VUs, 10381 complete and 0 interrupted iterations
default   [  26% ] 00113/02687 VUs  03.9s/15s  2687.00 iters/s

running (04.9s), 00110/02687 VUs, 13070 complete and 0 interrupted iterations
default   [  33% ] 00111/02687 VUs  04.9s/15s  2687.00 iters/s

running (05.9s), 00081/02687 VUs, 15787 complete and 0 interrupted iterations
default   [  39% ] 00081/02687 VUs  05.9s/15s  2687.00 iters/s

running (06.9s), 00079/02687 VUs, 18476 complete and 0 interrupted iterations
default   [  46% ] 00079/02687 VUs  06.9s/15s  2687.00 iters/s

running (07.9s), 00062/02687 VUs, 21180 complete and 0 interrupted iterations
default   [  53% ] 00062/02687 VUs  07.9s/15s  2687.00 iters/s

running (08.9s), 00079/02687 VUs, 23850 complete and 0 interrupted iterations
default   [  59% ] 00079/02687 VUs  08.9s/15s  2687.00 iters/s

running (09.9s), 00080/02687 VUs, 26538 complete and 0 interrupted iterations
default   [  66% ] 00080/02687 VUs  09.9s/15s  2687.00 iters/s

running (10.9s), 00071/02687 VUs, 29232 complete and 0 interrupted iterations
default   [  73% ] 00071/02687 VUs  10.9s/15s  2687.00 iters/s

running (11.9s), 00061/02687 VUs, 31931 complete and 0 interrupted iterations
default   [  79% ] 00061/02687 VUs  11.9s/15s  2687.00 iters/s

running (12.9s), 00064/02687 VUs, 34613 complete and 0 interrupted iterations
default   [  86% ] 00064/02687 VUs  12.9s/15s  2687.00 iters/s

running (13.9s), 00087/02687 VUs, 37277 complete and 0 interrupted iterations
default   [  93% ] 00087/02687 VUs  13.9s/15s  2687.00 iters/s

running (14.9s), 00073/02687 VUs, 39978 complete and 0 interrupted iterations
default   [  99% ] 00073/02687 VUs  14.9s/15s  2687.00 iters/s


  █ TOTAL RESULTS 

    HTTP
    http_req_duration..............: avg=30.01ms min=14.97ms med=28.69ms max=63.21ms p(90)=39.06ms p(95)=42.47ms
      { expected_response:true }...: avg=30.01ms min=14.97ms med=28.69ms max=63.21ms p(90)=39.06ms p(95)=42.47ms
    http_req_failed................: 0.00%  0 out of 40239
    http_reqs......................: 40239  2681.859124/s

    EXECUTION
    iteration_duration.............: avg=30.11ms min=15.04ms med=28.78ms max=63.27ms p(90)=39.18ms p(95)=42.6ms 
    iterations.....................: 40239  2681.859124/s
    vus............................: 72     min=60         max=115 
    vus_max........................: 2687   min=2687       max=2687

    NETWORK
    data_received..................: 8.2 MB 544 kB/s
    data_sent......................: 7.7 MB 516 kB/s




running (15.0s), 00000/02687 VUs, 40239 complete and 67 interrupted iterations
default ✓ [ 100% ] 00067/02687 VUs  15s  2687.00 iters/s
