
         /\      Grafana   /‾‾/  
    /\  /  \     |\  __   /  /   
   /  \/    \    | |/ /  /   ‾‾\ 
  /          \   |   (  |  (‾)  |
 / __________ \  |_|\_\  \_____/ 

     execution: local
        script: workflow/social/k6_open_client.js
        output: -

     scenarios: (100.00%) 1 scenario, 10000 max VUs, 15s max duration (incl. graceful stop):
              * default: 1969.00 iterations/s for 15s (maxVUs: 1969-10000)


running (00.9s), 00150/01969 VUs, 1665 complete and 0 interrupted iterations
default   [   6% ] 00150/01969 VUs  00.9s/15s  1969.00 iters/s

running (01.9s), 00024/01969 VUs, 3761 complete and 0 interrupted iterations
default   [  13% ] 00024/01969 VUs  01.9s/15s  1969.00 iters/s

running (02.9s), 00037/01969 VUs, 5716 complete and 0 interrupted iterations
default   [  19% ] 00037/01969 VUs  02.9s/15s  1969.00 iters/s

running (03.9s), 00096/01969 VUs, 7627 complete and 0 interrupted iterations
default   [  26% ] 00096/01969 VUs  03.9s/15s  1969.00 iters/s

running (04.9s), 00033/01969 VUs, 9657 complete and 0 interrupted iterations
default   [  33% ] 00033/01969 VUs  04.9s/15s  1969.00 iters/s

running (05.9s), 00041/01969 VUs, 11619 complete and 0 interrupted iterations
default   [  39% ] 00041/01969 VUs  05.9s/15s  1969.00 iters/s

running (06.9s), 00025/01969 VUs, 13602 complete and 0 interrupted iterations
default   [  46% ] 00025/01969 VUs  06.9s/15s  1969.00 iters/s

running (07.9s), 00047/01969 VUs, 15551 complete and 0 interrupted iterations
default   [  53% ] 00047/01969 VUs  07.9s/15s  1969.00 iters/s

running (08.9s), 00033/01969 VUs, 17532 complete and 0 interrupted iterations
default   [  59% ] 00034/01969 VUs  08.9s/15s  1969.00 iters/s

running (09.9s), 00056/01969 VUs, 19479 complete and 0 interrupted iterations
default   [  66% ] 00056/01969 VUs  09.9s/15s  1969.00 iters/s

running (10.9s), 00073/01969 VUs, 21433 complete and 0 interrupted iterations
default   [  73% ] 00073/01969 VUs  10.9s/15s  1969.00 iters/s

running (11.9s), 00091/01969 VUs, 23383 complete and 0 interrupted iterations
default   [  79% ] 00091/01969 VUs  11.9s/15s  1969.00 iters/s

running (12.9s), 00048/01969 VUs, 25395 complete and 0 interrupted iterations
default   [  86% ] 00048/01969 VUs  12.9s/15s  1969.00 iters/s

running (13.9s), 00024/01969 VUs, 27388 complete and 0 interrupted iterations
default   [  93% ] 00024/01969 VUs  13.9s/15s  1969.00 iters/s

running (14.9s), 00045/01969 VUs, 29336 complete and 0 interrupted iterations
default   [  99% ] 00045/01969 VUs  14.9s/15s  1969.00 iters/s


  █ TOTAL RESULTS 

    HTTP
    http_req_duration..............: avg=29.12ms min=10.1ms  med=25.31ms max=105.36ms p(90)=48.7ms  p(95)=58.46ms
      { expected_response:true }...: avg=29.12ms min=10.1ms  med=25.31ms max=105.36ms p(90)=48.7ms  p(95)=58.46ms
    http_req_failed................: 0.00%  0 out of 29437
    http_reqs......................: 29437  1961.963971/s

    EXECUTION
    iteration_duration.............: avg=29.37ms min=10.21ms med=25.41ms max=128.14ms p(90)=49.44ms p(95)=59.34ms
    iterations.....................: 29437  1961.963971/s
    vus............................: 45     min=23         max=149 
    vus_max........................: 1969   min=1969       max=1969

    NETWORK
    data_received..................: 6.7 MB 443 kB/s
    data_sent......................: 9.7 MB 647 kB/s




running (15.0s), 00000/01969 VUs, 29434 complete and 101 interrupted iterations
default ✓ [ 100% ] 00101/01969 VUs  15s  1969.00 iters/s
