
         /\      Grafana   /‾‾/  
    /\  /  \     |\  __   /  /   
   /  \/    \    | |/ /  /   ‾‾\ 
  /          \   |   (  |  (‾)  |
 / __________ \  |_|\_\  \_____/ 

     execution: local
        script: workflow/response/k6_open_client.js
        output: -

     scenarios: (100.00%) 1 scenario, 10000 max VUs, 15s max duration (incl. graceful stop):
              * default: 1162.00 iterations/s for 15s (maxVUs: 1162-10000)


running (01.0s), 00028/01162 VUs, 1079 complete and 0 interrupted iterations
default   [   6% ] 00028/01162 VUs  01.0s/15s  1162.00 iters/s

running (02.0s), 00003/01162 VUs, 2266 complete and 0 interrupted iterations
default   [  13% ] 00003/01162 VUs  02.0s/15s  1162.00 iters/s

running (03.0s), 00004/01162 VUs, 3427 complete and 0 interrupted iterations
default   [  20% ] 00004/01162 VUs  03.0s/15s  1162.00 iters/s

running (04.0s), 00003/01162 VUs, 4590 complete and 0 interrupted iterations
default   [  26% ] 00003/01162 VUs  04.0s/15s  1162.00 iters/s

running (05.0s), 00002/01162 VUs, 5752 complete and 0 interrupted iterations
default   [  33% ] 00002/01162 VUs  05.0s/15s  1162.00 iters/s

running (06.0s), 00003/01162 VUs, 6913 complete and 0 interrupted iterations
default   [  40% ] 00003/01162 VUs  06.0s/15s  1162.00 iters/s

running (07.0s), 00002/01162 VUs, 8076 complete and 0 interrupted iterations
default   [  46% ] 00002/01162 VUs  07.0s/15s  1162.00 iters/s

running (08.0s), 00003/01162 VUs, 9238 complete and 0 interrupted iterations
default   [  53% ] 00003/01162 VUs  08.0s/15s  1162.00 iters/s

running (09.0s), 00002/01162 VUs, 10400 complete and 0 interrupted iterations
default   [  60% ] 00002/01162 VUs  09.0s/15s  1162.00 iters/s

running (10.0s), 00003/01162 VUs, 11561 complete and 0 interrupted iterations
default   [  66% ] 00003/01162 VUs  10.0s/15s  1162.00 iters/s

running (11.0s), 00003/01162 VUs, 12724 complete and 0 interrupted iterations
default   [  73% ] 00003/01162 VUs  11.0s/15s  1162.00 iters/s

running (12.0s), 00003/01162 VUs, 13886 complete and 0 interrupted iterations
default   [  80% ] 00003/01162 VUs  12.0s/15s  1162.00 iters/s

running (13.0s), 00002/01162 VUs, 15047 complete and 0 interrupted iterations
default   [  86% ] 00003/01162 VUs  13.0s/15s  1162.00 iters/s

running (14.0s), 00002/01162 VUs, 16210 complete and 0 interrupted iterations
default   [  93% ] 00003/01162 VUs  14.0s/15s  1162.00 iters/s

running (15.0s), 00003/01162 VUs, 17372 complete and 0 interrupted iterations
default   [ 100% ] 00003/01162 VUs  15.0s/15s  1162.00 iters/s


  █ TOTAL RESULTS 

    HTTP
    http_req_duration..............: avg=3.18ms min=1.11ms med=2.18ms max=47.61ms p(90)=3ms    p(95)=10.11ms
      { expected_response:true }...: avg=3.18ms min=1.11ms med=2.18ms max=47.61ms p(90)=3ms    p(95)=10.11ms
    http_req_failed................: 0.00%  0 out of 17428
    http_reqs......................: 17428  1161.687734/s

    EXECUTION
    iteration_duration.............: avg=3.43ms min=1.18ms med=2.26ms max=90.09ms p(90)=3.09ms p(95)=10.8ms 
    iterations.....................: 17428  1161.687734/s
    vus............................: 4      min=2          max=28  
    vus_max........................: 1162   min=1162       max=1162

    NETWORK
    data_received..................: 3.5 MB 236 kB/s
    data_sent......................: 3.4 MB 228 kB/s




running (15.0s), 00000/01162 VUs, 17428 complete and 3 interrupted iterations
default ✓ [ 100% ] 00003/01162 VUs  15s  1162.00 iters/s
