
         /\      Grafana   /‾‾/  
    /\  /  \     |\  __   /  /   
   /  \/    \    | |/ /  /   ‾‾\ 
  /          \   |   (  |  (‾)  |
 / __________ \  |_|\_\  \_____/ 

     execution: local
        script: workflow/media/k6_open_review_compose.js
        output: -

     scenarios: (100.00%) 1 scenario, 10000 max VUs, 15s max duration (incl. graceful stop):
              * default: 764.00 iterations/s for 15s (maxVUs: 764-10000)


running (01.0s), 00261/00764 VUs, 474 complete and 0 interrupted iterations
default   [   6% ] 00261/00764 VUs  01.0s/15s  764.00 iters/s

running (02.0s), 00244/00764 VUs, 1254 complete and 0 interrupted iterations
default   [  13% ] 00244/00764 VUs  02.0s/15s  764.00 iters/s

running (03.0s), 00228/00764 VUs, 2034 complete and 0 interrupted iterations
default   [  20% ] 00228/00764 VUs  03.0s/15s  764.00 iters/s

running (04.0s), 00212/00764 VUs, 2815 complete and 0 interrupted iterations
default   [  26% ] 00212/00764 VUs  04.0s/15s  764.00 iters/s

running (05.0s), 00194/00764 VUs, 3596 complete and 0 interrupted iterations
default   [  33% ] 00194/00764 VUs  05.0s/15s  764.00 iters/s

running (06.0s), 00177/00764 VUs, 4377 complete and 0 interrupted iterations
default   [  40% ] 00177/00764 VUs  06.0s/15s  764.00 iters/s

running (07.0s), 00162/00764 VUs, 5157 complete and 0 interrupted iterations
default   [  46% ] 00162/00764 VUs  07.0s/15s  764.00 iters/s

running (08.0s), 00146/00764 VUs, 5937 complete and 0 interrupted iterations
default   [  53% ] 00146/00764 VUs  08.0s/15s  764.00 iters/s

running (09.0s), 00285/00764 VUs, 6562 complete and 0 interrupted iterations
default   [  60% ] 00285/00764 VUs  09.0s/15s  764.00 iters/s

running (10.0s), 00267/00764 VUs, 7344 complete and 0 interrupted iterations
default   [  66% ] 00267/00764 VUs  10.0s/15s  764.00 iters/s

running (11.0s), 00250/00764 VUs, 8125 complete and 0 interrupted iterations
default   [  73% ] 00250/00764 VUs  11.0s/15s  764.00 iters/s

running (12.0s), 00229/00764 VUs, 8910 complete and 0 interrupted iterations
default   [  80% ] 00229/00764 VUs  12.0s/15s  764.00 iters/s

running (13.0s), 00212/00764 VUs, 9691 complete and 0 interrupted iterations
default   [  86% ] 00212/00764 VUs  13.0s/15s  764.00 iters/s

running (14.0s), 00195/00764 VUs, 10471 complete and 0 interrupted iterations
default   [  93% ] 00195/00764 VUs  14.0s/15s  764.00 iters/s

running (15.0s), 00173/00764 VUs, 11251 complete and 0 interrupted iterations
default   [ 100% ] 00178/00764 VUs  15.0s/15s  764.00 iters/s


  █ TOTAL RESULTS 

    HTTP
    http_req_duration..............: avg=284.84ms min=178.31ms med=284.98ms max=396.68ms p(90)=356.74ms p(95)=366.43ms
      { expected_response:true }...: avg=284.84ms min=178.31ms med=284.98ms max=396.68ms p(90)=356.74ms p(95)=366.43ms
    http_req_failed................: 0.00%  0 out of 11251
    http_reqs......................: 11251  749.931906/s

    EXECUTION
    iteration_duration.............: avg=284.95ms min=178.41ms med=285.1ms  max=397.09ms p(90)=356.86ms p(95)=366.56ms
    iterations.....................: 11251  749.931906/s
    vus............................: 173    min=146        max=285
    vus_max........................: 764    min=764        max=764

    NETWORK
    data_received..................: 2.6 MB 173 kB/s
    data_sent......................: 6.4 MB 425 kB/s




running (15.0s), 00000/00764 VUs, 11251 complete and 209 interrupted iterations
default ✓ [ 100% ] 00209/00764 VUs  15s  764.00 iters/s
