
         /\      Grafana   /‾‾/  
    /\  /  \     |\  __   /  /   
   /  \/    \    | |/ /  /   ‾‾\ 
  /          \   |   (  |  (‾)  |
 / __________ \  |_|\_\  \_____/ 

     execution: local
        script: workflow/spin/k6_open_client.js
        output: -

     scenarios: (100.00%) 1 scenario, 10000 max VUs, 15s max duration (incl. graceful stop):
              * default: 4400.00 iterations/s for 15s (maxVUs: 4400-10000)


running (00.9s), 00500/04400 VUs, 3277 complete and 0 interrupted iterations
default   [   6% ] 00499/04400 VUs  00.9s/15s  4400.00 iters/s

running (01.9s), 00454/04400 VUs, 7727 complete and 0 interrupted iterations
default   [  12% ] 00454/04400 VUs  01.9s/15s  4400.00 iters/s

running (02.9s), 00460/04400 VUs, 12117 complete and 0 interrupted iterations
default   [  19% ] 00460/04400 VUs  02.9s/15s  4400.00 iters/s

running (03.9s), 00478/04400 VUs, 16496 complete and 0 interrupted iterations
default   [  26% ] 00478/04400 VUs  03.9s/15s  4400.00 iters/s

running (04.9s), 00485/04400 VUs, 20892 complete and 0 interrupted iterations
default   [  32% ] 00485/04400 VUs  04.9s/15s  4400.00 iters/s

running (05.9s), 00423/04400 VUs, 25355 complete and 0 interrupted iterations
default   [  39% ] 00423/04400 VUs  05.9s/15s  4400.00 iters/s

running (06.9s), 00407/04400 VUs, 29767 complete and 0 interrupted iterations
default   [  46% ] 00407/04400 VUs  06.9s/15s  4400.00 iters/s

running (07.9s), 00432/04400 VUs, 34148 complete and 0 interrupted iterations
default   [  52% ] 00432/04400 VUs  07.9s/15s  4400.00 iters/s

running (08.9s), 00515/04400 VUs, 38463 complete and 0 interrupted iterations
default   [  59% ] 00515/04400 VUs  08.9s/15s  4400.00 iters/s

running (09.9s), 00470/04400 VUs, 42908 complete and 0 interrupted iterations
default   [  66% ] 00470/04400 VUs  09.9s/15s  4400.00 iters/s

running (10.9s), 00559/04400 VUs, 47219 complete and 0 interrupted iterations
default   [  72% ] 00559/04400 VUs  10.9s/15s  4400.00 iters/s

running (11.9s), 00550/04400 VUs, 51627 complete and 0 interrupted iterations
default   [  79% ] 00550/04400 VUs  11.9s/15s  4400.00 iters/s

running (12.9s), 00441/04400 VUs, 56137 complete and 0 interrupted iterations
default   [  86% ] 00441/04400 VUs  12.9s/15s  4400.00 iters/s

running (13.9s), 00482/04400 VUs, 60496 complete and 0 interrupted iterations
default   [  92% ] 00481/04400 VUs  13.9s/15s  4400.00 iters/s

running (14.9s), 00515/04400 VUs, 64863 complete and 0 interrupted iterations
default   [  99% ] 00515/04400 VUs  14.9s/15s  4400.00 iters/s


  █ TOTAL RESULTS 

    HTTP
    http_req_duration..............: avg=109.55ms min=78.25ms med=108.33ms max=177.85ms p(90)=122.59ms p(95)=128.06ms
      { expected_response:true }...: avg=109.55ms min=78.25ms med=108.33ms max=177.85ms p(90)=122.59ms p(95)=128.06ms
    http_req_failed................: 0.00% 0 out of 65573
    http_reqs......................: 65573 4369.060796/s

    EXECUTION
    iteration_duration.............: avg=109.66ms min=78.37ms med=108.42ms max=178.09ms p(90)=122.72ms p(95)=128.24ms
    iterations.....................: 65573 4369.060796/s
    vus............................: 515   min=412        max=559 
    vus_max........................: 4400  min=4400       max=4400

    NETWORK
    data_received..................: 13 MB 887 kB/s
    data_sent......................: 13 MB 844 kB/s




running (15.0s), 00000/04400 VUs, 65555 complete and 446 interrupted iterations
default ✓ [ 100% ] 00446/04400 VUs  15s  4400.00 iters/s
