
         /\      Grafana   /‾‾/  
    /\  /  \     |\  __   /  /   
   /  \/    \    | |/ /  /   ‾‾\ 
  /          \   |   (  |  (‾)  |
 / __________ \  |_|\_\  \_____/ 

     execution: local
        script: workflow/online_boutique/k6_open_add_to_cart.js
        output: -

     scenarios: (100.00%) 1 scenario, 10000 max VUs, 15s max duration (incl. graceful stop):
              * default: 1174.00 iterations/s for 15s (maxVUs: 1174-10000)


running (01.0s), 00200/01174 VUs, 917 complete and 0 interrupted iterations
default   [   6% ] 00200/01174 VUs  01.0s/15s  1174.00 iters/s

running (02.0s), 00401/01174 VUs, 1890 complete and 0 interrupted iterations
default   [  13% ] 00401/01174 VUs  02.0s/15s  1174.00 iters/s

running (03.0s), 00579/01174 VUs, 2886 complete and 0 interrupted iterations
default   [  20% ] 00579/01174 VUs  03.0s/15s  1174.00 iters/s

running (04.0s), 00736/01174 VUs, 3903 complete and 0 interrupted iterations
default   [  26% ] 00736/01174 VUs  04.0s/15s  1174.00 iters/s

running (05.0s), 00893/01174 VUs, 4920 complete and 0 interrupted iterations
default   [  33% ] 00893/01174 VUs  05.0s/15s  1174.00 iters/s

running (06.0s), 01042/01174 VUs, 5945 complete and 0 interrupted iterations
default   [  40% ] 01042/01174 VUs  06.0s/15s  1174.00 iters/s

running (07.0s), 01187/01187 VUs, 6958 complete and 0 interrupted iterations
default   [  46% ] 01187/01187 VUs  07.0s/15s  1174.00 iters/s

running (08.0s), 01259/01260 VUs, 7984 complete and 0 interrupted iterations
default   [  53% ] 01259/01260 VUs  08.0s/15s  1174.00 iters/s

running (09.0s), 01332/01332 VUs, 9010 complete and 0 interrupted iterations
default   [  60% ] 01332/01332 VUs  09.0s/15s  1174.00 iters/s

running (10.0s), 01402/01402 VUs, 10036 complete and 0 interrupted iterations
default   [  66% ] 01402/01402 VUs  10.0s/15s  1174.00 iters/s

running (11.0s), 01469/01470 VUs, 11074 complete and 0 interrupted iterations
default   [  73% ] 01469/01470 VUs  11.0s/15s  1174.00 iters/s

running (12.0s), 01531/01532 VUs, 12107 complete and 0 interrupted iterations
default   [  80% ] 01531/01532 VUs  12.0s/15s  1174.00 iters/s

running (13.0s), 01617/01617 VUs, 13107 complete and 0 interrupted iterations
default   [  86% ] 01617/01617 VUs  13.0s/15s  1174.00 iters/s

running (14.0s), 01680/01681 VUs, 14148 complete and 0 interrupted iterations
default   [  93% ] 01680/01681 VUs  14.0s/15s  1174.00 iters/s

running (15.0s), 01747/01747 VUs, 15187 complete and 0 interrupted iterations
default   [ 100% ] 01747/01747 VUs  15.0s/15s  1174.00 iters/s


  █ TOTAL RESULTS 

    CUSTOM
    online_boutique_application_errors...: 0.00%  0 out of 15236

    HTTP
    http_req_duration....................: avg=978.62ms min=2.61ms med=1.1s max=1.59s p(90)=1.51s p(95)=1.54s
      { expected_response:true }.........: avg=978.62ms min=2.61ms med=1.1s max=1.59s p(90)=1.51s p(95)=1.54s
    http_req_failed......................: 0.00%  0 out of 15240
    http_reqs............................: 15240  1014.124658/s

    EXECUTION
    dropped_iterations...................: 627    41.722845/s
    iteration_duration...................: avg=978.84ms min=3.17ms med=1.1s max=1.6s  p(90)=1.51s p(95)=1.54s
    iterations...........................: 15236  1013.858483/s
    vus..................................: 1746   min=200        max=1746
    vus_max..............................: 1747   min=1174       max=1747

    NETWORK
    data_received........................: 13 MB  875 kB/s
    data_sent............................: 4.4 MB 293 kB/s




running (15.0s), 00000/01754 VUs, 15234 complete and 1750 interrupted iterations
default ✓ [ 100% ] 01750/01754 VUs  15s  1174.00 iters/s
