
         /\      Grafana   /‾‾/  
    /\  /  \     |\  __   /  /   
   /  \/    \    | |/ /  /   ‾‾\ 
  /          \   |   (  |  (‾)  |
 / __________ \  |_|\_\  \_____/ 

     execution: local
        script: workflow/response/k6_open_client.js
        output: -

     scenarios: (100.00%) 1 scenario, 100000 max VUs, 15s max duration (incl. graceful stop):
              * default: 5859.00 iterations/s for 15s (maxVUs: 5859-100000)


running (00.8s), 000779/005859 VUs, 4028 complete and 0 interrupted iterations
default   [   5% ] 000780/005859 VUs  00.8s/15s  5859.00 iters/s

running (01.8s), 000582/005859 VUs, 10073 complete and 0 interrupted iterations
default   [  12% ] 000582/005859 VUs  01.8s/15s  5859.00 iters/s

running (02.8s), 000560/005859 VUs, 15961 complete and 0 interrupted iterations
default   [  19% ] 000560/005859 VUs  02.8s/15s  5859.00 iters/s

running (03.8s), 000452/005859 VUs, 21923 complete and 0 interrupted iterations
default   [  25% ] 000451/005859 VUs  03.8s/15s  5859.00 iters/s

running (04.8s), 000335/005859 VUs, 27899 complete and 0 interrupted iterations
default   [  32% ] 000335/005859 VUs  04.8s/15s  5859.00 iters/s

running (05.8s), 000354/005859 VUs, 33739 complete and 0 interrupted iterations
default   [  39% ] 000354/005859 VUs  05.8s/15s  5859.00 iters/s

running (06.8s), 000345/005859 VUs, 39607 complete and 0 interrupted iterations
default   [  45% ] 000345/005859 VUs  06.8s/15s  5859.00 iters/s

running (07.8s), 000294/005859 VUs, 45517 complete and 0 interrupted iterations
default   [  52% ] 000294/005859 VUs  07.8s/15s  5859.00 iters/s

running (08.8s), 000279/005859 VUs, 51391 complete and 0 interrupted iterations
default   [  59% ] 000278/005859 VUs  08.8s/15s  5859.00 iters/s

running (09.8s), 000292/005859 VUs, 57237 complete and 0 interrupted iterations
default   [  65% ] 000292/005859 VUs  09.8s/15s  5859.00 iters/s

running (10.8s), 000400/005859 VUs, 62989 complete and 0 interrupted iterations
default   [  72% ] 000400/005859 VUs  10.8s/15s  5859.00 iters/s

running (11.8s), 000280/005859 VUs, 68967 complete and 0 interrupted iterations
default   [  79% ] 000280/005859 VUs  11.8s/15s  5859.00 iters/s

running (12.8s), 000300/005859 VUs, 74806 complete and 0 interrupted iterations
default   [  85% ] 000300/005859 VUs  12.8s/15s  5859.00 iters/s

running (13.8s), 000255/005859 VUs, 80710 complete and 0 interrupted iterations
default   [  92% ] 000255/005859 VUs  13.8s/15s  5859.00 iters/s

running (14.8s), 000259/005859 VUs, 86565 complete and 0 interrupted iterations
default   [  99% ] 000259/005859 VUs  14.8s/15s  5859.00 iters/s


  █ TOTAL RESULTS 

    HTTP
    http_req_duration..............: avg=63.91ms min=36.17ms med=53.88ms max=185.21ms p(90)=101.39ms p(95)=116.45ms
      { expected_response:true }...: avg=63.91ms min=36.17ms med=53.88ms max=185.21ms p(90)=101.39ms p(95)=116.45ms
    http_req_failed................: 0.00% 0 out of 87608
    http_reqs......................: 87608 5836.651253/s

    EXECUTION
    iteration_duration.............: avg=64.11ms min=36.24ms med=53.97ms max=185.46ms p(90)=101.49ms p(95)=116.78ms
    iterations.....................: 87608 5836.651253/s
    vus............................: 258   min=251        max=780 
    vus_max........................: 5859  min=5859       max=5859

    NETWORK
    data_received..................: 18 MB 1.2 MB/s
    data_sent......................: 17 MB 1.1 MB/s




running (15.0s), 000000/005859 VUs, 87601 complete and 285 interrupted iterations
default ✓ [ 100% ] 000285/005859 VUs  15s  5859.00 iters/s
