
         /\      Grafana   /‾‾/  
    /\  /  \     |\  __   /  /   
   /  \/    \    | |/ /  /   ‾‾\ 
  /          \   |   (  |  (‾)  |
 / __________ \  |_|\_\  \_____/ 

     execution: local
        script: workflow/spin/k6_open_client.js
        output: -

     scenarios: (100.00%) 1 scenario, 10000 max VUs, 15s max duration (incl. graceful stop):
              * default: 3561.00 iterations/s for 15s (maxVUs: 3561-10000)


running (00.9s), 00201/03561 VUs, 2934 complete and 0 interrupted iterations
default   [   6% ] 00201/03561 VUs  00.9s/15s  3561.00 iters/s

running (01.9s), 00258/03561 VUs, 6438 complete and 0 interrupted iterations
default   [  13% ] 00258/03561 VUs  01.9s/15s  3561.00 iters/s

running (02.9s), 00228/03561 VUs, 10030 complete and 0 interrupted iterations
default   [  19% ] 00228/03561 VUs  02.9s/15s  3561.00 iters/s

running (03.9s), 00244/03561 VUs, 13575 complete and 0 interrupted iterations
default   [  26% ] 00244/03561 VUs  03.9s/15s  3561.00 iters/s

running (04.9s), 00236/03561 VUs, 17143 complete and 0 interrupted iterations
default   [  33% ] 00236/03561 VUs  04.9s/15s  3561.00 iters/s

running (05.9s), 00233/03561 VUs, 20707 complete and 0 interrupted iterations
default   [  39% ] 00233/03561 VUs  05.9s/15s  3561.00 iters/s

running (06.9s), 00302/03561 VUs, 24202 complete and 0 interrupted iterations
default   [  46% ] 00302/03561 VUs  06.9s/15s  3561.00 iters/s

running (07.9s), 00256/03561 VUs, 27807 complete and 0 interrupted iterations
default   [  53% ] 00256/03561 VUs  07.9s/15s  3561.00 iters/s

running (08.9s), 00224/03561 VUs, 31397 complete and 0 interrupted iterations
default   [  59% ] 00224/03561 VUs  08.9s/15s  3561.00 iters/s

running (09.9s), 00295/03561 VUs, 34887 complete and 0 interrupted iterations
default   [  66% ] 00295/03561 VUs  09.9s/15s  3561.00 iters/s

running (10.9s), 00254/03561 VUs, 38491 complete and 0 interrupted iterations
default   [  73% ] 00255/03561 VUs  10.9s/15s  3561.00 iters/s

running (11.9s), 00250/03561 VUs, 42057 complete and 0 interrupted iterations
default   [  79% ] 00250/03561 VUs  11.9s/15s  3561.00 iters/s

running (12.9s), 00174/03561 VUs, 45695 complete and 0 interrupted iterations
default   [  86% ] 00174/03561 VUs  12.9s/15s  3561.00 iters/s

running (13.9s), 00226/03561 VUs, 49203 complete and 0 interrupted iterations
default   [  93% ] 00226/03561 VUs  13.9s/15s  3561.00 iters/s

running (14.9s), 00233/03561 VUs, 52757 complete and 0 interrupted iterations
default   [  99% ] 00233/03561 VUs  14.9s/15s  3561.00 iters/s


  █ TOTAL RESULTS 

    HTTP
    http_req_duration..............: avg=65.58ms min=44.66ms med=64.6ms  max=97.07ms p(90)=77.42ms p(95)=81.87ms
      { expected_response:true }...: avg=65.58ms min=44.66ms med=64.6ms  max=97.07ms p(90)=77.42ms p(95)=81.87ms
    http_req_failed................: 0.00% 0 out of 53170
    http_reqs......................: 53170 3543.107874/s

    EXECUTION
    iteration_duration.............: avg=65.68ms min=44.74ms med=64.69ms max=97.15ms p(90)=77.53ms p(95)=81.97ms
    iterations.....................: 53170 3543.107874/s
    vus............................: 233   min=171        max=302 
    vus_max........................: 3561  min=3561       max=3561

    NETWORK
    data_received..................: 11 MB 719 kB/s
    data_sent......................: 10 MB 683 kB/s




running (15.0s), 00000/03561 VUs, 53165 complete and 251 interrupted iterations
default ✓ [ 100% ] 00251/03561 VUs  15s  3561.00 iters/s
