
         /\      Grafana   /‾‾/  
    /\  /  \     |\  __   /  /   
   /  \/    \    | |/ /  /   ‾‾\ 
  /          \   |   (  |  (‾)  |
 / __________ \  |_|\_\  \_____/ 

     execution: local
        script: workflow/response/k6_open_client.js
        output: -

     scenarios: (100.00%) 1 scenario, 100000 max VUs, 15s max duration (incl. graceful stop):
              * default: 5156.00 iterations/s for 15s (maxVUs: 5156-100000)


running (00.9s), 000827/005156 VUs, 3397 complete and 0 interrupted iterations
default   [   6% ] 000827/005156 VUs  00.9s/15s  5156.00 iters/s

running (01.8s), 000775/005156 VUs, 8708 complete and 0 interrupted iterations
default   [  12% ] 000775/005156 VUs  01.8s/15s  5156.00 iters/s

running (02.8s), 000318/005156 VUs, 14322 complete and 0 interrupted iterations
default   [  19% ] 000318/005156 VUs  02.8s/15s  5156.00 iters/s

running (03.8s), 000228/005156 VUs, 19570 complete and 0 interrupted iterations
default   [  26% ] 000228/005156 VUs  03.8s/15s  5156.00 iters/s

running (04.8s), 000256/005156 VUs, 24690 complete and 0 interrupted iterations
default   [  32% ] 000256/005156 VUs  04.8s/15s  5156.00 iters/s

running (05.8s), 000250/005156 VUs, 29856 complete and 0 interrupted iterations
default   [  39% ] 000250/005156 VUs  05.8s/15s  5156.00 iters/s

running (06.8s), 000291/005156 VUs, 34971 complete and 0 interrupted iterations
default   [  46% ] 000291/005156 VUs  06.8s/15s  5156.00 iters/s

running (07.8s), 000269/005156 VUs, 40149 complete and 0 interrupted iterations
default   [  52% ] 000269/005156 VUs  07.8s/15s  5156.00 iters/s

running (08.8s), 000201/005156 VUs, 45373 complete and 0 interrupted iterations
default   [  59% ] 000201/005156 VUs  08.8s/15s  5156.00 iters/s

running (09.8s), 000236/005156 VUs, 50493 complete and 0 interrupted iterations
default   [  66% ] 000236/005156 VUs  09.8s/15s  5156.00 iters/s

running (10.8s), 000263/005156 VUs, 55626 complete and 0 interrupted iterations
default   [  72% ] 000262/005156 VUs  10.8s/15s  5156.00 iters/s

running (11.8s), 000192/005156 VUs, 60850 complete and 0 interrupted iterations
default   [  79% ] 000192/005156 VUs  11.8s/15s  5156.00 iters/s

running (12.8s), 000282/005156 VUs, 65916 complete and 0 interrupted iterations
default   [  86% ] 000282/005156 VUs  12.8s/15s  5156.00 iters/s

running (13.8s), 000196/005156 VUs, 71158 complete and 0 interrupted iterations
default   [  92% ] 000197/005156 VUs  13.8s/15s  5156.00 iters/s

running (14.8s), 000232/005156 VUs, 76278 complete and 0 interrupted iterations
default   [  99% ] 000232/005156 VUs  14.8s/15s  5156.00 iters/s


  █ TOTAL RESULTS 

    HTTP
    http_req_duration..............: avg=62.55ms min=33.72ms med=47.99ms max=333.92ms p(90)=132.08ms p(95)=161.59ms
      { expected_response:true }...: avg=62.55ms min=33.72ms med=47.99ms max=333.92ms p(90)=132.08ms p(95)=161.59ms
    http_req_failed................: 0.00% 0 out of 77052
    http_reqs......................: 77052 5133.692606/s

    EXECUTION
    iteration_duration.............: avg=63.97ms min=33.84ms med=48.08ms max=418.98ms p(90)=136.98ms p(95)=166.46ms
    iterations.....................: 77052 5133.692606/s
    vus............................: 233   min=192        max=829 
    vus_max........................: 5156  min=5156       max=5156

    NETWORK
    data_received..................: 16 MB 1.0 MB/s
    data_sent......................: 15 MB 1.0 MB/s




running (15.0s), 000000/005156 VUs, 77046 complete and 295 interrupted iterations
default ✓ [ 100% ] 000295/005156 VUs  15s  5156.00 iters/s
