
         /\      Grafana   /‾‾/  
    /\  /  \     |\  __   /  /   
   /  \/    \    | |/ /  /   ‾‾\ 
  /          \   |   (  |  (‾)  |
 / __________ \  |_|\_\  \_____/ 

     execution: local
        script: workflow/write/k6_open_client.js
        output: -

     scenarios: (100.00%) 1 scenario, 10000 max VUs, 15s max duration (incl. graceful stop):
              * default: 5625.00 iterations/s for 15s (maxVUs: 5625-10000)


running (00.8s), 00681/05625 VUs, 3925 complete and 0 interrupted iterations
default   [   6% ] 00681/05625 VUs  00.8s/15s  5625.00 iters/s

running (01.8s), 00657/05625 VUs, 9591 complete and 0 interrupted iterations
default   [  12% ] 00657/05625 VUs  01.8s/15s  5625.00 iters/s

running (02.8s), 00572/05625 VUs, 15301 complete and 0 interrupted iterations
default   [  19% ] 00572/05625 VUs  02.8s/15s  5625.00 iters/s

running (03.8s), 00689/05625 VUs, 20809 complete and 0 interrupted iterations
default   [  25% ] 00689/05625 VUs  03.8s/15s  5625.00 iters/s

running (04.8s), 00617/05625 VUs, 26509 complete and 0 interrupted iterations
default   [  32% ] 00617/05625 VUs  04.8s/15s  5625.00 iters/s

running (05.8s), 00483/05625 VUs, 32265 complete and 0 interrupted iterations
default   [  39% ] 00483/05625 VUs  05.8s/15s  5625.00 iters/s

running (06.8s), 00600/05625 VUs, 37773 complete and 0 interrupted iterations
default   [  45% ] 00600/05625 VUs  06.8s/15s  5625.00 iters/s

running (07.8s), 00589/05625 VUs, 43405 complete and 0 interrupted iterations
default   [  52% ] 00589/05625 VUs  07.8s/15s  5625.00 iters/s

running (08.8s), 00714/05625 VUs, 48909 complete and 0 interrupted iterations
default   [  59% ] 00714/05625 VUs  08.8s/15s  5625.00 iters/s

running (09.8s), 00816/05625 VUs, 54432 complete and 0 interrupted iterations
default   [  65% ] 00816/05625 VUs  09.8s/15s  5625.00 iters/s

running (10.8s), 00409/05625 VUs, 60464 complete and 0 interrupted iterations
default   [  72% ] 00409/05625 VUs  10.8s/15s  5625.00 iters/s

running (11.8s), 00563/05625 VUs, 65935 complete and 0 interrupted iterations
default   [  79% ] 00562/05625 VUs  11.8s/15s  5625.00 iters/s

running (12.8s), 00243/05625 VUs, 71880 complete and 0 interrupted iterations
default   [  85% ] 00242/05625 VUs  12.8s/15s  5625.00 iters/s

running (13.8s), 00327/05625 VUs, 77421 complete and 0 interrupted iterations
default   [  92% ] 00327/05625 VUs  13.8s/15s  5625.00 iters/s

running (14.8s), 00231/05625 VUs, 83142 complete and 0 interrupted iterations
default   [  99% ] 00231/05625 VUs  14.8s/15s  5625.00 iters/s


  █ TOTAL RESULTS 

    HTTP
    http_req_duration..............: avg=98.56ms min=36.77ms med=104.56ms max=195.17ms p(90)=132.16ms p(95)=137.85ms
      { expected_response:true }...: avg=98.56ms min=36.77ms med=104.56ms max=195.17ms p(90)=132.16ms p(95)=137.85ms
    http_req_failed................: 0.00%  0 out of 84080
    http_reqs......................: 84080  5601.865525/s

    EXECUTION
    iteration_duration.............: avg=98.84ms min=36.82ms med=104.95ms max=195.4ms  p(90)=132.43ms p(95)=138.04ms
    iterations.....................: 84080  5601.865525/s
    vus............................: 232    min=232        max=815 
    vus_max........................: 5625   min=5625       max=5625

    NETWORK
    data_received..................: 17 MB  1.1 MB/s
    data_sent......................: 8.4 MB 562 kB/s




running (15.0s), 00000/05625 VUs, 84071 complete and 305 interrupted iterations
default ✓ [ 100% ] 00305/05625 VUs  15s  5625.00 iters/s
