
         /\      Grafana   /‾‾/  
    /\  /  \     |\  __   /  /   
   /  \/    \    | |/ /  /   ‾‾\ 
  /          \   |   (  |  (‾)  |
 / __________ \  |_|\_\  \_____/ 

     execution: local
        script: workflow/spin/k6_open_client.js
        output: -

     scenarios: (100.00%) 1 scenario, 10000 max VUs, 15s max duration (incl. graceful stop):
              * default: 3022.00 iterations/s for 15s (maxVUs: 3022-10000)


running (00.9s), 00149/03022 VUs, 2559 complete and 0 interrupted iterations
default   [   6% ] 00149/03022 VUs  00.9s/15s  3022.00 iters/s

running (01.9s), 00111/03022 VUs, 5617 complete and 0 interrupted iterations
default   [  13% ] 00111/03022 VUs  01.9s/15s  3022.00 iters/s

running (02.9s), 00122/03022 VUs, 8626 complete and 0 interrupted iterations
default   [  19% ] 00122/03022 VUs  02.9s/15s  3022.00 iters/s

running (03.9s), 00154/03022 VUs, 11616 complete and 0 interrupted iterations
default   [  26% ] 00154/03022 VUs  03.9s/15s  3022.00 iters/s

running (04.9s), 00142/03022 VUs, 14653 complete and 0 interrupted iterations
default   [  33% ] 00142/03022 VUs  04.9s/15s  3022.00 iters/s

running (05.9s), 00108/03022 VUs, 17708 complete and 0 interrupted iterations
default   [  39% ] 00108/03022 VUs  05.9s/15s  3022.00 iters/s

running (06.9s), 00112/03022 VUs, 20726 complete and 0 interrupted iterations
default   [  46% ] 00112/03022 VUs  06.9s/15s  3022.00 iters/s

running (07.9s), 00136/03022 VUs, 23727 complete and 0 interrupted iterations
default   [  53% ] 00136/03022 VUs  07.9s/15s  3022.00 iters/s

running (08.9s), 00098/03022 VUs, 26784 complete and 0 interrupted iterations
default   [  59% ] 00098/03022 VUs  08.9s/15s  3022.00 iters/s

running (09.9s), 00147/03022 VUs, 29760 complete and 0 interrupted iterations
default   [  66% ] 00147/03022 VUs  09.9s/15s  3022.00 iters/s

running (10.9s), 00104/03022 VUs, 32823 complete and 0 interrupted iterations
default   [  73% ] 00104/03022 VUs  10.9s/15s  3022.00 iters/s

running (11.9s), 00089/03022 VUs, 35857 complete and 0 interrupted iterations
default   [  79% ] 00089/03022 VUs  11.9s/15s  3022.00 iters/s

running (12.9s), 00099/03022 VUs, 38870 complete and 0 interrupted iterations
default   [  86% ] 00100/03022 VUs  12.9s/15s  3022.00 iters/s

running (13.9s), 00151/03022 VUs, 41841 complete and 0 interrupted iterations
default   [  93% ] 00151/03022 VUs  13.9s/15s  3022.00 iters/s

running (14.9s), 00115/03022 VUs, 44899 complete and 0 interrupted iterations
default   [  99% ] 00115/03022 VUs  14.9s/15s  3022.00 iters/s


  █ TOTAL RESULTS 

    HTTP
    http_req_duration..............: avg=41.66ms min=22.39ms med=41.47ms max=81.09ms p(90)=49.76ms p(95)=52.23ms
      { expected_response:true }...: avg=41.66ms min=22.39ms med=41.47ms max=81.09ms p(90)=49.76ms p(95)=52.23ms
    http_req_failed................: 0.00%  0 out of 45233
    http_reqs......................: 45233  3014.484523/s

    EXECUTION
    iteration_duration.............: avg=41.75ms min=22.51ms med=41.57ms max=82.82ms p(90)=49.85ms p(95)=52.33ms
    iterations.....................: 45233  3014.484523/s
    vus............................: 116    min=92         max=154 
    vus_max........................: 3022   min=3022       max=3022

    NETWORK
    data_received..................: 9.2 MB 612 kB/s
    data_sent......................: 8.7 MB 580 kB/s




running (15.0s), 00000/03022 VUs, 45231 complete and 97 interrupted iterations
default ✓ [ 100% ] 00097/03022 VUs  15s  3022.00 iters/s
