
         /\      Grafana   /‾‾/  
    /\  /  \     |\  __   /  /   
   /  \/    \    | |/ /  /   ‾‾\ 
  /          \   |   (  |  (‾)  |
 / __________ \  |_|\_\  \_____/ 

     execution: local
        script: workflow/spin/k6_open_client.js
        output: -

     scenarios: (100.00%) 1 scenario, 10000 max VUs, 15s max duration (incl. graceful stop):
              * default: 1587.00 iterations/s for 15s (maxVUs: 1587-10000)


running (00.9s), 00786/01587 VUs, 711 complete and 0 interrupted iterations
default   [   6% ] 00786/01587 VUs  00.9s/15s  1587.00 iters/s

running (01.9s), 00580/01587 VUs, 2504 complete and 0 interrupted iterations
default   [  13% ] 00580/01587 VUs  01.9s/15s  1587.00 iters/s

running (02.9s), 00685/01587 VUs, 3986 complete and 0 interrupted iterations
default   [  20% ] 00685/01587 VUs  02.9s/15s  1587.00 iters/s

running (03.9s), 00796/01587 VUs, 5461 complete and 0 interrupted iterations
default   [  26% ] 00796/01587 VUs  03.9s/15s  1587.00 iters/s

running (04.9s), 00898/01587 VUs, 6948 complete and 0 interrupted iterations
default   [  33% ] 00898/01587 VUs  04.9s/15s  1587.00 iters/s

running (05.9s), 00635/01587 VUs, 8798 complete and 0 interrupted iterations
default   [  40% ] 00635/01587 VUs  05.9s/15s  1587.00 iters/s

running (06.9s), 00622/01587 VUs, 10398 complete and 0 interrupted iterations
default   [  46% ] 00622/01587 VUs  06.9s/15s  1587.00 iters/s

running (08.0s), 00717/01587 VUs, 11892 complete and 0 interrupted iterations
default   [  53% ] 00717/01587 VUs  08.0s/15s  1587.00 iters/s

running (08.9s), 00815/01587 VUs, 13380 complete and 0 interrupted iterations
default   [  60% ] 00815/01587 VUs  08.9s/15s  1587.00 iters/s

running (09.9s), 00924/01587 VUs, 14856 complete and 0 interrupted iterations
default   [  66% ] 00924/01587 VUs  09.9s/15s  1587.00 iters/s

running (10.9s), 00537/01587 VUs, 16831 complete and 0 interrupted iterations
default   [  73% ] 00537/01587 VUs  10.9s/15s  1587.00 iters/s

running (11.9s), 00631/01587 VUs, 18324 complete and 0 interrupted iterations
default   [  80% ] 00631/01587 VUs  11.9s/15s  1587.00 iters/s

running (12.9s), 00719/01587 VUs, 19822 complete and 0 interrupted iterations
default   [  86% ] 00719/01587 VUs  12.9s/15s  1587.00 iters/s

running (13.9s), 00831/01587 VUs, 21297 complete and 0 interrupted iterations
default   [  93% ] 00831/01587 VUs  13.9s/15s  1587.00 iters/s

running (14.9s), 00903/01587 VUs, 22812 complete and 0 interrupted iterations
default   [ 100% ] 00903/01587 VUs  14.9s/15s  1587.00 iters/s


  █ TOTAL RESULTS 

    HTTP
    http_req_duration..............: avg=459.5ms  min=316.76ms med=457.47ms max=604.55ms p(90)=563.04ms p(95)=575.82ms
      { expected_response:true }...: avg=459.5ms  min=316.76ms med=457.47ms max=604.55ms p(90)=563.04ms p(95)=575.82ms
    http_req_failed................: 0.00%  0 out of 23222
    http_reqs......................: 23222  1547.51036/s

    EXECUTION
    iteration_duration.............: avg=459.59ms min=316.85ms med=457.59ms max=604.81ms p(90)=563.11ms p(95)=575.93ms
    iterations.....................: 23222  1547.51036/s
    vus............................: 902    min=537        max=924 
    vus_max........................: 1587   min=1587       max=1587

    NETWORK
    data_received..................: 4.7 MB 314 kB/s
    data_sent......................: 4.6 MB 304 kB/s




running (15.0s), 00000/01587 VUs, 23222 complete and 584 interrupted iterations
default ✓ [ 100% ] 00584/01587 VUs  15s  1587.00 iters/s
