
         /\      Grafana   /‾‾/  
    /\  /  \     |\  __   /  /   
   /  \/    \    | |/ /  /   ‾‾\ 
  /          \   |   (  |  (‾)  |
 / __________ \  |_|\_\  \_____/ 

     execution: local
        script: workflow/write/k6_open_client.js
        output: -

     scenarios: (100.00%) 1 scenario, 10000 max VUs, 15s max duration (incl. graceful stop):
              * default: 7955.00 iterations/s for 15s (maxVUs: 7955-10000)


running (00.8s), 01161/07955 VUs, 4806 complete and 0 interrupted iterations
default   [   5% ] 01161/07955 VUs  00.8s/15s  7955.00 iters/s

running (01.8s), 02014/07955 VUs, 11936 complete and 0 interrupted iterations
default   [  12% ] 02014/07955 VUs  01.8s/15s  7955.00 iters/s

running (02.8s), 01663/07955 VUs, 20242 complete and 0 interrupted iterations
default   [  18% ] 01663/07955 VUs  02.8s/15s  7955.00 iters/s

running (03.8s), 01507/07955 VUs, 28354 complete and 0 interrupted iterations
default   [  25% ] 01507/07955 VUs  03.8s/15s  7955.00 iters/s

running (04.8s), 01191/07955 VUs, 36624 complete and 0 interrupted iterations
default   [  32% ] 01191/07955 VUs  04.8s/15s  7955.00 iters/s

running (05.8s), 00746/07955 VUs, 45024 complete and 0 interrupted iterations
default   [  38% ] 00747/07955 VUs  05.8s/15s  7955.00 iters/s

running (06.8s), 00226/07955 VUs, 53499 complete and 0 interrupted iterations
default   [  45% ] 00226/07955 VUs  06.8s/15s  7955.00 iters/s

running (07.8s), 00096/07955 VUs, 61584 complete and 0 interrupted iterations
default   [  52% ] 00096/07955 VUs  07.8s/15s  7955.00 iters/s

running (08.8s), 00011/07955 VUs, 69624 complete and 0 interrupted iterations
default   [  58% ] 00011/07955 VUs  08.8s/15s  7955.00 iters/s

running (09.8s), 00041/07955 VUs, 77549 complete and 0 interrupted iterations
default   [  65% ] 00042/07955 VUs  09.8s/15s  7955.00 iters/s

running (10.8s), 00585/07955 VUs, 84960 complete and 0 interrupted iterations
default   [  72% ] 00585/07955 VUs  10.8s/15s  7955.00 iters/s

running (11.8s), 00376/07955 VUs, 93125 complete and 0 interrupted iterations
default   [  78% ] 00376/07955 VUs  11.8s/15s  7955.00 iters/s

running (12.8s), 00025/07955 VUs, 101430 complete and 0 interrupted iterations
default   [  85% ] 00025/07955 VUs  12.8s/15s  7955.00 iters/s

running (13.8s), 00012/07955 VUs, 109398 complete and 0 interrupted iterations
default   [  92% ] 00012/07955 VUs  13.8s/15s  7955.00 iters/s

running (14.8s), 00017/07955 VUs, 117348 complete and 0 interrupted iterations
default   [  98% ] 00017/07955 VUs  14.8s/15s  7955.00 iters/s


  █ TOTAL RESULTS 

    HTTP
    http_req_duration..............: avg=82.64ms min=487.17µs med=58.66ms max=458.47ms p(90)=214.2ms  p(95)=236.39ms
      { expected_response:true }...: avg=82.64ms min=487.17µs med=58.66ms max=458.47ms p(90)=214.2ms  p(95)=236.39ms
    http_req_failed................: 0.00%  0 out of 119321
    http_reqs......................: 119321 7949.019802/s

    EXECUTION
    iteration_duration.............: avg=83.08ms min=531.74µs med=58.83ms max=526.49ms p(90)=216.01ms p(95)=237.16ms
    iterations.....................: 119321 7949.019802/s
    vus............................: 17     min=10          max=2015
    vus_max........................: 7955   min=7955        max=7955

    NETWORK
    data_received..................: 24 MB  1.6 MB/s
    data_sent......................: 12 MB  795 kB/s




running (15.0s), 00000/07955 VUs, 119312 complete and 13 interrupted iterations
default ✓ [ 100% ] 00013/07955 VUs  15s  7955.00 iters/s
