
         /\      Grafana   /‾‾/  
    /\  /  \     |\  __   /  /   
   /  \/    \    | |/ /  /   ‾‾\ 
  /          \   |   (  |  (‾)  |
 / __________ \  |_|\_\  \_____/ 

     execution: local
        script: workflow/spin/k6_open_client.js
        output: -

     scenarios: (100.00%) 1 scenario, 10000 max VUs, 15s max duration (incl. graceful stop):
              * default: 600.00 iterations/s for 15s (maxVUs: 600-10000)


running (01.0s), 00027/00600 VUs, 555 complete and 0 interrupted iterations
default   [   6% ] 00027/00600 VUs  01.0s/15s  600.00 iters/s

running (02.0s), 00016/00600 VUs, 1167 complete and 0 interrupted iterations
default   [  13% ] 00016/00600 VUs  02.0s/15s  600.00 iters/s

running (03.0s), 00019/00600 VUs, 1763 complete and 0 interrupted iterations
default   [  20% ] 00019/00600 VUs  03.0s/15s  600.00 iters/s

running (04.0s), 00024/00600 VUs, 2358 complete and 0 interrupted iterations
default   [  26% ] 00024/00600 VUs  04.0s/15s  600.00 iters/s

running (05.0s), 00024/00600 VUs, 2958 complete and 0 interrupted iterations
default   [  33% ] 00024/00600 VUs  05.0s/15s  600.00 iters/s

running (06.0s), 00030/00600 VUs, 3552 complete and 0 interrupted iterations
default   [  40% ] 00030/00600 VUs  06.0s/15s  600.00 iters/s

running (07.0s), 00037/00600 VUs, 4145 complete and 0 interrupted iterations
default   [  46% ] 00037/00600 VUs  07.0s/15s  600.00 iters/s

running (08.0s), 00036/00600 VUs, 4746 complete and 0 interrupted iterations
default   [  53% ] 00035/00600 VUs  08.0s/15s  600.00 iters/s

running (09.0s), 00012/00600 VUs, 5370 complete and 0 interrupted iterations
default   [  60% ] 00012/00600 VUs  09.0s/15s  600.00 iters/s

running (10.0s), 00018/00600 VUs, 5964 complete and 0 interrupted iterations
default   [  66% ] 00018/00600 VUs  10.0s/15s  600.00 iters/s

running (11.0s), 00025/00600 VUs, 6557 complete and 0 interrupted iterations
default   [  73% ] 00025/00600 VUs  11.0s/15s  600.00 iters/s

running (12.0s), 00030/00600 VUs, 7152 complete and 0 interrupted iterations
default   [  80% ] 00030/00600 VUs  12.0s/15s  600.00 iters/s

running (13.0s), 00032/00600 VUs, 7750 complete and 0 interrupted iterations
default   [  86% ] 00032/00600 VUs  13.0s/15s  600.00 iters/s

running (14.0s), 00035/00600 VUs, 8347 complete and 0 interrupted iterations
default   [  93% ] 00035/00600 VUs  14.0s/15s  600.00 iters/s

running (15.0s), 00038/00600 VUs, 8944 complete and 0 interrupted iterations
default   [ 100% ] 00038/00600 VUs  15.0s/15s  600.00 iters/s


  █ TOTAL RESULTS 

    HTTP
    http_req_duration..............: avg=41.62ms min=14.98ms med=41.46ms max=132.41ms p(90)=61ms    p(95)=63.36ms
      { expected_response:true }...: avg=41.62ms min=14.98ms med=41.46ms max=132.41ms p(90)=61ms    p(95)=63.36ms
    http_req_failed................: 0.00%  0 out of 8975
    http_reqs......................: 8975   598.240244/s

    EXECUTION
    iteration_duration.............: avg=41.71ms min=15.04ms med=41.57ms max=132.49ms p(90)=61.09ms p(95)=63.45ms
    iterations.....................: 8975   598.240244/s
    vus............................: 39     min=12        max=39 
    vus_max........................: 600    min=600       max=600

    NETWORK
    data_received..................: 1.8 MB 121 kB/s
    data_sent......................: 1.7 MB 115 kB/s




running (15.0s), 00000/00600 VUs, 8975 complete and 26 interrupted iterations
default ✓ [ 100% ] 00026/00600 VUs  15s  600.00 iters/s
