
         /\      Grafana   /‾‾/  
    /\  /  \     |\  __   /  /   
   /  \/    \    | |/ /  /   ‾‾\ 
  /          \   |   (  |  (‾)  |
 / __________ \  |_|\_\  \_____/ 

     execution: local
        script: workflow/spin/k6_open_client.js
        output: -

     scenarios: (100.00%) 1 scenario, 10000 max VUs, 15s max duration (incl. graceful stop):
              * default: 480.00 iterations/s for 15s (maxVUs: 480-10000)


running (01.0s), 00008/00480 VUs, 460 complete and 0 interrupted iterations
default   [   6% ] 00008/00480 VUs  01.0s/15s  480.00 iters/s

running (02.0s), 00011/00480 VUs, 937 complete and 0 interrupted iterations
default   [  13% ] 00011/00480 VUs  02.0s/15s  480.00 iters/s

running (03.0s), 00016/00480 VUs, 1413 complete and 0 interrupted iterations
default   [  20% ] 00016/00480 VUs  03.0s/15s  480.00 iters/s

running (04.0s), 00017/00480 VUs, 1891 complete and 0 interrupted iterations
default   [  26% ] 00017/00480 VUs  04.0s/15s  480.00 iters/s

running (05.0s), 00016/00480 VUs, 2373 complete and 0 interrupted iterations
default   [  33% ] 00016/00480 VUs  05.0s/15s  480.00 iters/s

running (06.0s), 00020/00480 VUs, 2849 complete and 0 interrupted iterations
default   [  40% ] 00020/00480 VUs  06.0s/15s  480.00 iters/s

running (07.0s), 00022/00480 VUs, 3327 complete and 0 interrupted iterations
default   [  47% ] 00022/00480 VUs  07.0s/15s  480.00 iters/s

running (08.0s), 00020/00480 VUs, 3809 complete and 0 interrupted iterations
default   [  53% ] 00020/00480 VUs  08.0s/15s  480.00 iters/s

running (09.0s), 00007/00480 VUs, 4301 complete and 0 interrupted iterations
default   [  60% ] 00007/00480 VUs  09.0s/15s  480.00 iters/s

running (10.0s), 00010/00480 VUs, 4779 complete and 0 interrupted iterations
default   [  67% ] 00010/00480 VUs  10.0s/15s  480.00 iters/s

running (11.0s), 00010/00480 VUs, 5258 complete and 0 interrupted iterations
default   [  73% ] 00010/00480 VUs  11.0s/15s  480.00 iters/s

running (12.0s), 00011/00480 VUs, 5737 complete and 0 interrupted iterations
default   [  80% ] 00011/00480 VUs  12.0s/15s  480.00 iters/s

running (13.0s), 00010/00480 VUs, 6218 complete and 0 interrupted iterations
default   [  86% ] 00010/00480 VUs  13.0s/15s  480.00 iters/s

running (14.0s), 00011/00480 VUs, 6697 complete and 0 interrupted iterations
default   [  93% ] 00011/00480 VUs  14.0s/15s  480.00 iters/s

running (15.0s), 00012/00480 VUs, 7177 complete and 0 interrupted iterations
default   [ 100% ] 00012/00480 VUs  15.0s/15s  480.00 iters/s


  █ TOTAL RESULTS 

    HTTP
    http_req_duration..............: avg=27.53ms min=11.13ms med=27.51ms max=49.78ms p(90)=39.7ms  p(95)=41.12ms
      { expected_response:true }...: avg=27.53ms min=11.13ms med=27.51ms max=49.78ms p(90)=39.7ms  p(95)=41.12ms
    http_req_failed................: 0.00%  0 out of 7193
    http_reqs......................: 7193   479.493461/s

    EXECUTION
    iteration_duration.............: avg=27.62ms min=11.18ms med=27.6ms  max=49.85ms p(90)=39.79ms p(95)=41.22ms
    iterations.....................: 7193   479.493461/s
    vus............................: 12     min=7         max=22 
    vus_max........................: 480    min=480       max=480

    NETWORK
    data_received..................: 1.4 MB 97 kB/s
    data_sent......................: 1.4 MB 92 kB/s




running (15.0s), 00000/00480 VUs, 7193 complete and 7 interrupted iterations
default ✓ [ 100% ] 00007/00480 VUs  15s  480.00 iters/s
