
         /\      Grafana   /‾‾/  
    /\  /  \     |\  __   /  /   
   /  \/    \    | |/ /  /   ‾‾\ 
  /          \   |   (  |  (‾)  |
 / __________ \  |_|\_\  \_____/ 

     execution: local
        script: workflow/spin/k6_open_client.js
        output: -

     scenarios: (100.00%) 1 scenario, 10000 max VUs, 15s max duration (incl. graceful stop):
              * default: 1866.00 iterations/s for 15s (maxVUs: 1866-10000)


running (00.9s), 00712/01866 VUs, 1024 complete and 0 interrupted iterations
default   [   6% ] 00713/01866 VUs  00.9s/15s  1866.00 iters/s

running (01.9s), 01001/01866 VUs, 2603 complete and 0 interrupted iterations
default   [  13% ] 01001/01866 VUs  01.9s/15s  1866.00 iters/s

running (02.9s), 00861/01866 VUs, 4608 complete and 0 interrupted iterations
default   [  20% ] 00862/01866 VUs  02.9s/15s  1866.00 iters/s

running (03.9s), 00781/01866 VUs, 6555 complete and 0 interrupted iterations
default   [  26% ] 00781/01866 VUs  03.9s/15s  1866.00 iters/s

running (04.9s), 01010/01866 VUs, 8192 complete and 0 interrupted iterations
default   [  33% ] 01010/01866 VUs  04.9s/15s  1866.00 iters/s

running (05.9s), 00828/01866 VUs, 10240 complete and 0 interrupted iterations
default   [  40% ] 00828/01866 VUs  05.9s/15s  1866.00 iters/s

running (06.9s), 00940/01866 VUs, 11994 complete and 0 interrupted iterations
default   [  46% ] 00940/01866 VUs  06.9s/15s  1866.00 iters/s

running (07.9s), 00976/01866 VUs, 13824 complete and 0 interrupted iterations
default   [  53% ] 00977/01866 VUs  07.9s/15s  1866.00 iters/s

running (08.9s), 00794/01866 VUs, 15872 complete and 0 interrupted iterations
default   [  60% ] 00794/01866 VUs  08.9s/15s  1866.00 iters/s

running (09.9s), 00770/01866 VUs, 17762 complete and 0 interrupted iterations
default   [  66% ] 00770/01866 VUs  09.9s/15s  1866.00 iters/s

running (10.9s), 00942/01866 VUs, 19456 complete and 0 interrupted iterations
default   [  73% ] 00942/01866 VUs  10.9s/15s  1866.00 iters/s

running (11.9s), 00760/01866 VUs, 21504 complete and 0 interrupted iterations
default   [  80% ] 00760/01866 VUs  11.9s/15s  1866.00 iters/s

running (12.9s), 00829/01866 VUs, 23301 complete and 0 interrupted iterations
default   [  86% ] 00829/01866 VUs  12.9s/15s  1866.00 iters/s

running (13.9s), 00908/01866 VUs, 25088 complete and 0 interrupted iterations
default   [  93% ] 00908/01866 VUs  13.9s/15s  1866.00 iters/s

running (14.9s), 00726/01866 VUs, 27136 complete and 0 interrupted iterations
default   [ 100% ] 00726/01866 VUs  14.9s/15s  1866.00 iters/s


  █ TOTAL RESULTS 

    HTTP
    http_req_duration..............: avg=462.53ms min=328.44ms med=465.35ms max=597.81ms p(90)=540.53ms p(95)=551.31ms
      { expected_response:true }...: avg=462.53ms min=328.44ms med=465.35ms max=597.81ms p(90)=540.53ms p(95)=551.31ms
    http_req_failed................: 0.00%  0 out of 27136
    http_reqs......................: 27136  1808.108963/s

    EXECUTION
    iteration_duration.............: avg=462.62ms min=328.52ms med=465.45ms max=597.89ms p(90)=540.62ms p(95)=551.4ms 
    iterations.....................: 27136  1808.108963/s
    vus............................: 725    min=714        max=1010
    vus_max........................: 1866   min=1866       max=1866

    NETWORK
    data_received..................: 5.5 MB 367 kB/s
    data_sent......................: 5.4 MB 358 kB/s




running (15.0s), 00000/01866 VUs, 27136 complete and 855 interrupted iterations
default ✓ [ 100% ] 00855/01866 VUs  15s  1866.00 iters/s
