
         /\      Grafana   /‾‾/  
    /\  /  \     |\  __   /  /   
   /  \/    \    | |/ /  /   ‾‾\ 
  /          \   |   (  |  (‾)  |
 / __________ \  |_|\_\  \_____/ 

     execution: local
        script: workflow/hotel/k6_open_hotels_client.js
        output: -

     scenarios: (100.00%) 1 scenario, 10000 max VUs, 15s max duration (incl. graceful stop):
              * default: 1430.00 iterations/s for 15s (maxVUs: 1430-10000)


running (00.9s), 00132/01430 VUs, 1212 complete and 0 interrupted iterations
default   [   6% ] 00133/01430 VUs  00.9s/15s  1430.00 iters/s

running (01.9s), 00146/01430 VUs, 2630 complete and 0 interrupted iterations
default   [  13% ] 00146/01430 VUs  01.9s/15s  1430.00 iters/s

running (02.9s), 00184/01430 VUs, 4022 complete and 0 interrupted iterations
default   [  20% ] 00184/01430 VUs  02.9s/15s  1430.00 iters/s

running (03.9s), 00225/01430 VUs, 5411 complete and 0 interrupted iterations
default   [  26% ] 00225/01430 VUs  03.9s/15s  1430.00 iters/s

running (04.9s), 00221/01430 VUs, 6845 complete and 0 interrupted iterations
default   [  33% ] 00221/01430 VUs  04.9s/15s  1430.00 iters/s

running (05.9s), 00241/01430 VUs, 8255 complete and 0 interrupted iterations
default   [  40% ] 00241/01430 VUs  05.9s/15s  1430.00 iters/s

running (06.9s), 00270/01430 VUs, 9656 complete and 0 interrupted iterations
default   [  46% ] 00270/01430 VUs  06.9s/15s  1430.00 iters/s

running (07.9s), 00299/01430 VUs, 11058 complete and 0 interrupted iterations
default   [  53% ] 00299/01430 VUs  07.9s/15s  1430.00 iters/s

running (08.9s), 00329/01430 VUs, 12457 complete and 0 interrupted iterations
default   [  60% ] 00329/01430 VUs  08.9s/15s  1430.00 iters/s

running (09.9s), 00373/01430 VUs, 13843 complete and 0 interrupted iterations
default   [  66% ] 00373/01430 VUs  09.9s/15s  1430.00 iters/s

running (10.9s), 00411/01430 VUs, 15235 complete and 0 interrupted iterations
default   [  73% ] 00411/01430 VUs  10.9s/15s  1430.00 iters/s

running (11.9s), 00427/01430 VUs, 16647 complete and 0 interrupted iterations
default   [  80% ] 00428/01430 VUs  11.9s/15s  1430.00 iters/s

running (12.9s), 00404/01430 VUs, 18102 complete and 0 interrupted iterations
default   [  86% ] 00404/01430 VUs  12.9s/15s  1430.00 iters/s

running (13.9s), 00442/01430 VUs, 19494 complete and 0 interrupted iterations
default   [  93% ] 00441/01430 VUs  13.9s/15s  1430.00 iters/s

running (14.9s), 00431/01430 VUs, 20935 complete and 0 interrupted iterations
default   [ 100% ] 00431/01430 VUs  14.9s/15s  1430.00 iters/s


  █ TOTAL RESULTS 

    HTTP
    http_req_duration..............: avg=205.2ms  min=61.01ms med=199.77ms max=338.73ms p(90)=299.63ms p(95)=306.47ms
      { expected_response:true }...: avg=205.2ms  min=61.01ms med=199.77ms max=338.73ms p(90)=299.63ms p(95)=306.47ms
    http_req_failed................: 0.00%  0 out of 21014
    http_reqs......................: 21014  1400.527469/s

    EXECUTION
    iteration_duration.............: avg=205.46ms min=61.28ms med=199.89ms max=338.84ms p(90)=299.74ms p(95)=306.57ms
    iterations.....................: 21014  1400.527469/s
    vus............................: 431    min=134        max=441 
    vus_max........................: 1430   min=1430       max=1430

    NETWORK
    data_received..................: 6.0 MB 401 kB/s
    data_sent......................: 7.0 MB 469 kB/s




running (15.0s), 00000/01430 VUs, 21012 complete and 439 interrupted iterations
default ✓ [ 100% ] 00439/01430 VUs  15s  1430.00 iters/s
