
         /\      Grafana   /‾‾/  
    /\  /  \     |\  __   /  /   
   /  \/    \    | |/ /  /   ‾‾\ 
  /          \   |   (  |  (‾)  |
 / __________ \  |_|\_\  \_____/ 

     execution: local
        script: workflow/spin/k6_open_client.js
        output: -

     scenarios: (100.00%) 1 scenario, 10000 max VUs, 15s max duration (incl. graceful stop):
              * default: 3663.00 iterations/s for 15s (maxVUs: 3663-10000)


running (00.9s), 00497/03663 VUs, 2741 complete and 0 interrupted iterations
default   [   6% ] 00497/03663 VUs  00.9s/15s  3663.00 iters/s

running (01.9s), 00628/03663 VUs, 6272 complete and 0 interrupted iterations
default   [  13% ] 00628/03663 VUs  01.9s/15s  3663.00 iters/s

running (02.9s), 00728/03663 VUs, 9836 complete and 0 interrupted iterations
default   [  19% ] 00728/03663 VUs  02.9s/15s  3663.00 iters/s

running (03.9s), 00806/03663 VUs, 13420 complete and 0 interrupted iterations
default   [  26% ] 00806/03663 VUs  03.9s/15s  3663.00 iters/s

running (04.9s), 00854/03663 VUs, 17035 complete and 0 interrupted iterations
default   [  33% ] 00854/03663 VUs  04.9s/15s  3663.00 iters/s

running (05.9s), 00835/03663 VUs, 20717 complete and 0 interrupted iterations
default   [  39% ] 00835/03663 VUs  05.9s/15s  3663.00 iters/s

running (06.9s), 00837/03663 VUs, 24378 complete and 0 interrupted iterations
default   [  46% ] 00837/03663 VUs  06.9s/15s  3663.00 iters/s

running (07.9s), 00828/03663 VUs, 28049 complete and 0 interrupted iterations
default   [  53% ] 00828/03663 VUs  07.9s/15s  3663.00 iters/s

running (08.9s), 00808/03663 VUs, 31733 complete and 0 interrupted iterations
default   [  59% ] 00808/03663 VUs  08.9s/15s  3663.00 iters/s

running (09.9s), 00839/03663 VUs, 35366 complete and 0 interrupted iterations
default   [  66% ] 00839/03663 VUs  09.9s/15s  3663.00 iters/s

running (10.9s), 00813/03663 VUs, 39057 complete and 0 interrupted iterations
default   [  73% ] 00813/03663 VUs  10.9s/15s  3663.00 iters/s

running (11.9s), 00875/03663 VUs, 42656 complete and 0 interrupted iterations
default   [  79% ] 00875/03663 VUs  11.9s/15s  3663.00 iters/s

running (12.9s), 00845/03663 VUs, 46349 complete and 0 interrupted iterations
default   [  86% ] 00845/03663 VUs  12.9s/15s  3663.00 iters/s

running (13.9s), 00793/03663 VUs, 50065 complete and 0 interrupted iterations
default   [  93% ] 00793/03663 VUs  13.9s/15s  3663.00 iters/s

running (14.9s), 00798/03663 VUs, 53722 complete and 0 interrupted iterations
default   [  99% ] 00798/03663 VUs  14.9s/15s  3663.00 iters/s


  █ TOTAL RESULTS 

    HTTP
    http_req_duration..............: avg=212.81ms min=58.66ms med=222.62ms max=260.06ms p(90)=235.5ms  p(95)=238.86ms
      { expected_response:true }...: avg=212.81ms min=58.66ms med=222.62ms max=260.06ms p(90)=235.5ms  p(95)=238.86ms
    http_req_failed................: 0.00% 0 out of 54161
    http_reqs......................: 54161 3608.172846/s

    EXECUTION
    iteration_duration.............: avg=212.91ms min=59.1ms  med=222.71ms max=260.22ms p(90)=235.58ms p(95)=238.94ms
    iterations.....................: 54161 3608.172846/s
    vus............................: 798   min=496        max=875 
    vus_max........................: 3663  min=3663       max=3663

    NETWORK
    data_received..................: 11 MB 733 kB/s
    data_sent......................: 11 MB 702 kB/s




running (15.0s), 00000/03663 VUs, 54161 complete and 784 interrupted iterations
default ✓ [ 100% ] 00784/03663 VUs  15s  3663.00 iters/s
