
         /\      Grafana   /‾‾/  
    /\  /  \     |\  __   /  /   
   /  \/    \    | |/ /  /   ‾‾\ 
  /          \   |   (  |  (‾)  |
 / __________ \  |_|\_\  \_____/ 

     execution: local
        script: workflow/response/k6_open_client.js
        output: -

     scenarios: (100.00%) 1 scenario, 100000 max VUs, 15s max duration (incl. graceful stop):
              * default: 2767.00 iterations/s for 15s (maxVUs: 2767-100000)


running (00.9s), 000101/002767 VUs, 2408 complete and 0 interrupted iterations
default   [   6% ] 000103/002767 VUs  00.9s/15s  2767.00 iters/s

running (01.9s), 000084/002767 VUs, 5196 complete and 0 interrupted iterations
default   [  13% ] 000084/002767 VUs  01.9s/15s  2767.00 iters/s

running (02.9s), 000077/002767 VUs, 7969 complete and 0 interrupted iterations
default   [  19% ] 000077/002767 VUs  02.9s/15s  2767.00 iters/s

running (03.9s), 000140/002767 VUs, 10673 complete and 0 interrupted iterations
default   [  26% ] 000140/002767 VUs  03.9s/15s  2767.00 iters/s

running (04.9s), 000099/002767 VUs, 13480 complete and 0 interrupted iterations
default   [  33% ] 000099/002767 VUs  04.9s/15s  2767.00 iters/s

running (05.9s), 000081/002767 VUs, 16263 complete and 0 interrupted iterations
default   [  39% ] 000081/002767 VUs  05.9s/15s  2767.00 iters/s

running (06.9s), 000104/002767 VUs, 19010 complete and 0 interrupted iterations
default   [  46% ] 000104/002767 VUs  06.9s/15s  2767.00 iters/s

running (07.9s), 000107/002767 VUs, 21774 complete and 0 interrupted iterations
default   [  53% ] 000107/002767 VUs  07.9s/15s  2767.00 iters/s

running (08.9s), 000137/002767 VUs, 24511 complete and 0 interrupted iterations
default   [  59% ] 000137/002767 VUs  08.9s/15s  2767.00 iters/s

running (09.9s), 000126/002767 VUs, 27290 complete and 0 interrupted iterations
default   [  66% ] 000126/002767 VUs  09.9s/15s  2767.00 iters/s

running (10.9s), 000100/002767 VUs, 30083 complete and 0 interrupted iterations
default   [  73% ] 000100/002767 VUs  10.9s/15s  2767.00 iters/s

running (11.9s), 000091/002767 VUs, 32856 complete and 0 interrupted iterations
default   [  79% ] 000092/002767 VUs  11.9s/15s  2767.00 iters/s

running (12.9s), 000126/002767 VUs, 35591 complete and 0 interrupted iterations
default   [  86% ] 000126/002767 VUs  12.9s/15s  2767.00 iters/s

running (13.9s), 000108/002767 VUs, 38372 complete and 0 interrupted iterations
default   [  93% ] 000108/002767 VUs  13.9s/15s  2767.00 iters/s

running (14.9s), 000094/002767 VUs, 41157 complete and 0 interrupted iterations
default   [  99% ] 000094/002767 VUs  14.9s/15s  2767.00 iters/s


  █ TOTAL RESULTS 

    HTTP
    http_req_duration..............: avg=40.33ms min=24.78ms med=40.2ms  max=72.94ms p(90)=49.62ms p(95)=51.53ms
      { expected_response:true }...: avg=40.33ms min=24.78ms med=40.2ms  max=72.94ms p(90)=49.62ms p(95)=51.53ms
    http_req_failed................: 0.00%  0 out of 41338
    http_reqs......................: 41338  2754.890029/s

    EXECUTION
    iteration_duration.............: avg=40.43ms min=24.86ms med=40.29ms max=74.8ms  p(90)=49.71ms p(95)=51.62ms
    iterations.....................: 41338  2754.890029/s
    vus............................: 93     min=73         max=139 
    vus_max........................: 2767   min=2767       max=2767

    NETWORK
    data_received..................: 8.4 MB 559 kB/s
    data_sent......................: 8.1 MB 542 kB/s




running (15.0s), 000000/002767 VUs, 41338 complete and 169 interrupted iterations
default ✓ [ 100% ] 000169/002767 VUs  15s  2767.00 iters/s
