
         /\      Grafana   /‾‾/  
    /\  /  \     |\  __   /  /   
   /  \/    \    | |/ /  /   ‾‾\ 
  /          \   |   (  |  (‾)  |
 / __________ \  |_|\_\  \_____/ 

     execution: local
        script: workflow/spin/k6_open_client.js
        output: -

     scenarios: (100.00%) 1 scenario, 10000 max VUs, 15s max duration (incl. graceful stop):
              * default: 3729.00 iterations/s for 15s (maxVUs: 3729-10000)


running (00.9s), 00197/03729 VUs, 3092 complete and 0 interrupted iterations
default   [   6% ] 00197/03729 VUs  00.9s/15s  3729.00 iters/s

running (01.9s), 00222/03729 VUs, 6796 complete and 0 interrupted iterations
default   [  13% ] 00222/03729 VUs  01.9s/15s  3729.00 iters/s

running (02.9s), 00186/03729 VUs, 10561 complete and 0 interrupted iterations
default   [  19% ] 00185/03729 VUs  02.9s/15s  3729.00 iters/s

running (03.9s), 00181/03729 VUs, 14291 complete and 0 interrupted iterations
default   [  26% ] 00181/03729 VUs  03.9s/15s  3729.00 iters/s

running (04.9s), 00189/03729 VUs, 18016 complete and 0 interrupted iterations
default   [  33% ] 00189/03729 VUs  04.9s/15s  3729.00 iters/s

running (05.9s), 00241/03729 VUs, 21693 complete and 0 interrupted iterations
default   [  39% ] 00241/03729 VUs  05.9s/15s  3729.00 iters/s

running (06.9s), 00240/03729 VUs, 25423 complete and 0 interrupted iterations
default   [  46% ] 00240/03729 VUs  06.9s/15s  3729.00 iters/s

running (07.9s), 00243/03729 VUs, 29146 complete and 0 interrupted iterations
default   [  53% ] 00243/03729 VUs  07.9s/15s  3729.00 iters/s

running (08.9s), 00244/03729 VUs, 32877 complete and 0 interrupted iterations
default   [  59% ] 00244/03729 VUs  08.9s/15s  3729.00 iters/s

running (09.9s), 00186/03729 VUs, 36664 complete and 0 interrupted iterations
default   [  66% ] 00186/03729 VUs  09.9s/15s  3729.00 iters/s

running (10.9s), 00185/03729 VUs, 40395 complete and 0 interrupted iterations
default   [  73% ] 00185/03729 VUs  10.9s/15s  3729.00 iters/s

running (11.9s), 00203/03729 VUs, 44104 complete and 0 interrupted iterations
default   [  79% ] 00203/03729 VUs  11.9s/15s  3729.00 iters/s

running (12.9s), 00207/03729 VUs, 47830 complete and 0 interrupted iterations
default   [  86% ] 00207/03729 VUs  12.9s/15s  3729.00 iters/s

running (13.9s), 00199/03729 VUs, 51567 complete and 0 interrupted iterations
default   [  93% ] 00199/03729 VUs  13.9s/15s  3729.00 iters/s

running (14.9s), 00197/03729 VUs, 55298 complete and 0 interrupted iterations
default   [  99% ] 00197/03729 VUs  14.9s/15s  3729.00 iters/s


  █ TOTAL RESULTS 

    HTTP
    http_req_duration..............: avg=57.5ms min=34.3ms  med=57.24ms max=84.96ms p(90)=65.17ms p(95)=67.69ms
      { expected_response:true }...: avg=57.5ms min=34.3ms  med=57.24ms max=84.96ms p(90)=65.17ms p(95)=67.69ms
    http_req_failed................: 0.00% 0 out of 55737
    http_reqs......................: 55737 3714.283416/s

    EXECUTION
    iteration_duration.............: avg=57.6ms min=34.39ms med=57.34ms max=86.34ms p(90)=65.26ms p(95)=67.79ms
    iterations.....................: 55737 3714.283416/s
    vus............................: 196   min=183        max=245 
    vus_max........................: 3729  min=3729       max=3729

    NETWORK
    data_received..................: 11 MB 754 kB/s
    data_sent......................: 11 MB 715 kB/s




running (15.0s), 00000/03729 VUs, 55736 complete and 200 interrupted iterations
default ✓ [ 100% ] 00200/03729 VUs  15s  3729.00 iters/s
