
         /\      Grafana   /‾‾/  
    /\  /  \     |\  __   /  /   
   /  \/    \    | |/ /  /   ‾‾\ 
  /          \   |   (  |  (‾)  |
 / __________ \  |_|\_\  \_____/ 

     execution: local
        script: workflow/hotel/k6_open_recommendations_client.js
        output: -

     scenarios: (100.00%) 1 scenario, 10000 max VUs, 10s max duration (incl. graceful stop):
              * default: 54.00 iterations/s for 10s (maxVUs: 54-10000)


running (01.0s), 00000/00054 VUs, 54 complete and 0 interrupted iterations
default   [  10% ] 00000/00054 VUs  01.0s/10s  54.00 iters/s

running (02.0s), 00000/00054 VUs, 108 complete and 0 interrupted iterations
default   [  20% ] 00000/00054 VUs  02.0s/10s  54.00 iters/s

running (03.0s), 00000/00054 VUs, 162 complete and 0 interrupted iterations
default   [  30% ] 00000/00054 VUs  03.0s/10s  54.00 iters/s

running (04.0s), 00000/00054 VUs, 216 complete and 0 interrupted iterations
default   [  40% ] 00000/00054 VUs  04.0s/10s  54.00 iters/s

running (05.0s), 00000/00054 VUs, 270 complete and 0 interrupted iterations
default   [  50% ] 00000/00054 VUs  05.0s/10s  54.00 iters/s

running (06.0s), 00000/00054 VUs, 324 complete and 0 interrupted iterations
default   [  60% ] 00000/00054 VUs  06.0s/10s  54.00 iters/s

running (07.0s), 00000/00054 VUs, 378 complete and 0 interrupted iterations
default   [  70% ] 00000/00054 VUs  07.0s/10s  54.00 iters/s

running (08.0s), 00000/00054 VUs, 432 complete and 0 interrupted iterations
default   [  80% ] 00000/00054 VUs  08.0s/10s  54.00 iters/s

running (09.0s), 00000/00054 VUs, 486 complete and 0 interrupted iterations
default   [  90% ] 00000/00054 VUs  09.0s/10s  54.00 iters/s

running (10.0s), 00000/00054 VUs, 540 complete and 0 interrupted iterations
default   [ 100% ] 00000/00054 VUs  10.0s/10s  54.00 iters/s


  █ TOTAL RESULTS 

    HTTP
    http_req_duration..............: avg=4.2ms  min=3.27ms med=4.12ms max=6.72ms p(90)=4.64ms p(95)=4.85ms
      { expected_response:true }...: avg=4.2ms  min=3.27ms med=4.12ms max=6.72ms p(90)=4.64ms p(95)=4.85ms
    http_req_failed................: 0.00%  0 out of 540
    http_reqs......................: 540    53.997168/s

    EXECUTION
    iteration_duration.............: avg=4.36ms min=3.36ms med=4.3ms  max=6.85ms p(90)=4.83ms p(95)=5.13ms
    iterations.....................: 540    53.997168/s
    vus............................: 0      min=0        max=0 
    vus_max........................: 54     min=54       max=54

    NETWORK
    data_received..................: 323 kB 32 kB/s
    data_sent......................: 154 kB 15 kB/s




running (10.0s), 00000/00054 VUs, 540 complete and 1 interrupted iterations
default ✓ [ 100% ] 00001/00054 VUs  10s  54.00 iters/s
