
         /\      Grafana   /‾‾/  
    /\  /  \     |\  __   /  /   
   /  \/    \    | |/ /  /   ‾‾\ 
  /          \   |   (  |  (‾)  |
 / __________ \  |_|\_\  \_____/ 

     execution: local
        script: workflow/write/k6_open_client.js
        output: -

     scenarios: (100.00%) 1 scenario, 10000 max VUs, 15s max duration (incl. graceful stop):
              * default: 328.00 iterations/s for 15s (maxVUs: 328-10000)


running (01.0s), 00013/00328 VUs, 309 complete and 0 interrupted iterations
default   [   7% ] 00013/00328 VUs  01.0s/15s  328.00 iters/s

running (02.0s), 00013/00328 VUs, 637 complete and 0 interrupted iterations
default   [  13% ] 00013/00328 VUs  02.0s/15s  328.00 iters/s

running (03.0s), 00013/00328 VUs, 965 complete and 0 interrupted iterations
default   [  20% ] 00013/00328 VUs  03.0s/15s  328.00 iters/s

running (04.0s), 00010/00328 VUs, 1296 complete and 0 interrupted iterations
default   [  27% ] 00010/00328 VUs  04.0s/15s  328.00 iters/s

running (05.0s), 00011/00328 VUs, 1622 complete and 0 interrupted iterations
default   [  33% ] 00011/00328 VUs  05.0s/15s  328.00 iters/s

running (06.0s), 00007/00328 VUs, 1955 complete and 0 interrupted iterations
default   [  40% ] 00007/00328 VUs  06.0s/15s  328.00 iters/s

running (07.0s), 00004/00328 VUs, 2286 complete and 0 interrupted iterations
default   [  47% ] 00004/00328 VUs  07.0s/15s  328.00 iters/s

running (08.0s), 00012/00328 VUs, 2605 complete and 0 interrupted iterations
default   [  53% ] 00012/00328 VUs  08.0s/15s  328.00 iters/s

running (09.0s), 00008/00328 VUs, 2938 complete and 0 interrupted iterations
default   [  60% ] 00008/00328 VUs  09.0s/15s  328.00 iters/s

running (10.0s), 00006/00328 VUs, 3268 complete and 0 interrupted iterations
default   [  67% ] 00006/00328 VUs  10.0s/15s  328.00 iters/s

running (11.0s), 00006/00328 VUs, 3596 complete and 0 interrupted iterations
default   [  73% ] 00006/00328 VUs  11.0s/15s  328.00 iters/s

running (12.0s), 00012/00328 VUs, 3918 complete and 0 interrupted iterations
default   [  80% ] 00012/00328 VUs  12.0s/15s  328.00 iters/s

running (13.0s), 00011/00328 VUs, 4247 complete and 0 interrupted iterations
default   [  87% ] 00011/00328 VUs  13.0s/15s  328.00 iters/s

running (14.0s), 00007/00328 VUs, 4579 complete and 0 interrupted iterations
default   [  93% ] 00007/00328 VUs  14.0s/15s  328.00 iters/s

running (15.0s), 00013/00328 VUs, 4900 complete and 0 interrupted iterations
default   [ 100% ] 00013/00328 VUs  15.0s/15s  328.00 iters/s


  █ TOTAL RESULTS 

    HTTP
    http_req_duration..............: avg=26.41ms min=9.37ms med=26.14ms max=100.85ms p(90)=38.85ms p(95)=40.28ms
      { expected_response:true }...: avg=26.41ms min=9.37ms med=26.14ms max=100.85ms p(90)=38.85ms p(95)=40.28ms
    http_req_failed................: 0.00%  0 out of 4911
    http_reqs......................: 4911   327.374318/s

    EXECUTION
    iteration_duration.............: avg=26.48ms min=9.43ms med=26.21ms max=100.92ms p(90)=38.9ms  p(95)=40.34ms
    iterations.....................: 4911   327.374318/s
    vus............................: 13     min=4         max=13 
    vus_max........................: 328    min=328       max=328

    NETWORK
    data_received..................: 987 kB 66 kB/s
    data_sent......................: 492 kB 33 kB/s




running (15.0s), 00000/00328 VUs, 4911 complete and 9 interrupted iterations
default ✓ [ 100% ] 00009/00328 VUs  15s  328.00 iters/s
