
         /\      Grafana   /‾‾/  
    /\  /  \     |\  __   /  /   
   /  \/    \    | |/ /  /   ‾‾\ 
  /          \   |   (  |  (‾)  |
 / __________ \  |_|\_\  \_____/ 

     execution: local
        script: workflow/hotel/k6_open_hotels_client.js
        output: -

     scenarios: (100.00%) 1 scenario, 10000 max VUs, 15s max duration (incl. graceful stop):
              * default: 465.00 iterations/s for 15s (maxVUs: 465-10000)


running (01.0s), 00015/00465 VUs, 438 complete and 0 interrupted iterations
default   [   6% ] 00015/00465 VUs  01.0s/15s  465.00 iters/s

running (02.0s), 00012/00465 VUs, 907 complete and 0 interrupted iterations
default   [  13% ] 00012/00465 VUs  02.0s/15s  465.00 iters/s

running (03.0s), 00019/00465 VUs, 1365 complete and 0 interrupted iterations
default   [  20% ] 00019/00465 VUs  03.0s/15s  465.00 iters/s

running (04.0s), 00009/00465 VUs, 1839 complete and 0 interrupted iterations
default   [  26% ] 00009/00465 VUs  04.0s/15s  465.00 iters/s

running (05.0s), 00014/00465 VUs, 2299 complete and 0 interrupted iterations
default   [  33% ] 00014/00465 VUs  05.0s/15s  465.00 iters/s

running (06.0s), 00020/00465 VUs, 2758 complete and 0 interrupted iterations
default   [  40% ] 00020/00465 VUs  06.0s/15s  465.00 iters/s

running (07.0s), 00011/00465 VUs, 3233 complete and 0 interrupted iterations
default   [  46% ] 00011/00465 VUs  07.0s/15s  465.00 iters/s

running (08.0s), 00017/00465 VUs, 3692 complete and 0 interrupted iterations
default   [  53% ] 00017/00465 VUs  08.0s/15s  465.00 iters/s

running (09.0s), 00021/00465 VUs, 4153 complete and 0 interrupted iterations
default   [  60% ] 00021/00465 VUs  09.0s/15s  465.00 iters/s

running (10.0s), 00012/00465 VUs, 4627 complete and 0 interrupted iterations
default   [  66% ] 00012/00465 VUs  10.0s/15s  465.00 iters/s

running (11.0s), 00017/00465 VUs, 5086 complete and 0 interrupted iterations
default   [  73% ] 00017/00465 VUs  11.0s/15s  465.00 iters/s

running (12.0s), 00022/00465 VUs, 5546 complete and 0 interrupted iterations
default   [  80% ] 00022/00465 VUs  12.0s/15s  465.00 iters/s

running (13.0s), 00013/00465 VUs, 6020 complete and 0 interrupted iterations
default   [  86% ] 00013/00465 VUs  13.0s/15s  465.00 iters/s

running (14.0s), 00019/00465 VUs, 6479 complete and 0 interrupted iterations
default   [  93% ] 00019/00465 VUs  14.0s/15s  465.00 iters/s

running (15.0s), 00013/00465 VUs, 6951 complete and 0 interrupted iterations
default   [ 100% ] 00013/00465 VUs  15.0s/15s  465.00 iters/s


  █ TOTAL RESULTS 

    HTTP
    http_req_duration..............: avg=32.13ms min=14.36ms med=32.23ms max=59.39ms p(90)=43.9ms  p(95)=45.49ms
      { expected_response:true }...: avg=32.13ms min=14.36ms med=32.23ms max=59.39ms p(90)=43.9ms  p(95)=45.49ms
    http_req_failed................: 0.00%  0 out of 6965
    http_reqs......................: 6965   464.271907/s

    EXECUTION
    iteration_duration.............: avg=32.24ms min=14.48ms med=32.35ms max=59.49ms p(90)=44.03ms p(95)=45.6ms 
    iterations.....................: 6965   464.271907/s
    vus............................: 13     min=10        max=20 
    vus_max........................: 465    min=465       max=465

    NETWORK
    data_received..................: 2.0 MB 132 kB/s
    data_sent......................: 2.3 MB 153 kB/s




running (15.0s), 00000/00465 VUs, 6965 complete and 10 interrupted iterations
default ✓ [ 100% ] 00010/00465 VUs  15s  465.00 iters/s
