
         /\      Grafana   /‾‾/  
    /\  /  \     |\  __   /  /   
   /  \/    \    | |/ /  /   ‾‾\ 
  /          \   |   (  |  (‾)  |
 / __________ \  |_|\_\  \_____/ 

     execution: local
        script: workflow/spin/k6_open_client.js
        output: -

     scenarios: (100.00%) 1 scenario, 10000 max VUs, 15s max duration (incl. graceful stop):
              * default: 2156.00 iterations/s for 15s (maxVUs: 2156-10000)


running (00.9s), 00152/02156 VUs, 1841 complete and 0 interrupted iterations
default   [   6% ] 00152/02156 VUs  00.9s/15s  2156.00 iters/s

running (01.9s), 00093/02156 VUs, 4057 complete and 0 interrupted iterations
default   [  13% ] 00093/02156 VUs  01.9s/15s  2156.00 iters/s

running (02.9s), 00150/02156 VUs, 6155 complete and 0 interrupted iterations
default   [  19% ] 00150/02156 VUs  02.9s/15s  2156.00 iters/s

running (03.9s), 00143/02156 VUs, 8319 complete and 0 interrupted iterations
default   [  26% ] 00143/02156 VUs  03.9s/15s  2156.00 iters/s

running (04.9s), 00085/02156 VUs, 10532 complete and 0 interrupted iterations
default   [  33% ] 00085/02156 VUs  04.9s/15s  2156.00 iters/s

running (05.9s), 00146/02156 VUs, 12628 complete and 0 interrupted iterations
default   [  39% ] 00146/02156 VUs  05.9s/15s  2156.00 iters/s

running (06.9s), 00148/02156 VUs, 14782 complete and 0 interrupted iterations
default   [  46% ] 00148/02156 VUs  06.9s/15s  2156.00 iters/s

running (07.9s), 00158/02156 VUs, 16927 complete and 0 interrupted iterations
default   [  53% ] 00158/02156 VUs  07.9s/15s  2156.00 iters/s

running (08.9s), 00109/02156 VUs, 19087 complete and 0 interrupted iterations
default   [  60% ] 00110/02156 VUs  08.9s/15s  2156.00 iters/s

running (09.9s), 00146/02156 VUs, 21252 complete and 0 interrupted iterations
default   [  66% ] 00146/02156 VUs  09.9s/15s  2156.00 iters/s

running (10.9s), 00104/02156 VUs, 23449 complete and 0 interrupted iterations
default   [  73% ] 00104/02156 VUs  10.9s/15s  2156.00 iters/s

running (11.9s), 00170/02156 VUs, 25539 complete and 0 interrupted iterations
default   [  79% ] 00170/02156 VUs  11.9s/15s  2156.00 iters/s

running (12.9s), 00105/02156 VUs, 27760 complete and 0 interrupted iterations
default   [  86% ] 00105/02156 VUs  12.9s/15s  2156.00 iters/s

running (13.9s), 00123/02156 VUs, 29898 complete and 0 interrupted iterations
default   [  93% ] 00124/02156 VUs  13.9s/15s  2156.00 iters/s

running (14.9s), 00169/02156 VUs, 32008 complete and 0 interrupted iterations
default   [ 100% ] 00169/02156 VUs  14.9s/15s  2156.00 iters/s


  █ TOTAL RESULTS 

    HTTP
    http_req_duration..............: avg=64.62ms min=36.39ms med=64.44ms max=105.96ms p(90)=81.89ms p(95)=85.44ms
      { expected_response:true }...: avg=64.62ms min=36.39ms med=64.44ms max=105.96ms p(90)=81.89ms p(95)=85.44ms
    http_req_failed................: 0.00%  0 out of 32241
    http_reqs......................: 32241  2148.830294/s

    EXECUTION
    iteration_duration.............: avg=64.71ms min=36.46ms med=64.53ms max=106.03ms p(90)=81.98ms p(95)=85.52ms
    iterations.....................: 32241  2148.830294/s
    vus............................: 169    min=85         max=171 
    vus_max........................: 2156   min=2156       max=2156

    NETWORK
    data_received..................: 6.5 MB 436 kB/s
    data_sent......................: 6.2 MB 414 kB/s




running (15.0s), 00000/02156 VUs, 32241 complete and 99 interrupted iterations
default ✓ [ 100% ] 00099/02156 VUs  15s  2156.00 iters/s
