
         /\      Grafana   /‾‾/  
    /\  /  \     |\  __   /  /   
   /  \/    \    | |/ /  /   ‾‾\ 
  /          \   |   (  |  (‾)  |
 / __________ \  |_|\_\  \_____/ 

     execution: local
        script: workflow/hotel/k6_open_recommendations_client.js
        output: -

     scenarios: (100.00%) 1 scenario, 10000 max VUs, 10s max duration (incl. graceful stop):
              * default: 398.00 iterations/s for 10s (maxVUs: 398-10000)


running (01.0s), 00023/00398 VUs, 366 complete and 0 interrupted iterations
default   [  10% ] 00023/00398 VUs  01.0s/10s  398.00 iters/s

running (02.0s), 00045/00398 VUs, 742 complete and 0 interrupted iterations
default   [  20% ] 00045/00398 VUs  02.0s/10s  398.00 iters/s

running (03.0s), 00061/00398 VUs, 1124 complete and 0 interrupted iterations
default   [  30% ] 00061/00398 VUs  03.0s/10s  398.00 iters/s

running (04.0s), 00071/00398 VUs, 1512 complete and 0 interrupted iterations
default   [  40% ] 00071/00398 VUs  04.0s/10s  398.00 iters/s

running (05.0s), 00084/00398 VUs, 1897 complete and 0 interrupted iterations
default   [  50% ] 00084/00398 VUs  05.0s/10s  398.00 iters/s

running (06.0s), 00102/00398 VUs, 2276 complete and 0 interrupted iterations
default   [  60% ] 00102/00398 VUs  06.0s/10s  398.00 iters/s

running (07.0s), 00119/00398 VUs, 2658 complete and 0 interrupted iterations
default   [  70% ] 00119/00398 VUs  07.0s/10s  398.00 iters/s

running (08.0s), 00136/00398 VUs, 3039 complete and 0 interrupted iterations
default   [  80% ] 00136/00398 VUs  08.0s/10s  398.00 iters/s

running (09.0s), 00147/00398 VUs, 3426 complete and 0 interrupted iterations
default   [  90% ] 00147/00398 VUs  09.0s/10s  398.00 iters/s

running (10.0s), 00166/00398 VUs, 3805 complete and 0 interrupted iterations
default   [ 100% ] 00166/00398 VUs  10.0s/10s  398.00 iters/s


  █ TOTAL RESULTS 

    HTTP
    http_req_duration..............: avg=220.31ms min=4.69ms med=210.61ms max=416.91ms p(90)=367.52ms p(95)=397.92ms
      { expected_response:true }...: avg=220.31ms min=4.69ms med=210.61ms max=416.91ms p(90)=367.52ms p(95)=397.92ms
    http_req_failed................: 0.00%  0 out of 3815
    http_reqs......................: 3815   381.421514/s

    EXECUTION
    iteration_duration.............: avg=220.43ms min=5.45ms med=210.73ms max=417.05ms p(90)=367.63ms p(95)=398.01ms
    iterations.....................: 3815   381.421514/s
    vus............................: 166    min=23        max=166
    vus_max........................: 398    min=398       max=398

    NETWORK
    data_received..................: 2.2 MB 220 kB/s
    data_sent......................: 1.1 MB 113 kB/s




running (10.0s), 00000/00398 VUs, 3815 complete and 166 interrupted iterations
default ✓ [ 100% ] 00166/00398 VUs  10s  398.00 iters/s
