
         /\      Grafana   /‾‾/  
    /\  /  \     |\  __   /  /   
   /  \/    \    | |/ /  /   ‾‾\ 
  /          \   |   (  |  (‾)  |
 / __________ \  |_|\_\  \_____/ 

     execution: local
        script: workflow/spin/k6_open_client.js
        output: -

     scenarios: (100.00%) 1 scenario, 10000 max VUs, 15s max duration (incl. graceful stop):
              * default: 2755.00 iterations/s for 15s (maxVUs: 2755-10000)


running (00.9s), 00427/02755 VUs, 2048 complete and 0 interrupted iterations
default   [   6% ] 00427/02755 VUs  00.9s/15s  2755.00 iters/s

running (01.9s), 00463/02755 VUs, 4767 complete and 0 interrupted iterations
default   [  13% ] 00463/02755 VUs  01.9s/15s  2755.00 iters/s

running (02.9s), 00523/02755 VUs, 7463 complete and 0 interrupted iterations
default   [  19% ] 00523/02755 VUs  02.9s/15s  2755.00 iters/s

running (03.9s), 00499/02755 VUs, 10240 complete and 0 interrupted iterations
default   [  26% ] 00499/02755 VUs  03.9s/15s  2755.00 iters/s

running (04.9s), 00437/02755 VUs, 13056 complete and 0 interrupted iterations
default   [  33% ] 00437/02755 VUs  04.9s/15s  2755.00 iters/s

running (05.9s), 00427/02755 VUs, 15823 complete and 0 interrupted iterations
default   [  39% ] 00427/02755 VUs  05.9s/15s  2755.00 iters/s

running (06.9s), 00490/02755 VUs, 18516 complete and 0 interrupted iterations
default   [  46% ] 00490/02755 VUs  06.9s/15s  2755.00 iters/s

running (07.9s), 00511/02755 VUs, 21248 complete and 0 interrupted iterations
default   [  53% ] 00512/02755 VUs  07.9s/15s  2755.00 iters/s

running (08.9s), 00450/02755 VUs, 24064 complete and 0 interrupted iterations
default   [  59% ] 00450/02755 VUs  08.9s/15s  2755.00 iters/s

running (09.9s), 00413/02755 VUs, 26858 complete and 0 interrupted iterations
default   [  66% ] 00413/02755 VUs  09.9s/15s  2755.00 iters/s

running (10.9s), 00581/02755 VUs, 29445 complete and 0 interrupted iterations
default   [  73% ] 00581/02755 VUs  10.9s/15s  2755.00 iters/s

running (11.9s), 00524/02755 VUs, 32256 complete and 0 interrupted iterations
default   [  79% ] 00525/02755 VUs  11.9s/15s  2755.00 iters/s

running (12.9s), 00462/02755 VUs, 35072 complete and 0 interrupted iterations
default   [  86% ] 00462/02755 VUs  12.9s/15s  2755.00 iters/s

running (13.9s), 00400/02755 VUs, 37888 complete and 0 interrupted iterations
default   [  93% ] 00400/02755 VUs  13.9s/15s  2755.00 iters/s

running (14.9s), 00516/02755 VUs, 40530 complete and 0 interrupted iterations
default   [  99% ] 00516/02755 VUs  14.9s/15s  2755.00 iters/s


  █ TOTAL RESULTS 

    HTTP
    http_req_duration..............: avg=172.8ms min=124.25ms med=173.04ms max=250.25ms p(90)=197.37ms p(95)=207.01ms
      { expected_response:true }...: avg=172.8ms min=124.25ms med=173.04ms max=250.25ms p(90)=197.37ms p(95)=207.01ms
    http_req_failed................: 0.00%  0 out of 40898
    http_reqs......................: 40898  2725.315219/s

    EXECUTION
    iteration_duration.............: avg=172.9ms min=124.32ms med=173.13ms max=250.35ms p(90)=197.46ms p(95)=207.12ms
    iterations.....................: 40898  2725.315219/s
    vus............................: 515    min=403        max=579 
    vus_max........................: 2755   min=2755       max=2755

    NETWORK
    data_received..................: 8.3 MB 553 kB/s
    data_sent......................: 7.9 MB 528 kB/s




running (15.0s), 00000/02755 VUs, 40885 complete and 441 interrupted iterations
default ✓ [ 100% ] 00441/02755 VUs  15s  2755.00 iters/s
