
         /\      Grafana   /‾‾/  
    /\  /  \     |\  __   /  /   
   /  \/    \    | |/ /  /   ‾‾\ 
  /          \   |   (  |  (‾)  |
 / __________ \  |_|\_\  \_____/ 

     execution: local
        script: workflow/online_boutique/k6_open_view_cart.js
        output: -

     scenarios: (100.00%) 1 scenario, 10000 max VUs, 15s max duration (incl. graceful stop):
              * default: 197.00 iterations/s for 15s (maxVUs: 197-10000)


running (01.0s), 00114/00197 VUs, 80 complete and 0 interrupted iterations
default   [   7% ] 00114/00197 VUs  01.0s/15s  197.00 iters/s

running (02.0s), 00150/00197 VUs, 241 complete and 0 interrupted iterations
default   [  13% ] 00150/00197 VUs  02.0s/15s  197.00 iters/s

running (03.0s), 00188/00197 VUs, 400 complete and 0 interrupted iterations
default   [  20% ] 00188/00197 VUs  03.0s/15s  197.00 iters/s

running (04.0s), 00146/00199 VUs, 638 complete and 0 interrupted iterations
default   [  27% ] 00146/00199 VUs  04.0s/15s  197.00 iters/s

running (05.0s), 00183/00201 VUs, 795 complete and 0 interrupted iterations
default   [  33% ] 00183/00201 VUs  05.0s/15s  197.00 iters/s

running (06.0s), 00143/00206 VUs, 1028 complete and 0 interrupted iterations
default   [  40% ] 00143/00206 VUs  06.0s/15s  197.00 iters/s

running (07.0s), 00176/00212 VUs, 1185 complete and 0 interrupted iterations
default   [  47% ] 00176/00212 VUs  07.0s/15s  197.00 iters/s

running (08.0s), 00216/00216 VUs, 1338 complete and 0 interrupted iterations
default   [  53% ] 00216/00216 VUs  08.0s/15s  197.00 iters/s

running (09.0s), 00175/00222 VUs, 1571 complete and 0 interrupted iterations
default   [  60% ] 00175/00222 VUs  09.0s/15s  197.00 iters/s

running (10.0s), 00211/00227 VUs, 1726 complete and 0 interrupted iterations
default   [  67% ] 00211/00227 VUs  10.0s/15s  197.00 iters/s

running (11.0s), 00173/00232 VUs, 1957 complete and 0 interrupted iterations
default   [  73% ] 00173/00232 VUs  11.0s/15s  197.00 iters/s

running (12.0s), 00210/00235 VUs, 2113 complete and 0 interrupted iterations
default   [  80% ] 00210/00235 VUs  12.0s/15s  197.00 iters/s

running (13.0s), 00167/00240 VUs, 2348 complete and 0 interrupted iterations
default   [  87% ] 00167/00240 VUs  13.0s/15s  197.00 iters/s

running (14.0s), 00204/00243 VUs, 2505 complete and 0 interrupted iterations
default   [  93% ] 00204/00243 VUs  14.0s/15s  197.00 iters/s

running (15.0s), 00242/00246 VUs, 2661 complete and 0 interrupted iterations
default   [ 100% ] 00242/00246 VUs  15.0s/15s  197.00 iters/s


  █ TOTAL RESULTS 

    CUSTOM
    online_boutique_application_errors...: 0.00%  0 out of 2661

    HTTP
    http_req_duration....................: avg=917.56ms min=465.07ms med=924ms   max=1.27s p(90)=1.13s p(95)=1.17s
      { expected_response:true }.........: avg=917.56ms min=465.07ms med=924ms   max=1.27s p(90)=1.13s p(95)=1.17s
    http_req_failed......................: 0.00%  0 out of 2661
    http_reqs............................: 2661   177.37604/s

    EXECUTION
    dropped_iterations...................: 49     3.266225/s
    iteration_duration...................: avg=917.77ms min=465.41ms med=924.2ms max=1.27s p(90)=1.13s p(95)=1.17s
    iterations...........................: 2661   177.37604/s
    vus..................................: 242    min=114       max=242
    vus_max..............................: 246    min=197       max=246

    NETWORK
    data_received........................: 5.2 MB 344 kB/s
    data_sent............................: 697 kB 46 kB/s




running (15.0s), 00000/00246 VUs, 2661 complete and 245 interrupted iterations
default ✓ [ 100% ] 00245/00246 VUs  15s  197.00 iters/s
