
         /\      Grafana   /‾‾/  
    /\  /  \     |\  __   /  /   
   /  \/    \    | |/ /  /   ‾‾\ 
  /          \   |   (  |  (‾)  |
 / __________ \  |_|\_\  \_____/ 

     execution: local
        script: workflow/spin/k6_open_client.js
        output: -

     scenarios: (100.00%) 1 scenario, 10000 max VUs, 15s max duration (incl. graceful stop):
              * default: 2530.00 iterations/s for 15s (maxVUs: 2530-10000)


running (00.9s), 00333/02530 VUs, 1967 complete and 0 interrupted iterations
default   [   6% ] 00333/02530 VUs  00.9s/15s  2530.00 iters/s

running (01.9s), 00319/02530 VUs, 4511 complete and 0 interrupted iterations
default   [  13% ] 00319/02530 VUs  01.9s/15s  2530.00 iters/s

running (02.9s), 00375/02530 VUs, 6983 complete and 0 interrupted iterations
default   [  19% ] 00376/02530 VUs  02.9s/15s  2530.00 iters/s

running (03.9s), 00260/02530 VUs, 9627 complete and 0 interrupted iterations
default   [  26% ] 00260/02530 VUs  03.9s/15s  2530.00 iters/s

running (04.9s), 00302/02530 VUs, 12118 complete and 0 interrupted iterations
default   [  33% ] 00302/02530 VUs  04.9s/15s  2530.00 iters/s

running (05.9s), 00386/02530 VUs, 14564 complete and 0 interrupted iterations
default   [  39% ] 00386/02530 VUs  05.9s/15s  2530.00 iters/s

running (06.9s), 00276/02530 VUs, 17203 complete and 0 interrupted iterations
default   [  46% ] 00276/02530 VUs  06.9s/15s  2530.00 iters/s

running (07.9s), 00375/02530 VUs, 19636 complete and 0 interrupted iterations
default   [  53% ] 00375/02530 VUs  07.9s/15s  2530.00 iters/s

running (08.9s), 00271/02530 VUs, 22269 complete and 0 interrupted iterations
default   [  59% ] 00271/02530 VUs  08.9s/15s  2530.00 iters/s

running (09.9s), 00363/02530 VUs, 24705 complete and 0 interrupted iterations
default   [  66% ] 00363/02530 VUs  09.9s/15s  2530.00 iters/s

running (10.9s), 00277/02530 VUs, 27323 complete and 0 interrupted iterations
default   [  73% ] 00277/02530 VUs  10.9s/15s  2530.00 iters/s

running (11.9s), 00323/02530 VUs, 29809 complete and 0 interrupted iterations
default   [  79% ] 00323/02530 VUs  11.9s/15s  2530.00 iters/s

running (12.9s), 00318/02530 VUs, 32342 complete and 0 interrupted iterations
default   [  86% ] 00318/02530 VUs  12.9s/15s  2530.00 iters/s

running (13.9s), 00316/02530 VUs, 34874 complete and 0 interrupted iterations
default   [  93% ] 00316/02530 VUs  13.9s/15s  2530.00 iters/s

running (14.9s), 00258/02530 VUs, 37462 complete and 0 interrupted iterations
default   [  99% ] 00258/02530 VUs  14.9s/15s  2530.00 iters/s


  █ TOTAL RESULTS 

    HTTP
    http_req_duration..............: avg=126.4ms  min=73.87ms med=126.2ms max=190.37ms p(90)=147.99ms p(95)=152.63ms
      { expected_response:true }...: avg=126.4ms  min=73.87ms med=126.2ms max=190.37ms p(90)=147.99ms p(95)=152.63ms
    http_req_failed................: 0.00%  0 out of 37609
    http_reqs......................: 37609  2506.291966/s

    EXECUTION
    iteration_duration.............: avg=126.49ms min=74.35ms med=126.3ms max=190.55ms p(90)=148.08ms p(95)=152.74ms
    iterations.....................: 37609  2506.291966/s
    vus............................: 257    min=257        max=388 
    vus_max........................: 2530   min=2530       max=2530

    NETWORK
    data_received..................: 7.6 MB 509 kB/s
    data_sent......................: 7.3 MB 485 kB/s




running (15.0s), 00000/02530 VUs, 37606 complete and 345 interrupted iterations
default ✓ [ 100% ] 00345/02530 VUs  15s  2530.00 iters/s
