
         /\      Grafana   /‾‾/  
    /\  /  \     |\  __   /  /   
   /  \/    \    | |/ /  /   ‾‾\ 
  /          \   |   (  |  (‾)  |
 / __________ \  |_|\_\  \_____/ 

     execution: local
        script: workflow/social/k6_open_client.js
        output: -

     scenarios: (100.00%) 1 scenario, 10000 max VUs, 15s max duration (incl. graceful stop):
              * default: 698.00 iterations/s for 15s (maxVUs: 698-10000)


running (01.0s), 00017/00698 VUs, 656 complete and 0 interrupted iterations
default   [   6% ] 00017/00698 VUs  01.0s/15s  698.00 iters/s

running (02.0s), 00011/00698 VUs, 1360 complete and 0 interrupted iterations
default   [  13% ] 00011/00698 VUs  02.0s/15s  698.00 iters/s

running (03.0s), 00028/00698 VUs, 2042 complete and 0 interrupted iterations
default   [  20% ] 00028/00698 VUs  03.0s/15s  698.00 iters/s

running (04.0s), 00020/00698 VUs, 2748 complete and 0 interrupted iterations
default   [  26% ] 00020/00698 VUs  04.0s/15s  698.00 iters/s

running (05.0s), 00013/00698 VUs, 3452 complete and 0 interrupted iterations
default   [  33% ] 00013/00698 VUs  05.0s/15s  698.00 iters/s

running (06.0s), 00012/00698 VUs, 4151 complete and 0 interrupted iterations
default   [  40% ] 00012/00698 VUs  06.0s/15s  698.00 iters/s

running (07.0s), 00026/00698 VUs, 4836 complete and 0 interrupted iterations
default   [  46% ] 00026/00698 VUs  07.0s/15s  698.00 iters/s

running (08.0s), 00042/00698 VUs, 5517 complete and 0 interrupted iterations
default   [  53% ] 00042/00698 VUs  08.0s/15s  698.00 iters/s

running (09.0s), 00038/00698 VUs, 6220 complete and 0 interrupted iterations
default   [  60% ] 00038/00698 VUs  09.0s/15s  698.00 iters/s

running (10.0s), 00010/00698 VUs, 6946 complete and 0 interrupted iterations
default   [  66% ] 00010/00698 VUs  10.0s/15s  698.00 iters/s

running (11.0s), 00029/00698 VUs, 7625 complete and 0 interrupted iterations
default   [  73% ] 00029/00698 VUs  11.0s/15s  698.00 iters/s

running (12.0s), 00041/00698 VUs, 8310 complete and 0 interrupted iterations
default   [  80% ] 00041/00698 VUs  12.0s/15s  698.00 iters/s

running (13.0s), 00014/00698 VUs, 9035 complete and 0 interrupted iterations
default   [  86% ] 00014/00698 VUs  13.0s/15s  698.00 iters/s

running (14.0s), 00027/00698 VUs, 9720 complete and 0 interrupted iterations
default   [  93% ] 00027/00698 VUs  14.0s/15s  698.00 iters/s

running (15.0s), 00023/00698 VUs, 10422 complete and 0 interrupted iterations
default   [ 100% ] 00023/00698 VUs  15.0s/15s  698.00 iters/s


  █ TOTAL RESULTS 

    HTTP
    http_req_duration..............: avg=31.01ms min=9.58ms med=29.05ms max=75.92ms p(90)=52.27ms p(95)=62.81ms
      { expected_response:true }...: avg=31.01ms min=9.58ms med=29.05ms max=75.92ms p(90)=52.27ms p(95)=62.81ms
    http_req_failed................: 0.00%  0 out of 10444
    http_reqs......................: 10444  696.175483/s

    EXECUTION
    iteration_duration.............: avg=31.13ms min=9.66ms med=29.18ms max=76.01ms p(90)=52.36ms p(95)=62.92ms
    iterations.....................: 10444  696.175483/s
    vus............................: 23     min=9          max=42 
    vus_max........................: 698    min=698        max=698

    NETWORK
    data_received..................: 2.3 MB 157 kB/s
    data_sent......................: 3.4 MB 229 kB/s




running (15.0s), 00000/00698 VUs, 10444 complete and 26 interrupted iterations
default ✓ [ 100% ] 00026/00698 VUs  15s  698.00 iters/s
