
         /\      Grafana   /‾‾/  
    /\  /  \     |\  __   /  /   
   /  \/    \    | |/ /  /   ‾‾\ 
  /          \   |   (  |  (‾)  |
 / __________ \  |_|\_\  \_____/ 

     execution: local
        script: workflow/spin/k6_open_client.js
        output: -

     scenarios: (100.00%) 1 scenario, 10000 max VUs, 15s max duration (incl. graceful stop):
              * default: 2093.00 iterations/s for 15s (maxVUs: 2093-10000)


running (00.9s), 00268/02093 VUs, 1662 complete and 0 interrupted iterations
default   [   6% ] 00268/02093 VUs  00.9s/15s  2093.00 iters/s

running (01.9s), 00188/02093 VUs, 3836 complete and 0 interrupted iterations
default   [  13% ] 00188/02093 VUs  01.9s/15s  2093.00 iters/s

running (02.9s), 00282/02093 VUs, 5834 complete and 0 interrupted iterations
default   [  19% ] 00282/02093 VUs  02.9s/15s  2093.00 iters/s

running (03.9s), 00229/02093 VUs, 7980 complete and 0 interrupted iterations
default   [  26% ] 00229/02093 VUs  03.9s/15s  2093.00 iters/s

running (04.9s), 00156/02093 VUs, 10145 complete and 0 interrupted iterations
default   [  33% ] 00157/02093 VUs  04.9s/15s  2093.00 iters/s

running (05.9s), 00244/02093 VUs, 12152 complete and 0 interrupted iterations
default   [  39% ] 00244/02093 VUs  05.9s/15s  2093.00 iters/s

running (06.9s), 00188/02093 VUs, 14299 complete and 0 interrupted iterations
default   [  46% ] 00188/02093 VUs  06.9s/15s  2093.00 iters/s

running (07.9s), 00302/02093 VUs, 16279 complete and 0 interrupted iterations
default   [  53% ] 00302/02093 VUs  07.9s/15s  2093.00 iters/s

running (08.9s), 00241/02093 VUs, 18434 complete and 0 interrupted iterations
default   [  59% ] 00241/02093 VUs  08.9s/15s  2093.00 iters/s

running (09.9s), 00178/02093 VUs, 20589 complete and 0 interrupted iterations
default   [  66% ] 00179/02093 VUs  09.9s/15s  2093.00 iters/s

running (10.9s), 00255/02093 VUs, 22603 complete and 0 interrupted iterations
default   [  73% ] 00255/02093 VUs  10.9s/15s  2093.00 iters/s

running (11.9s), 00172/02093 VUs, 24782 complete and 0 interrupted iterations
default   [  79% ] 00172/02093 VUs  11.9s/15s  2093.00 iters/s

running (12.9s), 00295/02093 VUs, 26751 complete and 0 interrupted iterations
default   [  86% ] 00295/02093 VUs  12.9s/15s  2093.00 iters/s

running (13.9s), 00247/02093 VUs, 28891 complete and 0 interrupted iterations
default   [  93% ] 00247/02093 VUs  13.9s/15s  2093.00 iters/s

running (14.9s), 00187/02093 VUs, 31047 complete and 0 interrupted iterations
default   [  99% ] 00187/02093 VUs  14.9s/15s  2093.00 iters/s


  █ TOTAL RESULTS 

    HTTP
    http_req_duration..............: avg=111.15ms min=70.03ms med=110.49ms max=202.3ms  p(90)=135.87ms p(95)=141.21ms
      { expected_response:true }...: avg=111.15ms min=70.03ms med=110.49ms max=202.3ms  p(90)=135.87ms p(95)=141.21ms
    http_req_failed................: 0.00%  0 out of 31210
    http_reqs......................: 31210  2080.057411/s

    EXECUTION
    iteration_duration.............: avg=111.25ms min=70.1ms  med=110.57ms max=202.47ms p(90)=135.97ms p(95)=141.31ms
    iterations.....................: 31210  2080.057411/s
    vus............................: 184    min=159        max=303 
    vus_max........................: 2093   min=2093       max=2093

    NETWORK
    data_received..................: 6.3 MB 422 kB/s
    data_sent......................: 6.0 MB 402 kB/s




running (15.0s), 00000/02093 VUs, 31210 complete and 187 interrupted iterations
default ✓ [ 100% ] 00187/02093 VUs  15s  2093.00 iters/s
