
         /\      Grafana   /‾‾/  
    /\  /  \     |\  __   /  /   
   /  \/    \    | |/ /  /   ‾‾\ 
  /          \   |   (  |  (‾)  |
 / __________ \  |_|\_\  \_____/ 

     execution: local
        script: workflow/online_boutique/k6_open_add_to_cart.js
        output: -

     scenarios: (100.00%) 1 scenario, 10000 max VUs, 15s max duration (incl. graceful stop):
              * default: 5198.00 iterations/s for 15s (maxVUs: 5198-10000)


running (00.8s), 02240/05198 VUs, 1891 complete and 0 interrupted iterations
default   [   6% ] 02239/05198 VUs  00.8s/15s  5198.00 iters/s

running (01.8s), 03049/05198 VUs, 6349 complete and 0 interrupted iterations
default   [  12% ] 03049/05198 VUs  01.8s/15s  5198.00 iters/s

running (02.8s), 03426/05198 VUs, 11170 complete and 0 interrupted iterations
default   [  19% ] 03426/05198 VUs  02.8s/15s  5198.00 iters/s

running (03.8s), 03710/05198 VUs, 16085 complete and 0 interrupted iterations
default   [  25% ] 03710/05198 VUs  03.8s/15s  5198.00 iters/s

running (04.8s), 03990/05198 VUs, 21002 complete and 0 interrupted iterations
default   [  32% ] 03990/05198 VUs  04.8s/15s  5198.00 iters/s

running (05.8s), 04377/05198 VUs, 25813 complete and 0 interrupted iterations
default   [  39% ] 04377/05198 VUs  05.8s/15s  5198.00 iters/s

running (06.8s), 04618/05198 VUs, 30770 complete and 0 interrupted iterations
default   [  45% ] 04618/05198 VUs  06.8s/15s  5198.00 iters/s

running (07.8s), 04962/05198 VUs, 35624 complete and 0 interrupted iterations
default   [  52% ] 04962/05198 VUs  07.8s/15s  5198.00 iters/s

running (08.8s), 05198/05217 VUs, 40499 complete and 0 interrupted iterations
default   [  59% ] 05198/05217 VUs  08.8s/15s  5198.00 iters/s

running (09.8s), 05198/05242 VUs, 45424 complete and 0 interrupted iterations
default   [  65% ] 05198/05242 VUs  09.8s/15s  5198.00 iters/s

running (10.8s), 05255/05303 VUs, 50269 complete and 0 interrupted iterations
default   [  72% ] 05255/05303 VUs  10.8s/15s  5198.00 iters/s

running (11.8s), 05397/05401 VUs, 54914 complete and 0 interrupted iterations
default   [  79% ] 05397/05401 VUs  11.8s/15s  5198.00 iters/s

running (12.8s), 05440/05485 VUs, 59655 complete and 0 interrupted iterations
default   [  85% ] 05440/05485 VUs  12.8s/15s  5198.00 iters/s

running (13.8s), 05505/05565 VUs, 64413 complete and 0 interrupted iterations
default   [  92% ] 05505/05565 VUs  13.8s/15s  5198.00 iters/s

running (14.8s), 05491/05632 VUs, 69318 complete and 0 interrupted iterations
default   [  99% ] 05491/05632 VUs  14.8s/15s  5198.00 iters/s


  █ TOTAL RESULTS 

    CUSTOM
    online_boutique_application_errors...: 0.00% 0 out of 70181

    HTTP
    http_req_duration....................: avg=898.71ms min=403.41ms med=945.76ms max=1.2s p(90)=1.14s p(95)=1.18s
      { expected_response:true }.........: avg=898.71ms min=403.41ms med=945.76ms max=1.2s p(90)=1.14s p(95)=1.18s
    http_req_failed......................: 0.00% 0 out of 70188
    http_reqs............................: 70188 4660.933749/s

    EXECUTION
    dropped_iterations...................: 2167  143.90271/s
    iteration_duration...................: avg=898.95ms min=403.97ms med=945.95ms max=1.2s p(90)=1.14s p(95)=1.18s
    iterations...........................: 70188 4660.933749/s
    vus..................................: 5490  min=2367       max=5504
    vus_max..............................: 5632  min=5198       max=5632

    NETWORK
    data_received........................: 61 MB 4.0 MB/s
    data_sent............................: 20 MB 1.3 MB/s




running (15.1s), 00000/05632 VUs, 70177 complete and 5631 interrupted iterations
default ✓ [ 100% ] 05631/05632 VUs  15s  5198.00 iters/s
