
         /\      Grafana   /‾‾/  
    /\  /  \     |\  __   /  /   
   /  \/    \    | |/ /  /   ‾‾\ 
  /          \   |   (  |  (‾)  |
 / __________ \  |_|\_\  \_____/ 

     execution: local
        script: workflow/spin/k6_open_client.js
        output: -

     scenarios: (100.00%) 1 scenario, 10000 max VUs, 15s max duration (incl. graceful stop):
              * default: 3729.00 iterations/s for 15s (maxVUs: 3729-10000)


running (00.9s), 00221/03729 VUs, 3062 complete and 0 interrupted iterations
default   [   6% ] 00220/03729 VUs  00.9s/15s  3729.00 iters/s

running (01.9s), 00213/03729 VUs, 6799 complete and 0 interrupted iterations
default   [  13% ] 00213/03729 VUs  01.9s/15s  3729.00 iters/s

running (02.9s), 00253/03729 VUs, 10490 complete and 0 interrupted iterations
default   [  19% ] 00253/03729 VUs  02.9s/15s  3729.00 iters/s

running (03.9s), 00190/03729 VUs, 14281 complete and 0 interrupted iterations
default   [  26% ] 00190/03729 VUs  03.9s/15s  3729.00 iters/s

running (04.9s), 00229/03729 VUs, 17970 complete and 0 interrupted iterations
default   [  33% ] 00229/03729 VUs  04.9s/15s  3729.00 iters/s

running (05.9s), 00226/03729 VUs, 21703 complete and 0 interrupted iterations
default   [  39% ] 00226/03729 VUs  05.9s/15s  3729.00 iters/s

running (06.9s), 00240/03729 VUs, 25418 complete and 0 interrupted iterations
default   [  46% ] 00240/03729 VUs  06.9s/15s  3729.00 iters/s

running (07.9s), 00286/03729 VUs, 29102 complete and 0 interrupted iterations
default   [  53% ] 00286/03729 VUs  07.9s/15s  3729.00 iters/s

running (08.9s), 00206/03729 VUs, 32913 complete and 0 interrupted iterations
default   [  59% ] 00206/03729 VUs  08.9s/15s  3729.00 iters/s

running (09.9s), 00229/03729 VUs, 36615 complete and 0 interrupted iterations
default   [  66% ] 00229/03729 VUs  09.9s/15s  3729.00 iters/s

running (10.9s), 00228/03729 VUs, 40346 complete and 0 interrupted iterations
default   [  73% ] 00228/03729 VUs  10.9s/15s  3729.00 iters/s

running (11.9s), 00220/03729 VUs, 44082 complete and 0 interrupted iterations
default   [  79% ] 00220/03729 VUs  11.9s/15s  3729.00 iters/s

running (12.9s), 00201/03729 VUs, 47829 complete and 0 interrupted iterations
default   [  86% ] 00201/03729 VUs  12.9s/15s  3729.00 iters/s

running (13.9s), 00216/03729 VUs, 51544 complete and 0 interrupted iterations
default   [  93% ] 00216/03729 VUs  13.9s/15s  3729.00 iters/s

running (14.9s), 00241/03729 VUs, 55249 complete and 0 interrupted iterations
default   [  99% ] 00241/03729 VUs  14.9s/15s  3729.00 iters/s


  █ TOTAL RESULTS 

    HTTP
    http_req_duration..............: avg=61.51ms min=42.28ms med=61.07ms max=116.47ms p(90)=69.83ms p(95)=73.76ms
      { expected_response:true }...: avg=61.51ms min=42.28ms med=61.07ms max=116.47ms p(90)=69.83ms p(95)=73.76ms
    http_req_failed................: 0.00% 0 out of 55721
    http_reqs......................: 55721 3713.075614/s

    EXECUTION
    iteration_duration.............: avg=61.61ms min=42.37ms med=61.16ms max=116.71ms p(90)=69.94ms p(95)=73.86ms
    iterations.....................: 55721 3713.075614/s
    vus............................: 241   min=190        max=286 
    vus_max........................: 3729  min=3729       max=3729

    NETWORK
    data_received..................: 11 MB 754 kB/s
    data_sent......................: 11 MB 715 kB/s




running (15.0s), 00000/03729 VUs, 55721 complete and 217 interrupted iterations
default ✓ [ 100% ] 00217/03729 VUs  15s  3729.00 iters/s
