
         /\      Grafana   /‾‾/  
    /\  /  \     |\  __   /  /   
   /  \/    \    | |/ /  /   ‾‾\ 
  /          \   |   (  |  (‾)  |
 / __________ \  |_|\_\  \_____/ 

     execution: local
        script: workflow/write/k6_open_client.js
        output: -

     scenarios: (100.00%) 1 scenario, 10000 max VUs, 15s max duration (incl. graceful stop):
              * default: 2695.00 iterations/s for 15s (maxVUs: 2695-10000)


running (00.9s), 00094/02695 VUs, 2359 complete and 0 interrupted iterations
default   [   6% ] 00094/02695 VUs  00.9s/15s  2695.00 iters/s

running (01.9s), 00125/02695 VUs, 5021 complete and 0 interrupted iterations
default   [  13% ] 00126/02695 VUs  01.9s/15s  2695.00 iters/s

running (02.9s), 00102/02695 VUs, 7743 complete and 0 interrupted iterations
default   [  19% ] 00102/02695 VUs  02.9s/15s  2695.00 iters/s

running (03.9s), 00083/02695 VUs, 10455 complete and 0 interrupted iterations
default   [  26% ] 00083/02695 VUs  03.9s/15s  2695.00 iters/s

running (04.9s), 00125/02695 VUs, 13107 complete and 0 interrupted iterations
default   [  33% ] 00126/02695 VUs  04.9s/15s  2695.00 iters/s

running (05.9s), 00102/02695 VUs, 15825 complete and 0 interrupted iterations
default   [  39% ] 00102/02695 VUs  05.9s/15s  2695.00 iters/s

running (06.9s), 00087/02695 VUs, 18534 complete and 0 interrupted iterations
default   [  46% ] 00087/02695 VUs  06.9s/15s  2695.00 iters/s

running (07.9s), 00077/02695 VUs, 21241 complete and 0 interrupted iterations
default   [  53% ] 00077/02695 VUs  07.9s/15s  2695.00 iters/s

running (08.9s), 00136/02695 VUs, 23878 complete and 0 interrupted iterations
default   [  59% ] 00136/02695 VUs  08.9s/15s  2695.00 iters/s

running (09.9s), 00098/02695 VUs, 26611 complete and 0 interrupted iterations
default   [  66% ] 00098/02695 VUs  09.9s/15s  2695.00 iters/s

running (10.9s), 00103/02695 VUs, 29300 complete and 0 interrupted iterations
default   [  73% ] 00103/02695 VUs  10.9s/15s  2695.00 iters/s

running (11.9s), 00128/02695 VUs, 31969 complete and 0 interrupted iterations
default   [  79% ] 00129/02695 VUs  11.9s/15s  2695.00 iters/s

running (12.9s), 00104/02695 VUs, 34688 complete and 0 interrupted iterations
default   [  86% ] 00104/02695 VUs  12.9s/15s  2695.00 iters/s

running (13.9s), 00076/02695 VUs, 37414 complete and 0 interrupted iterations
default   [  93% ] 00076/02695 VUs  13.9s/15s  2695.00 iters/s

running (14.9s), 00129/02695 VUs, 40055 complete and 0 interrupted iterations
default   [  99% ] 00129/02695 VUs  14.9s/15s  2695.00 iters/s


  █ TOTAL RESULTS 

    HTTP
    http_req_duration..............: avg=41.83ms min=24.47ms med=39.02ms max=249.45ms p(90)=48.52ms p(95)=50.42ms
      { expected_response:true }...: avg=41.83ms min=24.47ms med=39.02ms max=249.45ms p(90)=48.52ms p(95)=50.42ms
    http_req_failed................: 0.00%  0 out of 40309
    http_reqs......................: 40309  2686.448549/s

    EXECUTION
    iteration_duration.............: avg=41.9ms  min=24.54ms med=39.08ms max=249.7ms  p(90)=48.59ms p(95)=50.49ms
    iterations.....................: 40309  2686.448549/s
    vus............................: 126    min=76         max=136 
    vus_max........................: 2695   min=2695       max=2695

    NETWORK
    data_received..................: 8.2 MB 545 kB/s
    data_sent......................: 4.0 MB 269 kB/s




running (15.0s), 00000/02695 VUs, 40309 complete and 115 interrupted iterations
default ✓ [ 100% ] 00115/02695 VUs  15s  2695.00 iters/s
