
         /\      Grafana   /‾‾/  
    /\  /  \     |\  __   /  /   
   /  \/    \    | |/ /  /   ‾‾\ 
  /          \   |   (  |  (‾)  |
 / __________ \  |_|\_\  \_____/ 

     execution: local
        script: workflow/hotel/k6_open_hotels_client.js
        output: -

     scenarios: (100.00%) 1 scenario, 10000 max VUs, 10s max duration (incl. graceful stop):
              * default: 451.00 iterations/s for 10s (maxVUs: 451-10000)


running (01.0s), 00002/00451 VUs, 439 complete and 0 interrupted iterations
default   [  10% ] 00002/00451 VUs  01.0s/10s  451.00 iters/s

running (02.0s), 00002/00451 VUs, 890 complete and 0 interrupted iterations
default   [  20% ] 00001/00451 VUs  02.0s/10s  451.00 iters/s

running (03.0s), 00002/00451 VUs, 1341 complete and 0 interrupted iterations
default   [  30% ] 00002/00451 VUs  03.0s/10s  451.00 iters/s

running (04.0s), 00001/00451 VUs, 1793 complete and 0 interrupted iterations
default   [  40% ] 00001/00451 VUs  04.0s/10s  451.00 iters/s

running (05.0s), 00001/00451 VUs, 2244 complete and 0 interrupted iterations
default   [  50% ] 00001/00451 VUs  05.0s/10s  451.00 iters/s

running (06.0s), 00001/00451 VUs, 2695 complete and 0 interrupted iterations
default   [  60% ] 00001/00451 VUs  06.0s/10s  451.00 iters/s

running (07.0s), 00002/00451 VUs, 3145 complete and 0 interrupted iterations
default   [  70% ] 00001/00451 VUs  07.0s/10s  451.00 iters/s

running (08.0s), 00002/00451 VUs, 3596 complete and 0 interrupted iterations
default   [  80% ] 00001/00451 VUs  08.0s/10s  451.00 iters/s

running (09.0s), 00003/00451 VUs, 4046 complete and 0 interrupted iterations
default   [  90% ] 00003/00451 VUs  09.0s/10s  451.00 iters/s

running (10.0s), 00002/00451 VUs, 4498 complete and 0 interrupted iterations
default   [ 100% ] 00002/00451 VUs  10.0s/10s  451.00 iters/s


  █ TOTAL RESULTS 

    HTTP
    http_req_duration..............: avg=3.81ms min=2.62ms med=3.17ms max=15.56ms p(90)=5.53ms p(95)=7.17ms
      { expected_response:true }...: avg=3.81ms min=2.62ms med=3.17ms max=15.56ms p(90)=5.53ms p(95)=7.17ms
    http_req_failed................: 0.00%  0 out of 4509
    http_reqs......................: 4509   450.867877/s

    EXECUTION
    iteration_duration.............: avg=3.94ms min=2.72ms med=3.3ms  max=15.69ms p(90)=5.68ms p(95)=7.31ms
    iterations.....................: 4509   450.867877/s
    vus............................: 2      min=2         max=4  
    vus_max........................: 451    min=451       max=451

    NETWORK
    data_received..................: 1.3 MB 128 kB/s
    data_sent......................: 1.5 MB 148 kB/s




running (10.0s), 00000/00451 VUs, 4509 complete and 2 interrupted iterations
default ✓ [ 100% ] 00002/00451 VUs  10s  451.00 iters/s
