
         /\      Grafana   /‾‾/  
    /\  /  \     |\  __   /  /   
   /  \/    \    | |/ /  /   ‾‾\ 
  /          \   |   (  |  (‾)  |
 / __________ \  |_|\_\  \_____/ 

     execution: local
        script: workflow/spin/k6_open_client.js
        output: -

     scenarios: (100.00%) 1 scenario, 10000 max VUs, 15s max duration (incl. graceful stop):
              * default: 2889.00 iterations/s for 15s (maxVUs: 2889-10000)


running (00.9s), 00287/02889 VUs, 2311 complete and 0 interrupted iterations
default   [   6% ] 00287/02889 VUs  00.9s/15s  2889.00 iters/s

running (01.9s), 00398/02889 VUs, 5087 complete and 0 interrupted iterations
default   [  13% ] 00398/02889 VUs  01.9s/15s  2889.00 iters/s

running (02.9s), 00639/02889 VUs, 7733 complete and 0 interrupted iterations
default   [  19% ] 00639/02889 VUs  02.9s/15s  2889.00 iters/s

running (03.9s), 00745/02889 VUs, 10517 complete and 0 interrupted iterations
default   [  26% ] 00745/02889 VUs  03.9s/15s  2889.00 iters/s

running (04.9s), 00833/02889 VUs, 13319 complete and 0 interrupted iterations
default   [  33% ] 00833/02889 VUs  04.9s/15s  2889.00 iters/s

running (05.9s), 00908/02889 VUs, 16134 complete and 0 interrupted iterations
default   [  39% ] 00908/02889 VUs  05.9s/15s  2889.00 iters/s

running (06.9s), 01018/02889 VUs, 18914 complete and 0 interrupted iterations
default   [  46% ] 01018/02889 VUs  06.9s/15s  2889.00 iters/s

running (07.9s), 01064/02889 VUs, 21755 complete and 0 interrupted iterations
default   [  53% ] 01064/02889 VUs  07.9s/15s  2889.00 iters/s

running (08.9s), 01151/02889 VUs, 24558 complete and 0 interrupted iterations
default   [  59% ] 01151/02889 VUs  08.9s/15s  2889.00 iters/s

running (09.9s), 01166/02889 VUs, 27432 complete and 0 interrupted iterations
default   [  66% ] 01166/02889 VUs  09.9s/15s  2889.00 iters/s

running (10.9s), 01319/02889 VUs, 30165 complete and 0 interrupted iterations
default   [  73% ] 01319/02889 VUs  10.9s/15s  2889.00 iters/s

running (11.9s), 01379/02889 VUs, 32997 complete and 0 interrupted iterations
default   [  79% ] 01379/02889 VUs  11.9s/15s  2889.00 iters/s

running (12.9s), 01473/02889 VUs, 35794 complete and 0 interrupted iterations
default   [  86% ] 01473/02889 VUs  12.9s/15s  2889.00 iters/s

running (13.9s), 01531/02889 VUs, 38623 complete and 0 interrupted iterations
default   [  93% ] 01531/02889 VUs  13.9s/15s  2889.00 iters/s

running (14.9s), 01632/02889 VUs, 41411 complete and 0 interrupted iterations
default   [  99% ] 01633/02889 VUs  14.9s/15s  2889.00 iters/s


  █ TOTAL RESULTS 

    HTTP
    http_req_duration..............: avg=344.85ms min=38.03ms med=369.11ms max=564.85ms p(90)=518.37ms p(95)=536.47ms
      { expected_response:true }...: avg=344.85ms min=38.03ms med=369.11ms max=564.85ms p(90)=518.37ms p(95)=536.47ms
    http_req_failed................: 0.00%  0 out of 41740
    http_reqs......................: 41740  2779.819105/s

    EXECUTION
    iteration_duration.............: avg=344.95ms min=38.44ms med=369.2ms  max=570.4ms  p(90)=518.46ms p(95)=536.55ms
    iterations.....................: 41740  2779.819105/s
    vus............................: 1632   min=287        max=1632
    vus_max........................: 2889   min=2889       max=2889

    NETWORK
    data_received..................: 8.5 MB 564 kB/s
    data_sent......................: 8.3 MB 554 kB/s




running (15.0s), 00000/02889 VUs, 41713 complete and 1621 interrupted iterations
default ✓ [ 100% ] 01621/02889 VUs  15s  2889.00 iters/s
