
         /\      Grafana   /‾‾/  
    /\  /  \     |\  __   /  /   
   /  \/    \    | |/ /  /   ‾‾\ 
  /          \   |   (  |  (‾)  |
 / __________ \  |_|\_\  \_____/ 

     execution: local
        script: workflow/spin/k6_open_client.js
        output: -

     scenarios: (100.00%) 1 scenario, 10000 max VUs, 15s max duration (incl. graceful stop):
              * default: 1394.00 iterations/s for 15s (maxVUs: 1394-10000)


running (00.9s), 00807/01394 VUs, 512 complete and 0 interrupted iterations
default   [   6% ] 00807/01394 VUs  00.9s/15s  1394.00 iters/s

running (01.9s), 00665/01394 VUs, 2048 complete and 0 interrupted iterations
default   [  13% ] 00665/01394 VUs  01.9s/15s  1394.00 iters/s

running (02.9s), 00726/01394 VUs, 3381 complete and 0 interrupted iterations
default   [  20% ] 00726/01394 VUs  02.9s/15s  1394.00 iters/s

running (03.9s), 00838/01394 VUs, 4662 complete and 0 interrupted iterations
default   [  26% ] 00838/01394 VUs  03.9s/15s  1394.00 iters/s

running (04.9s), 00782/01394 VUs, 6113 complete and 0 interrupted iterations
default   [  33% ] 00782/01394 VUs  04.9s/15s  1394.00 iters/s

running (05.9s), 00636/01394 VUs, 7653 complete and 0 interrupted iterations
default   [  40% ] 00636/01394 VUs  05.9s/15s  1394.00 iters/s

running (06.9s), 00753/01394 VUs, 8931 complete and 0 interrupted iterations
default   [  46% ] 00753/01394 VUs  06.9s/15s  1394.00 iters/s

running (07.9s), 00866/01394 VUs, 10212 complete and 0 interrupted iterations
default   [  53% ] 00866/01394 VUs  07.9s/15s  1394.00 iters/s

running (08.9s), 00554/01394 VUs, 11917 complete and 0 interrupted iterations
default   [  60% ] 00554/01394 VUs  08.9s/15s  1394.00 iters/s

running (09.9s), 00663/01394 VUs, 13200 complete and 0 interrupted iterations
default   [  66% ] 00664/01394 VUs  09.9s/15s  1394.00 iters/s

running (10.9s), 00776/01394 VUs, 14482 complete and 0 interrupted iterations
default   [  73% ] 00777/01394 VUs  10.9s/15s  1394.00 iters/s

running (11.9s), 00859/01394 VUs, 15794 complete and 0 interrupted iterations
default   [  80% ] 00859/01394 VUs  11.9s/15s  1394.00 iters/s

running (12.9s), 00566/01394 VUs, 17481 complete and 0 interrupted iterations
default   [  86% ] 00566/01394 VUs  12.9s/15s  1394.00 iters/s

running (13.9s), 00677/01394 VUs, 18764 complete and 0 interrupted iterations
default   [  93% ] 00677/01394 VUs  13.9s/15s  1394.00 iters/s

running (14.9s), 00777/01394 VUs, 20057 complete and 0 interrupted iterations
default   [ 100% ] 00777/01394 VUs  14.9s/15s  1394.00 iters/s


  █ TOTAL RESULTS 

    HTTP
    http_req_duration..............: avg=494.32ms min=288.76ms med=495.87ms max=663.08ms p(90)=602.27ms p(95)=618.92ms
      { expected_response:true }...: avg=494.32ms min=288.76ms med=495.87ms max=663.08ms p(90)=602.27ms p(95)=618.92ms
    http_req_failed................: 0.00%  0 out of 20226
    http_reqs......................: 20226  1347.786633/s

    EXECUTION
    iteration_duration.............: avg=494.42ms min=288.84ms med=496.02ms max=663.14ms p(90)=602.37ms p(95)=619.08ms
    iterations.....................: 20226  1347.786633/s
    vus............................: 778    min=554        max=866 
    vus_max........................: 1394   min=1394       max=1394

    NETWORK
    data_received..................: 4.1 MB 274 kB/s
    data_sent......................: 4.0 MB 267 kB/s




running (15.0s), 00000/01394 VUs, 20215 complete and 696 interrupted iterations
default ✓ [ 100% ] 00696/01394 VUs  15s  1394.00 iters/s
