
         /\      Grafana   /‾‾/  
    /\  /  \     |\  __   /  /   
   /  \/    \    | |/ /  /   ‾‾\ 
  /          \   |   (  |  (‾)  |
 / __________ \  |_|\_\  \_____/ 

     execution: local
        script: workflow/spin/k6_open_client.js
        output: -

     scenarios: (100.00%) 1 scenario, 10000 max VUs, 15s max duration (incl. graceful stop):
              * default: 2070.00 iterations/s for 15s (maxVUs: 2070-10000)


running (00.9s), 00072/02070 VUs, 1836 complete and 0 interrupted iterations
default   [   6% ] 00072/02070 VUs  00.9s/15s  2070.00 iters/s

running (01.9s), 00100/02070 VUs, 3877 complete and 0 interrupted iterations
default   [  13% ] 00100/02070 VUs  01.9s/15s  2070.00 iters/s

running (02.9s), 00097/02070 VUs, 5950 complete and 0 interrupted iterations
default   [  19% ] 00098/02070 VUs  02.9s/15s  2070.00 iters/s

running (03.9s), 00102/02070 VUs, 8014 complete and 0 interrupted iterations
default   [  26% ] 00102/02070 VUs  03.9s/15s  2070.00 iters/s

running (04.9s), 00101/02070 VUs, 10087 complete and 0 interrupted iterations
default   [  33% ] 00102/02070 VUs  04.9s/15s  2070.00 iters/s

running (05.9s), 00087/02070 VUs, 12171 complete and 0 interrupted iterations
default   [  39% ] 00087/02070 VUs  05.9s/15s  2070.00 iters/s

running (06.9s), 00084/02070 VUs, 14245 complete and 0 interrupted iterations
default   [  46% ] 00084/02070 VUs  06.9s/15s  2070.00 iters/s

running (07.9s), 00124/02070 VUs, 16274 complete and 0 interrupted iterations
default   [  53% ] 00125/02070 VUs  07.9s/15s  2070.00 iters/s

running (08.9s), 00089/02070 VUs, 18379 complete and 0 interrupted iterations
default   [  59% ] 00089/02070 VUs  08.9s/15s  2070.00 iters/s

running (09.9s), 00083/02070 VUs, 20457 complete and 0 interrupted iterations
default   [  66% ] 00083/02070 VUs  09.9s/15s  2070.00 iters/s

running (10.9s), 00072/02070 VUs, 22538 complete and 0 interrupted iterations
default   [  73% ] 00072/02070 VUs  10.9s/15s  2070.00 iters/s

running (11.9s), 00081/02070 VUs, 24597 complete and 0 interrupted iterations
default   [  79% ] 00081/02070 VUs  11.9s/15s  2070.00 iters/s

running (12.9s), 00070/02070 VUs, 26677 complete and 0 interrupted iterations
default   [  86% ] 00070/02070 VUs  12.9s/15s  2070.00 iters/s

running (13.9s), 00063/02070 VUs, 28757 complete and 0 interrupted iterations
default   [  93% ] 00063/02070 VUs  13.9s/15s  2070.00 iters/s

running (14.9s), 00102/02070 VUs, 30787 complete and 0 interrupted iterations
default   [  99% ] 00102/02070 VUs  14.9s/15s  2070.00 iters/s


  █ TOTAL RESULTS 

    HTTP
    http_req_duration..............: avg=42.79ms min=23.59ms med=42.62ms max=73.6ms  p(90)=53.7ms  p(95)=56.59ms
      { expected_response:true }...: avg=42.79ms min=23.59ms med=42.62ms max=73.6ms  p(90)=53.7ms  p(95)=56.59ms
    http_req_failed................: 0.00%  0 out of 30988
    http_reqs......................: 30988  2065.403401/s

    EXECUTION
    iteration_duration.............: avg=42.88ms min=23.67ms med=42.71ms max=73.67ms p(90)=53.79ms p(95)=56.68ms
    iterations.....................: 30988  2065.403401/s
    vus............................: 100    min=61         max=125 
    vus_max........................: 2070   min=2070       max=2070

    NETWORK
    data_received..................: 6.3 MB 419 kB/s
    data_sent......................: 6.0 MB 397 kB/s




running (15.0s), 00000/02070 VUs, 30988 complete and 63 interrupted iterations
default ✓ [ 100% ] 00063/02070 VUs  15s  2070.00 iters/s
