
         /\      Grafana   /‾‾/  
    /\  /  \     |\  __   /  /   
   /  \/    \    | |/ /  /   ‾‾\ 
  /          \   |   (  |  (‾)  |
 / __________ \  |_|\_\  \_____/ 

     execution: local
        script: workflow/media/k6_open_review_compose.js
        output: -

     scenarios: (100.00%) 1 scenario, 10000 max VUs, 15s max duration (incl. graceful stop):
              * default: 1936.00 iterations/s for 15s (maxVUs: 1936-10000)


running (00.9s), 00024/01936 VUs, 1766 complete and 0 interrupted iterations
default   [   6% ] 00024/01936 VUs  00.9s/15s  1936.00 iters/s

running (01.9s), 00012/01936 VUs, 3715 complete and 0 interrupted iterations
default   [  13% ] 00012/01936 VUs  01.9s/15s  1936.00 iters/s

running (02.9s), 00054/01936 VUs, 5609 complete and 0 interrupted iterations
default   [  20% ] 00054/01936 VUs  02.9s/15s  1936.00 iters/s

running (03.9s), 00030/01936 VUs, 7568 complete and 0 interrupted iterations
default   [  26% ] 00030/01936 VUs  03.9s/15s  1936.00 iters/s

running (04.9s), 00012/01936 VUs, 9523 complete and 0 interrupted iterations
default   [  33% ] 00012/01936 VUs  04.9s/15s  1936.00 iters/s

running (05.9s), 00018/01936 VUs, 11451 complete and 0 interrupted iterations
default   [  39% ] 00018/01936 VUs  05.9s/15s  1936.00 iters/s

running (06.9s), 00035/01936 VUs, 13371 complete and 0 interrupted iterations
default   [  46% ] 00036/01936 VUs  06.9s/15s  1936.00 iters/s

running (07.9s), 00027/01936 VUs, 15317 complete and 0 interrupted iterations
default   [  53% ] 00027/01936 VUs  07.9s/15s  1936.00 iters/s

running (08.9s), 00048/01936 VUs, 17231 complete and 0 interrupted iterations
default   [  59% ] 00048/01936 VUs  08.9s/15s  1936.00 iters/s

running (09.9s), 00029/01936 VUs, 19185 complete and 0 interrupted iterations
default   [  66% ] 00029/01936 VUs  09.9s/15s  1936.00 iters/s

running (10.9s), 00011/01936 VUs, 21141 complete and 0 interrupted iterations
default   [  73% ] 00011/01936 VUs  10.9s/15s  1936.00 iters/s

running (11.9s), 00009/01936 VUs, 23077 complete and 0 interrupted iterations
default   [  80% ] 00009/01936 VUs  11.9s/15s  1936.00 iters/s

running (12.9s), 00023/01936 VUs, 25000 complete and 0 interrupted iterations
default   [  86% ] 00023/01936 VUs  12.9s/15s  1936.00 iters/s

running (13.9s), 00046/01936 VUs, 26913 complete and 0 interrupted iterations
default   [  93% ] 00046/01936 VUs  13.9s/15s  1936.00 iters/s

running (14.9s), 00010/01936 VUs, 28885 complete and 0 interrupted iterations
default   [  99% ] 00010/01936 VUs  14.9s/15s  1936.00 iters/s


  █ TOTAL RESULTS 

    HTTP
    http_req_duration..............: avg=13.4ms  min=2.66ms med=9.98ms  max=75.45ms p(90)=27.34ms p(95)=33.05ms
      { expected_response:true }...: avg=13.4ms  min=2.66ms med=9.98ms  max=75.45ms p(90)=27.34ms p(95)=33.05ms
    http_req_failed................: 0.00%  0 out of 29034
    http_reqs......................: 29034  1935.169081/s

    EXECUTION
    iteration_duration.............: avg=13.52ms min=2.8ms  med=10.09ms max=75.72ms p(90)=27.45ms p(95)=33.19ms
    iterations.....................: 29034  1935.169081/s
    vus............................: 10     min=9          max=54  
    vus_max........................: 1936   min=1936       max=1936

    NETWORK
    data_received..................: 6.7 MB 449 kB/s
    data_sent......................: 16 MB  1.1 MB/s




running (15.0s), 00000/01936 VUs, 29033 complete and 8 interrupted iterations
default ✓ [ 100% ] 00008/01936 VUs  15s  1936.00 iters/s
