
         /\      Grafana   /‾‾/  
    /\  /  \     |\  __   /  /   
   /  \/    \    | |/ /  /   ‾‾\ 
  /          \   |   (  |  (‾)  |
 / __________ \  |_|\_\  \_____/ 

     execution: local
        script: workflow/spin/k6_open_client.js
        output: -

     scenarios: (100.00%) 1 scenario, 10000 max VUs, 15s max duration (incl. graceful stop):
              * default: 3709.00 iterations/s for 15s (maxVUs: 3709-10000)


running (00.9s), 00413/03709 VUs, 2834 complete and 0 interrupted iterations
default   [   6% ] 00413/03709 VUs  00.9s/15s  3709.00 iters/s

running (01.9s), 00647/03709 VUs, 6309 complete and 0 interrupted iterations
default   [  13% ] 00647/03709 VUs  01.9s/15s  3709.00 iters/s

running (02.9s), 00624/03709 VUs, 10040 complete and 0 interrupted iterations
default   [  19% ] 00625/03709 VUs  02.9s/15s  3709.00 iters/s

running (03.9s), 00772/03709 VUs, 13602 complete and 0 interrupted iterations
default   [  26% ] 00772/03709 VUs  03.9s/15s  3709.00 iters/s

running (04.9s), 00996/03709 VUs, 17087 complete and 0 interrupted iterations
default   [  33% ] 00996/03709 VUs  04.9s/15s  3709.00 iters/s

running (05.9s), 01077/03709 VUs, 20714 complete and 0 interrupted iterations
default   [  39% ] 01078/03709 VUs  05.9s/15s  3709.00 iters/s

running (06.9s), 01322/03709 VUs, 24180 complete and 0 interrupted iterations
default   [  46% ] 01322/03709 VUs  06.9s/15s  3709.00 iters/s

running (07.9s), 01426/03709 VUs, 27784 complete and 0 interrupted iterations
default   [  53% ] 01426/03709 VUs  07.9s/15s  3709.00 iters/s

running (08.9s), 01383/03709 VUs, 31536 complete and 0 interrupted iterations
default   [  59% ] 01383/03709 VUs  08.9s/15s  3709.00 iters/s

running (09.9s), 01516/03709 VUs, 35114 complete and 0 interrupted iterations
default   [  66% ] 01516/03709 VUs  09.9s/15s  3709.00 iters/s

running (10.9s), 01686/03709 VUs, 38653 complete and 0 interrupted iterations
default   [  73% ] 01686/03709 VUs  10.9s/15s  3709.00 iters/s

running (11.9s), 01810/03709 VUs, 42236 complete and 0 interrupted iterations
default   [  79% ] 01810/03709 VUs  11.9s/15s  3709.00 iters/s

running (12.9s), 02041/03709 VUs, 45715 complete and 0 interrupted iterations
default   [  86% ] 02041/03709 VUs  12.9s/15s  3709.00 iters/s

running (13.9s), 02237/03709 VUs, 49227 complete and 0 interrupted iterations
default   [  93% ] 02237/03709 VUs  13.9s/15s  3709.00 iters/s

running (14.9s), 02376/03709 VUs, 52797 complete and 0 interrupted iterations
default   [  99% ] 02376/03709 VUs  14.9s/15s  3709.00 iters/s


  █ TOTAL RESULTS 

    HTTP
    http_req_duration..............: avg=352.3ms min=53.33ms med=368.48ms max=656.55ms p(90)=591.64ms p(95)=614.34ms
      { expected_response:true }...: avg=352.3ms min=53.33ms med=368.48ms max=656.55ms p(90)=591.64ms p(95)=614.34ms
    http_req_failed................: 0.00% 0 out of 53208
    http_reqs......................: 53208 3543.016713/s

    EXECUTION
    iteration_duration.............: avg=352.4ms min=53.71ms med=368.57ms max=665.59ms p(90)=591.72ms p(95)=614.41ms
    iterations.....................: 53208 3543.016713/s
    vus............................: 2377  min=413        max=2377
    vus_max........................: 3709  min=3709       max=3709

    NETWORK
    data_received..................: 11 MB 719 kB/s
    data_sent......................: 11 MB 711 kB/s




running (15.0s), 00000/03709 VUs, 53205 complete and 2431 interrupted iterations
default ✓ [ 100% ] 02431/03709 VUs  15s  3709.00 iters/s
