
         /\      Grafana   /‾‾/  
    /\  /  \     |\  __   /  /   
   /  \/    \    | |/ /  /   ‾‾\ 
  /          \   |   (  |  (‾)  |
 / __________ \  |_|\_\  \_____/ 

     execution: local
        script: workflow/response/k6_open_client.js
        output: -

     scenarios: (100.00%) 1 scenario, 100000 max VUs, 15s max duration (incl. graceful stop):
              * default: 5859.00 iterations/s for 15s (maxVUs: 5859-100000)


running (00.8s), 000056/005859 VUs, 4662 complete and 0 interrupted iterations
default   [   5% ] 000056/005859 VUs  00.8s/15s  5859.00 iters/s

running (01.8s), 000061/005859 VUs, 10516 complete and 0 interrupted iterations
default   [  12% ] 000061/005859 VUs  01.8s/15s  5859.00 iters/s

running (02.8s), 000029/005859 VUs, 16413 complete and 0 interrupted iterations
default   [  19% ] 000029/005859 VUs  02.8s/15s  5859.00 iters/s

running (03.8s), 000024/005859 VUs, 22271 complete and 0 interrupted iterations
default   [  25% ] 000024/005859 VUs  03.8s/15s  5859.00 iters/s

running (04.8s), 000029/005859 VUs, 28130 complete and 0 interrupted iterations
default   [  32% ] 000029/005859 VUs  04.8s/15s  5859.00 iters/s

running (05.8s), 000028/005859 VUs, 33985 complete and 0 interrupted iterations
default   [  39% ] 000028/005859 VUs  05.8s/15s  5859.00 iters/s

running (06.8s), 000028/005859 VUs, 39846 complete and 0 interrupted iterations
default   [  45% ] 000028/005859 VUs  06.8s/15s  5859.00 iters/s

running (07.8s), 000024/005859 VUs, 45709 complete and 0 interrupted iterations
default   [  52% ] 000023/005859 VUs  07.8s/15s  5859.00 iters/s

running (08.8s), 000028/005859 VUs, 51566 complete and 0 interrupted iterations
default   [  59% ] 000028/005859 VUs  08.8s/15s  5859.00 iters/s

running (09.8s), 000204/005859 VUs, 57245 complete and 0 interrupted iterations
default   [  65% ] 000204/005859 VUs  09.8s/15s  5859.00 iters/s

running (10.8s), 000069/005859 VUs, 63240 complete and 0 interrupted iterations
default   [  72% ] 000069/005859 VUs  10.8s/15s  5859.00 iters/s

running (11.8s), 000028/005859 VUs, 69144 complete and 0 interrupted iterations
default   [  79% ] 000028/005859 VUs  11.8s/15s  5859.00 iters/s

running (12.8s), 000026/005859 VUs, 75001 complete and 0 interrupted iterations
default   [  85% ] 000026/005859 VUs  12.8s/15s  5859.00 iters/s

running (13.8s), 000021/005859 VUs, 80864 complete and 0 interrupted iterations
default   [  92% ] 000022/005859 VUs  13.8s/15s  5859.00 iters/s

running (14.8s), 000024/005859 VUs, 86722 complete and 0 interrupted iterations
default   [  99% ] 000025/005859 VUs  14.8s/15s  5859.00 iters/s


  █ TOTAL RESULTS 

    HTTP
    http_req_duration..............: avg=7.97ms min=1.97ms med=4.48ms max=100.05ms p(90)=15.73ms p(95)=27.68ms
      { expected_response:true }...: avg=7.97ms min=1.97ms med=4.48ms max=100.05ms p(90)=15.73ms p(95)=27.68ms
    http_req_failed................: 0.00% 0 out of 87861
    http_reqs......................: 87861 5854.152827/s

    EXECUTION
    iteration_duration.............: avg=8.08ms min=2.06ms med=4.56ms max=100.44ms p(90)=15.89ms p(95)=27.91ms
    iterations.....................: 87861 5854.152827/s
    vus............................: 25    min=19         max=202 
    vus_max........................: 5859  min=5859       max=5859

    NETWORK
    data_received..................: 20 MB 1.3 MB/s
    data_sent......................: 17 MB 1.1 MB/s




running (15.0s), 000000/005859 VUs, 87859 complete and 27 interrupted iterations
default ✓ [ 100% ] 000027/005859 VUs  15s  5859.00 iters/s
