
         /\      Grafana   /‾‾/  
    /\  /  \     |\  __   /  /   
   /  \/    \    | |/ /  /   ‾‾\ 
  /          \   |   (  |  (‾)  |
 / __________ \  |_|\_\  \_____/ 

     execution: local
        script: workflow/response/k6_open_client.js
        output: -

     scenarios: (100.00%) 1 scenario, 10000 max VUs, 15s max duration (incl. graceful stop):
              * default: 1224.00 iterations/s for 15s (maxVUs: 1224-10000)


running (01.0s), 00068/01224 VUs, 1096 complete and 0 interrupted iterations
default   [   6% ] 00068/01224 VUs  01.0s/15s  1224.00 iters/s

running (02.0s), 00022/01224 VUs, 2367 complete and 0 interrupted iterations
default   [  13% ] 00022/01224 VUs  02.0s/15s  1224.00 iters/s

running (03.0s), 00004/01224 VUs, 3607 complete and 0 interrupted iterations
default   [  20% ] 00004/01224 VUs  03.0s/15s  1224.00 iters/s

running (04.0s), 00006/01224 VUs, 4830 complete and 0 interrupted iterations
default   [  26% ] 00006/01224 VUs  04.0s/15s  1224.00 iters/s

running (05.0s), 00002/01224 VUs, 6058 complete and 0 interrupted iterations
default   [  33% ] 00002/01224 VUs  05.0s/15s  1224.00 iters/s

running (06.0s), 00012/01224 VUs, 7272 complete and 0 interrupted iterations
default   [  40% ] 00012/01224 VUs  06.0s/15s  1224.00 iters/s

running (07.0s), 00009/01224 VUs, 8499 complete and 0 interrupted iterations
default   [  46% ] 00009/01224 VUs  07.0s/15s  1224.00 iters/s

running (08.0s), 00003/01224 VUs, 9729 complete and 0 interrupted iterations
default   [  53% ] 00003/01224 VUs  08.0s/15s  1224.00 iters/s

running (09.0s), 00004/01224 VUs, 10952 complete and 0 interrupted iterations
default   [  60% ] 00004/01224 VUs  09.0s/15s  1224.00 iters/s

running (10.0s), 00003/01224 VUs, 12177 complete and 0 interrupted iterations
default   [  66% ] 00003/01224 VUs  10.0s/15s  1224.00 iters/s

running (11.0s), 00007/01224 VUs, 13397 complete and 0 interrupted iterations
default   [  73% ] 00007/01224 VUs  11.0s/15s  1224.00 iters/s

running (12.0s), 00006/01224 VUs, 14622 complete and 0 interrupted iterations
default   [  80% ] 00005/01224 VUs  12.0s/15s  1224.00 iters/s

running (13.0s), 00003/01224 VUs, 15849 complete and 0 interrupted iterations
default   [  86% ] 00003/01224 VUs  13.0s/15s  1224.00 iters/s

running (14.0s), 00016/01224 VUs, 17060 complete and 0 interrupted iterations
default   [  93% ] 00016/01224 VUs  14.0s/15s  1224.00 iters/s

running (15.0s), 00002/01224 VUs, 18297 complete and 0 interrupted iterations
default   [ 100% ] 00002/01224 VUs  15.0s/15s  1224.00 iters/s


  █ TOTAL RESULTS 

    HTTP
    http_req_duration..............: avg=10ms   min=1.18ms med=4.03ms max=70.78ms p(90)=35.21ms p(95)=50.33ms
      { expected_response:true }...: avg=10ms   min=1.18ms med=4.03ms max=70.78ms p(90)=35.21ms p(95)=50.33ms
    http_req_failed................: 0.00%  0 out of 18359
    http_reqs......................: 18359  1223.703479/s

    EXECUTION
    iteration_duration.............: avg=10.3ms min=1.24ms med=4.1ms  max=95.73ms p(90)=39.76ms p(95)=50.7ms 
    iterations.....................: 18359  1223.703479/s
    vus............................: 2      min=2          max=68  
    vus_max........................: 1224   min=1224       max=1224

    NETWORK
    data_received..................: 3.7 MB 248 kB/s
    data_sent......................: 3.6 MB 240 kB/s




running (15.0s), 00000/01224 VUs, 18359 complete and 2 interrupted iterations
default ✓ [ 100% ] 00002/01224 VUs  15s  1224.00 iters/s
