
         /\      Grafana   /‾‾/  
    /\  /  \     |\  __   /  /   
   /  \/    \    | |/ /  /   ‾‾\ 
  /          \   |   (  |  (‾)  |
 / __________ \  |_|\_\  \_____/ 

     execution: local
        script: workflow/response/k6_open_client.js
        output: -

     scenarios: (100.00%) 1 scenario, 10000 max VUs, 15s max duration (incl. graceful stop):
              * default: 57.00 iterations/s for 15s (maxVUs: 57-10000)


running (01.0s), 00001/00057 VUs, 56 complete and 0 interrupted iterations
default   [   7% ] 00001/00057 VUs  01.0s/15s  57.00 iters/s

running (02.0s), 00000/00057 VUs, 114 complete and 0 interrupted iterations
default   [  13% ] 00000/00057 VUs  02.0s/15s  57.00 iters/s

running (03.0s), 00000/00057 VUs, 171 complete and 0 interrupted iterations
default   [  20% ] 00000/00057 VUs  03.0s/15s  57.00 iters/s

running (04.0s), 00000/00057 VUs, 228 complete and 0 interrupted iterations
default   [  27% ] 00000/00057 VUs  04.0s/15s  57.00 iters/s

running (05.0s), 00000/00057 VUs, 285 complete and 0 interrupted iterations
default   [  33% ] 00000/00057 VUs  05.0s/15s  57.00 iters/s

running (06.0s), 00000/00057 VUs, 342 complete and 0 interrupted iterations
default   [  40% ] 00000/00057 VUs  06.0s/15s  57.00 iters/s

running (07.0s), 00000/00057 VUs, 399 complete and 0 interrupted iterations
default   [  47% ] 00000/00057 VUs  07.0s/15s  57.00 iters/s

running (08.0s), 00000/00057 VUs, 456 complete and 0 interrupted iterations
default   [  53% ] 00000/00057 VUs  08.0s/15s  57.00 iters/s

running (09.0s), 00000/00057 VUs, 513 complete and 0 interrupted iterations
default   [  60% ] 00000/00057 VUs  09.0s/15s  57.00 iters/s

running (10.0s), 00001/00057 VUs, 569 complete and 0 interrupted iterations
default   [  67% ] 00001/00057 VUs  10.0s/15s  57.00 iters/s

running (11.0s), 00000/00057 VUs, 627 complete and 0 interrupted iterations
default   [  73% ] 00000/00057 VUs  11.0s/15s  57.00 iters/s

running (12.0s), 00000/00057 VUs, 684 complete and 0 interrupted iterations
default   [  80% ] 00000/00057 VUs  12.0s/15s  57.00 iters/s

running (13.0s), 00000/00057 VUs, 741 complete and 0 interrupted iterations
default   [  87% ] 00000/00057 VUs  13.0s/15s  57.00 iters/s

running (14.0s), 00000/00057 VUs, 798 complete and 0 interrupted iterations
default   [  93% ] 00000/00057 VUs  14.0s/15s  57.00 iters/s

running (15.0s), 00000/00057 VUs, 855 complete and 0 interrupted iterations
default   [ 100% ] 00000/00057 VUs  15.0s/15s  57.00 iters/s


  █ TOTAL RESULTS 

    HTTP
    http_req_duration..............: avg=9.19ms min=7.6ms  med=9.13ms max=11.51ms p(90)=9.99ms  p(95)=10.32ms
      { expected_response:true }...: avg=9.19ms min=7.6ms  med=9.13ms max=11.51ms p(90)=9.99ms  p(95)=10.32ms
    http_req_failed................: 0.00%  0 out of 855
    http_reqs......................: 855    56.995521/s

    EXECUTION
    iteration_duration.............: avg=9.32ms min=7.68ms med=9.25ms max=11.89ms p(90)=10.15ms p(95)=10.47ms
    iterations.....................: 855    56.995521/s
    vus............................: 0      min=0        max=1 
    vus_max........................: 57     min=57       max=57

    NETWORK
    data_received..................: 193 kB 13 kB/s
    data_sent......................: 168 kB 11 kB/s




running (15.0s), 00000/00057 VUs, 855 complete and 1 interrupted iterations
default ✓ [ 100% ] 00001/00057 VUs  15s  57.00 iters/s
