
         /\      Grafana   /‾‾/  
    /\  /  \     |\  __   /  /   
   /  \/    \    | |/ /  /   ‾‾\ 
  /          \   |   (  |  (‾)  |
 / __________ \  |_|\_\  \_____/ 

     execution: local
        script: workflow/spin/k6_open_client.js
        output: -

     scenarios: (100.00%) 1 scenario, 10000 max VUs, 15s max duration (incl. graceful stop):
              * default: 2680.00 iterations/s for 15s (maxVUs: 2680-10000)


running (00.9s), 00141/02680 VUs, 2273 complete and 0 interrupted iterations
default   [   6% ] 00141/02680 VUs  00.9s/15s  2680.00 iters/s

running (01.9s), 00122/02680 VUs, 4973 complete and 0 interrupted iterations
default   [  13% ] 00122/02680 VUs  01.9s/15s  2680.00 iters/s

running (02.9s), 00130/02680 VUs, 7644 complete and 0 interrupted iterations
default   [  19% ] 00130/02680 VUs  02.9s/15s  2680.00 iters/s

running (03.9s), 00101/02680 VUs, 10352 complete and 0 interrupted iterations
default   [  26% ] 00101/02680 VUs  03.9s/15s  2680.00 iters/s

running (04.9s), 00152/02680 VUs, 12983 complete and 0 interrupted iterations
default   [  33% ] 00152/02680 VUs  04.9s/15s  2680.00 iters/s

running (05.9s), 00155/02680 VUs, 15661 complete and 0 interrupted iterations
default   [  39% ] 00155/02680 VUs  05.9s/15s  2680.00 iters/s

running (06.9s), 00161/02680 VUs, 18331 complete and 0 interrupted iterations
default   [  46% ] 00161/02680 VUs  06.9s/15s  2680.00 iters/s

running (07.9s), 00134/02680 VUs, 21040 complete and 0 interrupted iterations
default   [  53% ] 00134/02680 VUs  07.9s/15s  2680.00 iters/s

running (08.9s), 00093/02680 VUs, 23760 complete and 0 interrupted iterations
default   [  59% ] 00094/02680 VUs  08.9s/15s  2680.00 iters/s

running (09.9s), 00099/02680 VUs, 26435 complete and 0 interrupted iterations
default   [  66% ] 00099/02680 VUs  09.9s/15s  2680.00 iters/s

running (10.9s), 00120/02680 VUs, 29094 complete and 0 interrupted iterations
default   [  73% ] 00120/02680 VUs  10.9s/15s  2680.00 iters/s

running (11.9s), 00124/02680 VUs, 31772 complete and 0 interrupted iterations
default   [  79% ] 00124/02680 VUs  11.9s/15s  2680.00 iters/s

running (12.9s), 00129/02680 VUs, 34444 complete and 0 interrupted iterations
default   [  86% ] 00130/02680 VUs  12.9s/15s  2680.00 iters/s

running (13.9s), 00152/02680 VUs, 37102 complete and 0 interrupted iterations
default   [  93% ] 00152/02680 VUs  13.9s/15s  2680.00 iters/s

running (14.9s), 00134/02680 VUs, 39800 complete and 0 interrupted iterations
default   [  99% ] 00134/02680 VUs  14.9s/15s  2680.00 iters/s


  █ TOTAL RESULTS 

    HTTP
    http_req_duration..............: avg=46.63ms min=22.4ms  med=46.52ms max=79.6ms  p(90)=56.47ms p(95)=58.64ms
      { expected_response:true }...: avg=46.63ms min=22.4ms  med=46.52ms max=79.6ms  p(90)=56.47ms p(95)=58.64ms
    http_req_failed................: 0.00%  0 out of 40116
    http_reqs......................: 40116  2673.568602/s

    EXECUTION
    iteration_duration.............: avg=46.72ms min=22.49ms med=46.61ms max=79.71ms p(90)=56.56ms p(95)=58.75ms
    iterations.....................: 40116  2673.568602/s
    vus............................: 132    min=95         max=163 
    vus_max........................: 2680   min=2680       max=2680

    NETWORK
    data_received..................: 8.1 MB 543 kB/s
    data_sent......................: 7.7 MB 514 kB/s




running (15.0s), 00000/02680 VUs, 40116 complete and 86 interrupted iterations
default ✓ [ 100% ] 00086/02680 VUs  15s  2680.00 iters/s
