
         /\      Grafana   /‾‾/  
    /\  /  \     |\  __   /  /   
   /  \/    \    | |/ /  /   ‾‾\ 
  /          \   |   (  |  (‾)  |
 / __________ \  |_|\_\  \_____/ 

     execution: local
        script: workflow/write/k6_open_client.js
        output: -

     scenarios: (100.00%) 1 scenario, 10000 max VUs, 15s max duration (incl. graceful stop):
              * default: 2429.00 iterations/s for 15s (maxVUs: 2429-10000)


running (00.9s), 00397/02429 VUs, 1815 complete and 0 interrupted iterations
default   [   6% ] 00397/02429 VUs  00.9s/15s  2429.00 iters/s

running (01.9s), 00452/02429 VUs, 4191 complete and 0 interrupted iterations
default   [  13% ] 00452/02429 VUs  01.9s/15s  2429.00 iters/s

running (02.9s), 00140/02429 VUs, 6932 complete and 0 interrupted iterations
default   [  19% ] 00140/02429 VUs  02.9s/15s  2429.00 iters/s

running (03.9s), 00492/02429 VUs, 9009 complete and 0 interrupted iterations
default   [  26% ] 00492/02429 VUs  03.9s/15s  2429.00 iters/s

running (04.9s), 00777/02429 VUs, 11152 complete and 0 interrupted iterations
default   [  33% ] 00777/02429 VUs  04.9s/15s  2429.00 iters/s

running (05.9s), 00218/02429 VUs, 14139 complete and 0 interrupted iterations
default   [  39% ] 00218/02429 VUs  05.9s/15s  2429.00 iters/s

running (06.9s), 00279/02429 VUs, 16508 complete and 0 interrupted iterations
default   [  46% ] 00279/02429 VUs  06.9s/15s  2429.00 iters/s

running (07.9s), 00705/02429 VUs, 18512 complete and 0 interrupted iterations
default   [  53% ] 00705/02429 VUs  07.9s/15s  2429.00 iters/s

running (08.9s), 01018/02429 VUs, 20628 complete and 0 interrupted iterations
default   [  59% ] 01018/02429 VUs  08.9s/15s  2429.00 iters/s

running (09.9s), 00395/02429 VUs, 23681 complete and 0 interrupted iterations
default   [  66% ] 00395/02429 VUs  09.9s/15s  2429.00 iters/s

running (10.9s), 00144/02429 VUs, 26360 complete and 0 interrupted iterations
default   [  73% ] 00144/02429 VUs  10.9s/15s  2429.00 iters/s

running (11.9s), 00421/02429 VUs, 28512 complete and 0 interrupted iterations
default   [  79% ] 00421/02429 VUs  11.9s/15s  2429.00 iters/s

running (12.9s), 00780/02429 VUs, 30584 complete and 0 interrupted iterations
default   [  86% ] 00780/02429 VUs  12.9s/15s  2429.00 iters/s

running (13.9s), 01294/02429 VUs, 32497 complete and 0 interrupted iterations
default   [  93% ] 01294/02429 VUs  13.9s/15s  2429.00 iters/s

running (14.9s), 01175/02429 VUs, 35045 complete and 0 interrupted iterations
default   [  99% ] 01175/02429 VUs  14.9s/15s  2429.00 iters/s


  █ TOTAL RESULTS 

    HTTP
    http_req_duration..............: avg=229.06ms min=38.84ms med=200.16ms max=614.62ms p(90)=437.66ms p(95)=531.99ms
      { expected_response:true }...: avg=229.06ms min=38.84ms med=200.16ms max=614.62ms p(90)=437.66ms p(95)=531.99ms
    http_req_failed................: 0.00%  0 out of 35321
    http_reqs......................: 35321  2353.023314/s

    EXECUTION
    iteration_duration.............: avg=229.13ms min=38.9ms  med=200.24ms max=614.67ms p(90)=437.71ms p(95)=532.05ms
    iterations.....................: 35321  2353.023314/s
    vus............................: 1174   min=139        max=1294
    vus_max........................: 2429   min=2429       max=2429

    NETWORK
    data_received..................: 7.2 MB 478 kB/s
    data_sent......................: 3.6 MB 243 kB/s




running (15.0s), 00000/02429 VUs, 35321 complete and 1114 interrupted iterations
default ✓ [ 100% ] 01114/02429 VUs  15s  2429.00 iters/s
