
         /\      Grafana   /‾‾/  
    /\  /  \     |\  __   /  /   
   /  \/    \    | |/ /  /   ‾‾\ 
  /          \   |   (  |  (‾)  |
 / __________ \  |_|\_\  \_____/ 

     execution: local
        script: workflow/spin/k6_open_client.js
        output: -

     scenarios: (100.00%) 1 scenario, 10000 max VUs, 15s max duration (incl. graceful stop):
              * default: 1674.00 iterations/s for 15s (maxVUs: 1674-10000)


running (00.9s), 00054/01674 VUs, 1505 complete and 0 interrupted iterations
default   [   6% ] 00054/01674 VUs  00.9s/15s  1674.00 iters/s

running (01.9s), 00072/01674 VUs, 3161 complete and 0 interrupted iterations
default   [  13% ] 00072/01674 VUs  01.9s/15s  1674.00 iters/s

running (02.9s), 00095/01674 VUs, 4813 complete and 0 interrupted iterations
default   [  20% ] 00095/01674 VUs  02.9s/15s  1674.00 iters/s

running (03.9s), 00056/01674 VUs, 6525 complete and 0 interrupted iterations
default   [  26% ] 00056/01674 VUs  03.9s/15s  1674.00 iters/s

running (04.9s), 00068/01674 VUs, 8187 complete and 0 interrupted iterations
default   [  33% ] 00068/01674 VUs  04.9s/15s  1674.00 iters/s

running (05.9s), 00099/01674 VUs, 9830 complete and 0 interrupted iterations
default   [  40% ] 00099/01674 VUs  05.9s/15s  1674.00 iters/s

running (06.9s), 00057/01674 VUs, 11547 complete and 0 interrupted iterations
default   [  46% ] 00057/01674 VUs  06.9s/15s  1674.00 iters/s

running (07.9s), 00096/01674 VUs, 13181 complete and 0 interrupted iterations
default   [  53% ] 00095/01674 VUs  07.9s/15s  1674.00 iters/s

running (08.9s), 00060/01674 VUs, 14891 complete and 0 interrupted iterations
default   [  60% ] 00060/01674 VUs  08.9s/15s  1674.00 iters/s

running (09.9s), 00085/01674 VUs, 16540 complete and 0 interrupted iterations
default   [  66% ] 00085/01674 VUs  09.9s/15s  1674.00 iters/s

running (10.9s), 00172/01674 VUs, 18126 complete and 0 interrupted iterations
default   [  73% ] 00172/01674 VUs  10.9s/15s  1674.00 iters/s

running (11.9s), 00053/01674 VUs, 19920 complete and 0 interrupted iterations
default   [  80% ] 00053/01674 VUs  11.9s/15s  1674.00 iters/s

running (12.9s), 00093/01674 VUs, 21555 complete and 0 interrupted iterations
default   [  86% ] 00093/01674 VUs  12.9s/15s  1674.00 iters/s

running (13.9s), 00097/01674 VUs, 23224 complete and 0 interrupted iterations
default   [  93% ] 00097/01674 VUs  13.9s/15s  1674.00 iters/s

running (14.9s), 00065/01674 VUs, 24931 complete and 0 interrupted iterations
default   [ 100% ] 00065/01674 VUs  14.9s/15s  1674.00 iters/s


  █ TOTAL RESULTS 

    HTTP
    http_req_duration..............: avg=45.95ms min=26.71ms med=44.71ms max=110.07ms p(90)=56.72ms p(95)=64.79ms
      { expected_response:true }...: avg=45.95ms min=26.71ms med=44.71ms max=110.07ms p(90)=56.72ms p(95)=64.79ms
    http_req_failed................: 0.00%  0 out of 25037
    http_reqs......................: 25037  1668.843663/s

    EXECUTION
    iteration_duration.............: avg=46.04ms min=26.77ms med=44.8ms  max=110.14ms p(90)=56.8ms  p(95)=64.96ms
    iterations.....................: 25037  1668.843663/s
    vus............................: 65     min=53         max=173 
    vus_max........................: 1674   min=1674       max=1674

    NETWORK
    data_received..................: 5.1 MB 339 kB/s
    data_sent......................: 4.8 MB 321 kB/s




running (15.0s), 00000/01674 VUs, 25037 complete and 72 interrupted iterations
default ✓ [ 100% ] 00072/01674 VUs  15s  1674.00 iters/s
