
         /\      Grafana   /‾‾/  
    /\  /  \     |\  __   /  /   
   /  \/    \    | |/ /  /   ‾‾\ 
  /          \   |   (  |  (‾)  |
 / __________ \  |_|\_\  \_____/ 

     execution: local
        script: workflow/spin/k6_open_client.js
        output: -

     scenarios: (100.00%) 1 scenario, 10000 max VUs, 15s max duration (incl. graceful stop):
              * default: 4420.00 iterations/s for 15s (maxVUs: 4420-10000)


running (00.8s), 00615/04420 VUs, 3122 complete and 0 interrupted iterations
default   [   6% ] 00615/04420 VUs  00.8s/15s  4420.00 iters/s

running (01.8s), 00631/04420 VUs, 7512 complete and 0 interrupted iterations
default   [  12% ] 00631/04420 VUs  01.8s/15s  4420.00 iters/s

running (02.8s), 00582/04420 VUs, 11995 complete and 0 interrupted iterations
default   [  19% ] 00582/04420 VUs  02.8s/15s  4420.00 iters/s

running (03.8s), 00524/04420 VUs, 16476 complete and 0 interrupted iterations
default   [  26% ] 00524/04420 VUs  03.8s/15s  4420.00 iters/s

running (04.8s), 00525/04420 VUs, 20892 complete and 0 interrupted iterations
default   [  32% ] 00525/04420 VUs  04.8s/15s  4420.00 iters/s

running (05.8s), 00400/04420 VUs, 25437 complete and 0 interrupted iterations
default   [  39% ] 00400/04420 VUs  05.8s/15s  4420.00 iters/s

running (06.8s), 00334/04420 VUs, 29924 complete and 0 interrupted iterations
default   [  46% ] 00334/04420 VUs  06.8s/15s  4420.00 iters/s

running (07.8s), 00338/04420 VUs, 34339 complete and 0 interrupted iterations
default   [  52% ] 00338/04420 VUs  07.8s/15s  4420.00 iters/s

running (08.8s), 00254/04420 VUs, 38844 complete and 0 interrupted iterations
default   [  59% ] 00254/04420 VUs  08.8s/15s  4420.00 iters/s

running (09.8s), 00275/04420 VUs, 43246 complete and 0 interrupted iterations
default   [  66% ] 00275/04420 VUs  09.8s/15s  4420.00 iters/s

running (10.8s), 00302/04420 VUs, 47635 complete and 0 interrupted iterations
default   [  72% ] 00302/04420 VUs  10.8s/15s  4420.00 iters/s

running (11.8s), 00272/04420 VUs, 52085 complete and 0 interrupted iterations
default   [  79% ] 00272/04420 VUs  11.8s/15s  4420.00 iters/s

running (12.8s), 00297/04420 VUs, 56480 complete and 0 interrupted iterations
default   [  86% ] 00297/04420 VUs  12.8s/15s  4420.00 iters/s

running (13.8s), 00325/04420 VUs, 60872 complete and 0 interrupted iterations
default   [  92% ] 00325/04420 VUs  13.8s/15s  4420.00 iters/s

running (14.8s), 00275/04420 VUs, 65342 complete and 0 interrupted iterations
default   [  99% ] 00275/04420 VUs  14.8s/15s  4420.00 iters/s


  █ TOTAL RESULTS 

    HTTP
    http_req_duration..............: avg=89.96ms min=42.22ms med=77.23ms max=155.08ms p(90)=131.38ms p(95)=135.33ms
      { expected_response:true }...: avg=89.96ms min=42.22ms med=77.23ms max=155.08ms p(90)=131.38ms p(95)=135.33ms
    http_req_failed................: 0.00% 0 out of 66031
    http_reqs......................: 66031 4399.915861/s

    EXECUTION
    iteration_duration.............: avg=90.08ms min=42.3ms  med=77.32ms max=155.18ms p(90)=131.55ms p(95)=135.61ms
    iterations.....................: 66031 4399.915861/s
    vus............................: 276   min=254        max=631 
    vus_max........................: 4420  min=4420       max=4420

    NETWORK
    data_received..................: 13 MB 893 kB/s
    data_sent......................: 13 MB 848 kB/s




running (15.0s), 00000/04420 VUs, 66029 complete and 272 interrupted iterations
default ✓ [ 100% ] 00272/04420 VUs  15s  4420.00 iters/s
