
         /\      Grafana   /‾‾/  
    /\  /  \     |\  __   /  /   
   /  \/    \    | |/ /  /   ‾‾\ 
  /          \   |   (  |  (‾)  |
 / __________ \  |_|\_\  \_____/ 

     execution: local
        script: workflow/media/k6_open_review_compose.js
        output: -

     scenarios: (100.00%) 1 scenario, 10000 max VUs, 10s max duration (incl. graceful stop):
              * default: 240.00 iterations/s for 10s (maxVUs: 240-10000)


running (01.0s), 00116/00240 VUs, 120 complete and 0 interrupted iterations
default   [  10% ] 00116/00240 VUs  01.0s/10s  240.00 iters/s

running (02.0s), 00117/00240 VUs, 359 complete and 0 interrupted iterations
default   [  20% ] 00117/00240 VUs  02.0s/10s  240.00 iters/s

running (03.0s), 00117/00240 VUs, 599 complete and 0 interrupted iterations
default   [  30% ] 00117/00240 VUs  03.0s/10s  240.00 iters/s

running (04.0s), 00117/00240 VUs, 839 complete and 0 interrupted iterations
default   [  40% ] 00117/00240 VUs  04.0s/10s  240.00 iters/s

running (05.0s), 00117/00240 VUs, 1079 complete and 0 interrupted iterations
default   [  50% ] 00117/00240 VUs  05.0s/10s  240.00 iters/s

running (06.0s), 00117/00240 VUs, 1319 complete and 0 interrupted iterations
default   [  60% ] 00117/00240 VUs  06.0s/10s  240.00 iters/s

running (07.0s), 00117/00240 VUs, 1559 complete and 0 interrupted iterations
default   [  70% ] 00117/00240 VUs  07.0s/10s  240.00 iters/s

running (08.0s), 00117/00240 VUs, 1799 complete and 0 interrupted iterations
default   [  80% ] 00117/00240 VUs  08.0s/10s  240.00 iters/s

running (09.0s), 00117/00240 VUs, 2039 complete and 0 interrupted iterations
default   [  90% ] 00117/00240 VUs  09.0s/10s  240.00 iters/s

running (10.0s), 00117/00240 VUs, 2279 complete and 0 interrupted iterations
default   [ 100% ] 00117/00240 VUs  10.0s/10s  240.00 iters/s


  █ TOTAL RESULTS 

    HTTP
    http_req_duration..............: avg=4.16ms min=3.03ms med=3.8ms  max=12.57ms p(90)=4.99ms p(95)=6.48ms
      { expected_response:true }...: avg=4.16ms min=3.03ms med=3.8ms  max=12.57ms p(90)=4.99ms p(95)=6.48ms
    http_req_failed................: 0.00%  0 out of 2284
    http_reqs......................: 2284   228.352929/s

    EXECUTION
    iteration_duration.............: avg=4.29ms min=1.07ms med=3.94ms max=12.67ms p(90)=5.19ms p(95)=6.65ms
    iterations.....................: 2285   228.452909/s
    vus............................: 117    min=116       max=117
    vus_max........................: 240    min=240       max=240

    NETWORK
    data_received..................: 524 kB 52 kB/s
    data_sent......................: 1.3 MB 127 kB/s




running (10.0s), 00000/00240 VUs, 2283 complete and 118 interrupted iterations
default ✓ [ 100% ] 00118/00240 VUs  10s  240.00 iters/s
