
         /\      Grafana   /‾‾/  
    /\  /  \     |\  __   /  /   
   /  \/    \    | |/ /  /   ‾‾\ 
  /          \   |   (  |  (‾)  |
 / __________ \  |_|\_\  \_____/ 

     execution: local
        script: workflow/write/k6_open_client.js
        output: -

     scenarios: (100.00%) 1 scenario, 10000 max VUs, 15s max duration (incl. graceful stop):
              * default: 3952.00 iterations/s for 15s (maxVUs: 3952-10000)


running (00.9s), 00022/03952 VUs, 3445 complete and 0 interrupted iterations
default   [   6% ] 00022/03952 VUs  00.9s/15s  3952.00 iters/s

running (01.9s), 00003/03952 VUs, 7416 complete and 0 interrupted iterations
default   [  13% ] 00002/03952 VUs  01.9s/15s  3952.00 iters/s

running (02.9s), 00003/03952 VUs, 11368 complete and 0 interrupted iterations
default   [  19% ] 00002/03952 VUs  02.9s/15s  3952.00 iters/s

running (03.9s), 00004/03952 VUs, 15319 complete and 0 interrupted iterations
default   [  26% ] 00004/03952 VUs  03.9s/15s  3952.00 iters/s

running (04.9s), 00002/03952 VUs, 19273 complete and 0 interrupted iterations
default   [  33% ] 00002/03952 VUs  04.9s/15s  3952.00 iters/s

running (05.9s), 00003/03952 VUs, 23224 complete and 0 interrupted iterations
default   [  39% ] 00003/03952 VUs  05.9s/15s  3952.00 iters/s

running (06.9s), 00002/03952 VUs, 27177 complete and 0 interrupted iterations
default   [  46% ] 00002/03952 VUs  06.9s/15s  3952.00 iters/s

running (07.9s), 00003/03952 VUs, 31129 complete and 0 interrupted iterations
default   [  53% ] 00003/03952 VUs  07.9s/15s  3952.00 iters/s

running (08.9s), 00002/03952 VUs, 35081 complete and 0 interrupted iterations
default   [  59% ] 00002/03952 VUs  08.9s/15s  3952.00 iters/s

running (09.9s), 00003/03952 VUs, 39032 complete and 0 interrupted iterations
default   [  66% ] 00003/03952 VUs  09.9s/15s  3952.00 iters/s

running (10.9s), 00002/03952 VUs, 42985 complete and 0 interrupted iterations
default   [  73% ] 00002/03952 VUs  10.9s/15s  3952.00 iters/s

running (11.9s), 00002/03952 VUs, 46937 complete and 0 interrupted iterations
default   [  79% ] 00002/03952 VUs  11.9s/15s  3952.00 iters/s

running (12.9s), 00003/03952 VUs, 50888 complete and 0 interrupted iterations
default   [  86% ] 00003/03952 VUs  12.9s/15s  3952.00 iters/s

running (13.9s), 00003/03952 VUs, 54840 complete and 0 interrupted iterations
default   [  93% ] 00003/03952 VUs  13.9s/15s  3952.00 iters/s

running (14.9s), 00004/03952 VUs, 58792 complete and 0 interrupted iterations
default   [  99% ] 00004/03952 VUs  14.9s/15s  3952.00 iters/s


  █ TOTAL RESULTS 

    HTTP
    http_req_duration..............: avg=851.25µs min=383.27µs med=582.51µs max=41.93ms p(90)=752.16µs p(95)=923.91µs
      { expected_response:true }...: avg=851.25µs min=383.27µs med=582.51µs max=41.93ms p(90)=752.16µs p(95)=923.91µs
    http_req_failed................: 0.00%  0 out of 59279
    http_reqs......................: 59279  3950.402201/s

    EXECUTION
    iteration_duration.............: avg=1.09ms   min=424.68µs med=637.76µs max=42.2ms  p(90)=834.66µs p(95)=4.39ms  
    iterations.....................: 59279  3950.402201/s
    vus............................: 3      min=2          max=21  
    vus_max........................: 3952   min=3952       max=3952

    NETWORK
    data_received..................: 12 MB  802 kB/s
    data_sent......................: 5.9 MB 395 kB/s




running (15.0s), 00000/03952 VUs, 59277 complete and 4 interrupted iterations
default ✓ [ 100% ] 00004/03952 VUs  15s  3952.00 iters/s
