
         /\      Grafana   /‾‾/  
    /\  /  \     |\  __   /  /   
   /  \/    \    | |/ /  /   ‾‾\ 
  /          \   |   (  |  (‾)  |
 / __________ \  |_|\_\  \_____/ 

     execution: local
        script: workflow/write/k6_open_client.js
        output: -

     scenarios: (100.00%) 1 scenario, 10000 max VUs, 15s max duration (incl. graceful stop):
              * default: 8231.00 iterations/s for 15s (maxVUs: 8231-10000)


running (00.8s), 01681/08231 VUs, 4101 complete and 0 interrupted iterations
default   [   5% ] 01681/08231 VUs  00.8s/15s  8231.00 iters/s

running (01.8s), 04302/08231 VUs, 10142 complete and 0 interrupted iterations
default   [  12% ] 04302/08231 VUs  01.8s/15s  8231.00 iters/s

running (02.8s), 04314/08231 VUs, 18361 complete and 0 interrupted iterations
default   [  18% ] 04314/08231 VUs  02.8s/15s  8231.00 iters/s

running (03.8s), 04675/08231 VUs, 26231 complete and 0 interrupted iterations
default   [  25% ] 04675/08231 VUs  03.8s/15s  8231.00 iters/s

running (04.8s), 05070/08231 VUs, 34071 complete and 0 interrupted iterations
default   [  32% ] 05070/08231 VUs  04.8s/15s  8231.00 iters/s

running (05.8s), 05035/08231 VUs, 42333 complete and 0 interrupted iterations
default   [  38% ] 05035/08231 VUs  05.8s/15s  8231.00 iters/s

running (06.8s), 05190/08231 VUs, 50410 complete and 0 interrupted iterations
default   [  45% ] 05190/08231 VUs  06.8s/15s  8231.00 iters/s

running (07.8s), 05349/08231 VUs, 58482 complete and 0 interrupted iterations
default   [  52% ] 05349/08231 VUs  07.8s/15s  8231.00 iters/s

running (08.8s), 05491/08231 VUs, 66570 complete and 0 interrupted iterations
default   [  58% ] 05492/08231 VUs  08.8s/15s  8231.00 iters/s

running (09.8s), 05709/08231 VUs, 74584 complete and 0 interrupted iterations
default   [  65% ] 05709/08231 VUs  09.8s/15s  8231.00 iters/s

running (10.8s), 06441/08231 VUs, 82083 complete and 0 interrupted iterations
default   [  72% ] 06441/08231 VUs  10.8s/15s  8231.00 iters/s

running (11.8s), 06768/08231 VUs, 89987 complete and 0 interrupted iterations
default   [  78% ] 06768/08231 VUs  11.8s/15s  8231.00 iters/s

running (12.8s), 06755/08231 VUs, 98231 complete and 0 interrupted iterations
default   [  85% ] 06755/08231 VUs  12.8s/15s  8231.00 iters/s

running (13.8s), 06670/08231 VUs, 106546 complete and 0 interrupted iterations
default   [  92% ] 06670/08231 VUs  13.8s/15s  8231.00 iters/s

running (14.8s), 06806/08231 VUs, 114642 complete and 0 interrupted iterations
default   [  98% ] 06806/08231 VUs  14.8s/15s  8231.00 iters/s


  █ TOTAL RESULTS 

    HTTP
    http_req_duration..............: avg=649.46ms min=496.2µs  med=650.42ms max=1.52s p(90)=826.21ms p(95)=831.21ms
      { expected_response:true }...: avg=649.46ms min=496.2µs  med=650.42ms max=1.52s p(90)=826.21ms p(95)=831.21ms
    http_req_failed................: 0.00%  0 out of 116609
    http_reqs......................: 116609 7741.566677/s

    EXECUTION
    iteration_duration.............: avg=651.87ms min=553.88µs med=650.51ms max=1.52s p(90)=826.27ms p(95)=831.28ms
    iterations.....................: 116608 7741.500287/s
    vus............................: 6807   min=1643        max=6807
    vus_max........................: 8231   min=8231        max=8231

    NETWORK
    data_received..................: 24 MB  1.6 MB/s
    data_sent......................: 12 MB  820 kB/s




running (15.1s), 00000/08231 VUs, 116600 complete and 6867 interrupted iterations
default ✓ [ 100% ] 06867/08231 VUs  15s  8231.00 iters/s
