
         /\      Grafana   /‾‾/  
    /\  /  \     |\  __   /  /   
   /  \/    \    | |/ /  /   ‾‾\ 
  /          \   |   (  |  (‾)  |
 / __________ \  |_|\_\  \_____/ 

     execution: local
        script: workflow/spin/k6_open_client.js
        output: -

     scenarios: (100.00%) 1 scenario, 10000 max VUs, 15s max duration (incl. graceful stop):
              * default: 1976.00 iterations/s for 15s (maxVUs: 1976-10000)


running (00.9s), 00081/01976 VUs, 1757 complete and 0 interrupted iterations
default   [   6% ] 00081/01976 VUs  00.9s/15s  1976.00 iters/s

running (01.9s), 00137/01976 VUs, 3675 complete and 0 interrupted iterations
default   [  13% ] 00137/01976 VUs  01.9s/15s  1976.00 iters/s

running (02.9s), 00099/01976 VUs, 5690 complete and 0 interrupted iterations
default   [  20% ] 00099/01976 VUs  02.9s/15s  1976.00 iters/s

running (03.9s), 00152/01976 VUs, 7614 complete and 0 interrupted iterations
default   [  26% ] 00152/01976 VUs  03.9s/15s  1976.00 iters/s

running (04.9s), 00121/01976 VUs, 9619 complete and 0 interrupted iterations
default   [  33% ] 00121/01976 VUs  04.9s/15s  1976.00 iters/s

running (05.9s), 00085/01976 VUs, 11632 complete and 0 interrupted iterations
default   [  40% ] 00085/01976 VUs  05.9s/15s  1976.00 iters/s

running (06.9s), 00138/01976 VUs, 13555 complete and 0 interrupted iterations
default   [  46% ] 00138/01976 VUs  06.9s/15s  1976.00 iters/s

running (07.9s), 00087/01976 VUs, 15581 complete and 0 interrupted iterations
default   [  53% ] 00087/01976 VUs  07.9s/15s  1976.00 iters/s

running (08.9s), 00135/01976 VUs, 17510 complete and 0 interrupted iterations
default   [  60% ] 00135/01976 VUs  08.9s/15s  1976.00 iters/s

running (09.9s), 00114/01976 VUs, 19506 complete and 0 interrupted iterations
default   [  66% ] 00114/01976 VUs  09.9s/15s  1976.00 iters/s

running (10.9s), 00162/01976 VUs, 21435 complete and 0 interrupted iterations
default   [  73% ] 00162/01976 VUs  10.9s/15s  1976.00 iters/s

running (11.9s), 00131/01976 VUs, 23441 complete and 0 interrupted iterations
default   [  80% ] 00131/01976 VUs  11.9s/15s  1976.00 iters/s

running (12.9s), 00081/01976 VUs, 25467 complete and 0 interrupted iterations
default   [  86% ] 00081/01976 VUs  12.9s/15s  1976.00 iters/s

running (13.9s), 00136/01976 VUs, 27389 complete and 0 interrupted iterations
default   [  93% ] 00136/01976 VUs  13.9s/15s  1976.00 iters/s

running (14.9s), 00171/01976 VUs, 29330 complete and 0 interrupted iterations
default   [ 100% ] 00171/01976 VUs  14.9s/15s  1976.00 iters/s


  █ TOTAL RESULTS 

    HTTP
    http_req_duration..............: avg=60.55ms min=31.39ms med=60.56ms max=100.71ms p(90)=77.91ms p(95)=80.53ms
      { expected_response:true }...: avg=60.55ms min=31.39ms med=60.56ms max=100.71ms p(90)=77.91ms p(95)=80.53ms
    http_req_failed................: 0.00%  0 out of 29546
    http_reqs......................: 29546  1969.28873/s

    EXECUTION
    iteration_duration.............: avg=60.64ms min=31.72ms med=60.65ms max=100.85ms p(90)=77.99ms p(95)=80.62ms
    iterations.....................: 29546  1969.28873/s
    vus............................: 166    min=81         max=166 
    vus_max........................: 1976   min=1976       max=1976

    NETWORK
    data_received..................: 6.0 MB 400 kB/s
    data_sent......................: 5.7 MB 379 kB/s




running (15.0s), 00000/01976 VUs, 29546 complete and 93 interrupted iterations
default ✓ [ 100% ] 00093/01976 VUs  15s  1976.00 iters/s
