
         /\      Grafana   /‾‾/  
    /\  /  \     |\  __   /  /   
   /  \/    \    | |/ /  /   ‾‾\ 
  /          \   |   (  |  (‾)  |
 / __________ \  |_|\_\  \_____/ 

     execution: local
        script: workflow/spin/k6_open_client.js
        output: -

     scenarios: (100.00%) 1 scenario, 10000 max VUs, 15s max duration (incl. graceful stop):
              * default: 3929.00 iterations/s for 15s (maxVUs: 3929-10000)


running (00.9s), 00247/03929 VUs, 3160 complete and 0 interrupted iterations
default   [   6% ] 00247/03929 VUs  00.9s/15s  3929.00 iters/s

running (01.9s), 00243/03929 VUs, 7093 complete and 0 interrupted iterations
default   [  12% ] 00244/03929 VUs  01.9s/15s  3929.00 iters/s

running (02.9s), 00226/03929 VUs, 11039 complete and 0 interrupted iterations
default   [  19% ] 00226/03929 VUs  02.9s/15s  3929.00 iters/s

running (03.9s), 00293/03929 VUs, 14904 complete and 0 interrupted iterations
default   [  26% ] 00293/03929 VUs  03.9s/15s  3929.00 iters/s

running (04.9s), 00223/03929 VUs, 18903 complete and 0 interrupted iterations
default   [  32% ] 00223/03929 VUs  04.9s/15s  3929.00 iters/s

running (05.9s), 00210/03929 VUs, 22842 complete and 0 interrupted iterations
default   [  39% ] 00210/03929 VUs  05.9s/15s  3929.00 iters/s

running (06.9s), 00263/03929 VUs, 26718 complete and 0 interrupted iterations
default   [  46% ] 00263/03929 VUs  06.9s/15s  3929.00 iters/s

running (07.9s), 00215/03929 VUs, 30695 complete and 0 interrupted iterations
default   [  52% ] 00215/03929 VUs  07.9s/15s  3929.00 iters/s

running (08.9s), 00200/03929 VUs, 34640 complete and 0 interrupted iterations
default   [  59% ] 00200/03929 VUs  08.9s/15s  3929.00 iters/s

running (09.9s), 00265/03929 VUs, 38505 complete and 0 interrupted iterations
default   [  66% ] 00265/03929 VUs  09.9s/15s  3929.00 iters/s

running (10.9s), 00251/03929 VUs, 42446 complete and 0 interrupted iterations
default   [  72% ] 00251/03929 VUs  10.9s/15s  3929.00 iters/s

running (11.9s), 00252/03929 VUs, 46374 complete and 0 interrupted iterations
default   [  79% ] 00252/03929 VUs  11.9s/15s  3929.00 iters/s

running (12.9s), 00248/03929 VUs, 50310 complete and 0 interrupted iterations
default   [  86% ] 00248/03929 VUs  12.9s/15s  3929.00 iters/s

running (13.9s), 00279/03929 VUs, 54209 complete and 0 interrupted iterations
default   [  92% ] 00279/03929 VUs  13.9s/15s  3929.00 iters/s

running (14.9s), 00257/03929 VUs, 58157 complete and 0 interrupted iterations
default   [  99% ] 00257/03929 VUs  14.9s/15s  3929.00 iters/s


  █ TOTAL RESULTS 

    HTTP
    http_req_duration..............: avg=63.38ms min=33.32ms med=62.36ms max=130.3ms  p(90)=72.65ms p(95)=77.84ms
      { expected_response:true }...: avg=63.38ms min=33.32ms med=62.36ms max=130.3ms  p(90)=72.65ms p(95)=77.84ms
    http_req_failed................: 0.00% 0 out of 58684
    http_reqs......................: 58684 3910.661449/s

    EXECUTION
    iteration_duration.............: avg=63.47ms min=33.4ms  med=62.46ms max=130.65ms p(90)=72.76ms p(95)=77.96ms
    iterations.....................: 58684 3910.661449/s
    vus............................: 257   min=198        max=293 
    vus_max........................: 3929  min=3929       max=3929

    NETWORK
    data_received..................: 12 MB 794 kB/s
    data_sent......................: 11 MB 754 kB/s




running (15.0s), 00000/03929 VUs, 58684 complete and 252 interrupted iterations
default ✓ [ 100% ] 00252/03929 VUs  15s  3929.00 iters/s
