
         /\      Grafana   /‾‾/  
    /\  /  \     |\  __   /  /   
   /  \/    \    | |/ /  /   ‾‾\ 
  /          \   |   (  |  (‾)  |
 / __________ \  |_|\_\  \_____/ 

     execution: local
        script: workflow/spin/k6_open_client.js
        output: -

     scenarios: (100.00%) 1 scenario, 10000 max VUs, 15s max duration (incl. graceful stop):
              * default: 3931.00 iterations/s for 15s (maxVUs: 3931-10000)


running (00.9s), 00342/03931 VUs, 3061 complete and 0 interrupted iterations
default   [   6% ] 00342/03931 VUs  00.9s/15s  3931.00 iters/s

running (01.9s), 00437/03931 VUs, 6900 complete and 0 interrupted iterations
default   [  12% ] 00437/03931 VUs  01.9s/15s  3931.00 iters/s

running (02.9s), 00578/03931 VUs, 10691 complete and 0 interrupted iterations
default   [  19% ] 00578/03931 VUs  02.9s/15s  3931.00 iters/s

running (03.9s), 00626/03931 VUs, 14573 complete and 0 interrupted iterations
default   [  26% ] 00626/03931 VUs  03.9s/15s  3931.00 iters/s

running (04.9s), 00661/03931 VUs, 18466 complete and 0 interrupted iterations
default   [  32% ] 00661/03931 VUs  04.9s/15s  3931.00 iters/s

running (05.9s), 00635/03931 VUs, 22427 complete and 0 interrupted iterations
default   [  39% ] 00635/03931 VUs  05.9s/15s  3931.00 iters/s

running (06.9s), 00652/03931 VUs, 26339 complete and 0 interrupted iterations
default   [  46% ] 00652/03931 VUs  06.9s/15s  3931.00 iters/s

running (07.9s), 00528/03931 VUs, 30394 complete and 0 interrupted iterations
default   [  52% ] 00528/03931 VUs  07.9s/15s  3931.00 iters/s

running (08.9s), 00462/03931 VUs, 34392 complete and 0 interrupted iterations
default   [  59% ] 00462/03931 VUs  08.9s/15s  3931.00 iters/s

running (09.9s), 00421/03931 VUs, 38365 complete and 0 interrupted iterations
default   [  66% ] 00421/03931 VUs  09.9s/15s  3931.00 iters/s

running (10.9s), 00440/03931 VUs, 42276 complete and 0 interrupted iterations
default   [  72% ] 00440/03931 VUs  10.9s/15s  3931.00 iters/s

running (11.9s), 00431/03931 VUs, 46213 complete and 0 interrupted iterations
default   [  79% ] 00431/03931 VUs  11.9s/15s  3931.00 iters/s

running (12.9s), 00333/03931 VUs, 50241 complete and 0 interrupted iterations
default   [  86% ] 00333/03931 VUs  12.9s/15s  3931.00 iters/s

running (13.9s), 00310/03931 VUs, 54198 complete and 0 interrupted iterations
default   [  92% ] 00311/03931 VUs  13.9s/15s  3931.00 iters/s

running (14.9s), 00244/03931 VUs, 58193 complete and 0 interrupted iterations
default   [  99% ] 00244/03931 VUs  14.9s/15s  3931.00 iters/s


  █ TOTAL RESULTS 

    HTTP
    http_req_duration..............: avg=120.33ms min=50ms    med=114.2ms  max=179.69ms p(90)=161.94ms p(95)=166.19ms
      { expected_response:true }...: avg=120.33ms min=50ms    med=114.2ms  max=179.69ms p(90)=161.94ms p(95)=166.19ms
    http_req_failed................: 0.00% 0 out of 58703
    http_reqs......................: 58703 3911.61722/s

    EXECUTION
    iteration_duration.............: avg=120.43ms min=50.25ms med=114.28ms max=179.78ms p(90)=162.01ms p(95)=166.27ms
    iterations.....................: 58703 3911.61722/s
    vus............................: 247   min=247        max=661 
    vus_max........................: 3931  min=3931       max=3931

    NETWORK
    data_received..................: 12 MB 794 kB/s
    data_sent......................: 11 MB 754 kB/s




running (15.0s), 00000/03931 VUs, 58696 complete and 268 interrupted iterations
default ✓ [ 100% ] 00268/03931 VUs  15s  3931.00 iters/s
