
         /\      Grafana   /‾‾/  
    /\  /  \     |\  __   /  /   
   /  \/    \    | |/ /  /   ‾‾\ 
  /          \   |   (  |  (‾)  |
 / __________ \  |_|\_\  \_____/ 

     execution: local
        script: workflow/response/k6_open_client.js
        output: -

     scenarios: (100.00%) 1 scenario, 10000 max VUs, 15s max duration (incl. graceful stop):
              * default: 440.00 iterations/s for 15s (maxVUs: 440-10000)


running (01.0s), 00008/00440 VUs, 422 complete and 0 interrupted iterations
default   [   7% ] 00008/00440 VUs  01.0s/15s  440.00 iters/s

running (02.0s), 00013/00440 VUs, 857 complete and 0 interrupted iterations
default   [  13% ] 00013/00440 VUs  02.0s/15s  440.00 iters/s

running (03.0s), 00019/00440 VUs, 1291 complete and 0 interrupted iterations
default   [  20% ] 00018/00440 VUs  03.0s/15s  440.00 iters/s

running (04.0s), 00011/00440 VUs, 1739 complete and 0 interrupted iterations
default   [  27% ] 00011/00440 VUs  04.0s/15s  440.00 iters/s

running (05.0s), 00018/00440 VUs, 2172 complete and 0 interrupted iterations
default   [  33% ] 00018/00440 VUs  05.0s/15s  440.00 iters/s

running (06.0s), 00009/00440 VUs, 2621 complete and 0 interrupted iterations
default   [  40% ] 00009/00440 VUs  06.0s/15s  440.00 iters/s

running (07.0s), 00016/00440 VUs, 3054 complete and 0 interrupted iterations
default   [  47% ] 00016/00440 VUs  07.0s/15s  440.00 iters/s

running (08.0s), 00010/00440 VUs, 3500 complete and 0 interrupted iterations
default   [  53% ] 00010/00440 VUs  08.0s/15s  440.00 iters/s

running (09.0s), 00016/00440 VUs, 3934 complete and 0 interrupted iterations
default   [  60% ] 00016/00440 VUs  09.0s/15s  440.00 iters/s

running (10.0s), 00011/00440 VUs, 4379 complete and 0 interrupted iterations
default   [  67% ] 00011/00440 VUs  10.0s/15s  440.00 iters/s

running (11.0s), 00018/00440 VUs, 4812 complete and 0 interrupted iterations
default   [  73% ] 00018/00440 VUs  11.0s/15s  440.00 iters/s

running (12.0s), 00011/00440 VUs, 5259 complete and 0 interrupted iterations
default   [  80% ] 00011/00440 VUs  12.0s/15s  440.00 iters/s

running (13.0s), 00018/00440 VUs, 5692 complete and 0 interrupted iterations
default   [  87% ] 00018/00440 VUs  13.0s/15s  440.00 iters/s

running (14.0s), 00011/00440 VUs, 6138 complete and 0 interrupted iterations
default   [  93% ] 00011/00440 VUs  14.0s/15s  440.00 iters/s

running (15.0s), 00018/00440 VUs, 6572 complete and 0 interrupted iterations
default   [ 100% ] 00018/00440 VUs  15.0s/15s  440.00 iters/s


  █ TOTAL RESULTS 

    HTTP
    http_req_duration..............: avg=28.15ms min=11.82ms med=28.19ms max=48.46ms p(90)=40.12ms p(95)=41.64ms
      { expected_response:true }...: avg=28.15ms min=11.82ms med=28.19ms max=48.46ms p(90)=40.12ms p(95)=41.64ms
    http_req_failed................: 0.00%  0 out of 6586
    http_reqs......................: 6586   439.008063/s

    EXECUTION
    iteration_duration.............: avg=28.23ms min=11.88ms med=28.26ms max=48.56ms p(90)=40.21ms p(95)=41.72ms
    iterations.....................: 6586   439.008063/s
    vus............................: 18     min=8         max=19 
    vus_max........................: 440    min=440       max=440

    NETWORK
    data_received..................: 1.3 MB 88 kB/s
    data_sent......................: 1.3 MB 86 kB/s




running (15.0s), 00000/00440 VUs, 6586 complete and 14 interrupted iterations
default ✓ [ 100% ] 00014/00440 VUs  15s  440.00 iters/s
