
         /\      Grafana   /‾‾/  
    /\  /  \     |\  __   /  /   
   /  \/    \    | |/ /  /   ‾‾\ 
  /          \   |   (  |  (‾)  |
 / __________ \  |_|\_\  \_____/ 

     execution: local
        script: workflow/spin/k6_open_client.js
        output: -

     scenarios: (100.00%) 1 scenario, 10000 max VUs, 15s max duration (incl. graceful stop):
              * default: 4800.00 iterations/s for 15s (maxVUs: 4800-10000)


running (00.9s), 00418/04800 VUs, 3685 complete and 0 interrupted iterations
default   [   6% ] 00418/04800 VUs  00.9s/15s  4800.00 iters/s

running (01.9s), 00199/04800 VUs, 8704 complete and 0 interrupted iterations
default   [  12% ] 00198/04800 VUs  01.9s/15s  4800.00 iters/s

running (02.9s), 00134/04800 VUs, 13571 complete and 0 interrupted iterations
default   [  19% ] 00134/04800 VUs  02.9s/15s  4800.00 iters/s

running (03.9s), 00150/04800 VUs, 18353 complete and 0 interrupted iterations
default   [  26% ] 00149/04800 VUs  03.9s/15s  4800.00 iters/s

running (04.9s), 00102/04800 VUs, 23201 complete and 0 interrupted iterations
default   [  32% ] 00102/04800 VUs  04.9s/15s  4800.00 iters/s

running (05.9s), 00232/04800 VUs, 27872 complete and 0 interrupted iterations
default   [  39% ] 00232/04800 VUs  05.9s/15s  4800.00 iters/s

running (06.9s), 00126/04800 VUs, 32777 complete and 0 interrupted iterations
default   [  46% ] 00126/04800 VUs  06.9s/15s  4800.00 iters/s

running (07.9s), 00358/04800 VUs, 37345 complete and 0 interrupted iterations
default   [  52% ] 00358/04800 VUs  07.9s/15s  4800.00 iters/s

running (08.9s), 00496/04800 VUs, 42007 complete and 0 interrupted iterations
default   [  59% ] 00496/04800 VUs  08.9s/15s  4800.00 iters/s

running (09.9s), 00121/04800 VUs, 47182 complete and 0 interrupted iterations
default   [  66% ] 00121/04800 VUs  09.9s/15s  4800.00 iters/s

running (10.9s), 00147/04800 VUs, 51956 complete and 0 interrupted iterations
default   [  72% ] 00148/04800 VUs  10.9s/15s  4800.00 iters/s

running (11.9s), 00349/04800 VUs, 56554 complete and 0 interrupted iterations
default   [  79% ] 00349/04800 VUs  11.9s/15s  4800.00 iters/s

running (12.9s), 00172/04800 VUs, 61531 complete and 0 interrupted iterations
default   [  86% ] 00171/04800 VUs  12.9s/15s  4800.00 iters/s

running (13.9s), 00416/04800 VUs, 66087 complete and 0 interrupted iterations
default   [  92% ] 00416/04800 VUs  13.9s/15s  4800.00 iters/s

running (14.9s), 00498/04800 VUs, 70806 complete and 0 interrupted iterations
default   [  99% ] 00498/04800 VUs  14.9s/15s  4800.00 iters/s


  █ TOTAL RESULTS 

    HTTP
    http_req_duration..............: avg=50.49ms min=5.09ms med=43.07ms max=176.51ms p(90)=87.73ms p(95)=93.91ms
      { expected_response:true }...: avg=50.49ms min=5.09ms med=43.07ms max=176.51ms p(90)=87.73ms p(95)=93.91ms
    http_req_failed................: 0.00% 0 out of 71553
    http_reqs......................: 71553 4767.512152/s

    EXECUTION
    iteration_duration.............: avg=50.6ms  min=5.17ms med=43.2ms  max=176.57ms p(90)=87.84ms p(95)=94.04ms
    iterations.....................: 71553 4767.512152/s
    vus............................: 497   min=102        max=497 
    vus_max........................: 4800  min=4800       max=4800

    NETWORK
    data_received..................: 15 MB 968 kB/s
    data_sent......................: 14 MB 921 kB/s




running (15.0s), 00000/04800 VUs, 71552 complete and 450 interrupted iterations
default ✓ [ 100% ] 00450/04800 VUs  15s  4800.00 iters/s
