
         /\      Grafana   /‾‾/  
    /\  /  \     |\  __   /  /   
   /  \/    \    | |/ /  /   ‾‾\ 
  /          \   |   (  |  (‾)  |
 / __________ \  |_|\_\  \_____/ 

     execution: local
        script: workflow/online_boutique/k6_open_view_cart.js
        output: -

     scenarios: (100.00%) 1 scenario, 10000 max VUs, 15s max duration (incl. graceful stop):
              * default: 460.00 iterations/s for 15s (maxVUs: 460-10000)


running (01.0s), 00261/00460 VUs, 188 complete and 0 interrupted iterations
default   [   6% ] 00261/00460 VUs  01.0s/15s  460.00 iters/s

running (02.0s), 00166/00460 VUs, 742 complete and 0 interrupted iterations
default   [  13% ] 00166/00460 VUs  02.0s/15s  460.00 iters/s

running (03.0s), 00252/00460 VUs, 1117 complete and 0 interrupted iterations
default   [  20% ] 00252/00460 VUs  03.0s/15s  460.00 iters/s

running (04.0s), 00189/00460 VUs, 1639 complete and 0 interrupted iterations
default   [  26% ] 00189/00460 VUs  04.0s/15s  460.00 iters/s

running (05.0s), 00242/00460 VUs, 2046 complete and 0 interrupted iterations
default   [  33% ] 00242/00460 VUs  05.0s/15s  460.00 iters/s

running (06.0s), 00301/00460 VUs, 2447 complete and 0 interrupted iterations
default   [  40% ] 00301/00460 VUs  06.0s/15s  460.00 iters/s

running (07.0s), 00235/00460 VUs, 2974 complete and 0 interrupted iterations
default   [  46% ] 00235/00460 VUs  07.0s/15s  460.00 iters/s

running (08.0s), 00323/00460 VUs, 3345 complete and 0 interrupted iterations
default   [  53% ] 00323/00460 VUs  08.0s/15s  460.00 iters/s

running (09.0s), 00226/00460 VUs, 3903 complete and 0 interrupted iterations
default   [  60% ] 00226/00460 VUs  09.0s/15s  460.00 iters/s

running (10.0s), 00313/00460 VUs, 4275 complete and 0 interrupted iterations
default   [  66% ] 00313/00460 VUs  10.0s/15s  460.00 iters/s

running (11.0s), 00216/00460 VUs, 4832 complete and 0 interrupted iterations
default   [  73% ] 00216/00460 VUs  11.0s/15s  460.00 iters/s

running (12.0s), 00304/00460 VUs, 5204 complete and 0 interrupted iterations
default   [  80% ] 00304/00460 VUs  12.0s/15s  460.00 iters/s

running (13.0s), 00208/00460 VUs, 5760 complete and 0 interrupted iterations
default   [  86% ] 00208/00460 VUs  13.0s/15s  460.00 iters/s

running (14.0s), 00297/00460 VUs, 6132 complete and 0 interrupted iterations
default   [  93% ] 00297/00460 VUs  14.0s/15s  460.00 iters/s

running (15.0s), 00200/00460 VUs, 6689 complete and 0 interrupted iterations
default   [ 100% ] 00200/00460 VUs  15.0s/15s  460.00 iters/s


  █ TOTAL RESULTS 

    CUSTOM
    online_boutique_application_errors...: 0.00%  0 out of 6689

    HTTP
    http_req_duration....................: avg=533.22ms min=333.22ms med=533.3ms  max=730.48ms p(90)=680.89ms p(95)=699.1ms 
      { expected_response:true }.........: avg=533.22ms min=333.22ms med=533.3ms  max=730.48ms p(90)=680.89ms p(95)=699.1ms 
    http_req_failed......................: 0.00%  0 out of 6689
    http_reqs............................: 6689   445.867056/s

    EXECUTION
    iteration_duration...................: avg=533.42ms min=333.37ms med=533.49ms max=730.69ms p(90)=681.08ms p(95)=699.35ms
    iterations...........................: 6689   445.867056/s
    vus..................................: 200    min=165       max=323
    vus_max..............................: 460    min=460       max=460

    NETWORK
    data_received........................: 13 MB  864 kB/s
    data_sent............................: 1.7 MB 110 kB/s




running (15.0s), 00000/00460 VUs, 6689 complete and 212 interrupted iterations
default ✓ [ 100% ] 00212/00460 VUs  15s  460.00 iters/s
