
         /\      Grafana   /‾‾/  
    /\  /  \     |\  __   /  /   
   /  \/    \    | |/ /  /   ‾‾\ 
  /          \   |   (  |  (‾)  |
 / __________ \  |_|\_\  \_____/ 

     execution: local
        script: workflow/spin/k6_open_client.js
        output: -

     scenarios: (100.00%) 1 scenario, 10000 max VUs, 15s max duration (incl. graceful stop):
              * default: 4060.00 iterations/s for 15s (maxVUs: 4060-10000)


running (00.9s), 00019/04060 VUs, 3475 complete and 0 interrupted iterations
default   [   6% ] 00019/04060 VUs  00.9s/15s  4060.00 iters/s

running (01.9s), 00020/04060 VUs, 7534 complete and 0 interrupted iterations
default   [  12% ] 00020/04060 VUs  01.9s/15s  4060.00 iters/s

running (02.9s), 00038/04060 VUs, 11576 complete and 0 interrupted iterations
default   [  19% ] 00037/04060 VUs  02.9s/15s  4060.00 iters/s

running (03.9s), 00029/04060 VUs, 15645 complete and 0 interrupted iterations
default   [  26% ] 00029/04060 VUs  03.9s/15s  4060.00 iters/s

running (04.9s), 00016/04060 VUs, 19718 complete and 0 interrupted iterations
default   [  32% ] 00016/04060 VUs  04.9s/15s  4060.00 iters/s

running (05.9s), 00059/04060 VUs, 23735 complete and 0 interrupted iterations
default   [  39% ] 00059/04060 VUs  05.9s/15s  4060.00 iters/s

running (06.9s), 00017/04060 VUs, 27837 complete and 0 interrupted iterations
default   [  46% ] 00017/04060 VUs  06.9s/15s  4060.00 iters/s

running (07.9s), 00054/04060 VUs, 31860 complete and 0 interrupted iterations
default   [  52% ] 00054/04060 VUs  07.9s/15s  4060.00 iters/s

running (08.9s), 00020/04060 VUs, 35954 complete and 0 interrupted iterations
default   [  59% ] 00020/04060 VUs  08.9s/15s  4060.00 iters/s

running (09.9s), 00020/04060 VUs, 40013 complete and 0 interrupted iterations
default   [  66% ] 00020/04060 VUs  09.9s/15s  4060.00 iters/s

running (10.9s), 00022/04060 VUs, 44070 complete and 0 interrupted iterations
default   [  72% ] 00023/04060 VUs  10.9s/15s  4060.00 iters/s

running (11.9s), 00040/04060 VUs, 48116 complete and 0 interrupted iterations
default   [  79% ] 00040/04060 VUs  11.9s/15s  4060.00 iters/s

running (12.9s), 00018/04060 VUs, 52196 complete and 0 interrupted iterations
default   [  86% ] 00018/04060 VUs  12.9s/15s  4060.00 iters/s

running (13.9s), 00025/04060 VUs, 56249 complete and 0 interrupted iterations
default   [  92% ] 00025/04060 VUs  13.9s/15s  4060.00 iters/s

running (14.9s), 00023/04060 VUs, 60310 complete and 0 interrupted iterations
default   [  99% ] 00023/04060 VUs  14.9s/15s  4060.00 iters/s


  █ TOTAL RESULTS 

    HTTP
    http_req_duration..............: avg=6.79ms min=3.59ms med=5.27ms max=80.31ms p(90)=8.87ms p(95)=12.14ms
      { expected_response:true }...: avg=6.79ms min=3.59ms med=5.27ms max=80.31ms p(90)=8.87ms p(95)=12.14ms
    http_req_failed................: 0.00% 0 out of 60878
    http_reqs......................: 60878 4056.780138/s

    EXECUTION
    iteration_duration.............: avg=6.88ms min=3.65ms med=5.36ms max=80.54ms p(90)=8.95ms p(95)=12.26ms
    iterations.....................: 60878 4056.780138/s
    vus............................: 23    min=16         max=58  
    vus_max........................: 4060  min=4060       max=4060

    NETWORK
    data_received..................: 12 MB 824 kB/s
    data_sent......................: 12 MB 779 kB/s




running (15.0s), 00000/04060 VUs, 60875 complete and 26 interrupted iterations
default ✓ [ 100% ] 00026/04060 VUs  15s  4060.00 iters/s
