
         /\      Grafana   /‾‾/  
    /\  /  \     |\  __   /  /   
   /  \/    \    | |/ /  /   ‾‾\ 
  /          \   |   (  |  (‾)  |
 / __________ \  |_|\_\  \_____/ 

     execution: local
        script: workflow/spin/k6_open_client.js
        output: -

     scenarios: (100.00%) 1 scenario, 10000 max VUs, 15s max duration (incl. graceful stop):
              * default: 4010.00 iterations/s for 15s (maxVUs: 4010-10000)


running (00.9s), 00402/04010 VUs, 3072 complete and 0 interrupted iterations
default   [   6% ] 00402/04010 VUs  00.9s/15s  4010.00 iters/s

running (01.9s), 00345/04010 VUs, 7139 complete and 0 interrupted iterations
default   [  12% ] 00344/04010 VUs  01.9s/15s  4010.00 iters/s

running (02.9s), 00262/04010 VUs, 11232 complete and 0 interrupted iterations
default   [  19% ] 00262/04010 VUs  02.9s/15s  4010.00 iters/s

running (03.9s), 00239/04010 VUs, 15263 complete and 0 interrupted iterations
default   [  26% ] 00239/04010 VUs  03.9s/15s  4010.00 iters/s

running (04.9s), 00264/04010 VUs, 19251 complete and 0 interrupted iterations
default   [  32% ] 00264/04010 VUs  04.9s/15s  4010.00 iters/s

running (05.9s), 00298/04010 VUs, 23226 complete and 0 interrupted iterations
default   [  39% ] 00298/04010 VUs  05.9s/15s  4010.00 iters/s

running (06.9s), 00284/04010 VUs, 27253 complete and 0 interrupted iterations
default   [  46% ] 00284/04010 VUs  06.9s/15s  4010.00 iters/s

running (07.9s), 00252/04010 VUs, 31292 complete and 0 interrupted iterations
default   [  52% ] 00252/04010 VUs  07.9s/15s  4010.00 iters/s

running (08.9s), 00326/04010 VUs, 35228 complete and 0 interrupted iterations
default   [  59% ] 00326/04010 VUs  08.9s/15s  4010.00 iters/s

running (09.9s), 00327/04010 VUs, 39237 complete and 0 interrupted iterations
default   [  66% ] 00327/04010 VUs  09.9s/15s  4010.00 iters/s

running (10.9s), 00251/04010 VUs, 43323 complete and 0 interrupted iterations
default   [  72% ] 00251/04010 VUs  10.9s/15s  4010.00 iters/s

running (11.9s), 00261/04010 VUs, 47323 complete and 0 interrupted iterations
default   [  79% ] 00261/04010 VUs  11.9s/15s  4010.00 iters/s

running (12.9s), 00273/04010 VUs, 51320 complete and 0 interrupted iterations
default   [  86% ] 00273/04010 VUs  12.9s/15s  4010.00 iters/s

running (13.9s), 00199/04010 VUs, 55405 complete and 0 interrupted iterations
default   [  92% ] 00199/04010 VUs  13.9s/15s  4010.00 iters/s

running (14.9s), 00235/04010 VUs, 59379 complete and 0 interrupted iterations
default   [  99% ] 00235/04010 VUs  14.9s/15s  4010.00 iters/s


  █ TOTAL RESULTS 

    HTTP
    http_req_duration..............: avg=68.94ms min=47.49ms med=65.75ms max=138.76ms p(90)=85.4ms  p(95)=95.11ms
      { expected_response:true }...: avg=68.94ms min=47.49ms med=65.75ms max=138.76ms p(90)=85.4ms  p(95)=95.11ms
    http_req_failed................: 0.00% 0 out of 59907
    http_reqs......................: 59907 3991.997945/s

    EXECUTION
    iteration_duration.............: avg=69.04ms min=47.57ms med=65.84ms max=139.01ms p(90)=85.53ms p(95)=95.25ms
    iterations.....................: 59907 3991.997945/s
    vus............................: 235   min=198        max=402 
    vus_max........................: 4010  min=4010       max=4010

    NETWORK
    data_received..................: 12 MB 810 kB/s
    data_sent......................: 12 MB 769 kB/s




running (15.0s), 00000/04010 VUs, 59901 complete and 250 interrupted iterations
default ✓ [ 100% ] 00250/04010 VUs  15s  4010.00 iters/s
