
         /\      Grafana   /‾‾/  
    /\  /  \     |\  __   /  /   
   /  \/    \    | |/ /  /   ‾‾\ 
  /          \   |   (  |  (‾)  |
 / __________ \  |_|\_\  \_____/ 

     execution: local
        script: workflow/response/k6_open_client.js
        output: -

     scenarios: (100.00%) 1 scenario, 10000 max VUs, 15s max duration (incl. graceful stop):
              * default: 3230.00 iterations/s for 15s (maxVUs: 3230-10000)


running (00.9s), 00208/03230 VUs, 2691 complete and 0 interrupted iterations
default   [   6% ] 00208/03230 VUs  00.9s/15s  3230.00 iters/s

running (01.9s), 00179/03230 VUs, 5951 complete and 0 interrupted iterations
default   [  13% ] 00179/03230 VUs  01.9s/15s  3230.00 iters/s

running (02.9s), 00156/03230 VUs, 9202 complete and 0 interrupted iterations
default   [  19% ] 00156/03230 VUs  02.9s/15s  3230.00 iters/s

running (03.9s), 00180/03230 VUs, 12408 complete and 0 interrupted iterations
default   [  26% ] 00180/03230 VUs  03.9s/15s  3230.00 iters/s

running (04.9s), 00201/03230 VUs, 15616 complete and 0 interrupted iterations
default   [  33% ] 00201/03230 VUs  04.9s/15s  3230.00 iters/s

running (05.9s), 00167/03230 VUs, 18880 complete and 0 interrupted iterations
default   [  39% ] 00167/03230 VUs  05.9s/15s  3230.00 iters/s

running (06.9s), 00177/03230 VUs, 22101 complete and 0 interrupted iterations
default   [  46% ] 00177/03230 VUs  06.9s/15s  3230.00 iters/s

running (07.9s), 00165/03230 VUs, 25343 complete and 0 interrupted iterations
default   [  53% ] 00165/03230 VUs  07.9s/15s  3230.00 iters/s

running (08.9s), 00175/03230 VUs, 28563 complete and 0 interrupted iterations
default   [  59% ] 00175/03230 VUs  08.9s/15s  3230.00 iters/s

running (09.9s), 00247/03230 VUs, 31720 complete and 0 interrupted iterations
default   [  66% ] 00248/03230 VUs  09.9s/15s  3230.00 iters/s

running (10.9s), 00233/03230 VUs, 34965 complete and 0 interrupted iterations
default   [  73% ] 00233/03230 VUs  10.9s/15s  3230.00 iters/s

running (11.9s), 00232/03230 VUs, 38196 complete and 0 interrupted iterations
default   [  79% ] 00232/03230 VUs  11.9s/15s  3230.00 iters/s

running (12.9s), 00162/03230 VUs, 41496 complete and 0 interrupted iterations
default   [  86% ] 00162/03230 VUs  12.9s/15s  3230.00 iters/s

running (13.9s), 00203/03230 VUs, 44686 complete and 0 interrupted iterations
default   [  93% ] 00203/03230 VUs  13.9s/15s  3230.00 iters/s

running (14.9s), 00189/03230 VUs, 47929 complete and 0 interrupted iterations
default   [  99% ] 00191/03230 VUs  14.9s/15s  3230.00 iters/s


  █ TOTAL RESULTS 

    HTTP
    http_req_duration..............: avg=62ms   min=33.6ms med=61.6ms max=99.34ms p(90)=73.23ms p(95)=77.39ms
      { expected_response:true }...: avg=62ms   min=33.6ms med=61.6ms max=99.34ms p(90)=73.23ms p(95)=77.39ms
    http_req_failed................: 0.00%  0 out of 48242
    http_reqs......................: 48242  3214.715265/s

    EXECUTION
    iteration_duration.............: avg=62.1ms min=33.7ms med=61.7ms max=99.55ms p(90)=73.34ms p(95)=77.5ms 
    iterations.....................: 48242  3214.715265/s
    vus............................: 189    min=156        max=247 
    vus_max........................: 3230   min=3230       max=3230

    NETWORK
    data_received..................: 9.8 MB 653 kB/s
    data_sent......................: 9.5 MB 632 kB/s




running (15.0s), 00000/03230 VUs, 48242 complete and 208 interrupted iterations
default ✓ [ 100% ] 00208/03230 VUs  15s  3230.00 iters/s
