
         /\      Grafana   /‾‾/  
    /\  /  \     |\  __   /  /   
   /  \/    \    | |/ /  /   ‾‾\ 
  /          \   |   (  |  (‾)  |
 / __________ \  |_|\_\  \_____/ 

     execution: local
        script: workflow/social/k6_open_client.js
        output: -

     scenarios: (100.00%) 1 scenario, 10000 max VUs, 15s max duration (incl. graceful stop):
              * default: 353.00 iterations/s for 15s (maxVUs: 353-10000)


running (01.0s), 00005/00353 VUs, 342 complete and 0 interrupted iterations
default   [   7% ] 00005/00353 VUs  01.0s/15s  353.00 iters/s

running (02.0s), 00004/00353 VUs, 695 complete and 0 interrupted iterations
default   [  13% ] 00004/00353 VUs  02.0s/15s  353.00 iters/s

running (03.0s), 00004/00353 VUs, 1048 complete and 0 interrupted iterations
default   [  20% ] 00004/00353 VUs  03.0s/15s  353.00 iters/s

running (04.0s), 00006/00353 VUs, 1400 complete and 0 interrupted iterations
default   [  27% ] 00006/00353 VUs  04.0s/15s  353.00 iters/s

running (05.0s), 00004/00353 VUs, 1754 complete and 0 interrupted iterations
default   [  33% ] 00004/00353 VUs  05.0s/15s  353.00 iters/s

running (06.0s), 00002/00353 VUs, 2109 complete and 0 interrupted iterations
default   [  40% ] 00002/00353 VUs  06.0s/15s  353.00 iters/s

running (07.0s), 00003/00353 VUs, 2461 complete and 0 interrupted iterations
default   [  47% ] 00003/00353 VUs  07.0s/15s  353.00 iters/s

running (08.0s), 00002/00353 VUs, 2815 complete and 0 interrupted iterations
default   [  53% ] 00002/00353 VUs  08.0s/15s  353.00 iters/s

running (09.0s), 00005/00353 VUs, 3165 complete and 0 interrupted iterations
default   [  60% ] 00005/00353 VUs  09.0s/15s  353.00 iters/s

running (10.0s), 00003/00353 VUs, 3520 complete and 0 interrupted iterations
default   [  67% ] 00003/00353 VUs  10.0s/15s  353.00 iters/s

running (11.0s), 00004/00353 VUs, 3872 complete and 0 interrupted iterations
default   [  73% ] 00004/00353 VUs  11.0s/15s  353.00 iters/s

running (12.0s), 00003/00353 VUs, 4226 complete and 0 interrupted iterations
default   [  80% ] 00003/00353 VUs  12.0s/15s  353.00 iters/s

running (13.0s), 00002/00353 VUs, 4580 complete and 0 interrupted iterations
default   [  87% ] 00002/00353 VUs  13.0s/15s  353.00 iters/s

running (14.0s), 00005/00353 VUs, 4930 complete and 0 interrupted iterations
default   [  93% ] 00005/00353 VUs  14.0s/15s  353.00 iters/s

running (15.0s), 00004/00353 VUs, 5284 complete and 0 interrupted iterations
default   [ 100% ] 00004/00353 VUs  15.0s/15s  353.00 iters/s


  █ TOTAL RESULTS 

    HTTP
    http_req_duration..............: avg=9.83ms  min=3.35ms med=10.16ms max=23.77ms p(90)=13.8ms  p(95)=14.25ms
      { expected_response:true }...: avg=9.83ms  min=3.35ms med=10.16ms max=23.77ms p(90)=13.8ms  p(95)=14.25ms
    http_req_failed................: 0.00%  0 out of 5292
    http_reqs......................: 5292   352.77069/s

    EXECUTION
    iteration_duration.............: avg=10.01ms min=3.46ms med=10.27ms max=51.04ms p(90)=13.92ms p(95)=14.38ms
    iterations.....................: 5292   352.77069/s
    vus............................: 4      min=2         max=5  
    vus_max........................: 353    min=353       max=353

    NETWORK
    data_received..................: 1.2 MB 79 kB/s
    data_sent......................: 1.7 MB 116 kB/s




running (15.0s), 00000/00353 VUs, 5292 complete and 3 interrupted iterations
default ✓ [ 100% ] 00003/00353 VUs  15s  353.00 iters/s
