
         /\      Grafana   /‾‾/  
    /\  /  \     |\  __   /  /   
   /  \/    \    | |/ /  /   ‾‾\ 
  /          \   |   (  |  (‾)  |
 / __________ \  |_|\_\  \_____/ 

     execution: local
        script: workflow/online_boutique/k6_open_view_cart.js
        output: -

     scenarios: (100.00%) 1 scenario, 10000 max VUs, 15s max duration (incl. graceful stop):
              * default: 230.00 iterations/s for 15s (maxVUs: 230-10000)


running (01.0s), 00133/00230 VUs, 93 complete and 0 interrupted iterations
default   [   7% ] 00133/00230 VUs  01.0s/15s  230.00 iters/s

running (02.0s), 00084/00230 VUs, 372 complete and 0 interrupted iterations
default   [  13% ] 00084/00230 VUs  02.0s/15s  230.00 iters/s

running (03.0s), 00128/00230 VUs, 558 complete and 0 interrupted iterations
default   [  20% ] 00128/00230 VUs  03.0s/15s  230.00 iters/s

running (04.0s), 00080/00230 VUs, 836 complete and 0 interrupted iterations
default   [  27% ] 00080/00230 VUs  04.0s/15s  230.00 iters/s

running (05.0s), 00124/00230 VUs, 1022 complete and 0 interrupted iterations
default   [  33% ] 00124/00230 VUs  05.0s/15s  230.00 iters/s

running (06.0s), 00075/00230 VUs, 1301 complete and 0 interrupted iterations
default   [  40% ] 00075/00230 VUs  06.0s/15s  230.00 iters/s

running (07.0s), 00120/00230 VUs, 1486 complete and 0 interrupted iterations
default   [  47% ] 00120/00230 VUs  07.0s/15s  230.00 iters/s

running (08.0s), 00071/00230 VUs, 1765 complete and 0 interrupted iterations
default   [  53% ] 00071/00230 VUs  08.0s/15s  230.00 iters/s

running (09.0s), 00115/00230 VUs, 1951 complete and 0 interrupted iterations
default   [  60% ] 00115/00230 VUs  09.0s/15s  230.00 iters/s

running (10.0s), 00066/00230 VUs, 2230 complete and 0 interrupted iterations
default   [  67% ] 00066/00230 VUs  10.0s/15s  230.00 iters/s

running (11.0s), 00110/00230 VUs, 2416 complete and 0 interrupted iterations
default   [  73% ] 00110/00230 VUs  11.0s/15s  230.00 iters/s

running (12.0s), 00061/00230 VUs, 2695 complete and 0 interrupted iterations
default   [  80% ] 00061/00230 VUs  12.0s/15s  230.00 iters/s

running (13.0s), 00105/00230 VUs, 2881 complete and 0 interrupted iterations
default   [  87% ] 00105/00230 VUs  13.0s/15s  230.00 iters/s

running (14.0s), 00056/00230 VUs, 3160 complete and 0 interrupted iterations
default   [  93% ] 00056/00230 VUs  14.0s/15s  230.00 iters/s

running (15.0s), 00100/00230 VUs, 3346 complete and 0 interrupted iterations
default   [ 100% ] 00100/00230 VUs  15.0s/15s  230.00 iters/s


  █ TOTAL RESULTS 

    CUSTOM
    online_boutique_application_errors...: 0.00%  0 out of 3346

    HTTP
    http_req_duration....................: avg=377.86ms min=177.8ms  med=378.3ms  max=579.54ms p(90)=532.59ms p(95)=551.47ms
      { expected_response:true }.........: avg=377.86ms min=177.8ms  med=378.3ms  max=579.54ms p(90)=532.59ms p(95)=551.47ms
    http_req_failed......................: 0.00%  0 out of 3346
    http_reqs............................: 3346   223.0361/s

    EXECUTION
    iteration_duration...................: avg=378.09ms min=177.98ms med=378.52ms max=579.79ms p(90)=532.82ms p(95)=551.67ms
    iterations...........................: 3346   223.0361/s
    vus..................................: 100    min=56        max=133
    vus_max..............................: 230    min=230       max=230

    NETWORK
    data_received........................: 6.5 MB 433 kB/s
    data_sent............................: 827 kB 55 kB/s




running (15.0s), 00000/00230 VUs, 3346 complete and 105 interrupted iterations
default ✓ [ 100% ] 00105/00230 VUs  15s  230.00 iters/s
