
         /\      Grafana   /‾‾/  
    /\  /  \     |\  __   /  /   
   /  \/    \    | |/ /  /   ‾‾\ 
  /          \   |   (  |  (‾)  |
 / __________ \  |_|\_\  \_____/ 

     execution: local
        script: workflow/response/k6_open_client.js
        output: -

     scenarios: (100.00%) 1 scenario, 10000 max VUs, 15s max duration (incl. graceful stop):
              * default: 2748.00 iterations/s for 15s (maxVUs: 2748-10000)


running (00.9s), 00006/02748 VUs, 2487 complete and 0 interrupted iterations
default   [   6% ] 00006/02748 VUs  00.9s/15s  2748.00 iters/s

running (01.9s), 00008/02748 VUs, 5233 complete and 0 interrupted iterations
default   [  13% ] 00008/02748 VUs  01.9s/15s  2748.00 iters/s

running (02.9s), 00003/02748 VUs, 7986 complete and 0 interrupted iterations
default   [  19% ] 00003/02748 VUs  02.9s/15s  2748.00 iters/s

running (03.9s), 00003/02748 VUs, 10734 complete and 0 interrupted iterations
default   [  26% ] 00003/02748 VUs  03.9s/15s  2748.00 iters/s

running (04.9s), 00002/02748 VUs, 13483 complete and 0 interrupted iterations
default   [  33% ] 00002/02748 VUs  04.9s/15s  2748.00 iters/s

running (05.9s), 00003/02748 VUs, 16231 complete and 0 interrupted iterations
default   [  39% ] 00003/02748 VUs  05.9s/15s  2748.00 iters/s

running (06.9s), 00003/02748 VUs, 18978 complete and 0 interrupted iterations
default   [  46% ] 00003/02748 VUs  06.9s/15s  2748.00 iters/s

running (07.9s), 00002/02748 VUs, 21727 complete and 0 interrupted iterations
default   [  53% ] 00002/02748 VUs  07.9s/15s  2748.00 iters/s

running (08.9s), 00006/02748 VUs, 24473 complete and 0 interrupted iterations
default   [  59% ] 00006/02748 VUs  08.9s/15s  2748.00 iters/s

running (09.9s), 00006/02748 VUs, 27219 complete and 0 interrupted iterations
default   [  66% ] 00006/02748 VUs  09.9s/15s  2748.00 iters/s

running (10.9s), 00004/02748 VUs, 29969 complete and 0 interrupted iterations
default   [  73% ] 00004/02748 VUs  10.9s/15s  2748.00 iters/s

running (11.9s), 00003/02748 VUs, 32719 complete and 0 interrupted iterations
default   [  79% ] 00003/02748 VUs  11.9s/15s  2748.00 iters/s

running (12.9s), 00002/02748 VUs, 35467 complete and 0 interrupted iterations
default   [  86% ] 00002/02748 VUs  12.9s/15s  2748.00 iters/s

running (13.9s), 00003/02748 VUs, 38214 complete and 0 interrupted iterations
default   [  93% ] 00003/02748 VUs  13.9s/15s  2748.00 iters/s

running (14.9s), 00006/02748 VUs, 40959 complete and 0 interrupted iterations
default   [  99% ] 00006/02748 VUs  14.9s/15s  2748.00 iters/s


  █ TOTAL RESULTS 

    HTTP
    http_req_duration..............: avg=1.68ms min=503.79µs med=899.31µs max=42.68ms p(90)=2.38ms p(95)=3.13ms
      { expected_response:true }...: avg=1.68ms min=503.79µs med=899.31µs max=42.68ms p(90)=2.38ms p(95)=3.13ms
    http_req_failed................: 0.00%  0 out of 41221
    http_reqs......................: 41221  2747.223494/s

    EXECUTION
    iteration_duration.............: avg=1.77ms min=568.1µs  med=980.98µs max=42.8ms  p(90)=2.46ms p(95)=3.23ms
    iterations.....................: 41221  2747.223494/s
    vus............................: 6      min=2          max=8   
    vus_max........................: 2748   min=2748       max=2748

    NETWORK
    data_received..................: 8.4 MB 558 kB/s
    data_sent......................: 8.1 MB 538 kB/s




running (15.0s), 00000/02748 VUs, 41219 complete and 3 interrupted iterations
default ✓ [ 100% ] 00003/02748 VUs  15s  2748.00 iters/s
