
         /\      Grafana   /‾‾/  
    /\  /  \     |\  __   /  /   
   /  \/    \    | |/ /  /   ‾‾\ 
  /          \   |   (  |  (‾)  |
 / __________ \  |_|\_\  \_____/ 

     execution: local
        script: workflow/spin/k6_open_client.js
        output: -

     scenarios: (100.00%) 1 scenario, 10000 max VUs, 15s max duration (incl. graceful stop):
              * default: 1702.00 iterations/s for 15s (maxVUs: 1702-10000)


running (00.9s), 00111/01702 VUs, 1484 complete and 0 interrupted iterations
default   [   6% ] 00111/01702 VUs  00.9s/15s  1702.00 iters/s

running (01.9s), 00146/01702 VUs, 3151 complete and 0 interrupted iterations
default   [  13% ] 00146/01702 VUs  01.9s/15s  1702.00 iters/s

running (02.9s), 00087/01702 VUs, 4912 complete and 0 interrupted iterations
default   [  20% ] 00087/01702 VUs  02.9s/15s  1702.00 iters/s

running (03.9s), 00098/01702 VUs, 6602 complete and 0 interrupted iterations
default   [  26% ] 00098/01702 VUs  03.9s/15s  1702.00 iters/s

running (04.9s), 00136/01702 VUs, 8266 complete and 0 interrupted iterations
default   [  33% ] 00137/01702 VUs  04.9s/15s  1702.00 iters/s

running (05.9s), 00106/01702 VUs, 10000 complete and 0 interrupted iterations
default   [  40% ] 00106/01702 VUs  05.9s/15s  1702.00 iters/s

running (06.9s), 00086/01702 VUs, 11719 complete and 0 interrupted iterations
default   [  46% ] 00086/01702 VUs  06.9s/15s  1702.00 iters/s

running (07.9s), 00125/01702 VUs, 13384 complete and 0 interrupted iterations
default   [  53% ] 00125/01702 VUs  07.9s/15s  1702.00 iters/s

running (08.9s), 00093/01702 VUs, 15116 complete and 0 interrupted iterations
default   [  60% ] 00094/01702 VUs  08.9s/15s  1702.00 iters/s

running (09.9s), 00111/01702 VUs, 16802 complete and 0 interrupted iterations
default   [  66% ] 00111/01702 VUs  09.9s/15s  1702.00 iters/s

running (10.9s), 00127/01702 VUs, 18488 complete and 0 interrupted iterations
default   [  73% ] 00128/01702 VUs  10.9s/15s  1702.00 iters/s

running (11.9s), 00088/01702 VUs, 20229 complete and 0 interrupted iterations
default   [  80% ] 00088/01702 VUs  11.9s/15s  1702.00 iters/s

running (12.9s), 00123/01702 VUs, 21895 complete and 0 interrupted iterations
default   [  86% ] 00123/01702 VUs  12.9s/15s  1702.00 iters/s

running (13.9s), 00077/01702 VUs, 23643 complete and 0 interrupted iterations
default   [  93% ] 00077/01702 VUs  13.9s/15s  1702.00 iters/s

running (14.9s), 00121/01702 VUs, 25301 complete and 0 interrupted iterations
default   [ 100% ] 00122/01702 VUs  14.9s/15s  1702.00 iters/s


  █ TOTAL RESULTS 

    HTTP
    http_req_duration..............: avg=63.12ms min=34.5ms  med=63.05ms max=102.13ms p(90)=80.94ms p(95)=83.95ms
      { expected_response:true }...: avg=63.12ms min=34.5ms  med=63.05ms max=102.13ms p(90)=80.94ms p(95)=83.95ms
    http_req_failed................: 0.00%  0 out of 25456
    http_reqs......................: 25456  1696.699876/s

    EXECUTION
    iteration_duration.............: avg=63.21ms min=34.57ms med=63.14ms max=102.23ms p(90)=81.01ms p(95)=84.05ms
    iterations.....................: 25456  1696.699876/s
    vus............................: 122    min=78         max=146 
    vus_max........................: 1702   min=1702       max=1702

    NETWORK
    data_received..................: 5.2 MB 344 kB/s
    data_sent......................: 4.9 MB 327 kB/s




running (15.0s), 00000/01702 VUs, 25456 complete and 76 interrupted iterations
default ✓ [ 100% ] 00076/01702 VUs  15s  1702.00 iters/s
