
         /\      Grafana   /‾‾/  
    /\  /  \     |\  __   /  /   
   /  \/    \    | |/ /  /   ‾‾\ 
  /          \   |   (  |  (‾)  |
 / __________ \  |_|\_\  \_____/ 

     execution: local
        script: workflow/spin/k6_open_client.js
        output: -

     scenarios: (100.00%) 1 scenario, 10000 max VUs, 15s max duration (incl. graceful stop):
              * default: 4363.00 iterations/s for 15s (maxVUs: 4363-10000)


running (00.9s), 00332/04363 VUs, 3409 complete and 0 interrupted iterations
default   [   6% ] 00332/04363 VUs  00.9s/15s  4363.00 iters/s

running (01.9s), 00300/04363 VUs, 7808 complete and 0 interrupted iterations
default   [  12% ] 00300/04363 VUs  01.9s/15s  4363.00 iters/s

running (02.9s), 00346/04363 VUs, 12121 complete and 0 interrupted iterations
default   [  19% ] 00346/04363 VUs  02.9s/15s  4363.00 iters/s

running (03.9s), 00252/04363 VUs, 16579 complete and 0 interrupted iterations
default   [  26% ] 00252/04363 VUs  03.9s/15s  4363.00 iters/s

running (04.9s), 00262/04363 VUs, 20932 complete and 0 interrupted iterations
default   [  32% ] 00262/04363 VUs  04.9s/15s  4363.00 iters/s

running (05.9s), 00277/04363 VUs, 25283 complete and 0 interrupted iterations
default   [  39% ] 00277/04363 VUs  05.9s/15s  4363.00 iters/s

running (06.9s), 00242/04363 VUs, 29678 complete and 0 interrupted iterations
default   [  46% ] 00242/04363 VUs  06.9s/15s  4363.00 iters/s

running (07.9s), 00278/04363 VUs, 34009 complete and 0 interrupted iterations
default   [  52% ] 00277/04363 VUs  07.9s/15s  4363.00 iters/s

running (08.9s), 00283/04363 VUs, 38363 complete and 0 interrupted iterations
default   [  59% ] 00283/04363 VUs  08.9s/15s  4363.00 iters/s

running (09.9s), 00279/04363 VUs, 42730 complete and 0 interrupted iterations
default   [  66% ] 00279/04363 VUs  09.9s/15s  4363.00 iters/s

running (10.9s), 00289/04363 VUs, 47083 complete and 0 interrupted iterations
default   [  72% ] 00289/04363 VUs  10.9s/15s  4363.00 iters/s

running (11.9s), 00244/04363 VUs, 51490 complete and 0 interrupted iterations
default   [  79% ] 00244/04363 VUs  11.9s/15s  4363.00 iters/s

running (12.9s), 00282/04363 VUs, 55816 complete and 0 interrupted iterations
default   [  86% ] 00281/04363 VUs  12.9s/15s  4363.00 iters/s

running (13.9s), 00265/04363 VUs, 60194 complete and 0 interrupted iterations
default   [  92% ] 00265/04363 VUs  13.9s/15s  4363.00 iters/s

running (14.9s), 00295/04363 VUs, 64526 complete and 0 interrupted iterations
default   [  99% ] 00296/04363 VUs  14.9s/15s  4363.00 iters/s


  █ TOTAL RESULTS 

    HTTP
    http_req_duration..............: avg=65.87ms min=42.1ms  med=64.04ms max=138.36ms p(90)=78.39ms p(95)=83.53ms
      { expected_response:true }...: avg=65.87ms min=42.1ms  med=64.04ms max=138.36ms p(90)=78.39ms p(95)=83.53ms
    http_req_failed................: 0.00% 0 out of 65161
    http_reqs......................: 65161 4341.947407/s

    EXECUTION
    iteration_duration.............: avg=65.98ms min=42.16ms med=64.13ms max=138.63ms p(90)=78.53ms p(95)=83.7ms 
    iterations.....................: 65161 4341.947407/s
    vus............................: 299   min=241        max=347 
    vus_max........................: 4363  min=4363       max=4363

    NETWORK
    data_received..................: 13 MB 881 kB/s
    data_sent......................: 13 MB 837 kB/s




running (15.0s), 00000/04363 VUs, 65157 complete and 289 interrupted iterations
default ✓ [ 100% ] 00289/04363 VUs  15s  4363.00 iters/s
