
         /\      Grafana   /‾‾/  
    /\  /  \     |\  __   /  /   
   /  \/    \    | |/ /  /   ‾‾\ 
  /          \   |   (  |  (‾)  |
 / __________ \  |_|\_\  \_____/ 

     execution: local
        script: workflow/spin/k6_open_client.js
        output: -

     scenarios: (100.00%) 1 scenario, 10000 max VUs, 15s max duration (incl. graceful stop):
              * default: 1453.00 iterations/s for 15s (maxVUs: 1453-10000)


running (00.9s), 00129/01453 VUs, 1242 complete and 0 interrupted iterations
default   [   6% ] 00129/01453 VUs  00.9s/15s  1453.00 iters/s

running (01.9s), 00124/01453 VUs, 2700 complete and 0 interrupted iterations
default   [  13% ] 00124/01453 VUs  01.9s/15s  1453.00 iters/s

running (02.9s), 00105/01453 VUs, 4172 complete and 0 interrupted iterations
default   [  20% ] 00105/01453 VUs  02.9s/15s  1453.00 iters/s

running (03.9s), 00124/01453 VUs, 5606 complete and 0 interrupted iterations
default   [  26% ] 00124/01453 VUs  03.9s/15s  1453.00 iters/s

running (04.9s), 00116/01453 VUs, 7066 complete and 0 interrupted iterations
default   [  33% ] 00116/01453 VUs  04.9s/15s  1453.00 iters/s

running (05.9s), 00156/01453 VUs, 8480 complete and 0 interrupted iterations
default   [  40% ] 00156/01453 VUs  05.9s/15s  1453.00 iters/s

running (06.9s), 00177/01453 VUs, 9912 complete and 0 interrupted iterations
default   [  46% ] 00177/01453 VUs  06.9s/15s  1453.00 iters/s

running (07.9s), 00166/01453 VUs, 11374 complete and 0 interrupted iterations
default   [  53% ] 00166/01453 VUs  07.9s/15s  1453.00 iters/s

running (08.9s), 00156/01453 VUs, 12839 complete and 0 interrupted iterations
default   [  60% ] 00156/01453 VUs  08.9s/15s  1453.00 iters/s

running (09.9s), 00183/01453 VUs, 14265 complete and 0 interrupted iterations
default   [  66% ] 00183/01453 VUs  09.9s/15s  1453.00 iters/s

running (10.9s), 00163/01453 VUs, 15738 complete and 0 interrupted iterations
default   [  73% ] 00163/01453 VUs  10.9s/15s  1453.00 iters/s

running (11.9s), 00199/01453 VUs, 17156 complete and 0 interrupted iterations
default   [  80% ] 00199/01453 VUs  11.9s/15s  1453.00 iters/s

running (12.9s), 00221/01453 VUs, 18586 complete and 0 interrupted iterations
default   [  86% ] 00221/01453 VUs  12.9s/15s  1453.00 iters/s

running (13.9s), 00203/01453 VUs, 20058 complete and 0 interrupted iterations
default   [  93% ] 00203/01453 VUs  13.9s/15s  1453.00 iters/s

running (14.9s), 00232/01453 VUs, 21481 complete and 0 interrupted iterations
default   [ 100% ] 00232/01453 VUs  14.9s/15s  1453.00 iters/s


  █ TOTAL RESULTS 

    HTTP
    http_req_duration..............: avg=107.19ms min=53.87ms med=106.84ms max=173.58ms p(90)=141.42ms p(95)=150.77ms
      { expected_response:true }...: avg=107.19ms min=53.87ms med=106.84ms max=173.58ms p(90)=141.42ms p(95)=150.77ms
    http_req_failed................: 0.00%  0 out of 21576
    http_reqs......................: 21576  1438.052979/s

    EXECUTION
    iteration_duration.............: avg=107.28ms min=54.11ms med=106.91ms max=173.65ms p(90)=141.48ms p(95)=150.84ms
    iterations.....................: 21576  1438.052979/s
    vus............................: 232    min=104        max=232 
    vus_max........................: 1453   min=1453       max=1453

    NETWORK
    data_received..................: 4.4 MB 292 kB/s
    data_sent......................: 4.2 MB 279 kB/s




running (15.0s), 00000/01453 VUs, 21576 complete and 219 interrupted iterations
default ✓ [ 100% ] 00219/01453 VUs  15s  1453.00 iters/s
