
         /\      Grafana   /‾‾/  
    /\  /  \     |\  __   /  /   
   /  \/    \    | |/ /  /   ‾‾\ 
  /          \   |   (  |  (‾)  |
 / __________ \  |_|\_\  \_____/ 

     execution: local
        script: workflow/spin/k6_open_client.js
        output: -

     scenarios: (100.00%) 1 scenario, 10000 max VUs, 15s max duration (incl. graceful stop):
              * default: 3168.00 iterations/s for 15s (maxVUs: 3168-10000)


running (00.9s), 00284/03168 VUs, 2560 complete and 0 interrupted iterations
default   [   6% ] 00284/03168 VUs  00.9s/15s  3168.00 iters/s

running (01.9s), 00352/03168 VUs, 5660 complete and 0 interrupted iterations
default   [  13% ] 00352/03168 VUs  01.9s/15s  3168.00 iters/s

running (02.9s), 00290/03168 VUs, 8891 complete and 0 interrupted iterations
default   [  19% ] 00290/03168 VUs  02.9s/15s  3168.00 iters/s

running (03.9s), 00318/03168 VUs, 12032 complete and 0 interrupted iterations
default   [  26% ] 00318/03168 VUs  03.9s/15s  3168.00 iters/s

running (04.9s), 00284/03168 VUs, 15232 complete and 0 interrupted iterations
default   [  33% ] 00284/03168 VUs  04.9s/15s  3168.00 iters/s

running (05.9s), 00253/03168 VUs, 18432 complete and 0 interrupted iterations
default   [  39% ] 00253/03168 VUs  05.9s/15s  3168.00 iters/s

running (06.9s), 00222/03168 VUs, 21632 complete and 0 interrupted iterations
default   [  46% ] 00222/03168 VUs  06.9s/15s  3168.00 iters/s

running (07.9s), 00240/03168 VUs, 24781 complete and 0 interrupted iterations
default   [  53% ] 00240/03168 VUs  07.9s/15s  3168.00 iters/s

running (08.9s), 00304/03168 VUs, 27888 complete and 0 interrupted iterations
default   [  59% ] 00304/03168 VUs  08.9s/15s  3168.00 iters/s

running (09.9s), 00271/03168 VUs, 31088 complete and 0 interrupted iterations
default   [  66% ] 00271/03168 VUs  09.9s/15s  3168.00 iters/s

running (10.9s), 00238/03168 VUs, 34288 complete and 0 interrupted iterations
default   [  73% ] 00238/03168 VUs  10.9s/15s  3168.00 iters/s

running (11.9s), 00220/03168 VUs, 37475 complete and 0 interrupted iterations
default   [  79% ] 00220/03168 VUs  11.9s/15s  3168.00 iters/s

running (12.9s), 00293/03168 VUs, 40568 complete and 0 interrupted iterations
default   [  86% ] 00293/03168 VUs  12.9s/15s  3168.00 iters/s

running (13.9s), 00335/03168 VUs, 43694 complete and 0 interrupted iterations
default   [  93% ] 00335/03168 VUs  13.9s/15s  3168.00 iters/s

running (14.9s), 00237/03168 VUs, 46960 complete and 0 interrupted iterations
default   [  99% ] 00237/03168 VUs  14.9s/15s  3168.00 iters/s


  █ TOTAL RESULTS 

    HTTP
    http_req_duration..............: avg=86.9ms min=56.12ms med=86.35ms max=123.71ms p(90)=104.13ms p(95)=109.02ms
      { expected_response:true }...: avg=86.9ms min=56.12ms med=86.35ms max=123.71ms p(90)=104.13ms p(95)=109.02ms
    http_req_failed................: 0.00%  0 out of 47216
    http_reqs......................: 47216  3146.403556/s

    EXECUTION
    iteration_duration.............: avg=87ms   min=56.2ms  med=86.44ms max=123.81ms p(90)=104.25ms p(95)=109.16ms
    iterations.....................: 47216  3146.403556/s
    vus............................: 237    min=220        max=351 
    vus_max........................: 3168   min=3168       max=3168

    NETWORK
    data_received..................: 9.6 MB 639 kB/s
    data_sent......................: 9.1 MB 608 kB/s




running (15.0s), 00000/03168 VUs, 47216 complete and 306 interrupted iterations
default ✓ [ 100% ] 00306/03168 VUs  15s  3168.00 iters/s
