
         /\      Grafana   /‾‾/  
    /\  /  \     |\  __   /  /   
   /  \/    \    | |/ /  /   ‾‾\ 
  /          \   |   (  |  (‾)  |
 / __________ \  |_|\_\  \_____/ 

     execution: local
        script: workflow/online_boutique/k6_open_product_page.js
        output: -

     scenarios: (100.00%) 1 scenario, 10000 max VUs, 15s max duration (incl. graceful stop):
              * default: 521.00 iterations/s for 15s (maxVUs: 521-10000)


running (01.0s), 00103/00521 VUs, 401 complete and 0 interrupted iterations
default   [   6% ] 00103/00521 VUs  01.0s/15s  521.00 iters/s

running (02.0s), 00147/00521 VUs, 878 complete and 0 interrupted iterations
default   [  13% ] 00147/00521 VUs  02.0s/15s  521.00 iters/s

running (03.0s), 00110/00521 VUs, 1436 complete and 0 interrupted iterations
default   [  20% ] 00110/00521 VUs  03.0s/15s  521.00 iters/s

running (04.0s), 00155/00521 VUs, 1912 complete and 0 interrupted iterations
default   [  26% ] 00155/00521 VUs  04.0s/15s  521.00 iters/s

running (05.0s), 00119/00521 VUs, 2469 complete and 0 interrupted iterations
default   [  33% ] 00119/00521 VUs  05.0s/15s  521.00 iters/s

running (06.0s), 00116/00521 VUs, 2993 complete and 0 interrupted iterations
default   [  40% ] 00116/00521 VUs  06.0s/15s  521.00 iters/s

running (07.0s), 00125/00521 VUs, 3505 complete and 0 interrupted iterations
default   [  46% ] 00125/00521 VUs  07.0s/15s  521.00 iters/s

running (08.0s), 00091/00521 VUs, 4060 complete and 0 interrupted iterations
default   [  53% ] 00091/00521 VUs  08.0s/15s  521.00 iters/s

running (09.0s), 00133/00521 VUs, 4539 complete and 0 interrupted iterations
default   [  60% ] 00133/00521 VUs  09.0s/15s  521.00 iters/s

running (10.0s), 00096/00521 VUs, 5097 complete and 0 interrupted iterations
default   [  66% ] 00096/00521 VUs  10.0s/15s  521.00 iters/s

running (11.0s), 00139/00521 VUs, 5575 complete and 0 interrupted iterations
default   [  73% ] 00139/00521 VUs  11.0s/15s  521.00 iters/s

running (12.0s), 00102/00521 VUs, 6133 complete and 0 interrupted iterations
default   [  80% ] 00102/00521 VUs  12.0s/15s  521.00 iters/s

running (13.0s), 00144/00521 VUs, 6612 complete and 0 interrupted iterations
default   [  86% ] 00144/00521 VUs  13.0s/15s  521.00 iters/s

running (14.0s), 00108/00521 VUs, 7169 complete and 0 interrupted iterations
default   [  93% ] 00108/00521 VUs  14.0s/15s  521.00 iters/s

running (15.0s), 00152/00521 VUs, 7645 complete and 0 interrupted iterations
default   [ 100% ] 00153/00521 VUs  15.0s/15s  521.00 iters/s


  █ TOTAL RESULTS 

    CUSTOM
    online_boutique_application_errors........: 0.00%  0 out of 7725
    online_boutique_recommendation_winner_1...: 4623   308.155476/s
    online_boutique_recommendation_winner_3...: 3102   206.770125/s

    HTTP
    http_req_duration.........................: avg=235.67ms min=149.98ms med=235.65ms max=321.69ms p(90)=290.68ms p(95)=298.25ms
      { expected_response:true }..............: avg=235.67ms min=149.98ms med=235.65ms max=321.69ms p(90)=290.68ms p(95)=298.25ms
    http_req_failed...........................: 0.00%  0 out of 7725
    http_reqs.................................: 7725   514.925601/s

    EXECUTION
    iteration_duration........................: avg=235.89ms min=150.14ms med=235.83ms max=322.05ms p(90)=290.91ms p(95)=298.44ms
    iterations................................: 7725   514.925601/s
    vus.......................................: 153    min=91        max=155
    vus_max...................................: 521    min=521       max=521

    NETWORK
    data_received.............................: 14 MB  926 kB/s
    data_sent.................................: 2.2 MB 145 kB/s




running (15.0s), 00000/00521 VUs, 7725 complete and 90 interrupted iterations
default ✓ [ 100% ] 00090/00521 VUs  15s  521.00 iters/s
