
         /\      Grafana   /‾‾/  
    /\  /  \     |\  __   /  /   
   /  \/    \    | |/ /  /   ‾‾\ 
  /          \   |   (  |  (‾)  |
 / __________ \  |_|\_\  \_____/ 

     execution: local
        script: workflow/spin/k6_open_client.js
        output: -

     scenarios: (100.00%) 1 scenario, 10000 max VUs, 15s max duration (incl. graceful stop):
              * default: 2070.00 iterations/s for 15s (maxVUs: 2070-10000)


running (00.9s), 00078/02070 VUs, 1839 complete and 0 interrupted iterations
default   [   6% ] 00078/02070 VUs  00.9s/15s  2070.00 iters/s

running (01.9s), 00085/02070 VUs, 3903 complete and 0 interrupted iterations
default   [  13% ] 00085/02070 VUs  01.9s/15s  2070.00 iters/s

running (02.9s), 00071/02070 VUs, 5985 complete and 0 interrupted iterations
default   [  20% ] 00071/02070 VUs  02.9s/15s  2070.00 iters/s

running (03.9s), 00124/02070 VUs, 8004 complete and 0 interrupted iterations
default   [  26% ] 00125/02070 VUs  03.9s/15s  2070.00 iters/s

running (04.9s), 00132/02070 VUs, 10066 complete and 0 interrupted iterations
default   [  33% ] 00132/02070 VUs  04.9s/15s  2070.00 iters/s

running (05.9s), 00064/02070 VUs, 12205 complete and 0 interrupted iterations
default   [  40% ] 00064/02070 VUs  05.9s/15s  2070.00 iters/s

running (06.9s), 00089/02070 VUs, 14250 complete and 0 interrupted iterations
default   [  46% ] 00089/02070 VUs  06.9s/15s  2070.00 iters/s

running (07.9s), 00091/02070 VUs, 16318 complete and 0 interrupted iterations
default   [  53% ] 00091/02070 VUs  07.9s/15s  2070.00 iters/s

running (08.9s), 00099/02070 VUs, 18379 complete and 0 interrupted iterations
default   [  60% ] 00099/02070 VUs  08.9s/15s  2070.00 iters/s

running (09.9s), 00055/02070 VUs, 20493 complete and 0 interrupted iterations
default   [  66% ] 00056/02070 VUs  09.9s/15s  2070.00 iters/s

running (10.9s), 00083/02070 VUs, 22536 complete and 0 interrupted iterations
default   [  73% ] 00083/02070 VUs  10.9s/15s  2070.00 iters/s

running (11.9s), 00110/02070 VUs, 24579 complete and 0 interrupted iterations
default   [  80% ] 00110/02070 VUs  11.9s/15s  2070.00 iters/s

running (12.9s), 00076/02070 VUs, 26682 complete and 0 interrupted iterations
default   [  86% ] 00076/02070 VUs  12.9s/15s  2070.00 iters/s

running (13.9s), 00102/02070 VUs, 28728 complete and 0 interrupted iterations
default   [  93% ] 00102/02070 VUs  13.9s/15s  2070.00 iters/s

running (14.9s), 00108/02070 VUs, 30790 complete and 0 interrupted iterations
default   [ 100% ] 00107/02070 VUs  14.9s/15s  2070.00 iters/s


  █ TOTAL RESULTS 

    HTTP
    http_req_duration..............: avg=41.42ms min=22.75ms med=41.25ms max=81.43ms p(90)=52.08ms p(95)=54.55ms
      { expected_response:true }...: avg=41.42ms min=22.75ms med=41.25ms max=81.43ms p(90)=52.08ms p(95)=54.55ms
    http_req_failed................: 0.00%  0 out of 30983
    http_reqs......................: 30983  2065.088797/s

    EXECUTION
    iteration_duration.............: avg=41.51ms min=22.82ms med=41.33ms max=81.69ms p(90)=52.17ms p(95)=54.64ms
    iterations.....................: 30983  2065.088797/s
    vus............................: 108    min=57         max=133 
    vus_max........................: 2070   min=2070       max=2070

    NETWORK
    data_received..................: 6.3 MB 419 kB/s
    data_sent......................: 6.0 MB 397 kB/s




running (15.0s), 00000/02070 VUs, 30980 complete and 71 interrupted iterations
default ✓ [ 100% ] 00071/02070 VUs  15s  2070.00 iters/s
