
         /\      Grafana   /‾‾/  
    /\  /  \     |\  __   /  /   
   /  \/    \    | |/ /  /   ‾‾\ 
  /          \   |   (  |  (‾)  |
 / __________ \  |_|\_\  \_____/ 

     execution: local
        script: workflow/online_boutique/k6_open_view_cart.js
        output: -

     scenarios: (100.00%) 1 scenario, 10000 max VUs, 15s max duration (incl. graceful stop):
              * default: 67.00 iterations/s for 15s (maxVUs: 67-10000)


running (01.0s), 00010/00067 VUs, 57 complete and 0 interrupted iterations
default   [   7% ] 00010/00067 VUs  01.0s/15s  67.00 iters/s

running (02.0s), 00019/00067 VUs, 115 complete and 0 interrupted iterations
default   [  13% ] 00019/00067 VUs  02.0s/15s  67.00 iters/s

running (03.0s), 00028/00067 VUs, 173 complete and 0 interrupted iterations
default   [  20% ] 00028/00067 VUs  03.0s/15s  67.00 iters/s

running (04.0s), 00036/00067 VUs, 232 complete and 0 interrupted iterations
default   [  27% ] 00036/00067 VUs  04.0s/15s  67.00 iters/s

running (05.0s), 00045/00067 VUs, 290 complete and 0 interrupted iterations
default   [  33% ] 00045/00067 VUs  05.0s/15s  67.00 iters/s

running (06.0s), 00052/00067 VUs, 350 complete and 0 interrupted iterations
default   [  40% ] 00052/00067 VUs  06.0s/15s  67.00 iters/s

running (07.0s), 00061/00067 VUs, 408 complete and 0 interrupted iterations
default   [  47% ] 00061/00067 VUs  07.0s/15s  67.00 iters/s

running (08.0s), 00067/00069 VUs, 467 complete and 0 interrupted iterations
default   [  53% ] 00067/00069 VUs  08.0s/15s  67.00 iters/s

running (09.0s), 00071/00073 VUs, 526 complete and 0 interrupted iterations
default   [  60% ] 00071/00073 VUs  09.0s/15s  67.00 iters/s

running (10.0s), 00076/00076 VUs, 585 complete and 0 interrupted iterations
default   [  67% ] 00076/00076 VUs  10.0s/15s  67.00 iters/s

running (11.0s), 00079/00080 VUs, 645 complete and 0 interrupted iterations
default   [  73% ] 00079/00080 VUs  11.0s/15s  67.00 iters/s

running (12.0s), 00083/00083 VUs, 705 complete and 0 interrupted iterations
default   [  80% ] 00083/00083 VUs  12.0s/15s  67.00 iters/s

running (13.0s), 00086/00087 VUs, 765 complete and 0 interrupted iterations
default   [  87% ] 00086/00087 VUs  13.0s/15s  67.00 iters/s

running (14.0s), 00091/00091 VUs, 823 complete and 0 interrupted iterations
default   [  93% ] 00091/00091 VUs  14.0s/15s  67.00 iters/s

running (15.0s), 00095/00095 VUs, 882 complete and 0 interrupted iterations
default   [ 100% ] 00095/00095 VUs  15.0s/15s  67.00 iters/s


  █ TOTAL RESULTS 

    CUSTOM
    online_boutique_application_errors...: 0.00%  0 out of 883

    HTTP
    http_req_duration....................: avg=883.49ms min=19.48ms med=980.45ms max=1.5s p(90)=1.39s p(95)=1.45s
      { expected_response:true }.........: avg=883.49ms min=19.48ms med=980.45ms max=1.5s p(90)=1.39s p(95)=1.45s
    http_req_failed......................: 0.00%  0 out of 883
    http_reqs............................: 883    58.853917/s

    EXECUTION
    dropped_iterations...................: 28     1.866262/s
    iteration_duration...................: avg=883.79ms min=20.24ms med=980.68ms max=1.5s p(90)=1.39s p(95)=1.45s
    iterations...........................: 883    58.853917/s
    vus..................................: 95     min=10       max=95
    vus_max..............................: 95     min=67       max=95

    NETWORK
    data_received........................: 1.7 MB 115 kB/s
    data_sent............................: 234 kB 16 kB/s




running (15.0s), 00000/00095 VUs, 883 complete and 95 interrupted iterations
default ✓ [ 100% ] 00095/00095 VUs  15s  67.00 iters/s
