
         /\      Grafana   /‾‾/  
    /\  /  \     |\  __   /  /   
   /  \/    \    | |/ /  /   ‾‾\ 
  /          \   |   (  |  (‾)  |
 / __________ \  |_|\_\  \_____/ 

     execution: local
        script: workflow/hotel/k6_open_recommendations_client.js
        output: -

     scenarios: (100.00%) 1 scenario, 10000 max VUs, 15s max duration (incl. graceful stop):
              * default: 2489.00 iterations/s for 15s (maxVUs: 2489-10000)


running (00.9s), 00423/02489 VUs, 1825 complete and 0 interrupted iterations
default   [   6% ] 00423/02489 VUs  00.9s/15s  2489.00 iters/s

running (01.9s), 00455/02489 VUs, 4282 complete and 0 interrupted iterations
default   [  13% ] 00455/02489 VUs  01.9s/15s  2489.00 iters/s

running (02.9s), 00448/02489 VUs, 6778 complete and 0 interrupted iterations
default   [  19% ] 00448/02489 VUs  02.9s/15s  2489.00 iters/s

running (03.9s), 00378/02489 VUs, 9337 complete and 0 interrupted iterations
default   [  26% ] 00378/02489 VUs  03.9s/15s  2489.00 iters/s

running (04.9s), 00358/02489 VUs, 11845 complete and 0 interrupted iterations
default   [  33% ] 00358/02489 VUs  04.9s/15s  2489.00 iters/s

running (05.9s), 00416/02489 VUs, 14278 complete and 0 interrupted iterations
default   [  39% ] 00416/02489 VUs  05.9s/15s  2489.00 iters/s

running (06.9s), 00385/02489 VUs, 16797 complete and 0 interrupted iterations
default   [  46% ] 00385/02489 VUs  06.9s/15s  2489.00 iters/s

running (07.9s), 00421/02489 VUs, 19250 complete and 0 interrupted iterations
default   [  53% ] 00421/02489 VUs  07.9s/15s  2489.00 iters/s

running (08.9s), 00433/02489 VUs, 21727 complete and 0 interrupted iterations
default   [  59% ] 00433/02489 VUs  08.9s/15s  2489.00 iters/s

running (09.9s), 00464/02489 VUs, 24186 complete and 0 interrupted iterations
default   [  66% ] 00464/02489 VUs  09.9s/15s  2489.00 iters/s

running (10.9s), 00352/02489 VUs, 26786 complete and 0 interrupted iterations
default   [  73% ] 00352/02489 VUs  10.9s/15s  2489.00 iters/s

running (11.9s), 00303/02489 VUs, 29324 complete and 0 interrupted iterations
default   [  79% ] 00303/02489 VUs  11.9s/15s  2489.00 iters/s

running (12.9s), 00477/02489 VUs, 31639 complete and 0 interrupted iterations
default   [  86% ] 00477/02489 VUs  12.9s/15s  2489.00 iters/s

running (13.9s), 00346/02489 VUs, 34259 complete and 0 interrupted iterations
default   [  93% ] 00346/02489 VUs  13.9s/15s  2489.00 iters/s

running (14.9s), 00408/02489 VUs, 36687 complete and 0 interrupted iterations
default   [  99% ] 00408/02489 VUs  14.9s/15s  2489.00 iters/s


  █ TOTAL RESULTS 

    HTTP
    http_req_duration..............: avg=173.2ms  min=113.67ms med=171.62ms max=312.42ms p(90)=204.11ms p(95)=216.02ms
      { expected_response:true }...: avg=173.2ms  min=113.67ms med=171.62ms max=312.42ms p(90)=204.11ms p(95)=216.02ms
    http_req_failed................: 0.00% 0 out of 36951
    http_reqs......................: 36951 2462.425116/s

    EXECUTION
    iteration_duration.............: avg=173.32ms min=113.76ms med=171.73ms max=313.89ms p(90)=204.23ms p(95)=216.14ms
    iterations.....................: 36951 2462.425116/s
    vus............................: 408   min=302        max=476 
    vus_max........................: 2489  min=2489       max=2489

    NETWORK
    data_received..................: 22 MB 1.4 MB/s
    data_sent......................: 11 MB 709 kB/s




running (15.0s), 00000/02489 VUs, 36951 complete and 384 interrupted iterations
default ✓ [ 100% ] 00384/02489 VUs  15s  2489.00 iters/s
