
         /\      Grafana   /‾‾/  
    /\  /  \     |\  __   /  /   
   /  \/    \    | |/ /  /   ‾‾\ 
  /          \   |   (  |  (‾)  |
 / __________ \  |_|\_\  \_____/ 

     execution: local
        script: workflow/response/k6_open_client.js
        output: -

     scenarios: (100.00%) 1 scenario, 100000 max VUs, 15s max duration (incl. graceful stop):
              * default: 5955.00 iterations/s for 15s (maxVUs: 5955-100000)


running (00.8s), 000724/005955 VUs, 4122 complete and 0 interrupted iterations
default   [   5% ] 000724/005955 VUs  00.8s/15s  5955.00 iters/s

running (01.8s), 000434/005955 VUs, 10368 complete and 0 interrupted iterations
default   [  12% ] 000434/005955 VUs  01.8s/15s  5955.00 iters/s

running (02.8s), 000245/005955 VUs, 16511 complete and 0 interrupted iterations
default   [  19% ] 000246/005955 VUs  02.8s/15s  5955.00 iters/s

running (03.8s), 000242/005955 VUs, 22469 complete and 0 interrupted iterations
default   [  25% ] 000242/005955 VUs  03.8s/15s  5955.00 iters/s

running (04.8s), 000282/005955 VUs, 28385 complete and 0 interrupted iterations
default   [  32% ] 000282/005955 VUs  04.8s/15s  5955.00 iters/s

running (05.8s), 000327/005955 VUs, 34294 complete and 0 interrupted iterations
default   [  39% ] 000327/005955 VUs  05.8s/15s  5955.00 iters/s

running (06.8s), 000299/005955 VUs, 40278 complete and 0 interrupted iterations
default   [  45% ] 000299/005955 VUs  06.8s/15s  5955.00 iters/s

running (07.8s), 000316/005955 VUs, 46216 complete and 0 interrupted iterations
default   [  52% ] 000315/005955 VUs  07.8s/15s  5955.00 iters/s

running (08.8s), 000371/005955 VUs, 52116 complete and 0 interrupted iterations
default   [  59% ] 000371/005955 VUs  08.8s/15s  5955.00 iters/s

running (09.8s), 000288/005955 VUs, 58153 complete and 0 interrupted iterations
default   [  65% ] 000288/005955 VUs  09.8s/15s  5955.00 iters/s

running (10.8s), 000700/005955 VUs, 63697 complete and 0 interrupted iterations
default   [  72% ] 000700/005955 VUs  10.8s/15s  5955.00 iters/s

running (11.8s), 000483/005955 VUs, 69869 complete and 0 interrupted iterations
default   [  79% ] 000483/005955 VUs  11.8s/15s  5955.00 iters/s

running (12.8s), 000315/005955 VUs, 75991 complete and 0 interrupted iterations
default   [  85% ] 000315/005955 VUs  12.8s/15s  5955.00 iters/s

running (13.8s), 000263/005955 VUs, 82001 complete and 0 interrupted iterations
default   [  92% ] 000263/005955 VUs  13.8s/15s  5955.00 iters/s

running (14.8s), 000256/005955 VUs, 87960 complete and 0 interrupted iterations
default   [  99% ] 000256/005955 VUs  14.8s/15s  5955.00 iters/s


  █ TOTAL RESULTS 

    HTTP
    http_req_duration..............: avg=59.55ms min=35.82ms med=48.66ms max=188.21ms p(90)=101.25ms p(95)=112.65ms
      { expected_response:true }...: avg=59.55ms min=35.82ms med=48.66ms max=188.21ms p(90)=101.25ms p(95)=112.65ms
    http_req_failed................: 0.00% 0 out of 89044
    http_reqs......................: 89044 5931.830253/s

    EXECUTION
    iteration_duration.............: avg=59.65ms min=35.88ms med=48.74ms max=188.43ms p(90)=101.38ms p(95)=112.85ms
    iterations.....................: 89044 5931.830253/s
    vus............................: 257   min=243        max=724 
    vus_max........................: 5955  min=5955       max=5955

    NETWORK
    data_received..................: 18 MB 1.2 MB/s
    data_sent......................: 18 MB 1.2 MB/s




running (15.0s), 000000/005955 VUs, 89041 complete and 284 interrupted iterations
default ✓ [ 100% ] 000284/005955 VUs  15s  5955.00 iters/s
