
         /\      Grafana   /‾‾/  
    /\  /  \     |\  __   /  /   
   /  \/    \    | |/ /  /   ‾‾\ 
  /          \   |   (  |  (‾)  |
 / __________ \  |_|\_\  \_____/ 

     execution: local
        script: workflow/spin/k6_open_client.js
        output: -

     scenarios: (100.00%) 1 scenario, 10000 max VUs, 15s max duration (incl. graceful stop):
              * default: 447.00 iterations/s for 15s (maxVUs: 447-10000)


running (01.0s), 00019/00447 VUs, 417 complete and 0 interrupted iterations
default   [   6% ] 00019/00447 VUs  01.0s/15s  447.00 iters/s

running (02.0s), 00015/00447 VUs, 868 complete and 0 interrupted iterations
default   [  13% ] 00015/00447 VUs  02.0s/15s  447.00 iters/s

running (03.0s), 00013/00447 VUs, 1317 complete and 0 interrupted iterations
default   [  20% ] 00013/00447 VUs  03.0s/15s  447.00 iters/s

running (04.0s), 00015/00447 VUs, 1762 complete and 0 interrupted iterations
default   [  26% ] 00015/00447 VUs  04.0s/15s  447.00 iters/s

running (05.0s), 00015/00447 VUs, 2209 complete and 0 interrupted iterations
default   [  33% ] 00015/00447 VUs  05.0s/15s  447.00 iters/s

running (06.0s), 00013/00447 VUs, 2658 complete and 0 interrupted iterations
default   [  40% ] 00013/00447 VUs  06.0s/15s  447.00 iters/s

running (07.0s), 00007/00447 VUs, 3111 complete and 0 interrupted iterations
default   [  46% ] 00007/00447 VUs  07.0s/15s  447.00 iters/s

running (08.0s), 00007/00447 VUs, 3558 complete and 0 interrupted iterations
default   [  53% ] 00007/00447 VUs  08.0s/15s  447.00 iters/s

running (09.0s), 00007/00447 VUs, 4005 complete and 0 interrupted iterations
default   [  60% ] 00007/00447 VUs  09.0s/15s  447.00 iters/s

running (10.0s), 00010/00447 VUs, 4449 complete and 0 interrupted iterations
default   [  67% ] 00010/00447 VUs  10.0s/15s  447.00 iters/s

running (11.0s), 00008/00447 VUs, 4898 complete and 0 interrupted iterations
default   [  73% ] 00008/00447 VUs  11.0s/15s  447.00 iters/s

running (12.0s), 00009/00447 VUs, 5344 complete and 0 interrupted iterations
default   [  80% ] 00009/00447 VUs  12.0s/15s  447.00 iters/s

running (13.0s), 00011/00447 VUs, 5789 complete and 0 interrupted iterations
default   [  86% ] 00011/00447 VUs  13.0s/15s  447.00 iters/s

running (14.0s), 00016/00447 VUs, 6231 complete and 0 interrupted iterations
default   [  93% ] 00016/00447 VUs  14.0s/15s  447.00 iters/s

running (15.0s), 00016/00447 VUs, 6678 complete and 0 interrupted iterations
default   [ 100% ] 00016/00447 VUs  15.0s/15s  447.00 iters/s


  █ TOTAL RESULTS 

    HTTP
    http_req_duration..............: avg=27.78ms min=11.18ms med=27.85ms max=48.36ms p(90)=39.94ms p(95)=41.33ms
      { expected_response:true }...: avg=27.78ms min=11.18ms med=27.85ms max=48.36ms p(90)=39.94ms p(95)=41.33ms
    http_req_failed................: 0.00%  0 out of 6692
    http_reqs......................: 6692   446.081524/s

    EXECUTION
    iteration_duration.............: avg=27.87ms min=11.24ms med=27.92ms max=48.42ms p(90)=40.02ms p(95)=41.42ms
    iterations.....................: 6692   446.081524/s
    vus............................: 16     min=7         max=19 
    vus_max........................: 447    min=447       max=447

    NETWORK
    data_received..................: 1.3 MB 90 kB/s
    data_sent......................: 1.3 MB 86 kB/s




running (15.0s), 00000/00447 VUs, 6692 complete and 13 interrupted iterations
default ✓ [ 100% ] 00013/00447 VUs  15s  447.00 iters/s
