
         /\      Grafana   /‾‾/  
    /\  /  \     |\  __   /  /   
   /  \/    \    | |/ /  /   ‾‾\ 
  /          \   |   (  |  (‾)  |
 / __________ \  |_|\_\  \_____/ 

     execution: local
        script: workflow/spin/k6_open_client.js
        output: -

     scenarios: (100.00%) 1 scenario, 10000 max VUs, 15s max duration (incl. graceful stop):
              * default: 1468.00 iterations/s for 15s (maxVUs: 1468-10000)


running (00.9s), 00140/01468 VUs, 1248 complete and 0 interrupted iterations
default   [   6% ] 00140/01468 VUs  00.9s/15s  1468.00 iters/s

running (01.9s), 00168/01468 VUs, 2688 complete and 0 interrupted iterations
default   [  13% ] 00168/01468 VUs  01.9s/15s  1468.00 iters/s

running (03.0s), 00194/01468 VUs, 4122 complete and 0 interrupted iterations
default   [  20% ] 00194/01468 VUs  02.9s/15s  1468.00 iters/s

running (03.9s), 00197/01468 VUs, 5596 complete and 0 interrupted iterations
default   [  26% ] 00197/01468 VUs  03.9s/15s  1468.00 iters/s

running (04.9s), 00242/01468 VUs, 7018 complete and 0 interrupted iterations
default   [  33% ] 00241/01468 VUs  04.9s/15s  1468.00 iters/s

running (05.9s), 00254/01468 VUs, 8475 complete and 0 interrupted iterations
default   [  40% ] 00254/01468 VUs  05.9s/15s  1468.00 iters/s

running (06.9s), 00291/01468 VUs, 9904 complete and 0 interrupted iterations
default   [  46% ] 00291/01468 VUs  06.9s/15s  1468.00 iters/s

running (07.9s), 00331/01468 VUs, 11333 complete and 0 interrupted iterations
default   [  53% ] 00331/01468 VUs  07.9s/15s  1468.00 iters/s

running (08.9s), 00383/01468 VUs, 12749 complete and 0 interrupted iterations
default   [  60% ] 00383/01468 VUs  08.9s/15s  1468.00 iters/s

running (09.9s), 00406/01468 VUs, 14195 complete and 0 interrupted iterations
default   [  66% ] 00406/01468 VUs  09.9s/15s  1468.00 iters/s

running (10.9s), 00424/01468 VUs, 15643 complete and 0 interrupted iterations
default   [  73% ] 00424/01468 VUs  10.9s/15s  1468.00 iters/s

running (11.9s), 00464/01468 VUs, 17072 complete and 0 interrupted iterations
default   [  80% ] 00464/01468 VUs  11.9s/15s  1468.00 iters/s

running (12.9s), 00501/01468 VUs, 18504 complete and 0 interrupted iterations
default   [  86% ] 00501/01468 VUs  12.9s/15s  1468.00 iters/s

running (13.9s), 00523/01468 VUs, 19949 complete and 0 interrupted iterations
default   [  93% ] 00523/01468 VUs  13.9s/15s  1468.00 iters/s

running (14.9s), 00557/01468 VUs, 21383 complete and 0 interrupted iterations
default   [ 100% ] 00557/01468 VUs  14.9s/15s  1468.00 iters/s


  █ TOTAL RESULTS 

    HTTP
    http_req_duration..............: avg=220.24ms min=56.4ms  med=209.42ms max=398.78ms p(90)=354.89ms p(95)=368.23ms
      { expected_response:true }...: avg=220.24ms min=56.4ms  med=209.42ms max=398.78ms p(90)=354.89ms p(95)=368.23ms
    http_req_failed................: 0.00%  0 out of 21465
    http_reqs......................: 21465  1430.482538/s

    EXECUTION
    iteration_duration.............: avg=220.33ms min=56.62ms med=209.5ms  max=398.87ms p(90)=354.97ms p(95)=368.3ms 
    iterations.....................: 21465  1430.482538/s
    vus............................: 557    min=140        max=557 
    vus_max........................: 1468   min=1468       max=1468

    NETWORK
    data_received..................: 4.4 MB 290 kB/s
    data_sent......................: 4.2 MB 282 kB/s




running (15.0s), 00000/01468 VUs, 21459 complete and 562 interrupted iterations
default ✓ [ 100% ] 00562/01468 VUs  15s  1468.00 iters/s
