
         /\      Grafana   /‾‾/  
    /\  /  \     |\  __   /  /   
   /  \/    \    | |/ /  /   ‾‾\ 
  /          \   |   (  |  (‾)  |
 / __________ \  |_|\_\  \_____/ 

     execution: local
        script: workflow/spin/k6_open_client.js
        output: -

     scenarios: (100.00%) 1 scenario, 10000 max VUs, 15s max duration (incl. graceful stop):
              * default: 600.00 iterations/s for 15s (maxVUs: 600-10000)


running (01.0s), 00032/00600 VUs, 550 complete and 0 interrupted iterations
default   [   6% ] 00033/00600 VUs  01.0s/15s  600.00 iters/s

running (02.0s), 00035/00600 VUs, 1147 complete and 0 interrupted iterations
default   [  13% ] 00035/00600 VUs  02.0s/15s  600.00 iters/s

running (03.0s), 00038/00600 VUs, 1744 complete and 0 interrupted iterations
default   [  20% ] 00038/00600 VUs  03.0s/15s  600.00 iters/s

running (04.0s), 00025/00600 VUs, 2358 complete and 0 interrupted iterations
default   [  26% ] 00025/00600 VUs  04.0s/15s  600.00 iters/s

running (05.0s), 00011/00600 VUs, 2971 complete and 0 interrupted iterations
default   [  33% ] 00011/00600 VUs  05.0s/15s  600.00 iters/s

running (06.0s), 00026/00600 VUs, 3557 complete and 0 interrupted iterations
default   [  40% ] 00025/00600 VUs  06.0s/15s  600.00 iters/s

running (07.0s), 00015/00600 VUs, 4168 complete and 0 interrupted iterations
default   [  46% ] 00015/00600 VUs  07.0s/15s  600.00 iters/s

running (08.0s), 00010/00600 VUs, 4772 complete and 0 interrupted iterations
default   [  53% ] 00010/00600 VUs  08.0s/15s  600.00 iters/s

running (09.0s), 00015/00600 VUs, 5368 complete and 0 interrupted iterations
default   [  60% ] 00015/00600 VUs  09.0s/15s  600.00 iters/s

running (10.0s), 00012/00600 VUs, 5970 complete and 0 interrupted iterations
default   [  66% ] 00012/00600 VUs  10.0s/15s  600.00 iters/s

running (11.0s), 00019/00600 VUs, 6564 complete and 0 interrupted iterations
default   [  73% ] 00019/00600 VUs  11.0s/15s  600.00 iters/s

running (12.0s), 00019/00600 VUs, 7164 complete and 0 interrupted iterations
default   [  80% ] 00019/00600 VUs  12.0s/15s  600.00 iters/s

running (13.0s), 00020/00600 VUs, 7762 complete and 0 interrupted iterations
default   [  86% ] 00021/00600 VUs  13.0s/15s  600.00 iters/s

running (14.0s), 00023/00600 VUs, 8360 complete and 0 interrupted iterations
default   [  93% ] 00023/00600 VUs  14.0s/15s  600.00 iters/s

running (15.0s), 00023/00600 VUs, 8960 complete and 0 interrupted iterations
default   [ 100% ] 00023/00600 VUs  15.0s/15s  600.00 iters/s


  █ TOTAL RESULTS 

    HTTP
    http_req_duration..............: avg=42.64ms min=15.61ms med=42.64ms max=77.62ms p(90)=62.24ms p(95)=64.67ms
      { expected_response:true }...: avg=42.64ms min=15.61ms med=42.64ms max=77.62ms p(90)=62.24ms p(95)=64.67ms
    http_req_failed................: 0.00%  0 out of 8961
    http_reqs......................: 8961   597.340164/s

    EXECUTION
    iteration_duration.............: avg=42.73ms min=15.68ms med=42.73ms max=77.69ms p(90)=62.33ms p(95)=64.75ms
    iterations.....................: 8961   597.340164/s
    vus............................: 23     min=10        max=39 
    vus_max........................: 600    min=600       max=600

    NETWORK
    data_received..................: 1.8 MB 121 kB/s
    data_sent......................: 1.7 MB 115 kB/s




running (15.0s), 00000/00600 VUs, 8960 complete and 40 interrupted iterations
default ✓ [ 100% ] 00040/00600 VUs  15s  600.00 iters/s
