
         /\      Grafana   /‾‾/  
    /\  /  \     |\  __   /  /   
   /  \/    \    | |/ /  /   ‾‾\ 
  /          \   |   (  |  (‾)  |
 / __________ \  |_|\_\  \_____/ 

     execution: local
        script: workflow/write/k6_open_client.js
        output: -

     scenarios: (100.00%) 1 scenario, 10000 max VUs, 15s max duration (incl. graceful stop):
              * default: 2623.00 iterations/s for 15s (maxVUs: 2623-10000)


running (00.9s), 00086/02623 VUs, 2281 complete and 0 interrupted iterations
default   [   6% ] 00086/02623 VUs  00.9s/15s  2623.00 iters/s

running (01.9s), 00105/02623 VUs, 4884 complete and 0 interrupted iterations
default   [  13% ] 00104/02623 VUs  01.9s/15s  2623.00 iters/s

running (02.9s), 00084/02623 VUs, 7530 complete and 0 interrupted iterations
default   [  19% ] 00084/02623 VUs  02.9s/15s  2623.00 iters/s

running (03.9s), 00109/02623 VUs, 10126 complete and 0 interrupted iterations
default   [  26% ] 00109/02623 VUs  03.9s/15s  2623.00 iters/s

running (04.9s), 00106/02623 VUs, 12752 complete and 0 interrupted iterations
default   [  33% ] 00106/02623 VUs  04.9s/15s  2623.00 iters/s

running (05.9s), 00073/02623 VUs, 15410 complete and 0 interrupted iterations
default   [  39% ] 00073/02623 VUs  05.9s/15s  2623.00 iters/s

running (06.9s), 00114/02623 VUs, 17991 complete and 0 interrupted iterations
default   [  46% ] 00114/02623 VUs  06.9s/15s  2623.00 iters/s

running (07.9s), 00082/02623 VUs, 20646 complete and 0 interrupted iterations
default   [  53% ] 00082/02623 VUs  07.9s/15s  2623.00 iters/s

running (08.9s), 00121/02623 VUs, 23229 complete and 0 interrupted iterations
default   [  59% ] 00122/02623 VUs  08.9s/15s  2623.00 iters/s

running (09.9s), 00093/02623 VUs, 25883 complete and 0 interrupted iterations
default   [  66% ] 00093/02623 VUs  09.9s/15s  2623.00 iters/s

running (10.9s), 00070/02623 VUs, 28528 complete and 0 interrupted iterations
default   [  73% ] 00070/02623 VUs  10.9s/15s  2623.00 iters/s

running (11.9s), 00108/02623 VUs, 31111 complete and 0 interrupted iterations
default   [  79% ] 00108/02623 VUs  11.9s/15s  2623.00 iters/s

running (12.9s), 00075/02623 VUs, 33767 complete and 0 interrupted iterations
default   [  86% ] 00075/02623 VUs  12.9s/15s  2623.00 iters/s

running (13.9s), 00125/02623 VUs, 36342 complete and 0 interrupted iterations
default   [  93% ] 00125/02623 VUs  13.9s/15s  2623.00 iters/s

running (14.9s), 00099/02623 VUs, 38990 complete and 0 interrupted iterations
default   [  99% ] 00099/02623 VUs  14.9s/15s  2623.00 iters/s


  █ TOTAL RESULTS 

    HTTP
    http_req_duration..............: avg=38.42ms min=22.02ms med=38.38ms max=61.32ms p(90)=47.69ms p(95)=49.29ms
      { expected_response:true }...: avg=38.42ms min=22.02ms med=38.38ms max=61.32ms p(90)=47.69ms p(95)=49.29ms
    http_req_failed................: 0.00%  0 out of 39240
    http_reqs......................: 39240  2615.303827/s

    EXECUTION
    iteration_duration.............: avg=38.49ms min=24.05ms med=38.44ms max=61.38ms p(90)=47.77ms p(95)=49.37ms
    iterations.....................: 39240  2615.303827/s
    vus............................: 97     min=70         max=126 
    vus_max........................: 2623   min=2623       max=2623

    NETWORK
    data_received..................: 8.0 MB 531 kB/s
    data_sent......................: 3.9 MB 262 kB/s




running (15.0s), 00000/02623 VUs, 39240 complete and 103 interrupted iterations
default ✓ [ 100% ] 00103/02623 VUs  15s  2623.00 iters/s
