
         /\      Grafana   /‾‾/  
    /\  /  \     |\  __   /  /   
   /  \/    \    | |/ /  /   ‾‾\ 
  /          \   |   (  |  (‾)  |
 / __________ \  |_|\_\  \_____/ 

     execution: local
        script: workflow/spin/k6_open_client.js
        output: -

     scenarios: (100.00%) 1 scenario, 10000 max VUs, 15s max duration (incl. graceful stop):
              * default: 4800.00 iterations/s for 15s (maxVUs: 4800-10000)


running (00.9s), 00352/04800 VUs, 3734 complete and 0 interrupted iterations
default   [   6% ] 00352/04800 VUs  00.9s/15s  4800.00 iters/s

running (01.9s), 00481/04800 VUs, 8406 complete and 0 interrupted iterations
default   [  12% ] 00481/04800 VUs  01.9s/15s  4800.00 iters/s

running (02.9s), 00500/04800 VUs, 13189 complete and 0 interrupted iterations
default   [  19% ] 00500/04800 VUs  02.9s/15s  4800.00 iters/s

running (03.9s), 00449/04800 VUs, 18038 complete and 0 interrupted iterations
default   [  26% ] 00449/04800 VUs  03.9s/15s  4800.00 iters/s

running (04.9s), 00293/04800 VUs, 22993 complete and 0 interrupted iterations
default   [  32% ] 00293/04800 VUs  04.9s/15s  4800.00 iters/s

running (05.9s), 00424/04800 VUs, 27663 complete and 0 interrupted iterations
default   [  39% ] 00424/04800 VUs  05.9s/15s  4800.00 iters/s

running (06.9s), 00751/04800 VUs, 32136 complete and 0 interrupted iterations
default   [  46% ] 00751/04800 VUs  06.9s/15s  4800.00 iters/s

running (07.9s), 00884/04800 VUs, 36803 complete and 0 interrupted iterations
default   [  52% ] 00884/04800 VUs  07.9s/15s  4800.00 iters/s

running (08.9s), 01032/04800 VUs, 41454 complete and 0 interrupted iterations
default   [  59% ] 01032/04800 VUs  08.9s/15s  4800.00 iters/s

running (09.9s), 01101/04800 VUs, 46187 complete and 0 interrupted iterations
default   [  66% ] 01101/04800 VUs  09.9s/15s  4800.00 iters/s

running (10.9s), 01025/04800 VUs, 51061 complete and 0 interrupted iterations
default   [  72% ] 01025/04800 VUs  10.9s/15s  4800.00 iters/s

running (11.9s), 01009/04800 VUs, 55877 complete and 0 interrupted iterations
default   [  79% ] 01009/04800 VUs  11.9s/15s  4800.00 iters/s

running (12.9s), 01322/04800 VUs, 60367 complete and 0 interrupted iterations
default   [  86% ] 01322/04800 VUs  12.9s/15s  4800.00 iters/s

running (13.9s), 01386/04800 VUs, 65105 complete and 0 interrupted iterations
default   [  92% ] 01386/04800 VUs  13.9s/15s  4800.00 iters/s

running (14.9s), 01168/04800 VUs, 70115 complete and 0 interrupted iterations
default   [  99% ] 01169/04800 VUs  14.9s/15s  4800.00 iters/s


  █ TOTAL RESULTS 

    HTTP
    http_req_duration..............: avg=165.97ms min=4.65ms med=181.72ms max=474.64ms p(90)=278.7ms  p(95)=289.65ms
      { expected_response:true }...: avg=165.97ms min=4.65ms med=181.72ms max=474.64ms p(90)=278.7ms  p(95)=289.65ms
    http_req_failed................: 0.00% 0 out of 70850
    http_reqs......................: 70850 4718.986759/s

    EXECUTION
    iteration_duration.............: avg=166.09ms min=5.58ms med=181.81ms max=474.71ms p(90)=278.77ms p(95)=289.73ms
    iterations.....................: 70850 4718.986759/s
    vus............................: 1173  min=294        max=1386
    vus_max........................: 4800  min=4800       max=4800

    NETWORK
    data_received..................: 14 MB 958 kB/s
    data_sent......................: 14 MB 920 kB/s




running (15.0s), 00000/04800 VUs, 70818 complete and 1183 interrupted iterations
default ✓ [ 100% ] 01183/04800 VUs  15s  4800.00 iters/s
