
         /\      Grafana   /‾‾/  
    /\  /  \     |\  __   /  /   
   /  \/    \    | |/ /  /   ‾‾\ 
  /          \   |   (  |  (‾)  |
 / __________ \  |_|\_\  \_____/ 

     execution: local
        script: workflow/spin/k6_open_client.js
        output: -

     scenarios: (100.00%) 1 scenario, 10000 max VUs, 15s max duration (incl. graceful stop):
              * default: 1643.00 iterations/s for 15s (maxVUs: 1643-10000)


running (00.9s), 00205/01643 VUs, 1338 complete and 0 interrupted iterations
default   [   6% ] 00205/01643 VUs  00.9s/15s  1643.00 iters/s

running (01.9s), 00167/01643 VUs, 3020 complete and 0 interrupted iterations
default   [  13% ] 00167/01643 VUs  01.9s/15s  1643.00 iters/s

running (02.9s), 00123/01643 VUs, 4706 complete and 0 interrupted iterations
default   [  20% ] 00123/01643 VUs  02.9s/15s  1643.00 iters/s

running (03.9s), 00211/01643 VUs, 6261 complete and 0 interrupted iterations
default   [  26% ] 00211/01643 VUs  03.9s/15s  1643.00 iters/s

running (04.9s), 00154/01643 VUs, 7960 complete and 0 interrupted iterations
default   [  33% ] 00154/01643 VUs  04.9s/15s  1643.00 iters/s

running (05.9s), 00102/01643 VUs, 9657 complete and 0 interrupted iterations
default   [  40% ] 00102/01643 VUs  05.9s/15s  1643.00 iters/s

running (06.9s), 00187/01643 VUs, 11215 complete and 0 interrupted iterations
default   [  46% ] 00187/01643 VUs  06.9s/15s  1643.00 iters/s

running (07.9s), 00149/01643 VUs, 12894 complete and 0 interrupted iterations
default   [  53% ] 00149/01643 VUs  07.9s/15s  1643.00 iters/s

running (08.9s), 00108/01643 VUs, 14580 complete and 0 interrupted iterations
default   [  60% ] 00108/01643 VUs  08.9s/15s  1643.00 iters/s

running (09.9s), 00202/01643 VUs, 16129 complete and 0 interrupted iterations
default   [  66% ] 00202/01643 VUs  09.9s/15s  1643.00 iters/s

running (10.9s), 00166/01643 VUs, 17809 complete and 0 interrupted iterations
default   [  73% ] 00166/01643 VUs  10.9s/15s  1643.00 iters/s

running (11.9s), 00109/01643 VUs, 19507 complete and 0 interrupted iterations
default   [  80% ] 00109/01643 VUs  11.9s/15s  1643.00 iters/s

running (12.9s), 00202/01643 VUs, 21058 complete and 0 interrupted iterations
default   [  86% ] 00202/01643 VUs  12.9s/15s  1643.00 iters/s

running (13.9s), 00149/01643 VUs, 22755 complete and 0 interrupted iterations
default   [  93% ] 00149/01643 VUs  13.9s/15s  1643.00 iters/s

running (14.9s), 00104/01643 VUs, 24442 complete and 0 interrupted iterations
default   [ 100% ] 00104/01643 VUs  14.9s/15s  1643.00 iters/s


  █ TOTAL RESULTS 

    HTTP
    http_req_duration..............: avg=94.12ms min=53.36ms med=94.03ms max=142.21ms p(90)=120.12ms p(95)=123.63ms
      { expected_response:true }...: avg=94.12ms min=53.36ms med=94.03ms max=142.21ms p(90)=120.12ms p(95)=123.63ms
    http_req_failed................: 0.00%  0 out of 24455
    http_reqs......................: 24455  1629.954699/s

    EXECUTION
    iteration_duration.............: avg=94.21ms min=53.41ms med=94.1ms  max=142.3ms  p(90)=120.2ms  p(95)=123.75ms
    iterations.....................: 24455  1629.954699/s
    vus............................: 104    min=103        max=210 
    vus_max........................: 1643   min=1643       max=1643

    NETWORK
    data_received..................: 5.0 MB 331 kB/s
    data_sent......................: 4.7 MB 315 kB/s




running (15.0s), 00000/01643 VUs, 24452 complete and 193 interrupted iterations
default ✓ [ 100% ] 00193/01643 VUs  15s  1643.00 iters/s
