
         /\      Grafana   /‾‾/  
    /\  /  \     |\  __   /  /   
   /  \/    \    | |/ /  /   ‾‾\ 
  /          \   |   (  |  (‾)  |
 / __________ \  |_|\_\  \_____/ 

     execution: local
        script: workflow/spin/k6_open_client.js
        output: -

     scenarios: (100.00%) 1 scenario, 10000 max VUs, 15s max duration (incl. graceful stop):
              * default: 2300.00 iterations/s for 15s (maxVUs: 2300-10000)


running (00.9s), 00172/02300 VUs, 1941 complete and 0 interrupted iterations
default   [   6% ] 00172/02300 VUs  00.9s/15s  2300.00 iters/s

running (01.9s), 00103/02300 VUs, 4312 complete and 0 interrupted iterations
default   [  13% ] 00103/02300 VUs  01.9s/15s  2300.00 iters/s

running (02.9s), 00151/02300 VUs, 6565 complete and 0 interrupted iterations
default   [  19% ] 00151/02300 VUs  02.9s/15s  2300.00 iters/s

running (03.9s), 00194/02300 VUs, 8820 complete and 0 interrupted iterations
default   [  26% ] 00195/02300 VUs  03.9s/15s  2300.00 iters/s

running (04.9s), 00140/02300 VUs, 11177 complete and 0 interrupted iterations
default   [  33% ] 00140/02300 VUs  04.9s/15s  2300.00 iters/s

running (05.9s), 00149/02300 VUs, 13466 complete and 0 interrupted iterations
default   [  39% ] 00149/02300 VUs  05.9s/15s  2300.00 iters/s

running (06.9s), 00122/02300 VUs, 15792 complete and 0 interrupted iterations
default   [  46% ] 00123/02300 VUs  06.9s/15s  2300.00 iters/s

running (07.9s), 00184/02300 VUs, 18031 complete and 0 interrupted iterations
default   [  53% ] 00185/02300 VUs  07.9s/15s  2300.00 iters/s

running (08.9s), 00132/02300 VUs, 20381 complete and 0 interrupted iterations
default   [  59% ] 00132/02300 VUs  08.9s/15s  2300.00 iters/s

running (09.9s), 00176/02300 VUs, 22639 complete and 0 interrupted iterations
default   [  66% ] 00176/02300 VUs  09.9s/15s  2300.00 iters/s

running (10.9s), 00151/02300 VUs, 24965 complete and 0 interrupted iterations
default   [  73% ] 00151/02300 VUs  10.9s/15s  2300.00 iters/s

running (11.9s), 00172/02300 VUs, 27243 complete and 0 interrupted iterations
default   [  79% ] 00172/02300 VUs  11.9s/15s  2300.00 iters/s

running (12.9s), 00175/02300 VUs, 29540 complete and 0 interrupted iterations
default   [  86% ] 00175/02300 VUs  12.9s/15s  2300.00 iters/s

running (13.9s), 00181/02300 VUs, 31834 complete and 0 interrupted iterations
default   [  93% ] 00181/02300 VUs  13.9s/15s  2300.00 iters/s

running (14.9s), 00187/02300 VUs, 34128 complete and 0 interrupted iterations
default   [  99% ] 00187/02300 VUs  14.9s/15s  2300.00 iters/s


  █ TOTAL RESULTS 

    HTTP
    http_req_duration..............: avg=65.93ms min=38.56ms med=65.8ms  max=107.37ms p(90)=82.63ms p(95)=85.45ms
      { expected_response:true }...: avg=65.93ms min=38.56ms med=65.8ms  max=107.37ms p(90)=82.63ms p(95)=85.45ms
    http_req_failed................: 0.00%  0 out of 34320
    http_reqs......................: 34320  2287.305177/s

    EXECUTION
    iteration_duration.............: avg=66.03ms min=38.61ms med=65.88ms max=107.43ms p(90)=82.74ms p(95)=85.53ms
    iterations.....................: 34320  2287.305177/s
    vus............................: 186    min=104        max=194 
    vus_max........................: 2300   min=2300       max=2300

    NETWORK
    data_received..................: 7.0 MB 464 kB/s
    data_sent......................: 6.6 MB 441 kB/s




running (15.0s), 00000/02300 VUs, 34320 complete and 182 interrupted iterations
default ✓ [ 100% ] 00182/02300 VUs  15s  2300.00 iters/s
