
         /\      Grafana   /‾‾/  
    /\  /  \     |\  __   /  /   
   /  \/    \    | |/ /  /   ‾‾\ 
  /          \   |   (  |  (‾)  |
 / __________ \  |_|\_\  \_____/ 

     execution: local
        script: workflow/spin/k6_open_client.js
        output: -

     scenarios: (100.00%) 1 scenario, 10000 max VUs, 15s max duration (incl. graceful stop):
              * default: 3459.00 iterations/s for 15s (maxVUs: 3459-10000)


running (00.9s), 00175/03459 VUs, 2857 complete and 0 interrupted iterations
default   [   6% ] 00175/03459 VUs  00.9s/15s  3459.00 iters/s

running (01.9s), 00222/03459 VUs, 6269 complete and 0 interrupted iterations
default   [  13% ] 00222/03459 VUs  01.9s/15s  3459.00 iters/s

running (02.9s), 00199/03459 VUs, 9751 complete and 0 interrupted iterations
default   [  19% ] 00199/03459 VUs  02.9s/15s  3459.00 iters/s

running (03.9s), 00191/03459 VUs, 13221 complete and 0 interrupted iterations
default   [  26% ] 00191/03459 VUs  03.9s/15s  3459.00 iters/s

running (04.9s), 00240/03459 VUs, 16629 complete and 0 interrupted iterations
default   [  33% ] 00240/03459 VUs  04.9s/15s  3459.00 iters/s

running (05.9s), 00187/03459 VUs, 20139 complete and 0 interrupted iterations
default   [  39% ] 00187/03459 VUs  05.9s/15s  3459.00 iters/s

running (06.9s), 00185/03459 VUs, 23602 complete and 0 interrupted iterations
default   [  46% ] 00185/03459 VUs  06.9s/15s  3459.00 iters/s

running (07.9s), 00153/03459 VUs, 27091 complete and 0 interrupted iterations
default   [  53% ] 00153/03459 VUs  07.9s/15s  3459.00 iters/s

running (08.9s), 00177/03459 VUs, 30525 complete and 0 interrupted iterations
default   [  59% ] 00177/03459 VUs  08.9s/15s  3459.00 iters/s

running (09.9s), 00175/03459 VUs, 33989 complete and 0 interrupted iterations
default   [  66% ] 00175/03459 VUs  09.9s/15s  3459.00 iters/s

running (10.9s), 00178/03459 VUs, 37444 complete and 0 interrupted iterations
default   [  73% ] 00178/03459 VUs  10.9s/15s  3459.00 iters/s

running (11.9s), 00192/03459 VUs, 40889 complete and 0 interrupted iterations
default   [  79% ] 00192/03459 VUs  11.9s/15s  3459.00 iters/s

running (12.9s), 00191/03459 VUs, 44349 complete and 0 interrupted iterations
default   [  86% ] 00191/03459 VUs  12.9s/15s  3459.00 iters/s

running (13.9s), 00196/03459 VUs, 47803 complete and 0 interrupted iterations
default   [  93% ] 00196/03459 VUs  13.9s/15s  3459.00 iters/s

running (14.9s), 00156/03459 VUs, 51301 complete and 0 interrupted iterations
default   [  99% ] 00156/03459 VUs  14.9s/15s  3459.00 iters/s


  █ TOTAL RESULTS 

    HTTP
    http_req_duration..............: avg=56.16ms min=28.71ms med=55.74ms max=112.76ms p(90)=64.18ms p(95)=66.94ms
      { expected_response:true }...: avg=56.16ms min=28.71ms med=55.74ms max=112.76ms p(90)=64.18ms p(95)=66.94ms
    http_req_failed................: 0.00% 0 out of 51668
    http_reqs......................: 51668 3443.164918/s

    EXECUTION
    iteration_duration.............: avg=56.26ms min=29.09ms med=55.83ms max=113.63ms p(90)=64.28ms p(95)=67.05ms
    iterations.....................: 51668 3443.164918/s
    vus............................: 156   min=153        max=236 
    vus_max........................: 3459  min=3459       max=3459

    NETWORK
    data_received..................: 11 MB 699 kB/s
    data_sent......................: 10 MB 664 kB/s




running (15.0s), 00000/03459 VUs, 51667 complete and 219 interrupted iterations
default ✓ [ 100% ] 00219/03459 VUs  15s  3459.00 iters/s
