
         /\      Grafana   /‾‾/  
    /\  /  \     |\  __   /  /   
   /  \/    \    | |/ /  /   ‾‾\ 
  /          \   |   (  |  (‾)  |
 / __________ \  |_|\_\  \_____/ 

     execution: local
        script: workflow/spin/k6_open_client.js
        output: -

     scenarios: (100.00%) 1 scenario, 10000 max VUs, 15s max duration (incl. graceful stop):
              * default: 2760.00 iterations/s for 15s (maxVUs: 2760-10000)


running (00.9s), 00010/02760 VUs, 2502 complete and 0 interrupted iterations
default   [   6% ] 00010/02760 VUs  00.9s/15s  2760.00 iters/s

running (01.9s), 00008/02760 VUs, 5265 complete and 0 interrupted iterations
default   [  13% ] 00008/02760 VUs  01.9s/15s  2760.00 iters/s

running (02.9s), 00009/02760 VUs, 8024 complete and 0 interrupted iterations
default   [  19% ] 00009/02760 VUs  02.9s/15s  2760.00 iters/s

running (03.9s), 00008/02760 VUs, 10783 complete and 0 interrupted iterations
default   [  26% ] 00008/02760 VUs  03.9s/15s  2760.00 iters/s

running (04.9s), 00010/02760 VUs, 13543 complete and 0 interrupted iterations
default   [  33% ] 00010/02760 VUs  04.9s/15s  2760.00 iters/s

running (05.9s), 00008/02760 VUs, 16304 complete and 0 interrupted iterations
default   [  39% ] 00009/02760 VUs  05.9s/15s  2760.00 iters/s

running (06.9s), 00007/02760 VUs, 19066 complete and 0 interrupted iterations
default   [  46% ] 00007/02760 VUs  06.9s/15s  2760.00 iters/s

running (07.9s), 00008/02760 VUs, 21825 complete and 0 interrupted iterations
default   [  53% ] 00008/02760 VUs  07.9s/15s  2760.00 iters/s

running (08.9s), 00008/02760 VUs, 24584 complete and 0 interrupted iterations
default   [  59% ] 00008/02760 VUs  08.9s/15s  2760.00 iters/s

running (09.9s), 00007/02760 VUs, 27345 complete and 0 interrupted iterations
default   [  66% ] 00007/02760 VUs  09.9s/15s  2760.00 iters/s

running (10.9s), 00008/02760 VUs, 30104 complete and 0 interrupted iterations
default   [  73% ] 00008/02760 VUs  10.9s/15s  2760.00 iters/s

running (11.9s), 00010/02760 VUs, 32864 complete and 0 interrupted iterations
default   [  79% ] 00010/02760 VUs  11.9s/15s  2760.00 iters/s

running (12.9s), 00009/02760 VUs, 35624 complete and 0 interrupted iterations
default   [  86% ] 00009/02760 VUs  12.9s/15s  2760.00 iters/s

running (13.9s), 00008/02760 VUs, 38384 complete and 0 interrupted iterations
default   [  93% ] 00008/02760 VUs  13.9s/15s  2760.00 iters/s

running (14.9s), 00009/02760 VUs, 41144 complete and 0 interrupted iterations
default   [  99% ] 00009/02760 VUs  14.9s/15s  2760.00 iters/s


  █ TOTAL RESULTS 

    HTTP
    http_req_duration..............: avg=2.96ms min=2.38ms med=2.7ms  max=31.53ms p(90)=3.34ms p(95)=3.78ms
      { expected_response:true }...: avg=2.96ms min=2.38ms med=2.7ms  max=31.53ms p(90)=3.34ms p(95)=3.78ms
    http_req_failed................: 0.00%  0 out of 41392
    http_reqs......................: 41392  2758.683043/s

    EXECUTION
    iteration_duration.............: avg=3.05ms min=2.45ms med=2.79ms max=31.77ms p(90)=3.43ms p(95)=3.88ms
    iterations.....................: 41392  2758.683043/s
    vus............................: 8      min=7          max=10  
    vus_max........................: 2760   min=2760       max=2760

    NETWORK
    data_received..................: 8.4 MB 560 kB/s
    data_sent......................: 7.9 MB 530 kB/s




running (15.0s), 00000/02760 VUs, 41392 complete and 10 interrupted iterations
default ✓ [ 100% ] 00010/02760 VUs  15s  2760.00 iters/s
