
         /\      Grafana   /‾‾/  
    /\  /  \     |\  __   /  /   
   /  \/    \    | |/ /  /   ‾‾\ 
  /          \   |   (  |  (‾)  |
 / __________ \  |_|\_\  \_____/ 

     execution: local
        script: workflow/spin/k6_open_client.js
        output: -

     scenarios: (100.00%) 1 scenario, 10000 max VUs, 15s max duration (incl. graceful stop):
              * default: 2604.00 iterations/s for 15s (maxVUs: 2604-10000)


running (00.9s), 00533/02604 VUs, 1825 complete and 0 interrupted iterations
default   [   6% ] 00533/02604 VUs  00.9s/15s  2604.00 iters/s

running (01.9s), 00455/02604 VUs, 4508 complete and 0 interrupted iterations
default   [  13% ] 00455/02604 VUs  01.9s/15s  2604.00 iters/s

running (02.9s), 00400/02604 VUs, 7168 complete and 0 interrupted iterations
default   [  19% ] 00400/02604 VUs  02.9s/15s  2604.00 iters/s

running (03.9s), 00439/02604 VUs, 9728 complete and 0 interrupted iterations
default   [  26% ] 00439/02604 VUs  03.9s/15s  2604.00 iters/s

running (04.9s), 00488/02604 VUs, 12288 complete and 0 interrupted iterations
default   [  33% ] 00488/02604 VUs  04.9s/15s  2604.00 iters/s

running (05.9s), 00465/02604 VUs, 14912 complete and 0 interrupted iterations
default   [  39% ] 00466/02604 VUs  05.9s/15s  2604.00 iters/s

running (06.9s), 00502/02604 VUs, 17480 complete and 0 interrupted iterations
default   [  46% ] 00502/02604 VUs  06.9s/15s  2604.00 iters/s

running (07.9s), 00412/02604 VUs, 20173 complete and 0 interrupted iterations
default   [  53% ] 00412/02604 VUs  07.9s/15s  2604.00 iters/s

running (08.9s), 00456/02604 VUs, 22733 complete and 0 interrupted iterations
default   [  59% ] 00457/02604 VUs  08.9s/15s  2604.00 iters/s

running (09.9s), 00501/02604 VUs, 25293 complete and 0 interrupted iterations
default   [  66% ] 00501/02604 VUs  09.9s/15s  2604.00 iters/s

running (10.9s), 00519/02604 VUs, 27879 complete and 0 interrupted iterations
default   [  73% ] 00519/02604 VUs  10.9s/15s  2604.00 iters/s

running (11.9s), 00372/02604 VUs, 30630 complete and 0 interrupted iterations
default   [  79% ] 00372/02604 VUs  11.9s/15s  2604.00 iters/s

running (12.9s), 00379/02604 VUs, 33229 complete and 0 interrupted iterations
default   [  86% ] 00379/02604 VUs  12.9s/15s  2604.00 iters/s

running (13.9s), 00422/02604 VUs, 35789 complete and 0 interrupted iterations
default   [  93% ] 00422/02604 VUs  13.9s/15s  2604.00 iters/s

running (14.9s), 00465/02604 VUs, 38349 complete and 0 interrupted iterations
default   [  99% ] 00465/02604 VUs  14.9s/15s  2604.00 iters/s


  █ TOTAL RESULTS 

    HTTP
    http_req_duration..............: avg=171.35ms min=123.79ms med=172.29ms max=221.77ms p(90)=194.9ms  p(95)=199.62ms
      { expected_response:true }...: avg=171.35ms min=123.79ms med=172.29ms max=221.77ms p(90)=194.9ms  p(95)=199.62ms
    http_req_failed................: 0.00%  0 out of 38605
    http_reqs......................: 38605  2572.501643/s

    EXECUTION
    iteration_duration.............: avg=171.44ms min=123.87ms med=172.38ms max=221.83ms p(90)=195.01ms p(95)=199.73ms
    iterations.....................: 38605  2572.501643/s
    vus............................: 465    min=372        max=533 
    vus_max........................: 2604   min=2604       max=2604

    NETWORK
    data_received..................: 7.8 MB 522 kB/s
    data_sent......................: 7.5 MB 500 kB/s




running (15.0s), 00000/02604 VUs, 38605 complete and 457 interrupted iterations
default ✓ [ 100% ] 00457/02604 VUs  15s  2604.00 iters/s
