
         /\      Grafana   /‾‾/  
    /\  /  \     |\  __   /  /   
   /  \/    \    | |/ /  /   ‾‾\ 
  /          \   |   (  |  (‾)  |
 / __________ \  |_|\_\  \_____/ 

     execution: local
        script: workflow/response/k6_open_client.js
        output: -

     scenarios: (100.00%) 1 scenario, 100000 max VUs, 15s max duration (incl. graceful stop):
              * default: 872.00 iterations/s for 15s (maxVUs: 872-100000)


running (01.0s), 000002/000872 VUs, 836 complete and 0 interrupted iterations
default   [   6% ] 000002/000872 VUs  01.0s/15s  872.00 iters/s

running (02.0s), 000002/000872 VUs, 1708 complete and 0 interrupted iterations
default   [  13% ] 000001/000872 VUs  02.0s/15s  872.00 iters/s

running (03.0s), 000001/000872 VUs, 2581 complete and 0 interrupted iterations
default   [  20% ] 000001/000872 VUs  03.0s/15s  872.00 iters/s

running (04.0s), 000001/000872 VUs, 3453 complete and 0 interrupted iterations
default   [  26% ] 000001/000872 VUs  04.0s/15s  872.00 iters/s

running (05.0s), 000001/000872 VUs, 4325 complete and 0 interrupted iterations
default   [  33% ] 000001/000872 VUs  05.0s/15s  872.00 iters/s

running (06.0s), 000002/000872 VUs, 5196 complete and 0 interrupted iterations
default   [  40% ] 000001/000872 VUs  06.0s/15s  872.00 iters/s

running (07.0s), 000000/000872 VUs, 6070 complete and 0 interrupted iterations
default   [  46% ] 000000/000872 VUs  07.0s/15s  872.00 iters/s

running (08.0s), 000000/000872 VUs, 6942 complete and 0 interrupted iterations
default   [  53% ] 000000/000872 VUs  08.0s/15s  872.00 iters/s

running (09.0s), 000002/000872 VUs, 7812 complete and 0 interrupted iterations
default   [  60% ] 000001/000872 VUs  09.0s/15s  872.00 iters/s

running (10.0s), 000001/000872 VUs, 8685 complete and 0 interrupted iterations
default   [  66% ] 000001/000872 VUs  10.0s/15s  872.00 iters/s

running (11.0s), 000001/000872 VUs, 9557 complete and 0 interrupted iterations
default   [  73% ] 000001/000872 VUs  11.0s/15s  872.00 iters/s

running (12.0s), 000000/000872 VUs, 10430 complete and 0 interrupted iterations
default   [  80% ] 000000/000872 VUs  12.0s/15s  872.00 iters/s

running (13.0s), 000001/000872 VUs, 11301 complete and 0 interrupted iterations
default   [  86% ] 000001/000872 VUs  13.0s/15s  872.00 iters/s

running (14.0s), 000001/000872 VUs, 12173 complete and 0 interrupted iterations
default   [  93% ] 000001/000872 VUs  14.0s/15s  872.00 iters/s

running (15.0s), 000001/000872 VUs, 13045 complete and 0 interrupted iterations
default   [ 100% ] 000001/000872 VUs  15.0s/15s  872.00 iters/s


  █ TOTAL RESULTS 

    HTTP
    http_req_duration..............: avg=616.62µs min=468.47µs med=592.01µs max=4.61ms p(90)=701.82µs p(95)=753.35µs
      { expected_response:true }...: avg=616.62µs min=468.47µs med=592.01µs max=4.61ms p(90)=701.82µs p(95)=753.35µs
    http_req_failed................: 0.00%  0 out of 13080
    http_reqs......................: 13080  871.893557/s

    EXECUTION
    iteration_duration.............: avg=697.46µs min=526.98µs med=663.53µs max=4.86ms p(90)=810.26µs p(95)=885.87µs
    iterations.....................: 13080  871.893557/s
    vus............................: 1      min=0          max=2  
    vus_max........................: 872    min=872        max=872

    NETWORK
    data_received..................: 2.6 MB 176 kB/s
    data_sent......................: 2.6 MB 171 kB/s




running (15.0s), 000000/000872 VUs, 13080 complete and 1 interrupted iterations
default ✓ [ 100% ] 000001/000872 VUs  15s  872.00 iters/s
