
         /\      Grafana   /‾‾/  
    /\  /  \     |\  __   /  /   
   /  \/    \    | |/ /  /   ‾‾\ 
  /          \   |   (  |  (‾)  |
 / __________ \  |_|\_\  \_____/ 

     execution: local
        script: workflow/write/k6_open_client.js
        output: -

     scenarios: (100.00%) 1 scenario, 10000 max VUs, 15s max duration (incl. graceful stop):
              * default: 8497.00 iterations/s for 15s (maxVUs: 8497-10000)


running (00.7s), 02290/08497 VUs, 3928 complete and 0 interrupted iterations
default   [   5% ] 02290/08497 VUs  00.7s/15s  8497.00 iters/s

running (01.7s), 03586/08497 VUs, 11141 complete and 0 interrupted iterations
default   [  12% ] 03586/08497 VUs  01.7s/15s  8497.00 iters/s

running (02.7s), 03750/08497 VUs, 19474 complete and 0 interrupted iterations
default   [  18% ] 03750/08497 VUs  02.7s/15s  8497.00 iters/s

running (03.7s), 03761/08497 VUs, 27960 complete and 0 interrupted iterations
default   [  25% ] 03761/08497 VUs  03.7s/15s  8497.00 iters/s

running (04.7s), 03739/08497 VUs, 36482 complete and 0 interrupted iterations
default   [  32% ] 03740/08497 VUs  04.7s/15s  8497.00 iters/s

running (05.7s), 03747/08497 VUs, 44969 complete and 0 interrupted iterations
default   [  38% ] 03747/08497 VUs  05.7s/15s  8497.00 iters/s

running (06.7s), 03790/08497 VUs, 53423 complete and 0 interrupted iterations
default   [  45% ] 03790/08497 VUs  06.7s/15s  8497.00 iters/s

running (07.7s), 03666/08497 VUs, 62043 complete and 0 interrupted iterations
default   [  52% ] 03666/08497 VUs  07.7s/15s  8497.00 iters/s

running (08.7s), 03490/08497 VUs, 70716 complete and 0 interrupted iterations
default   [  58% ] 03490/08497 VUs  08.7s/15s  8497.00 iters/s

running (09.7s), 03643/08497 VUs, 79060 complete and 0 interrupted iterations
default   [  65% ] 03643/08497 VUs  09.7s/15s  8497.00 iters/s

running (10.7s), 03934/08497 VUs, 87266 complete and 0 interrupted iterations
default   [  72% ] 03934/08497 VUs  10.7s/15s  8497.00 iters/s

running (11.7s), 04006/08497 VUs, 95691 complete and 0 interrupted iterations
default   [  78% ] 04006/08497 VUs  11.7s/15s  8497.00 iters/s

running (12.7s), 04467/08497 VUs, 103728 complete and 0 interrupted iterations
default   [  85% ] 04467/08497 VUs  12.7s/15s  8497.00 iters/s

running (13.7s), 04456/08497 VUs, 112235 complete and 0 interrupted iterations
default   [  92% ] 04455/08497 VUs  13.7s/15s  8497.00 iters/s

running (14.7s), 04301/08497 VUs, 120887 complete and 0 interrupted iterations
default   [  98% ] 04301/08497 VUs  14.7s/15s  8497.00 iters/s


  █ TOTAL RESULTS 

    HTTP
    http_req_duration..............: avg=442.29ms min=468.85µs med=442.72ms max=1.3s p(90)=523.53ms p(95)=532.7ms 
      { expected_response:true }...: avg=442.29ms min=468.85µs med=442.72ms max=1.3s p(90)=523.53ms p(95)=532.7ms 
    http_req_failed................: 0.00%  0 out of 123229
    http_reqs......................: 123229 8192.848331/s

    EXECUTION
    iteration_duration.............: avg=442.99ms min=529.43µs med=442.84ms max=1.3s p(90)=523.64ms p(95)=532.78ms
    iterations.....................: 123228 8192.781846/s
    vus............................: 4301   min=2292        max=4467
    vus_max........................: 8497   min=8497        max=8497

    NETWORK
    data_received..................: 25 MB  1.7 MB/s
    data_sent......................: 13 MB  847 kB/s




running (15.0s), 00000/08497 VUs, 123164 complete and 4292 interrupted iterations
default ✓ [ 100% ] 04292/08497 VUs  15s  8497.00 iters/s
