
         /\      Grafana   /‾‾/  
    /\  /  \     |\  __   /  /   
   /  \/    \    | |/ /  /   ‾‾\ 
  /          \   |   (  |  (‾)  |
 / __________ \  |_|\_\  \_____/ 

     execution: local
        script: workflow/hotel/k6_open_recommendations_client.js
        output: -

     scenarios: (100.00%) 1 scenario, 10000 max VUs, 15s max duration (incl. graceful stop):
              * default: 6510.00 iterations/s for 15s (maxVUs: 6510-10000)


running (00.8s), 00984/06510 VUs, 4171 complete and 0 interrupted iterations
default   [   5% ] 00985/06510 VUs  00.8s/15s  6510.00 iters/s

running (01.8s), 00719/06510 VUs, 10946 complete and 0 interrupted iterations
default   [  12% ] 00719/06510 VUs  01.8s/15s  6510.00 iters/s

running (02.8s), 00012/06510 VUs, 18163 complete and 0 interrupted iterations
default   [  19% ] 00013/06510 VUs  02.8s/15s  6510.00 iters/s

running (03.8s), 00009/06510 VUs, 24676 complete and 0 interrupted iterations
default   [  25% ] 00009/06510 VUs  03.8s/15s  6510.00 iters/s

running (04.8s), 00009/06510 VUs, 31186 complete and 0 interrupted iterations
default   [  32% ] 00009/06510 VUs  04.8s/15s  6510.00 iters/s

running (05.8s), 00011/06510 VUs, 37695 complete and 0 interrupted iterations
default   [  39% ] 00011/06510 VUs  05.8s/15s  6510.00 iters/s

running (06.8s), 00065/06510 VUs, 44151 complete and 0 interrupted iterations
default   [  45% ] 00065/06510 VUs  06.8s/15s  6510.00 iters/s

running (07.8s), 00124/06510 VUs, 50602 complete and 0 interrupted iterations
default   [  52% ] 00124/06510 VUs  07.8s/15s  6510.00 iters/s

running (08.8s), 00013/06510 VUs, 57223 complete and 0 interrupted iterations
default   [  59% ] 00013/06510 VUs  08.8s/15s  6510.00 iters/s

running (09.8s), 00011/06510 VUs, 63735 complete and 0 interrupted iterations
default   [  65% ] 00011/06510 VUs  09.8s/15s  6510.00 iters/s

running (10.8s), 00013/06510 VUs, 70243 complete and 0 interrupted iterations
default   [  72% ] 00013/06510 VUs  10.8s/15s  6510.00 iters/s

running (11.8s), 00012/06510 VUs, 76756 complete and 0 interrupted iterations
default   [  79% ] 00012/06510 VUs  11.8s/15s  6510.00 iters/s

running (12.8s), 00012/06510 VUs, 83264 complete and 0 interrupted iterations
default   [  85% ] 00012/06510 VUs  12.8s/15s  6510.00 iters/s

running (13.8s), 00010/06510 VUs, 89776 complete and 0 interrupted iterations
default   [  92% ] 00010/06510 VUs  13.8s/15s  6510.00 iters/s

running (14.8s), 00038/06510 VUs, 96259 complete and 0 interrupted iterations
default   [  99% ] 00038/06510 VUs  14.8s/15s  6510.00 iters/s


  █ TOTAL RESULTS 

    HTTP
    http_req_duration..............: avg=21.86ms min=897.54µs med=1.91ms max=299.86ms p(90)=113.36ms p(95)=129.84ms
      { expected_response:true }...: avg=21.86ms min=897.54µs med=1.91ms max=299.86ms p(90)=113.36ms p(95)=129.84ms
    http_req_failed................: 0.00% 0 out of 97645
    http_reqs......................: 97645 6505.848977/s

    EXECUTION
    iteration_duration.............: avg=22.47ms min=1ms      med=2.02ms max=300.17ms p(90)=115.17ms p(95)=130.97ms
    iterations.....................: 97645 6505.848977/s
    vus............................: 39    min=8          max=984 
    vus_max........................: 6510  min=6510       max=6510

    NETWORK
    data_received..................: 45 MB 3.0 MB/s
    data_sent......................: 28 MB 1.9 MB/s




running (15.0s), 00000/06510 VUs, 97641 complete and 10 interrupted iterations
default ✓ [ 100% ] 00010/06510 VUs  15s  6510.00 iters/s
