
         /\      Grafana   /‾‾/  
    /\  /  \     |\  __   /  /   
   /  \/    \    | |/ /  /   ‾‾\ 
  /          \   |   (  |  (‾)  |
 / __________ \  |_|\_\  \_____/ 

     execution: local
        script: workflow/write/k6_open_client.js
        output: -

     scenarios: (100.00%) 1 scenario, 10000 max VUs, 15s max duration (incl. graceful stop):
              * default: 4687.00 iterations/s for 15s (maxVUs: 4687-10000)


running (00.8s), 00248/04687 VUs, 3709 complete and 0 interrupted iterations
default   [   6% ] 00248/04687 VUs  00.8s/15s  4687.00 iters/s

running (01.8s), 00205/04687 VUs, 8439 complete and 0 interrupted iterations
default   [  12% ] 00205/04687 VUs  01.8s/15s  4687.00 iters/s

running (02.8s), 00229/04687 VUs, 13102 complete and 0 interrupted iterations
default   [  19% ] 00229/04687 VUs  02.8s/15s  4687.00 iters/s

running (03.8s), 00238/04687 VUs, 17780 complete and 0 interrupted iterations
default   [  26% ] 00238/04687 VUs  03.8s/15s  4687.00 iters/s

running (04.8s), 00225/04687 VUs, 22480 complete and 0 interrupted iterations
default   [  32% ] 00225/04687 VUs  04.8s/15s  4687.00 iters/s

running (05.8s), 00222/04687 VUs, 27170 complete and 0 interrupted iterations
default   [  39% ] 00222/04687 VUs  05.8s/15s  4687.00 iters/s

running (06.8s), 00207/04687 VUs, 31872 complete and 0 interrupted iterations
default   [  46% ] 00207/04687 VUs  06.8s/15s  4687.00 iters/s

running (07.8s), 00231/04687 VUs, 36535 complete and 0 interrupted iterations
default   [  52% ] 00231/04687 VUs  07.8s/15s  4687.00 iters/s

running (08.8s), 00212/04687 VUs, 41238 complete and 0 interrupted iterations
default   [  59% ] 00212/04687 VUs  08.8s/15s  4687.00 iters/s

running (09.8s), 00206/04687 VUs, 45934 complete and 0 interrupted iterations
default   [  66% ] 00206/04687 VUs  09.8s/15s  4687.00 iters/s

running (10.8s), 00212/04687 VUs, 50615 complete and 0 interrupted iterations
default   [  72% ] 00212/04687 VUs  10.8s/15s  4687.00 iters/s

running (11.8s), 00235/04687 VUs, 55278 complete and 0 interrupted iterations
default   [  79% ] 00235/04687 VUs  11.8s/15s  4687.00 iters/s

running (12.8s), 00191/04687 VUs, 60014 complete and 0 interrupted iterations
default   [  86% ] 00191/04687 VUs  12.8s/15s  4687.00 iters/s

running (13.8s), 00211/04687 VUs, 64677 complete and 0 interrupted iterations
default   [  92% ] 00211/04687 VUs  13.8s/15s  4687.00 iters/s

running (14.8s), 00220/04687 VUs, 69358 complete and 0 interrupted iterations
default   [  99% ] 00220/04687 VUs  14.8s/15s  4687.00 iters/s


  █ TOTAL RESULTS 

    HTTP
    http_req_duration..............: avg=47.37ms min=25.89ms med=46.66ms max=109.63ms p(90)=53.53ms p(95)=58.65ms
      { expected_response:true }...: avg=47.37ms min=25.89ms med=46.66ms max=109.63ms p(90)=53.53ms p(95)=58.65ms
    http_req_failed................: 0.00%  0 out of 70116
    http_reqs......................: 70116  4672.172912/s

    EXECUTION
    iteration_duration.............: avg=47.45ms min=26.04ms med=46.74ms max=109.88ms p(90)=53.64ms p(95)=58.75ms
    iterations.....................: 70116  4672.172912/s
    vus............................: 215    min=191        max=248 
    vus_max........................: 4687   min=4687       max=4687

    NETWORK
    data_received..................: 14 MB  949 kB/s
    data_sent......................: 7.0 MB 469 kB/s




running (15.0s), 00000/04687 VUs, 70112 complete and 194 interrupted iterations
default ✓ [ 100% ] 00194/04687 VUs  15s  4687.00 iters/s
