
         /\      Grafana   /‾‾/  
    /\  /  \     |\  __   /  /   
   /  \/    \    | |/ /  /   ‾‾\ 
  /          \   |   (  |  (‾)  |
 / __________ \  |_|\_\  \_____/ 

     execution: local
        script: workflow/spin/k6_open_client.js
        output: -

     scenarios: (100.00%) 1 scenario, 10000 max VUs, 15s max duration (incl. graceful stop):
              * default: 1847.00 iterations/s for 15s (maxVUs: 1847-10000)


running (00.9s), 00707/01847 VUs, 1024 complete and 0 interrupted iterations
default   [   6% ] 00708/01847 VUs  00.9s/15s  1847.00 iters/s

running (01.9s), 01019/01847 VUs, 2560 complete and 0 interrupted iterations
default   [  13% ] 01019/01847 VUs  01.9s/15s  1847.00 iters/s

running (02.9s), 00818/01847 VUs, 4608 complete and 0 interrupted iterations
default   [  20% ] 00819/01847 VUs  02.9s/15s  1847.00 iters/s

running (03.9s), 00772/01847 VUs, 6500 complete and 0 interrupted iterations
default   [  26% ] 00772/01847 VUs  03.9s/15s  1847.00 iters/s

running (04.9s), 00926/01847 VUs, 8192 complete and 0 interrupted iterations
default   [  33% ] 00928/01847 VUs  04.9s/15s  1847.00 iters/s

running (05.9s), 00727/01847 VUs, 10240 complete and 0 interrupted iterations
default   [  40% ] 00727/01847 VUs  05.9s/15s  1847.00 iters/s

running (06.9s), 00913/01847 VUs, 11900 complete and 0 interrupted iterations
default   [  46% ] 00913/01847 VUs  06.9s/15s  1847.00 iters/s

running (07.9s), 00838/01847 VUs, 13824 complete and 0 interrupted iterations
default   [  53% ] 00838/01847 VUs  07.9s/15s  1847.00 iters/s

running (08.9s), 00944/01847 VUs, 15563 complete and 0 interrupted iterations
default   [  60% ] 00944/01847 VUs  08.9s/15s  1847.00 iters/s

running (09.9s), 00946/01847 VUs, 17408 complete and 0 interrupted iterations
default   [  66% ] 00946/01847 VUs  09.9s/15s  1847.00 iters/s

running (10.9s), 00745/01847 VUs, 19456 complete and 0 interrupted iterations
default   [  73% ] 00745/01847 VUs  10.9s/15s  1847.00 iters/s

running (11.9s), 00963/01847 VUs, 21086 complete and 0 interrupted iterations
default   [  80% ] 00963/01847 VUs  11.9s/15s  1847.00 iters/s

running (12.9s), 00851/01847 VUs, 23040 complete and 0 interrupted iterations
default   [  86% ] 00852/01847 VUs  12.9s/15s  1847.00 iters/s

running (13.9s), 00654/01847 VUs, 25088 complete and 0 interrupted iterations
default   [  93% ] 00654/01847 VUs  13.9s/15s  1847.00 iters/s

running (14.9s), 00964/01847 VUs, 26624 complete and 0 interrupted iterations
default   [ 100% ] 00964/01847 VUs  14.9s/15s  1847.00 iters/s


  █ TOTAL RESULTS 

    HTTP
    http_req_duration..............: avg=458.1ms  min=336.55ms med=460.7ms max=584.61ms p(90)=535.21ms p(95)=545.92ms
      { expected_response:true }...: avg=458.1ms  min=336.55ms med=460.7ms max=584.61ms p(90)=535.21ms p(95)=545.92ms
    http_req_failed................: 0.00%  0 out of 26772
    http_reqs......................: 26772  1783.720773/s

    EXECUTION
    iteration_duration.............: avg=458.19ms min=336.62ms med=460.8ms max=584.82ms p(90)=535.33ms p(95)=546.02ms
    iterations.....................: 26772  1783.720773/s
    vus............................: 966    min=656        max=1019
    vus_max........................: 1847   min=1847       max=1847

    NETWORK
    data_received..................: 5.4 MB 362 kB/s
    data_sent......................: 5.3 MB 354 kB/s




running (15.0s), 00000/01847 VUs, 26764 complete and 943 interrupted iterations
default ✓ [ 100% ] 00943/01847 VUs  15s  1847.00 iters/s
