
         /\      Grafana   /‾‾/  
    /\  /  \     |\  __   /  /   
   /  \/    \    | |/ /  /   ‾‾\ 
  /          \   |   (  |  (‾)  |
 / __________ \  |_|\_\  \_____/ 

     execution: local
        script: workflow/response/k6_open_client.js
        output: -

     scenarios: (100.00%) 1 scenario, 100000 max VUs, 15s max duration (incl. graceful stop):
              * default: 6300.00 iterations/s for 15s (maxVUs: 6300-100000)


running (00.8s), 000041/006300 VUs, 5059 complete and 0 interrupted iterations
default   [   5% ] 000041/006300 VUs  00.8s/15s  6300.00 iters/s

running (01.8s), 000128/006300 VUs, 11273 complete and 0 interrupted iterations
default   [  12% ] 000129/006300 VUs  01.8s/15s  6300.00 iters/s

running (02.8s), 000036/006300 VUs, 17667 complete and 0 interrupted iterations
default   [  19% ] 000036/006300 VUs  02.8s/15s  6300.00 iters/s

running (03.8s), 000065/006300 VUs, 23935 complete and 0 interrupted iterations
default   [  25% ] 000065/006300 VUs  03.8s/15s  6300.00 iters/s

running (04.8s), 000030/006300 VUs, 30265 complete and 0 interrupted iterations
default   [  32% ] 000032/006300 VUs  04.8s/15s  6300.00 iters/s

running (05.8s), 000091/006300 VUs, 36509 complete and 0 interrupted iterations
default   [  39% ] 000091/006300 VUs  05.8s/15s  6300.00 iters/s

running (06.8s), 000070/006300 VUs, 42830 complete and 0 interrupted iterations
default   [  45% ] 000069/006300 VUs  06.8s/15s  6300.00 iters/s

running (07.8s), 000039/006300 VUs, 49160 complete and 0 interrupted iterations
default   [  52% ] 000039/006300 VUs  07.8s/15s  6300.00 iters/s

running (08.8s), 000047/006300 VUs, 55453 complete and 0 interrupted iterations
default   [  59% ] 000047/006300 VUs  08.8s/15s  6300.00 iters/s

running (09.8s), 000046/006300 VUs, 61760 complete and 0 interrupted iterations
default   [  65% ] 000045/006300 VUs  09.8s/15s  6300.00 iters/s

running (10.8s), 000277/006300 VUs, 67826 complete and 0 interrupted iterations
default   [  72% ] 000278/006300 VUs  10.8s/15s  6300.00 iters/s

running (11.8s), 000045/006300 VUs, 74355 complete and 0 interrupted iterations
default   [  79% ] 000045/006300 VUs  11.8s/15s  6300.00 iters/s

running (12.8s), 000037/006300 VUs, 80664 complete and 0 interrupted iterations
default   [  85% ] 000037/006300 VUs  12.8s/15s  6300.00 iters/s

running (13.8s), 000032/006300 VUs, 86968 complete and 0 interrupted iterations
default   [  92% ] 000032/006300 VUs  13.8s/15s  6300.00 iters/s

running (14.8s), 000039/006300 VUs, 93261 complete and 0 interrupted iterations
default   [  99% ] 000039/006300 VUs  14.8s/15s  6300.00 iters/s


  █ TOTAL RESULTS 

    HTTP
    http_req_duration..............: avg=14ms   min=2.47ms med=7.46ms max=128.95ms p(90)=27.1ms  p(95)=41.9ms 
      { expected_response:true }...: avg=14ms   min=2.47ms med=7.46ms max=128.95ms p(90)=27.1ms  p(95)=41.9ms 
    http_req_failed................: 0.00% 0 out of 94467
    http_reqs......................: 94467 6294.090109/s

    EXECUTION
    iteration_duration.............: avg=14.1ms min=2.52ms med=7.55ms max=129.17ms p(90)=27.23ms p(95)=42.01ms
    iterations.....................: 94467 6294.090109/s
    vus............................: 39    min=30         max=277 
    vus_max........................: 6300  min=6300       max=6300

    NETWORK
    data_received..................: 22 MB 1.4 MB/s
    data_sent......................: 19 MB 1.2 MB/s




running (15.0s), 000000/006300 VUs, 94463 complete and 38 interrupted iterations
default ✓ [ 100% ] 000038/006300 VUs  15s  6300.00 iters/s
