
         /\      Grafana   /‾‾/  
    /\  /  \     |\  __   /  /   
   /  \/    \    | |/ /  /   ‾‾\ 
  /          \   |   (  |  (‾)  |
 / __________ \  |_|\_\  \_____/ 

     execution: local
        script: workflow/hotel/k6_open_hotels_client.js
        output: -

     scenarios: (100.00%) 1 scenario, 10000 max VUs, 10s max duration (incl. graceful stop):
              * default: 343.00 iterations/s for 10s (maxVUs: 343-10000)


running (01.0s), 00161/00343 VUs, 175 complete and 0 interrupted iterations
default   [  10% ] 00161/00343 VUs  01.0s/10s  343.00 iters/s

running (02.0s), 00164/00343 VUs, 515 complete and 0 interrupted iterations
default   [  20% ] 00164/00343 VUs  02.0s/10s  343.00 iters/s

running (03.0s), 00164/00343 VUs, 858 complete and 0 interrupted iterations
default   [  30% ] 00164/00343 VUs  03.0s/10s  343.00 iters/s

running (04.0s), 00164/00343 VUs, 1201 complete and 0 interrupted iterations
default   [  40% ] 00164/00343 VUs  04.0s/10s  343.00 iters/s

running (05.0s), 00164/00343 VUs, 1544 complete and 0 interrupted iterations
default   [  50% ] 00164/00343 VUs  05.0s/10s  343.00 iters/s

running (06.0s), 00164/00343 VUs, 1887 complete and 0 interrupted iterations
default   [  60% ] 00164/00343 VUs  06.0s/10s  343.00 iters/s

running (07.0s), 00164/00343 VUs, 2230 complete and 0 interrupted iterations
default   [  70% ] 00164/00343 VUs  07.0s/10s  343.00 iters/s

running (08.0s), 00164/00343 VUs, 2573 complete and 0 interrupted iterations
default   [  80% ] 00164/00343 VUs  08.0s/10s  343.00 iters/s

running (09.0s), 00164/00343 VUs, 2916 complete and 0 interrupted iterations
default   [  90% ] 00164/00343 VUs  09.0s/10s  343.00 iters/s

running (10.0s), 00164/00343 VUs, 3259 complete and 0 interrupted iterations
default   [ 100% ] 00164/00343 VUs  10.0s/10s  343.00 iters/s


  █ TOTAL RESULTS 

    HTTP
    http_req_duration..............: avg=2.88ms min=2.32ms med=2.7ms  max=9.94ms  p(90)=3.76ms p(95)=4.15ms
      { expected_response:true }...: avg=2.88ms min=2.32ms med=2.7ms  max=9.94ms  p(90)=3.76ms p(95)=4.15ms
    http_req_failed................: 0.00%  0 out of 3266
    http_reqs......................: 3266   326.544365/s

    EXECUTION
    iteration_duration.............: avg=3.01ms min=2.42ms med=2.82ms max=10.05ms p(90)=3.88ms p(95)=4.28ms
    iterations.....................: 3266   326.544365/s
    vus............................: 164    min=161       max=164
    vus_max........................: 343    min=343       max=343

    NETWORK
    data_received..................: 930 kB 93 kB/s
    data_sent......................: 1.1 MB 107 kB/s




running (10.0s), 00000/00343 VUs, 3266 complete and 164 interrupted iterations
default ✓ [ 100% ] 00164/00343 VUs  10s  343.00 iters/s
