
         /\      Grafana   /‾‾/  
    /\  /  \     |\  __   /  /   
   /  \/    \    | |/ /  /   ‾‾\ 
  /          \   |   (  |  (‾)  |
 / __________ \  |_|\_\  \_____/ 

     execution: local
        script: workflow/media/k6_open_review_compose.js
        output: -

     scenarios: (100.00%) 1 scenario, 10000 max VUs, 15s max duration (incl. graceful stop):
              * default: 748.00 iterations/s for 15s (maxVUs: 748-10000)


running (01.0s), 00243/00748 VUs, 478 complete and 0 interrupted iterations
default   [   6% ] 00243/00748 VUs  01.0s/15s  748.00 iters/s

running (02.0s), 00191/00748 VUs, 1278 complete and 0 interrupted iterations
default   [  13% ] 00191/00748 VUs  02.0s/15s  748.00 iters/s

running (03.0s), 00298/00748 VUs, 1919 complete and 0 interrupted iterations
default   [  20% ] 00298/00748 VUs  03.0s/15s  748.00 iters/s

running (04.0s), 00254/00748 VUs, 2711 complete and 0 interrupted iterations
default   [  26% ] 00254/00748 VUs  04.0s/15s  748.00 iters/s

running (05.0s), 00203/00748 VUs, 3510 complete and 0 interrupted iterations
default   [  33% ] 00203/00748 VUs  05.0s/15s  748.00 iters/s

running (06.0s), 00237/00748 VUs, 4224 complete and 0 interrupted iterations
default   [  40% ] 00237/00748 VUs  06.0s/15s  748.00 iters/s

running (07.0s), 00269/00748 VUs, 4939 complete and 0 interrupted iterations
default   [  46% ] 00270/00748 VUs  07.0s/15s  748.00 iters/s

running (08.0s), 00214/00748 VUs, 5743 complete and 0 interrupted iterations
default   [  53% ] 00214/00748 VUs  08.0s/15s  748.00 iters/s

running (09.0s), 00171/00748 VUs, 6534 complete and 0 interrupted iterations
default   [  60% ] 00171/00748 VUs  09.0s/15s  748.00 iters/s

running (10.0s), 00281/00748 VUs, 7171 complete and 0 interrupted iterations
default   [  66% ] 00282/00748 VUs  10.0s/15s  748.00 iters/s

running (11.0s), 00229/00748 VUs, 7971 complete and 0 interrupted iterations
default   [  73% ] 00229/00748 VUs  11.0s/15s  748.00 iters/s

running (12.0s), 00180/00748 VUs, 8768 complete and 0 interrupted iterations
default   [  80% ] 00180/00748 VUs  12.0s/15s  748.00 iters/s

running (13.0s), 00225/00748 VUs, 9472 complete and 0 interrupted iterations
default   [  86% ] 00225/00748 VUs  13.0s/15s  748.00 iters/s

running (14.0s), 00255/00748 VUs, 10190 complete and 0 interrupted iterations
default   [  93% ] 00255/00748 VUs  14.0s/15s  748.00 iters/s

running (15.0s), 00207/00748 VUs, 10985 complete and 0 interrupted iterations
default   [ 100% ] 00207/00748 VUs  15.0s/15s  748.00 iters/s


  █ TOTAL RESULTS 

    HTTP
    http_req_duration..............: avg=305.11ms min=187.03ms med=305.19ms max=422.46ms p(90)=380.47ms p(95)=390.02ms
      { expected_response:true }...: avg=305.11ms min=187.03ms med=305.19ms max=422.46ms p(90)=380.47ms p(95)=390.02ms
    http_req_failed................: 0.00%  0 out of 10985
    http_reqs......................: 10985  732.20002/s

    EXECUTION
    iteration_duration.............: avg=305.22ms min=187.12ms med=305.28ms max=422.57ms p(90)=380.57ms p(95)=390.13ms
    iterations.....................: 10985  732.20002/s
    vus............................: 208    min=171        max=298
    vus_max........................: 748    min=748        max=748

    NETWORK
    data_received..................: 2.5 MB 169 kB/s
    data_sent......................: 6.2 MB 416 kB/s




running (15.0s), 00000/00748 VUs, 10985 complete and 236 interrupted iterations
default ✓ [ 100% ] 00236/00748 VUs  15s  748.00 iters/s
