
         /\      Grafana   /‾‾/  
    /\  /  \     |\  __   /  /   
   /  \/    \    | |/ /  /   ‾‾\ 
  /          \   |   (  |  (‾)  |
 / __________ \  |_|\_\  \_____/ 

     execution: local
        script: workflow/hotel/k6_open_hotels_client.js
        output: -

     scenarios: (100.00%) 1 scenario, 10000 max VUs, 10s max duration (incl. graceful stop):
              * default: 236.00 iterations/s for 10s (maxVUs: 236-10000)


running (01.0s), 00128/00236 VUs, 105 complete and 0 interrupted iterations
default   [  10% ] 00128/00236 VUs  01.0s/10s  236.00 iters/s

running (02.0s), 00130/00236 VUs, 339 complete and 0 interrupted iterations
default   [  20% ] 00130/00236 VUs  02.0s/10s  236.00 iters/s

running (03.0s), 00130/00236 VUs, 575 complete and 0 interrupted iterations
default   [  30% ] 00130/00236 VUs  03.0s/10s  236.00 iters/s

running (04.0s), 00129/00236 VUs, 812 complete and 0 interrupted iterations
default   [  40% ] 00129/00236 VUs  04.0s/10s  236.00 iters/s

running (05.0s), 00129/00236 VUs, 1048 complete and 0 interrupted iterations
default   [  50% ] 00129/00236 VUs  05.0s/10s  236.00 iters/s

running (06.0s), 00130/00236 VUs, 1283 complete and 0 interrupted iterations
default   [  60% ] 00130/00236 VUs  06.0s/10s  236.00 iters/s

running (07.0s), 00130/00236 VUs, 1519 complete and 0 interrupted iterations
default   [  70% ] 00130/00236 VUs  07.0s/10s  236.00 iters/s

running (08.0s), 00129/00236 VUs, 1756 complete and 0 interrupted iterations
default   [  80% ] 00129/00236 VUs  08.0s/10s  236.00 iters/s

running (09.0s), 00130/00236 VUs, 1991 complete and 0 interrupted iterations
default   [  90% ] 00130/00236 VUs  09.0s/10s  236.00 iters/s

running (10.0s), 00129/00236 VUs, 2228 complete and 0 interrupted iterations
default   [ 100% ] 00129/00236 VUs  10.0s/10s  236.00 iters/s


  █ TOTAL RESULTS 

    HTTP
    http_req_duration..............: avg=2.82ms min=2.18ms med=2.67ms max=8.65ms p(90)=3.41ms p(95)=4.07ms
      { expected_response:true }...: avg=2.82ms min=2.18ms med=2.67ms max=8.65ms p(90)=3.41ms p(95)=4.07ms
    http_req_failed................: 0.00%  0 out of 2231
    http_reqs......................: 2231   223.052062/s

    EXECUTION
    iteration_duration.............: avg=2.95ms min=2.28ms med=2.79ms max=8.78ms p(90)=3.67ms p(95)=4.2ms 
    iterations.....................: 2231   223.052062/s
    vus............................: 129    min=128       max=130
    vus_max........................: 236    min=236       max=236

    NETWORK
    data_received..................: 632 kB 63 kB/s
    data_sent......................: 732 kB 73 kB/s




running (10.0s), 00000/00236 VUs, 2231 complete and 130 interrupted iterations
default ✓ [ 100% ] 00130/00236 VUs  10s  236.00 iters/s
