
         /\      Grafana   /‾‾/  
    /\  /  \     |\  __   /  /   
   /  \/    \    | |/ /  /   ‾‾\ 
  /          \   |   (  |  (‾)  |
 / __________ \  |_|\_\  \_____/ 

     execution: local
        script: workflow/write/k6_open_client.js
        output: -

     scenarios: (100.00%) 1 scenario, 10000 max VUs, 15s max duration (incl. graceful stop):
              * default: 5799.00 iterations/s for 15s (maxVUs: 5799-10000)


running (00.8s), 00038/05799 VUs, 4707 complete and 0 interrupted iterations
default   [   5% ] 00038/05799 VUs  00.8s/15s  5799.00 iters/s

running (01.8s), 00089/05799 VUs, 10454 complete and 0 interrupted iterations
default   [  12% ] 00088/05799 VUs  01.8s/15s  5799.00 iters/s

running (02.8s), 00031/05799 VUs, 16314 complete and 0 interrupted iterations
default   [  19% ] 00031/05799 VUs  02.8s/15s  5799.00 iters/s

running (03.8s), 00049/05799 VUs, 22092 complete and 0 interrupted iterations
default   [  25% ] 00049/05799 VUs  03.8s/15s  5799.00 iters/s

running (04.8s), 00034/05799 VUs, 27906 complete and 0 interrupted iterations
default   [  32% ] 00034/05799 VUs  04.8s/15s  5799.00 iters/s

running (05.8s), 00077/05799 VUs, 33661 complete and 0 interrupted iterations
default   [  39% ] 00077/05799 VUs  05.8s/15s  5799.00 iters/s

running (06.8s), 00026/05799 VUs, 39512 complete and 0 interrupted iterations
default   [  45% ] 00026/05799 VUs  06.8s/15s  5799.00 iters/s

running (07.8s), 00029/05799 VUs, 45308 complete and 0 interrupted iterations
default   [  52% ] 00029/05799 VUs  07.8s/15s  5799.00 iters/s

running (08.8s), 00027/05799 VUs, 51111 complete and 0 interrupted iterations
default   [  59% ] 00027/05799 VUs  08.8s/15s  5799.00 iters/s

running (09.8s), 00028/05799 VUs, 56905 complete and 0 interrupted iterations
default   [  65% ] 00027/05799 VUs  09.8s/15s  5799.00 iters/s

running (10.8s), 00046/05799 VUs, 62689 complete and 0 interrupted iterations
default   [  72% ] 00046/05799 VUs  10.8s/15s  5799.00 iters/s

running (11.8s), 00027/05799 VUs, 68507 complete and 0 interrupted iterations
default   [  79% ] 00027/05799 VUs  11.8s/15s  5799.00 iters/s

running (12.8s), 00031/05799 VUs, 74304 complete and 0 interrupted iterations
default   [  85% ] 00031/05799 VUs  12.8s/15s  5799.00 iters/s

running (13.8s), 00022/05799 VUs, 80109 complete and 0 interrupted iterations
default   [  92% ] 00022/05799 VUs  13.8s/15s  5799.00 iters/s

running (14.8s), 00028/05799 VUs, 85902 complete and 0 interrupted iterations
default   [  99% ] 00028/05799 VUs  14.8s/15s  5799.00 iters/s


  █ TOTAL RESULTS 

    HTTP
    http_req_duration..............: avg=8.78ms min=2.28ms med=5.05ms max=86.15ms p(90)=18.05ms p(95)=27.6ms 
      { expected_response:true }...: avg=8.78ms min=2.28ms med=5.05ms max=86.15ms p(90)=18.05ms p(95)=27.6ms 
    http_req_failed................: 0.00%  0 out of 86966
    http_reqs......................: 86966  5794.518692/s

    EXECUTION
    iteration_duration.............: avg=8.86ms min=2.34ms med=5.12ms max=86.37ms p(90)=18.14ms p(95)=27.68ms
    iterations.....................: 86966  5794.518692/s
    vus............................: 27     min=22         max=89  
    vus_max........................: 5799   min=5799       max=5799

    NETWORK
    data_received..................: 20 MB  1.3 MB/s
    data_sent......................: 8.7 MB 580 kB/s




running (15.0s), 00000/05799 VUs, 86957 complete and 29 interrupted iterations
default ✓ [ 100% ] 00029/05799 VUs  15s  5799.00 iters/s
