
         /\      Grafana   /‾‾/  
    /\  /  \     |\  __   /  /   
   /  \/    \    | |/ /  /   ‾‾\ 
  /          \   |   (  |  (‾)  |
 / __________ \  |_|\_\  \_____/ 

     execution: local
        script: workflow/social/k6_open_client.js
        output: -

     scenarios: (100.00%) 1 scenario, 10000 max VUs, 10s max duration (incl. graceful stop):
              * default: 2228.00 iterations/s for 10s (maxVUs: 2228-10000)


running (00.9s), 00279/02228 VUs, 1740 complete and 0 interrupted iterations
default   [   9% ] 00279/02228 VUs  00.9s/10s  2228.00 iters/s

running (01.9s), 00446/02228 VUs, 3801 complete and 0 interrupted iterations
default   [  19% ] 00446/02228 VUs  01.9s/10s  2228.00 iters/s

running (02.9s), 00604/02228 VUs, 5871 complete and 0 interrupted iterations
default   [  29% ] 00604/02228 VUs  02.9s/10s  2228.00 iters/s

running (03.9s), 00753/02228 VUs, 7950 complete and 0 interrupted iterations
default   [  39% ] 00753/02228 VUs  03.9s/10s  2228.00 iters/s

running (04.9s), 00945/02228 VUs, 9986 complete and 0 interrupted iterations
default   [  49% ] 00945/02228 VUs  04.9s/10s  2228.00 iters/s

running (05.9s), 01090/02228 VUs, 12069 complete and 0 interrupted iterations
default   [  59% ] 01090/02228 VUs  05.9s/10s  2228.00 iters/s

running (06.9s), 01211/02228 VUs, 14177 complete and 0 interrupted iterations
default   [  69% ] 01211/02228 VUs  06.9s/10s  2228.00 iters/s

running (07.9s), 01327/02228 VUs, 16288 complete and 0 interrupted iterations
default   [  79% ] 01327/02228 VUs  07.9s/10s  2228.00 iters/s

running (08.9s), 01479/02228 VUs, 18364 complete and 0 interrupted iterations
default   [  89% ] 01479/02228 VUs  08.9s/10s  2228.00 iters/s

running (09.9s), 01611/02228 VUs, 20460 complete and 0 interrupted iterations
default   [  99% ] 01611/02228 VUs  09.9s/10s  2228.00 iters/s


  █ TOTAL RESULTS 

    HTTP
    http_req_duration..............: avg=414.38ms min=3.59ms med=439.18ms max=739.56ms p(90)=669.04ms p(95)=707.61ms
      { expected_response:true }...: avg=414.38ms min=3.59ms med=439.18ms max=739.56ms p(90)=669.04ms p(95)=707.61ms
    http_req_failed................: 0.00%  0 out of 20637
    http_reqs......................: 20637  2060.763934/s

    EXECUTION
    iteration_duration.............: avg=414.5ms  min=3.92ms med=439.29ms max=746.28ms p(90)=669.13ms p(95)=707.7ms 
    iterations.....................: 20637  2060.763934/s
    vus............................: 1610   min=279        max=1610
    vus_max........................: 2228   min=2228       max=2228

    NETWORK
    data_received..................: 4.6 MB 464 kB/s
    data_sent......................: 7.3 MB 731 kB/s




running (10.0s), 00000/02228 VUs, 20633 complete and 1648 interrupted iterations
default ✓ [ 100% ] 01648/02228 VUs  10s  2228.00 iters/s
