
         /\      Grafana   /‾‾/  
    /\  /  \     |\  __   /  /   
   /  \/    \    | |/ /  /   ‾‾\ 
  /          \   |   (  |  (‾)  |
 / __________ \  |_|\_\  \_____/ 

     execution: local
        script: workflow/spin/k6_open_client.js
        output: -

     scenarios: (100.00%) 1 scenario, 10000 max VUs, 15s max duration (incl. graceful stop):
              * default: 3600.00 iterations/s for 15s (maxVUs: 3600-10000)


running (00.9s), 00180/03600 VUs, 2979 complete and 0 interrupted iterations
default   [   6% ] 00180/03600 VUs  00.9s/15s  3600.00 iters/s

running (01.9s), 00193/03600 VUs, 6565 complete and 0 interrupted iterations
default   [  13% ] 00193/03600 VUs  01.9s/15s  3600.00 iters/s

running (02.9s), 00242/03600 VUs, 10118 complete and 0 interrupted iterations
default   [  19% ] 00242/03600 VUs  02.9s/15s  3600.00 iters/s

running (03.9s), 00212/03600 VUs, 13748 complete and 0 interrupted iterations
default   [  26% ] 00212/03600 VUs  03.9s/15s  3600.00 iters/s

running (04.9s), 00220/03600 VUs, 17340 complete and 0 interrupted iterations
default   [  33% ] 00219/03600 VUs  04.9s/15s  3600.00 iters/s

running (05.9s), 00189/03600 VUs, 20971 complete and 0 interrupted iterations
default   [  39% ] 00189/03600 VUs  05.9s/15s  3600.00 iters/s

running (06.9s), 00172/03600 VUs, 24588 complete and 0 interrupted iterations
default   [  46% ] 00172/03600 VUs  06.9s/15s  3600.00 iters/s

running (07.9s), 00180/03600 VUs, 28180 complete and 0 interrupted iterations
default   [  53% ] 00180/03600 VUs  07.9s/15s  3600.00 iters/s

running (08.9s), 00154/03600 VUs, 31805 complete and 0 interrupted iterations
default   [  59% ] 00154/03600 VUs  08.9s/15s  3600.00 iters/s

running (09.9s), 00262/03600 VUs, 35298 complete and 0 interrupted iterations
default   [  66% ] 00262/03600 VUs  09.9s/15s  3600.00 iters/s

running (10.9s), 00170/03600 VUs, 38990 complete and 0 interrupted iterations
default   [  73% ] 00170/03600 VUs  10.9s/15s  3600.00 iters/s

running (11.9s), 00161/03600 VUs, 42598 complete and 0 interrupted iterations
default   [  79% ] 00161/03600 VUs  11.9s/15s  3600.00 iters/s

running (12.9s), 00154/03600 VUs, 46204 complete and 0 interrupted iterations
default   [  86% ] 00154/03600 VUs  12.9s/15s  3600.00 iters/s

running (13.9s), 00184/03600 VUs, 49775 complete and 0 interrupted iterations
default   [  93% ] 00184/03600 VUs  13.9s/15s  3600.00 iters/s

running (14.9s), 00176/03600 VUs, 53383 complete and 0 interrupted iterations
default   [  99% ] 00176/03600 VUs  14.9s/15s  3600.00 iters/s


  █ TOTAL RESULTS 

    HTTP
    http_req_duration..............: avg=50.86ms min=32.69ms med=50.11ms max=97.22ms p(90)=59.96ms p(95)=64.04ms
      { expected_response:true }...: avg=50.86ms min=32.69ms med=50.11ms max=97.22ms p(90)=59.96ms p(95)=64.04ms
    http_req_failed................: 0.00% 0 out of 53803
    http_reqs......................: 53803 3585.342339/s

    EXECUTION
    iteration_duration.............: avg=50.95ms min=32.78ms med=50.21ms max=97.34ms p(90)=60.05ms p(95)=64.16ms
    iterations.....................: 53803 3585.342339/s
    vus............................: 176   min=154        max=261 
    vus_max........................: 3600  min=3600       max=3600

    NETWORK
    data_received..................: 11 MB 728 kB/s
    data_sent......................: 10 MB 691 kB/s




running (15.0s), 00000/03600 VUs, 53802 complete and 201 interrupted iterations
default ✓ [ 100% ] 00201/03600 VUs  15s  3600.00 iters/s
