
         /\      Grafana   /‾‾/  
    /\  /  \     |\  __   /  /   
   /  \/    \    | |/ /  /   ‾‾\ 
  /          \   |   (  |  (‾)  |
 / __________ \  |_|\_\  \_____/ 

     execution: local
        script: workflow/spin/k6_open_client.js
        output: -

     scenarios: (100.00%) 1 scenario, 10000 max VUs, 15s max duration (incl. graceful stop):
              * default: 3520.00 iterations/s for 15s (maxVUs: 3520-10000)


running (00.9s), 00222/03520 VUs, 2900 complete and 0 interrupted iterations
default   [   6% ] 00221/03520 VUs  00.9s/15s  3520.00 iters/s

running (01.9s), 00209/03520 VUs, 6425 complete and 0 interrupted iterations
default   [  13% ] 00209/03520 VUs  01.9s/15s  3520.00 iters/s

running (02.9s), 00211/03520 VUs, 9944 complete and 0 interrupted iterations
default   [  19% ] 00211/03520 VUs  02.9s/15s  3520.00 iters/s

running (03.9s), 00206/03520 VUs, 13467 complete and 0 interrupted iterations
default   [  26% ] 00206/03520 VUs  03.9s/15s  3520.00 iters/s

running (04.9s), 00192/03520 VUs, 17006 complete and 0 interrupted iterations
default   [  33% ] 00192/03520 VUs  04.9s/15s  3520.00 iters/s

running (05.9s), 00198/03520 VUs, 20519 complete and 0 interrupted iterations
default   [  39% ] 00198/03520 VUs  05.9s/15s  3520.00 iters/s

running (06.9s), 00185/03520 VUs, 24050 complete and 0 interrupted iterations
default   [  46% ] 00185/03520 VUs  06.9s/15s  3520.00 iters/s

running (07.9s), 00186/03520 VUs, 27570 complete and 0 interrupted iterations
default   [  53% ] 00186/03520 VUs  07.9s/15s  3520.00 iters/s

running (08.9s), 00186/03520 VUs, 31089 complete and 0 interrupted iterations
default   [  59% ] 00186/03520 VUs  08.9s/15s  3520.00 iters/s

running (09.9s), 00226/03520 VUs, 34569 complete and 0 interrupted iterations
default   [  66% ] 00226/03520 VUs  09.9s/15s  3520.00 iters/s

running (10.9s), 00186/03520 VUs, 38129 complete and 0 interrupted iterations
default   [  73% ] 00186/03520 VUs  10.9s/15s  3520.00 iters/s

running (11.9s), 00158/03520 VUs, 41677 complete and 0 interrupted iterations
default   [  79% ] 00158/03520 VUs  11.9s/15s  3520.00 iters/s

running (12.9s), 00209/03520 VUs, 45145 complete and 0 interrupted iterations
default   [  86% ] 00209/03520 VUs  12.9s/15s  3520.00 iters/s

running (13.9s), 00235/03520 VUs, 48643 complete and 0 interrupted iterations
default   [  93% ] 00235/03520 VUs  13.9s/15s  3520.00 iters/s

running (14.9s), 00212/03520 VUs, 52181 complete and 0 interrupted iterations
default   [  99% ] 00212/03520 VUs  14.9s/15s  3520.00 iters/s


  █ TOTAL RESULTS 

    HTTP
    http_req_duration..............: avg=56.23ms min=36.2ms  med=55.94ms max=95.27ms p(90)=64.24ms p(95)=66.92ms
      { expected_response:true }...: avg=56.23ms min=36.2ms  med=55.94ms max=95.27ms p(90)=64.24ms p(95)=66.92ms
    http_req_failed................: 0.00% 0 out of 52631
    http_reqs......................: 52631 3507.381238/s

    EXECUTION
    iteration_duration.............: avg=56.33ms min=36.33ms med=56.04ms max=95.55ms p(90)=64.35ms p(95)=67.04ms
    iterations.....................: 52631 3507.381238/s
    vus............................: 212   min=158        max=231 
    vus_max........................: 3520  min=3520       max=3520

    NETWORK
    data_received..................: 11 MB 712 kB/s
    data_sent......................: 10 MB 675 kB/s




running (15.0s), 00000/03520 VUs, 52627 complete and 174 interrupted iterations
default ✓ [ 100% ] 00174/03520 VUs  15s  3520.00 iters/s
