
         /\      Grafana   /‾‾/  
    /\  /  \     |\  __   /  /   
   /  \/    \    | |/ /  /   ‾‾\ 
  /          \   |   (  |  (‾)  |
 / __________ \  |_|\_\  \_____/ 

     execution: local
        script: workflow/online_boutique/k6_open_view_cart.js
        output: -

     scenarios: (100.00%) 1 scenario, 10000 max VUs, 15s max duration (incl. graceful stop):
              * default: 60.00 iterations/s for 15s (maxVUs: 60-10000)


running (01.0s), 00011/00060 VUs, 49 complete and 0 interrupted iterations
default   [   7% ] 00011/00060 VUs  01.0s/15s  60.00 iters/s

running (02.0s), 00022/00060 VUs, 98 complete and 0 interrupted iterations
default   [  13% ] 00022/00060 VUs  02.0s/15s  60.00 iters/s

running (03.0s), 00007/00060 VUs, 173 complete and 0 interrupted iterations
default   [  20% ] 00007/00060 VUs  03.0s/15s  60.00 iters/s

running (04.0s), 00018/00060 VUs, 222 complete and 0 interrupted iterations
default   [  27% ] 00018/00060 VUs  04.0s/15s  60.00 iters/s

running (05.0s), 00029/00060 VUs, 271 complete and 0 interrupted iterations
default   [  33% ] 00029/00060 VUs  05.0s/15s  60.00 iters/s

running (06.0s), 00015/00060 VUs, 345 complete and 0 interrupted iterations
default   [  40% ] 00015/00060 VUs  06.0s/15s  60.00 iters/s

running (07.0s), 00026/00060 VUs, 394 complete and 0 interrupted iterations
default   [  47% ] 00026/00060 VUs  07.0s/15s  60.00 iters/s

running (08.0s), 00012/00060 VUs, 468 complete and 0 interrupted iterations
default   [  53% ] 00012/00060 VUs  08.0s/15s  60.00 iters/s

running (09.0s), 00022/00060 VUs, 518 complete and 0 interrupted iterations
default   [  60% ] 00022/00060 VUs  09.0s/15s  60.00 iters/s

running (10.0s), 00007/00060 VUs, 593 complete and 0 interrupted iterations
default   [  67% ] 00007/00060 VUs  10.0s/15s  60.00 iters/s

running (11.0s), 00017/00060 VUs, 643 complete and 0 interrupted iterations
default   [  73% ] 00017/00060 VUs  11.0s/15s  60.00 iters/s

running (12.0s), 00027/00060 VUs, 693 complete and 0 interrupted iterations
default   [  80% ] 00027/00060 VUs  12.0s/15s  60.00 iters/s

running (13.0s), 00012/00060 VUs, 768 complete and 0 interrupted iterations
default   [  87% ] 00012/00060 VUs  13.0s/15s  60.00 iters/s

running (14.0s), 00022/00060 VUs, 818 complete and 0 interrupted iterations
default   [  93% ] 00022/00060 VUs  14.0s/15s  60.00 iters/s

running (15.0s), 00007/00060 VUs, 893 complete and 0 interrupted iterations
default   [ 100% ] 00007/00060 VUs  15.0s/15s  60.00 iters/s


  █ TOTAL RESULTS 

    CUSTOM
    online_boutique_application_errors...: 0.00%  0 out of 893

    HTTP
    http_req_duration....................: avg=283.53ms min=78.92ms med=281.94ms max=489.41ms p(90)=446.27ms p(95)=464.53ms
      { expected_response:true }.........: avg=283.53ms min=78.92ms med=281.94ms max=489.41ms p(90)=446.27ms p(95)=464.53ms
    http_req_failed......................: 0.00%  0 out of 893
    http_reqs............................: 893    59.52485/s

    EXECUTION
    iteration_duration...................: avg=283.77ms min=79.1ms  med=282.19ms max=489.68ms p(90)=446.75ms p(95)=464.87ms
    iterations...........................: 893    59.52485/s
    vus..................................: 7      min=7        max=29
    vus_max..............................: 60     min=60       max=60

    NETWORK
    data_received........................: 1.7 MB 116 kB/s
    data_sent............................: 216 kB 14 kB/s




running (15.0s), 00000/00060 VUs, 893 complete and 8 interrupted iterations
default ✓ [ 100% ] 00008/00060 VUs  15s  60.00 iters/s
