
         /\      Grafana   /‾‾/  
    /\  /  \     |\  __   /  /   
   /  \/    \    | |/ /  /   ‾‾\ 
  /          \   |   (  |  (‾)  |
 / __________ \  |_|\_\  \_____/ 

     execution: local
        script: workflow/spin/k6_open_client.js
        output: -

     scenarios: (100.00%) 1 scenario, 10000 max VUs, 15s max duration (incl. graceful stop):
              * default: 2955.00 iterations/s for 15s (maxVUs: 2955-10000)


running (00.9s), 00070/02955 VUs, 2588 complete and 0 interrupted iterations
default   [   6% ] 00070/02955 VUs  00.9s/15s  2955.00 iters/s

running (01.9s), 00088/02955 VUs, 5525 complete and 0 interrupted iterations
default   [  13% ] 00088/02955 VUs  01.9s/15s  2955.00 iters/s

running (02.9s), 00070/02955 VUs, 8497 complete and 0 interrupted iterations
default   [  19% ] 00070/02955 VUs  02.9s/15s  2955.00 iters/s

running (03.9s), 00060/02955 VUs, 11460 complete and 0 interrupted iterations
default   [  26% ] 00061/02955 VUs  03.9s/15s  2955.00 iters/s

running (04.9s), 00061/02955 VUs, 14417 complete and 0 interrupted iterations
default   [  33% ] 00061/02955 VUs  04.9s/15s  2955.00 iters/s

running (05.9s), 00079/02955 VUs, 17353 complete and 0 interrupted iterations
default   [  39% ] 00079/02955 VUs  05.9s/15s  2955.00 iters/s

running (06.9s), 00055/02955 VUs, 20335 complete and 0 interrupted iterations
default   [  46% ] 00055/02955 VUs  06.9s/15s  2955.00 iters/s

running (07.9s), 00075/02955 VUs, 23268 complete and 0 interrupted iterations
default   [  53% ] 00075/02955 VUs  07.9s/15s  2955.00 iters/s

running (08.9s), 00071/02955 VUs, 26224 complete and 0 interrupted iterations
default   [  59% ] 00071/02955 VUs  08.9s/15s  2955.00 iters/s

running (09.9s), 00059/02955 VUs, 29194 complete and 0 interrupted iterations
default   [  66% ] 00059/02955 VUs  09.9s/15s  2955.00 iters/s

running (10.9s), 00075/02955 VUs, 32132 complete and 0 interrupted iterations
default   [  73% ] 00075/02955 VUs  10.9s/15s  2955.00 iters/s

running (11.9s), 00067/02955 VUs, 35094 complete and 0 interrupted iterations
default   [  79% ] 00068/02955 VUs  11.9s/15s  2955.00 iters/s

running (12.9s), 00069/02955 VUs, 38048 complete and 0 interrupted iterations
default   [  86% ] 00070/02955 VUs  12.9s/15s  2955.00 iters/s

running (13.9s), 00078/02955 VUs, 40995 complete and 0 interrupted iterations
default   [  93% ] 00078/02955 VUs  13.9s/15s  2955.00 iters/s

running (14.9s), 00111/02955 VUs, 43914 complete and 0 interrupted iterations
default   [  99% ] 00111/02955 VUs  14.9s/15s  2955.00 iters/s


  █ TOTAL RESULTS 

    HTTP
    http_req_duration..............: avg=25.1ms min=14.11ms med=23.81ms max=65.34ms p(90)=31.1ms  p(95)=37.59ms
      { expected_response:true }...: avg=25.1ms min=14.11ms med=23.81ms max=65.34ms p(90)=31.1ms  p(95)=37.59ms
    http_req_failed................: 0.00%  0 out of 44252
    http_reqs......................: 44252  2949.281566/s

    EXECUTION
    iteration_duration.............: avg=25.2ms min=14.19ms med=23.89ms max=65.58ms p(90)=31.21ms p(95)=37.78ms
    iterations.....................: 44252  2949.281566/s
    vus............................: 111    min=51         max=111 
    vus_max........................: 2955   min=2955       max=2955

    NETWORK
    data_received..................: 9.0 MB 599 kB/s
    data_sent......................: 8.5 MB 567 kB/s




running (15.0s), 00000/02955 VUs, 44247 complete and 79 interrupted iterations
default ✓ [ 100% ] 00079/02955 VUs  15s  2955.00 iters/s
