
         /\      Grafana   /‾‾/  
    /\  /  \     |\  __   /  /   
   /  \/    \    | |/ /  /   ‾‾\ 
  /          \   |   (  |  (‾)  |
 / __________ \  |_|\_\  \_____/ 

     execution: local
        script: workflow/write/k6_open_client.js
        output: -

     scenarios: (100.00%) 1 scenario, 10000 max VUs, 15s max duration (incl. graceful stop):
              * default: 8468.00 iterations/s for 15s (maxVUs: 8468-10000)


running (00.7s), 01551/08468 VUs, 3559 complete and 0 interrupted iterations
default   [   5% ] 01551/08468 VUs  00.7s/15s  8468.00 iters/s

running (01.7s), 05829/08468 VUs, 8967 complete and 0 interrupted iterations
default   [  12% ] 05829/08468 VUs  01.7s/15s  8468.00 iters/s

running (02.7s), 05703/08468 VUs, 17562 complete and 0 interrupted iterations
default   [  18% ] 05703/08468 VUs  02.7s/15s  8468.00 iters/s

running (03.7s), 05750/08468 VUs, 25983 complete and 0 interrupted iterations
default   [  25% ] 05750/08468 VUs  03.7s/15s  8468.00 iters/s

running (04.7s), 05940/08468 VUs, 34261 complete and 0 interrupted iterations
default   [  32% ] 05940/08468 VUs  04.7s/15s  8468.00 iters/s

running (05.7s), 06026/08468 VUs, 42643 complete and 0 interrupted iterations
default   [  38% ] 06026/08468 VUs  05.7s/15s  8468.00 iters/s

running (06.7s), 05901/08468 VUs, 51236 complete and 0 interrupted iterations
default   [  45% ] 05901/08468 VUs  06.7s/15s  8468.00 iters/s

running (07.7s), 06006/08468 VUs, 59600 complete and 0 interrupted iterations
default   [  52% ] 06006/08468 VUs  07.7s/15s  8468.00 iters/s

running (08.7s), 05894/08468 VUs, 68179 complete and 0 interrupted iterations
default   [  58% ] 05893/08468 VUs  08.7s/15s  8468.00 iters/s

running (09.7s), 05746/08468 VUs, 76795 complete and 0 interrupted iterations
default   [  65% ] 05746/08468 VUs  09.7s/15s  8468.00 iters/s

running (10.7s), 06071/08468 VUs, 84938 complete and 0 interrupted iterations
default   [  72% ] 06071/08468 VUs  10.7s/15s  8468.00 iters/s

running (11.7s), 06252/08468 VUs, 93225 complete and 0 interrupted iterations
default   [  78% ] 06252/08468 VUs  11.7s/15s  8468.00 iters/s

running (12.7s), 06149/08468 VUs, 101796 complete and 0 interrupted iterations
default   [  85% ] 06149/08468 VUs  12.7s/15s  8468.00 iters/s

running (13.7s), 06092/08468 VUs, 110321 complete and 0 interrupted iterations
default   [  92% ] 06091/08468 VUs  13.7s/15s  8468.00 iters/s

running (14.7s), 06033/08468 VUs, 118848 complete and 0 interrupted iterations
default   [  98% ] 06033/08468 VUs  14.7s/15s  8468.00 iters/s


  █ TOTAL RESULTS 

    HTTP
    http_req_duration..............: avg=666.42ms min=573.55µs med=705.38ms max=1.51s p(90)=735.59ms p(95)=744.65ms
      { expected_response:true }...: avg=666.42ms min=573.55µs med=705.38ms max=1.51s p(90)=735.59ms p(95)=744.65ms
    http_req_failed................: 0.00%  0 out of 121036
    http_reqs......................: 121036 8040.260354/s

    EXECUTION
    iteration_duration.............: avg=672.69ms min=619.86µs med=705.63ms max=1.72s p(90)=736.28ms p(95)=745.18ms
    iterations.....................: 121035 8040.193926/s
    vus............................: 6033   min=1541        max=6250
    vus_max........................: 8468   min=8468        max=8468

    NETWORK
    data_received..................: 25 MB  1.6 MB/s
    data_sent......................: 13 MB  844 kB/s




running (15.1s), 00000/08468 VUs, 121005 complete and 6016 interrupted iterations
default ✓ [ 100% ] 06016/08468 VUs  15s  8468.00 iters/s
