
         /\      Grafana   /‾‾/  
    /\  /  \     |\  __   /  /   
   /  \/    \    | |/ /  /   ‾‾\ 
  /          \   |   (  |  (‾)  |
 / __________ \  |_|\_\  \_____/ 

     execution: local
        script: workflow/spin/k6_open_client.js
        output: -

     scenarios: (100.00%) 1 scenario, 10000 max VUs, 15s max duration (incl. graceful stop):
              * default: 3663.00 iterations/s for 15s (maxVUs: 3663-10000)


running (00.9s), 00540/03663 VUs, 2695 complete and 0 interrupted iterations
default   [   6% ] 00539/03663 VUs  00.9s/15s  3663.00 iters/s

running (01.9s), 00695/03663 VUs, 6203 complete and 0 interrupted iterations
default   [  13% ] 00695/03663 VUs  01.9s/15s  3663.00 iters/s

running (02.9s), 00833/03663 VUs, 9728 complete and 0 interrupted iterations
default   [  19% ] 00833/03663 VUs  02.9s/15s  3663.00 iters/s

running (03.9s), 00976/03663 VUs, 13247 complete and 0 interrupted iterations
default   [  26% ] 00977/03663 VUs  03.9s/15s  3663.00 iters/s

running (04.9s), 01009/03663 VUs, 16878 complete and 0 interrupted iterations
default   [  33% ] 01009/03663 VUs  04.9s/15s  3663.00 iters/s

running (05.9s), 01111/03663 VUs, 20439 complete and 0 interrupted iterations
default   [  39% ] 01111/03663 VUs  05.9s/15s  3663.00 iters/s

running (06.9s), 01208/03663 VUs, 24005 complete and 0 interrupted iterations
default   [  46% ] 01208/03663 VUs  06.9s/15s  3663.00 iters/s

running (07.9s), 01229/03663 VUs, 27648 complete and 0 interrupted iterations
default   [  53% ] 01229/03663 VUs  07.9s/15s  3663.00 iters/s

running (08.9s), 01181/03663 VUs, 31360 complete and 0 interrupted iterations
default   [  59% ] 01181/03663 VUs  08.9s/15s  3663.00 iters/s

running (09.9s), 01257/03663 VUs, 34944 complete and 0 interrupted iterations
default   [  66% ] 01257/03663 VUs  09.9s/15s  3663.00 iters/s

running (10.9s), 01337/03663 VUs, 38528 complete and 0 interrupted iterations
default   [  73% ] 01337/03663 VUs  10.9s/15s  3663.00 iters/s

running (11.9s), 01416/03663 VUs, 42112 complete and 0 interrupted iterations
default   [  79% ] 01416/03663 VUs  11.9s/15s  3663.00 iters/s

running (12.9s), 01493/03663 VUs, 45696 complete and 0 interrupted iterations
default   [  86% ] 01496/03663 VUs  12.9s/15s  3663.00 iters/s

running (13.9s), 01478/03663 VUs, 49376 complete and 0 interrupted iterations
default   [  93% ] 01477/03663 VUs  13.9s/15s  3663.00 iters/s

running (14.9s), 01525/03663 VUs, 52992 complete and 0 interrupted iterations
default   [  99% ] 01525/03663 VUs  14.9s/15s  3663.00 iters/s


  █ TOTAL RESULTS 

    HTTP
    http_req_duration..............: avg=308.35ms min=63.6ms  med=326.51ms max=435.74ms p(90)=403.47ms p(95)=409.57ms
      { expected_response:true }...: avg=308.35ms min=63.6ms  med=326.51ms max=435.74ms p(90)=403.47ms p(95)=409.57ms
    http_req_failed................: 0.00% 0 out of 53376
    http_reqs......................: 53376 3555.041157/s

    EXECUTION
    iteration_duration.............: avg=308.44ms min=64.22ms med=326.6ms  max=435.81ms p(90)=403.55ms p(95)=409.67ms
    iterations.....................: 53376 3555.041157/s
    vus............................: 1525  min=539        max=1525
    vus_max........................: 3663  min=3663       max=3663

    NETWORK
    data_received..................: 11 MB 722 kB/s
    data_sent......................: 11 MB 702 kB/s




running (15.0s), 00000/03663 VUs, 53376 complete and 1566 interrupted iterations
default ✓ [ 100% ] 01566/03663 VUs  15s  3663.00 iters/s
