
         /\      Grafana   /‾‾/  
    /\  /  \     |\  __   /  /   
   /  \/    \    | |/ /  /   ‾‾\ 
  /          \   |   (  |  (‾)  |
 / __________ \  |_|\_\  \_____/ 

     execution: local
        script: workflow/online_boutique/k6_open_view_cart.js
        output: -

     scenarios: (100.00%) 1 scenario, 10000 max VUs, 15s max duration (incl. graceful stop):
              * default: 549.00 iterations/s for 15s (maxVUs: 549-10000)


running (01.0s), 00307/00549 VUs, 224 complete and 0 interrupted iterations
default   [   6% ] 00307/00549 VUs  01.0s/15s  549.00 iters/s

running (02.0s), 00411/00549 VUs, 669 complete and 0 interrupted iterations
default   [  13% ] 00411/00549 VUs  02.0s/15s  549.00 iters/s

running (03.0s), 00296/00549 VUs, 1334 complete and 0 interrupted iterations
default   [  20% ] 00296/00549 VUs  03.0s/15s  549.00 iters/s

running (04.0s), 00401/00549 VUs, 1777 complete and 0 interrupted iterations
default   [  26% ] 00401/00549 VUs  04.0s/15s  549.00 iters/s

running (05.0s), 00284/00549 VUs, 2443 complete and 0 interrupted iterations
default   [  33% ] 00284/00549 VUs  05.0s/15s  549.00 iters/s

running (06.0s), 00391/00549 VUs, 2886 complete and 0 interrupted iterations
default   [  40% ] 00391/00549 VUs  06.0s/15s  549.00 iters/s

running (07.0s), 00275/00549 VUs, 3551 complete and 0 interrupted iterations
default   [  46% ] 00275/00549 VUs  07.0s/15s  549.00 iters/s

running (08.0s), 00380/00549 VUs, 3995 complete and 0 interrupted iterations
default   [  53% ] 00380/00549 VUs  08.0s/15s  549.00 iters/s

running (09.0s), 00264/00549 VUs, 4660 complete and 0 interrupted iterations
default   [  60% ] 00264/00549 VUs  09.0s/15s  549.00 iters/s

running (10.0s), 00368/00549 VUs, 5104 complete and 0 interrupted iterations
default   [  66% ] 00368/00549 VUs  10.0s/15s  549.00 iters/s

running (11.0s), 00252/00549 VUs, 5769 complete and 0 interrupted iterations
default   [  73% ] 00252/00549 VUs  11.0s/15s  549.00 iters/s

running (12.0s), 00357/00549 VUs, 6213 complete and 0 interrupted iterations
default   [  80% ] 00358/00549 VUs  12.0s/15s  549.00 iters/s

running (13.0s), 00242/00549 VUs, 6878 complete and 0 interrupted iterations
default   [  86% ] 00242/00549 VUs  13.0s/15s  549.00 iters/s

running (14.0s), 00348/00549 VUs, 7321 complete and 0 interrupted iterations
default   [  93% ] 00348/00549 VUs  14.0s/15s  549.00 iters/s

running (15.0s), 00232/00549 VUs, 7986 complete and 0 interrupted iterations
default   [ 100% ] 00232/00549 VUs  15.0s/15s  549.00 iters/s


  █ TOTAL RESULTS 

    CUSTOM
    online_boutique_application_errors...: 0.00%  0 out of 7986

    HTTP
    http_req_duration....................: avg=600.43ms min=398.35ms med=600.27ms max=812.54ms p(90)=744.53ms p(95)=762.8ms 
      { expected_response:true }.........: avg=600.43ms min=398.35ms med=600.27ms max=812.54ms p(90)=744.53ms p(95)=762.8ms 
    http_req_failed......................: 0.00%  0 out of 7986
    http_reqs............................: 7986   532.285015/s

    EXECUTION
    iteration_duration...................: avg=600.65ms min=398.5ms  med=600.44ms max=812.82ms p(90)=744.72ms p(95)=762.98ms
    iterations...........................: 7986   532.285015/s
    vus..................................: 232    min=232       max=411
    vus_max..............................: 549    min=549       max=549

    NETWORK
    data_received........................: 16 MB  1.0 MB/s
    data_sent............................: 2.0 MB 132 kB/s




running (15.0s), 00000/00549 VUs, 7986 complete and 249 interrupted iterations
default ✓ [ 100% ] 00249/00549 VUs  15s  549.00 iters/s
