
         /\      Grafana   /‾‾/  
    /\  /  \     |\  __   /  /   
   /  \/    \    | |/ /  /   ‾‾\ 
  /          \   |   (  |  (‾)  |
 / __________ \  |_|\_\  \_____/ 

     execution: local
        script: workflow/spin/k6_open_client.js
        output: -

     scenarios: (100.00%) 1 scenario, 10000 max VUs, 15s max duration (incl. graceful stop):
              * default: 3264.00 iterations/s for 15s (maxVUs: 3264-10000)


running (00.9s), 00169/03264 VUs, 2736 complete and 0 interrupted iterations
default   [   6% ] 00170/03264 VUs  00.9s/15s  3264.00 iters/s

running (01.9s), 00173/03264 VUs, 5998 complete and 0 interrupted iterations
default   [  13% ] 00173/03264 VUs  01.9s/15s  3264.00 iters/s

running (02.9s), 00171/03264 VUs, 9263 complete and 0 interrupted iterations
default   [  19% ] 00172/03264 VUs  02.9s/15s  3264.00 iters/s

running (03.9s), 00156/03264 VUs, 12541 complete and 0 interrupted iterations
default   [  26% ] 00156/03264 VUs  03.9s/15s  3264.00 iters/s

running (04.9s), 00168/03264 VUs, 15795 complete and 0 interrupted iterations
default   [  33% ] 00168/03264 VUs  04.9s/15s  3264.00 iters/s

running (05.9s), 00184/03264 VUs, 19043 complete and 0 interrupted iterations
default   [  39% ] 00184/03264 VUs  05.9s/15s  3264.00 iters/s

running (06.9s), 00164/03264 VUs, 22327 complete and 0 interrupted iterations
default   [  46% ] 00164/03264 VUs  06.9s/15s  3264.00 iters/s

running (07.9s), 00172/03264 VUs, 25585 complete and 0 interrupted iterations
default   [  53% ] 00172/03264 VUs  07.9s/15s  3264.00 iters/s

running (08.9s), 00190/03264 VUs, 28829 complete and 0 interrupted iterations
default   [  59% ] 00190/03264 VUs  08.9s/15s  3264.00 iters/s

running (09.9s), 00200/03264 VUs, 32083 complete and 0 interrupted iterations
default   [  66% ] 00200/03264 VUs  09.9s/15s  3264.00 iters/s

running (10.9s), 00157/03264 VUs, 35389 complete and 0 interrupted iterations
default   [  73% ] 00157/03264 VUs  10.9s/15s  3264.00 iters/s

running (11.9s), 00196/03264 VUs, 38615 complete and 0 interrupted iterations
default   [  79% ] 00196/03264 VUs  11.9s/15s  3264.00 iters/s

running (12.9s), 00133/03264 VUs, 41941 complete and 0 interrupted iterations
default   [  86% ] 00133/03264 VUs  12.9s/15s  3264.00 iters/s

running (13.9s), 00176/03264 VUs, 45165 complete and 0 interrupted iterations
default   [  93% ] 00176/03264 VUs  13.9s/15s  3264.00 iters/s

running (14.9s), 00168/03264 VUs, 48435 complete and 0 interrupted iterations
default   [  99% ] 00168/03264 VUs  14.9s/15s  3264.00 iters/s


  █ TOTAL RESULTS 

    HTTP
    http_req_duration..............: avg=55.31ms min=35.56ms med=55.02ms max=88.02ms p(90)=64.51ms p(95)=68.17ms
      { expected_response:true }...: avg=55.31ms min=35.56ms med=55.02ms max=88.02ms p(90)=64.51ms p(95)=68.17ms
    http_req_failed................: 0.00%  0 out of 48813
    http_reqs......................: 48813  3252.96858/s

    EXECUTION
    iteration_duration.............: avg=55.4ms  min=35.78ms med=55.1ms  max=88.85ms p(90)=64.61ms p(95)=68.28ms
    iterations.....................: 48813  3252.96858/s
    vus............................: 169    min=135        max=201 
    vus_max........................: 3264   min=3264       max=3264

    NETWORK
    data_received..................: 9.9 MB 660 kB/s
    data_sent......................: 9.4 MB 626 kB/s




running (15.0s), 00000/03264 VUs, 48813 complete and 146 interrupted iterations
default ✓ [ 100% ] 00146/03264 VUs  15s  3264.00 iters/s
