
         /\      Grafana   /‾‾/  
    /\  /  \     |\  __   /  /   
   /  \/    \    | |/ /  /   ‾‾\ 
  /          \   |   (  |  (‾)  |
 / __________ \  |_|\_\  \_____/ 

     execution: local
        script: workflow/social/k6_open_client.js
        output: -

     scenarios: (100.00%) 1 scenario, 10000 max VUs, 10s max duration (incl. graceful stop):
              * default: 1035.00 iterations/s for 10s (maxVUs: 1035-10000)


running (01.0s), 00478/01035 VUs, 509 complete and 0 interrupted iterations
default   [  10% ] 00478/01035 VUs  01.0s/10s  1035.00 iters/s

running (02.0s), 00512/01035 VUs, 1510 complete and 0 interrupted iterations
default   [  20% ] 00512/01035 VUs  02.0s/10s  1035.00 iters/s

running (03.0s), 00511/01035 VUs, 2545 complete and 0 interrupted iterations
default   [  30% ] 00512/01035 VUs  03.0s/10s  1035.00 iters/s

running (04.0s), 00515/01035 VUs, 3577 complete and 0 interrupted iterations
default   [  40% ] 00515/01035 VUs  04.0s/10s  1035.00 iters/s

running (05.0s), 00513/01035 VUs, 4614 complete and 0 interrupted iterations
default   [  50% ] 00513/01035 VUs  05.0s/10s  1035.00 iters/s

running (06.0s), 00512/01035 VUs, 5650 complete and 0 interrupted iterations
default   [  60% ] 00512/01035 VUs  06.0s/10s  1035.00 iters/s

running (07.0s), 00512/01035 VUs, 6685 complete and 0 interrupted iterations
default   [  70% ] 00512/01035 VUs  07.0s/10s  1035.00 iters/s

running (08.0s), 00511/01035 VUs, 7721 complete and 0 interrupted iterations
default   [  80% ] 00511/01035 VUs  08.0s/10s  1035.00 iters/s

running (09.0s), 00512/01035 VUs, 8755 complete and 0 interrupted iterations
default   [  90% ] 00512/01035 VUs  09.0s/10s  1035.00 iters/s

running (10.0s), 00512/01035 VUs, 9790 complete and 0 interrupted iterations
default   [ 100% ] 00512/01035 VUs  10.0s/10s  1035.00 iters/s


  █ TOTAL RESULTS 

    HTTP
    http_req_duration..............: avg=1.65ms min=1.07ms med=1.32ms max=15ms    p(90)=2.27ms p(95)=3.47ms
      { expected_response:true }...: avg=1.65ms min=1.07ms med=1.32ms max=15ms    p(90)=2.27ms p(95)=3.47ms
    http_req_failed................: 0.00%  0 out of 9840
    http_reqs......................: 9840   983.179407/s

    EXECUTION
    iteration_duration.............: avg=1.76ms min=1.16ms med=1.42ms max=15.62ms p(90)=2.38ms p(95)=3.58ms
    iterations.....................: 9840   983.179407/s
    vus............................: 512    min=478       max=515 
    vus_max........................: 1035   min=1035      max=1035

    NETWORK
    data_received..................: 2.2 MB 220 kB/s
    data_sent......................: 3.2 MB 323 kB/s




running (10.0s), 00000/01035 VUs, 9839 complete and 512 interrupted iterations
default ✓ [ 100% ] 00512/01035 VUs  10s  1035.00 iters/s
