
         /\      Grafana   /‾‾/  
    /\  /  \     |\  __   /  /   
   /  \/    \    | |/ /  /   ‾‾\ 
  /          \   |   (  |  (‾)  |
 / __________ \  |_|\_\  \_____/ 

     execution: local
        script: workflow/spin/k6_open_client.js
        output: -

     scenarios: (100.00%) 1 scenario, 10000 max VUs, 15s max duration (incl. graceful stop):
              * default: 2371.00 iterations/s for 15s (maxVUs: 2371-10000)


running (00.9s), 00383/02371 VUs, 1775 complete and 0 interrupted iterations
default   [   6% ] 00383/02371 VUs  00.9s/15s  2371.00 iters/s

running (01.9s), 00483/02371 VUs, 4044 complete and 0 interrupted iterations
default   [  13% ] 00483/02371 VUs  01.9s/15s  2371.00 iters/s

running (02.9s), 00336/02371 VUs, 6565 complete and 0 interrupted iterations
default   [  19% ] 00336/02371 VUs  02.9s/15s  2371.00 iters/s

running (03.9s), 00432/02371 VUs, 8841 complete and 0 interrupted iterations
default   [  26% ] 00432/02371 VUs  03.9s/15s  2371.00 iters/s

running (04.9s), 00426/02371 VUs, 11216 complete and 0 interrupted iterations
default   [  33% ] 00426/02371 VUs  04.9s/15s  2371.00 iters/s

running (05.9s), 00401/02371 VUs, 13613 complete and 0 interrupted iterations
default   [  39% ] 00401/02371 VUs  05.9s/15s  2371.00 iters/s

running (06.9s), 00404/02371 VUs, 15982 complete and 0 interrupted iterations
default   [  46% ] 00404/02371 VUs  06.9s/15s  2371.00 iters/s

running (07.9s), 00363/02371 VUs, 18391 complete and 0 interrupted iterations
default   [  53% ] 00363/02371 VUs  07.9s/15s  2371.00 iters/s

running (08.9s), 00453/02371 VUs, 20675 complete and 0 interrupted iterations
default   [  59% ] 00453/02371 VUs  08.9s/15s  2371.00 iters/s

running (09.9s), 00411/02371 VUs, 23089 complete and 0 interrupted iterations
default   [  66% ] 00411/02371 VUs  09.9s/15s  2371.00 iters/s

running (10.9s), 00413/02371 VUs, 25456 complete and 0 interrupted iterations
default   [  73% ] 00413/02371 VUs  10.9s/15s  2371.00 iters/s

running (11.9s), 00373/02371 VUs, 27867 complete and 0 interrupted iterations
default   [  79% ] 00373/02371 VUs  11.9s/15s  2371.00 iters/s

running (12.9s), 00386/02371 VUs, 30223 complete and 0 interrupted iterations
default   [  86% ] 00386/02371 VUs  12.9s/15s  2371.00 iters/s

running (13.9s), 00420/02371 VUs, 32562 complete and 0 interrupted iterations
default   [  93% ] 00420/02371 VUs  13.9s/15s  2371.00 iters/s

running (14.9s), 00358/02371 VUs, 34995 complete and 0 interrupted iterations
default   [  99% ] 00358/02371 VUs  14.9s/15s  2371.00 iters/s


  █ TOTAL RESULTS 

    HTTP
    http_req_duration..............: avg=172.8ms min=116.61ms med=172.88ms max=229.73ms p(90)=200.14ms p(95)=204.26ms
      { expected_response:true }...: avg=172.8ms min=116.61ms med=172.88ms max=229.73ms p(90)=200.14ms p(95)=204.26ms
    http_req_failed................: 0.00%  0 out of 35251
    http_reqs......................: 35251  2349.158514/s

    EXECUTION
    iteration_duration.............: avg=172.9ms min=116.68ms med=172.96ms max=229.81ms p(90)=200.24ms p(95)=204.35ms
    iterations.....................: 35251  2349.158514/s
    vus............................: 359    min=336        max=486 
    vus_max........................: 2371   min=2371       max=2371

    NETWORK
    data_received..................: 7.2 MB 477 kB/s
    data_sent......................: 6.8 MB 455 kB/s




running (15.0s), 00000/02371 VUs, 35251 complete and 316 interrupted iterations
default ✓ [ 100% ] 00316/02371 VUs  15s  2371.00 iters/s
