
         /\      Grafana   /‾‾/  
    /\  /  \     |\  __   /  /   
   /  \/    \    | |/ /  /   ‾‾\ 
  /          \   |   (  |  (‾)  |
 / __________ \  |_|\_\  \_____/ 

     execution: local
        script: workflow/response/k6_open_client.js
        output: -

     scenarios: (100.00%) 1 scenario, 100000 max VUs, 15s max duration (incl. graceful stop):
              * default: 6756.00 iterations/s for 15s (maxVUs: 6756-100000)


running (00.8s), 001071/006756 VUs, 3037 complete and 0 interrupted iterations
default   [   5% ] 001070/006756 VUs  00.8s/15s  6756.00 iters/s

running (01.8s), 003171/006756 VUs, 8924 complete and 0 interrupted iterations
default   [  12% ] 003171/006756 VUs  01.8s/15s  6756.00 iters/s

running (02.8s), 002308/006756 VUs, 16543 complete and 0 interrupted iterations
default   [  19% ] 002308/006756 VUs  02.8s/15s  6756.00 iters/s

running (03.8s), 001636/006756 VUs, 23971 complete and 0 interrupted iterations
default   [  25% ] 001636/006756 VUs  03.8s/15s  6756.00 iters/s

running (04.8s), 001010/006756 VUs, 31353 complete and 0 interrupted iterations
default   [  32% ] 001010/006756 VUs  04.8s/15s  6756.00 iters/s

running (05.8s), 000294/006756 VUs, 38825 complete and 0 interrupted iterations
default   [  39% ] 000294/006756 VUs  05.8s/15s  6756.00 iters/s

running (06.8s), 000023/006756 VUs, 45852 complete and 0 interrupted iterations
default   [  45% ] 000023/006756 VUs  06.8s/15s  6756.00 iters/s

running (07.8s), 000063/006756 VUs, 52569 complete and 0 interrupted iterations
default   [  52% ] 000063/006756 VUs  07.8s/15s  6756.00 iters/s

running (08.8s), 000006/006756 VUs, 59381 complete and 0 interrupted iterations
default   [  59% ] 000007/006756 VUs  08.8s/15s  6756.00 iters/s

running (09.8s), 000008/006756 VUs, 66136 complete and 0 interrupted iterations
default   [  65% ] 000007/006756 VUs  09.8s/15s  6756.00 iters/s

running (10.8s), 000025/006756 VUs, 72875 complete and 0 interrupted iterations
default   [  72% ] 000025/006756 VUs  10.8s/15s  6756.00 iters/s

running (11.8s), 000031/006756 VUs, 79626 complete and 0 interrupted iterations
default   [  79% ] 000031/006756 VUs  11.8s/15s  6756.00 iters/s

running (12.8s), 000019/006756 VUs, 86393 complete and 0 interrupted iterations
default   [  85% ] 000019/006756 VUs  12.8s/15s  6756.00 iters/s

running (13.8s), 000051/006756 VUs, 93117 complete and 0 interrupted iterations
default   [  92% ] 000051/006756 VUs  13.8s/15s  6756.00 iters/s

running (14.8s), 000004/006756 VUs, 99924 complete and 0 interrupted iterations
default   [  99% ] 000004/006756 VUs  14.8s/15s  6756.00 iters/s


  █ TOTAL RESULTS 

    HTTP
    http_req_duration..............: avg=92.67ms min=395.76µs med=4.63ms max=1.02s p(90)=333.76ms p(95)=401.75ms
      { expected_response:true }...: avg=92.67ms min=395.76µs med=4.63ms max=1.02s p(90)=333.76ms p(95)=401.75ms
    http_req_failed................: 0.00%  0 out of 101340
    http_reqs......................: 101340 6751.711775/s

    EXECUTION
    iteration_duration.............: avg=98.23ms min=450.6µs  med=4.71ms max=1.21s p(90)=338.79ms p(95)=403.44ms
    iterations.....................: 101340 6751.711775/s
    vus............................: 4      min=4           max=3171
    vus_max........................: 6756   min=6756        max=6756

    NETWORK
    data_received..................: 21 MB  1.4 MB/s
    data_sent......................: 20 MB  1.3 MB/s




running (15.0s), 000000/006756 VUs, 101335 complete and 7 interrupted iterations
default ✓ [ 100% ] 000007/006756 VUs  15s  6756.00 iters/s
