
         /\      Grafana   /‾‾/  
    /\  /  \     |\  __   /  /   
   /  \/    \    | |/ /  /   ‾‾\ 
  /          \   |   (  |  (‾)  |
 / __________ \  |_|\_\  \_____/ 

     execution: local
        script: workflow/spin/k6_open_client.js
        output: -

     scenarios: (100.00%) 1 scenario, 10000 max VUs, 15s max duration (incl. graceful stop):
              * default: 2371.00 iterations/s for 15s (maxVUs: 2371-10000)


running (00.9s), 00414/02371 VUs, 1773 complete and 0 interrupted iterations
default   [   6% ] 00414/02371 VUs  00.9s/15s  2371.00 iters/s

running (01.9s), 00474/02371 VUs, 4083 complete and 0 interrupted iterations
default   [  13% ] 00473/02371 VUs  01.9s/15s  2371.00 iters/s

running (02.9s), 00367/02371 VUs, 6560 complete and 0 interrupted iterations
default   [  19% ] 00367/02371 VUs  02.9s/15s  2371.00 iters/s

running (03.9s), 00461/02371 VUs, 8836 complete and 0 interrupted iterations
default   [  26% ] 00461/02371 VUs  03.9s/15s  2371.00 iters/s

running (04.9s), 00380/02371 VUs, 11290 complete and 0 interrupted iterations
default   [  33% ] 00380/02371 VUs  04.9s/15s  2371.00 iters/s

running (05.9s), 00416/02371 VUs, 13625 complete and 0 interrupted iterations
default   [  39% ] 00416/02371 VUs  05.9s/15s  2371.00 iters/s

running (06.9s), 00363/02371 VUs, 16049 complete and 0 interrupted iterations
default   [  46% ] 00363/02371 VUs  06.9s/15s  2371.00 iters/s

running (07.9s), 00384/02371 VUs, 18400 complete and 0 interrupted iterations
default   [  53% ] 00384/02371 VUs  07.9s/15s  2371.00 iters/s

running (08.9s), 00481/02371 VUs, 20673 complete and 0 interrupted iterations
default   [  59% ] 00481/02371 VUs  08.9s/15s  2371.00 iters/s

running (09.9s), 00347/02371 VUs, 23180 complete and 0 interrupted iterations
default   [  66% ] 00347/02371 VUs  09.9s/15s  2371.00 iters/s

running (10.9s), 00448/02371 VUs, 25450 complete and 0 interrupted iterations
default   [  73% ] 00448/02371 VUs  10.9s/15s  2371.00 iters/s

running (11.9s), 00430/02371 VUs, 27837 complete and 0 interrupted iterations
default   [  79% ] 00430/02371 VUs  11.9s/15s  2371.00 iters/s

running (12.9s), 00400/02371 VUs, 30237 complete and 0 interrupted iterations
default   [  86% ] 00400/02371 VUs  12.9s/15s  2371.00 iters/s

running (13.9s), 00476/02371 VUs, 32529 complete and 0 interrupted iterations
default   [  93% ] 00476/02371 VUs  13.9s/15s  2371.00 iters/s

running (14.9s), 00363/02371 VUs, 35017 complete and 0 interrupted iterations
default   [  99% ] 00363/02371 VUs  14.9s/15s  2371.00 iters/s


  █ TOTAL RESULTS 

    HTTP
    http_req_duration..............: avg=171.2ms  min=118.02ms med=171.1ms max=216.26ms p(90)=198.82ms p(95)=203.04ms
      { expected_response:true }...: avg=171.2ms  min=118.02ms med=171.1ms max=216.26ms p(90)=198.82ms p(95)=203.04ms
    http_req_failed................: 0.00%  0 out of 35185
    http_reqs......................: 35185  2344.55232/s

    EXECUTION
    iteration_duration.............: avg=171.29ms min=118.09ms med=171.2ms max=216.56ms p(90)=198.91ms p(95)=203.16ms
    iterations.....................: 35185  2344.55232/s
    vus............................: 363    min=347        max=480 
    vus_max........................: 2371   min=2371       max=2371

    NETWORK
    data_received..................: 7.1 MB 476 kB/s
    data_sent......................: 6.8 MB 455 kB/s




running (15.0s), 00000/02371 VUs, 35174 complete and 393 interrupted iterations
default ✓ [ 100% ] 00393/02371 VUs  15s  2371.00 iters/s
