
         /\      Grafana   /‾‾/  
    /\  /  \     |\  __   /  /   
   /  \/    \    | |/ /  /   ‾‾\ 
  /          \   |   (  |  (‾)  |
 / __________ \  |_|\_\  \_____/ 

     execution: local
        script: workflow/spin/k6_open_client.js
        output: -

     scenarios: (100.00%) 1 scenario, 10000 max VUs, 15s max duration (incl. graceful stop):
              * default: 1239.00 iterations/s for 15s (maxVUs: 1239-10000)


running (00.9s), 00116/01239 VUs, 1057 complete and 0 interrupted iterations
default   [   6% ] 00117/01239 VUs  00.9s/15s  1239.00 iters/s

running (01.9s), 00183/01239 VUs, 2231 complete and 0 interrupted iterations
default   [  13% ] 00183/01239 VUs  01.9s/15s  1239.00 iters/s

running (02.9s), 00124/01239 VUs, 3528 complete and 0 interrupted iterations
default   [  20% ] 00124/01239 VUs  02.9s/15s  1239.00 iters/s

running (03.9s), 00197/01239 VUs, 4695 complete and 0 interrupted iterations
default   [  26% ] 00197/01239 VUs  03.9s/15s  1239.00 iters/s

running (04.9s), 00134/01239 VUs, 5996 complete and 0 interrupted iterations
default   [  33% ] 00134/01239 VUs  04.9s/15s  1239.00 iters/s

running (05.9s), 00161/01239 VUs, 7208 complete and 0 interrupted iterations
default   [  40% ] 00161/01239 VUs  05.9s/15s  1239.00 iters/s

running (06.9s), 00162/01239 VUs, 8445 complete and 0 interrupted iterations
default   [  46% ] 00162/01239 VUs  06.9s/15s  1239.00 iters/s

running (07.9s), 00133/01239 VUs, 9714 complete and 0 interrupted iterations
default   [  53% ] 00133/01239 VUs  07.9s/15s  1239.00 iters/s

running (08.9s), 00179/01239 VUs, 10908 complete and 0 interrupted iterations
default   [  60% ] 00179/01239 VUs  08.9s/15s  1239.00 iters/s

running (09.9s), 00126/01239 VUs, 12199 complete and 0 interrupted iterations
default   [  66% ] 00126/01239 VUs  09.9s/15s  1239.00 iters/s

running (10.9s), 00208/01239 VUs, 13357 complete and 0 interrupted iterations
default   [  73% ] 00208/01239 VUs  10.9s/15s  1239.00 iters/s

running (11.9s), 00151/01239 VUs, 14653 complete and 0 interrupted iterations
default   [  80% ] 00151/01239 VUs  11.9s/15s  1239.00 iters/s

running (12.9s), 00147/01239 VUs, 15895 complete and 0 interrupted iterations
default   [  86% ] 00147/01239 VUs  12.9s/15s  1239.00 iters/s

running (13.9s), 00169/01239 VUs, 17111 complete and 0 interrupted iterations
default   [  93% ] 00169/01239 VUs  13.9s/15s  1239.00 iters/s

running (14.9s), 00124/01239 VUs, 18397 complete and 0 interrupted iterations
default   [ 100% ] 00124/01239 VUs  14.9s/15s  1239.00 iters/s


  █ TOTAL RESULTS 

    HTTP
    http_req_duration..............: avg=125.58ms min=68.56ms med=125.51ms max=188.89ms p(90)=162.36ms p(95)=167.7ms
      { expected_response:true }...: avg=125.58ms min=68.56ms med=125.51ms max=188.89ms p(90)=162.36ms p(95)=167.7ms
    http_req_failed................: 0.00%  0 out of 18397
    http_reqs......................: 18397  1226.201988/s

    EXECUTION
    iteration_duration.............: avg=125.66ms min=68.65ms med=125.62ms max=188.99ms p(90)=162.44ms p(95)=167.8ms
    iterations.....................: 18397  1226.201988/s
    vus............................: 124    min=117        max=208 
    vus_max........................: 1239   min=1239       max=1239

    NETWORK
    data_received..................: 3.7 MB 248 kB/s
    data_sent......................: 3.6 MB 238 kB/s




running (15.0s), 00000/01239 VUs, 18397 complete and 188 interrupted iterations
default ✓ [ 100% ] 00188/01239 VUs  15s  1239.00 iters/s
