
         /\      Grafana   /‾‾/  
    /\  /  \     |\  __   /  /   
   /  \/    \    | |/ /  /   ‾‾\ 
  /          \   |   (  |  (‾)  |
 / __________ \  |_|\_\  \_____/ 

     execution: local
        script: workflow/spin/k6_open_client.js
        output: -

     scenarios: (100.00%) 1 scenario, 10000 max VUs, 15s max duration (incl. graceful stop):
              * default: 4235.00 iterations/s for 15s (maxVUs: 4235-10000)


running (00.9s), 00303/04235 VUs, 3339 complete and 0 interrupted iterations
default   [   6% ] 00303/04235 VUs  00.9s/15s  4235.00 iters/s

running (01.9s), 00255/04235 VUs, 7626 complete and 0 interrupted iterations
default   [  12% ] 00255/04235 VUs  01.9s/15s  4235.00 iters/s

running (02.9s), 00262/04235 VUs, 11850 complete and 0 interrupted iterations
default   [  19% ] 00262/04235 VUs  02.9s/15s  4235.00 iters/s

running (03.9s), 00267/04235 VUs, 16080 complete and 0 interrupted iterations
default   [  26% ] 00267/04235 VUs  03.9s/15s  4235.00 iters/s

running (04.9s), 00282/04235 VUs, 20300 complete and 0 interrupted iterations
default   [  32% ] 00282/04235 VUs  04.9s/15s  4235.00 iters/s

running (05.9s), 00225/04235 VUs, 24593 complete and 0 interrupted iterations
default   [  39% ] 00225/04235 VUs  05.9s/15s  4235.00 iters/s

running (06.9s), 00258/04235 VUs, 28794 complete and 0 interrupted iterations
default   [  46% ] 00258/04235 VUs  06.9s/15s  4235.00 iters/s

running (07.9s), 00250/04235 VUs, 33037 complete and 0 interrupted iterations
default   [  52% ] 00250/04235 VUs  07.9s/15s  4235.00 iters/s

running (08.9s), 00336/04235 VUs, 37186 complete and 0 interrupted iterations
default   [  59% ] 00336/04235 VUs  08.9s/15s  4235.00 iters/s

running (09.9s), 00252/04235 VUs, 41509 complete and 0 interrupted iterations
default   [  66% ] 00252/04235 VUs  09.9s/15s  4235.00 iters/s

running (10.9s), 00291/04235 VUs, 45699 complete and 0 interrupted iterations
default   [  72% ] 00291/04235 VUs  10.9s/15s  4235.00 iters/s

running (11.9s), 00281/04235 VUs, 49946 complete and 0 interrupted iterations
default   [  79% ] 00281/04235 VUs  11.9s/15s  4235.00 iters/s

running (12.9s), 00273/04235 VUs, 54189 complete and 0 interrupted iterations
default   [  86% ] 00273/04235 VUs  12.9s/15s  4235.00 iters/s

running (13.9s), 00359/04235 VUs, 58338 complete and 0 interrupted iterations
default   [  92% ] 00359/04235 VUs  13.9s/15s  4235.00 iters/s

running (14.9s), 00245/04235 VUs, 62684 complete and 0 interrupted iterations
default   [  99% ] 00245/04235 VUs  14.9s/15s  4235.00 iters/s


  █ TOTAL RESULTS 

    HTTP
    http_req_duration..............: avg=62.55ms min=38.53ms med=60.99ms max=124.95ms p(90)=71.65ms p(95)=77.52ms
      { expected_response:true }...: avg=62.55ms min=38.53ms med=60.99ms max=124.95ms p(90)=71.65ms p(95)=77.52ms
    http_req_failed................: 0.00% 0 out of 63255
    http_reqs......................: 63255 4214.73879/s

    EXECUTION
    iteration_duration.............: avg=62.65ms min=38.59ms med=61.08ms max=126.35ms p(90)=71.79ms p(95)=77.73ms
    iterations.....................: 63255 4214.73879/s
    vus............................: 250   min=224        max=362 
    vus_max........................: 4235  min=4235       max=4235

    NETWORK
    data_received..................: 13 MB 856 kB/s
    data_sent......................: 12 MB 812 kB/s




running (15.0s), 00000/04235 VUs, 63251 complete and 275 interrupted iterations
default ✓ [ 100% ] 00275/04235 VUs  15s  4235.00 iters/s
