
         /\      Grafana   /‾‾/  
    /\  /  \     |\  __   /  /   
   /  \/    \    | |/ /  /   ‾‾\ 
  /          \   |   (  |  (‾)  |
 / __________ \  |_|\_\  \_____/ 

     execution: local
        script: workflow/spin/k6_open_client.js
        output: -

     scenarios: (100.00%) 1 scenario, 10000 max VUs, 15s max duration (incl. graceful stop):
              * default: 1186.00 iterations/s for 15s (maxVUs: 1186-10000)


running (01.0s), 00072/01186 VUs, 1059 complete and 0 interrupted iterations
default   [   6% ] 00072/01186 VUs  01.0s/15s  1186.00 iters/s

running (02.0s), 00075/01186 VUs, 2241 complete and 0 interrupted iterations
default   [  13% ] 00075/01186 VUs  02.0s/15s  1186.00 iters/s

running (03.0s), 00061/01186 VUs, 3441 complete and 0 interrupted iterations
default   [  20% ] 00061/01186 VUs  03.0s/15s  1186.00 iters/s

running (04.0s), 00064/01186 VUs, 4624 complete and 0 interrupted iterations
default   [  26% ] 00064/01186 VUs  04.0s/15s  1186.00 iters/s

running (05.0s), 00063/01186 VUs, 5811 complete and 0 interrupted iterations
default   [  33% ] 00063/01186 VUs  05.0s/15s  1186.00 iters/s

running (06.0s), 00066/01186 VUs, 6994 complete and 0 interrupted iterations
default   [  40% ] 00066/01186 VUs  06.0s/15s  1186.00 iters/s

running (07.0s), 00068/01186 VUs, 8178 complete and 0 interrupted iterations
default   [  46% ] 00068/01186 VUs  07.0s/15s  1186.00 iters/s

running (08.0s), 00053/01186 VUs, 9378 complete and 0 interrupted iterations
default   [  53% ] 00054/01186 VUs  08.0s/15s  1186.00 iters/s

running (09.0s), 00043/01186 VUs, 10575 complete and 0 interrupted iterations
default   [  60% ] 00043/01186 VUs  09.0s/15s  1186.00 iters/s

running (10.0s), 00049/01186 VUs, 11756 complete and 0 interrupted iterations
default   [  66% ] 00049/01186 VUs  10.0s/15s  1186.00 iters/s

running (11.0s), 00052/01186 VUs, 12939 complete and 0 interrupted iterations
default   [  73% ] 00052/01186 VUs  11.0s/15s  1186.00 iters/s

running (12.0s), 00049/01186 VUs, 14127 complete and 0 interrupted iterations
default   [  80% ] 00049/01186 VUs  12.0s/15s  1186.00 iters/s

running (13.0s), 00056/01186 VUs, 15306 complete and 0 interrupted iterations
default   [  86% ] 00056/01186 VUs  13.0s/15s  1186.00 iters/s

running (14.0s), 00054/01186 VUs, 16495 complete and 0 interrupted iterations
default   [  93% ] 00054/01186 VUs  14.0s/15s  1186.00 iters/s

running (15.0s), 00059/01186 VUs, 17676 complete and 0 interrupted iterations
default   [ 100% ] 00059/01186 VUs  15.0s/15s  1186.00 iters/s


  █ TOTAL RESULTS 

    HTTP
    http_req_duration..............: avg=46.74ms min=29.84ms med=46.66ms max=82.87ms p(90)=57.72ms p(95)=59.4ms
      { expected_response:true }...: avg=46.74ms min=29.84ms med=46.66ms max=82.87ms p(90)=57.72ms p(95)=59.4ms
    http_req_failed................: 0.00%  0 out of 17749
    http_reqs......................: 17749  1183.097886/s

    EXECUTION
    iteration_duration.............: avg=46.83ms min=29.92ms med=46.74ms max=82.93ms p(90)=57.81ms p(95)=59.5ms
    iterations.....................: 17749  1183.097886/s
    vus............................: 59     min=43         max=75  
    vus_max........................: 1186   min=1186       max=1186

    NETWORK
    data_received..................: 3.6 MB 240 kB/s
    data_sent......................: 3.4 MB 228 kB/s




running (15.0s), 00000/01186 VUs, 17749 complete and 41 interrupted iterations
default ✓ [ 100% ] 00041/01186 VUs  15s  1186.00 iters/s
