
         /\      Grafana   /‾‾/  
    /\  /  \     |\  __   /  /   
   /  \/    \    | |/ /  /   ‾‾\ 
  /          \   |   (  |  (‾)  |
 / __________ \  |_|\_\  \_____/ 

     execution: local
        script: workflow/spin/k6_open_client.js
        output: -

     scenarios: (100.00%) 1 scenario, 10000 max VUs, 15s max duration (incl. graceful stop):
              * default: 3650.00 iterations/s for 15s (maxVUs: 3650-10000)


running (00.9s), 00024/03650 VUs, 3185 complete and 0 interrupted iterations
default   [   6% ] 00025/03650 VUs  00.9s/15s  3650.00 iters/s

running (01.9s), 00019/03650 VUs, 6846 complete and 0 interrupted iterations
default   [  13% ] 00019/03650 VUs  01.9s/15s  3650.00 iters/s

running (02.9s), 00011/03650 VUs, 10501 complete and 0 interrupted iterations
default   [  19% ] 00011/03650 VUs  02.9s/15s  3650.00 iters/s

running (03.9s), 00012/03650 VUs, 14151 complete and 0 interrupted iterations
default   [  26% ] 00012/03650 VUs  03.9s/15s  3650.00 iters/s

running (04.9s), 00011/03650 VUs, 17801 complete and 0 interrupted iterations
default   [  33% ] 00011/03650 VUs  04.9s/15s  3650.00 iters/s

running (05.9s), 00011/03650 VUs, 21451 complete and 0 interrupted iterations
default   [  39% ] 00011/03650 VUs  05.9s/15s  3650.00 iters/s

running (06.9s), 00019/03650 VUs, 25092 complete and 0 interrupted iterations
default   [  46% ] 00019/03650 VUs  06.9s/15s  3650.00 iters/s

running (07.9s), 00011/03650 VUs, 28752 complete and 0 interrupted iterations
default   [  53% ] 00011/03650 VUs  07.9s/15s  3650.00 iters/s

running (08.9s), 00025/03650 VUs, 32387 complete and 0 interrupted iterations
default   [  59% ] 00025/03650 VUs  08.9s/15s  3650.00 iters/s

running (09.9s), 00010/03650 VUs, 36052 complete and 0 interrupted iterations
default   [  66% ] 00010/03650 VUs  09.9s/15s  3650.00 iters/s

running (10.9s), 00013/03650 VUs, 39701 complete and 0 interrupted iterations
default   [  73% ] 00013/03650 VUs  10.9s/15s  3650.00 iters/s

running (11.9s), 00026/03650 VUs, 43337 complete and 0 interrupted iterations
default   [  79% ] 00026/03650 VUs  11.9s/15s  3650.00 iters/s

running (12.9s), 00011/03650 VUs, 47000 complete and 0 interrupted iterations
default   [  86% ] 00011/03650 VUs  12.9s/15s  3650.00 iters/s

running (13.9s), 00012/03650 VUs, 50649 complete and 0 interrupted iterations
default   [  93% ] 00012/03650 VUs  13.9s/15s  3650.00 iters/s

running (14.9s), 00013/03650 VUs, 54299 complete and 0 interrupted iterations
default   [  99% ] 00013/03650 VUs  14.9s/15s  3650.00 iters/s


  █ TOTAL RESULTS 

    HTTP
    http_req_duration..............: avg=3.65ms min=2.39ms med=2.91ms max=49.77ms p(90)=4.42ms p(95)=5.38ms
      { expected_response:true }...: avg=3.65ms min=2.39ms med=2.91ms max=49.77ms p(90)=4.42ms p(95)=5.38ms
    http_req_failed................: 0.00% 0 out of 54742
    http_reqs......................: 54742 3648.201131/s

    EXECUTION
    iteration_duration.............: avg=3.76ms min=2.45ms med=3ms    max=50.46ms p(90)=4.56ms p(95)=5.67ms
    iterations.....................: 54742 3648.201131/s
    vus............................: 13    min=9          max=25  
    vus_max........................: 3650  min=3650       max=3650

    NETWORK
    data_received..................: 11 MB 741 kB/s
    data_sent......................: 11 MB 700 kB/s




running (15.0s), 00000/03650 VUs, 54740 complete and 11 interrupted iterations
default ✓ [ 100% ] 00011/03650 VUs  15s  3650.00 iters/s
