
         /\      Grafana   /‾‾/  
    /\  /  \     |\  __   /  /   
   /  \/    \    | |/ /  /   ‾‾\ 
  /          \   |   (  |  (‾)  |
 / __________ \  |_|\_\  \_____/ 

     execution: local
        script: workflow/response/k6_open_client.js
        output: -

     scenarios: (100.00%) 1 scenario, 100000 max VUs, 15s max duration (incl. graceful stop):
              * default: 4867.00 iterations/s for 15s (maxVUs: 4867-100000)


running (00.8s), 000004/004867 VUs, 4063 complete and 0 interrupted iterations
default   [   6% ] 000004/004867 VUs  00.8s/15s  4867.00 iters/s

running (01.8s), 000003/004867 VUs, 8931 complete and 0 interrupted iterations
default   [  12% ] 000003/004867 VUs  01.8s/15s  4867.00 iters/s

running (02.8s), 000005/004867 VUs, 13796 complete and 0 interrupted iterations
default   [  19% ] 000005/004867 VUs  02.8s/15s  4867.00 iters/s

running (03.8s), 000004/004867 VUs, 18664 complete and 0 interrupted iterations
default   [  26% ] 000004/004867 VUs  03.8s/15s  4867.00 iters/s

running (04.8s), 000005/004867 VUs, 23530 complete and 0 interrupted iterations
default   [  32% ] 000005/004867 VUs  04.8s/15s  4867.00 iters/s

running (05.8s), 000004/004867 VUs, 28398 complete and 0 interrupted iterations
default   [  39% ] 000004/004867 VUs  05.8s/15s  4867.00 iters/s

running (06.8s), 000004/004867 VUs, 33266 complete and 0 interrupted iterations
default   [  46% ] 000004/004867 VUs  06.8s/15s  4867.00 iters/s

running (07.8s), 000004/004867 VUs, 38133 complete and 0 interrupted iterations
default   [  52% ] 000004/004867 VUs  07.8s/15s  4867.00 iters/s

running (08.8s), 000003/004867 VUs, 43000 complete and 0 interrupted iterations
default   [  59% ] 000003/004867 VUs  08.8s/15s  4867.00 iters/s

running (09.8s), 000003/004867 VUs, 47871 complete and 0 interrupted iterations
default   [  66% ] 000003/004867 VUs  09.8s/15s  4867.00 iters/s

running (10.8s), 000003/004867 VUs, 52734 complete and 0 interrupted iterations
default   [  72% ] 000003/004867 VUs  10.8s/15s  4867.00 iters/s

running (11.8s), 000004/004867 VUs, 57600 complete and 0 interrupted iterations
default   [  79% ] 000004/004867 VUs  11.8s/15s  4867.00 iters/s

running (12.8s), 000003/004867 VUs, 62467 complete and 0 interrupted iterations
default   [  86% ] 000003/004867 VUs  12.8s/15s  4867.00 iters/s

running (13.8s), 000004/004867 VUs, 67334 complete and 0 interrupted iterations
default   [  92% ] 000004/004867 VUs  13.8s/15s  4867.00 iters/s

running (14.8s), 000004/004867 VUs, 72201 complete and 0 interrupted iterations
default   [  99% ] 000004/004867 VUs  14.8s/15s  4867.00 iters/s


  █ TOTAL RESULTS 

    HTTP
    http_req_duration..............: avg=1.4ms  min=381.89µs med=648.62µs max=55.3ms  p(90)=1.61ms p(95)=2.88ms
      { expected_response:true }...: avg=1.4ms  min=381.89µs med=648.62µs max=55.3ms  p(90)=1.61ms p(95)=2.88ms
    http_req_failed................: 0.00% 0 out of 73005
    http_reqs......................: 73005 4864.75048/s

    EXECUTION
    iteration_duration.............: avg=1.49ms min=450.67µs med=729.41µs max=56.69ms p(90)=1.71ms p(95)=2.98ms
    iterations.....................: 73005 4864.75048/s
    vus............................: 4     min=3          max=5   
    vus_max........................: 4867  min=4867       max=4867

    NETWORK
    data_received..................: 15 MB 988 kB/s
    data_sent......................: 14 MB 953 kB/s




running (15.0s), 000000/004867 VUs, 73002 complete and 4 interrupted iterations
default ✓ [ 100% ] 000004/004867 VUs  15s  4867.00 iters/s
