
         /\      Grafana   /‾‾/  
    /\  /  \     |\  __   /  /   
   /  \/    \    | |/ /  /   ‾‾\ 
  /          \   |   (  |  (‾)  |
 / __________ \  |_|\_\  \_____/ 

     execution: local
        script: workflow/spin/k6_open_client.js
        output: -

     scenarios: (100.00%) 1 scenario, 10000 max VUs, 15s max duration (incl. graceful stop):
              * default: 4523.00 iterations/s for 15s (maxVUs: 4523-10000)


running (00.8s), 00632/04523 VUs, 3199 complete and 0 interrupted iterations
default   [   6% ] 00632/04523 VUs  00.8s/15s  4523.00 iters/s

running (01.8s), 00676/04523 VUs, 7679 complete and 0 interrupted iterations
default   [  12% ] 00676/04523 VUs  01.8s/15s  4523.00 iters/s

running (02.8s), 00931/04523 VUs, 11946 complete and 0 interrupted iterations
default   [  19% ] 00931/04523 VUs  02.8s/15s  4523.00 iters/s

running (03.8s), 01142/04523 VUs, 16255 complete and 0 interrupted iterations
default   [  26% ] 01142/04523 VUs  03.8s/15s  4523.00 iters/s

running (04.8s), 01214/04523 VUs, 20710 complete and 0 interrupted iterations
default   [  32% ] 01214/04523 VUs  04.8s/15s  4523.00 iters/s

running (05.8s), 01362/04523 VUs, 25087 complete and 0 interrupted iterations
default   [  39% ] 01362/04523 VUs  05.8s/15s  4523.00 iters/s

running (06.8s), 01385/04523 VUs, 29584 complete and 0 interrupted iterations
default   [  46% ] 01385/04523 VUs  06.8s/15s  4523.00 iters/s

running (07.8s), 01144/04523 VUs, 34348 complete and 0 interrupted iterations
default   [  52% ] 01143/04523 VUs  07.8s/15s  4523.00 iters/s

running (08.8s), 00907/04523 VUs, 39108 complete and 0 interrupted iterations
default   [  59% ] 00907/04523 VUs  08.8s/15s  4523.00 iters/s

running (09.8s), 00740/04523 VUs, 43798 complete and 0 interrupted iterations
default   [  66% ] 00740/04523 VUs  09.8s/15s  4523.00 iters/s

running (10.8s), 00544/04523 VUs, 48517 complete and 0 interrupted iterations
default   [  72% ] 00544/04523 VUs  10.8s/15s  4523.00 iters/s

running (11.8s), 00348/04523 VUs, 53238 complete and 0 interrupted iterations
default   [  79% ] 00348/04523 VUs  11.8s/15s  4523.00 iters/s

running (12.8s), 00258/04523 VUs, 57846 complete and 0 interrupted iterations
default   [  86% ] 00258/04523 VUs  12.8s/15s  4523.00 iters/s

running (13.8s), 00247/04523 VUs, 62383 complete and 0 interrupted iterations
default   [  92% ] 00247/04523 VUs  13.8s/15s  4523.00 iters/s

running (14.8s), 00271/04523 VUs, 66881 complete and 0 interrupted iterations
default   [  99% ] 00271/04523 VUs  14.8s/15s  4523.00 iters/s


  █ TOTAL RESULTS 

    HTTP
    http_req_duration..............: avg=174.36ms min=41.31ms med=167.11ms max=337.49ms p(90)=287.16ms p(95)=308ms   
      { expected_response:true }...: avg=174.36ms min=41.31ms med=167.11ms max=337.49ms p(90)=287.16ms p(95)=308ms   
    http_req_failed................: 0.00% 0 out of 67598
    http_reqs......................: 67598 4504.230942/s

    EXECUTION
    iteration_duration.............: avg=174.46ms min=41.39ms med=167.18ms max=337.59ms p(90)=287.24ms p(95)=308.09ms
    iterations.....................: 67598 4504.230942/s
    vus............................: 271   min=247        max=1385
    vus_max........................: 4523  min=4523       max=4523

    NETWORK
    data_received..................: 14 MB 915 kB/s
    data_sent......................: 13 MB 868 kB/s




running (15.0s), 00000/04523 VUs, 67596 complete and 250 interrupted iterations
default ✓ [ 100% ] 00250/04523 VUs  15s  4523.00 iters/s
