
         /\      Grafana   /‾‾/  
    /\  /  \     |\  __   /  /   
   /  \/    \    | |/ /  /   ‾‾\ 
  /          \   |   (  |  (‾)  |
 / __________ \  |_|\_\  \_____/ 

     execution: local
        script: workflow/online_boutique/k6_open_add_to_cart.js
        output: -

     scenarios: (100.00%) 1 scenario, 10000 max VUs, 15s max duration (incl. graceful stop):
              * default: 5520.00 iterations/s for 15s (maxVUs: 5520-10000)


running (00.8s), 02443/05520 VUs, 1980 complete and 0 interrupted iterations
default   [   5% ] 02443/05520 VUs  00.8s/15s  5520.00 iters/s

running (01.8s), 02894/05520 VUs, 7049 complete and 0 interrupted iterations
default   [  12% ] 02895/05520 VUs  01.8s/15s  5520.00 iters/s

running (02.8s), 03093/05520 VUs, 12370 complete and 0 interrupted iterations
default   [  19% ] 03093/05520 VUs  02.8s/15s  5520.00 iters/s

running (03.8s), 03460/05520 VUs, 17528 complete and 0 interrupted iterations
default   [  25% ] 03460/05520 VUs  03.8s/15s  5520.00 iters/s

running (04.8s), 03575/05520 VUs, 22928 complete and 0 interrupted iterations
default   [  32% ] 03576/05520 VUs  04.8s/15s  5520.00 iters/s

running (05.8s), 03671/05520 VUs, 28353 complete and 0 interrupted iterations
default   [  39% ] 03671/05520 VUs  05.8s/15s  5520.00 iters/s

running (06.8s), 03965/05520 VUs, 33579 complete and 0 interrupted iterations
default   [  45% ] 03965/05520 VUs  06.8s/15s  5520.00 iters/s

running (07.8s), 03948/05520 VUs, 39116 complete and 0 interrupted iterations
default   [  52% ] 03948/05520 VUs  07.8s/15s  5520.00 iters/s

running (08.8s), 04035/05520 VUs, 44548 complete and 0 interrupted iterations
default   [  59% ] 04036/05520 VUs  08.8s/15s  5520.00 iters/s

running (09.8s), 04253/05520 VUs, 49851 complete and 0 interrupted iterations
default   [  65% ] 04253/05520 VUs  09.8s/15s  5520.00 iters/s

running (10.8s), 04392/05520 VUs, 55232 complete and 0 interrupted iterations
default   [  72% ] 04392/05520 VUs  10.8s/15s  5520.00 iters/s

running (11.8s), 04641/05520 VUs, 60503 complete and 0 interrupted iterations
default   [  79% ] 04641/05520 VUs  11.8s/15s  5520.00 iters/s

running (12.8s), 04694/05520 VUs, 65970 complete and 0 interrupted iterations
default   [  85% ] 04694/05520 VUs  12.8s/15s  5520.00 iters/s

running (13.8s), 04654/05520 VUs, 71530 complete and 0 interrupted iterations
default   [  92% ] 04654/05520 VUs  13.8s/15s  5520.00 iters/s

running (14.8s), 04610/05520 VUs, 77094 complete and 0 interrupted iterations
default   [  99% ] 04610/05520 VUs  14.8s/15s  5520.00 iters/s


  █ TOTAL RESULTS 

    CUSTOM
    online_boutique_application_errors...: 0.00% 0 out of 77996

    HTTP
    http_req_duration....................: avg=704.04ms min=338.78ms med=719.76ms max=873.14ms p(90)=845.73ms p(95)=848.85ms
      { expected_response:true }.........: avg=704.04ms min=338.78ms med=719.76ms max=873.14ms p(90)=845.73ms p(95)=848.85ms
    http_req_failed......................: 0.00% 0 out of 77996
    http_reqs............................: 77996 5185.762745/s

    EXECUTION
    iteration_duration...................: avg=704.26ms min=340.79ms med=719.92ms max=889.05ms p(90)=845.89ms p(95)=849.03ms
    iterations...........................: 77996 5185.762745/s
    vus..................................: 4609  min=2443       max=4693
    vus_max..............................: 5520  min=5520       max=5520

    NETWORK
    data_received........................: 67 MB 4.5 MB/s
    data_sent............................: 21 MB 1.4 MB/s




running (15.0s), 00000/05520 VUs, 77994 complete and 4807 interrupted iterations
default ✓ [ 100% ] 04807/05520 VUs  15s  5520.00 iters/s
