
         /\      Grafana   /‾‾/  
    /\  /  \     |\  __   /  /   
   /  \/    \    | |/ /  /   ‾‾\ 
  /          \   |   (  |  (‾)  |
 / __________ \  |_|\_\  \_____/ 

     execution: local
        script: workflow/spin/k6_open_client.js
        output: -

     scenarios: (100.00%) 1 scenario, 10000 max VUs, 15s max duration (incl. graceful stop):
              * default: 2469.00 iterations/s for 15s (maxVUs: 2469-10000)


running (00.9s), 00052/02469 VUs, 2207 complete and 0 interrupted iterations
default   [   6% ] 00052/02469 VUs  00.9s/15s  2469.00 iters/s

running (01.9s), 00057/02469 VUs, 4671 complete and 0 interrupted iterations
default   [  13% ] 00057/02469 VUs  01.9s/15s  2469.00 iters/s

running (02.9s), 00058/02469 VUs, 7139 complete and 0 interrupted iterations
default   [  19% ] 00058/02469 VUs  02.9s/15s  2469.00 iters/s

running (03.9s), 00047/02469 VUs, 9619 complete and 0 interrupted iterations
default   [  26% ] 00047/02469 VUs  03.9s/15s  2469.00 iters/s

running (04.9s), 00037/02469 VUs, 12098 complete and 0 interrupted iterations
default   [  33% ] 00037/02469 VUs  04.9s/15s  2469.00 iters/s

running (05.9s), 00029/02469 VUs, 14575 complete and 0 interrupted iterations
default   [  39% ] 00029/02469 VUs  05.9s/15s  2469.00 iters/s

running (06.9s), 00033/02469 VUs, 17039 complete and 0 interrupted iterations
default   [  46% ] 00033/02469 VUs  06.9s/15s  2469.00 iters/s

running (07.9s), 00033/02469 VUs, 19509 complete and 0 interrupted iterations
default   [  53% ] 00033/02469 VUs  07.9s/15s  2469.00 iters/s

running (08.9s), 00048/02469 VUs, 21964 complete and 0 interrupted iterations
default   [  59% ] 00048/02469 VUs  08.9s/15s  2469.00 iters/s

running (09.9s), 00058/02469 VUs, 24422 complete and 0 interrupted iterations
default   [  66% ] 00058/02469 VUs  09.9s/15s  2469.00 iters/s

running (10.9s), 00037/02469 VUs, 26912 complete and 0 interrupted iterations
default   [  73% ] 00037/02469 VUs  10.9s/15s  2469.00 iters/s

running (11.9s), 00036/02469 VUs, 29382 complete and 0 interrupted iterations
default   [  79% ] 00036/02469 VUs  11.9s/15s  2469.00 iters/s

running (12.9s), 00052/02469 VUs, 31834 complete and 0 interrupted iterations
default   [  86% ] 00052/02469 VUs  12.9s/15s  2469.00 iters/s

running (13.9s), 00024/02469 VUs, 34334 complete and 0 interrupted iterations
default   [  93% ] 00024/02469 VUs  13.9s/15s  2469.00 iters/s

running (14.9s), 00032/02469 VUs, 36794 complete and 0 interrupted iterations
default   [  99% ] 00032/02469 VUs  14.9s/15s  2469.00 iters/s


  █ TOTAL RESULTS 

    HTTP
    http_req_duration..............: avg=18.07ms min=5.58ms med=16.44ms max=58.6ms  p(90)=28.79ms p(95)=33.26ms
      { expected_response:true }...: avg=18.07ms min=5.58ms med=16.44ms max=58.6ms  p(90)=28.79ms p(95)=33.26ms
    http_req_failed................: 0.00%  0 out of 37006
    http_reqs......................: 37006  2464.976293/s

    EXECUTION
    iteration_duration.............: avg=18.17ms min=5.65ms med=16.52ms max=58.92ms p(90)=28.9ms  p(95)=33.42ms
    iterations.....................: 37006  2464.976293/s
    vus............................: 32     min=24         max=58  
    vus_max........................: 2469   min=2469       max=2469

    NETWORK
    data_received..................: 8.5 MB 565 kB/s
    data_sent......................: 7.1 MB 473 kB/s




running (15.0s), 00000/02469 VUs, 37000 complete and 20 interrupted iterations
default ✓ [ 100% ] 00020/02469 VUs  15s  2469.00 iters/s
