
         /\      Grafana   /‾‾/  
    /\  /  \     |\  __   /  /   
   /  \/    \    | |/ /  /   ‾‾\ 
  /          \   |   (  |  (‾)  |
 / __________ \  |_|\_\  \_____/ 

     execution: local
        script: workflow/media/k6_open_review_compose.js
        output: -

     scenarios: (100.00%) 1 scenario, 10000 max VUs, 10s max duration (incl. graceful stop):
              * default: 192.00 iterations/s for 10s (maxVUs: 192-10000)


running (01.0s), 00102/00192 VUs, 88 complete and 0 interrupted iterations
default   [  10% ] 00102/00192 VUs  01.0s/10s  192.00 iters/s

running (02.0s), 00103/00192 VUs, 279 complete and 0 interrupted iterations
default   [  20% ] 00103/00192 VUs  02.0s/10s  192.00 iters/s

running (03.0s), 00103/00192 VUs, 471 complete and 0 interrupted iterations
default   [  30% ] 00103/00192 VUs  03.0s/10s  192.00 iters/s

running (04.0s), 00103/00192 VUs, 663 complete and 0 interrupted iterations
default   [  40% ] 00103/00192 VUs  04.0s/10s  192.00 iters/s

running (05.0s), 00103/00192 VUs, 855 complete and 0 interrupted iterations
default   [  50% ] 00103/00192 VUs  05.0s/10s  192.00 iters/s

running (06.0s), 00103/00192 VUs, 1047 complete and 0 interrupted iterations
default   [  60% ] 00103/00192 VUs  06.0s/10s  192.00 iters/s

running (07.0s), 00103/00192 VUs, 1239 complete and 0 interrupted iterations
default   [  70% ] 00103/00192 VUs  07.0s/10s  192.00 iters/s

running (08.0s), 00104/00192 VUs, 1430 complete and 0 interrupted iterations
default   [  80% ] 00104/00192 VUs  08.0s/10s  192.00 iters/s

running (09.0s), 00103/00192 VUs, 1623 complete and 0 interrupted iterations
default   [  90% ] 00103/00192 VUs  09.0s/10s  192.00 iters/s

running (10.0s), 00104/00192 VUs, 1814 complete and 0 interrupted iterations
default   [ 100% ] 00104/00192 VUs  10.0s/10s  192.00 iters/s


  █ TOTAL RESULTS 

    HTTP
    http_req_duration..............: avg=4.67ms min=3.4ms  med=4.49ms max=10.51ms p(90)=5.31ms p(95)=5.84ms
      { expected_response:true }...: avg=4.67ms min=3.4ms  med=4.49ms max=10.51ms p(90)=5.31ms p(95)=5.84ms
    http_req_failed................: 0.00%  0 out of 1818
    http_reqs......................: 1818   181.774628/s

    EXECUTION
    iteration_duration.............: avg=4.81ms min=3.51ms med=4.62ms max=10.69ms p(90)=5.51ms p(95)=5.99ms
    iterations.....................: 1818   181.774628/s
    vus............................: 103    min=102       max=104
    vus_max........................: 192    min=192       max=192

    NETWORK
    data_received..................: 417 kB 42 kB/s
    data_sent......................: 1.0 MB 101 kB/s




running (10.0s), 00000/00192 VUs, 1818 complete and 103 interrupted iterations
default ✓ [ 100% ] 00103/00192 VUs  10s  192.00 iters/s
