
         /\      Grafana   /‾‾/  
    /\  /  \     |\  __   /  /   
   /  \/    \    | |/ /  /   ‾‾\ 
  /          \   |   (  |  (‾)  |
 / __________ \  |_|\_\  \_____/ 

     execution: local
        script: workflow/spin/k6_open_client.js
        output: -

     scenarios: (100.00%) 1 scenario, 10000 max VUs, 15s max duration (incl. graceful stop):
              * default: 336.00 iterations/s for 15s (maxVUs: 336-10000)


running (01.0s), 00051/00336 VUs, 278 complete and 0 interrupted iterations
default   [   7% ] 00051/00336 VUs  01.0s/15s  336.00 iters/s

running (02.0s), 00043/00336 VUs, 622 complete and 0 interrupted iterations
default   [  13% ] 00043/00336 VUs  02.0s/15s  336.00 iters/s

running (03.0s), 00033/00336 VUs, 968 complete and 0 interrupted iterations
default   [  20% ] 00033/00336 VUs  03.0s/15s  336.00 iters/s

running (04.0s), 00023/00336 VUs, 1315 complete and 0 interrupted iterations
default   [  27% ] 00023/00336 VUs  04.0s/15s  336.00 iters/s

running (05.0s), 00045/00336 VUs, 1628 complete and 0 interrupted iterations
default   [  33% ] 00045/00336 VUs  05.0s/15s  336.00 iters/s

running (06.0s), 00035/00336 VUs, 1974 complete and 0 interrupted iterations
default   [  40% ] 00035/00336 VUs  06.0s/15s  336.00 iters/s

running (07.0s), 00025/00336 VUs, 2320 complete and 0 interrupted iterations
default   [  47% ] 00025/00336 VUs  07.0s/15s  336.00 iters/s

running (08.0s), 00052/00336 VUs, 2630 complete and 0 interrupted iterations
default   [  53% ] 00052/00336 VUs  08.0s/15s  336.00 iters/s

running (09.0s), 00040/00336 VUs, 2977 complete and 0 interrupted iterations
default   [  60% ] 00040/00336 VUs  09.0s/15s  336.00 iters/s

running (10.0s), 00030/00336 VUs, 3323 complete and 0 interrupted iterations
default   [  67% ] 00030/00336 VUs  10.0s/15s  336.00 iters/s

running (11.0s), 00020/00336 VUs, 3670 complete and 0 interrupted iterations
default   [  73% ] 00020/00336 VUs  11.0s/15s  336.00 iters/s

running (12.0s), 00045/00336 VUs, 3981 complete and 0 interrupted iterations
default   [  80% ] 00045/00336 VUs  12.0s/15s  336.00 iters/s

running (13.0s), 00036/00336 VUs, 4325 complete and 0 interrupted iterations
default   [  87% ] 00036/00336 VUs  13.0s/15s  336.00 iters/s

running (14.0s), 00022/00336 VUs, 4675 complete and 0 interrupted iterations
default   [  93% ] 00022/00336 VUs  14.0s/15s  336.00 iters/s

running (15.0s), 00048/00336 VUs, 4986 complete and 0 interrupted iterations
default   [ 100% ] 00048/00336 VUs  15.0s/15s  336.00 iters/s


  █ TOTAL RESULTS 

    HTTP
    http_req_duration..............: avg=106.28ms min=53.21ms med=106.45ms max=161.55ms p(90)=146.06ms p(95)=150.84ms
      { expected_response:true }...: avg=106.28ms min=53.21ms med=106.45ms max=161.55ms p(90)=146.06ms p(95)=150.84ms
    http_req_failed................: 0.00%  0 out of 5014
    http_reqs......................: 5014   334.243744/s

    EXECUTION
    iteration_duration.............: avg=106.38ms min=53.3ms  med=106.54ms max=161.65ms p(90)=146.14ms p(95)=150.91ms
    iterations.....................: 5014   334.243744/s
    vus............................: 47     min=19        max=51 
    vus_max........................: 336    min=336       max=336

    NETWORK
    data_received..................: 1.0 MB 67 kB/s
    data_sent......................: 967 kB 65 kB/s




running (15.0s), 00000/00336 VUs, 5013 complete and 28 interrupted iterations
default ✓ [ 100% ] 00028/00336 VUs  15s  336.00 iters/s
