
         /\      Grafana   /‾‾/  
    /\  /  \     |\  __   /  /   
   /  \/    \    | |/ /  /   ‾‾\ 
  /          \   |   (  |  (‾)  |
 / __________ \  |_|\_\  \_____/ 

     execution: local
        script: workflow/spin/k6_open_client.js
        output: -

     scenarios: (100.00%) 1 scenario, 10000 max VUs, 15s max duration (incl. graceful stop):
              * default: 2474.00 iterations/s for 15s (maxVUs: 2474-10000)


running (00.9s), 00694/02474 VUs, 1557 complete and 0 interrupted iterations
default   [   6% ] 00694/02474 VUs  00.9s/15s  2474.00 iters/s

running (01.9s), 00749/02474 VUs, 3977 complete and 0 interrupted iterations
default   [  13% ] 00749/02474 VUs  01.9s/15s  2474.00 iters/s

running (02.9s), 00739/02474 VUs, 6460 complete and 0 interrupted iterations
default   [  19% ] 00739/02474 VUs  02.9s/15s  2474.00 iters/s

running (03.9s), 00793/02474 VUs, 8880 complete and 0 interrupted iterations
default   [  26% ] 00793/02474 VUs  03.9s/15s  2474.00 iters/s

running (04.9s), 00588/02474 VUs, 11561 complete and 0 interrupted iterations
default   [  33% ] 00588/02474 VUs  04.9s/15s  2474.00 iters/s

running (05.9s), 00712/02474 VUs, 13908 complete and 0 interrupted iterations
default   [  39% ] 00712/02474 VUs  05.9s/15s  2474.00 iters/s

running (06.9s), 00698/02474 VUs, 16397 complete and 0 interrupted iterations
default   [  46% ] 00698/02474 VUs  06.9s/15s  2474.00 iters/s

running (07.9s), 00714/02474 VUs, 18855 complete and 0 interrupted iterations
default   [  53% ] 00714/02474 VUs  07.9s/15s  2474.00 iters/s

running (08.9s), 00779/02474 VUs, 21264 complete and 0 interrupted iterations
default   [  59% ] 00780/02474 VUs  08.9s/15s  2474.00 iters/s

running (09.9s), 00645/02474 VUs, 23870 complete and 0 interrupted iterations
default   [  66% ] 00645/02474 VUs  09.9s/15s  2474.00 iters/s

running (10.9s), 00631/02474 VUs, 26361 complete and 0 interrupted iterations
default   [  73% ] 00631/02474 VUs  10.9s/15s  2474.00 iters/s

running (11.9s), 00637/02474 VUs, 28828 complete and 0 interrupted iterations
default   [  79% ] 00637/02474 VUs  11.9s/15s  2474.00 iters/s

running (12.9s), 00745/02474 VUs, 31196 complete and 0 interrupted iterations
default   [  86% ] 00745/02474 VUs  12.9s/15s  2474.00 iters/s

running (13.9s), 00805/02474 VUs, 33607 complete and 0 interrupted iterations
default   [  93% ] 00805/02474 VUs  13.9s/15s  2474.00 iters/s

running (14.9s), 00696/02474 VUs, 36191 complete and 0 interrupted iterations
default   [  99% ] 00696/02474 VUs  14.9s/15s  2474.00 iters/s


  █ TOTAL RESULTS 

    HTTP
    http_req_duration..............: avg=285.74ms min=8.73ms med=288.57ms max=437ms    p(90)=325.28ms p(95)=339.18ms
      { expected_response:true }...: avg=285.74ms min=8.73ms med=288.57ms max=437ms    p(90)=325.28ms p(95)=339.18ms
    http_req_failed................: 0.00%  0 out of 36434
    http_reqs......................: 36434  2427.872344/s

    EXECUTION
    iteration_duration.............: avg=285.84ms min=9.23ms med=288.64ms max=437.08ms p(90)=325.36ms p(95)=339.27ms
    iterations.....................: 36434  2427.872344/s
    vus............................: 695    min=588        max=805 
    vus_max........................: 2474   min=2474       max=2474

    NETWORK
    data_received..................: 8.3 MB 556 kB/s
    data_sent......................: 7.1 MB 475 kB/s




running (15.0s), 00000/02474 VUs, 36430 complete and 680 interrupted iterations
default ✓ [ 100% ] 00680/02474 VUs  15s  2474.00 iters/s
