
         /\      Grafana   /‾‾/  
    /\  /  \     |\  __   /  /   
   /  \/    \    | |/ /  /   ‾‾\ 
  /          \   |   (  |  (‾)  |
 / __________ \  |_|\_\  \_____/ 

     execution: local
        script: workflow/hotel/k6_open_hotels_client.js
        output: -

     scenarios: (100.00%) 1 scenario, 10000 max VUs, 15s max duration (incl. graceful stop):
              * default: 2752.00 iterations/s for 15s (maxVUs: 2752-10000)


running (00.9s), 00154/02752 VUs, 2340 complete and 0 interrupted iterations
default   [   6% ] 00154/02752 VUs  00.9s/15s  2752.00 iters/s

running (01.9s), 00128/02752 VUs, 5118 complete and 0 interrupted iterations
default   [  13% ] 00128/02752 VUs  01.9s/15s  2752.00 iters/s

running (02.9s), 00141/02752 VUs, 7857 complete and 0 interrupted iterations
default   [  19% ] 00141/02752 VUs  02.9s/15s  2752.00 iters/s

running (03.9s), 00131/02752 VUs, 10619 complete and 0 interrupted iterations
default   [  26% ] 00132/02752 VUs  03.9s/15s  2752.00 iters/s

running (04.9s), 00172/02752 VUs, 13330 complete and 0 interrupted iterations
default   [  33% ] 00172/02752 VUs  04.9s/15s  2752.00 iters/s

running (05.9s), 00122/02752 VUs, 16133 complete and 0 interrupted iterations
default   [  39% ] 00122/02752 VUs  05.9s/15s  2752.00 iters/s

running (06.9s), 00144/02752 VUs, 18862 complete and 0 interrupted iterations
default   [  46% ] 00144/02752 VUs  06.9s/15s  2752.00 iters/s

running (07.9s), 00118/02752 VUs, 21641 complete and 0 interrupted iterations
default   [  53% ] 00118/02752 VUs  07.9s/15s  2752.00 iters/s

running (08.9s), 00137/02752 VUs, 24376 complete and 0 interrupted iterations
default   [  59% ] 00137/02752 VUs  08.9s/15s  2752.00 iters/s

running (09.9s), 00178/02752 VUs, 27085 complete and 0 interrupted iterations
default   [  66% ] 00178/02752 VUs  09.9s/15s  2752.00 iters/s

running (10.9s), 00136/02752 VUs, 29879 complete and 0 interrupted iterations
default   [  73% ] 00136/02752 VUs  10.9s/15s  2752.00 iters/s

running (11.9s), 00179/02752 VUs, 32587 complete and 0 interrupted iterations
default   [  79% ] 00179/02752 VUs  11.9s/15s  2752.00 iters/s

running (12.9s), 00124/02752 VUs, 35396 complete and 0 interrupted iterations
default   [  86% ] 00124/02752 VUs  12.9s/15s  2752.00 iters/s

running (13.9s), 00137/02752 VUs, 38133 complete and 0 interrupted iterations
default   [  93% ] 00137/02752 VUs  13.9s/15s  2752.00 iters/s

running (14.9s), 00146/02752 VUs, 40879 complete and 0 interrupted iterations
default   [  99% ] 00146/02752 VUs  14.9s/15s  2752.00 iters/s


  █ TOTAL RESULTS 

    HTTP
    http_req_duration..............: avg=51.77ms min=29.86ms med=51.27ms max=106.07ms p(90)=61.55ms p(95)=65.73ms
      { expected_response:true }...: avg=51.77ms min=29.86ms med=51.27ms max=106.07ms p(90)=61.55ms p(95)=65.73ms
    http_req_failed................: 0.00% 0 out of 41149
    http_reqs......................: 41149 2742.459181/s

    EXECUTION
    iteration_duration.............: avg=51.92ms min=30.17ms med=51.41ms max=106.54ms p(90)=61.72ms p(95)=65.95ms
    iterations.....................: 41149 2742.459181/s
    vus............................: 146   min=118        max=180 
    vus_max........................: 2752  min=2752       max=2752

    NETWORK
    data_received..................: 12 MB 785 kB/s
    data_sent......................: 14 MB 902 kB/s




running (15.0s), 00000/02752 VUs, 41149 complete and 129 interrupted iterations
default ✓ [ 100% ] 00129/02752 VUs  15s  2752.00 iters/s
