
         /\      Grafana   /‾‾/  
    /\  /  \     |\  __   /  /   
   /  \/    \    | |/ /  /   ‾‾\ 
  /          \   |   (  |  (‾)  |
 / __________ \  |_|\_\  \_____/ 

     execution: local
        script: workflow/hotel/k6_open_hotels_client.js
        output: -

     scenarios: (100.00%) 1 scenario, 10000 max VUs, 15s max duration (incl. graceful stop):
              * default: 3944.00 iterations/s for 15s (maxVUs: 3944-10000)


running (00.9s), 00414/03944 VUs, 3001 complete and 0 interrupted iterations
default   [   6% ] 00414/03944 VUs  00.9s/15s  3944.00 iters/s

running (01.9s), 00363/03944 VUs, 6997 complete and 0 interrupted iterations
default   [  12% ] 00363/03944 VUs  01.9s/15s  3944.00 iters/s

running (02.9s), 00234/03944 VUs, 11069 complete and 0 interrupted iterations
default   [  19% ] 00234/03944 VUs  02.9s/15s  3944.00 iters/s

running (03.9s), 00244/03944 VUs, 15003 complete and 0 interrupted iterations
default   [  26% ] 00244/03944 VUs  03.9s/15s  3944.00 iters/s

running (04.9s), 00316/03944 VUs, 18876 complete and 0 interrupted iterations
default   [  32% ] 00316/03944 VUs  04.9s/15s  3944.00 iters/s

running (05.9s), 00321/03944 VUs, 22813 complete and 0 interrupted iterations
default   [  39% ] 00321/03944 VUs  05.9s/15s  3944.00 iters/s

running (06.9s), 00229/03944 VUs, 26850 complete and 0 interrupted iterations
default   [  46% ] 00229/03944 VUs  06.9s/15s  3944.00 iters/s

running (07.9s), 00274/03944 VUs, 30749 complete and 0 interrupted iterations
default   [  52% ] 00274/03944 VUs  07.9s/15s  3944.00 iters/s

running (08.9s), 00266/03944 VUs, 34700 complete and 0 interrupted iterations
default   [  59% ] 00266/03944 VUs  08.9s/15s  3944.00 iters/s

running (09.9s), 00237/03944 VUs, 38674 complete and 0 interrupted iterations
default   [  66% ] 00237/03944 VUs  09.9s/15s  3944.00 iters/s

running (10.9s), 00245/03944 VUs, 42610 complete and 0 interrupted iterations
default   [  72% ] 00245/03944 VUs  10.9s/15s  3944.00 iters/s

running (11.9s), 00389/03944 VUs, 46410 complete and 0 interrupted iterations
default   [  79% ] 00389/03944 VUs  11.9s/15s  3944.00 iters/s

running (12.9s), 00258/03944 VUs, 50485 complete and 0 interrupted iterations
default   [  86% ] 00258/03944 VUs  12.9s/15s  3944.00 iters/s

running (13.9s), 00238/03944 VUs, 54449 complete and 0 interrupted iterations
default   [  92% ] 00238/03944 VUs  13.9s/15s  3944.00 iters/s

running (14.9s), 00241/03944 VUs, 58390 complete and 0 interrupted iterations
default   [  99% ] 00241/03944 VUs  14.9s/15s  3944.00 iters/s


  █ TOTAL RESULTS 

    HTTP
    http_req_duration..............: avg=74.52ms min=41.39ms med=67.91ms max=150.57ms p(90)=106.83ms p(95)=113.38ms
      { expected_response:true }...: avg=74.52ms min=41.39ms med=67.91ms max=150.57ms p(90)=106.83ms p(95)=113.38ms
    http_req_failed................: 0.00% 0 out of 58885
    http_reqs......................: 58885 3923.817966/s

    EXECUTION
    iteration_duration.............: avg=74.66ms min=41.58ms med=68.03ms max=150.71ms p(90)=107.04ms p(95)=113.6ms 
    iterations.....................: 58885 3923.817966/s
    vus............................: 241   min=229        max=414 
    vus_max........................: 3944  min=3944       max=3944

    NETWORK
    data_received..................: 17 MB 1.1 MB/s
    data_sent......................: 19 MB 1.3 MB/s




running (15.0s), 00000/03944 VUs, 58876 complete and 285 interrupted iterations
default ✓ [ 100% ] 00285/03944 VUs  15s  3944.00 iters/s
