
         /\      Grafana   /‾‾/  
    /\  /  \     |\  __   /  /   
   /  \/    \    | |/ /  /   ‾‾\ 
  /          \   |   (  |  (‾)  |
 / __________ \  |_|\_\  \_____/ 

     execution: local
        script: workflow/spin/k6_open_client.js
        output: -

     scenarios: (100.00%) 1 scenario, 10000 max VUs, 15s max duration (incl. graceful stop):
              * default: 2240.00 iterations/s for 15s (maxVUs: 2240-10000)


running (00.9s), 00377/02240 VUs, 1693 complete and 0 interrupted iterations
default   [   6% ] 00377/02240 VUs  00.9s/15s  2240.00 iters/s

running (01.9s), 00463/02240 VUs, 3845 complete and 0 interrupted iterations
default   [  13% ] 00463/02240 VUs  01.9s/15s  2240.00 iters/s

running (02.9s), 00321/02240 VUs, 6227 complete and 0 interrupted iterations
default   [  19% ] 00321/02240 VUs  02.9s/15s  2240.00 iters/s

running (03.9s), 00425/02240 VUs, 8361 complete and 0 interrupted iterations
default   [  26% ] 00425/02240 VUs  03.9s/15s  2240.00 iters/s

running (04.9s), 00380/02240 VUs, 10648 complete and 0 interrupted iterations
default   [  33% ] 00380/02240 VUs  04.9s/15s  2240.00 iters/s

running (05.9s), 00401/02240 VUs, 12865 complete and 0 interrupted iterations
default   [  39% ] 00401/02240 VUs  05.9s/15s  2240.00 iters/s

running (06.9s), 00441/02240 VUs, 15067 complete and 0 interrupted iterations
default   [  46% ] 00441/02240 VUs  06.9s/15s  2240.00 iters/s

running (07.9s), 00346/02240 VUs, 17401 complete and 0 interrupted iterations
default   [  53% ] 00346/02240 VUs  07.9s/15s  2240.00 iters/s

running (08.9s), 00439/02240 VUs, 19547 complete and 0 interrupted iterations
default   [  59% ] 00439/02240 VUs  08.9s/15s  2240.00 iters/s

running (09.9s), 00358/02240 VUs, 21870 complete and 0 interrupted iterations
default   [  66% ] 00358/02240 VUs  09.9s/15s  2240.00 iters/s

running (10.9s), 00370/02240 VUs, 24099 complete and 0 interrupted iterations
default   [  73% ] 00370/02240 VUs  10.9s/15s  2240.00 iters/s

running (11.9s), 00392/02240 VUs, 26316 complete and 0 interrupted iterations
default   [  79% ] 00392/02240 VUs  11.9s/15s  2240.00 iters/s

running (12.9s), 00325/02240 VUs, 28621 complete and 0 interrupted iterations
default   [  86% ] 00325/02240 VUs  12.9s/15s  2240.00 iters/s

running (13.9s), 00445/02240 VUs, 30744 complete and 0 interrupted iterations
default   [  93% ] 00445/02240 VUs  13.9s/15s  2240.00 iters/s

running (14.9s), 00303/02240 VUs, 33127 complete and 0 interrupted iterations
default   [  99% ] 00303/02240 VUs  14.9s/15s  2240.00 iters/s


  █ TOTAL RESULTS 

    HTTP
    http_req_duration..............: avg=167.36ms min=113.45ms med=166.57ms max=232.16ms p(90)=197.32ms p(95)=202.21ms
      { expected_response:true }...: avg=167.36ms min=113.45ms med=166.57ms max=232.16ms p(90)=197.32ms p(95)=202.21ms
    http_req_failed................: 0.00%  0 out of 33257
    http_reqs......................: 33257  2216.353757/s

    EXECUTION
    iteration_duration.............: avg=167.46ms min=113.54ms med=166.69ms max=232.24ms p(90)=197.41ms p(95)=202.32ms
    iterations.....................: 33257  2216.353757/s
    vus............................: 303    min=303        max=463 
    vus_max........................: 2240   min=2240       max=2240

    NETWORK
    data_received..................: 6.8 MB 450 kB/s
    data_sent......................: 6.4 MB 430 kB/s




running (15.0s), 00000/02240 VUs, 33250 complete and 351 interrupted iterations
default ✓ [ 100% ] 00351/02240 VUs  15s  2240.00 iters/s
