
         /\      Grafana   /‾‾/  
    /\  /  \     |\  __   /  /   
   /  \/    \    | |/ /  /   ‾‾\ 
  /          \   |   (  |  (‾)  |
 / __________ \  |_|\_\  \_____/ 

     execution: local
        script: workflow/spin/k6_open_client.js
        output: -

     scenarios: (100.00%) 1 scenario, 10000 max VUs, 15s max duration (incl. graceful stop):
              * default: 3749.00 iterations/s for 15s (maxVUs: 3749-10000)


running (00.9s), 00613/03749 VUs, 2659 complete and 0 interrupted iterations
default   [   6% ] 00613/03749 VUs  00.9s/15s  3749.00 iters/s

running (01.9s), 00948/03749 VUs, 6074 complete and 0 interrupted iterations
default   [  12% ] 00948/03749 VUs  01.9s/15s  3749.00 iters/s

running (02.9s), 01217/03749 VUs, 9553 complete and 0 interrupted iterations
default   [  19% ] 01217/03749 VUs  02.9s/15s  3749.00 iters/s

running (03.9s), 01462/03749 VUs, 13056 complete and 0 interrupted iterations
default   [  26% ] 01463/03749 VUs  03.9s/15s  3749.00 iters/s

running (04.9s), 01622/03749 VUs, 16646 complete and 0 interrupted iterations
default   [  32% ] 01622/03749 VUs  04.9s/15s  3749.00 iters/s

running (05.9s), 01812/03749 VUs, 20205 complete and 0 interrupted iterations
default   [  39% ] 01812/03749 VUs  05.9s/15s  3749.00 iters/s

running (06.9s), 02085/03749 VUs, 23680 complete and 0 interrupted iterations
default   [  46% ] 02085/03749 VUs  06.9s/15s  3749.00 iters/s

running (07.9s), 02252/03749 VUs, 27264 complete and 0 interrupted iterations
default   [  52% ] 02252/03749 VUs  07.9s/15s  3749.00 iters/s

running (08.9s), 02419/03749 VUs, 30848 complete and 0 interrupted iterations
default   [  59% ] 02419/03749 VUs  08.9s/15s  3749.00 iters/s

running (09.9s), 02583/03749 VUs, 34432 complete and 0 interrupted iterations
default   [  66% ] 02584/03749 VUs  09.9s/15s  3749.00 iters/s

running (10.9s), 02750/03749 VUs, 38016 complete and 0 interrupted iterations
default   [  72% ] 02750/03749 VUs  10.9s/15s  3749.00 iters/s

running (11.9s), 02898/03749 VUs, 41614 complete and 0 interrupted iterations
default   [  79% ] 02898/03749 VUs  11.9s/15s  3749.00 iters/s

running (12.9s), 02952/03749 VUs, 45312 complete and 0 interrupted iterations
default   [  86% ] 02952/03749 VUs  12.9s/15s  3749.00 iters/s

running (13.9s), 03102/03749 VUs, 48905 complete and 0 interrupted iterations
default   [  92% ] 03102/03749 VUs  13.9s/15s  3749.00 iters/s

running (14.9s), 03151/03749 VUs, 52608 complete and 0 interrupted iterations
default   [  99% ] 03151/03749 VUs  14.9s/15s  3749.00 iters/s


  █ TOTAL RESULTS 

    HTTP
    http_req_duration..............: avg=554.07ms min=58.94ms med=584.71ms max=853.8ms  p(90)=812.79ms p(95)=823.17ms
      { expected_response:true }...: avg=554.07ms min=58.94ms med=584.71ms max=853.8ms  p(90)=812.79ms p(95)=823.17ms
    http_req_failed................: 0.00% 0 out of 53128
    http_reqs......................: 53128 3530.902381/s

    EXECUTION
    iteration_duration.............: avg=554.13ms min=59.17ms med=584.73ms max=873.49ms p(90)=812.85ms p(95)=823.23ms
    iterations.....................: 53121 3530.437159/s
    vus............................: 3151  min=613        max=3151
    vus_max........................: 3749  min=3749       max=3749

    NETWORK
    data_received..................: 11 MB 717 kB/s
    data_sent......................: 11 MB 717 kB/s




running (15.0s), 00000/03749 VUs, 53120 complete and 3118 interrupted iterations
default ✓ [ 100% ] 03118/03749 VUs  15s  3749.00 iters/s
