
         /\      Grafana   /‾‾/  
    /\  /  \     |\  __   /  /   
   /  \/    \    | |/ /  /   ‾‾\ 
  /          \   |   (  |  (‾)  |
 / __________ \  |_|\_\  \_____/ 

     execution: local
        script: workflow/spin/k6_open_client.js
        output: -

     scenarios: (100.00%) 1 scenario, 10000 max VUs, 15s max duration (incl. graceful stop):
              * default: 2393.00 iterations/s for 15s (maxVUs: 2393-10000)


running (00.9s), 00188/02393 VUs, 1993 complete and 0 interrupted iterations
default   [   6% ] 00188/02393 VUs  00.9s/15s  2393.00 iters/s

running (01.9s), 00290/02393 VUs, 4284 complete and 0 interrupted iterations
default   [  13% ] 00290/02393 VUs  01.9s/15s  2393.00 iters/s

running (02.9s), 00217/02393 VUs, 6749 complete and 0 interrupted iterations
default   [  19% ] 00217/02393 VUs  02.9s/15s  2393.00 iters/s

running (03.9s), 00323/02393 VUs, 9037 complete and 0 interrupted iterations
default   [  26% ] 00323/02393 VUs  03.9s/15s  2393.00 iters/s

running (04.9s), 00205/02393 VUs, 11547 complete and 0 interrupted iterations
default   [  33% ] 00205/02393 VUs  04.9s/15s  2393.00 iters/s

running (05.9s), 00304/02393 VUs, 13840 complete and 0 interrupted iterations
default   [  39% ] 00304/02393 VUs  05.9s/15s  2393.00 iters/s

running (06.9s), 00215/02393 VUs, 16322 complete and 0 interrupted iterations
default   [  46% ] 00215/02393 VUs  06.9s/15s  2393.00 iters/s

running (07.9s), 00303/02393 VUs, 18630 complete and 0 interrupted iterations
default   [  53% ] 00303/02393 VUs  07.9s/15s  2393.00 iters/s

running (08.9s), 00210/02393 VUs, 21116 complete and 0 interrupted iterations
default   [  59% ] 00210/02393 VUs  08.9s/15s  2393.00 iters/s

running (09.9s), 00333/02393 VUs, 23384 complete and 0 interrupted iterations
default   [  66% ] 00333/02393 VUs  09.9s/15s  2393.00 iters/s

running (10.9s), 00248/02393 VUs, 25862 complete and 0 interrupted iterations
default   [  73% ] 00248/02393 VUs  10.9s/15s  2393.00 iters/s

running (11.9s), 00205/02393 VUs, 28298 complete and 0 interrupted iterations
default   [  79% ] 00205/02393 VUs  11.9s/15s  2393.00 iters/s

running (12.9s), 00282/02393 VUs, 30616 complete and 0 interrupted iterations
default   [  86% ] 00282/02393 VUs  12.9s/15s  2393.00 iters/s

running (13.9s), 00196/02393 VUs, 33092 complete and 0 interrupted iterations
default   [  93% ] 00197/02393 VUs  13.9s/15s  2393.00 iters/s

running (14.9s), 00303/02393 VUs, 35380 complete and 0 interrupted iterations
default   [  99% ] 00303/02393 VUs  14.9s/15s  2393.00 iters/s


  █ TOTAL RESULTS 

    HTTP
    http_req_duration..............: avg=111.25ms min=71.48ms med=111.16ms max=167.74ms p(90)=135.3ms  p(95)=138.97ms
      { expected_response:true }...: avg=111.25ms min=71.48ms med=111.16ms max=167.74ms p(90)=135.3ms  p(95)=138.97ms
    http_req_failed................: 0.00%  0 out of 35571
    http_reqs......................: 35571  2370.558175/s

    EXECUTION
    iteration_duration.............: avg=111.34ms min=71.6ms  med=111.25ms max=168.52ms p(90)=135.39ms p(95)=139.07ms
    iterations.....................: 35571  2370.558175/s
    vus............................: 301    min=188        max=333 
    vus_max........................: 2393   min=2393       max=2393

    NETWORK
    data_received..................: 7.2 MB 481 kB/s
    data_sent......................: 6.9 MB 459 kB/s




running (15.0s), 00000/02393 VUs, 35571 complete and 323 interrupted iterations
default ✓ [ 100% ] 00323/02393 VUs  15s  2393.00 iters/s
