
         /\      Grafana   /‾‾/  
    /\  /  \     |\  __   /  /   
   /  \/    \    | |/ /  /   ‾‾\ 
  /          \   |   (  |  (‾)  |
 / __________ \  |_|\_\  \_____/ 

     execution: local
        script: workflow/spin/k6_open_client.js
        output: -

     scenarios: (100.00%) 1 scenario, 10000 max VUs, 15s max duration (incl. graceful stop):
              * default: 2783.00 iterations/s for 15s (maxVUs: 2783-10000)


running (00.9s), 00477/02783 VUs, 2048 complete and 0 interrupted iterations
default   [   6% ] 00477/02783 VUs  00.9s/15s  2783.00 iters/s

running (01.9s), 00619/02783 VUs, 4689 complete and 0 interrupted iterations
default   [  13% ] 00619/02783 VUs  01.9s/15s  2783.00 iters/s

running (02.9s), 00667/02783 VUs, 7424 complete and 0 interrupted iterations
default   [  19% ] 00668/02783 VUs  02.9s/15s  2783.00 iters/s

running (03.9s), 00633/02783 VUs, 10240 complete and 0 interrupted iterations
default   [  26% ] 00633/02783 VUs  03.9s/15s  2783.00 iters/s

running (04.9s), 00601/02783 VUs, 13056 complete and 0 interrupted iterations
default   [  33% ] 00601/02783 VUs  04.9s/15s  2783.00 iters/s

running (05.9s), 00569/02783 VUs, 15872 complete and 0 interrupted iterations
default   [  39% ] 00569/02783 VUs  05.9s/15s  2783.00 iters/s

running (06.9s), 00536/02783 VUs, 18688 complete and 0 interrupted iterations
default   [  46% ] 00536/02783 VUs  06.9s/15s  2783.00 iters/s

running (07.9s), 00503/02783 VUs, 21504 complete and 0 interrupted iterations
default   [  53% ] 00504/02783 VUs  07.9s/15s  2783.00 iters/s

running (08.9s), 00469/02783 VUs, 24320 complete and 0 interrupted iterations
default   [  59% ] 00469/02783 VUs  08.9s/15s  2783.00 iters/s

running (09.9s), 00435/02783 VUs, 27136 complete and 0 interrupted iterations
default   [  66% ] 00435/02783 VUs  09.9s/15s  2783.00 iters/s

running (10.9s), 00534/02783 VUs, 29821 complete and 0 interrupted iterations
default   [  73% ] 00534/02783 VUs  10.9s/15s  2783.00 iters/s

running (11.9s), 00619/02783 VUs, 32519 complete and 0 interrupted iterations
default   [  79% ] 00619/02783 VUs  11.9s/15s  2783.00 iters/s

running (12.9s), 00611/02783 VUs, 35311 complete and 0 interrupted iterations
default   [  86% ] 00611/02783 VUs  12.9s/15s  2783.00 iters/s

running (13.9s), 00578/02783 VUs, 38127 complete and 0 interrupted iterations
default   [  93% ] 00579/02783 VUs  13.9s/15s  2783.00 iters/s

running (14.9s), 00546/02783 VUs, 40943 complete and 0 interrupted iterations
default   [  99% ] 00546/02783 VUs  14.9s/15s  2783.00 iters/s


  █ TOTAL RESULTS 

    HTTP
    http_req_duration..............: avg=199.84ms min=129.58ms med=199.97ms max=264.48ms p(90)=235.64ms p(95)=244.94ms
      { expected_response:true }...: avg=199.84ms min=129.58ms med=199.97ms max=264.48ms p(90)=235.64ms p(95)=244.94ms
    http_req_failed................: 0.00%  0 out of 41199
    http_reqs......................: 41199  2745.248227/s

    EXECUTION
    iteration_duration.............: avg=199.94ms min=129.66ms med=200.07ms max=264.58ms p(90)=235.72ms p(95)=245.01ms
    iterations.....................: 41199  2745.248227/s
    vus............................: 543    min=436        max=668 
    vus_max........................: 2783   min=2783       max=2783

    NETWORK
    data_received..................: 8.4 MB 557 kB/s
    data_sent......................: 8.0 MB 534 kB/s




running (15.0s), 00000/02783 VUs, 41199 complete and 545 interrupted iterations
default ✓ [ 100% ] 00545/02783 VUs  15s  2783.00 iters/s
