
         /\      Grafana   /‾‾/  
    /\  /  \     |\  __   /  /   
   /  \/    \    | |/ /  /   ‾‾\ 
  /          \   |   (  |  (‾)  |
 / __________ \  |_|\_\  \_____/ 

     execution: local
        script: workflow/spin/k6_open_client.js
        output: -

     scenarios: (100.00%) 1 scenario, 10000 max VUs, 15s max duration (incl. graceful stop):
              * default: 2300.00 iterations/s for 15s (maxVUs: 2300-10000)


running (00.9s), 00161/02300 VUs, 1948 complete and 0 interrupted iterations
default   [   6% ] 00161/02300 VUs  00.9s/15s  2300.00 iters/s

running (01.9s), 00193/02300 VUs, 4219 complete and 0 interrupted iterations
default   [  13% ] 00192/02300 VUs  01.9s/15s  2300.00 iters/s

running (02.9s), 00132/02300 VUs, 6580 complete and 0 interrupted iterations
default   [  19% ] 00132/02300 VUs  02.9s/15s  2300.00 iters/s

running (03.9s), 00183/02300 VUs, 8829 complete and 0 interrupted iterations
default   [  26% ] 00183/02300 VUs  03.9s/15s  2300.00 iters/s

running (04.9s), 00116/02300 VUs, 11193 complete and 0 interrupted iterations
default   [  33% ] 00116/02300 VUs  04.9s/15s  2300.00 iters/s

running (05.9s), 00158/02300 VUs, 13454 complete and 0 interrupted iterations
default   [  39% ] 00158/02300 VUs  05.9s/15s  2300.00 iters/s

running (06.9s), 00115/02300 VUs, 15796 complete and 0 interrupted iterations
default   [  46% ] 00115/02300 VUs  06.9s/15s  2300.00 iters/s

running (07.9s), 00155/02300 VUs, 18056 complete and 0 interrupted iterations
default   [  53% ] 00155/02300 VUs  07.9s/15s  2300.00 iters/s

running (08.9s), 00142/02300 VUs, 20371 complete and 0 interrupted iterations
default   [  59% ] 00142/02300 VUs  08.9s/15s  2300.00 iters/s

running (09.9s), 00149/02300 VUs, 22663 complete and 0 interrupted iterations
default   [  66% ] 00149/02300 VUs  09.9s/15s  2300.00 iters/s

running (10.9s), 00165/02300 VUs, 24946 complete and 0 interrupted iterations
default   [  73% ] 00165/02300 VUs  10.9s/15s  2300.00 iters/s

running (11.9s), 00108/02300 VUs, 27303 complete and 0 interrupted iterations
default   [  79% ] 00107/02300 VUs  11.9s/15s  2300.00 iters/s

running (12.9s), 00157/02300 VUs, 29555 complete and 0 interrupted iterations
default   [  86% ] 00157/02300 VUs  12.9s/15s  2300.00 iters/s

running (13.9s), 00193/02300 VUs, 31818 complete and 0 interrupted iterations
default   [  93% ] 00193/02300 VUs  13.9s/15s  2300.00 iters/s

running (14.9s), 00125/02300 VUs, 34185 complete and 0 interrupted iterations
default   [  99% ] 00125/02300 VUs  14.9s/15s  2300.00 iters/s


  █ TOTAL RESULTS 

    HTTP
    http_req_duration..............: avg=66.69ms min=38.97ms med=66.65ms max=113.57ms p(90)=83.43ms p(95)=86.41ms
      { expected_response:true }...: avg=66.69ms min=38.97ms med=66.65ms max=113.57ms p(90)=83.43ms p(95)=86.41ms
    http_req_failed................: 0.00%  0 out of 34311
    http_reqs......................: 34311  2286.727624/s

    EXECUTION
    iteration_duration.............: avg=66.79ms min=39.02ms med=66.75ms max=113.68ms p(90)=83.52ms p(95)=86.5ms 
    iterations.....................: 34311  2286.727624/s
    vus............................: 127    min=108        max=195 
    vus_max........................: 2300   min=2300       max=2300

    NETWORK
    data_received..................: 7.0 MB 464 kB/s
    data_sent......................: 6.6 MB 441 kB/s




running (15.0s), 00000/02300 VUs, 34311 complete and 190 interrupted iterations
default ✓ [ 100% ] 00190/02300 VUs  15s  2300.00 iters/s
