
         /\      Grafana   /‾‾/  
    /\  /  \     |\  __   /  /   
   /  \/    \    | |/ /  /   ‾‾\ 
  /          \   |   (  |  (‾)  |
 / __________ \  |_|\_\  \_____/ 

     execution: local
        script: workflow/spin/k6_open_client.js
        output: -

     scenarios: (100.00%) 1 scenario, 10000 max VUs, 15s max duration (incl. graceful stop):
              * default: 3686.00 iterations/s for 15s (maxVUs: 3686-10000)


running (00.9s), 00019/03686 VUs, 3198 complete and 0 interrupted iterations
default   [   6% ] 00018/03686 VUs  00.9s/15s  3686.00 iters/s

running (01.9s), 00018/03686 VUs, 6882 complete and 0 interrupted iterations
default   [  12% ] 00018/03686 VUs  01.9s/15s  3686.00 iters/s

running (02.9s), 00021/03686 VUs, 10567 complete and 0 interrupted iterations
default   [  19% ] 00021/03686 VUs  02.9s/15s  3686.00 iters/s

running (03.9s), 00016/03686 VUs, 14253 complete and 0 interrupted iterations
default   [  26% ] 00016/03686 VUs  03.9s/15s  3686.00 iters/s

running (04.9s), 00015/03686 VUs, 17942 complete and 0 interrupted iterations
default   [  32% ] 00015/03686 VUs  04.9s/15s  3686.00 iters/s

running (05.9s), 00016/03686 VUs, 21628 complete and 0 interrupted iterations
default   [  39% ] 00017/03686 VUs  05.9s/15s  3686.00 iters/s

running (06.9s), 00015/03686 VUs, 25315 complete and 0 interrupted iterations
default   [  46% ] 00015/03686 VUs  06.9s/15s  3686.00 iters/s

running (07.9s), 00018/03686 VUs, 28998 complete and 0 interrupted iterations
default   [  52% ] 00018/03686 VUs  07.9s/15s  3686.00 iters/s

running (08.9s), 00019/03686 VUs, 32684 complete and 0 interrupted iterations
default   [  59% ] 00019/03686 VUs  08.9s/15s  3686.00 iters/s

running (09.9s), 00018/03686 VUs, 36370 complete and 0 interrupted iterations
default   [  66% ] 00018/03686 VUs  09.9s/15s  3686.00 iters/s

running (10.9s), 00019/03686 VUs, 40054 complete and 0 interrupted iterations
default   [  72% ] 00020/03686 VUs  10.9s/15s  3686.00 iters/s

running (11.9s), 00016/03686 VUs, 43744 complete and 0 interrupted iterations
default   [  79% ] 00016/03686 VUs  11.9s/15s  3686.00 iters/s

running (12.9s), 00014/03686 VUs, 47432 complete and 0 interrupted iterations
default   [  86% ] 00014/03686 VUs  12.9s/15s  3686.00 iters/s

running (13.9s), 00023/03686 VUs, 51109 complete and 0 interrupted iterations
default   [  92% ] 00023/03686 VUs  13.9s/15s  3686.00 iters/s

running (14.9s), 00022/03686 VUs, 54797 complete and 0 interrupted iterations
default   [  99% ] 00022/03686 VUs  14.9s/15s  3686.00 iters/s


  █ TOTAL RESULTS 

    HTTP
    http_req_duration..............: avg=5.64ms min=3.56ms med=4.81ms max=73.95ms p(90)=6.98ms p(95)=8.29ms
      { expected_response:true }...: avg=5.64ms min=3.56ms med=4.81ms max=73.95ms p(90)=6.98ms p(95)=8.29ms
    http_req_failed................: 0.00% 0 out of 55270
    http_reqs......................: 55270 3683.296881/s

    EXECUTION
    iteration_duration.............: avg=5.74ms min=3.63ms med=4.9ms  max=74.46ms p(90)=7.07ms p(95)=8.38ms
    iterations.....................: 55270 3683.296881/s
    vus............................: 22    min=15         max=24  
    vus_max........................: 3686  min=3686       max=3686

    NETWORK
    data_received..................: 11 MB 748 kB/s
    data_sent......................: 11 MB 707 kB/s




running (15.0s), 00000/03686 VUs, 55267 complete and 24 interrupted iterations
default ✓ [ 100% ] 00024/03686 VUs  15s  3686.00 iters/s
