
         /\      Grafana   /‾‾/  
    /\  /  \     |\  __   /  /   
   /  \/    \    | |/ /  /   ‾‾\ 
  /          \   |   (  |  (‾)  |
 / __________ \  |_|\_\  \_____/ 

     execution: local
        script: workflow/spin/k6_open_client.js
        output: -

     scenarios: (100.00%) 1 scenario, 10000 max VUs, 15s max duration (incl. graceful stop):
              * default: 2505.00 iterations/s for 15s (maxVUs: 2505-10000)


running (00.9s), 00144/02505 VUs, 2148 complete and 0 interrupted iterations
default   [   6% ] 00144/02505 VUs  00.9s/15s  2505.00 iters/s

running (01.9s), 00147/02505 VUs, 4650 complete and 0 interrupted iterations
default   [  13% ] 00147/02505 VUs  01.9s/15s  2505.00 iters/s

running (02.9s), 00190/02505 VUs, 7112 complete and 0 interrupted iterations
default   [  19% ] 00189/02505 VUs  02.9s/15s  2505.00 iters/s

running (03.9s), 00192/02505 VUs, 9613 complete and 0 interrupted iterations
default   [  26% ] 00192/02505 VUs  03.9s/15s  2505.00 iters/s

running (04.9s), 00119/02505 VUs, 12193 complete and 0 interrupted iterations
default   [  33% ] 00118/02505 VUs  04.9s/15s  2505.00 iters/s

running (05.9s), 00150/02505 VUs, 14669 complete and 0 interrupted iterations
default   [  39% ] 00150/02505 VUs  05.9s/15s  2505.00 iters/s

running (06.9s), 00147/02505 VUs, 17175 complete and 0 interrupted iterations
default   [  46% ] 00147/02505 VUs  06.9s/15s  2505.00 iters/s

running (07.9s), 00128/02505 VUs, 19699 complete and 0 interrupted iterations
default   [  53% ] 00128/02505 VUs  07.9s/15s  2505.00 iters/s

running (08.9s), 00132/02505 VUs, 22202 complete and 0 interrupted iterations
default   [  59% ] 00132/02505 VUs  08.9s/15s  2505.00 iters/s

running (09.9s), 00121/02505 VUs, 24717 complete and 0 interrupted iterations
default   [  66% ] 00121/02505 VUs  09.9s/15s  2505.00 iters/s

running (10.9s), 00110/02505 VUs, 27232 complete and 0 interrupted iterations
default   [  73% ] 00110/02505 VUs  10.9s/15s  2505.00 iters/s

running (11.9s), 00119/02505 VUs, 29729 complete and 0 interrupted iterations
default   [  79% ] 00119/02505 VUs  11.9s/15s  2505.00 iters/s

running (12.9s), 00142/02505 VUs, 32212 complete and 0 interrupted iterations
default   [  86% ] 00142/02505 VUs  12.9s/15s  2505.00 iters/s

running (13.9s), 00128/02505 VUs, 34729 complete and 0 interrupted iterations
default   [  93% ] 00128/02505 VUs  13.9s/15s  2505.00 iters/s

running (14.9s), 00133/02505 VUs, 37229 complete and 0 interrupted iterations
default   [  99% ] 00134/02505 VUs  14.9s/15s  2505.00 iters/s


  █ TOTAL RESULTS 

    HTTP
    http_req_duration..............: avg=57.5ms min=35.55ms med=57.25ms max=100.22ms p(90)=69.34ms p(95)=73.41ms
      { expected_response:true }...: avg=57.5ms min=35.55ms med=57.25ms max=100.22ms p(90)=69.34ms p(95)=73.41ms
    http_req_failed................: 0.00%  0 out of 37462
    http_reqs......................: 37462  2496.674564/s

    EXECUTION
    iteration_duration.............: avg=57.6ms min=35.75ms med=57.35ms max=101.27ms p(90)=69.48ms p(95)=73.54ms
    iterations.....................: 37462  2496.674564/s
    vus............................: 132    min=109        max=195 
    vus_max........................: 2505   min=2505       max=2505

    NETWORK
    data_received..................: 7.6 MB 507 kB/s
    data_sent......................: 7.2 MB 481 kB/s




running (15.0s), 00000/02505 VUs, 37462 complete and 113 interrupted iterations
default ✓ [ 100% ] 00113/02505 VUs  15s  2505.00 iters/s
