
         /\      Grafana   /‾‾/  
    /\  /  \     |\  __   /  /   
   /  \/    \    | |/ /  /   ‾‾\ 
  /          \   |   (  |  (‾)  |
 / __________ \  |_|\_\  \_____/ 

     execution: local
        script: workflow/spin/k6_open_client.js
        output: -

     scenarios: (100.00%) 1 scenario, 10000 max VUs, 15s max duration (incl. graceful stop):
              * default: 2599.00 iterations/s for 15s (maxVUs: 2599-10000)


running (00.9s), 00185/02599 VUs, 2175 complete and 0 interrupted iterations
default   [   6% ] 00185/02599 VUs  00.9s/15s  2599.00 iters/s

running (01.9s), 00140/02599 VUs, 4816 complete and 0 interrupted iterations
default   [  13% ] 00140/02599 VUs  01.9s/15s  2599.00 iters/s

running (02.9s), 00145/02599 VUs, 7412 complete and 0 interrupted iterations
default   [  19% ] 00145/02599 VUs  02.9s/15s  2599.00 iters/s

running (03.9s), 00149/02599 VUs, 10005 complete and 0 interrupted iterations
default   [  26% ] 00149/02599 VUs  03.9s/15s  2599.00 iters/s

running (04.9s), 00172/02599 VUs, 12583 complete and 0 interrupted iterations
default   [  33% ] 00174/02599 VUs  04.9s/15s  2599.00 iters/s

running (05.9s), 00167/02599 VUs, 15188 complete and 0 interrupted iterations
default   [  39% ] 00167/02599 VUs  05.9s/15s  2599.00 iters/s

running (06.9s), 00148/02599 VUs, 17806 complete and 0 interrupted iterations
default   [  46% ] 00147/02599 VUs  06.9s/15s  2599.00 iters/s

running (07.9s), 00155/02599 VUs, 20399 complete and 0 interrupted iterations
default   [  53% ] 00155/02599 VUs  07.9s/15s  2599.00 iters/s

running (08.9s), 00130/02599 VUs, 23021 complete and 0 interrupted iterations
default   [  59% ] 00130/02599 VUs  08.9s/15s  2599.00 iters/s

running (09.9s), 00168/02599 VUs, 25582 complete and 0 interrupted iterations
default   [  66% ] 00168/02599 VUs  09.9s/15s  2599.00 iters/s

running (10.9s), 00205/02599 VUs, 28147 complete and 0 interrupted iterations
default   [  73% ] 00205/02599 VUs  10.9s/15s  2599.00 iters/s

running (11.9s), 00180/02599 VUs, 30768 complete and 0 interrupted iterations
default   [  79% ] 00180/02599 VUs  11.9s/15s  2599.00 iters/s

running (12.9s), 00141/02599 VUs, 33406 complete and 0 interrupted iterations
default   [  86% ] 00141/02599 VUs  12.9s/15s  2599.00 iters/s

running (13.9s), 00182/02599 VUs, 35964 complete and 0 interrupted iterations
default   [  93% ] 00182/02599 VUs  13.9s/15s  2599.00 iters/s

running (14.9s), 00144/02599 VUs, 38600 complete and 0 interrupted iterations
default   [  99% ] 00144/02599 VUs  14.9s/15s  2599.00 iters/s


  █ TOTAL RESULTS 

    HTTP
    http_req_duration..............: avg=63.4ms  min=35.26ms med=63.36ms max=96.53ms p(90)=73.72ms p(95)=76.7ms 
      { expected_response:true }...: avg=63.4ms  min=35.26ms med=63.36ms max=96.53ms p(90)=73.72ms p(95)=76.7ms 
    http_req_failed................: 0.00%  0 out of 38851
    http_reqs......................: 38851  2589.347456/s

    EXECUTION
    iteration_duration.............: avg=63.49ms min=35.42ms med=63.45ms max=96.59ms p(90)=73.83ms p(95)=76.81ms
    iterations.....................: 38851  2589.347456/s
    vus............................: 146    min=129        max=205 
    vus_max........................: 2599   min=2599       max=2599

    NETWORK
    data_received..................: 7.9 MB 526 kB/s
    data_sent......................: 7.5 MB 499 kB/s




running (15.0s), 00000/02599 VUs, 38851 complete and 135 interrupted iterations
default ✓ [ 100% ] 00135/02599 VUs  15s  2599.00 iters/s
