
         /\      Grafana   /‾‾/  
    /\  /  \     |\  __   /  /   
   /  \/    \    | |/ /  /   ‾‾\ 
  /          \   |   (  |  (‾)  |
 / __________ \  |_|\_\  \_____/ 

     execution: local
        script: workflow/media/k6_open_review_compose.js
        output: -

     scenarios: (100.00%) 1 scenario, 10000 max VUs, 15s max duration (incl. graceful stop):
              * default: 2178.00 iterations/s for 15s (maxVUs: 2178-10000)


running (00.9s), 00217/02178 VUs, 1789 complete and 0 interrupted iterations
default   [   6% ] 00217/02178 VUs  00.9s/15s  2178.00 iters/s

running (01.9s), 00285/02178 VUs, 3898 complete and 0 interrupted iterations
default   [  13% ] 00285/02178 VUs  01.9s/15s  2178.00 iters/s

running (02.9s), 00476/02178 VUs, 5885 complete and 0 interrupted iterations
default   [  19% ] 00476/02178 VUs  02.9s/15s  2178.00 iters/s

running (03.9s), 00602/02178 VUs, 7939 complete and 0 interrupted iterations
default   [  26% ] 00602/02178 VUs  03.9s/15s  2178.00 iters/s

running (04.9s), 00689/02178 VUs, 10028 complete and 0 interrupted iterations
default   [  33% ] 00689/02178 VUs  04.9s/15s  2178.00 iters/s

running (05.9s), 00834/02178 VUs, 12062 complete and 0 interrupted iterations
default   [  39% ] 00834/02178 VUs  05.9s/15s  2178.00 iters/s

running (06.9s), 00917/02178 VUs, 14156 complete and 0 interrupted iterations
default   [  46% ] 00917/02178 VUs  06.9s/15s  2178.00 iters/s

running (07.9s), 01026/02178 VUs, 16226 complete and 0 interrupted iterations
default   [  53% ] 01026/02178 VUs  07.9s/15s  2178.00 iters/s

running (08.9s), 01198/02178 VUs, 18232 complete and 0 interrupted iterations
default   [  59% ] 01198/02178 VUs  08.9s/15s  2178.00 iters/s

running (09.9s), 01362/02178 VUs, 20245 complete and 0 interrupted iterations
default   [  66% ] 01363/02178 VUs  09.9s/15s  2178.00 iters/s

running (10.9s), 01414/02178 VUs, 22372 complete and 0 interrupted iterations
default   [  73% ] 01414/02178 VUs  10.9s/15s  2178.00 iters/s

running (11.9s), 01527/02178 VUs, 24437 complete and 0 interrupted iterations
default   [  79% ] 01527/02178 VUs  11.9s/15s  2178.00 iters/s

running (12.9s), 01579/02178 VUs, 26563 complete and 0 interrupted iterations
default   [  86% ] 01579/02178 VUs  12.9s/15s  2178.00 iters/s

running (13.9s), 01721/02178 VUs, 28599 complete and 0 interrupted iterations
default   [  93% ] 01721/02178 VUs  13.9s/15s  2178.00 iters/s

running (14.9s), 01849/02178 VUs, 30649 complete and 0 interrupted iterations
default   [  99% ] 01849/02178 VUs  14.9s/15s  2178.00 iters/s


  █ TOTAL RESULTS 

    HTTP
    http_req_duration..............: avg=457.07ms min=6.02ms med=445.16ms max=1.38s p(90)=755.34ms p(95)=780.11ms
      { expected_response:true }...: avg=457.07ms min=6.02ms med=445.16ms max=1.38s p(90)=755.34ms p(95)=780.11ms
    http_req_failed................: 0.00%  0 out of 30824
    http_reqs......................: 30824  2052.714408/s

    EXECUTION
    iteration_duration.............: avg=457.19ms min=6.55ms med=445.26ms max=1.38s p(90)=755.45ms p(95)=780.21ms
    iterations.....................: 30824  2052.714408/s
    vus............................: 1850   min=217        max=1850
    vus_max........................: 2178   min=2178       max=2178

    NETWORK
    data_received..................: 7.1 MB 476 kB/s
    data_sent......................: 18 MB  1.2 MB/s




running (15.0s), 00000/02178 VUs, 30820 complete and 1851 interrupted iterations
default ✓ [ 100% ] 01851/02178 VUs  15s  2178.00 iters/s
