
         /\      Grafana   /‾‾/  
    /\  /  \     |\  __   /  /   
   /  \/    \    | |/ /  /   ‾‾\ 
  /          \   |   (  |  (‾)  |
 / __________ \  |_|\_\  \_____/ 

     execution: local
        script: workflow/social/k6_open_client.js
        output: -

     scenarios: (100.00%) 1 scenario, 10000 max VUs, 15s max duration (incl. graceful stop):
              * default: 7321.00 iterations/s for 15s (maxVUs: 7321-10000)


running (00.8s), 01622/07321 VUs, 4091 complete and 0 interrupted iterations
default   [   5% ] 01622/07321 VUs  00.8s/15s  7321.00 iters/s

running (01.8s), 02566/07321 VUs, 10469 complete and 0 interrupted iterations
default   [  12% ] 02566/07321 VUs  01.8s/15s  7321.00 iters/s

running (02.8s), 02892/07321 VUs, 17463 complete and 0 interrupted iterations
default   [  19% ] 02891/07321 VUs  02.8s/15s  7321.00 iters/s

running (03.8s), 03691/07321 VUs, 23984 complete and 0 interrupted iterations
default   [  25% ] 03691/07321 VUs  03.8s/15s  7321.00 iters/s

running (04.8s), 04145/07321 VUs, 30852 complete and 0 interrupted iterations
default   [  32% ] 04144/07321 VUs  04.8s/15s  7321.00 iters/s

running (05.8s), 04427/07321 VUs, 37891 complete and 0 interrupted iterations
default   [  39% ] 04427/07321 VUs  05.8s/15s  7321.00 iters/s

running (06.8s), 04842/07321 VUs, 44797 complete and 0 interrupted iterations
default   [  45% ] 04842/07321 VUs  06.8s/15s  7321.00 iters/s

running (07.8s), 05553/07321 VUs, 51407 complete and 0 interrupted iterations
default   [  52% ] 05553/07321 VUs  07.8s/15s  7321.00 iters/s

running (08.8s), 05944/07321 VUs, 58337 complete and 0 interrupted iterations
default   [  59% ] 05944/07321 VUs  08.8s/15s  7321.00 iters/s

running (09.8s), 06211/07321 VUs, 65393 complete and 0 interrupted iterations
default   [  65% ] 06212/07321 VUs  09.8s/15s  7321.00 iters/s

running (10.8s), 06474/07321 VUs, 72449 complete and 0 interrupted iterations
default   [  72% ] 06474/07321 VUs  10.8s/15s  7321.00 iters/s

running (11.8s), 07092/07321 VUs, 79152 complete and 0 interrupted iterations
default   [  79% ] 07092/07321 VUs  11.8s/15s  7321.00 iters/s

running (12.8s), 07354/07378 VUs, 86135 complete and 0 interrupted iterations
default   [  85% ] 07354/07378 VUs  12.8s/15s  7321.00 iters/s

running (13.8s), 07423/07432 VUs, 93275 complete and 0 interrupted iterations
default   [  92% ] 07423/07432 VUs  13.8s/15s  7321.00 iters/s

running (14.8s), 07554/07556 VUs, 100127 complete and 0 interrupted iterations
default   [  99% ] 07554/07556 VUs  14.8s/15s  7321.00 iters/s


  █ TOTAL RESULTS 

    HTTP
    http_req_duration..............: avg=709.38ms min=918.11µs med=760.36ms max=2.11s p(90)=1.02s p(95)=1.05s
      { expected_response:true }...: avg=709.38ms min=918.11µs med=760.36ms max=2.11s p(90)=1.02s p(95)=1.05s
    http_req_failed................: 0.00%  0 out of 101794
    http_reqs......................: 101794 6753.886555/s

    EXECUTION
    dropped_iterations.............: 572    37.951383/s
    iteration_duration.............: avg=709.64ms min=1.01ms   med=760.51ms max=2.11s p(90)=1.02s p(95)=1.05s
    iterations.....................: 101794 6753.886555/s
    vus............................: 7554   min=1622        max=7554
    vus_max........................: 7556   min=7321        max=7556

    NETWORK
    data_received..................: 23 MB  1.5 MB/s
    data_sent......................: 36 MB  2.4 MB/s




running (15.1s), 00000/07575 VUs, 101671 complete and 7572 interrupted iterations
default ✓ [ 100% ] 07572/07575 VUs  15s  7321.00 iters/s
