
         /\      Grafana   /‾‾/  
    /\  /  \     |\  __   /  /   
   /  \/    \    | |/ /  /   ‾‾\ 
  /          \   |   (  |  (‾)  |
 / __________ \  |_|\_\  \_____/ 

     execution: local
        script: workflow/spin/k6_open_client.js
        output: -

     scenarios: (100.00%) 1 scenario, 10000 max VUs, 15s max duration (incl. graceful stop):
              * default: 4020.00 iterations/s for 15s (maxVUs: 4020-10000)


running (00.9s), 00020/04020 VUs, 3477 complete and 0 interrupted iterations
default   [   6% ] 00020/04020 VUs  00.9s/15s  4020.00 iters/s

running (01.9s), 00039/04020 VUs, 7480 complete and 0 interrupted iterations
default   [  12% ] 00039/04020 VUs  01.9s/15s  4020.00 iters/s

running (02.9s), 00017/04020 VUs, 11520 complete and 0 interrupted iterations
default   [  19% ] 00017/04020 VUs  02.9s/15s  4020.00 iters/s

running (03.9s), 00023/04020 VUs, 15534 complete and 0 interrupted iterations
default   [  26% ] 00023/04020 VUs  03.9s/15s  4020.00 iters/s

running (04.9s), 00028/04020 VUs, 19551 complete and 0 interrupted iterations
default   [  32% ] 00028/04020 VUs  04.9s/15s  4020.00 iters/s

running (05.9s), 00012/04020 VUs, 23584 complete and 0 interrupted iterations
default   [  39% ] 00012/04020 VUs  05.9s/15s  4020.00 iters/s

running (06.9s), 00016/04020 VUs, 27601 complete and 0 interrupted iterations
default   [  46% ] 00016/04020 VUs  06.9s/15s  4020.00 iters/s

running (07.9s), 00013/04020 VUs, 31625 complete and 0 interrupted iterations
default   [  52% ] 00013/04020 VUs  07.9s/15s  4020.00 iters/s

running (08.9s), 00022/04020 VUs, 35637 complete and 0 interrupted iterations
default   [  59% ] 00022/04020 VUs  08.9s/15s  4020.00 iters/s

running (09.9s), 00035/04020 VUs, 39643 complete and 0 interrupted iterations
default   [  66% ] 00035/04020 VUs  09.9s/15s  4020.00 iters/s

running (10.9s), 00038/04020 VUs, 43659 complete and 0 interrupted iterations
default   [  72% ] 00038/04020 VUs  10.9s/15s  4020.00 iters/s

running (11.9s), 00022/04020 VUs, 47695 complete and 0 interrupted iterations
default   [  79% ] 00022/04020 VUs  11.9s/15s  4020.00 iters/s

running (12.9s), 00024/04020 VUs, 51715 complete and 0 interrupted iterations
default   [  86% ] 00024/04020 VUs  12.9s/15s  4020.00 iters/s

running (13.9s), 00017/04020 VUs, 55743 complete and 0 interrupted iterations
default   [  92% ] 00017/04020 VUs  13.9s/15s  4020.00 iters/s

running (14.9s), 00017/04020 VUs, 59762 complete and 0 interrupted iterations
default   [  99% ] 00017/04020 VUs  14.9s/15s  4020.00 iters/s


  █ TOTAL RESULTS 

    HTTP
    http_req_duration..............: avg=7.3ms min=2.39ms med=4.98ms max=112.77ms p(90)=11.64ms p(95)=15.77ms
      { expected_response:true }...: avg=7.3ms min=2.39ms med=4.98ms max=112.77ms p(90)=11.64ms p(95)=15.77ms
    http_req_failed................: 0.00% 0 out of 60294
    http_reqs......................: 60294 4018.183996/s

    EXECUTION
    iteration_duration.............: avg=7.4ms min=2.48ms med=5.07ms max=113.05ms p(90)=11.72ms p(95)=15.89ms
    iterations.....................: 60294 4018.183996/s
    vus............................: 16    min=13         max=39  
    vus_max........................: 4020  min=4020       max=4020

    NETWORK
    data_received..................: 12 MB 816 kB/s
    data_sent......................: 12 MB 771 kB/s




running (15.0s), 00000/04020 VUs, 60283 complete and 18 interrupted iterations
default ✓ [ 100% ] 00018/04020 VUs  15s  4020.00 iters/s
