
         /\      Grafana   /‾‾/  
    /\  /  \     |\  __   /  /   
   /  \/    \    | |/ /  /   ‾‾\ 
  /          \   |   (  |  (‾)  |
 / __________ \  |_|\_\  \_____/ 

     execution: local
        script: workflow/spin/k6_open_client.js
        output: -

     scenarios: (100.00%) 1 scenario, 10000 max VUs, 15s max duration (incl. graceful stop):
              * default: 1735.00 iterations/s for 15s (maxVUs: 1735-10000)


running (00.9s), 00618/01735 VUs, 1009 complete and 0 interrupted iterations
default   [   6% ] 00618/01735 VUs  00.9s/15s  1735.00 iters/s

running (01.9s), 00803/01735 VUs, 2560 complete and 0 interrupted iterations
default   [  13% ] 00803/01735 VUs  01.9s/15s  1735.00 iters/s

running (02.9s), 00999/01735 VUs, 4096 complete and 0 interrupted iterations
default   [  20% ] 00999/01735 VUs  02.9s/15s  1735.00 iters/s

running (03.9s), 00686/01735 VUs, 6144 complete and 0 interrupted iterations
default   [  26% ] 00686/01735 VUs  03.9s/15s  1735.00 iters/s

running (04.9s), 00886/01735 VUs, 7680 complete and 0 interrupted iterations
default   [  33% ] 00887/01735 VUs  04.9s/15s  1735.00 iters/s

running (05.9s), 00896/01735 VUs, 9406 complete and 0 interrupted iterations
default   [  40% ] 00896/01735 VUs  05.9s/15s  1735.00 iters/s

running (06.9s), 00773/01735 VUs, 11264 complete and 0 interrupted iterations
default   [  46% ] 00773/01735 VUs  06.9s/15s  1735.00 iters/s

running (07.9s), 00972/01735 VUs, 12800 complete and 0 interrupted iterations
default   [  53% ] 00972/01735 VUs  07.9s/15s  1735.00 iters/s

running (08.9s), 00657/01735 VUs, 14848 complete and 0 interrupted iterations
default   [  60% ] 00657/01735 VUs  08.9s/15s  1735.00 iters/s

running (09.9s), 00858/01735 VUs, 16384 complete and 0 interrupted iterations
default   [  66% ] 00858/01735 VUs  09.9s/15s  1735.00 iters/s

running (10.9s), 00755/01735 VUs, 18222 complete and 0 interrupted iterations
default   [  73% ] 00755/01735 VUs  10.9s/15s  1735.00 iters/s

running (11.9s), 00745/01735 VUs, 19968 complete and 0 interrupted iterations
default   [  80% ] 00745/01735 VUs  11.9s/15s  1735.00 iters/s

running (12.9s), 00943/01735 VUs, 21504 complete and 0 interrupted iterations
default   [  86% ] 00944/01735 VUs  12.9s/15s  1735.00 iters/s

running (13.9s), 00629/01735 VUs, 23552 complete and 0 interrupted iterations
default   [  93% ] 00629/01735 VUs  13.9s/15s  1735.00 iters/s

running (14.9s), 00829/01735 VUs, 25088 complete and 0 interrupted iterations
default   [ 100% ] 00829/01735 VUs  14.9s/15s  1735.00 iters/s


  █ TOTAL RESULTS 

    HTTP
    http_req_duration..............: avg=463.15ms min=316.23ms med=462.06ms max=593.66ms p(90)=551.86ms p(95)=563.51ms
      { expected_response:true }...: avg=463.15ms min=316.23ms med=462.06ms max=593.66ms p(90)=551.86ms p(95)=563.51ms
    http_req_failed................: 0.00%  0 out of 25088
    http_reqs......................: 25088  1671.576816/s

    EXECUTION
    iteration_duration.............: avg=463.24ms min=316.32ms med=462.17ms max=593.74ms p(90)=551.93ms p(95)=563.63ms
    iterations.....................: 25088  1671.576816/s
    vus............................: 829    min=617        max=1000
    vus_max........................: 1735   min=1735       max=1735

    NETWORK
    data_received..................: 5.1 MB 339 kB/s
    data_sent......................: 5.0 MB 333 kB/s




running (15.0s), 00000/01735 VUs, 25088 complete and 936 interrupted iterations
default ✓ [ 100% ] 00936/01735 VUs  15s  1735.00 iters/s
