
         /\      Grafana   /‾‾/  
    /\  /  \     |\  __   /  /   
   /  \/    \    | |/ /  /   ‾‾\ 
  /          \   |   (  |  (‾)  |
 / __________ \  |_|\_\  \_____/ 

     execution: local
        script: workflow/spin/k6_open_client.js
        output: -

     scenarios: (100.00%) 1 scenario, 10000 max VUs, 15s max duration (incl. graceful stop):
              * default: 1468.00 iterations/s for 15s (maxVUs: 1468-10000)


running (00.9s), 00159/01468 VUs, 1226 complete and 0 interrupted iterations
default   [   6% ] 00159/01468 VUs  00.9s/15s  1468.00 iters/s

running (01.9s), 00174/01468 VUs, 2679 complete and 0 interrupted iterations
default   [  13% ] 00174/01468 VUs  01.9s/15s  1468.00 iters/s

running (02.9s), 00210/01468 VUs, 4111 complete and 0 interrupted iterations
default   [  20% ] 00210/01468 VUs  02.9s/15s  1468.00 iters/s

running (03.9s), 00248/01468 VUs, 5540 complete and 0 interrupted iterations
default   [  26% ] 00248/01468 VUs  03.9s/15s  1468.00 iters/s

running (04.9s), 00280/01468 VUs, 6977 complete and 0 interrupted iterations
default   [  33% ] 00280/01468 VUs  04.9s/15s  1468.00 iters/s

running (05.9s), 00308/01468 VUs, 8417 complete and 0 interrupted iterations
default   [  40% ] 00308/01468 VUs  05.9s/15s  1468.00 iters/s

running (06.9s), 00364/01468 VUs, 9829 complete and 0 interrupted iterations
default   [  46% ] 00364/01468 VUs  06.9s/15s  1468.00 iters/s

running (07.9s), 00399/01468 VUs, 11261 complete and 0 interrupted iterations
default   [  53% ] 00399/01468 VUs  07.9s/15s  1468.00 iters/s

running (08.9s), 00471/01468 VUs, 12658 complete and 0 interrupted iterations
default   [  60% ] 00471/01468 VUs  08.9s/15s  1468.00 iters/s

running (09.9s), 00539/01468 VUs, 14057 complete and 0 interrupted iterations
default   [  66% ] 00540/01468 VUs  09.9s/15s  1468.00 iters/s

running (10.9s), 00570/01468 VUs, 15496 complete and 0 interrupted iterations
default   [  73% ] 00570/01468 VUs  10.9s/15s  1468.00 iters/s

running (11.9s), 00596/01468 VUs, 16938 complete and 0 interrupted iterations
default   [  80% ] 00596/01468 VUs  11.9s/15s  1468.00 iters/s

running (12.9s), 00666/01468 VUs, 18334 complete and 0 interrupted iterations
default   [  86% ] 00667/01468 VUs  12.9s/15s  1468.00 iters/s

running (13.9s), 00695/01468 VUs, 19774 complete and 0 interrupted iterations
default   [  93% ] 00695/01468 VUs  13.9s/15s  1468.00 iters/s

running (14.9s), 00732/01468 VUs, 21205 complete and 0 interrupted iterations
default   [ 100% ] 00732/01468 VUs  14.9s/15s  1468.00 iters/s


  █ TOTAL RESULTS 

    HTTP
    http_req_duration..............: avg=278.86ms min=57.86ms med=268.14ms max=522.36ms p(90)=464.27ms p(95)=492.08ms
      { expected_response:true }...: avg=278.86ms min=57.86ms med=268.14ms max=522.36ms p(90)=464.27ms p(95)=492.08ms
    http_req_failed................: 0.00%  0 out of 21264
    http_reqs......................: 21264  1416.892524/s

    EXECUTION
    iteration_duration.............: avg=278.95ms min=58.08ms med=268.21ms max=522.44ms p(90)=464.34ms p(95)=492.14ms
    iterations.....................: 21264  1416.892524/s
    vus............................: 732    min=159        max=732 
    vus_max........................: 1468   min=1468       max=1468

    NETWORK
    data_received..................: 4.3 MB 287 kB/s
    data_sent......................: 4.2 MB 282 kB/s




running (15.0s), 00000/01468 VUs, 21263 complete and 758 interrupted iterations
default ✓ [ 100% ] 00758/01468 VUs  15s  1468.00 iters/s
