
         /\      Grafana   /‾‾/  
    /\  /  \     |\  __   /  /   
   /  \/    \    | |/ /  /   ‾‾\ 
  /          \   |   (  |  (‾)  |
 / __________ \  |_|\_\  \_____/ 

     execution: local
        script: workflow/spin/k6_open_client.js
        output: -

     scenarios: (100.00%) 1 scenario, 10000 max VUs, 15s max duration (incl. graceful stop):
              * default: 3939.00 iterations/s for 15s (maxVUs: 3939-10000)


running (00.9s), 00228/03939 VUs, 3141 complete and 0 interrupted iterations
default   [   6% ] 00228/03939 VUs  00.9s/15s  3939.00 iters/s

running (01.9s), 00180/03939 VUs, 7129 complete and 0 interrupted iterations
default   [  12% ] 00180/03939 VUs  01.9s/15s  3939.00 iters/s

running (02.9s), 00210/03939 VUs, 11039 complete and 0 interrupted iterations
default   [  19% ] 00210/03939 VUs  02.9s/15s  3939.00 iters/s

running (03.9s), 00200/03939 VUs, 14988 complete and 0 interrupted iterations
default   [  26% ] 00200/03939 VUs  03.9s/15s  3939.00 iters/s

running (04.9s), 00174/03939 VUs, 18952 complete and 0 interrupted iterations
default   [  32% ] 00174/03939 VUs  04.9s/15s  3939.00 iters/s

running (05.9s), 00226/03939 VUs, 22838 complete and 0 interrupted iterations
default   [  39% ] 00226/03939 VUs  05.9s/15s  3939.00 iters/s

running (06.9s), 00200/03939 VUs, 26802 complete and 0 interrupted iterations
default   [  46% ] 00200/03939 VUs  06.9s/15s  3939.00 iters/s

running (07.9s), 00239/03939 VUs, 30703 complete and 0 interrupted iterations
default   [  52% ] 00239/03939 VUs  07.9s/15s  3939.00 iters/s

running (08.9s), 00169/03939 VUs, 34713 complete and 0 interrupted iterations
default   [  59% ] 00169/03939 VUs  08.9s/15s  3939.00 iters/s

running (09.9s), 00178/03939 VUs, 38642 complete and 0 interrupted iterations
default   [  66% ] 00179/03939 VUs  09.9s/15s  3939.00 iters/s

running (10.9s), 00206/03939 VUs, 42553 complete and 0 interrupted iterations
default   [  72% ] 00206/03939 VUs  10.9s/15s  3939.00 iters/s

running (11.9s), 00217/03939 VUs, 46481 complete and 0 interrupted iterations
default   [  79% ] 00217/03939 VUs  11.9s/15s  3939.00 iters/s

running (12.9s), 00229/03939 VUs, 50408 complete and 0 interrupted iterations
default   [  86% ] 00229/03939 VUs  12.9s/15s  3939.00 iters/s

running (13.9s), 00203/03939 VUs, 54373 complete and 0 interrupted iterations
default   [  92% ] 00203/03939 VUs  13.9s/15s  3939.00 iters/s

running (14.9s), 00217/03939 VUs, 58299 complete and 0 interrupted iterations
default   [  99% ] 00217/03939 VUs  14.9s/15s  3939.00 iters/s


  █ TOTAL RESULTS 

    HTTP
    http_req_duration..............: avg=54.78ms min=36.17ms med=53.82ms max=109.05ms p(90)=63.52ms p(95)=67.31ms
      { expected_response:true }...: avg=54.78ms min=36.17ms med=53.82ms max=109.05ms p(90)=63.52ms p(95)=67.31ms
    http_req_failed................: 0.00% 0 out of 58867
    http_reqs......................: 58867 3922.551854/s

    EXECUTION
    iteration_duration.............: avg=54.88ms min=36.23ms med=53.91ms max=109.37ms p(90)=63.63ms p(95)=67.43ms
    iterations.....................: 58867 3922.551854/s
    vus............................: 217   min=169        max=240 
    vus_max........................: 3939  min=3939       max=3939

    NETWORK
    data_received..................: 12 MB 796 kB/s
    data_sent......................: 11 MB 756 kB/s




running (15.0s), 00000/03939 VUs, 58857 complete and 229 interrupted iterations
default ✓ [ 100% ] 00228/03939 VUs  15s  3939.00 iters/s
