
         /\      Grafana   /‾‾/  
    /\  /  \     |\  __   /  /   
   /  \/    \    | |/ /  /   ‾‾\ 
  /          \   |   (  |  (‾)  |
 / __________ \  |_|\_\  \_____/ 

     execution: local
        script: workflow/online_boutique/k6_open_checkout.js
        output: -

     scenarios: (100.00%) 1 scenario, 10000 max VUs, 15s max duration (incl. graceful stop):
              * default: 211.00 iterations/s for 15s (maxVUs: 211-10000)


running (01.0s), 00079/00211 VUs, 129 complete and 0 interrupted iterations
default   [   7% ] 00079/00211 VUs  01.0s/15s  211.00 iters/s

running (02.0s), 00098/00211 VUs, 321 complete and 0 interrupted iterations
default   [  13% ] 00098/00211 VUs  02.0s/15s  211.00 iters/s

running (03.0s), 00052/00211 VUs, 578 complete and 0 interrupted iterations
default   [  20% ] 00052/00211 VUs  03.0s/15s  211.00 iters/s

running (04.0s), 00070/00211 VUs, 770 complete and 0 interrupted iterations
default   [  27% ] 00070/00211 VUs  04.0s/15s  211.00 iters/s

running (05.0s), 00090/00211 VUs, 962 complete and 0 interrupted iterations
default   [  33% ] 00090/00211 VUs  05.0s/15s  211.00 iters/s

running (06.0s), 00045/00211 VUs, 1218 complete and 0 interrupted iterations
default   [  40% ] 00045/00211 VUs  06.0s/15s  211.00 iters/s

running (07.0s), 00063/00211 VUs, 1411 complete and 0 interrupted iterations
default   [  47% ] 00063/00211 VUs  07.0s/15s  211.00 iters/s

running (08.0s), 00081/00211 VUs, 1603 complete and 0 interrupted iterations
default   [  53% ] 00081/00211 VUs  08.0s/15s  211.00 iters/s

running (09.0s), 00101/00211 VUs, 1795 complete and 0 interrupted iterations
default   [  60% ] 00101/00211 VUs  09.0s/15s  211.00 iters/s

running (10.0s), 00056/00211 VUs, 2051 complete and 0 interrupted iterations
default   [  67% ] 00056/00211 VUs  10.0s/15s  211.00 iters/s

running (11.0s), 00074/00211 VUs, 2244 complete and 0 interrupted iterations
default   [  73% ] 00074/00211 VUs  11.0s/15s  211.00 iters/s

running (12.0s), 00093/00211 VUs, 2436 complete and 0 interrupted iterations
default   [  80% ] 00093/00211 VUs  12.0s/15s  211.00 iters/s

running (13.0s), 00048/00211 VUs, 2692 complete and 0 interrupted iterations
default   [  87% ] 00048/00211 VUs  13.0s/15s  211.00 iters/s

running (14.0s), 00066/00211 VUs, 2885 complete and 0 interrupted iterations
default   [  93% ] 00066/00211 VUs  14.0s/15s  211.00 iters/s

running (15.0s), 00083/00211 VUs, 3078 complete and 0 interrupted iterations
default   [ 100% ] 00083/00211 VUs  15.0s/15s  211.00 iters/s


  █ TOTAL RESULTS 

    CUSTOM
    online_boutique_application_errors...: 0.00%  0 out of 3078

    HTTP
    http_req_duration....................: avg=350.81ms min=193.3ms  med=350.66ms max=515.83ms p(90)=467.27ms p(95)=481.68ms
      { expected_response:true }.........: avg=350.81ms min=193.3ms  med=350.66ms max=515.83ms p(90)=467.27ms p(95)=481.68ms
    http_req_failed......................: 0.00%  0 out of 3078
    http_reqs............................: 3078   205.1755/s

    EXECUTION
    iteration_duration...................: avg=351.04ms min=193.53ms med=350.89ms max=516.09ms p(90)=467.52ms p(95)=481.86ms
    iterations...........................: 3078   205.1755/s
    vus..................................: 83     min=45        max=101
    vus_max..............................: 211    min=211       max=211

    NETWORK
    data_received........................: 6.2 MB 416 kB/s
    data_sent............................: 1.8 MB 117 kB/s




running (15.0s), 00000/00211 VUs, 3078 complete and 88 interrupted iterations
default ✓ [ 100% ] 00088/00211 VUs  15s  211.00 iters/s
