
         /\      Grafana   /‾‾/  
    /\  /  \     |\  __   /  /   
   /  \/    \    | |/ /  /   ‾‾\ 
  /          \   |   (  |  (‾)  |
 / __________ \  |_|\_\  \_____/ 

     execution: local
        script: workflow/spin/k6_open_client.js
        output: -

     scenarios: (100.00%) 1 scenario, 10000 max VUs, 15s max duration (incl. graceful stop):
              * default: 5000.00 iterations/s for 15s (maxVUs: 5000-10000)


running (00.8s), 00931/05000 VUs, 3312 complete and 0 interrupted iterations
default   [   6% ] 00931/05000 VUs  00.8s/15s  5000.00 iters/s

running (01.8s), 01088/05000 VUs, 8155 complete and 0 interrupted iterations
default   [  12% ] 01088/05000 VUs  01.8s/15s  5000.00 iters/s

running (02.8s), 01234/05000 VUs, 13010 complete and 0 interrupted iterations
default   [  19% ] 01234/05000 VUs  02.8s/15s  5000.00 iters/s

running (03.8s), 01349/05000 VUs, 17895 complete and 0 interrupted iterations
default   [  26% ] 01349/05000 VUs  03.8s/15s  5000.00 iters/s

running (04.8s), 01399/05000 VUs, 22844 complete and 0 interrupted iterations
default   [  32% ] 01399/05000 VUs  04.8s/15s  5000.00 iters/s

running (05.8s), 01465/05000 VUs, 27782 complete and 0 interrupted iterations
default   [  39% ] 01465/05000 VUs  05.8s/15s  5000.00 iters/s

running (06.8s), 01607/05000 VUs, 32636 complete and 0 interrupted iterations
default   [  46% ] 01607/05000 VUs  06.8s/15s  5000.00 iters/s

running (07.8s), 01752/05000 VUs, 37487 complete and 0 interrupted iterations
default   [  52% ] 01752/05000 VUs  07.8s/15s  5000.00 iters/s

running (08.8s), 01967/05000 VUs, 42278 complete and 0 interrupted iterations
default   [  59% ] 01967/05000 VUs  08.8s/15s  5000.00 iters/s

running (09.8s), 02206/05000 VUs, 47038 complete and 0 interrupted iterations
default   [  66% ] 02205/05000 VUs  09.8s/15s  5000.00 iters/s

running (10.8s), 02248/05000 VUs, 51995 complete and 0 interrupted iterations
default   [  72% ] 02249/05000 VUs  10.8s/15s  5000.00 iters/s

running (11.8s), 02295/05000 VUs, 56948 complete and 0 interrupted iterations
default   [  79% ] 02295/05000 VUs  11.8s/15s  5000.00 iters/s

running (12.8s), 02337/05000 VUs, 61907 complete and 0 interrupted iterations
default   [  86% ] 02337/05000 VUs  12.8s/15s  5000.00 iters/s

running (13.8s), 02247/05000 VUs, 66995 complete and 0 interrupted iterations
default   [  92% ] 02247/05000 VUs  13.8s/15s  5000.00 iters/s

running (14.8s), 02174/05000 VUs, 72070 complete and 0 interrupted iterations
default   [  99% ] 02174/05000 VUs  14.8s/15s  5000.00 iters/s


  █ TOTAL RESULTS 

    HTTP
    http_req_duration..............: avg=346.62ms min=97.01ms med=339.61ms max=485.57ms p(90)=460.38ms p(95)=466.83ms
      { expected_response:true }...: avg=346.62ms min=97.01ms med=339.61ms max=485.57ms p(90)=460.38ms p(95)=466.83ms
    http_req_failed................: 0.00% 0 out of 72800
    http_reqs......................: 72800 4847.107794/s

    EXECUTION
    iteration_duration.............: avg=346.76ms min=97.63ms med=339.69ms max=485.63ms p(90)=460.47ms p(95)=466.9ms 
    iterations.....................: 72800 4847.107794/s
    vus............................: 2174  min=931        max=2336
    vus_max........................: 5000  min=5000       max=5000

    NETWORK
    data_received..................: 15 MB 984 kB/s
    data_sent......................: 14 MB 958 kB/s




running (15.0s), 00000/05000 VUs, 72755 complete and 2245 interrupted iterations
default ✓ [ 100% ] 02245/05000 VUs  15s  5000.00 iters/s
