
         /\      Grafana   /‾‾/  
    /\  /  \     |\  __   /  /   
   /  \/    \    | |/ /  /   ‾‾\ 
  /          \   |   (  |  (‾)  |
 / __________ \  |_|\_\  \_____/ 

     execution: local
        script: workflow/spin/k6_open_client.js
        output: -

     scenarios: (100.00%) 1 scenario, 10000 max VUs, 15s max duration (incl. graceful stop):
              * default: 3654.00 iterations/s for 15s (maxVUs: 3654-10000)


running (00.9s), 00219/03654 VUs, 3023 complete and 0 interrupted iterations
default   [   6% ] 00219/03654 VUs  00.9s/15s  3654.00 iters/s

running (01.9s), 00199/03654 VUs, 6697 complete and 0 interrupted iterations
default   [  13% ] 00199/03654 VUs  01.9s/15s  3654.00 iters/s

running (02.9s), 00199/03654 VUs, 10351 complete and 0 interrupted iterations
default   [  19% ] 00199/03654 VUs  02.9s/15s  3654.00 iters/s

running (03.9s), 00194/03654 VUs, 14010 complete and 0 interrupted iterations
default   [  26% ] 00195/03654 VUs  03.9s/15s  3654.00 iters/s

running (04.9s), 00230/03654 VUs, 17628 complete and 0 interrupted iterations
default   [  33% ] 00230/03654 VUs  04.9s/15s  3654.00 iters/s

running (05.9s), 00205/03654 VUs, 21304 complete and 0 interrupted iterations
default   [  39% ] 00205/03654 VUs  05.9s/15s  3654.00 iters/s

running (06.9s), 00239/03654 VUs, 24927 complete and 0 interrupted iterations
default   [  46% ] 00238/03654 VUs  06.9s/15s  3654.00 iters/s

running (07.9s), 00201/03654 VUs, 28619 complete and 0 interrupted iterations
default   [  53% ] 00201/03654 VUs  07.9s/15s  3654.00 iters/s

running (08.9s), 00197/03654 VUs, 32278 complete and 0 interrupted iterations
default   [  59% ] 00197/03654 VUs  08.9s/15s  3654.00 iters/s

running (09.9s), 00240/03654 VUs, 35885 complete and 0 interrupted iterations
default   [  66% ] 00240/03654 VUs  09.9s/15s  3654.00 iters/s

running (10.9s), 00220/03654 VUs, 39559 complete and 0 interrupted iterations
default   [  73% ] 00220/03654 VUs  10.9s/15s  3654.00 iters/s

running (11.9s), 00196/03654 VUs, 43236 complete and 0 interrupted iterations
default   [  79% ] 00196/03654 VUs  11.9s/15s  3654.00 iters/s

running (12.9s), 00201/03654 VUs, 46889 complete and 0 interrupted iterations
default   [  86% ] 00201/03654 VUs  12.9s/15s  3654.00 iters/s

running (13.9s), 00212/03654 VUs, 50534 complete and 0 interrupted iterations
default   [  93% ] 00212/03654 VUs  13.9s/15s  3654.00 iters/s

running (14.9s), 00213/03654 VUs, 54185 complete and 0 interrupted iterations
default   [  99% ] 00213/03654 VUs  14.9s/15s  3654.00 iters/s


  █ TOTAL RESULTS 

    HTTP
    http_req_duration..............: avg=57.98ms min=37.5ms  med=57.66ms max=110.28ms p(90)=65.93ms p(95)=68.74ms
      { expected_response:true }...: avg=57.98ms min=37.5ms  med=57.66ms max=110.28ms p(90)=65.93ms p(95)=68.74ms
    http_req_failed................: 0.00% 0 out of 54608
    http_reqs......................: 54608 3638.925052/s

    EXECUTION
    iteration_duration.............: avg=58.07ms min=37.59ms med=57.76ms max=110.57ms p(90)=66.04ms p(95)=68.85ms
    iterations.....................: 54608 3638.925052/s
    vus............................: 213   min=193        max=240 
    vus_max........................: 3654  min=3654       max=3654

    NETWORK
    data_received..................: 11 MB 739 kB/s
    data_sent......................: 11 MB 701 kB/s




running (15.0s), 00000/03654 VUs, 54608 complete and 203 interrupted iterations
default ✓ [ 100% ] 00202/03654 VUs  15s  3654.00 iters/s
