
         /\      Grafana   /‾‾/  
    /\  /  \     |\  __   /  /   
   /  \/    \    | |/ /  /   ‾‾\ 
  /          \   |   (  |  (‾)  |
 / __________ \  |_|\_\  \_____/ 

     execution: local
        script: workflow/response/k6_open_client.js
        output: -

     scenarios: (100.00%) 1 scenario, 10000 max VUs, 15s max duration (incl. graceful stop):
              * default: 45.00 iterations/s for 15s (maxVUs: 45-10000)


running (01.0s), 00003/00045 VUs, 42 complete and 0 interrupted iterations
default   [   7% ] 00003/00045 VUs  01.0s/15s  45.00 iters/s

running (02.0s), 00001/00045 VUs, 89 complete and 0 interrupted iterations
default   [  13% ] 00001/00045 VUs  02.0s/15s  45.00 iters/s

running (03.0s), 00003/00045 VUs, 132 complete and 0 interrupted iterations
default   [  20% ] 00003/00045 VUs  03.0s/15s  45.00 iters/s

running (04.0s), 00001/00045 VUs, 179 complete and 0 interrupted iterations
default   [  27% ] 00001/00045 VUs  04.0s/15s  45.00 iters/s

running (05.0s), 00001/00045 VUs, 224 complete and 0 interrupted iterations
default   [  33% ] 00001/00045 VUs  05.0s/15s  45.00 iters/s

running (06.0s), 00002/00045 VUs, 268 complete and 0 interrupted iterations
default   [  40% ] 00002/00045 VUs  06.0s/15s  45.00 iters/s

running (07.0s), 00002/00045 VUs, 313 complete and 0 interrupted iterations
default   [  47% ] 00002/00045 VUs  07.0s/15s  45.00 iters/s

running (08.0s), 00001/00045 VUs, 359 complete and 0 interrupted iterations
default   [  53% ] 00001/00045 VUs  08.0s/15s  45.00 iters/s

running (09.0s), 00003/00045 VUs, 402 complete and 0 interrupted iterations
default   [  60% ] 00003/00045 VUs  09.0s/15s  45.00 iters/s

running (10.0s), 00002/00045 VUs, 448 complete and 0 interrupted iterations
default   [  67% ] 00002/00045 VUs  10.0s/15s  45.00 iters/s

running (11.0s), 00003/00045 VUs, 492 complete and 0 interrupted iterations
default   [  73% ] 00003/00045 VUs  11.0s/15s  45.00 iters/s

running (12.0s), 00002/00045 VUs, 538 complete and 0 interrupted iterations
default   [  80% ] 00002/00045 VUs  12.0s/15s  45.00 iters/s

running (13.0s), 00003/00045 VUs, 582 complete and 0 interrupted iterations
default   [  87% ] 00003/00045 VUs  13.0s/15s  45.00 iters/s

running (14.0s), 00002/00045 VUs, 628 complete and 0 interrupted iterations
default   [  93% ] 00002/00045 VUs  14.0s/15s  45.00 iters/s

running (15.0s), 00001/00045 VUs, 674 complete and 0 interrupted iterations
default   [ 100% ] 00001/00045 VUs  15.0s/15s  45.00 iters/s


  █ TOTAL RESULTS 

    HTTP
    http_req_duration..............: avg=44.37ms min=14.98ms med=43.46ms max=76.85ms p(90)=68.86ms p(95)=72.89ms
      { expected_response:true }...: avg=44.37ms min=14.98ms med=43.46ms max=76.85ms p(90)=68.86ms p(95)=72.89ms
    http_req_failed................: 0.00%  0 out of 674
    http_reqs......................: 674    44.930996/s

    EXECUTION
    iteration_duration.............: avg=44.49ms min=15.25ms med=43.56ms max=77.25ms p(90)=68.96ms p(95)=73ms   
    iterations.....................: 674    44.930996/s
    vus............................: 1      min=1        max=3 
    vus_max........................: 45     min=45       max=45

    NETWORK
    data_received..................: 134 kB 9.0 kB/s
    data_sent......................: 132 kB 8.8 kB/s




running (15.0s), 00000/00045 VUs, 674 complete and 2 interrupted iterations
default ✓ [ 100% ] 00002/00045 VUs  15s  45.00 iters/s
