
         /\      Grafana   /‾‾/  
    /\  /  \     |\  __   /  /   
   /  \/    \    | |/ /  /   ‾‾\ 
  /          \   |   (  |  (‾)  |
 / __________ \  |_|\_\  \_____/ 

     execution: local
        script: workflow/write/k6_open_client.js
        output: -

     scenarios: (100.00%) 1 scenario, 10000 max VUs, 15s max duration (incl. graceful stop):
              * default: 2429.00 iterations/s for 15s (maxVUs: 2429-10000)


running (00.9s), 00191/02429 VUs, 2035 complete and 0 interrupted iterations
default   [   6% ] 00192/02429 VUs  00.9s/15s  2429.00 iters/s

running (01.9s), 00397/02429 VUs, 4261 complete and 0 interrupted iterations
default   [  13% ] 00397/02429 VUs  01.9s/15s  2429.00 iters/s

running (02.9s), 00175/02429 VUs, 6911 complete and 0 interrupted iterations
default   [  19% ] 00175/02429 VUs  02.9s/15s  2429.00 iters/s

running (03.9s), 00503/02429 VUs, 9013 complete and 0 interrupted iterations
default   [  26% ] 00503/02429 VUs  03.9s/15s  2429.00 iters/s

running (04.9s), 00178/02429 VUs, 11765 complete and 0 interrupted iterations
default   [  33% ] 00178/02429 VUs  04.9s/15s  2429.00 iters/s

running (05.9s), 00394/02429 VUs, 13978 complete and 0 interrupted iterations
default   [  39% ] 00395/02429 VUs  05.9s/15s  2429.00 iters/s

running (06.9s), 00770/02429 VUs, 16031 complete and 0 interrupted iterations
default   [  46% ] 00770/02429 VUs  06.9s/15s  2429.00 iters/s

running (07.9s), 00381/02429 VUs, 18850 complete and 0 interrupted iterations
default   [  53% ] 00381/02429 VUs  07.9s/15s  2429.00 iters/s

running (08.9s), 00367/02429 VUs, 21294 complete and 0 interrupted iterations
default   [  59% ] 00367/02429 VUs  08.9s/15s  2429.00 iters/s

running (09.9s), 00733/02429 VUs, 23356 complete and 0 interrupted iterations
default   [  66% ] 00734/02429 VUs  09.9s/15s  2429.00 iters/s

running (10.9s), 00934/02429 VUs, 25584 complete and 0 interrupted iterations
default   [  73% ] 00934/02429 VUs  10.9s/15s  2429.00 iters/s

running (11.9s), 00606/02429 VUs, 28341 complete and 0 interrupted iterations
default   [  79% ] 00606/02429 VUs  11.9s/15s  2429.00 iters/s

running (12.9s), 00433/02429 VUs, 30945 complete and 0 interrupted iterations
default   [  86% ] 00433/02429 VUs  12.9s/15s  2429.00 iters/s

running (13.9s), 00720/02429 VUs, 33085 complete and 0 interrupted iterations
default   [  93% ] 00720/02429 VUs  13.9s/15s  2429.00 iters/s

running (14.9s), 01015/02429 VUs, 35220 complete and 0 interrupted iterations
default   [  99% ] 01015/02429 VUs  14.9s/15s  2429.00 iters/s


  █ TOTAL RESULTS 

    HTTP
    http_req_duration..............: avg=205.86ms min=33.68ms med=192.44ms max=437.7ms  p(90)=363.69ms p(95)=385.29ms
      { expected_response:true }...: avg=205.86ms min=33.68ms med=192.44ms max=437.7ms  p(90)=363.69ms p(95)=385.29ms
    http_req_failed................: 0.00%  0 out of 35373
    http_reqs......................: 35373  2356.481343/s

    EXECUTION
    iteration_duration.............: avg=205.93ms min=33.92ms med=192.5ms  max=437.74ms p(90)=363.74ms p(95)=385.35ms
    iterations.....................: 35373  2356.481343/s
    vus............................: 1015   min=174        max=1015
    vus_max........................: 2429   min=2429       max=2429

    NETWORK
    data_received..................: 7.2 MB 478 kB/s
    data_sent......................: 3.6 MB 243 kB/s




running (15.0s), 00000/02429 VUs, 35373 complete and 1064 interrupted iterations
default ✓ [ 100% ] 01064/02429 VUs  15s  2429.00 iters/s
