
         /\      Grafana   /‾‾/  
    /\  /  \     |\  __   /  /   
   /  \/    \    | |/ /  /   ‾‾\ 
  /          \   |   (  |  (‾)  |
 / __________ \  |_|\_\  \_____/ 

     execution: local
        script: workflow/media/k6_open_review_compose.js
        output: -

     scenarios: (100.00%) 1 scenario, 10000 max VUs, 15s max duration (incl. graceful stop):
              * default: 1760.00 iterations/s for 15s (maxVUs: 1760-10000)


running (00.9s), 00008/01760 VUs, 1642 complete and 0 interrupted iterations
default   [   6% ] 00008/01760 VUs  00.9s/15s  1760.00 iters/s

running (01.9s), 00005/01760 VUs, 3405 complete and 0 interrupted iterations
default   [  13% ] 00005/01760 VUs  01.9s/15s  1760.00 iters/s

running (02.9s), 00015/01760 VUs, 5154 complete and 0 interrupted iterations
default   [  20% ] 00015/01760 VUs  02.9s/15s  1760.00 iters/s

running (03.9s), 00005/01760 VUs, 6924 complete and 0 interrupted iterations
default   [  26% ] 00004/01760 VUs  03.9s/15s  1760.00 iters/s

running (04.9s), 00008/01760 VUs, 8681 complete and 0 interrupted iterations
default   [  33% ] 00008/01760 VUs  04.9s/15s  1760.00 iters/s

running (05.9s), 00006/01760 VUs, 10443 complete and 0 interrupted iterations
default   [  40% ] 00005/01760 VUs  05.9s/15s  1760.00 iters/s

running (06.9s), 00009/01760 VUs, 12200 complete and 0 interrupted iterations
default   [  46% ] 00009/01760 VUs  06.9s/15s  1760.00 iters/s

running (07.9s), 00008/01760 VUs, 13961 complete and 0 interrupted iterations
default   [  53% ] 00008/01760 VUs  07.9s/15s  1760.00 iters/s

running (08.9s), 00037/01760 VUs, 15693 complete and 0 interrupted iterations
default   [  60% ] 00037/01760 VUs  08.9s/15s  1760.00 iters/s

running (09.9s), 00005/01760 VUs, 17484 complete and 0 interrupted iterations
default   [  66% ] 00005/01760 VUs  09.9s/15s  1760.00 iters/s

running (10.9s), 00009/01760 VUs, 19241 complete and 0 interrupted iterations
default   [  73% ] 00009/01760 VUs  10.9s/15s  1760.00 iters/s

running (11.9s), 00004/01760 VUs, 21005 complete and 0 interrupted iterations
default   [  80% ] 00004/01760 VUs  11.9s/15s  1760.00 iters/s

running (12.9s), 00009/01760 VUs, 22760 complete and 0 interrupted iterations
default   [  86% ] 00008/01760 VUs  12.9s/15s  1760.00 iters/s

running (13.9s), 00018/01760 VUs, 24512 complete and 0 interrupted iterations
default   [  93% ] 00018/01760 VUs  13.9s/15s  1760.00 iters/s

running (14.9s), 00010/01760 VUs, 26280 complete and 0 interrupted iterations
default   [ 100% ] 00010/01760 VUs  14.9s/15s  1760.00 iters/s


  █ TOTAL RESULTS 

    HTTP
    http_req_duration..............: avg=5.73ms min=1.6ms med=3.48ms max=62.43ms p(90)=12.06ms p(95)=17.3ms 
      { expected_response:true }...: avg=5.73ms min=1.6ms med=3.48ms max=62.43ms p(90)=12.06ms p(95)=17.3ms 
    http_req_failed................: 0.00%  0 out of 26396
    http_reqs......................: 26396  1759.366992/s

    EXECUTION
    iteration_duration.............: avg=5.85ms min=1.7ms med=3.6ms  max=62.7ms  p(90)=12.17ms p(95)=17.41ms
    iterations.....................: 26396  1759.366992/s
    vus............................: 10     min=4          max=38  
    vus_max........................: 1760   min=1760       max=1760

    NETWORK
    data_received..................: 6.1 MB 408 kB/s
    data_sent......................: 15 MB  980 kB/s




running (15.0s), 00000/01760 VUs, 26395 complete and 6 interrupted iterations
default ✓ [ 100% ] 00006/01760 VUs  15s  1760.00 iters/s
