
         /\      Grafana   /‾‾/  
    /\  /  \     |\  __   /  /   
   /  \/    \    | |/ /  /   ‾‾\ 
  /          \   |   (  |  (‾)  |
 / __________ \  |_|\_\  \_____/ 

     execution: local
        script: workflow/write/k6_open_client.js
        output: -

     scenarios: (100.00%) 1 scenario, 10000 max VUs, 15s max duration (incl. graceful stop):
              * default: 3935.00 iterations/s for 15s (maxVUs: 3935-10000)


running (00.9s), 00005/03935 VUs, 3400 complete and 0 interrupted iterations
default   [   6% ] 00005/03935 VUs  00.9s/15s  3935.00 iters/s

running (01.9s), 00003/03935 VUs, 7337 complete and 0 interrupted iterations
default   [  12% ] 00003/03935 VUs  01.9s/15s  3935.00 iters/s

running (02.9s), 00003/03935 VUs, 11272 complete and 0 interrupted iterations
default   [  19% ] 00003/03935 VUs  02.9s/15s  3935.00 iters/s

running (03.9s), 00003/03935 VUs, 15207 complete and 0 interrupted iterations
default   [  26% ] 00003/03935 VUs  03.9s/15s  3935.00 iters/s

running (04.9s), 00004/03935 VUs, 19141 complete and 0 interrupted iterations
default   [  32% ] 00004/03935 VUs  04.9s/15s  3935.00 iters/s

running (05.9s), 00003/03935 VUs, 23076 complete and 0 interrupted iterations
default   [  39% ] 00003/03935 VUs  05.9s/15s  3935.00 iters/s

running (06.9s), 00004/03935 VUs, 27011 complete and 0 interrupted iterations
default   [  46% ] 00004/03935 VUs  06.9s/15s  3935.00 iters/s

running (07.9s), 00003/03935 VUs, 30948 complete and 0 interrupted iterations
default   [  52% ] 00003/03935 VUs  07.9s/15s  3935.00 iters/s

running (08.9s), 00004/03935 VUs, 34881 complete and 0 interrupted iterations
default   [  59% ] 00003/03935 VUs  08.9s/15s  3935.00 iters/s

running (09.9s), 00003/03935 VUs, 38818 complete and 0 interrupted iterations
default   [  66% ] 00003/03935 VUs  09.9s/15s  3935.00 iters/s

running (10.9s), 00004/03935 VUs, 42752 complete and 0 interrupted iterations
default   [  72% ] 00004/03935 VUs  10.9s/15s  3935.00 iters/s

running (11.9s), 00003/03935 VUs, 46687 complete and 0 interrupted iterations
default   [  79% ] 00003/03935 VUs  11.9s/15s  3935.00 iters/s

running (12.9s), 00003/03935 VUs, 50623 complete and 0 interrupted iterations
default   [  86% ] 00003/03935 VUs  12.9s/15s  3935.00 iters/s

running (13.9s), 00005/03935 VUs, 54555 complete and 0 interrupted iterations
default   [  92% ] 00004/03935 VUs  13.9s/15s  3935.00 iters/s

running (14.9s), 00004/03935 VUs, 58491 complete and 0 interrupted iterations
default   [  99% ] 00004/03935 VUs  14.9s/15s  3935.00 iters/s


  █ TOTAL RESULTS 

    HTTP
    http_req_duration..............: avg=920.73µs min=446.44µs med=758.93µs max=31.81ms p(90)=944.24µs p(95)=1.01ms
      { expected_response:true }...: avg=920.73µs min=446.44µs med=758.93µs max=31.81ms p(90)=944.24µs p(95)=1.01ms
    http_req_failed................: 0.00%  0 out of 59024
    http_reqs......................: 59024  3933.437876/s

    EXECUTION
    iteration_duration.............: avg=985.98µs min=492.29µs med=817.3µs  max=32.61ms p(90)=1.01ms   p(95)=1.09ms
    iterations.....................: 59024  3933.437876/s
    vus............................: 4      min=3          max=5   
    vus_max........................: 3935   min=3935       max=3935

    NETWORK
    data_received..................: 12 MB  799 kB/s
    data_sent......................: 5.9 MB 393 kB/s




running (15.0s), 00000/03935 VUs, 59023 complete and 3 interrupted iterations
default ✓ [ 100% ] 00003/03935 VUs  15s  3935.00 iters/s
