
         /\      Grafana   /‾‾/  
    /\  /  \     |\  __   /  /   
   /  \/    \    | |/ /  /   ‾‾\ 
  /          \   |   (  |  (‾)  |
 / __________ \  |_|\_\  \_____/ 

     execution: local
        script: workflow/write/k6_open_client.js
        output: -

     scenarios: (100.00%) 1 scenario, 10000 max VUs, 15s max duration (incl. graceful stop):
              * default: 2497.00 iterations/s for 15s (maxVUs: 2497-10000)


running (00.9s), 00081/02497 VUs, 2212 complete and 0 interrupted iterations
default   [   6% ] 00081/02497 VUs  00.9s/15s  2497.00 iters/s

running (01.9s), 00074/02497 VUs, 4715 complete and 0 interrupted iterations
default   [  13% ] 00074/02497 VUs  01.9s/15s  2497.00 iters/s

running (02.9s), 00104/02497 VUs, 7181 complete and 0 interrupted iterations
default   [  19% ] 00104/02497 VUs  02.9s/15s  2497.00 iters/s

running (03.9s), 00104/02497 VUs, 9679 complete and 0 interrupted iterations
default   [  26% ] 00104/02497 VUs  03.9s/15s  2497.00 iters/s

running (04.9s), 00101/02497 VUs, 12178 complete and 0 interrupted iterations
default   [  33% ] 00101/02497 VUs  04.9s/15s  2497.00 iters/s

running (05.9s), 00108/02497 VUs, 14668 complete and 0 interrupted iterations
default   [  39% ] 00108/02497 VUs  05.9s/15s  2497.00 iters/s

running (06.9s), 00082/02497 VUs, 17190 complete and 0 interrupted iterations
default   [  46% ] 00082/02497 VUs  06.9s/15s  2497.00 iters/s

running (07.9s), 00126/02497 VUs, 19643 complete and 0 interrupted iterations
default   [  53% ] 00127/02497 VUs  07.9s/15s  2497.00 iters/s

running (08.9s), 00123/02497 VUs, 22145 complete and 0 interrupted iterations
default   [  59% ] 00123/02497 VUs  08.9s/15s  2497.00 iters/s

running (09.9s), 00093/02497 VUs, 24671 complete and 0 interrupted iterations
default   [  66% ] 00093/02497 VUs  09.9s/15s  2497.00 iters/s

running (10.9s), 00129/02497 VUs, 27134 complete and 0 interrupted iterations
default   [  73% ] 00129/02497 VUs  10.9s/15s  2497.00 iters/s

running (11.9s), 00094/02497 VUs, 29665 complete and 0 interrupted iterations
default   [  79% ] 00094/02497 VUs  11.9s/15s  2497.00 iters/s

running (12.9s), 00110/02497 VUs, 32145 complete and 0 interrupted iterations
default   [  86% ] 00110/02497 VUs  12.9s/15s  2497.00 iters/s

running (13.9s), 00106/02497 VUs, 34647 complete and 0 interrupted iterations
default   [  93% ] 00106/02497 VUs  13.9s/15s  2497.00 iters/s

running (14.9s), 00075/02497 VUs, 37172 complete and 0 interrupted iterations
default   [  99% ] 00075/02497 VUs  14.9s/15s  2497.00 iters/s


  █ TOTAL RESULTS 

    HTTP
    http_req_duration..............: avg=38.25ms min=23.39ms med=38.21ms max=61.48ms p(90)=47.68ms p(95)=49.03ms
      { expected_response:true }...: avg=38.25ms min=23.39ms med=38.21ms max=61.48ms p(90)=47.68ms p(95)=49.03ms
    http_req_failed................: 0.00%  0 out of 37330
    http_reqs......................: 37330  2488.058153/s

    EXECUTION
    iteration_duration.............: avg=38.32ms min=23.58ms med=38.28ms max=61.68ms p(90)=47.75ms p(95)=49.11ms
    iterations.....................: 37330  2488.058153/s
    vus............................: 75     min=74         max=126 
    vus_max........................: 2497   min=2497       max=2497

    NETWORK
    data_received..................: 7.6 MB 505 kB/s
    data_sent......................: 3.7 MB 250 kB/s




running (15.0s), 00000/02497 VUs, 37329 complete and 127 interrupted iterations
default ✓ [ 100% ] 00127/02497 VUs  15s  2497.00 iters/s
