
         /\      Grafana   /‾‾/  
    /\  /  \     |\  __   /  /   
   /  \/    \    | |/ /  /   ‾‾\ 
  /          \   |   (  |  (‾)  |
 / __________ \  |_|\_\  \_____/ 

     execution: local
        script: workflow/spin/k6_open_client.js
        output: -

     scenarios: (100.00%) 1 scenario, 10000 max VUs, 15s max duration (incl. graceful stop):
              * default: 2577.00 iterations/s for 15s (maxVUs: 2577-10000)


running (00.9s), 00201/02577 VUs, 2151 complete and 0 interrupted iterations
default   [   6% ] 00201/02577 VUs  00.9s/15s  2577.00 iters/s

running (01.9s), 00209/02577 VUs, 4725 complete and 0 interrupted iterations
default   [  13% ] 00209/02577 VUs  01.9s/15s  2577.00 iters/s

running (02.9s), 00238/02577 VUs, 7271 complete and 0 interrupted iterations
default   [  19% ] 00238/02577 VUs  02.9s/15s  2577.00 iters/s

running (03.9s), 00308/02577 VUs, 9778 complete and 0 interrupted iterations
default   [  26% ] 00308/02577 VUs  03.9s/15s  2577.00 iters/s

running (04.9s), 00352/02577 VUs, 12311 complete and 0 interrupted iterations
default   [  33% ] 00352/02577 VUs  04.9s/15s  2577.00 iters/s

running (05.9s), 00490/02577 VUs, 14751 complete and 0 interrupted iterations
default   [  39% ] 00490/02577 VUs  05.9s/15s  2577.00 iters/s

running (06.9s), 00472/02577 VUs, 17344 complete and 0 interrupted iterations
default   [  46% ] 00473/02577 VUs  06.9s/15s  2577.00 iters/s

running (07.9s), 00547/02577 VUs, 19847 complete and 0 interrupted iterations
default   [  53% ] 00547/02577 VUs  07.9s/15s  2577.00 iters/s

running (08.9s), 00609/02577 VUs, 22361 complete and 0 interrupted iterations
default   [  59% ] 00609/02577 VUs  08.9s/15s  2577.00 iters/s

running (09.9s), 00625/02577 VUs, 24921 complete and 0 interrupted iterations
default   [  66% ] 00625/02577 VUs  09.9s/15s  2577.00 iters/s

running (10.9s), 00752/02577 VUs, 27373 complete and 0 interrupted iterations
default   [  73% ] 00752/02577 VUs  10.9s/15s  2577.00 iters/s

running (11.9s), 00811/02577 VUs, 29890 complete and 0 interrupted iterations
default   [  79% ] 00811/02577 VUs  11.9s/15s  2577.00 iters/s

running (12.9s), 00897/02577 VUs, 32382 complete and 0 interrupted iterations
default   [  86% ] 00897/02577 VUs  12.9s/15s  2577.00 iters/s

running (13.9s), 00944/02577 VUs, 34912 complete and 0 interrupted iterations
default   [  93% ] 00944/02577 VUs  13.9s/15s  2577.00 iters/s

running (14.9s), 01028/02577 VUs, 37405 complete and 0 interrupted iterations
default   [  99% ] 01028/02577 VUs  14.9s/15s  2577.00 iters/s


  █ TOTAL RESULTS 

    HTTP
    http_req_duration..............: avg=211.89ms min=60.37ms med=199.45ms max=410.41ms p(90)=366.01ms p(95)=387.26ms
      { expected_response:true }...: avg=211.89ms min=60.37ms med=199.45ms max=410.41ms p(90)=366.01ms p(95)=387.26ms
    http_req_failed................: 0.00%  0 out of 37611
    http_reqs......................: 37611  2505.600385/s

    EXECUTION
    iteration_duration.............: avg=211.98ms min=60.5ms  med=199.57ms max=410.49ms p(90)=366.1ms  p(95)=387.34ms
    iterations.....................: 37611  2505.600385/s
    vus............................: 1028   min=204        max=1028
    vus_max........................: 2577   min=2577       max=2577

    NETWORK
    data_received..................: 7.6 MB 509 kB/s
    data_sent......................: 7.4 MB 494 kB/s




running (15.0s), 00000/02577 VUs, 37611 complete and 1045 interrupted iterations
default ✓ [ 100% ] 01045/02577 VUs  15s  2577.00 iters/s
