
         /\      Grafana   /‾‾/  
    /\  /  \     |\  __   /  /   
   /  \/    \    | |/ /  /   ‾‾\ 
  /          \   |   (  |  (‾)  |
 / __________ \  |_|\_\  \_____/ 

     execution: local
        script: workflow/social/k6_open_client.js
        output: -

     scenarios: (100.00%) 1 scenario, 10000 max VUs, 15s max duration (incl. graceful stop):
              * default: 3827.00 iterations/s for 15s (maxVUs: 3827-10000)


running (00.9s), 00004/03827 VUs, 3347 complete and 0 interrupted iterations
default   [   6% ] 00004/03827 VUs  00.9s/15s  3827.00 iters/s

running (01.9s), 00004/03827 VUs, 7174 complete and 0 interrupted iterations
default   [  13% ] 00004/03827 VUs  01.9s/15s  3827.00 iters/s

running (02.9s), 00005/03827 VUs, 11000 complete and 0 interrupted iterations
default   [  19% ] 00005/03827 VUs  02.9s/15s  3827.00 iters/s

running (03.9s), 00005/03827 VUs, 14827 complete and 0 interrupted iterations
default   [  26% ] 00005/03827 VUs  03.9s/15s  3827.00 iters/s

running (04.9s), 00003/03827 VUs, 18655 complete and 0 interrupted iterations
default   [  33% ] 00003/03827 VUs  04.9s/15s  3827.00 iters/s

running (05.9s), 00005/03827 VUs, 22481 complete and 0 interrupted iterations
default   [  39% ] 00005/03827 VUs  05.9s/15s  3827.00 iters/s

running (06.9s), 00004/03827 VUs, 26309 complete and 0 interrupted iterations
default   [  46% ] 00004/03827 VUs  06.9s/15s  3827.00 iters/s

running (07.9s), 00003/03827 VUs, 30138 complete and 0 interrupted iterations
default   [  53% ] 00003/03827 VUs  07.9s/15s  3827.00 iters/s

running (08.9s), 00005/03827 VUs, 33964 complete and 0 interrupted iterations
default   [  59% ] 00005/03827 VUs  08.9s/15s  3827.00 iters/s

running (09.9s), 00004/03827 VUs, 37790 complete and 0 interrupted iterations
default   [  66% ] 00004/03827 VUs  09.9s/15s  3827.00 iters/s

running (10.9s), 00004/03827 VUs, 41617 complete and 0 interrupted iterations
default   [  73% ] 00004/03827 VUs  10.9s/15s  3827.00 iters/s

running (11.9s), 00003/03827 VUs, 45442 complete and 0 interrupted iterations
default   [  79% ] 00003/03827 VUs  11.9s/15s  3827.00 iters/s

running (12.9s), 00004/03827 VUs, 49271 complete and 0 interrupted iterations
default   [  86% ] 00004/03827 VUs  12.9s/15s  3827.00 iters/s

running (13.9s), 00004/03827 VUs, 53098 complete and 0 interrupted iterations
default   [  93% ] 00005/03827 VUs  13.9s/15s  3827.00 iters/s

running (14.9s), 00004/03827 VUs, 56925 complete and 0 interrupted iterations
default   [  99% ] 00004/03827 VUs  14.9s/15s  3827.00 iters/s


  █ TOTAL RESULTS 

    HTTP
    http_req_duration..............: avg=1.64ms min=607.42µs med=940.44µs max=57.21ms p(90)=2.61ms p(95)=4.22ms
      { expected_response:true }...: avg=1.64ms min=607.42µs med=940.44µs max=57.21ms p(90)=2.61ms p(95)=4.22ms
    http_req_failed................: 0.00% 0 out of 57404
    http_reqs......................: 57404 3825.456184/s

    EXECUTION
    iteration_duration.............: avg=1.76ms min=703.88µs med=1.05ms   max=58.94ms p(90)=2.74ms p(95)=4.36ms
    iterations.....................: 57404 3825.456184/s
    vus............................: 4     min=2          max=8   
    vus_max........................: 3827  min=3827       max=3827

    NETWORK
    data_received..................: 13 MB 865 kB/s
    data_sent......................: 19 MB 1.3 MB/s




running (15.0s), 00000/03827 VUs, 57400 complete and 5 interrupted iterations
default ✓ [ 100% ] 00005/03827 VUs  15s  3827.00 iters/s
