
         /\      Grafana   /‾‾/  
    /\  /  \     |\  __   /  /   
   /  \/    \    | |/ /  /   ‾‾\ 
  /          \   |   (  |  (‾)  |
 / __________ \  |_|\_\  \_____/ 

     execution: local
        script: workflow/social/k6_open_client.js
        output: -

     scenarios: (100.00%) 1 scenario, 10000 max VUs, 15s max duration (incl. graceful stop):
              * default: 7321.00 iterations/s for 15s (maxVUs: 7321-10000)


running (00.8s), 01364/07321 VUs, 4240 complete and 0 interrupted iterations
default   [   5% ] 01364/07321 VUs  00.8s/15s  7321.00 iters/s

running (01.8s), 02190/07321 VUs, 10731 complete and 0 interrupted iterations
default   [  12% ] 02190/07321 VUs  01.8s/15s  7321.00 iters/s

running (02.8s), 02635/07321 VUs, 17607 complete and 0 interrupted iterations
default   [  18% ] 02635/07321 VUs  02.8s/15s  7321.00 iters/s

running (03.8s), 02953/07321 VUs, 24611 complete and 0 interrupted iterations
default   [  25% ] 02953/07321 VUs  03.8s/15s  7321.00 iters/s

running (04.8s), 03421/07321 VUs, 31463 complete and 0 interrupted iterations
default   [  32% ] 03421/07321 VUs  04.8s/15s  7321.00 iters/s

running (05.8s), 04174/07321 VUs, 38031 complete and 0 interrupted iterations
default   [  38% ] 04174/07321 VUs  05.8s/15s  7321.00 iters/s

running (06.8s), 04542/07321 VUs, 44984 complete and 0 interrupted iterations
default   [  45% ] 04541/07321 VUs  06.8s/15s  7321.00 iters/s

running (07.8s), 04972/07321 VUs, 51879 complete and 0 interrupted iterations
default   [  52% ] 04973/07321 VUs  07.8s/15s  7321.00 iters/s

running (08.8s), 05431/07321 VUs, 58737 complete and 0 interrupted iterations
default   [  58% ] 05431/07321 VUs  08.8s/15s  7321.00 iters/s

running (09.8s), 05861/07321 VUs, 65628 complete and 0 interrupted iterations
default   [  65% ] 05861/07321 VUs  09.8s/15s  7321.00 iters/s

running (10.8s), 06163/07321 VUs, 72653 complete and 0 interrupted iterations
default   [  72% ] 06163/07321 VUs  10.8s/15s  7321.00 iters/s

running (11.8s), 06521/07321 VUs, 79612 complete and 0 interrupted iterations
default   [  78% ] 06521/07321 VUs  11.8s/15s  7321.00 iters/s

running (12.8s), 06832/07321 VUs, 86621 complete and 0 interrupted iterations
default   [  85% ] 06832/07321 VUs  12.8s/15s  7321.00 iters/s

running (13.8s), 07324/07325 VUs, 93416 complete and 0 interrupted iterations
default   [  92% ] 07324/07325 VUs  13.8s/15s  7321.00 iters/s

running (14.8s), 07523/07556 VUs, 100085 complete and 0 interrupted iterations
default   [  98% ] 07523/07556 VUs  14.8s/15s  7321.00 iters/s


  █ TOTAL RESULTS 

    HTTP
    http_req_duration..............: avg=645.22ms min=1ms    med=669.58ms max=2.46s p(90)=962.33ms p(95)=1.04s
      { expected_response:true }...: avg=645.22ms min=1ms    med=669.58ms max=2.46s p(90)=962.33ms p(95)=1.04s
    http_req_failed................: 0.00%  0 out of 101788
    http_reqs......................: 101788 6755.692277/s

    EXECUTION
    dropped_iterations.............: 530    35.176218/s
    iteration_duration.............: avg=645.39ms min=1.25ms med=669.69ms max=2.46s p(90)=962.44ms p(95)=1.04s
    iterations.....................: 101788 6755.692277/s
    vus............................: 7523   min=1364        max=7523
    vus_max........................: 7556   min=7321        max=7556

    NETWORK
    data_received..................: 23 MB  1.5 MB/s
    data_sent......................: 36 MB  2.4 MB/s




running (15.1s), 00000/07577 VUs, 101723 complete and 7563 interrupted iterations
default ✓ [ 100% ] 07563/07577 VUs  15s  7321.00 iters/s
