
         /\      Grafana   /‾‾/  
    /\  /  \     |\  __   /  /   
   /  \/    \    | |/ /  /   ‾‾\ 
  /          \   |   (  |  (‾)  |
 / __________ \  |_|\_\  \_____/ 

     execution: local
        script: workflow/hotel/k6_open_hotels_client.js
        output: -

     scenarios: (100.00%) 1 scenario, 10000 max VUs, 15s max duration (incl. graceful stop):
              * default: 3603.00 iterations/s for 15s (maxVUs: 3603-10000)


running (00.9s), 00271/03603 VUs, 2876 complete and 0 interrupted iterations
default   [   6% ] 00271/03603 VUs  00.9s/15s  3603.00 iters/s

running (01.9s), 00336/03603 VUs, 6415 complete and 0 interrupted iterations
default   [  12% ] 00336/03603 VUs  01.9s/15s  3603.00 iters/s

running (02.9s), 00271/03603 VUs, 10082 complete and 0 interrupted iterations
default   [  19% ] 00271/03603 VUs  02.9s/15s  3603.00 iters/s

running (03.9s), 00258/03603 VUs, 13698 complete and 0 interrupted iterations
default   [  26% ] 00258/03603 VUs  03.9s/15s  3603.00 iters/s

running (04.9s), 00381/03603 VUs, 17178 complete and 0 interrupted iterations
default   [  32% ] 00381/03603 VUs  04.9s/15s  3603.00 iters/s

running (05.9s), 00246/03603 VUs, 20917 complete and 0 interrupted iterations
default   [  39% ] 00246/03603 VUs  05.9s/15s  3603.00 iters/s

running (06.9s), 00218/03603 VUs, 24548 complete and 0 interrupted iterations
default   [  46% ] 00218/03603 VUs  06.9s/15s  3603.00 iters/s

running (07.9s), 00250/03603 VUs, 28118 complete and 0 interrupted iterations
default   [  52% ] 00250/03603 VUs  07.9s/15s  3603.00 iters/s

running (08.9s), 00221/03603 VUs, 31752 complete and 0 interrupted iterations
default   [  59% ] 00221/03603 VUs  08.9s/15s  3603.00 iters/s

running (09.9s), 00214/03603 VUs, 35360 complete and 0 interrupted iterations
default   [  66% ] 00214/03603 VUs  09.9s/15s  3603.00 iters/s

running (10.9s), 00191/03603 VUs, 38986 complete and 0 interrupted iterations
default   [  72% ] 00191/03603 VUs  10.9s/15s  3603.00 iters/s

running (11.9s), 00197/03603 VUs, 42583 complete and 0 interrupted iterations
default   [  79% ] 00197/03603 VUs  11.9s/15s  3603.00 iters/s

running (12.9s), 00272/03603 VUs, 46111 complete and 0 interrupted iterations
default   [  86% ] 00272/03603 VUs  12.9s/15s  3603.00 iters/s

running (13.9s), 00216/03603 VUs, 49770 complete and 0 interrupted iterations
default   [  92% ] 00216/03603 VUs  13.9s/15s  3603.00 iters/s

running (14.9s), 00239/03603 VUs, 53350 complete and 0 interrupted iterations
default   [  99% ] 00239/03603 VUs  14.9s/15s  3603.00 iters/s


  █ TOTAL RESULTS 

    HTTP
    http_req_duration..............: avg=71.07ms min=47.16ms med=67.04ms max=132.83ms p(90)=93.3ms  p(95)=99.61ms
      { expected_response:true }...: avg=71.07ms min=47.16ms med=67.04ms max=132.83ms p(90)=93.3ms  p(95)=99.61ms
    http_req_failed................: 0.00% 0 out of 53820
    http_reqs......................: 53820 3586.613964/s

    EXECUTION
    iteration_duration.............: avg=71.2ms  min=47.24ms med=67.16ms max=132.97ms p(90)=93.47ms p(95)=99.77ms
    iterations.....................: 53820 3586.613964/s
    vus............................: 239   min=190        max=382 
    vus_max........................: 3603  min=3603       max=3603

    NETWORK
    data_received..................: 15 MB 1.0 MB/s
    data_sent......................: 18 MB 1.2 MB/s




running (15.0s), 00000/03603 VUs, 53818 complete and 228 interrupted iterations
default ✓ [ 100% ] 00227/03603 VUs  15s  3603.00 iters/s
