
         /\      Grafana   /‾‾/  
    /\  /  \     |\  __   /  /   
   /  \/    \    | |/ /  /   ‾‾\ 
  /          \   |   (  |  (‾)  |
 / __________ \  |_|\_\  \_____/ 

     execution: local
        script: workflow/spin/k6_open_client.js
        output: -

     scenarios: (100.00%) 1 scenario, 10000 max VUs, 15s max duration (incl. graceful stop):
              * default: 4349.00 iterations/s for 15s (maxVUs: 4349-10000)


running (00.9s), 00436/04349 VUs, 3274 complete and 0 interrupted iterations
default   [   6% ] 00436/04349 VUs  00.9s/15s  4349.00 iters/s

running (01.9s), 00379/04349 VUs, 7680 complete and 0 interrupted iterations
default   [  12% ] 00379/04349 VUs  01.9s/15s  4349.00 iters/s

running (02.9s), 00300/04349 VUs, 12111 complete and 0 interrupted iterations
default   [  19% ] 00300/04349 VUs  02.9s/15s  4349.00 iters/s

running (03.9s), 00364/04349 VUs, 16393 complete and 0 interrupted iterations
default   [  26% ] 00364/04349 VUs  03.9s/15s  4349.00 iters/s

running (04.9s), 00483/04349 VUs, 20623 complete and 0 interrupted iterations
default   [  32% ] 00483/04349 VUs  04.9s/15s  4349.00 iters/s

running (05.9s), 00375/04349 VUs, 25082 complete and 0 interrupted iterations
default   [  39% ] 00375/04349 VUs  05.9s/15s  4349.00 iters/s

running (06.9s), 00244/04349 VUs, 29562 complete and 0 interrupted iterations
default   [  46% ] 00244/04349 VUs  06.9s/15s  4349.00 iters/s

running (07.9s), 00260/04349 VUs, 33893 complete and 0 interrupted iterations
default   [  52% ] 00260/04349 VUs  07.9s/15s  4349.00 iters/s

running (08.9s), 00255/04349 VUs, 38245 complete and 0 interrupted iterations
default   [  59% ] 00255/04349 VUs  08.9s/15s  4349.00 iters/s

running (09.9s), 00252/04349 VUs, 42597 complete and 0 interrupted iterations
default   [  66% ] 00252/04349 VUs  09.9s/15s  4349.00 iters/s

running (10.9s), 00252/04349 VUs, 46949 complete and 0 interrupted iterations
default   [  72% ] 00252/04349 VUs  10.9s/15s  4349.00 iters/s

running (11.9s), 00250/04349 VUs, 51301 complete and 0 interrupted iterations
default   [  79% ] 00250/04349 VUs  11.9s/15s  4349.00 iters/s

running (12.9s), 00312/04349 VUs, 55590 complete and 0 interrupted iterations
default   [  86% ] 00312/04349 VUs  12.9s/15s  4349.00 iters/s

running (13.9s), 00258/04349 VUs, 59989 complete and 0 interrupted iterations
default   [  92% ] 00258/04349 VUs  13.9s/15s  4349.00 iters/s

running (14.9s), 00286/04349 VUs, 64310 complete and 0 interrupted iterations
default   [  99% ] 00286/04349 VUs  14.9s/15s  4349.00 iters/s


  █ TOTAL RESULTS 

    HTTP
    http_req_duration..............: avg=70.86ms min=43.89ms med=63.97ms max=129.67ms p(90)=99.49ms p(95)=103.62ms
      { expected_response:true }...: avg=70.86ms min=43.89ms med=63.97ms max=129.67ms p(90)=99.49ms p(95)=103.62ms
    http_req_failed................: 0.00% 0 out of 64936
    http_reqs......................: 64936 4326.917479/s

    EXECUTION
    iteration_duration.............: avg=70.97ms min=43.97ms med=64.06ms max=129.89ms p(90)=99.63ms p(95)=103.77ms
    iterations.....................: 64935 4326.850846/s
    vus............................: 285   min=244        max=482 
    vus_max........................: 4349  min=4349       max=4349

    NETWORK
    data_received..................: 13 MB 879 kB/s
    data_sent......................: 13 MB 834 kB/s




running (15.0s), 00000/04349 VUs, 64934 complete and 303 interrupted iterations
default ✓ [ 100% ] 00303/04349 VUs  15s  4349.00 iters/s
