
         /\      Grafana   /‾‾/  
    /\  /  \     |\  __   /  /   
   /  \/    \    | |/ /  /   ‾‾\ 
  /          \   |   (  |  (‾)  |
 / __________ \  |_|\_\  \_____/ 

     execution: local
        script: workflow/hotel/k6_open_recommendations_client.js
        output: -

     scenarios: (100.00%) 1 scenario, 10000 max VUs, 15s max duration (incl. graceful stop):
              * default: 2940.00 iterations/s for 15s (maxVUs: 2940-10000)


running (00.9s), 00811/02940 VUs, 1820 complete and 0 interrupted iterations
default   [   6% ] 00812/02940 VUs  00.9s/15s  2940.00 iters/s

running (01.9s), 00804/02940 VUs, 4768 complete and 0 interrupted iterations
default   [  13% ] 00804/02940 VUs  01.9s/15s  2940.00 iters/s

running (02.9s), 00764/02940 VUs, 7747 complete and 0 interrupted iterations
default   [  19% ] 00764/02940 VUs  02.9s/15s  2940.00 iters/s

running (03.9s), 01032/02940 VUs, 10417 complete and 0 interrupted iterations
default   [  26% ] 01032/02940 VUs  03.9s/15s  2940.00 iters/s

running (04.9s), 00737/02940 VUs, 13655 complete and 0 interrupted iterations
default   [  33% ] 00737/02940 VUs  04.9s/15s  2940.00 iters/s

running (05.9s), 00739/02940 VUs, 16593 complete and 0 interrupted iterations
default   [  39% ] 00739/02940 VUs  05.9s/15s  2940.00 iters/s

running (06.9s), 00625/02940 VUs, 19647 complete and 0 interrupted iterations
default   [  46% ] 00625/02940 VUs  06.9s/15s  2940.00 iters/s

running (07.9s), 00741/02940 VUs, 22468 complete and 0 interrupted iterations
default   [  53% ] 00741/02940 VUs  07.9s/15s  2940.00 iters/s

running (08.9s), 00636/02940 VUs, 25516 complete and 0 interrupted iterations
default   [  59% ] 00636/02940 VUs  08.9s/15s  2940.00 iters/s

running (09.9s), 00772/02940 VUs, 28320 complete and 0 interrupted iterations
default   [  66% ] 00772/02940 VUs  09.9s/15s  2940.00 iters/s

running (10.9s), 00493/02940 VUs, 31538 complete and 0 interrupted iterations
default   [  73% ] 00492/02940 VUs  10.9s/15s  2940.00 iters/s

running (11.9s), 00649/02940 VUs, 34323 complete and 0 interrupted iterations
default   [  79% ] 00649/02940 VUs  11.9s/15s  2940.00 iters/s

running (12.9s), 00856/02940 VUs, 37056 complete and 0 interrupted iterations
default   [  86% ] 00856/02940 VUs  12.9s/15s  2940.00 iters/s

running (13.9s), 00862/02940 VUs, 39990 complete and 0 interrupted iterations
default   [  93% ] 00862/02940 VUs  13.9s/15s  2940.00 iters/s

running (14.9s), 00738/02940 VUs, 43054 complete and 0 interrupted iterations
default   [  99% ] 00738/02940 VUs  14.9s/15s  2940.00 iters/s


  █ TOTAL RESULTS 

    HTTP
    http_req_duration..............: avg=245.09ms min=133.66ms med=246.26ms max=362.54ms p(90)=294.07ms p(95)=308.71ms
      { expected_response:true }...: avg=245.09ms min=133.66ms med=246.26ms max=362.54ms p(90)=294.07ms p(95)=308.71ms
    http_req_failed................: 0.00% 0 out of 43670
    http_reqs......................: 43670 2910.034723/s

    EXECUTION
    iteration_duration.............: avg=245.22ms min=133.76ms med=246.4ms  max=362.65ms p(90)=294.19ms p(95)=308.88ms
    iterations.....................: 43670 2910.034723/s
    vus............................: 738   min=493        max=1035
    vus_max........................: 2940  min=2940       max=2940

    NETWORK
    data_received..................: 25 MB 1.6 MB/s
    data_sent......................: 13 MB 837 kB/s




running (15.0s), 00000/02940 VUs, 43664 complete and 437 interrupted iterations
default ✓ [ 100% ] 00437/02940 VUs  15s  2940.00 iters/s
