
         /\      Grafana   /‾‾/  
    /\  /  \     |\  __   /  /   
   /  \/    \    | |/ /  /   ‾‾\ 
  /          \   |   (  |  (‾)  |
 / __________ \  |_|\_\  \_____/ 

     execution: local
        script: workflow/write/k6_open_client.js
        output: -

     scenarios: (100.00%) 1 scenario, 10000 max VUs, 15s max duration (incl. graceful stop):
              * default: 703.00 iterations/s for 15s (maxVUs: 703-10000)


running (01.0s), 00012/00703 VUs, 668 complete and 0 interrupted iterations
default   [   6% ] 00012/00703 VUs  01.0s/15s  703.00 iters/s

running (02.0s), 00008/00703 VUs, 1375 complete and 0 interrupted iterations
default   [  13% ] 00008/00703 VUs  02.0s/15s  703.00 iters/s

running (03.0s), 00022/00703 VUs, 2065 complete and 0 interrupted iterations
default   [  20% ] 00022/00703 VUs  03.0s/15s  703.00 iters/s

running (04.0s), 00009/00703 VUs, 2781 complete and 0 interrupted iterations
default   [  26% ] 00009/00703 VUs  04.0s/15s  703.00 iters/s

running (05.0s), 00021/00703 VUs, 3472 complete and 0 interrupted iterations
default   [  33% ] 00021/00703 VUs  05.0s/15s  703.00 iters/s

running (06.0s), 00014/00703 VUs, 4181 complete and 0 interrupted iterations
default   [  40% ] 00014/00703 VUs  06.0s/15s  703.00 iters/s

running (07.0s), 00027/00703 VUs, 4872 complete and 0 interrupted iterations
default   [  46% ] 00027/00703 VUs  07.0s/15s  703.00 iters/s

running (08.0s), 00021/00703 VUs, 5581 complete and 0 interrupted iterations
default   [  53% ] 00021/00703 VUs  08.0s/15s  703.00 iters/s

running (09.0s), 00009/00703 VUs, 6296 complete and 0 interrupted iterations
default   [  60% ] 00009/00703 VUs  09.0s/15s  703.00 iters/s

running (10.0s), 00020/00703 VUs, 6988 complete and 0 interrupted iterations
default   [  66% ] 00020/00703 VUs  10.0s/15s  703.00 iters/s

running (11.0s), 00028/00703 VUs, 7683 complete and 0 interrupted iterations
default   [  73% ] 00028/00703 VUs  11.0s/15s  703.00 iters/s

running (12.0s), 00018/00703 VUs, 8396 complete and 0 interrupted iterations
default   [  80% ] 00018/00703 VUs  12.0s/15s  703.00 iters/s

running (13.0s), 00013/00703 VUs, 9104 complete and 0 interrupted iterations
default   [  86% ] 00013/00703 VUs  13.0s/15s  703.00 iters/s

running (14.0s), 00023/00703 VUs, 9797 complete and 0 interrupted iterations
default   [  93% ] 00023/00703 VUs  14.0s/15s  703.00 iters/s

running (15.0s), 00016/00703 VUs, 10507 complete and 0 interrupted iterations
default   [ 100% ] 00016/00703 VUs  15.0s/15s  703.00 iters/s


  █ TOTAL RESULTS 

    HTTP
    http_req_duration..............: avg=25.72ms min=9.95ms med=25.72ms max=48.61ms p(90)=37.42ms p(95)=38.83ms
      { expected_response:true }...: avg=25.72ms min=9.95ms med=25.72ms max=48.61ms p(90)=37.42ms p(95)=38.83ms
    http_req_failed................: 0.00%  0 out of 10530
    http_reqs......................: 10530  701.912769/s

    EXECUTION
    iteration_duration.............: avg=25.79ms min=10ms   med=25.78ms max=48.65ms p(90)=37.47ms p(95)=38.91ms
    iterations.....................: 10530  701.912769/s
    vus............................: 16     min=9          max=28 
    vus_max........................: 703    min=703        max=703

    NETWORK
    data_received..................: 2.1 MB 142 kB/s
    data_sent......................: 1.1 MB 70 kB/s




running (15.0s), 00000/00703 VUs, 10530 complete and 16 interrupted iterations
default ✓ [ 100% ] 00016/00703 VUs  15s  703.00 iters/s
