
         /\      Grafana   /‾‾/  
    /\  /  \     |\  __   /  /   
   /  \/    \    | |/ /  /   ‾‾\ 
  /          \   |   (  |  (‾)  |
 / __________ \  |_|\_\  \_____/ 

     execution: local
        script: workflow/hotel/k6_open_hotels_client.js
        output: -

     scenarios: (100.00%) 1 scenario, 10000 max VUs, 15s max duration (incl. graceful stop):
              * default: 4026.00 iterations/s for 15s (maxVUs: 4026-10000)


running (00.9s), 00383/04026 VUs, 3108 complete and 0 interrupted iterations
default   [   6% ] 00383/04026 VUs  00.9s/15s  4026.00 iters/s

running (01.9s), 00387/04026 VUs, 7130 complete and 0 interrupted iterations
default   [  12% ] 00387/04026 VUs  01.9s/15s  4026.00 iters/s

running (02.9s), 00266/04026 VUs, 11277 complete and 0 interrupted iterations
default   [  19% ] 00266/04026 VUs  02.9s/15s  4026.00 iters/s

running (03.9s), 00270/04026 VUs, 15299 complete and 0 interrupted iterations
default   [  26% ] 00270/04026 VUs  03.9s/15s  4026.00 iters/s

running (04.9s), 00297/04026 VUs, 19298 complete and 0 interrupted iterations
default   [  32% ] 00297/04026 VUs  04.9s/15s  4026.00 iters/s

running (05.9s), 00267/04026 VUs, 23354 complete and 0 interrupted iterations
default   [  39% ] 00267/04026 VUs  05.9s/15s  4026.00 iters/s

running (06.9s), 00226/04026 VUs, 27421 complete and 0 interrupted iterations
default   [  46% ] 00226/04026 VUs  06.9s/15s  4026.00 iters/s

running (07.9s), 00243/04026 VUs, 31430 complete and 0 interrupted iterations
default   [  52% ] 00243/04026 VUs  07.9s/15s  4026.00 iters/s

running (08.9s), 00303/04026 VUs, 35395 complete and 0 interrupted iterations
default   [  59% ] 00303/04026 VUs  08.9s/15s  4026.00 iters/s

running (09.9s), 00279/04026 VUs, 39446 complete and 0 interrupted iterations
default   [  66% ] 00279/04026 VUs  09.9s/15s  4026.00 iters/s

running (10.9s), 00344/04026 VUs, 43407 complete and 0 interrupted iterations
default   [  72% ] 00344/04026 VUs  10.9s/15s  4026.00 iters/s

running (11.9s), 00237/04026 VUs, 47536 complete and 0 interrupted iterations
default   [  79% ] 00237/04026 VUs  11.9s/15s  4026.00 iters/s

running (12.9s), 00221/04026 VUs, 51582 complete and 0 interrupted iterations
default   [  86% ] 00221/04026 VUs  12.9s/15s  4026.00 iters/s

running (13.9s), 00257/04026 VUs, 55573 complete and 0 interrupted iterations
default   [  92% ] 00257/04026 VUs  13.9s/15s  4026.00 iters/s

running (14.9s), 00264/04026 VUs, 59591 complete and 0 interrupted iterations
default   [  99% ] 00264/04026 VUs  14.9s/15s  4026.00 iters/s


  █ TOTAL RESULTS 

    HTTP
    http_req_duration..............: avg=71.25ms min=40.62ms med=66.66ms max=151.99ms p(90)=97.15ms p(95)=104.24ms
      { expected_response:true }...: avg=71.25ms min=40.62ms med=66.66ms max=151.99ms p(90)=97.15ms p(95)=104.24ms
    http_req_failed................: 0.00% 0 out of 60161
    http_reqs......................: 60161 4008.792785/s

    EXECUTION
    iteration_duration.............: avg=71.39ms min=40.73ms med=66.78ms max=152.27ms p(90)=97.35ms p(95)=104.5ms 
    iterations.....................: 60161 4008.792785/s
    vus............................: 265   min=221        max=386 
    vus_max........................: 4026  min=4026       max=4026

    NETWORK
    data_received..................: 17 MB 1.1 MB/s
    data_sent......................: 20 MB 1.3 MB/s




running (15.0s), 00000/04026 VUs, 60161 complete and 228 interrupted iterations
default ✓ [ 100% ] 00228/04026 VUs  15s  4026.00 iters/s
