
         /\      Grafana   /‾‾/  
    /\  /  \     |\  __   /  /   
   /  \/    \    | |/ /  /   ‾‾\ 
  /          \   |   (  |  (‾)  |
 / __________ \  |_|\_\  \_____/ 

     execution: local
        script: workflow/online_boutique/k6_open_checkout.js
        output: -

     scenarios: (100.00%) 1 scenario, 10000 max VUs, 15s max duration (incl. graceful stop):
              * default: 120.00 iterations/s for 15s (maxVUs: 120-10000)


running (01.0s), 00045/00120 VUs, 74 complete and 0 interrupted iterations
default   [   7% ] 00045/00120 VUs  01.0s/15s  120.00 iters/s

running (02.0s), 00055/00120 VUs, 184 complete and 0 interrupted iterations
default   [  13% ] 00055/00120 VUs  02.0s/15s  120.00 iters/s

running (03.0s), 00064/00120 VUs, 295 complete and 0 interrupted iterations
default   [  20% ] 00064/00120 VUs  03.0s/15s  120.00 iters/s

running (04.0s), 00038/00120 VUs, 441 complete and 0 interrupted iterations
default   [  27% ] 00038/00120 VUs  04.0s/15s  120.00 iters/s

running (05.0s), 00048/00120 VUs, 551 complete and 0 interrupted iterations
default   [  33% ] 00048/00120 VUs  05.0s/15s  120.00 iters/s

running (06.0s), 00058/00120 VUs, 661 complete and 0 interrupted iterations
default   [  40% ] 00058/00120 VUs  06.0s/15s  120.00 iters/s

running (07.0s), 00068/00120 VUs, 771 complete and 0 interrupted iterations
default   [  47% ] 00068/00120 VUs  07.0s/15s  120.00 iters/s

running (08.0s), 00041/00120 VUs, 918 complete and 0 interrupted iterations
default   [  53% ] 00041/00120 VUs  08.0s/15s  120.00 iters/s

running (09.0s), 00052/00120 VUs, 1027 complete and 0 interrupted iterations
default   [  60% ] 00052/00120 VUs  09.0s/15s  120.00 iters/s

running (10.0s), 00062/00120 VUs, 1137 complete and 0 interrupted iterations
default   [  67% ] 00062/00120 VUs  10.0s/15s  120.00 iters/s

running (11.0s), 00036/00120 VUs, 1283 complete and 0 interrupted iterations
default   [  73% ] 00036/00120 VUs  11.0s/15s  120.00 iters/s

running (12.0s), 00045/00120 VUs, 1394 complete and 0 interrupted iterations
default   [  80% ] 00045/00120 VUs  12.0s/15s  120.00 iters/s

running (13.0s), 00055/00120 VUs, 1504 complete and 0 interrupted iterations
default   [  87% ] 00055/00120 VUs  13.0s/15s  120.00 iters/s

running (14.0s), 00064/00120 VUs, 1615 complete and 0 interrupted iterations
default   [  93% ] 00064/00120 VUs  14.0s/15s  120.00 iters/s

running (15.0s), 00038/00120 VUs, 1761 complete and 0 interrupted iterations
default   [ 100% ] 00038/00120 VUs  15.0s/15s  120.00 iters/s


  █ TOTAL RESULTS 

    CUSTOM
    online_boutique_application_errors...: 0.00%  0 out of 1761

    HTTP
    http_req_duration....................: avg=443.84ms min=285.82ms med=443.26ms max=620.24ms p(90)=562.83ms p(95)=577.61ms
      { expected_response:true }.........: avg=443.84ms min=285.82ms med=443.26ms max=620.24ms p(90)=562.83ms p(95)=577.61ms
    http_req_failed......................: 0.00%  0 out of 1761
    http_reqs............................: 1761   117.389517/s

    EXECUTION
    iteration_duration...................: avg=444.08ms min=285.99ms med=443.64ms max=620.77ms p(90)=563.03ms p(95)=577.81ms
    iterations...........................: 1761   117.389517/s
    vus..................................: 38     min=36        max=68 
    vus_max..............................: 120    min=120       max=120

    NETWORK
    data_received........................: 3.6 MB 238 kB/s
    data_sent............................: 1.0 MB 67 kB/s




running (15.0s), 00000/00120 VUs, 1761 complete and 39 interrupted iterations
default ✓ [ 100% ] 00039/00120 VUs  15s  120.00 iters/s
