
         /\      Grafana   /‾‾/  
    /\  /  \     |\  __   /  /   
   /  \/    \    | |/ /  /   ‾‾\ 
  /          \   |   (  |  (‾)  |
 / __________ \  |_|\_\  \_____/ 

     execution: local
        script: workflow/spin/k6_open_client.js
        output: -

     scenarios: (100.00%) 1 scenario, 10000 max VUs, 15s max duration (incl. graceful stop):
              * default: 3249.00 iterations/s for 15s (maxVUs: 3249-10000)


running (00.9s), 00019/03249 VUs, 2869 complete and 0 interrupted iterations
default   [   6% ] 00019/03249 VUs  00.9s/15s  3249.00 iters/s

running (01.9s), 00021/03249 VUs, 6115 complete and 0 interrupted iterations
default   [  13% ] 00022/03249 VUs  01.9s/15s  3249.00 iters/s

running (02.9s), 00018/03249 VUs, 9370 complete and 0 interrupted iterations
default   [  19% ] 00018/03249 VUs  02.9s/15s  3249.00 iters/s

running (03.9s), 00016/03249 VUs, 12618 complete and 0 interrupted iterations
default   [  26% ] 00016/03249 VUs  03.9s/15s  3249.00 iters/s

running (04.9s), 00018/03249 VUs, 15863 complete and 0 interrupted iterations
default   [  33% ] 00018/03249 VUs  04.9s/15s  3249.00 iters/s

running (05.9s), 00025/03249 VUs, 19108 complete and 0 interrupted iterations
default   [  39% ] 00025/03249 VUs  05.9s/15s  3249.00 iters/s

running (06.9s), 00028/03249 VUs, 22354 complete and 0 interrupted iterations
default   [  46% ] 00028/03249 VUs  06.9s/15s  3249.00 iters/s

running (07.9s), 00019/03249 VUs, 25611 complete and 0 interrupted iterations
default   [  53% ] 00019/03249 VUs  07.9s/15s  3249.00 iters/s

running (08.9s), 00020/03249 VUs, 28860 complete and 0 interrupted iterations
default   [  59% ] 00020/03249 VUs  08.9s/15s  3249.00 iters/s

running (09.9s), 00022/03249 VUs, 32107 complete and 0 interrupted iterations
default   [  66% ] 00021/03249 VUs  09.9s/15s  3249.00 iters/s

running (10.9s), 00018/03249 VUs, 35360 complete and 0 interrupted iterations
default   [  73% ] 00018/03249 VUs  10.9s/15s  3249.00 iters/s

running (11.9s), 00029/03249 VUs, 38597 complete and 0 interrupted iterations
default   [  79% ] 00029/03249 VUs  11.9s/15s  3249.00 iters/s

running (12.9s), 00027/03249 VUs, 41849 complete and 0 interrupted iterations
default   [  86% ] 00027/03249 VUs  12.9s/15s  3249.00 iters/s

running (13.9s), 00025/03249 VUs, 45102 complete and 0 interrupted iterations
default   [  93% ] 00025/03249 VUs  13.9s/15s  3249.00 iters/s

running (14.9s), 00020/03249 VUs, 48354 complete and 0 interrupted iterations
default   [  99% ] 00020/03249 VUs  14.9s/15s  3249.00 iters/s


  █ TOTAL RESULTS 

    HTTP
    http_req_duration..............: avg=6.61ms min=4.72ms med=5.87ms max=55.71ms p(90)=8.44ms p(95)=9.77ms
      { expected_response:true }...: avg=6.61ms min=4.72ms med=5.87ms max=55.71ms p(90)=8.44ms p(95)=9.77ms
    http_req_failed................: 0.00%  0 out of 48719
    http_reqs......................: 48719  3246.816575/s

    EXECUTION
    iteration_duration.............: avg=6.7ms  min=4.81ms med=5.96ms max=56.17ms p(90)=8.53ms p(95)=9.86ms
    iterations.....................: 48719  3246.816575/s
    vus............................: 20     min=18         max=28  
    vus_max........................: 3249   min=3249       max=3249

    NETWORK
    data_received..................: 9.9 MB 659 kB/s
    data_sent......................: 9.4 MB 623 kB/s




running (15.0s), 00000/03249 VUs, 48717 complete and 20 interrupted iterations
default ✓ [ 100% ] 00020/03249 VUs  15s  3249.00 iters/s
