
         /\      Grafana   /‾‾/  
    /\  /  \     |\  __   /  /   
   /  \/    \    | |/ /  /   ‾‾\ 
  /          \   |   (  |  (‾)  |
 / __________ \  |_|\_\  \_____/ 

     execution: local
        script: workflow/social/k6_open_client.js
        output: -

     scenarios: (100.00%) 1 scenario, 10000 max VUs, 15s max duration (incl. graceful stop):
              * default: 1352.00 iterations/s for 15s (maxVUs: 1352-10000)


running (00.9s), 00038/01352 VUs, 1238 complete and 0 interrupted iterations
default   [   6% ] 00038/01352 VUs  00.9s/15s  1352.00 iters/s

running (01.9s), 00028/01352 VUs, 2599 complete and 0 interrupted iterations
default   [  13% ] 00028/01352 VUs  01.9s/15s  1352.00 iters/s

running (02.9s), 00022/01352 VUs, 3958 complete and 0 interrupted iterations
default   [  20% ] 00022/01352 VUs  02.9s/15s  1352.00 iters/s

running (03.9s), 00034/01352 VUs, 5298 complete and 0 interrupted iterations
default   [  26% ] 00034/01352 VUs  03.9s/15s  1352.00 iters/s

running (04.9s), 00014/01352 VUs, 6669 complete and 0 interrupted iterations
default   [  33% ] 00014/01352 VUs  04.9s/15s  1352.00 iters/s

running (05.9s), 00027/01352 VUs, 8009 complete and 0 interrupted iterations
default   [  40% ] 00027/01352 VUs  05.9s/15s  1352.00 iters/s

running (06.9s), 00030/01352 VUs, 9358 complete and 0 interrupted iterations
default   [  46% ] 00030/01352 VUs  06.9s/15s  1352.00 iters/s

running (07.9s), 00019/01352 VUs, 10720 complete and 0 interrupted iterations
default   [  53% ] 00020/01352 VUs  07.9s/15s  1352.00 iters/s

running (08.9s), 00024/01352 VUs, 12068 complete and 0 interrupted iterations
default   [  60% ] 00024/01352 VUs  08.9s/15s  1352.00 iters/s

running (09.9s), 00020/01352 VUs, 13423 complete and 0 interrupted iterations
default   [  66% ] 00020/01352 VUs  09.9s/15s  1352.00 iters/s

running (10.9s), 00023/01352 VUs, 14772 complete and 0 interrupted iterations
default   [  73% ] 00023/01352 VUs  10.9s/15s  1352.00 iters/s

running (11.9s), 00020/01352 VUs, 16128 complete and 0 interrupted iterations
default   [  80% ] 00020/01352 VUs  11.9s/15s  1352.00 iters/s

running (12.9s), 00028/01352 VUs, 17472 complete and 0 interrupted iterations
default   [  86% ] 00029/01352 VUs  12.9s/15s  1352.00 iters/s

running (13.9s), 00016/01352 VUs, 18837 complete and 0 interrupted iterations
default   [  93% ] 00016/01352 VUs  13.9s/15s  1352.00 iters/s

running (14.9s), 00027/01352 VUs, 20177 complete and 0 interrupted iterations
default   [ 100% ] 00027/01352 VUs  14.9s/15s  1352.00 iters/s


  █ TOTAL RESULTS 

    HTTP
    http_req_duration..............: avg=16.01ms min=7.19ms med=15.25ms max=48.84ms p(90)=21.19ms p(95)=26.08ms
      { expected_response:true }...: avg=16.01ms min=7.19ms med=15.25ms max=48.84ms p(90)=21.19ms p(95)=26.08ms
    http_req_failed................: 0.00%  0 out of 20264
    http_reqs......................: 20264  1350.723485/s

    EXECUTION
    iteration_duration.............: avg=16.29ms min=7.29ms med=15.36ms max=84.86ms p(90)=21.29ms p(95)=26.25ms
    iterations.....................: 20264  1350.723485/s
    vus............................: 27     min=14         max=38  
    vus_max........................: 1352   min=1352       max=1352

    NETWORK
    data_received..................: 4.6 MB 305 kB/s
    data_sent......................: 6.7 MB 444 kB/s




running (15.0s), 00000/01352 VUs, 20261 complete and 20 interrupted iterations
default ✓ [ 100% ] 00020/01352 VUs  15s  1352.00 iters/s
