
         /\      Grafana   /‾‾/  
    /\  /  \     |\  __   /  /   
   /  \/    \    | |/ /  /   ‾‾\ 
  /          \   |   (  |  (‾)  |
 / __________ \  |_|\_\  \_____/ 

     execution: local
        script: workflow/spin/k6_open_client.js
        output: -

     scenarios: (100.00%) 1 scenario, 10000 max VUs, 15s max duration (incl. graceful stop):
              * default: 2577.00 iterations/s for 15s (maxVUs: 2577-10000)


running (00.9s), 00274/02577 VUs, 2076 complete and 0 interrupted iterations
default   [   6% ] 00274/02577 VUs  00.9s/15s  2577.00 iters/s

running (01.9s), 00351/02577 VUs, 4574 complete and 0 interrupted iterations
default   [  13% ] 00351/02577 VUs  01.9s/15s  2577.00 iters/s

running (02.9s), 00491/02577 VUs, 7011 complete and 0 interrupted iterations
default   [  19% ] 00491/02577 VUs  02.9s/15s  2577.00 iters/s

running (03.9s), 00528/02577 VUs, 9551 complete and 0 interrupted iterations
default   [  26% ] 00528/02577 VUs  03.9s/15s  2577.00 iters/s

running (04.9s), 00646/02577 VUs, 12007 complete and 0 interrupted iterations
default   [  33% ] 00647/02577 VUs  04.9s/15s  2577.00 iters/s

running (05.9s), 00806/02577 VUs, 14427 complete and 0 interrupted iterations
default   [  39% ] 00806/02577 VUs  05.9s/15s  2577.00 iters/s

running (06.9s), 00885/02577 VUs, 16927 complete and 0 interrupted iterations
default   [  46% ] 00885/02577 VUs  06.9s/15s  2577.00 iters/s

running (07.9s), 00963/02577 VUs, 19422 complete and 0 interrupted iterations
default   [  53% ] 00963/02577 VUs  07.9s/15s  2577.00 iters/s

running (08.9s), 01067/02577 VUs, 21897 complete and 0 interrupted iterations
default   [  59% ] 01067/02577 VUs  08.9s/15s  2577.00 iters/s

running (09.9s), 01079/02577 VUs, 24464 complete and 0 interrupted iterations
default   [  66% ] 01079/02577 VUs  09.9s/15s  2577.00 iters/s

running (10.9s), 01182/02577 VUs, 26936 complete and 0 interrupted iterations
default   [  73% ] 01182/02577 VUs  10.9s/15s  2577.00 iters/s

running (11.9s), 01325/02577 VUs, 29372 complete and 0 interrupted iterations
default   [  79% ] 01325/02577 VUs  11.9s/15s  2577.00 iters/s

running (12.9s), 01404/02577 VUs, 31868 complete and 0 interrupted iterations
default   [  86% ] 01403/02577 VUs  12.9s/15s  2577.00 iters/s

running (13.9s), 01467/02577 VUs, 34381 complete and 0 interrupted iterations
default   [  93% ] 01467/02577 VUs  13.9s/15s  2577.00 iters/s

running (14.9s), 01579/02577 VUs, 36847 complete and 0 interrupted iterations
default   [  99% ] 01579/02577 VUs  14.9s/15s  2577.00 iters/s


  █ TOTAL RESULTS 

    HTTP
    http_req_duration..............: avg=347.51ms min=69.79ms med=373.72ms max=617.47ms p(90)=552.13ms p(95)=571.6ms 
      { expected_response:true }...: avg=347.51ms min=69.79ms med=373.72ms max=617.47ms p(90)=552.13ms p(95)=571.6ms 
    http_req_failed................: 0.00%  0 out of 37084
    http_reqs......................: 37084  2470.234933/s

    EXECUTION
    iteration_duration.............: avg=347.6ms  min=70.05ms med=373.8ms  max=619.91ms p(90)=552.19ms p(95)=571.69ms
    iterations.....................: 37084  2470.234933/s
    vus............................: 1579   min=274        max=1579
    vus_max........................: 2577   min=2577       max=2577

    NETWORK
    data_received..................: 7.5 MB 502 kB/s
    data_sent......................: 7.4 MB 494 kB/s




running (15.0s), 00000/02577 VUs, 37082 complete and 1574 interrupted iterations
default ✓ [ 100% ] 01574/02577 VUs  15s  2577.00 iters/s
