
         /\      Grafana   /‾‾/  
    /\  /  \     |\  __   /  /   
   /  \/    \    | |/ /  /   ‾‾\ 
  /          \   |   (  |  (‾)  |
 / __________ \  |_|\_\  \_____/ 

     execution: local
        script: workflow/spin/k6_open_client.js
        output: -

     scenarios: (100.00%) 1 scenario, 10000 max VUs, 15s max duration (incl. graceful stop):
              * default: 3840.00 iterations/s for 15s (maxVUs: 3840-10000)


running (00.9s), 00215/03840 VUs, 3165 complete and 0 interrupted iterations
default   [   6% ] 00215/03840 VUs  00.9s/15s  3840.00 iters/s

running (01.9s), 00222/03840 VUs, 6997 complete and 0 interrupted iterations
default   [  13% ] 00222/03840 VUs  01.9s/15s  3840.00 iters/s

running (02.9s), 00210/03840 VUs, 10849 complete and 0 interrupted iterations
default   [  19% ] 00210/03840 VUs  02.9s/15s  3840.00 iters/s

running (03.9s), 00219/03840 VUs, 14682 complete and 0 interrupted iterations
default   [  26% ] 00219/03840 VUs  03.9s/15s  3840.00 iters/s

running (04.9s), 00236/03840 VUs, 18504 complete and 0 interrupted iterations
default   [  33% ] 00236/03840 VUs  04.9s/15s  3840.00 iters/s

running (05.9s), 00262/03840 VUs, 22320 complete and 0 interrupted iterations
default   [  39% ] 00262/03840 VUs  05.9s/15s  3840.00 iters/s

running (06.9s), 00236/03840 VUs, 26183 complete and 0 interrupted iterations
default   [  46% ] 00236/03840 VUs  06.9s/15s  3840.00 iters/s

running (07.9s), 00298/03840 VUs, 29962 complete and 0 interrupted iterations
default   [  53% ] 00298/03840 VUs  07.9s/15s  3840.00 iters/s

running (08.9s), 00229/03840 VUs, 33871 complete and 0 interrupted iterations
default   [  59% ] 00229/03840 VUs  08.9s/15s  3840.00 iters/s

running (09.9s), 00171/03840 VUs, 37767 complete and 0 interrupted iterations
default   [  66% ] 00171/03840 VUs  09.9s/15s  3840.00 iters/s

running (10.9s), 00222/03840 VUs, 41557 complete and 0 interrupted iterations
default   [  73% ] 00223/03840 VUs  10.9s/15s  3840.00 iters/s

running (11.9s), 00253/03840 VUs, 45366 complete and 0 interrupted iterations
default   [  79% ] 00253/03840 VUs  11.9s/15s  3840.00 iters/s

running (12.9s), 00202/03840 VUs, 49257 complete and 0 interrupted iterations
default   [  86% ] 00202/03840 VUs  12.9s/15s  3840.00 iters/s

running (13.9s), 00198/03840 VUs, 53103 complete and 0 interrupted iterations
default   [  93% ] 00199/03840 VUs  13.9s/15s  3840.00 iters/s

running (14.9s), 00234/03840 VUs, 56903 complete and 0 interrupted iterations
default   [  99% ] 00234/03840 VUs  14.9s/15s  3840.00 iters/s


  █ TOTAL RESULTS 

    HTTP
    http_req_duration..............: avg=60.92ms min=42.72ms med=60.4ms max=102.76ms p(90)=68.69ms p(95)=72.86ms
      { expected_response:true }...: avg=60.92ms min=42.72ms med=60.4ms max=102.76ms p(90)=68.69ms p(95)=72.86ms
    http_req_failed................: 0.00% 0 out of 57398
    http_reqs......................: 57398 3824.953192/s

    EXECUTION
    iteration_duration.............: avg=61.02ms min=42.81ms med=60.5ms max=113.35ms p(90)=68.8ms  p(95)=72.97ms
    iterations.....................: 57397 3824.886553/s
    vus............................: 234   min=175        max=298 
    vus_max........................: 3840  min=3840       max=3840

    NETWORK
    data_received..................: 12 MB 777 kB/s
    data_sent......................: 11 MB 737 kB/s




running (15.0s), 00000/03840 VUs, 57392 complete and 209 interrupted iterations
default ✓ [ 100% ] 00209/03840 VUs  15s  3840.00 iters/s
