
         /\      Grafana   /‾‾/  
    /\  /  \     |\  __   /  /   
   /  \/    \    | |/ /  /   ‾‾\ 
  /          \   |   (  |  (‾)  |
 / __________ \  |_|\_\  \_____/ 

     execution: local
        script: workflow/write/k6_open_client.js
        output: -

     scenarios: (100.00%) 1 scenario, 10000 max VUs, 15s max duration (incl. graceful stop):
              * default: 5781.00 iterations/s for 15s (maxVUs: 5781-10000)


running (00.8s), 00736/05781 VUs, 4018 complete and 0 interrupted iterations
default   [   5% ] 00736/05781 VUs  00.8s/15s  5781.00 iters/s

running (01.8s), 01180/05781 VUs, 9356 complete and 0 interrupted iterations
default   [  12% ] 01180/05781 VUs  01.8s/15s  5781.00 iters/s

running (02.8s), 01227/05781 VUs, 15089 complete and 0 interrupted iterations
default   [  19% ] 01227/05781 VUs  02.8s/15s  5781.00 iters/s

running (03.8s), 01364/05781 VUs, 20736 complete and 0 interrupted iterations
default   [  25% ] 01364/05781 VUs  03.8s/15s  5781.00 iters/s

running (04.8s), 01280/05781 VUs, 26597 complete and 0 interrupted iterations
default   [  32% ] 01280/05781 VUs  04.8s/15s  5781.00 iters/s

running (05.8s), 01176/05781 VUs, 32487 complete and 0 interrupted iterations
default   [  39% ] 01177/05781 VUs  05.8s/15s  5781.00 iters/s

running (06.8s), 01067/05781 VUs, 38372 complete and 0 interrupted iterations
default   [  45% ] 01067/05781 VUs  06.8s/15s  5781.00 iters/s

running (07.8s), 00909/05781 VUs, 44312 complete and 0 interrupted iterations
default   [  52% ] 00909/05781 VUs  07.8s/15s  5781.00 iters/s

running (08.8s), 00777/05781 VUs, 50225 complete and 0 interrupted iterations
default   [  59% ] 00777/05781 VUs  08.8s/15s  5781.00 iters/s

running (09.8s), 00539/05781 VUs, 56244 complete and 0 interrupted iterations
default   [  65% ] 00540/05781 VUs  09.8s/15s  5781.00 iters/s

running (10.8s), 01162/05781 VUs, 61404 complete and 0 interrupted iterations
default   [  72% ] 01162/05781 VUs  10.8s/15s  5781.00 iters/s

running (11.8s), 01310/05781 VUs, 67035 complete and 0 interrupted iterations
default   [  79% ] 01310/05781 VUs  11.8s/15s  5781.00 iters/s

running (12.8s), 01316/05781 VUs, 72807 complete and 0 interrupted iterations
default   [  85% ] 01316/05781 VUs  12.8s/15s  5781.00 iters/s

running (13.8s), 01206/05781 VUs, 78701 complete and 0 interrupted iterations
default   [  92% ] 01206/05781 VUs  13.8s/15s  5781.00 iters/s

running (14.8s), 00979/05781 VUs, 84711 complete and 0 interrupted iterations
default   [  99% ] 00979/05781 VUs  14.8s/15s  5781.00 iters/s


  █ TOTAL RESULTS 

    HTTP
    http_req_duration..............: avg=186.71ms min=36.98ms med=197.76ms max=262.55ms p(90)=230.54ms p(95)=235.04ms
      { expected_response:true }...: avg=186.71ms min=36.98ms med=197.76ms max=262.55ms p(90)=230.54ms p(95)=235.04ms
    http_req_failed................: 0.00%  0 out of 85796
    http_reqs......................: 85796  5714.446624/s

    EXECUTION
    iteration_duration.............: avg=186.8ms  min=38.98ms med=197.83ms max=262.64ms p(90)=230.6ms  p(95)=235.11ms
    iterations.....................: 85796  5714.446624/s
    vus............................: 977    min=539        max=1365
    vus_max........................: 5781   min=5781       max=5781

    NETWORK
    data_received..................: 18 MB  1.2 MB/s
    data_sent......................: 8.7 MB 578 kB/s




running (15.0s), 00000/05781 VUs, 85767 complete and 948 interrupted iterations
default ✓ [ 100% ] 00948/05781 VUs  15s  5781.00 iters/s
