
         /\      Grafana   /‾‾/  
    /\  /  \     |\  __   /  /   
   /  \/    \    | |/ /  /   ‾‾\ 
  /          \   |   (  |  (‾)  |
 / __________ \  |_|\_\  \_____/ 

     execution: local
        script: workflow/spin/k6_open_client.js
        output: -

     scenarios: (100.00%) 1 scenario, 10000 max VUs, 15s max duration (incl. graceful stop):
              * default: 4050.00 iterations/s for 15s (maxVUs: 4050-10000)


running (00.9s), 00428/04050 VUs, 3078 complete and 0 interrupted iterations
default   [   6% ] 00428/04050 VUs  00.9s/15s  4050.00 iters/s

running (01.9s), 00312/04050 VUs, 7245 complete and 0 interrupted iterations
default   [  12% ] 00312/04050 VUs  01.9s/15s  4050.00 iters/s

running (02.9s), 00234/04050 VUs, 11372 complete and 0 interrupted iterations
default   [  19% ] 00234/04050 VUs  02.9s/15s  4050.00 iters/s

running (03.9s), 00320/04050 VUs, 15336 complete and 0 interrupted iterations
default   [  26% ] 00319/04050 VUs  03.9s/15s  4050.00 iters/s

running (04.9s), 00264/04050 VUs, 19439 complete and 0 interrupted iterations
default   [  32% ] 00264/04050 VUs  04.9s/15s  4050.00 iters/s

running (05.9s), 00250/04050 VUs, 23507 complete and 0 interrupted iterations
default   [  39% ] 00250/04050 VUs  05.9s/15s  4050.00 iters/s

running (06.9s), 00265/04050 VUs, 27541 complete and 0 interrupted iterations
default   [  46% ] 00265/04050 VUs  06.9s/15s  4050.00 iters/s

running (07.9s), 00248/04050 VUs, 31608 complete and 0 interrupted iterations
default   [  52% ] 00248/04050 VUs  07.9s/15s  4050.00 iters/s

running (08.9s), 00289/04050 VUs, 35618 complete and 0 interrupted iterations
default   [  59% ] 00289/04050 VUs  08.9s/15s  4050.00 iters/s

running (09.9s), 00244/04050 VUs, 39712 complete and 0 interrupted iterations
default   [  66% ] 00244/04050 VUs  09.9s/15s  4050.00 iters/s

running (10.9s), 00319/04050 VUs, 43687 complete and 0 interrupted iterations
default   [  72% ] 00319/04050 VUs  10.9s/15s  4050.00 iters/s

running (11.9s), 00234/04050 VUs, 47821 complete and 0 interrupted iterations
default   [  79% ] 00234/04050 VUs  11.9s/15s  4050.00 iters/s

running (12.9s), 00278/04050 VUs, 51825 complete and 0 interrupted iterations
default   [  86% ] 00278/04050 VUs  12.9s/15s  4050.00 iters/s

running (13.9s), 00234/04050 VUs, 55918 complete and 0 interrupted iterations
default   [  92% ] 00234/04050 VUs  13.9s/15s  4050.00 iters/s

running (14.9s), 00254/04050 VUs, 59952 complete and 0 interrupted iterations
default   [  99% ] 00254/04050 VUs  14.9s/15s  4050.00 iters/s


  █ TOTAL RESULTS 

    HTTP
    http_req_duration..............: avg=69.62ms min=42.04ms med=67.16ms max=138.65ms p(90)=82.33ms p(95)=98.1ms 
      { expected_response:true }...: avg=69.62ms min=42.04ms med=67.16ms max=138.65ms p(90)=82.33ms p(95)=98.1ms 
    http_req_failed................: 0.00% 0 out of 60523
    http_reqs......................: 60523 4032.893127/s

    EXECUTION
    iteration_duration.............: avg=69.72ms min=42.18ms med=67.25ms max=138.86ms p(90)=82.42ms p(95)=98.33ms
    iterations.....................: 60523 4032.893127/s
    vus............................: 254   min=234        max=428 
    vus_max........................: 4050  min=4050       max=4050

    NETWORK
    data_received..................: 12 MB 819 kB/s
    data_sent......................: 12 MB 777 kB/s




running (15.0s), 00000/04050 VUs, 60523 complete and 227 interrupted iterations
default ✓ [ 100% ] 00227/04050 VUs  15s  4050.00 iters/s
