
         /\      Grafana   /‾‾/  
    /\  /  \     |\  __   /  /   
   /  \/    \    | |/ /  /   ‾‾\ 
  /          \   |   (  |  (‾)  |
 / __________ \  |_|\_\  \_____/ 

     execution: local
        script: workflow/spin/k6_open_client.js
        output: -

     scenarios: (100.00%) 1 scenario, 10000 max VUs, 15s max duration (incl. graceful stop):
              * default: 3960.00 iterations/s for 15s (maxVUs: 3960-10000)


running (00.9s), 00254/03960 VUs, 3176 complete and 0 interrupted iterations
default   [   6% ] 00254/03960 VUs  00.9s/15s  3960.00 iters/s

running (01.9s), 00251/03960 VUs, 7138 complete and 0 interrupted iterations
default   [  12% ] 00251/03960 VUs  01.9s/15s  3960.00 iters/s

running (02.9s), 00244/03960 VUs, 11103 complete and 0 interrupted iterations
default   [  19% ] 00244/03960 VUs  02.9s/15s  3960.00 iters/s

running (03.9s), 00251/03960 VUs, 15060 complete and 0 interrupted iterations
default   [  26% ] 00251/03960 VUs  03.9s/15s  3960.00 iters/s

running (04.9s), 00262/03960 VUs, 19008 complete and 0 interrupted iterations
default   [  32% ] 00262/03960 VUs  04.9s/15s  3960.00 iters/s

running (05.9s), 00228/03960 VUs, 23002 complete and 0 interrupted iterations
default   [  39% ] 00228/03960 VUs  05.9s/15s  3960.00 iters/s

running (06.9s), 00241/03960 VUs, 26948 complete and 0 interrupted iterations
default   [  46% ] 00240/03960 VUs  06.9s/15s  3960.00 iters/s

running (07.9s), 00240/03960 VUs, 30910 complete and 0 interrupted iterations
default   [  52% ] 00241/03960 VUs  07.9s/15s  3960.00 iters/s

running (08.9s), 00235/03960 VUs, 34874 complete and 0 interrupted iterations
default   [  59% ] 00236/03960 VUs  08.9s/15s  3960.00 iters/s

running (09.9s), 00236/03960 VUs, 38835 complete and 0 interrupted iterations
default   [  66% ] 00237/03960 VUs  09.9s/15s  3960.00 iters/s

running (10.9s), 00254/03960 VUs, 42779 complete and 0 interrupted iterations
default   [  72% ] 00254/03960 VUs  10.9s/15s  3960.00 iters/s

running (11.9s), 00257/03960 VUs, 46729 complete and 0 interrupted iterations
default   [  79% ] 00257/03960 VUs  11.9s/15s  3960.00 iters/s

running (12.9s), 00286/03960 VUs, 50664 complete and 0 interrupted iterations
default   [  86% ] 00286/03960 VUs  12.9s/15s  3960.00 iters/s

running (13.9s), 00202/03960 VUs, 54708 complete and 0 interrupted iterations
default   [  92% ] 00203/03960 VUs  13.9s/15s  3960.00 iters/s

running (14.9s), 00283/03960 VUs, 58587 complete and 0 interrupted iterations
default   [  99% ] 00283/03960 VUs  14.9s/15s  3960.00 iters/s


  █ TOTAL RESULTS 

    HTTP
    http_req_duration..............: avg=60.57ms min=40.67ms med=59.9ms  max=124.11ms p(90)=68.17ms p(95)=72ms   
      { expected_response:true }...: avg=60.57ms min=40.67ms med=59.9ms  max=124.11ms p(90)=68.17ms p(95)=72ms   
    http_req_failed................: 0.00% 0 out of 59196
    http_reqs......................: 59196 3944.712337/s

    EXECUTION
    iteration_duration.............: avg=60.67ms min=40.75ms med=59.99ms max=124.39ms p(90)=68.27ms p(95)=72.13ms
    iterations.....................: 59196 3944.712337/s
    vus............................: 283   min=201        max=286 
    vus_max........................: 3960  min=3960       max=3960

    NETWORK
    data_received..................: 12 MB 801 kB/s
    data_sent......................: 11 MB 760 kB/s




running (15.0s), 00000/03960 VUs, 59196 complete and 205 interrupted iterations
default ✓ [ 100% ] 00205/03960 VUs  15s  3960.00 iters/s
