
         /\      Grafana   /‾‾/  
    /\  /  \     |\  __   /  /   
   /  \/    \    | |/ /  /   ‾‾\ 
  /          \   |   (  |  (‾)  |
 / __________ \  |_|\_\  \_____/ 

     execution: local
        script: workflow/spin/k6_open_client.js
        output: -

     scenarios: (100.00%) 1 scenario, 10000 max VUs, 15s max duration (incl. graceful stop):
              * default: 4143.00 iterations/s for 15s (maxVUs: 4143-10000)


running (00.9s), 00040/04143 VUs, 3517 complete and 0 interrupted iterations
default   [   6% ] 00040/04143 VUs  00.9s/15s  4143.00 iters/s

running (01.9s), 00027/04143 VUs, 7673 complete and 0 interrupted iterations
default   [  12% ] 00027/04143 VUs  01.9s/15s  4143.00 iters/s

running (02.9s), 00036/04143 VUs, 11809 complete and 0 interrupted iterations
default   [  19% ] 00038/04143 VUs  02.9s/15s  4143.00 iters/s

running (03.9s), 00036/04143 VUs, 15950 complete and 0 interrupted iterations
default   [  26% ] 00036/04143 VUs  03.9s/15s  4143.00 iters/s

running (04.9s), 00020/04143 VUs, 20108 complete and 0 interrupted iterations
default   [  32% ] 00020/04143 VUs  04.9s/15s  4143.00 iters/s

running (05.9s), 00025/04143 VUs, 24247 complete and 0 interrupted iterations
default   [  39% ] 00025/04143 VUs  05.9s/15s  4143.00 iters/s

running (06.9s), 00046/04143 VUs, 28371 complete and 0 interrupted iterations
default   [  46% ] 00047/04143 VUs  06.9s/15s  4143.00 iters/s

running (07.9s), 00029/04143 VUs, 32527 complete and 0 interrupted iterations
default   [  52% ] 00029/04143 VUs  07.9s/15s  4143.00 iters/s

running (08.9s), 00036/04143 VUs, 36665 complete and 0 interrupted iterations
default   [  59% ] 00036/04143 VUs  08.9s/15s  4143.00 iters/s

running (09.9s), 00066/04143 VUs, 40779 complete and 0 interrupted iterations
default   [  66% ] 00066/04143 VUs  09.9s/15s  4143.00 iters/s

running (10.9s), 00023/04143 VUs, 44965 complete and 0 interrupted iterations
default   [  72% ] 00023/04143 VUs  10.9s/15s  4143.00 iters/s

running (11.9s), 00017/04143 VUs, 49113 complete and 0 interrupted iterations
default   [  79% ] 00017/04143 VUs  11.9s/15s  4143.00 iters/s

running (12.9s), 00048/04143 VUs, 53226 complete and 0 interrupted iterations
default   [  86% ] 00048/04143 VUs  12.9s/15s  4143.00 iters/s

running (13.9s), 00033/04143 VUs, 57386 complete and 0 interrupted iterations
default   [  92% ] 00033/04143 VUs  13.9s/15s  4143.00 iters/s

running (14.9s), 00019/04143 VUs, 61543 complete and 0 interrupted iterations
default   [  99% ] 00019/04143 VUs  14.9s/15s  4143.00 iters/s


  █ TOTAL RESULTS 

    HTTP
    http_req_duration..............: avg=8.15ms min=3.6ms  med=6.21ms max=102.34ms p(90)=11.36ms p(95)=17.83ms
      { expected_response:true }...: avg=8.15ms min=3.6ms  med=6.21ms max=102.34ms p(90)=11.36ms p(95)=17.83ms
    http_req_failed................: 0.00% 0 out of 62109
    http_reqs......................: 62109 4138.912701/s

    EXECUTION
    iteration_duration.............: avg=8.32ms min=3.67ms med=6.3ms  max=102.57ms p(90)=11.97ms p(95)=18.76ms
    iterations.....................: 62109 4138.912701/s
    vus............................: 20    min=17         max=66  
    vus_max........................: 4143  min=4143       max=4143

    NETWORK
    data_received..................: 13 MB 840 kB/s
    data_sent......................: 12 MB 795 kB/s




running (15.0s), 00000/04143 VUs, 62106 complete and 40 interrupted iterations
default ✓ [ 100% ] 00040/04143 VUs  15s  4143.00 iters/s
