
         /\      Grafana   /‾‾/  
    /\  /  \     |\  __   /  /   
   /  \/    \    | |/ /  /   ‾‾\ 
  /          \   |   (  |  (‾)  |
 / __________ \  |_|\_\  \_____/ 

     execution: local
        script: workflow/hotel/k6_open_hotels_client.js
        output: -

     scenarios: (100.00%) 1 scenario, 10000 max VUs, 15s max duration (incl. graceful stop):
              * default: 3409.00 iterations/s for 15s (maxVUs: 3409-10000)


running (00.9s), 00187/03409 VUs, 2806 complete and 0 interrupted iterations
default   [   6% ] 00187/03409 VUs  00.9s/15s  3409.00 iters/s

running (01.9s), 00189/03409 VUs, 6214 complete and 0 interrupted iterations
default   [  13% ] 00189/03409 VUs  01.9s/15s  3409.00 iters/s

running (02.9s), 00211/03409 VUs, 9601 complete and 0 interrupted iterations
default   [  19% ] 00211/03409 VUs  02.9s/15s  3409.00 iters/s

running (03.9s), 00199/03409 VUs, 13022 complete and 0 interrupted iterations
default   [  26% ] 00199/03409 VUs  03.9s/15s  3409.00 iters/s

running (04.9s), 00215/03409 VUs, 16414 complete and 0 interrupted iterations
default   [  33% ] 00215/03409 VUs  04.9s/15s  3409.00 iters/s

running (05.9s), 00212/03409 VUs, 19826 complete and 0 interrupted iterations
default   [  39% ] 00212/03409 VUs  05.9s/15s  3409.00 iters/s

running (06.9s), 00199/03409 VUs, 23248 complete and 0 interrupted iterations
default   [  46% ] 00199/03409 VUs  06.9s/15s  3409.00 iters/s

running (07.9s), 00206/03409 VUs, 26651 complete and 0 interrupted iterations
default   [  53% ] 00205/03409 VUs  07.9s/15s  3409.00 iters/s

running (08.9s), 00223/03409 VUs, 30043 complete and 0 interrupted iterations
default   [  59% ] 00223/03409 VUs  08.9s/15s  3409.00 iters/s

running (09.9s), 00179/03409 VUs, 33496 complete and 0 interrupted iterations
default   [  66% ] 00179/03409 VUs  09.9s/15s  3409.00 iters/s

running (10.9s), 00175/03409 VUs, 36909 complete and 0 interrupted iterations
default   [  73% ] 00175/03409 VUs  10.9s/15s  3409.00 iters/s

running (11.9s), 00203/03409 VUs, 40290 complete and 0 interrupted iterations
default   [  79% ] 00203/03409 VUs  11.9s/15s  3409.00 iters/s

running (12.9s), 00267/03409 VUs, 43634 complete and 0 interrupted iterations
default   [  86% ] 00268/03409 VUs  12.9s/15s  3409.00 iters/s

running (13.9s), 00213/03409 VUs, 47098 complete and 0 interrupted iterations
default   [  93% ] 00213/03409 VUs  13.9s/15s  3409.00 iters/s

running (14.9s), 00188/03409 VUs, 50532 complete and 0 interrupted iterations
default   [  99% ] 00188/03409 VUs  14.9s/15s  3409.00 iters/s


  █ TOTAL RESULTS 

    HTTP
    http_req_duration..............: avg=61.9ms  min=41.29ms med=61.15ms max=107.54ms p(90)=72ms    p(95)=76.53ms
      { expected_response:true }...: avg=61.9ms  min=41.29ms med=61.15ms max=107.54ms p(90)=72ms    p(95)=76.53ms
    http_req_failed................: 0.00% 0 out of 50952
    http_reqs......................: 50952 3395.647358/s

    EXECUTION
    iteration_duration.............: avg=62.04ms min=41.4ms  med=61.28ms max=107.94ms p(90)=72.16ms p(95)=76.67ms
    iterations.....................: 50952 3395.647358/s
    vus............................: 188   min=175        max=268 
    vus_max........................: 3409  min=3409       max=3409

    NETWORK
    data_received..................: 15 MB 973 kB/s
    data_sent......................: 17 MB 1.1 MB/s




running (15.0s), 00000/03409 VUs, 50951 complete and 184 interrupted iterations
default ✓ [ 100% ] 00184/03409 VUs  15s  3409.00 iters/s
