
         /\      Grafana   /‾‾/  
    /\  /  \     |\  __   /  /   
   /  \/    \    | |/ /  /   ‾‾\ 
  /          \   |   (  |  (‾)  |
 / __________ \  |_|\_\  \_____/ 

     execution: local
        script: workflow/spin/k6_open_client.js
        output: -

     scenarios: (100.00%) 1 scenario, 10000 max VUs, 15s max duration (incl. graceful stop):
              * default: 2156.00 iterations/s for 15s (maxVUs: 2156-10000)


running (00.9s), 00167/02156 VUs, 1824 complete and 0 interrupted iterations
default   [   6% ] 00167/02156 VUs  00.9s/15s  2156.00 iters/s

running (01.9s), 00107/02156 VUs, 4039 complete and 0 interrupted iterations
default   [  13% ] 00107/02156 VUs  01.9s/15s  2156.00 iters/s

running (02.9s), 00167/02156 VUs, 6137 complete and 0 interrupted iterations
default   [  19% ] 00167/02156 VUs  02.9s/15s  2156.00 iters/s

running (03.9s), 00104/02156 VUs, 8355 complete and 0 interrupted iterations
default   [  26% ] 00104/02156 VUs  03.9s/15s  2156.00 iters/s

running (04.9s), 00172/02156 VUs, 10444 complete and 0 interrupted iterations
default   [  33% ] 00172/02156 VUs  04.9s/15s  2156.00 iters/s

running (05.9s), 00113/02156 VUs, 12658 complete and 0 interrupted iterations
default   [  39% ] 00113/02156 VUs  05.9s/15s  2156.00 iters/s

running (06.9s), 00179/02156 VUs, 14746 complete and 0 interrupted iterations
default   [  46% ] 00179/02156 VUs  06.9s/15s  2156.00 iters/s

running (07.9s), 00183/02156 VUs, 16900 complete and 0 interrupted iterations
default   [  53% ] 00182/02156 VUs  07.9s/15s  2156.00 iters/s

running (08.9s), 00122/02156 VUs, 19117 complete and 0 interrupted iterations
default   [  59% ] 00123/02156 VUs  08.9s/15s  2156.00 iters/s

running (09.9s), 00142/02156 VUs, 21253 complete and 0 interrupted iterations
default   [  66% ] 00142/02156 VUs  09.9s/15s  2156.00 iters/s

running (10.9s), 00131/02156 VUs, 23422 complete and 0 interrupted iterations
default   [  73% ] 00131/02156 VUs  10.9s/15s  2156.00 iters/s

running (11.9s), 00101/02156 VUs, 25606 complete and 0 interrupted iterations
default   [  79% ] 00100/02156 VUs  11.9s/15s  2156.00 iters/s

running (12.9s), 00126/02156 VUs, 27736 complete and 0 interrupted iterations
default   [  86% ] 00126/02156 VUs  12.9s/15s  2156.00 iters/s

running (13.9s), 00177/02156 VUs, 29843 complete and 0 interrupted iterations
default   [  93% ] 00177/02156 VUs  13.9s/15s  2156.00 iters/s

running (14.9s), 00133/02156 VUs, 32044 complete and 0 interrupted iterations
default   [  99% ] 00133/02156 VUs  14.9s/15s  2156.00 iters/s


  █ TOTAL RESULTS 

    HTTP
    http_req_duration..............: avg=68.09ms min=35.2ms  med=64.06ms max=327.02ms p(90)=81.84ms p(95)=86.65ms
      { expected_response:true }...: avg=68.09ms min=35.2ms  med=64.06ms max=327.02ms p(90)=81.84ms p(95)=86.65ms
    http_req_failed................: 0.00%  0 out of 32161
    http_reqs......................: 32161  2143.489018/s

    EXECUTION
    iteration_duration.............: avg=68.18ms min=35.26ms med=64.14ms max=327.78ms p(90)=81.91ms p(95)=86.73ms
    iterations.....................: 32161  2143.489018/s
    vus............................: 131    min=100        max=183 
    vus_max........................: 2156   min=2156       max=2156

    NETWORK
    data_received..................: 6.5 MB 435 kB/s
    data_sent......................: 6.2 MB 414 kB/s




running (15.0s), 00000/02156 VUs, 32161 complete and 178 interrupted iterations
default ✓ [ 100% ] 00178/02156 VUs  15s  2156.00 iters/s
