
         /\      Grafana   /‾‾/  
    /\  /  \     |\  __   /  /   
   /  \/    \    | |/ /  /   ‾‾\ 
  /          \   |   (  |  (‾)  |
 / __________ \  |_|\_\  \_____/ 

     execution: local
        script: workflow/media/k6_open_review_compose.js
        output: -

     scenarios: (100.00%) 1 scenario, 10000 max VUs, 10s max duration (incl. graceful stop):
              * default: 165.00 iterations/s for 10s (maxVUs: 165-10000)


running (01.0s), 00088/00165 VUs, 75 complete and 0 interrupted iterations
default   [  10% ] 00088/00165 VUs  01.0s/10s  165.00 iters/s

running (02.0s), 00088/00165 VUs, 240 complete and 0 interrupted iterations
default   [  20% ] 00088/00165 VUs  02.0s/10s  165.00 iters/s

running (03.0s), 00088/00165 VUs, 405 complete and 0 interrupted iterations
default   [  30% ] 00088/00165 VUs  03.0s/10s  165.00 iters/s

running (04.0s), 00088/00165 VUs, 570 complete and 0 interrupted iterations
default   [  40% ] 00088/00165 VUs  04.0s/10s  165.00 iters/s

running (05.0s), 00087/00165 VUs, 736 complete and 0 interrupted iterations
default   [  50% ] 00087/00165 VUs  05.0s/10s  165.00 iters/s

running (06.0s), 00087/00165 VUs, 901 complete and 0 interrupted iterations
default   [  60% ] 00087/00165 VUs  06.0s/10s  165.00 iters/s

running (07.0s), 00088/00165 VUs, 1065 complete and 0 interrupted iterations
default   [  70% ] 00088/00165 VUs  07.0s/10s  165.00 iters/s

running (08.0s), 00087/00165 VUs, 1231 complete and 0 interrupted iterations
default   [  80% ] 00087/00165 VUs  08.0s/10s  165.00 iters/s

running (09.0s), 00087/00165 VUs, 1396 complete and 0 interrupted iterations
default   [  90% ] 00087/00165 VUs  09.0s/10s  165.00 iters/s

running (10.0s), 00088/00165 VUs, 1560 complete and 0 interrupted iterations
default   [ 100% ] 00087/00165 VUs  10.0s/10s  165.00 iters/s


  █ TOTAL RESULTS 

    HTTP
    http_req_duration..............: avg=4.02ms min=2.95ms med=3.88ms max=11.39ms p(90)=4.49ms p(95)=5.14ms
      { expected_response:true }...: avg=4.02ms min=2.95ms med=3.88ms max=11.39ms p(90)=4.49ms p(95)=5.14ms
    http_req_failed................: 0.00%  0 out of 1563
    http_reqs......................: 1563   156.268939/s

    EXECUTION
    iteration_duration.............: avg=4.15ms min=3.05ms med=3.99ms max=11.54ms p(90)=4.66ms p(95)=5.26ms
    iterations.....................: 1563   156.268939/s
    vus............................: 87     min=87        max=88 
    vus_max........................: 165    min=165       max=165

    NETWORK
    data_received..................: 358 kB 36 kB/s
    data_sent......................: 870 kB 87 kB/s




running (10.0s), 00000/00165 VUs, 1563 complete and 88 interrupted iterations
default ✓ [ 100% ] 00088/00165 VUs  10s  165.00 iters/s
