
         /\      Grafana   /‾‾/  
    /\  /  \     |\  __   /  /   
   /  \/    \    | |/ /  /   ‾‾\ 
  /          \   |   (  |  (‾)  |
 / __________ \  |_|\_\  \_____/ 

     execution: local
        script: workflow/response/k6_open_client.js
        output: -

     scenarios: (100.00%) 1 scenario, 100000 max VUs, 15s max duration (incl. graceful stop):
              * default: 5859.00 iterations/s for 15s (maxVUs: 5859-100000)


running (00.8s), 001223/005859 VUs, 2803 complete and 0 interrupted iterations
default   [   5% ] 001223/005859 VUs  00.8s/15s  5859.00 iters/s

running (01.8s), 002603/005859 VUs, 8002 complete and 0 interrupted iterations
default   [  12% ] 002603/005859 VUs  01.8s/15s  5859.00 iters/s

running (02.8s), 002584/005859 VUs, 13878 complete and 0 interrupted iterations
default   [  19% ] 002584/005859 VUs  02.8s/15s  5859.00 iters/s

running (03.8s), 002671/005859 VUs, 19650 complete and 0 interrupted iterations
default   [  25% ] 002671/005859 VUs  03.8s/15s  5859.00 iters/s

running (04.8s), 002519/005859 VUs, 25666 complete and 0 interrupted iterations
default   [  32% ] 002519/005859 VUs  04.8s/15s  5859.00 iters/s

running (05.8s), 002489/005859 VUs, 31551 complete and 0 interrupted iterations
default   [  39% ] 002489/005859 VUs  05.8s/15s  5859.00 iters/s

running (06.8s), 002642/005859 VUs, 37258 complete and 0 interrupted iterations
default   [  45% ] 002642/005859 VUs  06.8s/15s  5859.00 iters/s

running (07.8s), 002677/005859 VUs, 43080 complete and 0 interrupted iterations
default   [  52% ] 002678/005859 VUs  07.8s/15s  5859.00 iters/s

running (08.8s), 002523/005859 VUs, 49094 complete and 0 interrupted iterations
default   [  59% ] 002523/005859 VUs  08.8s/15s  5859.00 iters/s

running (09.8s), 002381/005859 VUs, 55099 complete and 0 interrupted iterations
default   [  65% ] 002381/005859 VUs  09.8s/15s  5859.00 iters/s

running (10.8s), 002218/005859 VUs, 61115 complete and 0 interrupted iterations
default   [  72% ] 002218/005859 VUs  10.8s/15s  5859.00 iters/s

running (11.8s), 001929/005859 VUs, 67259 complete and 0 interrupted iterations
default   [  79% ] 001929/005859 VUs  11.8s/15s  5859.00 iters/s

running (12.8s), 001585/005859 VUs, 73467 complete and 0 interrupted iterations
default   [  85% ] 001585/005859 VUs  12.8s/15s  5859.00 iters/s

running (13.8s), 001352/005859 VUs, 79559 complete and 0 interrupted iterations
default   [  92% ] 001352/005859 VUs  13.8s/15s  5859.00 iters/s

running (14.8s), 000975/005859 VUs, 85795 complete and 0 interrupted iterations
default   [  99% ] 000975/005859 VUs  14.8s/15s  5859.00 iters/s


  █ TOTAL RESULTS 

    HTTP
    http_req_duration..............: avg=365.55ms min=43.93ms med=416.17ms max=839.84ms p(90)=450.73ms p(95)=457.82ms
      { expected_response:true }...: avg=365.55ms min=43.93ms med=416.17ms max=839.84ms p(90)=450.73ms p(95)=457.82ms
    http_req_failed................: 0.00% 0 out of 86876
    http_reqs......................: 86876 5786.098528/s

    EXECUTION
    iteration_duration.............: avg=369.11ms min=49.47ms med=417.19ms max=1.01s    p(90)=451.11ms p(95)=458.59ms
    iterations.....................: 86876 5786.098528/s
    vus............................: 974   min=974        max=2677
    vus_max........................: 5859  min=5859       max=5859

    NETWORK
    data_received..................: 18 MB 1.2 MB/s
    data_sent......................: 17 MB 1.1 MB/s




running (15.0s), 000000/005859 VUs, 86856 complete and 1030 interrupted iterations
default ✓ [ 100% ] 001030/005859 VUs  15s  5859.00 iters/s
