
         /\      Grafana   /‾‾/  
    /\  /  \     |\  __   /  /   
   /  \/    \    | |/ /  /   ‾‾\ 
  /          \   |   (  |  (‾)  |
 / __________ \  |_|\_\  \_____/ 

     execution: local
        script: workflow/spin/k6_open_client.js
        output: -

     scenarios: (100.00%) 1 scenario, 10000 max VUs, 15s max duration (incl. graceful stop):
              * default: 2831.00 iterations/s for 15s (maxVUs: 2831-10000)


running (00.9s), 00176/02831 VUs, 2402 complete and 0 interrupted iterations
default   [   6% ] 00176/02831 VUs  00.9s/15s  2831.00 iters/s

running (01.9s), 00266/02831 VUs, 5144 complete and 0 interrupted iterations
default   [  13% ] 00266/02831 VUs  01.9s/15s  2831.00 iters/s

running (02.9s), 00342/02831 VUs, 7899 complete and 0 interrupted iterations
default   [  19% ] 00342/02831 VUs  02.9s/15s  2831.00 iters/s

running (03.9s), 00347/02831 VUs, 10724 complete and 0 interrupted iterations
default   [  26% ] 00348/02831 VUs  03.9s/15s  2831.00 iters/s

running (04.9s), 00436/02831 VUs, 13466 complete and 0 interrupted iterations
default   [  33% ] 00435/02831 VUs  04.9s/15s  2831.00 iters/s

running (05.9s), 00528/02831 VUs, 16206 complete and 0 interrupted iterations
default   [  39% ] 00528/02831 VUs  05.9s/15s  2831.00 iters/s

running (06.9s), 00659/02831 VUs, 18906 complete and 0 interrupted iterations
default   [  46% ] 00659/02831 VUs  06.9s/15s  2831.00 iters/s

running (07.9s), 00715/02831 VUs, 21680 complete and 0 interrupted iterations
default   [  53% ] 00715/02831 VUs  07.9s/15s  2831.00 iters/s

running (08.9s), 00784/02831 VUs, 24442 complete and 0 interrupted iterations
default   [  59% ] 00784/02831 VUs  08.9s/15s  2831.00 iters/s

running (09.9s), 00815/02831 VUs, 27244 complete and 0 interrupted iterations
default   [  66% ] 00815/02831 VUs  09.9s/15s  2831.00 iters/s

running (10.9s), 00848/02831 VUs, 30040 complete and 0 interrupted iterations
default   [  73% ] 00848/02831 VUs  10.9s/15s  2831.00 iters/s

running (11.9s), 00895/02831 VUs, 32826 complete and 0 interrupted iterations
default   [  79% ] 00895/02831 VUs  11.9s/15s  2831.00 iters/s

running (12.9s), 00971/02831 VUs, 35579 complete and 0 interrupted iterations
default   [  86% ] 00971/02831 VUs  12.9s/15s  2831.00 iters/s

running (13.9s), 01038/02831 VUs, 38344 complete and 0 interrupted iterations
default   [  93% ] 01038/02831 VUs  13.9s/15s  2831.00 iters/s

running (14.9s), 01046/02831 VUs, 41166 complete and 0 interrupted iterations
default   [  99% ] 01046/02831 VUs  14.9s/15s  2831.00 iters/s


  █ TOTAL RESULTS 

    HTTP
    http_req_duration..............: avg=223.71ms min=36.12ms med=246.82ms max=379.35ms p(90)=342.08ms p(95)=365.36ms
      { expected_response:true }...: avg=223.71ms min=36.12ms med=246.82ms max=379.35ms p(90)=342.08ms p(95)=365.36ms
    http_req_failed................: 0.00%  0 out of 41435
    http_reqs......................: 41435  2760.407242/s

    EXECUTION
    iteration_duration.............: avg=223.81ms min=36.76ms med=246.91ms max=379.41ms p(90)=342.17ms p(95)=365.44ms
    iterations.....................: 41435  2760.407242/s
    vus............................: 1047   min=176        max=1047
    vus_max........................: 2831   min=2831       max=2831

    NETWORK
    data_received..................: 8.4 MB 560 kB/s
    data_sent......................: 8.1 MB 543 kB/s




running (15.0s), 00000/02831 VUs, 41432 complete and 1033 interrupted iterations
default ✓ [ 100% ] 01033/02831 VUs  15s  2831.00 iters/s
