
         /\      Grafana   /‾‾/  
    /\  /  \     |\  __   /  /   
   /  \/    \    | |/ /  /   ‾‾\ 
  /          \   |   (  |  (‾)  |
 / __________ \  |_|\_\  \_____/ 

     execution: local
        script: workflow/spin/k6_open_client.js
        output: -

     scenarios: (100.00%) 1 scenario, 10000 max VUs, 15s max duration (incl. graceful stop):
              * default: 2464.00 iterations/s for 15s (maxVUs: 2464-10000)


running (00.9s), 00451/02464 VUs, 1792 complete and 0 interrupted iterations
default   [   6% ] 00452/02464 VUs  00.9s/15s  2464.00 iters/s

running (01.9s), 00377/02464 VUs, 4331 complete and 0 interrupted iterations
default   [  13% ] 00378/02464 VUs  01.9s/15s  2464.00 iters/s

running (02.9s), 00486/02464 VUs, 6686 complete and 0 interrupted iterations
default   [  19% ] 00486/02464 VUs  02.9s/15s  2464.00 iters/s

running (03.9s), 00440/02464 VUs, 9195 complete and 0 interrupted iterations
default   [  26% ] 00440/02464 VUs  03.9s/15s  2464.00 iters/s

running (04.9s), 00347/02464 VUs, 11755 complete and 0 interrupted iterations
default   [  33% ] 00347/02464 VUs  04.9s/15s  2464.00 iters/s

running (05.9s), 00438/02464 VUs, 14126 complete and 0 interrupted iterations
default   [  39% ] 00438/02464 VUs  05.9s/15s  2464.00 iters/s

running (06.9s), 00410/02464 VUs, 16618 complete and 0 interrupted iterations
default   [  46% ] 00410/02464 VUs  06.9s/15s  2464.00 iters/s

running (07.9s), 00434/02464 VUs, 19058 complete and 0 interrupted iterations
default   [  53% ] 00434/02464 VUs  07.9s/15s  2464.00 iters/s

running (08.9s), 00472/02464 VUs, 21482 complete and 0 interrupted iterations
default   [  59% ] 00472/02464 VUs  08.9s/15s  2464.00 iters/s

running (09.9s), 00376/02464 VUs, 24042 complete and 0 interrupted iterations
default   [  66% ] 00376/02464 VUs  09.9s/15s  2464.00 iters/s

running (10.9s), 00421/02464 VUs, 26463 complete and 0 interrupted iterations
default   [  73% ] 00421/02464 VUs  10.9s/15s  2464.00 iters/s

running (11.9s), 00460/02464 VUs, 28888 complete and 0 interrupted iterations
default   [  79% ] 00460/02464 VUs  11.9s/15s  2464.00 iters/s

running (12.9s), 00366/02464 VUs, 31448 complete and 0 interrupted iterations
default   [  86% ] 00366/02464 VUs  12.9s/15s  2464.00 iters/s

running (13.9s), 00390/02464 VUs, 33886 complete and 0 interrupted iterations
default   [  93% ] 00390/02464 VUs  13.9s/15s  2464.00 iters/s

running (14.9s), 00426/02464 VUs, 36312 complete and 0 interrupted iterations
default   [  99% ] 00426/02464 VUs  14.9s/15s  2464.00 iters/s


  █ TOTAL RESULTS 

    HTTP
    http_req_duration..............: avg=169.8ms  min=122.29ms med=169.57ms max=220.82ms p(90)=196.2ms  p(95)=200.29ms
      { expected_response:true }...: avg=169.8ms  min=122.29ms med=169.57ms max=220.82ms p(90)=196.2ms  p(95)=200.29ms
    http_req_failed................: 0.00%  0 out of 36568
    http_reqs......................: 36568  2436.853279/s

    EXECUTION
    iteration_duration.............: avg=169.89ms min=122.4ms  med=169.67ms max=220.92ms p(90)=196.28ms p(95)=200.4ms 
    iterations.....................: 36568  2436.853279/s
    vus............................: 426    min=347        max=486 
    vus_max........................: 2464   min=2464       max=2464

    NETWORK
    data_received..................: 7.4 MB 495 kB/s
    data_sent......................: 7.1 MB 473 kB/s




running (15.0s), 00000/02464 VUs, 36568 complete and 392 interrupted iterations
default ✓ [ 100% ] 00392/02464 VUs  15s  2464.00 iters/s
