
         /\      Grafana   /‾‾/  
    /\  /  \     |\  __   /  /   
   /  \/    \    | |/ /  /   ‾‾\ 
  /          \   |   (  |  (‾)  |
 / __________ \  |_|\_\  \_____/ 

     execution: local
        script: workflow/spin/k6_open_client.js
        output: -

     scenarios: (100.00%) 1 scenario, 10000 max VUs, 15s max duration (incl. graceful stop):
              * default: 682.00 iterations/s for 15s (maxVUs: 682-10000)


running (01.0s), 00035/00682 VUs, 626 complete and 0 interrupted iterations
default   [   6% ] 00035/00682 VUs  01.0s/15s  682.00 iters/s

running (02.0s), 00030/00682 VUs, 1313 complete and 0 interrupted iterations
default   [  13% ] 00030/00682 VUs  02.0s/15s  682.00 iters/s

running (03.0s), 00020/00682 VUs, 2005 complete and 0 interrupted iterations
default   [  20% ] 00020/00682 VUs  03.0s/15s  682.00 iters/s

running (04.0s), 00034/00682 VUs, 2674 complete and 0 interrupted iterations
default   [  26% ] 00034/00682 VUs  04.0s/15s  682.00 iters/s

running (05.0s), 00026/00682 VUs, 3364 complete and 0 interrupted iterations
default   [  33% ] 00026/00682 VUs  05.0s/15s  682.00 iters/s

running (06.0s), 00016/00682 VUs, 4056 complete and 0 interrupted iterations
default   [  40% ] 00016/00682 VUs  06.0s/15s  682.00 iters/s

running (07.0s), 00026/00682 VUs, 4727 complete and 0 interrupted iterations
default   [  46% ] 00026/00682 VUs  07.0s/15s  682.00 iters/s

running (08.0s), 00018/00682 VUs, 5417 complete and 0 interrupted iterations
default   [  53% ] 00018/00682 VUs  08.0s/15s  682.00 iters/s

running (09.0s), 00031/00682 VUs, 6087 complete and 0 interrupted iterations
default   [  60% ] 00031/00682 VUs  09.0s/15s  682.00 iters/s

running (10.0s), 00020/00682 VUs, 6780 complete and 0 interrupted iterations
default   [  66% ] 00020/00682 VUs  10.0s/15s  682.00 iters/s

running (11.0s), 00028/00682 VUs, 7454 complete and 0 interrupted iterations
default   [  73% ] 00028/00682 VUs  11.0s/15s  682.00 iters/s

running (12.0s), 00017/00682 VUs, 8146 complete and 0 interrupted iterations
default   [  80% ] 00017/00682 VUs  12.0s/15s  682.00 iters/s

running (13.0s), 00029/00682 VUs, 8816 complete and 0 interrupted iterations
default   [  86% ] 00029/00682 VUs  13.0s/15s  682.00 iters/s

running (14.0s), 00019/00682 VUs, 9509 complete and 0 interrupted iterations
default   [  93% ] 00019/00682 VUs  14.0s/15s  682.00 iters/s

running (15.0s), 00031/00682 VUs, 10178 complete and 0 interrupted iterations
default   [ 100% ] 00031/00682 VUs  15.0s/15s  682.00 iters/s


  █ TOTAL RESULTS 

    HTTP
    http_req_duration..............: avg=37.06ms min=20.42ms med=37.04ms max=55.54ms p(90)=48.78ms p(95)=50.24ms
      { expected_response:true }...: avg=37.06ms min=20.42ms med=37.04ms max=55.54ms p(90)=48.78ms p(95)=50.24ms
    http_req_failed................: 0.00%  0 out of 10199
    http_reqs......................: 10199  679.859145/s

    EXECUTION
    iteration_duration.............: avg=37.15ms min=20.49ms med=37.12ms max=56.03ms p(90)=48.86ms p(95)=50.32ms
    iterations.....................: 10199  679.859145/s
    vus............................: 31     min=16         max=35 
    vus_max........................: 682    min=682        max=682

    NETWORK
    data_received..................: 2.1 MB 137 kB/s
    data_sent......................: 2.0 MB 131 kB/s




running (15.0s), 00000/00682 VUs, 10199 complete and 32 interrupted iterations
default ✓ [ 100% ] 00032/00682 VUs  15s  682.00 iters/s
