
         /\      Grafana   /‾‾/  
    /\  /  \     |\  __   /  /   
   /  \/    \    | |/ /  /   ‾‾\ 
  /          \   |   (  |  (‾)  |
 / __________ \  |_|\_\  \_____/ 

     execution: local
        script: workflow/write/k6_open_client.js
        output: -

     scenarios: (100.00%) 1 scenario, 10000 max VUs, 15s max duration (incl. graceful stop):
              * default: 2226.00 iterations/s for 15s (maxVUs: 2226-10000)


running (00.9s), 00109/02226 VUs, 1941 complete and 0 interrupted iterations
default   [   6% ] 00109/02226 VUs  00.9s/15s  2226.00 iters/s

running (01.9s), 00125/02226 VUs, 4151 complete and 0 interrupted iterations
default   [  13% ] 00124/02226 VUs  01.9s/15s  2226.00 iters/s

running (02.9s), 00311/02226 VUs, 6193 complete and 0 interrupted iterations
default   [  19% ] 00311/02226 VUs  02.9s/15s  2226.00 iters/s

running (03.9s), 00082/02226 VUs, 8645 complete and 0 interrupted iterations
default   [  26% ] 00082/02226 VUs  03.9s/15s  2226.00 iters/s

running (04.9s), 00223/02226 VUs, 10733 complete and 0 interrupted iterations
default   [  33% ] 00223/02226 VUs  04.9s/15s  2226.00 iters/s

running (05.9s), 00422/02226 VUs, 12757 complete and 0 interrupted iterations
default   [  39% ] 00423/02226 VUs  05.9s/15s  2226.00 iters/s

running (06.9s), 00076/02226 VUs, 15330 complete and 0 interrupted iterations
default   [  46% ] 00076/02226 VUs  06.9s/15s  2226.00 iters/s

running (07.9s), 00134/02226 VUs, 17498 complete and 0 interrupted iterations
default   [  53% ] 00134/02226 VUs  07.9s/15s  2226.00 iters/s

running (08.9s), 00272/02226 VUs, 19584 complete and 0 interrupted iterations
default   [  59% ] 00272/02226 VUs  08.9s/15s  2226.00 iters/s

running (09.9s), 00368/02226 VUs, 21717 complete and 0 interrupted iterations
default   [  66% ] 00368/02226 VUs  09.9s/15s  2226.00 iters/s

running (10.9s), 00096/02226 VUs, 24212 complete and 0 interrupted iterations
default   [  73% ] 00096/02226 VUs  10.9s/15s  2226.00 iters/s

running (11.9s), 00103/02226 VUs, 26435 complete and 0 interrupted iterations
default   [  79% ] 00103/02226 VUs  11.9s/15s  2226.00 iters/s

running (12.9s), 00105/02226 VUs, 28657 complete and 0 interrupted iterations
default   [  86% ] 00105/02226 VUs  12.9s/15s  2226.00 iters/s

running (13.9s), 00305/02226 VUs, 30681 complete and 0 interrupted iterations
default   [  93% ] 00305/02226 VUs  13.9s/15s  2226.00 iters/s

running (14.9s), 00387/02226 VUs, 32827 complete and 0 interrupted iterations
default   [  99% ] 00387/02226 VUs  14.9s/15s  2226.00 iters/s


  █ TOTAL RESULTS 

    HTTP
    http_req_duration..............: avg=88.67ms min=27.22ms med=67.76ms max=213.1ms  p(90)=167.9ms  p(95)=183.27ms
      { expected_response:true }...: avg=88.67ms min=27.22ms med=67.76ms max=213.1ms  p(90)=167.9ms  p(95)=183.27ms
    http_req_failed................: 0.00%  0 out of 32995
    http_reqs......................: 32995  2198.734111/s

    EXECUTION
    iteration_duration.............: avg=88.74ms min=27.31ms med=67.85ms max=213.16ms p(90)=167.96ms p(95)=183.34ms
    iterations.....................: 32995  2198.734111/s
    vus............................: 386    min=75         max=423 
    vus_max........................: 2226   min=2226       max=2226

    NETWORK
    data_received..................: 6.7 MB 446 kB/s
    data_sent......................: 3.3 MB 223 kB/s




running (15.0s), 00000/02226 VUs, 32989 complete and 401 interrupted iterations
default ✓ [ 100% ] 00401/02226 VUs  15s  2226.00 iters/s
