
         /\      Grafana   /‾‾/  
    /\  /  \     |\  __   /  /   
   /  \/    \    | |/ /  /   ‾‾\ 
  /          \   |   (  |  (‾)  |
 / __________ \  |_|\_\  \_____/ 

     execution: local
        script: workflow/spin/k6_open_client.js
        output: -

     scenarios: (100.00%) 1 scenario, 10000 max VUs, 15s max duration (incl. graceful stop):
              * default: 3256.00 iterations/s for 15s (maxVUs: 3256-10000)


running (00.9s), 00236/03256 VUs, 2688 complete and 0 interrupted iterations
default   [   6% ] 00236/03256 VUs  00.9s/15s  3256.00 iters/s

running (01.9s), 00244/03256 VUs, 5932 complete and 0 interrupted iterations
default   [  13% ] 00244/03256 VUs  01.9s/15s  3256.00 iters/s

running (02.9s), 00215/03256 VUs, 9216 complete and 0 interrupted iterations
default   [  19% ] 00216/03256 VUs  02.9s/15s  3256.00 iters/s

running (03.9s), 00284/03256 VUs, 12404 complete and 0 interrupted iterations
default   [  26% ] 00284/03256 VUs  03.9s/15s  3256.00 iters/s

running (04.9s), 00229/03256 VUs, 15717 complete and 0 interrupted iterations
default   [  33% ] 00229/03256 VUs  04.9s/15s  3256.00 iters/s

running (05.9s), 00236/03256 VUs, 18964 complete and 0 interrupted iterations
default   [  39% ] 00236/03256 VUs  05.9s/15s  3256.00 iters/s

running (06.9s), 00225/03256 VUs, 22231 complete and 0 interrupted iterations
default   [  46% ] 00225/03256 VUs  06.9s/15s  3256.00 iters/s

running (07.9s), 00201/03256 VUs, 25511 complete and 0 interrupted iterations
default   [  53% ] 00201/03256 VUs  07.9s/15s  3256.00 iters/s

running (08.9s), 00195/03256 VUs, 28773 complete and 0 interrupted iterations
default   [  59% ] 00195/03256 VUs  08.9s/15s  3256.00 iters/s

running (09.9s), 00228/03256 VUs, 31996 complete and 0 interrupted iterations
default   [  66% ] 00228/03256 VUs  09.9s/15s  3256.00 iters/s

running (10.9s), 00226/03256 VUs, 35254 complete and 0 interrupted iterations
default   [  73% ] 00226/03256 VUs  10.9s/15s  3256.00 iters/s

running (11.9s), 00235/03256 VUs, 38501 complete and 0 interrupted iterations
default   [  79% ] 00235/03256 VUs  11.9s/15s  3256.00 iters/s

running (12.9s), 00230/03256 VUs, 41762 complete and 0 interrupted iterations
default   [  86% ] 00230/03256 VUs  12.9s/15s  3256.00 iters/s

running (13.9s), 00223/03256 VUs, 45027 complete and 0 interrupted iterations
default   [  93% ] 00223/03256 VUs  13.9s/15s  3256.00 iters/s

running (14.9s), 00219/03256 VUs, 48285 complete and 0 interrupted iterations
default   [  99% ] 00219/03256 VUs  14.9s/15s  3256.00 iters/s


  █ TOTAL RESULTS 

    HTTP
    http_req_duration..............: avg=70.49ms min=50.4ms  med=70.12ms max=109.38ms p(90)=80.73ms p(95)=84.74ms
      { expected_response:true }...: avg=70.49ms min=50.4ms  med=70.12ms max=109.38ms p(90)=80.73ms p(95)=84.74ms
    http_req_failed................: 0.00%  0 out of 48611
    http_reqs......................: 48611  3239.466018/s

    EXECUTION
    iteration_duration.............: avg=70.59ms min=50.46ms med=70.22ms max=109.47ms p(90)=80.85ms p(95)=84.85ms
    iterations.....................: 48611  3239.466018/s
    vus............................: 218    min=197        max=284 
    vus_max........................: 3256   min=3256       max=3256

    NETWORK
    data_received..................: 9.9 MB 658 kB/s
    data_sent......................: 9.4 MB 625 kB/s




running (15.0s), 00000/03256 VUs, 48611 complete and 227 interrupted iterations
default ✓ [ 100% ] 00227/03256 VUs  15s  3256.00 iters/s
