
         /\      Grafana   /‾‾/  
    /\  /  \     |\  __   /  /   
   /  \/    \    | |/ /  /   ‾‾\ 
  /          \   |   (  |  (‾)  |
 / __________ \  |_|\_\  \_____/ 

     execution: local
        script: workflow/spin/k6_open_client.js
        output: -

     scenarios: (100.00%) 1 scenario, 10000 max VUs, 15s max duration (incl. graceful stop):
              * default: 994.00 iterations/s for 15s (maxVUs: 994-10000)


running (01.0s), 00040/00994 VUs, 914 complete and 0 interrupted iterations
default   [   6% ] 00040/00994 VUs  01.0s/15s  994.00 iters/s

running (02.0s), 00032/00994 VUs, 1916 complete and 0 interrupted iterations
default   [  13% ] 00032/00994 VUs  02.0s/15s  994.00 iters/s

running (03.0s), 00056/00994 VUs, 2886 complete and 0 interrupted iterations
default   [  20% ] 00056/00994 VUs  03.0s/15s  994.00 iters/s

running (04.0s), 00041/00994 VUs, 3895 complete and 0 interrupted iterations
default   [  26% ] 00041/00994 VUs  04.0s/15s  994.00 iters/s

running (05.0s), 00031/00994 VUs, 4899 complete and 0 interrupted iterations
default   [  33% ] 00031/00994 VUs  05.0s/15s  994.00 iters/s

running (06.0s), 00053/00994 VUs, 5872 complete and 0 interrupted iterations
default   [  40% ] 00053/00994 VUs  06.0s/15s  994.00 iters/s

running (07.0s), 00042/00994 VUs, 6876 complete and 0 interrupted iterations
default   [  46% ] 00042/00994 VUs  07.0s/15s  994.00 iters/s

running (08.0s), 00035/00994 VUs, 7876 complete and 0 interrupted iterations
default   [  53% ] 00035/00994 VUs  08.0s/15s  994.00 iters/s

running (09.0s), 00028/00994 VUs, 8878 complete and 0 interrupted iterations
default   [  60% ] 00028/00994 VUs  09.0s/15s  994.00 iters/s

running (10.0s), 00049/00994 VUs, 9852 complete and 0 interrupted iterations
default   [  66% ] 00049/00994 VUs  10.0s/15s  994.00 iters/s

running (11.0s), 00040/00994 VUs, 10854 complete and 0 interrupted iterations
default   [  73% ] 00040/00994 VUs  11.0s/15s  994.00 iters/s

running (12.0s), 00052/00994 VUs, 11836 complete and 0 interrupted iterations
default   [  80% ] 00052/00994 VUs  12.0s/15s  994.00 iters/s

running (13.0s), 00050/00994 VUs, 12833 complete and 0 interrupted iterations
default   [  86% ] 00050/00994 VUs  13.0s/15s  994.00 iters/s

running (14.0s), 00041/00994 VUs, 13835 complete and 0 interrupted iterations
default   [  93% ] 00041/00994 VUs  14.0s/15s  994.00 iters/s

running (15.0s), 00051/00994 VUs, 14820 complete and 0 interrupted iterations
default   [ 100% ] 00051/00994 VUs  15.0s/15s  994.00 iters/s


  █ TOTAL RESULTS 

    HTTP
    http_req_duration..............: avg=42.45ms min=17.78ms med=42.39ms max=66.12ms p(90)=53.72ms p(95)=55.32ms
      { expected_response:true }...: avg=42.45ms min=17.78ms med=42.39ms max=66.12ms p(90)=53.72ms p(95)=55.32ms
    http_req_failed................: 0.00%  0 out of 14882
    http_reqs......................: 14882  992.035893/s

    EXECUTION
    iteration_duration.............: avg=42.54ms min=18.21ms med=42.49ms max=66.35ms p(90)=53.81ms p(95)=55.4ms 
    iterations.....................: 14882  992.035893/s
    vus............................: 51     min=28         max=56 
    vus_max........................: 994    min=994        max=994

    NETWORK
    data_received..................: 3.0 MB 201 kB/s
    data_sent......................: 2.9 MB 191 kB/s




running (15.0s), 00000/00994 VUs, 14882 complete and 28 interrupted iterations
default ✓ [ 100% ] 00028/00994 VUs  15s  994.00 iters/s
