
         /\      Grafana   /‾‾/  
    /\  /  \     |\  __   /  /   
   /  \/    \    | |/ /  /   ‾‾\ 
  /          \   |   (  |  (‾)  |
 / __________ \  |_|\_\  \_____/ 

     execution: local
        script: workflow/spin/k6_open_client.js
        output: -

     scenarios: (100.00%) 1 scenario, 10000 max VUs, 15s max duration (incl. graceful stop):
              * default: 3582.00 iterations/s for 15s (maxVUs: 3582-10000)


running (00.9s), 00446/03582 VUs, 2690 complete and 0 interrupted iterations
default   [   6% ] 00446/03582 VUs  00.9s/15s  3582.00 iters/s

running (01.9s), 00386/03582 VUs, 6332 complete and 0 interrupted iterations
default   [  13% ] 00386/03582 VUs  01.9s/15s  3582.00 iters/s

running (02.9s), 00340/03582 VUs, 9960 complete and 0 interrupted iterations
default   [  19% ] 00340/03582 VUs  02.9s/15s  3582.00 iters/s

running (03.9s), 00314/03582 VUs, 13568 complete and 0 interrupted iterations
default   [  26% ] 00314/03582 VUs  03.9s/15s  3582.00 iters/s

running (04.9s), 00296/03582 VUs, 17168 complete and 0 interrupted iterations
default   [  33% ] 00296/03582 VUs  04.9s/15s  3582.00 iters/s

running (05.9s), 00240/03582 VUs, 20806 complete and 0 interrupted iterations
default   [  39% ] 00240/03582 VUs  05.9s/15s  3582.00 iters/s

running (06.9s), 00261/03582 VUs, 24367 complete and 0 interrupted iterations
default   [  46% ] 00261/03582 VUs  06.9s/15s  3582.00 iters/s

running (07.9s), 00271/03582 VUs, 27939 complete and 0 interrupted iterations
default   [  53% ] 00271/03582 VUs  07.9s/15s  3582.00 iters/s

running (08.9s), 00287/03582 VUs, 31506 complete and 0 interrupted iterations
default   [  59% ] 00288/03582 VUs  08.9s/15s  3582.00 iters/s

running (09.9s), 00267/03582 VUs, 35107 complete and 0 interrupted iterations
default   [  66% ] 00267/03582 VUs  09.9s/15s  3582.00 iters/s

running (10.9s), 00257/03582 VUs, 38699 complete and 0 interrupted iterations
default   [  73% ] 00257/03582 VUs  10.9s/15s  3582.00 iters/s

running (11.9s), 00291/03582 VUs, 42247 complete and 0 interrupted iterations
default   [  79% ] 00291/03582 VUs  11.9s/15s  3582.00 iters/s

running (12.9s), 00230/03582 VUs, 45890 complete and 0 interrupted iterations
default   [  86% ] 00230/03582 VUs  12.9s/15s  3582.00 iters/s

running (13.9s), 00266/03582 VUs, 49436 complete and 0 interrupted iterations
default   [  93% ] 00266/03582 VUs  13.9s/15s  3582.00 iters/s

running (14.9s), 00300/03582 VUs, 52985 complete and 0 interrupted iterations
default   [  99% ] 00300/03582 VUs  14.9s/15s  3582.00 iters/s


  █ TOTAL RESULTS 

    HTTP
    http_req_duration..............: avg=80.58ms min=53.42ms med=74.5ms  max=134.72ms p(90)=109.6ms p(95)=117.61ms
      { expected_response:true }...: avg=80.58ms min=53.42ms med=74.5ms  max=134.72ms p(90)=109.6ms p(95)=117.61ms
    http_req_failed................: 0.00% 0 out of 53497
    http_reqs......................: 53497 3564.892466/s

    EXECUTION
    iteration_duration.............: avg=80.68ms min=53.49ms med=74.58ms max=134.95ms p(90)=109.8ms p(95)=117.8ms 
    iterations.....................: 53497 3564.892466/s
    vus............................: 300   min=230        max=446 
    vus_max........................: 3582  min=3582       max=3582

    NETWORK
    data_received..................: 11 MB 724 kB/s
    data_sent......................: 10 MB 687 kB/s




running (15.0s), 00000/03582 VUs, 53497 complete and 236 interrupted iterations
default ✓ [ 100% ] 00236/03582 VUs  15s  3582.00 iters/s
