
         /\      Grafana   /‾‾/  
    /\  /  \     |\  __   /  /   
   /  \/    \    | |/ /  /   ‾‾\ 
  /          \   |   (  |  (‾)  |
 / __________ \  |_|\_\  \_____/ 

     execution: local
        script: workflow/hotel/k6_open_recommendations_client.js
        output: -

     scenarios: (100.00%) 1 scenario, 10000 max VUs, 10s max duration (incl. graceful stop):
              * default: 443.00 iterations/s for 10s (maxVUs: 443-10000)


running (01.0s), 00064/00443 VUs, 368 complete and 0 interrupted iterations
default   [  10% ] 00064/00443 VUs  01.0s/10s  443.00 iters/s

running (02.0s), 00124/00443 VUs, 750 complete and 0 interrupted iterations
default   [  20% ] 00124/00443 VUs  02.0s/10s  443.00 iters/s

running (03.0s), 00184/00443 VUs, 1134 complete and 0 interrupted iterations
default   [  30% ] 00184/00443 VUs  03.0s/10s  443.00 iters/s

running (04.0s), 00234/00443 VUs, 1527 complete and 0 interrupted iterations
default   [  40% ] 00234/00443 VUs  04.0s/10s  443.00 iters/s

running (05.0s), 00282/00443 VUs, 1921 complete and 0 interrupted iterations
default   [  50% ] 00282/00443 VUs  05.0s/10s  443.00 iters/s

running (06.0s), 00338/00443 VUs, 2308 complete and 0 interrupted iterations
default   [  60% ] 00338/00443 VUs  06.0s/10s  443.00 iters/s

running (07.0s), 00396/00443 VUs, 2693 complete and 0 interrupted iterations
default   [  70% ] 00396/00443 VUs  07.0s/10s  443.00 iters/s

running (08.0s), 00445/00446 VUs, 3084 complete and 0 interrupted iterations
default   [  80% ] 00445/00446 VUs  08.0s/10s  443.00 iters/s

running (09.0s), 00468/00469 VUs, 3481 complete and 0 interrupted iterations
default   [  90% ] 00468/00469 VUs  09.0s/10s  443.00 iters/s

running (10.0s), 00492/00493 VUs, 3876 complete and 0 interrupted iterations
default   [ 100% ] 00492/00493 VUs  10.0s/10s  443.00 iters/s


  █ TOTAL RESULTS 

    HTTP
    http_req_duration..............: avg=645.36ms min=5.13ms med=655.65ms max=1.17s p(90)=1.11s p(95)=1.13s
      { expected_response:true }...: avg=645.36ms min=5.13ms med=655.65ms max=1.17s p(90)=1.11s p(95)=1.13s
    http_req_failed................: 0.00%  0 out of 3889
    http_reqs......................: 3889   388.706569/s

    EXECUTION
    dropped_iterations.............: 50     4.997513/s
    iteration_duration.............: avg=645.49ms min=5.77ms med=655.76ms max=1.17s p(90)=1.11s p(95)=1.13s
    iterations.....................: 3889   388.706569/s
    vus............................: 492    min=64        max=492
    vus_max........................: 493    min=443       max=493

    NETWORK
    data_received..................: 1.9 MB 193 kB/s
    data_sent......................: 1.2 MB 125 kB/s




running (10.0s), 00000/00493 VUs, 3888 complete and 493 interrupted iterations
default ✓ [ 100% ] 00493/00493 VUs  10s  443.00 iters/s
