
         /\      Grafana   /‾‾/  
    /\  /  \     |\  __   /  /   
   /  \/    \    | |/ /  /   ‾‾\ 
  /          \   |   (  |  (‾)  |
 / __________ \  |_|\_\  \_____/ 

     execution: local
        script: workflow/spin/k6_open_client.js
        output: -

     scenarios: (100.00%) 1 scenario, 10000 max VUs, 15s max duration (incl. graceful stop):
              * default: 3552.00 iterations/s for 15s (maxVUs: 3552-10000)


running (00.9s), 00457/03552 VUs, 2688 complete and 0 interrupted iterations
default   [   6% ] 00457/03552 VUs  00.9s/15s  3552.00 iters/s

running (01.9s), 00459/03552 VUs, 6238 complete and 0 interrupted iterations
default   [  13% ] 00459/03552 VUs  01.9s/15s  3552.00 iters/s

running (02.9s), 00378/03552 VUs, 9869 complete and 0 interrupted iterations
default   [  19% ] 00378/03552 VUs  02.9s/15s  3552.00 iters/s

running (03.9s), 00310/03552 VUs, 13491 complete and 0 interrupted iterations
default   [  26% ] 00310/03552 VUs  03.9s/15s  3552.00 iters/s

running (04.9s), 00225/03552 VUs, 17128 complete and 0 interrupted iterations
default   [  33% ] 00225/03552 VUs  04.9s/15s  3552.00 iters/s

running (05.9s), 00250/03552 VUs, 20656 complete and 0 interrupted iterations
default   [  39% ] 00250/03552 VUs  05.9s/15s  3552.00 iters/s

running (06.9s), 00266/03552 VUs, 24192 complete and 0 interrupted iterations
default   [  46% ] 00267/03552 VUs  06.9s/15s  3552.00 iters/s

running (07.9s), 00246/03552 VUs, 27764 complete and 0 interrupted iterations
default   [  53% ] 00246/03552 VUs  07.9s/15s  3552.00 iters/s

running (08.9s), 00203/03552 VUs, 31360 complete and 0 interrupted iterations
default   [  59% ] 00203/03552 VUs  08.9s/15s  3552.00 iters/s

running (09.9s), 00296/03552 VUs, 34816 complete and 0 interrupted iterations
default   [  66% ] 00297/03552 VUs  09.9s/15s  3552.00 iters/s

running (10.9s), 00263/03552 VUs, 38400 complete and 0 interrupted iterations
default   [  73% ] 00263/03552 VUs  10.9s/15s  3552.00 iters/s

running (11.9s), 00237/03552 VUs, 41984 complete and 0 interrupted iterations
default   [  79% ] 00237/03552 VUs  11.9s/15s  3552.00 iters/s

running (12.9s), 00210/03552 VUs, 45560 complete and 0 interrupted iterations
default   [  86% ] 00210/03552 VUs  12.9s/15s  3552.00 iters/s

running (13.9s), 00276/03552 VUs, 49046 complete and 0 interrupted iterations
default   [  93% ] 00276/03552 VUs  13.9s/15s  3552.00 iters/s

running (14.9s), 00267/03552 VUs, 52608 complete and 0 interrupted iterations
default   [  99% ] 00267/03552 VUs  14.9s/15s  3552.00 iters/s


  █ TOTAL RESULTS 

    HTTP
    http_req_duration..............: avg=81.37ms min=49.67ms med=73.42ms max=142.88ms p(90)=120.81ms p(95)=128.35ms
      { expected_response:true }...: avg=81.37ms min=49.67ms med=73.42ms max=142.88ms p(90)=120.81ms p(95)=128.35ms
    http_req_failed................: 0.00% 0 out of 53048
    http_reqs......................: 53048 3534.873144/s

    EXECUTION
    iteration_duration.............: avg=81.47ms min=49.79ms med=73.51ms max=143.14ms p(90)=120.98ms p(95)=128.5ms 
    iterations.....................: 53048 3534.873144/s
    vus............................: 263   min=201        max=459 
    vus_max........................: 3552  min=3552       max=3552

    NETWORK
    data_received..................: 11 MB 718 kB/s
    data_sent......................: 10 MB 681 kB/s




running (15.0s), 00000/03552 VUs, 53042 complete and 238 interrupted iterations
default ✓ [ 100% ] 00238/03552 VUs  15s  3552.00 iters/s
