
         /\      Grafana   /‾‾/  
    /\  /  \     |\  __   /  /   
   /  \/    \    | |/ /  /   ‾‾\ 
  /          \   |   (  |  (‾)  |
 / __________ \  |_|\_\  \_____/ 

     execution: local
        script: workflow/online_boutique/k6_open_checkout.js
        output: -

     scenarios: (100.00%) 1 scenario, 10000 max VUs, 15s max duration (incl. graceful stop):
              * default: 323.00 iterations/s for 15s (maxVUs: 323-10000)


running (01.0s), 00113/00323 VUs, 204 complete and 0 interrupted iterations
default   [   7% ] 00113/00323 VUs  01.0s/15s  323.00 iters/s

running (02.0s), 00096/00323 VUs, 544 complete and 0 interrupted iterations
default   [  13% ] 00096/00323 VUs  02.0s/15s  323.00 iters/s

running (03.0s), 00121/00323 VUs, 841 complete and 0 interrupted iterations
default   [  20% ] 00121/00323 VUs  03.0s/15s  323.00 iters/s

running (04.0s), 00150/00323 VUs, 1136 complete and 0 interrupted iterations
default   [  27% ] 00150/00323 VUs  04.0s/15s  323.00 iters/s

running (05.0s), 00128/00323 VUs, 1481 complete and 0 interrupted iterations
default   [  33% ] 00128/00323 VUs  05.0s/15s  323.00 iters/s

running (06.0s), 00155/00323 VUs, 1777 complete and 0 interrupted iterations
default   [  40% ] 00155/00323 VUs  06.0s/15s  323.00 iters/s

running (07.0s), 00132/00323 VUs, 2123 complete and 0 interrupted iterations
default   [  47% ] 00132/00323 VUs  07.0s/15s  323.00 iters/s

running (08.0s), 00159/00323 VUs, 2419 complete and 0 interrupted iterations
default   [  53% ] 00159/00323 VUs  08.0s/15s  323.00 iters/s

running (09.0s), 00137/00323 VUs, 2764 complete and 0 interrupted iterations
default   [  60% ] 00137/00323 VUs  09.0s/15s  323.00 iters/s

running (10.0s), 00164/00323 VUs, 3060 complete and 0 interrupted iterations
default   [  67% ] 00164/00323 VUs  10.0s/15s  323.00 iters/s

running (11.0s), 00142/00323 VUs, 3405 complete and 0 interrupted iterations
default   [  73% ] 00142/00323 VUs  11.0s/15s  323.00 iters/s

running (12.0s), 00169/00323 VUs, 3701 complete and 0 interrupted iterations
default   [  80% ] 00169/00323 VUs  12.0s/15s  323.00 iters/s

running (13.0s), 00197/00323 VUs, 3996 complete and 0 interrupted iterations
default   [  87% ] 00197/00323 VUs  13.0s/15s  323.00 iters/s

running (14.0s), 00223/00323 VUs, 4293 complete and 0 interrupted iterations
default   [  93% ] 00223/00323 VUs  14.0s/15s  323.00 iters/s

running (15.0s), 00251/00323 VUs, 4588 complete and 0 interrupted iterations
default   [ 100% ] 00251/00323 VUs  15.0s/15s  323.00 iters/s


  █ TOTAL RESULTS 

    CUSTOM
    online_boutique_application_errors...: 0.00%  0 out of 4638

    HTTP
    http_req_duration....................: avg=459.72ms min=185.22ms med=449.18ms max=788.46ms p(90)=638.8ms  p(95)=684.58ms
      { expected_response:true }.........: avg=459.72ms min=185.22ms med=449.18ms max=788.46ms p(90)=638.8ms  p(95)=684.58ms
    http_req_failed......................: 0.00%  0 out of 4638
    http_reqs............................: 4638   309.135452/s

    EXECUTION
    iteration_duration...................: avg=459.98ms min=185.54ms med=449.42ms max=788.65ms p(90)=639.05ms p(95)=684.87ms
    iterations...........................: 4638   309.135452/s
    vus..................................: 251    min=96        max=251
    vus_max..............................: 323    min=323       max=323

    NETWORK
    data_received........................: 9.4 MB 626 kB/s
    data_sent............................: 2.7 MB 180 kB/s




running (15.0s), 00000/00323 VUs, 4638 complete and 208 interrupted iterations
default ✓ [ 100% ] 00208/00323 VUs  15s  323.00 iters/s
