
         /\      Grafana   /‾‾/  
    /\  /  \     |\  __   /  /   
   /  \/    \    | |/ /  /   ‾‾\ 
  /          \   |   (  |  (‾)  |
 / __________ \  |_|\_\  \_____/ 

     execution: local
        script: workflow/online_boutique/k6_open_checkout.js
        output: -

     scenarios: (100.00%) 1 scenario, 10000 max VUs, 15s max duration (incl. graceful stop):
              * default: 974.00 iterations/s for 15s (maxVUs: 974-10000)


running (01.0s), 00099/00974 VUs, 830 complete and 0 interrupted iterations
default   [   6% ] 00099/00974 VUs  01.0s/15s  974.00 iters/s

running (02.0s), 00162/00974 VUs, 1741 complete and 0 interrupted iterations
default   [  13% ] 00162/00974 VUs  02.0s/15s  974.00 iters/s

running (03.0s), 00225/00974 VUs, 2652 complete and 0 interrupted iterations
default   [  20% ] 00225/00974 VUs  03.0s/15s  974.00 iters/s

running (04.0s), 00265/00974 VUs, 3586 complete and 0 interrupted iterations
default   [  26% ] 00265/00974 VUs  04.0s/15s  974.00 iters/s

running (05.0s), 00277/00974 VUs, 4548 complete and 0 interrupted iterations
default   [  33% ] 00277/00974 VUs  05.0s/15s  974.00 iters/s

running (06.0s), 00342/00974 VUs, 5457 complete and 0 interrupted iterations
default   [  40% ] 00341/00974 VUs  06.0s/15s  974.00 iters/s

running (07.0s), 00364/00974 VUs, 6409 complete and 0 interrupted iterations
default   [  46% ] 00364/00974 VUs  07.0s/15s  974.00 iters/s

running (08.0s), 00424/00974 VUs, 7322 complete and 0 interrupted iterations
default   [  53% ] 00424/00974 VUs  08.0s/15s  974.00 iters/s

running (09.0s), 00475/00974 VUs, 8246 complete and 0 interrupted iterations
default   [  60% ] 00475/00974 VUs  09.0s/15s  974.00 iters/s

running (10.0s), 00504/00974 VUs, 9191 complete and 0 interrupted iterations
default   [  66% ] 00504/00974 VUs  10.0s/15s  974.00 iters/s

running (11.0s), 00525/00974 VUs, 10143 complete and 0 interrupted iterations
default   [  73% ] 00525/00974 VUs  11.0s/15s  974.00 iters/s

running (12.0s), 00567/00974 VUs, 11076 complete and 0 interrupted iterations
default   [  80% ] 00567/00974 VUs  12.0s/15s  974.00 iters/s

running (13.0s), 00612/00974 VUs, 12005 complete and 0 interrupted iterations
default   [  86% ] 00612/00974 VUs  13.0s/15s  974.00 iters/s

running (14.0s), 00627/00974 VUs, 12964 complete and 0 interrupted iterations
default   [  93% ] 00627/00974 VUs  14.0s/15s  974.00 iters/s

running (15.0s), 00657/00974 VUs, 13908 complete and 0 interrupted iterations
default   [ 100% ] 00657/00974 VUs  15.0s/15s  974.00 iters/s


  █ TOTAL RESULTS 

    CUSTOM
    online_boutique_application_errors...: 0.00%  0 out of 13950

    HTTP
    http_req_duration....................: avg=401.27ms min=18.26ms med=433.59ms max=842.08ms p(90)=640.51ms p(95)=660.75ms
      { expected_response:true }.........: avg=401.27ms min=18.26ms med=433.59ms max=842.08ms p(90)=640.51ms p(95)=660.75ms
    http_req_failed......................: 0.00%  0 out of 13950
    http_reqs............................: 13950  929.589005/s

    EXECUTION
    iteration_duration...................: avg=401.57ms min=19ms    med=433.79ms max=842.27ms p(90)=640.7ms  p(95)=660.94ms
    iterations...........................: 13950  929.589005/s
    vus..................................: 657    min=99         max=657
    vus_max..............................: 974    min=974        max=974

    NETWORK
    data_received........................: 28 MB  1.9 MB/s
    data_sent............................: 8.2 MB 543 kB/s




running (15.0s), 00000/00974 VUs, 13949 complete and 662 interrupted iterations
default ✓ [ 100% ] 00662/00974 VUs  15s  974.00 iters/s
