
         /\      Grafana   /‾‾/  
    /\  /  \     |\  __   /  /   
   /  \/    \    | |/ /  /   ‾‾\ 
  /          \   |   (  |  (‾)  |
 / __________ \  |_|\_\  \_____/ 

     execution: local
        script: workflow/spin/k6_open_client.js
        output: -

     scenarios: (100.00%) 1 scenario, 10000 max VUs, 15s max duration (incl. graceful stop):
              * default: 3288.00 iterations/s for 15s (maxVUs: 3288-10000)


running (00.9s), 00163/03288 VUs, 2775 complete and 0 interrupted iterations
default   [   6% ] 00163/03288 VUs  00.9s/15s  3288.00 iters/s

running (01.9s), 00133/03288 VUs, 6093 complete and 0 interrupted iterations
default   [  13% ] 00133/03288 VUs  01.9s/15s  3288.00 iters/s

running (02.9s), 00193/03288 VUs, 9320 complete and 0 interrupted iterations
default   [  19% ] 00193/03288 VUs  02.9s/15s  3288.00 iters/s

running (03.9s), 00147/03288 VUs, 12653 complete and 0 interrupted iterations
default   [  26% ] 00147/03288 VUs  03.9s/15s  3288.00 iters/s

running (04.9s), 00172/03288 VUs, 15918 complete and 0 interrupted iterations
default   [  33% ] 00173/03288 VUs  04.9s/15s  3288.00 iters/s

running (05.9s), 00194/03288 VUs, 19182 complete and 0 interrupted iterations
default   [  39% ] 00194/03288 VUs  05.9s/15s  3288.00 iters/s

running (06.9s), 00190/03288 VUs, 22478 complete and 0 interrupted iterations
default   [  46% ] 00190/03288 VUs  06.9s/15s  3288.00 iters/s

running (07.9s), 00155/03288 VUs, 25796 complete and 0 interrupted iterations
default   [  53% ] 00155/03288 VUs  07.9s/15s  3288.00 iters/s

running (08.9s), 00144/03288 VUs, 29096 complete and 0 interrupted iterations
default   [  59% ] 00144/03288 VUs  08.9s/15s  3288.00 iters/s

running (09.9s), 00188/03288 VUs, 32341 complete and 0 interrupted iterations
default   [  66% ] 00188/03288 VUs  09.9s/15s  3288.00 iters/s

running (10.9s), 00153/03288 VUs, 35667 complete and 0 interrupted iterations
default   [  73% ] 00152/03288 VUs  10.9s/15s  3288.00 iters/s

running (11.9s), 00158/03288 VUs, 38948 complete and 0 interrupted iterations
default   [  79% ] 00158/03288 VUs  11.9s/15s  3288.00 iters/s

running (12.9s), 00161/03288 VUs, 42235 complete and 0 interrupted iterations
default   [  86% ] 00161/03288 VUs  12.9s/15s  3288.00 iters/s

running (13.9s), 00197/03288 VUs, 45484 complete and 0 interrupted iterations
default   [  93% ] 00198/03288 VUs  13.9s/15s  3288.00 iters/s

running (14.9s), 00203/03288 VUs, 48765 complete and 0 interrupted iterations
default   [  99% ] 00203/03288 VUs  14.9s/15s  3288.00 iters/s


  █ TOTAL RESULTS 

    HTTP
    http_req_duration..............: avg=52.35ms min=33.14ms med=52.21ms max=88.69ms p(90)=60.95ms p(95)=63.27ms
      { expected_response:true }...: avg=52.35ms min=33.14ms med=52.21ms max=88.69ms p(90)=60.95ms p(95)=63.27ms
    http_req_failed................: 0.00%  0 out of 49192
    http_reqs......................: 49192  3278.267623/s

    EXECUTION
    iteration_duration.............: avg=52.44ms min=33.22ms med=52.3ms  max=90.43ms p(90)=61.05ms p(95)=63.36ms
    iterations.....................: 49192  3278.267623/s
    vus............................: 204    min=134        max=204 
    vus_max........................: 3288   min=3288       max=3288

    NETWORK
    data_received..................: 10 MB  666 kB/s
    data_sent......................: 9.5 MB 631 kB/s




running (15.0s), 00000/03288 VUs, 49191 complete and 131 interrupted iterations
default ✓ [ 100% ] 00131/03288 VUs  15s  3288.00 iters/s
