
         /\      Grafana   /‾‾/  
    /\  /  \     |\  __   /  /   
   /  \/    \    | |/ /  /   ‾‾\ 
  /          \   |   (  |  (‾)  |
 / __________ \  |_|\_\  \_____/ 

     execution: local
        script: workflow/spin/k6_open_client.js
        output: -

     scenarios: (100.00%) 1 scenario, 10000 max VUs, 15s max duration (incl. graceful stop):
              * default: 994.00 iterations/s for 15s (maxVUs: 994-10000)


running (01.0s), 00052/00994 VUs, 895 complete and 0 interrupted iterations
default   [   6% ] 00052/00994 VUs  01.0s/15s  994.00 iters/s

running (02.0s), 00049/00994 VUs, 1893 complete and 0 interrupted iterations
default   [  13% ] 00050/00994 VUs  02.0s/15s  994.00 iters/s

running (03.0s), 00036/00994 VUs, 2900 complete and 0 interrupted iterations
default   [  20% ] 00036/00994 VUs  03.0s/15s  994.00 iters/s

running (04.0s), 00031/00994 VUs, 3899 complete and 0 interrupted iterations
default   [  26% ] 00031/00994 VUs  04.0s/15s  994.00 iters/s

running (05.0s), 00055/00994 VUs, 4870 complete and 0 interrupted iterations
default   [  33% ] 00055/00994 VUs  05.0s/15s  994.00 iters/s

running (06.0s), 00051/00994 VUs, 5867 complete and 0 interrupted iterations
default   [  40% ] 00051/00994 VUs  06.0s/15s  994.00 iters/s

running (07.0s), 00044/00994 VUs, 6868 complete and 0 interrupted iterations
default   [  46% ] 00044/00994 VUs  07.0s/15s  994.00 iters/s

running (08.0s), 00035/00994 VUs, 7871 complete and 0 interrupted iterations
default   [  53% ] 00035/00994 VUs  08.0s/15s  994.00 iters/s

running (09.0s), 00043/00994 VUs, 8857 complete and 0 interrupted iterations
default   [  60% ] 00043/00994 VUs  09.0s/15s  994.00 iters/s

running (10.0s), 00054/00994 VUs, 9840 complete and 0 interrupted iterations
default   [  66% ] 00054/00994 VUs  10.0s/15s  994.00 iters/s

running (11.0s), 00044/00994 VUs, 10844 complete and 0 interrupted iterations
default   [  73% ] 00044/00994 VUs  11.0s/15s  994.00 iters/s

running (12.0s), 00032/00994 VUs, 11850 complete and 0 interrupted iterations
default   [  80% ] 00032/00994 VUs  12.0s/15s  994.00 iters/s

running (13.0s), 00027/00994 VUs, 12848 complete and 0 interrupted iterations
default   [  86% ] 00027/00994 VUs  13.0s/15s  994.00 iters/s

running (14.0s), 00049/00994 VUs, 13821 complete and 0 interrupted iterations
default   [  93% ] 00049/00994 VUs  14.0s/15s  994.00 iters/s

running (15.0s), 00043/00994 VUs, 14820 complete and 0 interrupted iterations
default   [ 100% ] 00043/00994 VUs  15.0s/15s  994.00 iters/s


  █ TOTAL RESULTS 

    HTTP
    http_req_duration..............: avg=42.39ms min=25.36ms med=42.32ms max=66.05ms p(90)=53.6ms  p(95)=55.17ms
      { expected_response:true }...: avg=42.39ms min=25.36ms med=42.32ms max=66.05ms p(90)=53.6ms  p(95)=55.17ms
    http_req_failed................: 0.00%  0 out of 14883
    http_reqs......................: 14883  992.060399/s

    EXECUTION
    iteration_duration.............: avg=42.47ms min=25.42ms med=42.4ms  max=66.46ms p(90)=53.68ms p(95)=55.25ms
    iterations.....................: 14883  992.060399/s
    vus............................: 44     min=27         max=54 
    vus_max........................: 994    min=994        max=994

    NETWORK
    data_received..................: 3.0 MB 201 kB/s
    data_sent......................: 2.9 MB 191 kB/s




running (15.0s), 00000/00994 VUs, 14883 complete and 28 interrupted iterations
default ✓ [ 100% ] 00028/00994 VUs  15s  994.00 iters/s
