
         /\      Grafana   /‾‾/  
    /\  /  \     |\  __   /  /   
   /  \/    \    | |/ /  /   ‾‾\ 
  /          \   |   (  |  (‾)  |
 / __________ \  |_|\_\  \_____/ 

     execution: local
        script: workflow/spin/k6_open_client.js
        output: -

     scenarios: (100.00%) 1 scenario, 10000 max VUs, 15s max duration (incl. graceful stop):
              * default: 3449.00 iterations/s for 15s (maxVUs: 3449-10000)


running (00.9s), 00208/03449 VUs, 2855 complete and 0 interrupted iterations
default   [   6% ] 00208/03449 VUs  00.9s/15s  3449.00 iters/s

running (01.9s), 00201/03449 VUs, 6309 complete and 0 interrupted iterations
default   [  13% ] 00202/03449 VUs  01.9s/15s  3449.00 iters/s

running (02.9s), 00271/03449 VUs, 9689 complete and 0 interrupted iterations
default   [  19% ] 00271/03449 VUs  02.9s/15s  3449.00 iters/s

running (03.9s), 00230/03449 VUs, 13179 complete and 0 interrupted iterations
default   [  26% ] 00230/03449 VUs  03.9s/15s  3449.00 iters/s

running (04.9s), 00188/03449 VUs, 16669 complete and 0 interrupted iterations
default   [  33% ] 00189/03449 VUs  04.9s/15s  3449.00 iters/s

running (05.9s), 00188/03449 VUs, 20118 complete and 0 interrupted iterations
default   [  39% ] 00188/03449 VUs  05.9s/15s  3449.00 iters/s

running (06.9s), 00169/03449 VUs, 23587 complete and 0 interrupted iterations
default   [  46% ] 00170/03449 VUs  06.9s/15s  3449.00 iters/s

running (07.9s), 00184/03449 VUs, 27021 complete and 0 interrupted iterations
default   [  53% ] 00184/03449 VUs  07.9s/15s  3449.00 iters/s

running (08.9s), 00196/03449 VUs, 30455 complete and 0 interrupted iterations
default   [  59% ] 00197/03449 VUs  08.9s/15s  3449.00 iters/s

running (09.9s), 00196/03449 VUs, 33906 complete and 0 interrupted iterations
default   [  66% ] 00196/03449 VUs  09.9s/15s  3449.00 iters/s

running (10.9s), 00197/03449 VUs, 37358 complete and 0 interrupted iterations
default   [  73% ] 00197/03449 VUs  10.9s/15s  3449.00 iters/s

running (11.9s), 00167/03449 VUs, 40832 complete and 0 interrupted iterations
default   [  79% ] 00167/03449 VUs  11.9s/15s  3449.00 iters/s

running (12.9s), 00229/03449 VUs, 44218 complete and 0 interrupted iterations
default   [  86% ] 00229/03449 VUs  12.9s/15s  3449.00 iters/s

running (13.9s), 00183/03449 VUs, 47719 complete and 0 interrupted iterations
default   [  93% ] 00183/03449 VUs  13.9s/15s  3449.00 iters/s

running (14.9s), 00229/03449 VUs, 51121 complete and 0 interrupted iterations
default   [  99% ] 00229/03449 VUs  14.9s/15s  3449.00 iters/s


  █ TOTAL RESULTS 

    HTTP
    http_req_duration..............: avg=61.37ms min=41.35ms med=60.85ms max=97.9ms  p(90)=71.64ms p(95)=75.13ms
      { expected_response:true }...: avg=61.37ms min=41.35ms med=60.85ms max=97.9ms  p(90)=71.64ms p(95)=75.13ms
    http_req_failed................: 0.00%  0 out of 51537
    http_reqs......................: 51537  3434.252253/s

    EXECUTION
    iteration_duration.............: avg=61.46ms min=41.43ms med=60.94ms max=98.16ms p(90)=71.75ms p(95)=75.26ms
    iterations.....................: 51537  3434.252253/s
    vus............................: 226    min=169        max=271 
    vus_max........................: 3449   min=3449       max=3449

    NETWORK
    data_received..................: 11 MB  697 kB/s
    data_sent......................: 9.9 MB 662 kB/s




running (15.0s), 00000/03449 VUs, 51533 complete and 205 interrupted iterations
default ✓ [ 100% ] 00205/03449 VUs  15s  3449.00 iters/s
