
         /\      Grafana   /‾‾/  
    /\  /  \     |\  __   /  /   
   /  \/    \    | |/ /  /   ‾‾\ 
  /          \   |   (  |  (‾)  |
 / __________ \  |_|\_\  \_____/ 

     execution: local
        script: workflow/spin/k6_open_client.js
        output: -

     scenarios: (100.00%) 1 scenario, 10000 max VUs, 15s max duration (incl. graceful stop):
              * default: 4124.00 iterations/s for 15s (maxVUs: 4124-10000)


running (00.9s), 00889/04124 VUs, 2702 complete and 0 interrupted iterations
default   [   6% ] 00890/04124 VUs  00.9s/15s  4124.00 iters/s

running (01.9s), 00694/04124 VUs, 7022 complete and 0 interrupted iterations
default   [  12% ] 00694/04124 VUs  01.9s/15s  4124.00 iters/s

running (02.9s), 00803/04124 VUs, 11038 complete and 0 interrupted iterations
default   [  19% ] 00803/04124 VUs  02.9s/15s  4124.00 iters/s

running (03.9s), 00741/04124 VUs, 15223 complete and 0 interrupted iterations
default   [  26% ] 00741/04124 VUs  03.9s/15s  4124.00 iters/s

running (04.9s), 00843/04124 VUs, 19246 complete and 0 interrupted iterations
default   [  32% ] 00843/04124 VUs  04.9s/15s  4124.00 iters/s

running (05.9s), 00773/04124 VUs, 23442 complete and 0 interrupted iterations
default   [  39% ] 00773/04124 VUs  05.9s/15s  4124.00 iters/s

running (06.9s), 00906/04124 VUs, 27429 complete and 0 interrupted iterations
default   [  46% ] 00906/04124 VUs  06.9s/15s  4124.00 iters/s

running (07.9s), 00647/04124 VUs, 31814 complete and 0 interrupted iterations
default   [  52% ] 00647/04124 VUs  07.9s/15s  4124.00 iters/s

running (08.9s), 00592/04124 VUs, 35991 complete and 0 interrupted iterations
default   [  59% ] 00592/04124 VUs  08.9s/15s  4124.00 iters/s

running (09.9s), 00730/04124 VUs, 39978 complete and 0 interrupted iterations
default   [  66% ] 00730/04124 VUs  09.9s/15s  4124.00 iters/s

running (10.9s), 00728/04124 VUs, 44104 complete and 0 interrupted iterations
default   [  72% ] 00728/04124 VUs  10.9s/15s  4124.00 iters/s

running (11.9s), 00738/04124 VUs, 48217 complete and 0 interrupted iterations
default   [  79% ] 00738/04124 VUs  11.9s/15s  4124.00 iters/s

running (12.9s), 00718/04124 VUs, 52363 complete and 0 interrupted iterations
default   [  86% ] 00718/04124 VUs  12.9s/15s  4124.00 iters/s

running (13.9s), 00704/04124 VUs, 56501 complete and 0 interrupted iterations
default   [  92% ] 00704/04124 VUs  13.9s/15s  4124.00 iters/s

running (14.9s), 00630/04124 VUs, 60697 complete and 0 interrupted iterations
default   [  99% ] 00630/04124 VUs  14.9s/15s  4124.00 iters/s


  █ TOTAL RESULTS 

    HTTP
    http_req_duration..............: avg=177.35ms min=5.55ms med=175.34ms max=277.68ms p(90)=206.72ms p(95)=218.09ms
      { expected_response:true }...: avg=177.35ms min=5.55ms med=175.34ms max=277.68ms p(90)=206.72ms p(95)=218.09ms
    http_req_failed................: 0.00% 0 out of 61150
    http_reqs......................: 61150 4073.667555/s

    EXECUTION
    iteration_duration.............: avg=177.45ms min=6.13ms med=175.44ms max=281.17ms p(90)=206.84ms p(95)=218.24ms
    iterations.....................: 61150 4073.667555/s
    vus............................: 631   min=592        max=904 
    vus_max........................: 4124  min=4124       max=4124

    NETWORK
    data_received..................: 14 MB 933 kB/s
    data_sent......................: 12 MB 791 kB/s




running (15.0s), 00000/04124 VUs, 61134 complete and 727 interrupted iterations
default ✓ [ 100% ] 00727/04124 VUs  15s  4124.00 iters/s
