
         /\      Grafana   /‾‾/  
    /\  /  \     |\  __   /  /   
   /  \/    \    | |/ /  /   ‾‾\ 
  /          \   |   (  |  (‾)  |
 / __________ \  |_|\_\  \_____/ 

     execution: local
        script: workflow/response/k6_open_client.js
        output: -

     scenarios: (100.00%) 1 scenario, 100000 max VUs, 15s max duration (incl. graceful stop):
              * default: 7264.00 iterations/s for 15s (maxVUs: 7264-100000)


running (00.8s), 001135/007264 VUs, 4378 complete and 0 interrupted iterations
default   [   5% ] 001135/007264 VUs  00.8s/15s  7264.00 iters/s

running (01.8s), 002077/007264 VUs, 10697 complete and 0 interrupted iterations
default   [  12% ] 002077/007264 VUs  01.8s/15s  7264.00 iters/s

running (02.8s), 002399/007264 VUs, 17640 complete and 0 interrupted iterations
default   [  18% ] 002398/007264 VUs  02.8s/15s  7264.00 iters/s

running (03.8s), 002484/007264 VUs, 24818 complete and 0 interrupted iterations
default   [  25% ] 002484/007264 VUs  03.8s/15s  7264.00 iters/s

running (04.8s), 002701/007264 VUs, 31865 complete and 0 interrupted iterations
default   [  32% ] 002701/007264 VUs  04.8s/15s  7264.00 iters/s

running (05.8s), 002842/007264 VUs, 38989 complete and 0 interrupted iterations
default   [  38% ] 002842/007264 VUs  05.8s/15s  7264.00 iters/s

running (06.8s), 002993/007264 VUs, 46103 complete and 0 interrupted iterations
default   [  45% ] 002993/007264 VUs  06.8s/15s  7264.00 iters/s

running (07.8s), 003342/007264 VUs, 53017 complete and 0 interrupted iterations
default   [  52% ] 003342/007264 VUs  07.8s/15s  7264.00 iters/s

running (08.8s), 003449/007264 VUs, 60174 complete and 0 interrupted iterations
default   [  58% ] 003449/007264 VUs  08.8s/15s  7264.00 iters/s

running (09.8s), 003730/007264 VUs, 67157 complete and 0 interrupted iterations
default   [  65% ] 003730/007264 VUs  09.8s/15s  7264.00 iters/s

running (10.8s), 003902/007264 VUs, 74248 complete and 0 interrupted iterations
default   [  72% ] 003902/007264 VUs  10.8s/15s  7264.00 iters/s

running (11.8s), 004052/007264 VUs, 81363 complete and 0 interrupted iterations
default   [  78% ] 004052/007264 VUs  11.8s/15s  7264.00 iters/s

running (12.8s), 004215/007264 VUs, 88473 complete and 0 interrupted iterations
default   [  85% ] 004215/007264 VUs  12.8s/15s  7264.00 iters/s

running (13.8s), 004428/007264 VUs, 95515 complete and 0 interrupted iterations
default   [  92% ] 004428/007264 VUs  13.8s/15s  7264.00 iters/s

running (14.8s), 004320/007264 VUs, 102888 complete and 0 interrupted iterations
default   [  98% ] 004320/007264 VUs  14.8s/15s  7264.00 iters/s


  █ TOTAL RESULTS 

    HTTP
    http_req_duration..............: avg=436.81ms min=559.35µs med=448.41ms max=1.19s p(90)=599.92ms p(95)=613.71ms
      { expected_response:true }...: avg=436.81ms min=559.35µs med=448.41ms max=1.19s p(90)=599.92ms p(95)=613.71ms
    http_req_failed................: 0.00%  0 out of 104683
    http_reqs......................: 104683 6959.828355/s

    EXECUTION
    iteration_duration.............: avg=437.24ms min=810.91µs med=448.51ms max=1.19s p(90)=600ms    p(95)=613.99ms
    iterations.....................: 104683 6959.828355/s
    vus............................: 4320   min=1133        max=4427
    vus_max........................: 7264   min=7264        max=7264

    NETWORK
    data_received..................: 21 MB  1.4 MB/s
    data_sent......................: 21 MB  1.4 MB/s




running (15.0s), 000000/007264 VUs, 104594 complete and 4367 interrupted iterations
default ✓ [ 100% ] 004367/007264 VUs  15s  7264.00 iters/s
