
         /\      Grafana   /‾‾/  
    /\  /  \     |\  __   /  /   
   /  \/    \    | |/ /  /   ‾‾\ 
  /          \   |   (  |  (‾)  |
 / __________ \  |_|\_\  \_____/ 

     execution: local
        script: workflow/spin/k6_open_client.js
        output: -

     scenarios: (100.00%) 1 scenario, 10000 max VUs, 15s max duration (incl. graceful stop):
              * default: 459.00 iterations/s for 15s (maxVUs: 459-10000)


running (01.0s), 00017/00459 VUs, 431 complete and 0 interrupted iterations
default   [   7% ] 00017/00459 VUs  01.0s/15s  459.00 iters/s

running (02.0s), 00018/00459 VUs, 888 complete and 0 interrupted iterations
default   [  13% ] 00019/00459 VUs  02.0s/15s  459.00 iters/s

running (03.0s), 00018/00459 VUs, 1348 complete and 0 interrupted iterations
default   [  20% ] 00018/00459 VUs  03.0s/15s  459.00 iters/s

running (04.0s), 00019/00459 VUs, 1806 complete and 0 interrupted iterations
default   [  27% ] 00019/00459 VUs  04.0s/15s  459.00 iters/s

running (05.0s), 00020/00459 VUs, 2264 complete and 0 interrupted iterations
default   [  33% ] 00020/00459 VUs  05.0s/15s  459.00 iters/s

running (06.0s), 00019/00459 VUs, 2724 complete and 0 interrupted iterations
default   [  40% ] 00019/00459 VUs  06.0s/15s  459.00 iters/s

running (07.0s), 00007/00459 VUs, 3195 complete and 0 interrupted iterations
default   [  47% ] 00007/00459 VUs  07.0s/15s  459.00 iters/s

running (08.0s), 00008/00459 VUs, 3653 complete and 0 interrupted iterations
default   [  53% ] 00008/00459 VUs  08.0s/15s  459.00 iters/s

running (09.0s), 00011/00459 VUs, 4109 complete and 0 interrupted iterations
default   [  60% ] 00011/00459 VUs  09.0s/15s  459.00 iters/s

running (10.0s), 00010/00459 VUs, 4569 complete and 0 interrupted iterations
default   [  67% ] 00010/00459 VUs  10.0s/15s  459.00 iters/s

running (11.0s), 00015/00459 VUs, 5023 complete and 0 interrupted iterations
default   [  73% ] 00015/00459 VUs  11.0s/15s  459.00 iters/s

running (12.0s), 00015/00459 VUs, 5482 complete and 0 interrupted iterations
default   [  80% ] 00015/00459 VUs  12.0s/15s  459.00 iters/s

running (13.0s), 00016/00459 VUs, 5939 complete and 0 interrupted iterations
default   [  86% ] 00016/00459 VUs  13.0s/15s  459.00 iters/s

running (14.0s), 00016/00459 VUs, 6399 complete and 0 interrupted iterations
default   [  93% ] 00016/00459 VUs  14.0s/15s  459.00 iters/s

running (15.0s), 00017/00459 VUs, 6857 complete and 0 interrupted iterations
default   [ 100% ] 00017/00459 VUs  15.0s/15s  459.00 iters/s


  █ TOTAL RESULTS 

    HTTP
    http_req_duration..............: avg=27.6ms  min=10.96ms med=27.64ms max=46.03ms p(90)=39.81ms p(95)=41.18ms
      { expected_response:true }...: avg=27.6ms  min=10.96ms med=27.64ms max=46.03ms p(90)=39.81ms p(95)=41.18ms
    http_req_failed................: 0.00%  0 out of 6872
    http_reqs......................: 6872   458.071168/s

    EXECUTION
    iteration_duration.............: avg=27.69ms min=11.03ms med=27.72ms max=46.12ms p(90)=39.88ms p(95)=41.28ms
    iterations.....................: 6872   458.071168/s
    vus............................: 17     min=7         max=19 
    vus_max........................: 459    min=459       max=459

    NETWORK
    data_received..................: 1.4 MB 92 kB/s
    data_sent......................: 1.3 MB 88 kB/s




running (15.0s), 00000/00459 VUs, 6872 complete and 13 interrupted iterations
default ✓ [ 100% ] 00013/00459 VUs  15s  459.00 iters/s
