
         /\      Grafana   /‾‾/  
    /\  /  \     |\  __   /  /   
   /  \/    \    | |/ /  /   ‾‾\ 
  /          \   |   (  |  (‾)  |
 / __________ \  |_|\_\  \_____/ 

     execution: local
        script: workflow/spin/k6_open_client.js
        output: -

     scenarios: (100.00%) 1 scenario, 10000 max VUs, 15s max duration (incl. graceful stop):
              * default: 3920.00 iterations/s for 15s (maxVUs: 3920-10000)


running (00.9s), 00204/03920 VUs, 3170 complete and 0 interrupted iterations
default   [   6% ] 00204/03920 VUs  00.9s/15s  3920.00 iters/s

running (01.9s), 00262/03920 VUs, 7030 complete and 0 interrupted iterations
default   [  12% ] 00262/03920 VUs  01.9s/15s  3920.00 iters/s

running (02.9s), 00227/03920 VUs, 10984 complete and 0 interrupted iterations
default   [  19% ] 00228/03920 VUs  02.9s/15s  3920.00 iters/s

running (03.9s), 00220/03920 VUs, 14909 complete and 0 interrupted iterations
default   [  26% ] 00220/03920 VUs  03.9s/15s  3920.00 iters/s

running (04.9s), 00281/03920 VUs, 18770 complete and 0 interrupted iterations
default   [  32% ] 00281/03920 VUs  04.9s/15s  3920.00 iters/s

running (05.9s), 00206/03920 VUs, 22765 complete and 0 interrupted iterations
default   [  39% ] 00206/03920 VUs  05.9s/15s  3920.00 iters/s

running (06.9s), 00240/03920 VUs, 26651 complete and 0 interrupted iterations
default   [  46% ] 00240/03920 VUs  06.9s/15s  3920.00 iters/s

running (07.9s), 00271/03920 VUs, 30540 complete and 0 interrupted iterations
default   [  52% ] 00271/03920 VUs  07.9s/15s  3920.00 iters/s

running (08.9s), 00260/03920 VUs, 34472 complete and 0 interrupted iterations
default   [  59% ] 00260/03920 VUs  08.9s/15s  3920.00 iters/s

running (09.9s), 00265/03920 VUs, 38386 complete and 0 interrupted iterations
default   [  66% ] 00265/03920 VUs  09.9s/15s  3920.00 iters/s

running (10.9s), 00203/03920 VUs, 42365 complete and 0 interrupted iterations
default   [  72% ] 00205/03920 VUs  10.9s/15s  3920.00 iters/s

running (11.9s), 00286/03920 VUs, 46205 complete and 0 interrupted iterations
default   [  79% ] 00286/03920 VUs  11.9s/15s  3920.00 iters/s

running (12.9s), 00298/03920 VUs, 50113 complete and 0 interrupted iterations
default   [  86% ] 00299/03920 VUs  12.9s/15s  3920.00 iters/s

running (13.9s), 00243/03920 VUs, 54088 complete and 0 interrupted iterations
default   [  92% ] 00243/03920 VUs  13.9s/15s  3920.00 iters/s

running (14.9s), 00235/03920 VUs, 58016 complete and 0 interrupted iterations
default   [  99% ] 00235/03920 VUs  14.9s/15s  3920.00 iters/s


  █ TOTAL RESULTS 

    HTTP
    http_req_duration..............: avg=62.97ms min=33.18ms med=61.28ms max=132.77ms p(90)=75.36ms p(95)=80.86ms
      { expected_response:true }...: avg=62.97ms min=33.18ms med=61.28ms max=132.77ms p(90)=75.36ms p(95)=80.86ms
    http_req_failed................: 0.00% 0 out of 58575
    http_reqs......................: 58575 3903.306637/s

    EXECUTION
    iteration_duration.............: avg=63.07ms min=33.25ms med=61.37ms max=133ms    p(90)=75.45ms p(95)=80.98ms
    iterations.....................: 58575 3903.306637/s
    vus............................: 235   min=201        max=300 
    vus_max........................: 3920  min=3920       max=3920

    NETWORK
    data_received..................: 12 MB 792 kB/s
    data_sent......................: 11 MB 752 kB/s




running (15.0s), 00000/03920 VUs, 58567 complete and 234 interrupted iterations
default ✓ [ 100% ] 00234/03920 VUs  15s  3920.00 iters/s
