
         /\      Grafana   /‾‾/  
    /\  /  \     |\  __   /  /   
   /  \/    \    | |/ /  /   ‾‾\ 
  /          \   |   (  |  (‾)  |
 / __________ \  |_|\_\  \_____/ 

     execution: local
        script: workflow/response/k6_open_client.js
        output: -

     scenarios: (100.00%) 1 scenario, 10000 max VUs, 15s max duration (incl. graceful stop):
              * default: 300.00 iterations/s for 15s (maxVUs: 300-10000)


running (01.0s), 00016/00300 VUs, 279 complete and 0 interrupted iterations
default   [   7% ] 00016/00300 VUs  01.0s/15s  300.00 iters/s

running (02.0s), 00023/00300 VUs, 572 complete and 0 interrupted iterations
default   [  13% ] 00023/00300 VUs  02.0s/15s  300.00 iters/s

running (03.0s), 00022/00300 VUs, 873 complete and 0 interrupted iterations
default   [  20% ] 00022/00300 VUs  03.0s/15s  300.00 iters/s

running (04.0s), 00026/00300 VUs, 1169 complete and 0 interrupted iterations
default   [  27% ] 00026/00300 VUs  04.0s/15s  300.00 iters/s

running (05.0s), 00024/00300 VUs, 1471 complete and 0 interrupted iterations
default   [  33% ] 00024/00300 VUs  05.0s/15s  300.00 iters/s

running (06.0s), 00017/00300 VUs, 1778 complete and 0 interrupted iterations
default   [  40% ] 00017/00300 VUs  06.0s/15s  300.00 iters/s

running (07.0s), 00017/00300 VUs, 2078 complete and 0 interrupted iterations
default   [  47% ] 00017/00300 VUs  07.0s/15s  300.00 iters/s

running (08.0s), 00028/00300 VUs, 2367 complete and 0 interrupted iterations
default   [  53% ] 00028/00300 VUs  08.0s/15s  300.00 iters/s

running (09.0s), 00018/00300 VUs, 2677 complete and 0 interrupted iterations
default   [  60% ] 00018/00300 VUs  09.0s/15s  300.00 iters/s

running (10.0s), 00011/00300 VUs, 2984 complete and 0 interrupted iterations
default   [  67% ] 00011/00300 VUs  10.0s/15s  300.00 iters/s

running (11.0s), 00016/00300 VUs, 3279 complete and 0 interrupted iterations
default   [  73% ] 00016/00300 VUs  11.0s/15s  300.00 iters/s

running (12.0s), 00020/00300 VUs, 3575 complete and 0 interrupted iterations
default   [  80% ] 00020/00300 VUs  12.0s/15s  300.00 iters/s

running (13.0s), 00027/00300 VUs, 3868 complete and 0 interrupted iterations
default   [  87% ] 00027/00300 VUs  13.0s/15s  300.00 iters/s

running (14.0s), 00016/00300 VUs, 4179 complete and 0 interrupted iterations
default   [  93% ] 00016/00300 VUs  14.0s/15s  300.00 iters/s

running (15.0s), 00023/00300 VUs, 4472 complete and 0 interrupted iterations
default   [ 100% ] 00023/00300 VUs  15.0s/15s  300.00 iters/s


  █ TOTAL RESULTS 

    HTTP
    http_req_duration..............: avg=62.6ms  min=32.76ms med=62.26ms max=104.76ms p(90)=79.3ms p(95)=84.38ms
      { expected_response:true }...: avg=62.6ms  min=32.76ms med=62.26ms max=104.76ms p(90)=79.3ms p(95)=84.38ms
    http_req_failed................: 0.00%  0 out of 4481
    http_reqs......................: 4481   298.701377/s

    EXECUTION
    iteration_duration.............: avg=62.69ms min=32.83ms med=62.34ms max=104.84ms p(90)=79.4ms p(95)=84.47ms
    iterations.....................: 4481   298.701377/s
    vus............................: 23     min=11        max=28 
    vus_max........................: 300    min=300       max=300

    NETWORK
    data_received..................: 901 kB 60 kB/s
    data_sent......................: 881 kB 59 kB/s




running (15.0s), 00000/00300 VUs, 4481 complete and 19 interrupted iterations
default ✓ [ 100% ] 00019/00300 VUs  15s  300.00 iters/s
