
         /\      Grafana   /‾‾/  
    /\  /  \     |\  __   /  /   
   /  \/    \    | |/ /  /   ‾‾\ 
  /          \   |   (  |  (‾)  |
 / __________ \  |_|\_\  \_____/ 

     execution: local
        script: workflow/hotel/k6_open_hotels_client.js
        output: -

     scenarios: (100.00%) 1 scenario, 10000 max VUs, 15s max duration (incl. graceful stop):
              * default: 5760.00 iterations/s for 15s (maxVUs: 5760-10000)


running (00.8s), 00675/05760 VUs, 4023 complete and 0 interrupted iterations
default   [   5% ] 00675/05760 VUs  00.8s/15s  5760.00 iters/s

running (01.8s), 00913/05760 VUs, 9549 complete and 0 interrupted iterations
default   [  12% ] 00913/05760 VUs  01.8s/15s  5760.00 iters/s

running (02.8s), 00848/05760 VUs, 15369 complete and 0 interrupted iterations
default   [  19% ] 00848/05760 VUs  02.8s/15s  5760.00 iters/s

running (03.8s), 00927/05760 VUs, 21050 complete and 0 interrupted iterations
default   [  25% ] 00927/05760 VUs  03.8s/15s  5760.00 iters/s

running (04.8s), 00857/05760 VUs, 26881 complete and 0 interrupted iterations
default   [  32% ] 00857/05760 VUs  04.8s/15s  5760.00 iters/s

running (05.8s), 00880/05760 VUs, 32618 complete and 0 interrupted iterations
default   [  39% ] 00880/05760 VUs  05.8s/15s  5760.00 iters/s

running (06.8s), 00842/05760 VUs, 38415 complete and 0 interrupted iterations
default   [  45% ] 00842/05760 VUs  06.8s/15s  5760.00 iters/s

running (07.8s), 00698/05760 VUs, 44319 complete and 0 interrupted iterations
default   [  52% ] 00698/05760 VUs  07.8s/15s  5760.00 iters/s

running (08.8s), 00405/05760 VUs, 50372 complete and 0 interrupted iterations
default   [  59% ] 00405/05760 VUs  08.8s/15s  5760.00 iters/s

running (09.8s), 00308/05760 VUs, 56229 complete and 0 interrupted iterations
default   [  65% ] 00308/05760 VUs  09.8s/15s  5760.00 iters/s

running (10.8s), 00083/05760 VUs, 62214 complete and 0 interrupted iterations
default   [  72% ] 00083/05760 VUs  10.8s/15s  5760.00 iters/s

running (11.8s), 00044/05760 VUs, 68013 complete and 0 interrupted iterations
default   [  79% ] 00044/05760 VUs  11.8s/15s  5760.00 iters/s

running (12.8s), 00061/05760 VUs, 73756 complete and 0 interrupted iterations
default   [  85% ] 00061/05760 VUs  12.8s/15s  5760.00 iters/s

running (13.8s), 00219/05760 VUs, 79358 complete and 0 interrupted iterations
default   [  92% ] 00219/05760 VUs  13.8s/15s  5760.00 iters/s

running (14.8s), 00158/05760 VUs, 85179 complete and 0 interrupted iterations
default   [  99% ] 00157/05760 VUs  14.8s/15s  5760.00 iters/s


  █ TOTAL RESULTS 

    HTTP
    http_req_duration..............: avg=89.97ms min=1.04ms med=108.59ms max=456.82ms p(90)=157.16ms p(95)=160.36ms
      { expected_response:true }...: avg=89.97ms min=1.04ms med=108.59ms max=456.82ms p(90)=157.16ms p(95)=160.36ms
    http_req_failed................: 0.00% 0 out of 86307
    http_reqs......................: 86307 5750.596649/s

    EXECUTION
    iteration_duration.............: avg=90.13ms min=1.14ms med=108.94ms max=456.92ms p(90)=157.28ms p(95)=160.48ms
    iterations.....................: 86307 5750.596649/s
    vus............................: 157   min=45         max=928 
    vus_max........................: 5760  min=5760       max=5760

    NETWORK
    data_received..................: 25 MB 1.6 MB/s
    data_sent......................: 28 MB 1.9 MB/s




running (15.0s), 00000/05760 VUs, 86303 complete and 98 interrupted iterations
default ✓ [ 100% ] 00098/05760 VUs  15s  5760.00 iters/s
