
         /\      Grafana   /‾‾/  
    /\  /  \     |\  __   /  /   
   /  \/    \    | |/ /  /   ‾‾\ 
  /          \   |   (  |  (‾)  |
 / __________ \  |_|\_\  \_____/ 

     execution: local
        script: workflow/spin/k6_open_client.js
        output: -

     scenarios: (100.00%) 1 scenario, 10000 max VUs, 15s max duration (incl. graceful stop):
              * default: 2334.00 iterations/s for 15s (maxVUs: 2334-10000)


running (00.9s), 00138/02334 VUs, 2023 complete and 0 interrupted iterations
default   [   6% ] 00138/02334 VUs  00.9s/15s  2334.00 iters/s

running (01.9s), 00139/02334 VUs, 4355 complete and 0 interrupted iterations
default   [  13% ] 00139/02334 VUs  01.9s/15s  2334.00 iters/s

running (02.9s), 00143/02334 VUs, 6684 complete and 0 interrupted iterations
default   [  20% ] 00143/02334 VUs  02.9s/15s  2334.00 iters/s

running (03.9s), 00141/02334 VUs, 9021 complete and 0 interrupted iterations
default   [  26% ] 00141/02334 VUs  03.9s/15s  2334.00 iters/s

running (04.9s), 00134/02334 VUs, 11361 complete and 0 interrupted iterations
default   [  33% ] 00134/02334 VUs  04.9s/15s  2334.00 iters/s

running (05.9s), 00115/02334 VUs, 13715 complete and 0 interrupted iterations
default   [  40% ] 00115/02334 VUs  05.9s/15s  2334.00 iters/s

running (06.9s), 00100/02334 VUs, 16064 complete and 0 interrupted iterations
default   [  46% ] 00100/02334 VUs  06.9s/15s  2334.00 iters/s

running (07.9s), 00118/02334 VUs, 18380 complete and 0 interrupted iterations
default   [  53% ] 00118/02334 VUs  07.9s/15s  2334.00 iters/s

running (08.9s), 00118/02334 VUs, 20714 complete and 0 interrupted iterations
default   [  60% ] 00118/02334 VUs  08.9s/15s  2334.00 iters/s

running (09.9s), 00118/02334 VUs, 23049 complete and 0 interrupted iterations
default   [  66% ] 00118/02334 VUs  09.9s/15s  2334.00 iters/s

running (10.9s), 00141/02334 VUs, 25360 complete and 0 interrupted iterations
default   [  73% ] 00141/02334 VUs  10.9s/15s  2334.00 iters/s

running (11.9s), 00124/02334 VUs, 27708 complete and 0 interrupted iterations
default   [  80% ] 00124/02334 VUs  11.9s/15s  2334.00 iters/s

running (12.9s), 00138/02334 VUs, 30030 complete and 0 interrupted iterations
default   [  86% ] 00138/02334 VUs  12.9s/15s  2334.00 iters/s

running (13.9s), 00120/02334 VUs, 32382 complete and 0 interrupted iterations
default   [  93% ] 00120/02334 VUs  13.9s/15s  2334.00 iters/s

running (14.9s), 00106/02334 VUs, 34731 complete and 0 interrupted iterations
default   [ 100% ] 00106/02334 VUs  14.9s/15s  2334.00 iters/s


  █ TOTAL RESULTS 

    HTTP
    http_req_duration..............: avg=52.93ms min=32.05ms med=52.66ms max=83.44ms p(90)=62.85ms p(95)=65.86ms
      { expected_response:true }...: avg=52.93ms min=32.05ms med=52.66ms max=83.44ms p(90)=62.85ms p(95)=65.86ms
    http_req_failed................: 0.00%  0 out of 34878
    http_reqs......................: 34878  2324.523429/s

    EXECUTION
    iteration_duration.............: avg=53.03ms min=32.15ms med=52.74ms max=84.06ms p(90)=62.95ms p(95)=65.99ms
    iterations.....................: 34878  2324.523429/s
    vus............................: 106    min=100        max=143 
    vus_max........................: 2334   min=2334       max=2334

    NETWORK
    data_received..................: 7.1 MB 472 kB/s
    data_sent......................: 6.7 MB 448 kB/s




running (15.0s), 00000/02334 VUs, 34878 complete and 132 interrupted iterations
default ✓ [ 100% ] 00132/02334 VUs  15s  2334.00 iters/s
