
         /\      Grafana   /‾‾/  
    /\  /  \     |\  __   /  /   
   /  \/    \    | |/ /  /   ‾‾\ 
  /          \   |   (  |  (‾)  |
 / __________ \  |_|\_\  \_____/ 

     execution: local
        script: workflow/hotel/k6_open_hotels_client.js
        output: -

     scenarios: (100.00%) 1 scenario, 10000 max VUs, 10s max duration (incl. graceful stop):
              * default: 98.00 iterations/s for 10s (maxVUs: 98-10000)


running (01.0s), 00051/00098 VUs, 46 complete and 0 interrupted iterations
default   [  10% ] 00051/00098 VUs  01.0s/10s  98.00 iters/s

running (02.0s), 00053/00098 VUs, 143 complete and 0 interrupted iterations
default   [  20% ] 00053/00098 VUs  02.0s/10s  98.00 iters/s

running (03.0s), 00053/00098 VUs, 241 complete and 0 interrupted iterations
default   [  30% ] 00053/00098 VUs  03.0s/10s  98.00 iters/s

running (04.0s), 00053/00098 VUs, 339 complete and 0 interrupted iterations
default   [  40% ] 00053/00098 VUs  04.0s/10s  98.00 iters/s

running (05.0s), 00053/00098 VUs, 437 complete and 0 interrupted iterations
default   [  50% ] 00053/00098 VUs  05.0s/10s  98.00 iters/s

running (06.0s), 00053/00098 VUs, 535 complete and 0 interrupted iterations
default   [  60% ] 00053/00098 VUs  06.0s/10s  98.00 iters/s

running (07.0s), 00053/00098 VUs, 633 complete and 0 interrupted iterations
default   [  70% ] 00053/00098 VUs  07.0s/10s  98.00 iters/s

running (08.0s), 00053/00098 VUs, 731 complete and 0 interrupted iterations
default   [  80% ] 00053/00098 VUs  08.0s/10s  98.00 iters/s

running (09.0s), 00053/00098 VUs, 829 complete and 0 interrupted iterations
default   [  90% ] 00053/00098 VUs  09.0s/10s  98.00 iters/s

running (10.0s), 00053/00098 VUs, 927 complete and 0 interrupted iterations
default   [ 100% ] 00053/00098 VUs  10.0s/10s  98.00 iters/s


  █ TOTAL RESULTS 

    HTTP
    http_req_duration..............: avg=2.85ms min=2.25ms med=2.71ms max=5.53ms p(90)=3.38ms p(95)=4.22ms
      { expected_response:true }...: avg=2.85ms min=2.25ms med=2.71ms max=5.53ms p(90)=3.38ms p(95)=4.22ms
    http_req_failed................: 0.00%  0 out of 928
    http_reqs......................: 928    92.787207/s

    EXECUTION
    iteration_duration.............: avg=3ms    min=2.36ms med=2.85ms max=5.66ms p(90)=3.6ms  p(95)=4.37ms
    iterations.....................: 928    92.787207/s
    vus............................: 53     min=52       max=53
    vus_max........................: 98     min=98       max=98

    NETWORK
    data_received..................: 263 kB 26 kB/s
    data_sent......................: 305 kB 31 kB/s




running (10.0s), 00000/00098 VUs, 928 complete and 53 interrupted iterations
default ✓ [ 100% ] 00053/00098 VUs  10s  98.00 iters/s
