
         /\      Grafana   /‾‾/  
    /\  /  \     |\  __   /  /   
   /  \/    \    | |/ /  /   ‾‾\ 
  /          \   |   (  |  (‾)  |
 / __________ \  |_|\_\  \_____/ 

     execution: local
        script: workflow/spin/k6_open_client.js
        output: -

     scenarios: (100.00%) 1 scenario, 10000 max VUs, 15s max duration (incl. graceful stop):
              * default: 2337.00 iterations/s for 15s (maxVUs: 2337-10000)


running (00.9s), 00410/02337 VUs, 1747 complete and 0 interrupted iterations
default   [   6% ] 00410/02337 VUs  00.9s/15s  2337.00 iters/s

running (01.9s), 00541/02337 VUs, 3953 complete and 0 interrupted iterations
default   [  13% ] 00541/02337 VUs  01.9s/15s  2337.00 iters/s

running (02.9s), 00386/02337 VUs, 6444 complete and 0 interrupted iterations
default   [  19% ] 00386/02337 VUs  02.9s/15s  2337.00 iters/s

running (03.9s), 00506/02337 VUs, 8663 complete and 0 interrupted iterations
default   [  26% ] 00506/02337 VUs  03.9s/15s  2337.00 iters/s

running (04.9s), 00635/02337 VUs, 10869 complete and 0 interrupted iterations
default   [  33% ] 00635/02337 VUs  04.9s/15s  2337.00 iters/s

running (05.9s), 00520/02337 VUs, 13321 complete and 0 interrupted iterations
default   [  39% ] 00520/02337 VUs  05.9s/15s  2337.00 iters/s

running (06.9s), 00615/02337 VUs, 15562 complete and 0 interrupted iterations
default   [  46% ] 00615/02337 VUs  06.9s/15s  2337.00 iters/s

running (07.9s), 00547/02337 VUs, 17969 complete and 0 interrupted iterations
default   [  53% ] 00547/02337 VUs  07.9s/15s  2337.00 iters/s

running (08.9s), 00621/02337 VUs, 20231 complete and 0 interrupted iterations
default   [  59% ] 00621/02337 VUs  08.9s/15s  2337.00 iters/s

running (09.9s), 00585/02337 VUs, 22604 complete and 0 interrupted iterations
default   [  66% ] 00585/02337 VUs  09.9s/15s  2337.00 iters/s

running (10.9s), 00468/02337 VUs, 25059 complete and 0 interrupted iterations
default   [  73% ] 00468/02337 VUs  10.9s/15s  2337.00 iters/s

running (11.9s), 00577/02337 VUs, 27286 complete and 0 interrupted iterations
default   [  79% ] 00577/02337 VUs  11.9s/15s  2337.00 iters/s

running (12.9s), 00453/02337 VUs, 29747 complete and 0 interrupted iterations
default   [  86% ] 00453/02337 VUs  12.9s/15s  2337.00 iters/s

running (13.9s), 00548/02337 VUs, 31989 complete and 0 interrupted iterations
default   [  93% ] 00548/02337 VUs  13.9s/15s  2337.00 iters/s

running (14.9s), 00451/02337 VUs, 34423 complete and 0 interrupted iterations
default   [  99% ] 00451/02337 VUs  14.9s/15s  2337.00 iters/s


  █ TOTAL RESULTS 

    HTTP
    http_req_duration..............: avg=223.52ms min=145.78ms med=224.06ms max=293.51ms p(90)=261.75ms p(95)=268.84ms
      { expected_response:true }...: avg=223.52ms min=145.78ms med=224.06ms max=293.51ms p(90)=261.75ms p(95)=268.84ms
    http_req_failed................: 0.00%  0 out of 34673
    http_reqs......................: 34673  2310.671104/s

    EXECUTION
    iteration_duration.............: avg=223.61ms min=146.01ms med=224.17ms max=293.58ms p(90)=261.81ms p(95)=268.92ms
    iterations.....................: 34673  2310.671104/s
    vus............................: 451    min=386        max=635 
    vus_max........................: 2337   min=2337       max=2337

    NETWORK
    data_received..................: 7.0 MB 469 kB/s
    data_sent......................: 6.7 MB 448 kB/s




running (15.0s), 00000/02337 VUs, 34673 complete and 383 interrupted iterations
default ✓ [ 100% ] 00383/02337 VUs  15s  2337.00 iters/s
