
         /\      Grafana   /‾‾/  
    /\  /  \     |\  __   /  /   
   /  \/    \    | |/ /  /   ‾‾\ 
  /          \   |   (  |  (‾)  |
 / __________ \  |_|\_\  \_____/ 

     execution: local
        script: workflow/spin/k6_open_client.js
        output: -

     scenarios: (100.00%) 1 scenario, 10000 max VUs, 15s max duration (incl. graceful stop):
              * default: 2773.00 iterations/s for 15s (maxVUs: 2773-10000)


running (00.9s), 00197/02773 VUs, 2301 complete and 0 interrupted iterations
default   [   6% ] 00197/02773 VUs  00.9s/15s  2773.00 iters/s

running (01.9s), 00212/02773 VUs, 5058 complete and 0 interrupted iterations
default   [  13% ] 00214/02773 VUs  01.9s/15s  2773.00 iters/s

running (02.9s), 00203/02773 VUs, 7840 complete and 0 interrupted iterations
default   [  19% ] 00203/02773 VUs  02.9s/15s  2773.00 iters/s

running (03.9s), 00223/02773 VUs, 10594 complete and 0 interrupted iterations
default   [  26% ] 00223/02773 VUs  03.9s/15s  2773.00 iters/s

running (04.9s), 00163/02773 VUs, 13428 complete and 0 interrupted iterations
default   [  33% ] 00163/02773 VUs  04.9s/15s  2773.00 iters/s

running (05.9s), 00208/02773 VUs, 16155 complete and 0 interrupted iterations
default   [  39% ] 00208/02773 VUs  05.9s/15s  2773.00 iters/s

running (06.9s), 00237/02773 VUs, 18898 complete and 0 interrupted iterations
default   [  46% ] 00238/02773 VUs  06.9s/15s  2773.00 iters/s

running (07.9s), 00202/02773 VUs, 21705 complete and 0 interrupted iterations
default   [  53% ] 00203/02773 VUs  07.9s/15s  2773.00 iters/s

running (08.9s), 00245/02773 VUs, 24435 complete and 0 interrupted iterations
default   [  59% ] 00245/02773 VUs  08.9s/15s  2773.00 iters/s

running (09.9s), 00249/02773 VUs, 27206 complete and 0 interrupted iterations
default   [  66% ] 00249/02773 VUs  09.9s/15s  2773.00 iters/s

running (10.9s), 00254/02773 VUs, 29974 complete and 0 interrupted iterations
default   [  73% ] 00255/02773 VUs  10.9s/15s  2773.00 iters/s

running (11.9s), 00215/02773 VUs, 32786 complete and 0 interrupted iterations
default   [  79% ] 00215/02773 VUs  11.9s/15s  2773.00 iters/s

running (12.9s), 00206/02773 VUs, 35568 complete and 0 interrupted iterations
default   [  86% ] 00206/02773 VUs  12.9s/15s  2773.00 iters/s

running (13.9s), 00192/02773 VUs, 38355 complete and 0 interrupted iterations
default   [  93% ] 00192/02773 VUs  13.9s/15s  2773.00 iters/s

running (14.9s), 00197/02773 VUs, 41124 complete and 0 interrupted iterations
default   [  99% ] 00197/02773 VUs  14.9s/15s  2773.00 iters/s


  █ TOTAL RESULTS 

    HTTP
    http_req_duration..............: avg=75.2ms  min=44.05ms med=74.56ms max=103.79ms p(90)=87.02ms p(95)=89.5ms
      { expected_response:true }...: avg=75.2ms  min=44.05ms med=74.56ms max=103.79ms p(90)=87.02ms p(95)=89.5ms
    http_req_failed................: 0.00%  0 out of 41399
    http_reqs......................: 41399  2758.976566/s

    EXECUTION
    iteration_duration.............: avg=75.29ms min=44.44ms med=74.65ms max=103.89ms p(90)=87.09ms p(95)=89.6ms
    iterations.....................: 41399  2758.976566/s
    vus............................: 196    min=161        max=255 
    vus_max........................: 2773   min=2773       max=2773

    NETWORK
    data_received..................: 8.4 MB 560 kB/s
    data_sent......................: 8.0 MB 532 kB/s




running (15.0s), 00000/02773 VUs, 41399 complete and 196 interrupted iterations
default ✓ [ 100% ] 00196/02773 VUs  15s  2773.00 iters/s
