
         /\      Grafana   /‾‾/  
    /\  /  \     |\  __   /  /   
   /  \/    \    | |/ /  /   ‾‾\ 
  /          \   |   (  |  (‾)  |
 / __________ \  |_|\_\  \_____/ 

     execution: local
        script: workflow/spin/k6_open_client.js
        output: -

     scenarios: (100.00%) 1 scenario, 10000 max VUs, 15s max duration (incl. graceful stop):
              * default: 1483.00 iterations/s for 15s (maxVUs: 1483-10000)


running (00.9s), 00193/01483 VUs, 1202 complete and 0 interrupted iterations
default   [   6% ] 00193/01483 VUs  00.9s/15s  1483.00 iters/s

running (01.9s), 00232/01483 VUs, 2645 complete and 0 interrupted iterations
default   [  13% ] 00232/01483 VUs  01.9s/15s  1483.00 iters/s

running (02.9s), 00271/01483 VUs, 4089 complete and 0 interrupted iterations
default   [  20% ] 00271/01483 VUs  02.9s/15s  1483.00 iters/s

running (03.9s), 00344/01483 VUs, 5501 complete and 0 interrupted iterations
default   [  26% ] 00344/01483 VUs  03.9s/15s  1483.00 iters/s

running (04.9s), 00423/01483 VUs, 6904 complete and 0 interrupted iterations
default   [  33% ] 00423/01483 VUs  04.9s/15s  1483.00 iters/s

running (05.9s), 00477/01483 VUs, 8333 complete and 0 interrupted iterations
default   [  40% ] 00477/01483 VUs  05.9s/15s  1483.00 iters/s

running (06.9s), 00518/01483 VUs, 9776 complete and 0 interrupted iterations
default   [  46% ] 00518/01483 VUs  06.9s/15s  1483.00 iters/s

running (07.9s), 00588/01483 VUs, 11189 complete and 0 interrupted iterations
default   [  53% ] 00588/01483 VUs  07.9s/15s  1483.00 iters/s

running (08.9s), 00624/01483 VUs, 12636 complete and 0 interrupted iterations
default   [  60% ] 00624/01483 VUs  08.9s/15s  1483.00 iters/s

running (09.9s), 00682/01483 VUs, 14062 complete and 0 interrupted iterations
default   [  66% ] 00682/01483 VUs  09.9s/15s  1483.00 iters/s

running (10.9s), 00712/01483 VUs, 15515 complete and 0 interrupted iterations
default   [  73% ] 00712/01483 VUs  10.9s/15s  1483.00 iters/s

running (11.9s), 00749/01483 VUs, 16958 complete and 0 interrupted iterations
default   [  80% ] 00749/01483 VUs  11.9s/15s  1483.00 iters/s

running (12.9s), 00787/01483 VUs, 18404 complete and 0 interrupted iterations
default   [  86% ] 00787/01483 VUs  12.9s/15s  1483.00 iters/s

running (13.9s), 00775/01483 VUs, 19900 complete and 0 interrupted iterations
default   [  93% ] 00775/01483 VUs  13.9s/15s  1483.00 iters/s

running (14.9s), 00842/01483 VUs, 21315 complete and 0 interrupted iterations
default   [ 100% ] 00841/01483 VUs  14.9s/15s  1483.00 iters/s


  █ TOTAL RESULTS 

    HTTP
    http_req_duration..............: avg=355ms    min=63.76ms med=377.89ms max=584.81ms p(90)=528.89ms p(95)=540.26ms
      { expected_response:true }...: avg=355ms    min=63.76ms med=377.89ms max=584.81ms p(90)=528.89ms p(95)=540.26ms
    http_req_failed................: 0.00%  0 out of 21400
    http_reqs......................: 21400  1425.927264/s

    EXECUTION
    iteration_duration.............: avg=355.09ms min=63.99ms med=377.96ms max=584.95ms p(90)=528.96ms p(95)=540.33ms
    iterations.....................: 21400  1425.927264/s
    vus............................: 841    min=191        max=841 
    vus_max........................: 1483   min=1483       max=1483

    NETWORK
    data_received..................: 4.3 MB 289 kB/s
    data_sent......................: 4.3 MB 284 kB/s




running (15.0s), 00000/01483 VUs, 21391 complete and 855 interrupted iterations
default ✓ [ 100% ] 00855/01483 VUs  15s  1483.00 iters/s
