
         /\      Grafana   /‾‾/  
    /\  /  \     |\  __   /  /   
   /  \/    \    | |/ /  /   ‾‾\ 
  /          \   |   (  |  (‾)  |
 / __________ \  |_|\_\  \_____/ 

     execution: local
        script: workflow/write/k6_open_client.js
        output: -

     scenarios: (100.00%) 1 scenario, 10000 max VUs, 15s max duration (incl. graceful stop):
              * default: 5630.00 iterations/s for 15s (maxVUs: 5630-10000)


running (00.8s), 00651/05630 VUs, 3964 complete and 0 interrupted iterations
default   [   5% ] 00651/05630 VUs  00.8s/15s  5630.00 iters/s

running (01.8s), 00497/05630 VUs, 9748 complete and 0 interrupted iterations
default   [  12% ] 00497/05630 VUs  01.8s/15s  5630.00 iters/s

running (02.8s), 00261/05630 VUs, 15614 complete and 0 interrupted iterations
default   [  19% ] 00261/05630 VUs  02.8s/15s  5630.00 iters/s

running (03.8s), 00336/05630 VUs, 21169 complete and 0 interrupted iterations
default   [  25% ] 00336/05630 VUs  03.8s/15s  5630.00 iters/s

running (04.8s), 00216/05630 VUs, 26919 complete and 0 interrupted iterations
default   [  32% ] 00216/05630 VUs  04.8s/15s  5630.00 iters/s

running (05.8s), 00224/05630 VUs, 32541 complete and 0 interrupted iterations
default   [  39% ] 00223/05630 VUs  05.8s/15s  5630.00 iters/s

running (06.8s), 00209/05630 VUs, 38186 complete and 0 interrupted iterations
default   [  45% ] 00209/05630 VUs  06.8s/15s  5630.00 iters/s

running (07.8s), 00421/05630 VUs, 43604 complete and 0 interrupted iterations
default   [  52% ] 00421/05630 VUs  07.8s/15s  5630.00 iters/s

running (08.8s), 00283/05630 VUs, 49372 complete and 0 interrupted iterations
default   [  59% ] 00283/05630 VUs  08.8s/15s  5630.00 iters/s

running (09.8s), 00207/05630 VUs, 55070 complete and 0 interrupted iterations
default   [  65% ] 00207/05630 VUs  09.8s/15s  5630.00 iters/s

running (10.8s), 00241/05630 VUs, 60674 complete and 0 interrupted iterations
default   [  72% ] 00241/05630 VUs  10.8s/15s  5630.00 iters/s

running (11.8s), 00237/05630 VUs, 66306 complete and 0 interrupted iterations
default   [  79% ] 00238/05630 VUs  11.8s/15s  5630.00 iters/s

running (12.8s), 00247/05630 VUs, 71929 complete and 0 interrupted iterations
default   [  85% ] 00247/05630 VUs  12.8s/15s  5630.00 iters/s

running (13.8s), 00245/05630 VUs, 77560 complete and 0 interrupted iterations
default   [  92% ] 00245/05630 VUs  13.8s/15s  5630.00 iters/s

running (14.8s), 00231/05630 VUs, 83202 complete and 0 interrupted iterations
default   [  99% ] 00231/05630 VUs  14.8s/15s  5630.00 iters/s


  █ TOTAL RESULTS 

    HTTP
    http_req_duration..............: avg=56.39ms min=34.88ms med=46.12ms max=155.46ms p(90)=94.64ms p(95)=111.19ms
      { expected_response:true }...: avg=56.39ms min=34.88ms med=46.12ms max=155.46ms p(90)=94.64ms p(95)=111.19ms
    http_req_failed................: 0.00%  0 out of 84226
    http_reqs......................: 84226  5611.645112/s

    EXECUTION
    iteration_duration.............: avg=56.48ms min=34.94ms med=46.18ms max=155.85ms p(90)=94.72ms p(95)=111.58ms
    iterations.....................: 84226  5611.645112/s
    vus............................: 237    min=204        max=650 
    vus_max........................: 5630   min=5630       max=5630

    NETWORK
    data_received..................: 17 MB  1.1 MB/s
    data_sent......................: 8.4 MB 563 kB/s




running (15.0s), 00000/05630 VUs, 84226 complete and 229 interrupted iterations
default ✓ [ 100% ] 00229/05630 VUs  15s  5630.00 iters/s
