
         /\      Grafana   /‾‾/  
    /\  /  \     |\  __   /  /   
   /  \/    \    | |/ /  /   ‾‾\ 
  /          \   |   (  |  (‾)  |
 / __________ \  |_|\_\  \_____/ 

     execution: local
        script: workflow/online_boutique/k6_open_add_to_cart.js
        output: -

     scenarios: (100.00%) 1 scenario, 10000 max VUs, 15s max duration (incl. graceful stop):
              * default: 6300.00 iterations/s for 15s (maxVUs: 6300-10000)


running (00.8s), 01092/06300 VUs, 3914 complete and 0 interrupted iterations
default   [   5% ] 01092/06300 VUs  00.8s/15s  6300.00 iters/s

running (01.8s), 00472/06300 VUs, 10834 complete and 0 interrupted iterations
default   [  12% ] 00472/06300 VUs  01.8s/15s  6300.00 iters/s

running (02.8s), 00010/06300 VUs, 17596 complete and 0 interrupted iterations
default   [  19% ] 00010/06300 VUs  02.8s/15s  6300.00 iters/s

running (03.8s), 00013/06300 VUs, 23893 complete and 0 interrupted iterations
default   [  25% ] 00013/06300 VUs  03.8s/15s  6300.00 iters/s

running (04.8s), 00013/06300 VUs, 30193 complete and 0 interrupted iterations
default   [  32% ] 00013/06300 VUs  04.8s/15s  6300.00 iters/s

running (05.8s), 00009/06300 VUs, 36500 complete and 0 interrupted iterations
default   [  39% ] 00009/06300 VUs  05.8s/15s  6300.00 iters/s

running (06.8s), 00272/06300 VUs, 42534 complete and 0 interrupted iterations
default   [  45% ] 00272/06300 VUs  06.8s/15s  6300.00 iters/s

running (07.8s), 00161/06300 VUs, 48945 complete and 0 interrupted iterations
default   [  52% ] 00161/06300 VUs  07.8s/15s  6300.00 iters/s

running (08.8s), 00012/06300 VUs, 55395 complete and 0 interrupted iterations
default   [  59% ] 00012/06300 VUs  08.8s/15s  6300.00 iters/s

running (09.8s), 00016/06300 VUs, 61691 complete and 0 interrupted iterations
default   [  65% ] 00016/06300 VUs  09.8s/15s  6300.00 iters/s

running (10.8s), 00009/06300 VUs, 67997 complete and 0 interrupted iterations
default   [  72% ] 00009/06300 VUs  10.8s/15s  6300.00 iters/s

running (11.8s), 00009/06300 VUs, 74300 complete and 0 interrupted iterations
default   [  79% ] 00009/06300 VUs  11.8s/15s  6300.00 iters/s

running (12.8s), 00018/06300 VUs, 80589 complete and 0 interrupted iterations
default   [  85% ] 00018/06300 VUs  12.8s/15s  6300.00 iters/s

running (13.8s), 00015/06300 VUs, 86891 complete and 0 interrupted iterations
default   [  92% ] 00015/06300 VUs  13.8s/15s  6300.00 iters/s

running (14.8s), 00009/06300 VUs, 93199 complete and 0 interrupted iterations
default   [  99% ] 00009/06300 VUs  14.8s/15s  6300.00 iters/s


  █ TOTAL RESULTS 

    CUSTOM
    online_boutique_application_errors...: 0.00% 0 out of 94260

    HTTP
    http_req_duration....................: avg=24.1ms  min=681.73µs med=2.4ms  max=318.07ms p(90)=82.53ms p(95)=151.97ms
      { expected_response:true }.........: avg=24.1ms  min=681.73µs med=2.4ms  max=318.07ms p(90)=82.53ms p(95)=151.97ms
    http_req_failed......................: 0.00% 0 out of 94272
    http_reqs............................: 94272 6280.349084/s

    EXECUTION
    iteration_duration...................: avg=25.03ms min=825.96µs med=2.56ms max=372.11ms p(90)=92.97ms p(95)=156.21ms
    iterations...........................: 94272 6280.349084/s
    vus..................................: 9     min=9          max=1092
    vus_max..............................: 6300  min=6300       max=6300

    NETWORK
    data_received........................: 82 MB 5.4 MB/s
    data_sent............................: 25 MB 1.6 MB/s




running (15.0s), 00000/06300 VUs, 94250 complete and 251 interrupted iterations
default ✓ [ 100% ] 00251/06300 VUs  15s  6300.00 iters/s
