
         /\      Grafana   /‾‾/  
    /\  /  \     |\  __   /  /   
   /  \/    \    | |/ /  /   ‾‾\ 
  /          \   |   (  |  (‾)  |
 / __________ \  |_|\_\  \_____/ 

     execution: local
        script: workflow/write/k6_open_client.js
        output: -

     scenarios: (100.00%) 1 scenario, 10000 max VUs, 15s max duration (incl. graceful stop):
              * default: 5625.00 iterations/s for 15s (maxVUs: 5625-10000)


running (00.8s), 01224/05625 VUs, 3327 complete and 0 interrupted iterations
default   [   5% ] 01224/05625 VUs  00.8s/15s  5625.00 iters/s

running (01.8s), 01679/05625 VUs, 8501 complete and 0 interrupted iterations
default   [  12% ] 01679/05625 VUs  01.8s/15s  5625.00 iters/s

running (02.8s), 01942/05625 VUs, 13858 complete and 0 interrupted iterations
default   [  19% ] 01942/05625 VUs  02.8s/15s  5625.00 iters/s

running (03.8s), 01906/05625 VUs, 19519 complete and 0 interrupted iterations
default   [  25% ] 01906/05625 VUs  03.8s/15s  5625.00 iters/s

running (04.8s), 02034/05625 VUs, 25013 complete and 0 interrupted iterations
default   [  32% ] 02034/05625 VUs  04.8s/15s  5625.00 iters/s

running (05.8s), 01996/05625 VUs, 30679 complete and 0 interrupted iterations
default   [  39% ] 01996/05625 VUs  05.8s/15s  5625.00 iters/s

running (06.8s), 01930/05625 VUs, 36370 complete and 0 interrupted iterations
default   [  45% ] 01930/05625 VUs  06.8s/15s  5625.00 iters/s

running (07.8s), 01546/05625 VUs, 42379 complete and 0 interrupted iterations
default   [  52% ] 01546/05625 VUs  07.8s/15s  5625.00 iters/s

running (08.8s), 01134/05625 VUs, 48416 complete and 0 interrupted iterations
default   [  59% ] 01134/05625 VUs  08.8s/15s  5625.00 iters/s

running (09.8s), 00904/05625 VUs, 54271 complete and 0 interrupted iterations
default   [  65% ] 00904/05625 VUs  09.8s/15s  5625.00 iters/s

running (10.8s), 00860/05625 VUs, 59940 complete and 0 interrupted iterations
default   [  72% ] 00860/05625 VUs  10.8s/15s  5625.00 iters/s

running (11.8s), 01155/05625 VUs, 65270 complete and 0 interrupted iterations
default   [  79% ] 01155/05625 VUs  11.8s/15s  5625.00 iters/s

running (12.8s), 01318/05625 VUs, 70732 complete and 0 interrupted iterations
default   [  85% ] 01318/05625 VUs  12.8s/15s  5625.00 iters/s

running (13.8s), 01042/05625 VUs, 76633 complete and 0 interrupted iterations
default   [  92% ] 01042/05625 VUs  13.8s/15s  5625.00 iters/s

running (14.8s), 00813/05625 VUs, 82485 complete and 0 interrupted iterations
default   [  99% ] 00814/05625 VUs  14.8s/15s  5625.00 iters/s


  █ TOTAL RESULTS 

    HTTP
    http_req_duration..............: avg=256.21ms min=79.32ms med=234.63ms max=380.4ms  p(90)=357.82ms p(95)=365.81ms
      { expected_response:true }...: avg=256.21ms min=79.32ms med=234.63ms max=380.4ms  p(90)=357.82ms p(95)=365.81ms
    http_req_failed................: 0.00%  0 out of 83630
    http_reqs......................: 83630  5570.856651/s

    EXECUTION
    iteration_duration.............: avg=256.29ms min=80.08ms med=234.72ms max=380.45ms p(90)=357.88ms p(95)=365.87ms
    iterations.....................: 83630  5570.856651/s
    vus............................: 812    min=812        max=2040
    vus_max........................: 5625   min=5625       max=5625

    NETWORK
    data_received..................: 17 MB  1.1 MB/s
    data_sent......................: 8.4 MB 562 kB/s




running (15.0s), 00000/05625 VUs, 83602 complete and 774 interrupted iterations
default ✓ [ 100% ] 00774/05625 VUs  15s  5625.00 iters/s
