
         /\      Grafana   /‾‾/  
    /\  /  \     |\  __   /  /   
   /  \/    \    | |/ /  /   ‾‾\ 
  /          \   |   (  |  (‾)  |
 / __________ \  |_|\_\  \_____/ 

     execution: local
        script: workflow/write/k6_open_client.js
        output: -

     scenarios: (100.00%) 1 scenario, 10000 max VUs, 15s max duration (incl. graceful stop):
              * default: 5646.00 iterations/s for 15s (maxVUs: 5646-10000)


running (00.8s), 00406/05646 VUs, 4271 complete and 0 interrupted iterations
default   [   6% ] 00406/05646 VUs  00.8s/15s  5646.00 iters/s

running (01.8s), 00423/05646 VUs, 9900 complete and 0 interrupted iterations
default   [  12% ] 00423/05646 VUs  01.8s/15s  5646.00 iters/s

running (02.8s), 00356/05646 VUs, 15616 complete and 0 interrupted iterations
default   [  19% ] 00356/05646 VUs  02.8s/15s  5646.00 iters/s

running (03.8s), 00252/05646 VUs, 21363 complete and 0 interrupted iterations
default   [  26% ] 00252/05646 VUs  03.8s/15s  5646.00 iters/s

running (04.8s), 00282/05646 VUs, 26977 complete and 0 interrupted iterations
default   [  32% ] 00282/05646 VUs  04.8s/15s  5646.00 iters/s

running (05.8s), 00254/05646 VUs, 32653 complete and 0 interrupted iterations
default   [  39% ] 00254/05646 VUs  05.8s/15s  5646.00 iters/s

running (06.8s), 00251/05646 VUs, 38302 complete and 0 interrupted iterations
default   [  46% ] 00251/05646 VUs  06.8s/15s  5646.00 iters/s

running (07.8s), 00216/05646 VUs, 43983 complete and 0 interrupted iterations
default   [  52% ] 00216/05646 VUs  07.8s/15s  5646.00 iters/s

running (08.8s), 00256/05646 VUs, 49589 complete and 0 interrupted iterations
default   [  59% ] 00256/05646 VUs  08.8s/15s  5646.00 iters/s

running (09.8s), 00312/05646 VUs, 55179 complete and 0 interrupted iterations
default   [  66% ] 00312/05646 VUs  09.8s/15s  5646.00 iters/s

running (10.8s), 00262/05646 VUs, 60880 complete and 0 interrupted iterations
default   [  72% ] 00261/05646 VUs  10.8s/15s  5646.00 iters/s

running (11.8s), 01005/05646 VUs, 65778 complete and 0 interrupted iterations
default   [  79% ] 01005/05646 VUs  11.8s/15s  5646.00 iters/s

running (12.8s), 00980/05646 VUs, 71449 complete and 0 interrupted iterations
default   [  86% ] 00980/05646 VUs  12.8s/15s  5646.00 iters/s

running (13.8s), 00910/05646 VUs, 77170 complete and 0 interrupted iterations
default   [  92% ] 00910/05646 VUs  13.8s/15s  5646.00 iters/s

running (14.8s), 00458/05646 VUs, 83263 complete and 0 interrupted iterations
default   [  99% ] 00458/05646 VUs  14.8s/15s  5646.00 iters/s


  █ TOTAL RESULTS 

    HTTP
    http_req_duration..............: avg=76.65ms min=35.57ms med=51.28ms max=221.11ms p(90)=162.54ms p(95)=174.42ms
      { expected_response:true }...: avg=76.65ms min=35.57ms med=51.28ms max=221.11ms p(90)=162.54ms p(95)=174.42ms
    http_req_failed................: 0.00%  0 out of 84344
    http_reqs......................: 84344  5619.257598/s

    EXECUTION
    iteration_duration.............: avg=76.73ms min=35.62ms med=51.36ms max=221.18ms p(90)=162.59ms p(95)=174.49ms
    iterations.....................: 84344  5619.257598/s
    vus............................: 458    min=216        max=1006
    vus_max........................: 5646   min=5646       max=5646

    NETWORK
    data_received..................: 17 MB  1.1 MB/s
    data_sent......................: 8.5 MB 564 kB/s




running (15.0s), 00000/05646 VUs, 84338 complete and 353 interrupted iterations
default ✓ [ 100% ] 00353/05646 VUs  15s  5646.00 iters/s
