
         /\      Grafana   /‾‾/  
    /\  /  \     |\  __   /  /   
   /  \/    \    | |/ /  /   ‾‾\ 
  /          \   |   (  |  (‾)  |
 / __________ \  |_|\_\  \_____/ 

     execution: local
        script: workflow/write/k6_open_client.js
        output: -

     scenarios: (100.00%) 1 scenario, 10000 max VUs, 15s max duration (incl. graceful stop):
              * default: 7991.00 iterations/s for 15s (maxVUs: 7991-10000)


running (00.8s), 01325/07991 VUs, 4831 complete and 0 interrupted iterations
default   [   5% ] 01326/07991 VUs  00.8s/15s  7991.00 iters/s

running (01.8s), 01003/07991 VUs, 13145 complete and 0 interrupted iterations
default   [  12% ] 01003/07991 VUs  01.8s/15s  7991.00 iters/s

running (02.8s), 00489/07991 VUs, 21564 complete and 0 interrupted iterations
default   [  19% ] 00489/07991 VUs  02.8s/15s  7991.00 iters/s

running (03.8s), 00515/07991 VUs, 29615 complete and 0 interrupted iterations
default   [  25% ] 00515/07991 VUs  03.8s/15s  7991.00 iters/s

running (04.8s), 00304/07991 VUs, 37816 complete and 0 interrupted iterations
default   [  32% ] 00305/07991 VUs  04.8s/15s  7991.00 iters/s

running (05.8s), 00014/07991 VUs, 46098 complete and 0 interrupted iterations
default   [  38% ] 00014/07991 VUs  05.8s/15s  7991.00 iters/s

running (06.8s), 00010/07991 VUs, 54092 complete and 0 interrupted iterations
default   [  45% ] 00010/07991 VUs  06.8s/15s  7991.00 iters/s

running (07.8s), 00041/07991 VUs, 62052 complete and 0 interrupted iterations
default   [  52% ] 00041/07991 VUs  07.8s/15s  7991.00 iters/s

running (08.8s), 00024/07991 VUs, 70062 complete and 0 interrupted iterations
default   [  58% ] 00024/07991 VUs  08.8s/15s  7991.00 iters/s

running (09.8s), 00051/07991 VUs, 78028 complete and 0 interrupted iterations
default   [  65% ] 00051/07991 VUs  09.8s/15s  7991.00 iters/s

running (10.8s), 00405/07991 VUs, 85662 complete and 0 interrupted iterations
default   [  72% ] 00405/07991 VUs  10.8s/15s  7991.00 iters/s

running (11.8s), 00160/07991 VUs, 93897 complete and 0 interrupted iterations
default   [  78% ] 00161/07991 VUs  11.8s/15s  7991.00 iters/s

running (12.8s), 00011/07991 VUs, 102038 complete and 0 interrupted iterations
default   [  85% ] 00011/07991 VUs  12.8s/15s  7991.00 iters/s

running (13.8s), 00028/07991 VUs, 110012 complete and 0 interrupted iterations
default   [  92% ] 00028/07991 VUs  13.8s/15s  7991.00 iters/s

running (14.8s), 00031/07991 VUs, 117999 complete and 0 interrupted iterations
default   [  98% ] 00031/07991 VUs  14.8s/15s  7991.00 iters/s


  █ TOTAL RESULTS 

    HTTP
    http_req_duration..............: avg=38.6ms  min=346.05µs med=13.55ms max=299.15ms p(90)=126.25ms p(95)=150.96ms
      { expected_response:true }...: avg=38.6ms  min=346.05µs med=13.55ms max=299.15ms p(90)=126.25ms p(95)=150.96ms
    http_req_failed................: 0.00%  0 out of 119855
    http_reqs......................: 119855 7984.495844/s

    EXECUTION
    iteration_duration.............: avg=38.71ms min=396.03µs med=13.63ms max=299.75ms p(90)=126.34ms p(95)=151.07ms
    iterations.....................: 119855 7984.495844/s
    vus............................: 32     min=9           max=1324
    vus_max........................: 7991   min=7991        max=7991

    NETWORK
    data_received..................: 24 MB  1.6 MB/s
    data_sent......................: 12 MB  799 kB/s




running (15.0s), 00000/07991 VUs, 119844 complete and 22 interrupted iterations
default ✓ [ 100% ] 00022/07991 VUs  15s  7991.00 iters/s
