
         /\      Grafana   /‾‾/  
    /\  /  \     |\  __   /  /   
   /  \/    \    | |/ /  /   ‾‾\ 
  /          \   |   (  |  (‾)  |
 / __________ \  |_|\_\  \_____/ 

     execution: local
        script: workflow/write/k6_open_client.js
        output: -

     scenarios: (100.00%) 1 scenario, 10000 max VUs, 15s max duration (incl. graceful stop):
              * default: 7528.00 iterations/s for 15s (maxVUs: 7528-10000)


running (00.8s), 01206/07528 VUs, 3371 complete and 0 interrupted iterations
default   [   5% ] 01113/07528 VUs  00.8s/15s  7528.00 iters/s

running (01.8s), 03967/07528 VUs, 9325 complete and 0 interrupted iterations
default   [  12% ] 03967/07528 VUs  01.8s/15s  7528.00 iters/s

running (02.8s), 03525/07528 VUs, 17294 complete and 0 interrupted iterations
default   [  18% ] 03524/07528 VUs  02.8s/15s  7528.00 iters/s

running (03.8s), 02665/07528 VUs, 25681 complete and 0 interrupted iterations
default   [  25% ] 02666/07528 VUs  03.8s/15s  7528.00 iters/s

running (04.8s), 02224/07528 VUs, 33651 complete and 0 interrupted iterations
default   [  32% ] 02224/07528 VUs  04.8s/15s  7528.00 iters/s

running (05.8s), 01390/07528 VUs, 42013 complete and 0 interrupted iterations
default   [  38% ] 01390/07528 VUs  05.8s/15s  7528.00 iters/s

running (06.8s), 00545/07528 VUs, 50386 complete and 0 interrupted iterations
default   [  45% ] 00545/07528 VUs  06.8s/15s  7528.00 iters/s

running (07.8s), 00020/07528 VUs, 58439 complete and 0 interrupted iterations
default   [  52% ] 00020/07528 VUs  07.8s/15s  7528.00 iters/s

running (08.8s), 00006/07528 VUs, 65982 complete and 0 interrupted iterations
default   [  58% ] 00006/07528 VUs  08.8s/15s  7528.00 iters/s

running (09.8s), 00015/07528 VUs, 73500 complete and 0 interrupted iterations
default   [  65% ] 00015/07528 VUs  09.8s/15s  7528.00 iters/s

running (10.8s), 00022/07528 VUs, 81021 complete and 0 interrupted iterations
default   [  72% ] 00022/07528 VUs  10.8s/15s  7528.00 iters/s

running (11.8s), 00007/07528 VUs, 88564 complete and 0 interrupted iterations
default   [  78% ] 00007/07528 VUs  11.8s/15s  7528.00 iters/s

running (12.8s), 00011/07528 VUs, 96088 complete and 0 interrupted iterations
default   [  85% ] 00011/07528 VUs  12.8s/15s  7528.00 iters/s

running (13.8s), 00008/07528 VUs, 103619 complete and 0 interrupted iterations
default   [  92% ] 00008/07528 VUs  13.8s/15s  7528.00 iters/s

running (14.8s), 00008/07528 VUs, 111147 complete and 0 interrupted iterations
default   [  98% ] 00008/07528 VUs  14.8s/15s  7528.00 iters/s


  █ TOTAL RESULTS 

    HTTP
    http_req_duration..............: avg=134.21ms min=485.05µs med=12.88ms max=1.03s p(90)=435.93ms p(95)=484.96ms
      { expected_response:true }...: avg=134.21ms min=485.05µs med=12.88ms max=1.03s p(90)=435.93ms p(95)=484.96ms
    http_req_failed................: 0.00%  0 out of 112913
    http_reqs......................: 112913 7522.547623/s

    EXECUTION
    iteration_duration.............: avg=140.17ms min=527.8µs  med=13.21ms max=1.21s p(90)=445.67ms p(95)=487.9ms 
    iterations.....................: 112913 7522.547623/s
    vus............................: 8      min=6           max=3967
    vus_max........................: 7528   min=7528        max=7528

    NETWORK
    data_received..................: 23 MB  1.5 MB/s
    data_sent......................: 11 MB  752 kB/s




running (15.0s), 00000/07528 VUs, 112908 complete and 12 interrupted iterations
default ✓ [ 100% ] 00012/07528 VUs  15s  7528.00 iters/s
