
         /\      Grafana   /‾‾/  
    /\  /  \     |\  __   /  /   
   /  \/    \    | |/ /  /   ‾‾\ 
  /          \   |   (  |  (‾)  |
 / __________ \  |_|\_\  \_____/ 

     execution: local
        script: workflow/spin/k6_open_client.js
        output: -

     scenarios: (100.00%) 1 scenario, 10000 max VUs, 15s max duration (incl. graceful stop):
              * default: 380.00 iterations/s for 15s (maxVUs: 380-10000)


running (01.0s), 00015/00380 VUs, 357 complete and 0 interrupted iterations
default   [   7% ] 00015/00380 VUs  01.0s/15s  380.00 iters/s

running (02.0s), 00035/00380 VUs, 717 complete and 0 interrupted iterations
default   [  13% ] 00035/00380 VUs  02.0s/15s  380.00 iters/s

running (03.0s), 00030/00380 VUs, 1102 complete and 0 interrupted iterations
default   [  20% ] 00030/00380 VUs  03.0s/15s  380.00 iters/s

running (04.0s), 00024/00380 VUs, 1488 complete and 0 interrupted iterations
default   [  27% ] 00024/00380 VUs  04.0s/15s  380.00 iters/s

running (05.0s), 00016/00380 VUs, 1876 complete and 0 interrupted iterations
default   [  33% ] 00016/00380 VUs  05.0s/15s  380.00 iters/s

running (06.0s), 00016/00380 VUs, 2256 complete and 0 interrupted iterations
default   [  40% ] 00016/00380 VUs  06.0s/15s  380.00 iters/s

running (07.0s), 00035/00380 VUs, 2617 complete and 0 interrupted iterations
default   [  47% ] 00035/00380 VUs  07.0s/15s  380.00 iters/s

running (08.0s), 00031/00380 VUs, 3001 complete and 0 interrupted iterations
default   [  53% ] 00031/00380 VUs  08.0s/15s  380.00 iters/s

running (09.0s), 00026/00380 VUs, 3387 complete and 0 interrupted iterations
default   [  60% ] 00026/00380 VUs  09.0s/15s  380.00 iters/s

running (10.0s), 00020/00380 VUs, 3772 complete and 0 interrupted iterations
default   [  67% ] 00020/00380 VUs  10.0s/15s  380.00 iters/s

running (11.0s), 00013/00380 VUs, 4159 complete and 0 interrupted iterations
default   [  73% ] 00013/00380 VUs  11.0s/15s  380.00 iters/s

running (12.0s), 00038/00380 VUs, 4514 complete and 0 interrupted iterations
default   [  80% ] 00038/00380 VUs  12.0s/15s  380.00 iters/s

running (13.0s), 00032/00380 VUs, 4900 complete and 0 interrupted iterations
default   [  87% ] 00032/00380 VUs  13.0s/15s  380.00 iters/s

running (14.0s), 00027/00380 VUs, 5286 complete and 0 interrupted iterations
default   [  93% ] 00027/00380 VUs  14.0s/15s  380.00 iters/s

running (15.0s), 00018/00380 VUs, 5674 complete and 0 interrupted iterations
default   [ 100% ] 00018/00380 VUs  15.0s/15s  380.00 iters/s


  █ TOTAL RESULTS 

    HTTP
    http_req_duration..............: avg=69.3ms min=27.71ms med=69.41ms max=114.36ms p(90)=99.14ms p(95)=102.89ms
      { expected_response:true }...: avg=69.3ms min=27.71ms med=69.41ms max=114.36ms p(90)=99.14ms p(95)=102.89ms
    http_req_failed................: 0.00%  0 out of 5674
    http_reqs......................: 5674   378.241647/s

    EXECUTION
    iteration_duration.............: avg=69.4ms min=27.8ms  med=69.49ms max=114.43ms p(90)=99.23ms p(95)=102.99ms
    iterations.....................: 5674   378.241647/s
    vus............................: 19     min=13        max=38 
    vus_max........................: 380    min=380       max=380

    NETWORK
    data_received..................: 1.1 MB 76 kB/s
    data_sent......................: 1.1 MB 73 kB/s




running (15.0s), 00000/00380 VUs, 5674 complete and 27 interrupted iterations
default ✓ [ 100% ] 00027/00380 VUs  15s  380.00 iters/s
