
         /\      Grafana   /‾‾/  
    /\  /  \     |\  __   /  /   
   /  \/    \    | |/ /  /   ‾‾\ 
  /          \   |   (  |  (‾)  |
 / __________ \  |_|\_\  \_____/ 

     execution: local
        script: workflow/spin/k6_open_client.js
        output: -

     scenarios: (100.00%) 1 scenario, 10000 max VUs, 15s max duration (incl. graceful stop):
              * default: 994.00 iterations/s for 15s (maxVUs: 994-10000)


running (01.0s), 00031/00994 VUs, 922 complete and 0 interrupted iterations
default   [   6% ] 00031/00994 VUs  01.0s/15s  994.00 iters/s

running (02.0s), 00053/00994 VUs, 1894 complete and 0 interrupted iterations
default   [  13% ] 00053/00994 VUs  02.0s/15s  994.00 iters/s

running (03.0s), 00036/00994 VUs, 2904 complete and 0 interrupted iterations
default   [  20% ] 00037/00994 VUs  03.0s/15s  994.00 iters/s

running (04.0s), 00029/00994 VUs, 3906 complete and 0 interrupted iterations
default   [  26% ] 00029/00994 VUs  04.0s/15s  994.00 iters/s

running (05.0s), 00051/00994 VUs, 4877 complete and 0 interrupted iterations
default   [  33% ] 00051/00994 VUs  05.0s/15s  994.00 iters/s

running (06.0s), 00043/00994 VUs, 5879 complete and 0 interrupted iterations
default   [  40% ] 00043/00994 VUs  06.0s/15s  994.00 iters/s

running (07.0s), 00038/00994 VUs, 6879 complete and 0 interrupted iterations
default   [  46% ] 00038/00994 VUs  07.0s/15s  994.00 iters/s

running (08.0s), 00060/00994 VUs, 7851 complete and 0 interrupted iterations
default   [  53% ] 00060/00994 VUs  08.0s/15s  994.00 iters/s

running (09.0s), 00052/00994 VUs, 8854 complete and 0 interrupted iterations
default   [  60% ] 00052/00994 VUs  09.0s/15s  994.00 iters/s

running (10.0s), 00045/00994 VUs, 9854 complete and 0 interrupted iterations
default   [  66% ] 00045/00994 VUs  10.0s/15s  994.00 iters/s

running (11.0s), 00040/00994 VUs, 10853 complete and 0 interrupted iterations
default   [  73% ] 00040/00994 VUs  11.0s/15s  994.00 iters/s

running (12.0s), 00032/00994 VUs, 11855 complete and 0 interrupted iterations
default   [  80% ] 00032/00994 VUs  12.0s/15s  994.00 iters/s

running (13.0s), 00049/00994 VUs, 12832 complete and 0 interrupted iterations
default   [  86% ] 00049/00994 VUs  13.0s/15s  994.00 iters/s

running (14.0s), 00046/00994 VUs, 13828 complete and 0 interrupted iterations
default   [  93% ] 00046/00994 VUs  14.0s/15s  994.00 iters/s

running (15.0s), 00038/00994 VUs, 14830 complete and 0 interrupted iterations
default   [ 100% ] 00039/00994 VUs  15.0s/15s  994.00 iters/s


  █ TOTAL RESULTS 

    HTTP
    http_req_duration..............: avg=43.01ms min=26.34ms med=42.92ms max=69.16ms p(90)=54.15ms p(95)=55.76ms
      { expected_response:true }...: avg=43.01ms min=26.34ms med=42.92ms max=69.16ms p(90)=54.15ms p(95)=55.76ms
    http_req_failed................: 0.00%  0 out of 14860
    http_reqs......................: 14860  990.516771/s

    EXECUTION
    iteration_duration.............: avg=43.09ms min=26.4ms  med=43ms    max=69.26ms p(90)=54.23ms p(95)=55.86ms
    iterations.....................: 14860  990.516771/s
    vus............................: 40     min=29         max=59 
    vus_max........................: 994    min=994        max=994

    NETWORK
    data_received..................: 3.0 MB 201 kB/s
    data_sent......................: 2.9 MB 191 kB/s




running (15.0s), 00000/00994 VUs, 14860 complete and 51 interrupted iterations
default ✓ [ 100% ] 00051/00994 VUs  15s  994.00 iters/s
