
         /\      Grafana   /‾‾/  
    /\  /  \     |\  __   /  /   
   /  \/    \    | |/ /  /   ‾‾\ 
  /          \   |   (  |  (‾)  |
 / __________ \  |_|\_\  \_____/ 

     execution: local
        script: workflow/write/k6_open_client.js
        output: -

     scenarios: (100.00%) 1 scenario, 10000 max VUs, 15s max duration (incl. graceful stop):
              * default: 4562.00 iterations/s for 15s (maxVUs: 4562-10000)


running (00.8s), 00238/04562 VUs, 3584 complete and 0 interrupted iterations
default   [   6% ] 00238/04562 VUs  00.8s/15s  4562.00 iters/s

running (01.8s), 00315/04562 VUs, 8069 complete and 0 interrupted iterations
default   [  12% ] 00315/04562 VUs  01.8s/15s  4562.00 iters/s

running (02.8s), 00175/04562 VUs, 12771 complete and 0 interrupted iterations
default   [  19% ] 00175/04562 VUs  02.8s/15s  4562.00 iters/s

running (03.8s), 00189/04562 VUs, 17319 complete and 0 interrupted iterations
default   [  26% ] 00189/04562 VUs  03.8s/15s  4562.00 iters/s

running (04.8s), 00228/04562 VUs, 21840 complete and 0 interrupted iterations
default   [  32% ] 00229/04562 VUs  04.8s/15s  4562.00 iters/s

running (05.8s), 00180/04562 VUs, 26448 complete and 0 interrupted iterations
default   [  39% ] 00180/04562 VUs  05.8s/15s  4562.00 iters/s

running (06.8s), 00220/04562 VUs, 30974 complete and 0 interrupted iterations
default   [  46% ] 00220/04562 VUs  06.8s/15s  4562.00 iters/s

running (07.8s), 00242/04562 VUs, 35514 complete and 0 interrupted iterations
default   [  52% ] 00242/04562 VUs  07.8s/15s  4562.00 iters/s

running (08.8s), 00239/04562 VUs, 40079 complete and 0 interrupted iterations
default   [  59% ] 00239/04562 VUs  08.8s/15s  4562.00 iters/s

running (09.8s), 00224/04562 VUs, 44656 complete and 0 interrupted iterations
default   [  66% ] 00224/04562 VUs  09.8s/15s  4562.00 iters/s

running (10.8s), 00197/04562 VUs, 49245 complete and 0 interrupted iterations
default   [  72% ] 00197/04562 VUs  10.8s/15s  4562.00 iters/s

running (11.8s), 00199/04562 VUs, 53805 complete and 0 interrupted iterations
default   [  79% ] 00199/04562 VUs  11.8s/15s  4562.00 iters/s

running (12.8s), 00238/04562 VUs, 58333 complete and 0 interrupted iterations
default   [  86% ] 00238/04562 VUs  12.8s/15s  4562.00 iters/s

running (13.8s), 00225/04562 VUs, 62903 complete and 0 interrupted iterations
default   [  92% ] 00225/04562 VUs  13.8s/15s  4562.00 iters/s

running (14.8s), 00167/04562 VUs, 67523 complete and 0 interrupted iterations
default   [  99% ] 00167/04562 VUs  14.8s/15s  4562.00 iters/s


  █ TOTAL RESULTS 

    HTTP
    http_req_duration..............: avg=46.74ms min=33.39ms med=45.79ms max=118.24ms p(90)=54.65ms p(95)=60.38ms
      { expected_response:true }...: avg=46.74ms min=33.39ms med=45.79ms max=118.24ms p(90)=54.65ms p(95)=60.38ms
    http_req_failed................: 0.00%  0 out of 68202
    http_reqs......................: 68202  4544.454328/s

    EXECUTION
    iteration_duration.............: avg=46.85ms min=33.47ms med=45.89ms max=118.33ms p(90)=54.92ms p(95)=60.64ms
    iterations.....................: 68202  4544.454328/s
    vus............................: 168    min=168        max=315 
    vus_max........................: 4562   min=4562       max=4562

    NETWORK
    data_received..................: 14 MB  923 kB/s
    data_sent......................: 6.8 MB 456 kB/s




running (15.0s), 00000/04562 VUs, 68171 complete and 260 interrupted iterations
default ✓ [ 100% ] 00260/04562 VUs  15s  4562.00 iters/s
