
         /\      Grafana   /‾‾/  
    /\  /  \     |\  __   /  /   
   /  \/    \    | |/ /  /   ‾‾\ 
  /          \   |   (  |  (‾)  |
 / __________ \  |_|\_\  \_____/ 

     execution: local
        script: workflow/spin/k6_open_client.js
        output: -

     scenarios: (100.00%) 1 scenario, 10000 max VUs, 15s max duration (incl. graceful stop):
              * default: 3960.00 iterations/s for 15s (maxVUs: 3960-10000)


running (00.9s), 00250/03960 VUs, 3183 complete and 0 interrupted iterations
default   [   6% ] 00250/03960 VUs  00.9s/15s  3960.00 iters/s

running (01.9s), 00239/03960 VUs, 7152 complete and 0 interrupted iterations
default   [  12% ] 00239/03960 VUs  01.9s/15s  3960.00 iters/s

running (02.9s), 00233/03960 VUs, 11121 complete and 0 interrupted iterations
default   [  19% ] 00233/03960 VUs  02.9s/15s  3960.00 iters/s

running (03.9s), 00218/03960 VUs, 15095 complete and 0 interrupted iterations
default   [  26% ] 00218/03960 VUs  03.9s/15s  3960.00 iters/s

running (04.9s), 00244/03960 VUs, 19029 complete and 0 interrupted iterations
default   [  32% ] 00244/03960 VUs  04.9s/15s  3960.00 iters/s

running (05.9s), 00245/03960 VUs, 22988 complete and 0 interrupted iterations
default   [  39% ] 00245/03960 VUs  05.9s/15s  3960.00 iters/s

running (06.9s), 00258/03960 VUs, 26935 complete and 0 interrupted iterations
default   [  46% ] 00258/03960 VUs  06.9s/15s  3960.00 iters/s

running (07.9s), 00235/03960 VUs, 30918 complete and 0 interrupted iterations
default   [  52% ] 00236/03960 VUs  07.9s/15s  3960.00 iters/s

running (08.9s), 00238/03960 VUs, 34875 complete and 0 interrupted iterations
default   [  59% ] 00238/03960 VUs  08.9s/15s  3960.00 iters/s

running (09.9s), 00242/03960 VUs, 38831 complete and 0 interrupted iterations
default   [  66% ] 00242/03960 VUs  09.9s/15s  3960.00 iters/s

running (10.9s), 00255/03960 VUs, 42778 complete and 0 interrupted iterations
default   [  72% ] 00255/03960 VUs  10.9s/15s  3960.00 iters/s

running (11.9s), 00220/03960 VUs, 46769 complete and 0 interrupted iterations
default   [  79% ] 00220/03960 VUs  11.9s/15s  3960.00 iters/s

running (12.9s), 00225/03960 VUs, 50725 complete and 0 interrupted iterations
default   [  86% ] 00225/03960 VUs  12.9s/15s  3960.00 iters/s

running (13.9s), 00226/03960 VUs, 54691 complete and 0 interrupted iterations
default   [  92% ] 00226/03960 VUs  13.9s/15s  3960.00 iters/s

running (14.9s), 00216/03960 VUs, 58655 complete and 0 interrupted iterations
default   [  99% ] 00216/03960 VUs  14.9s/15s  3960.00 iters/s


  █ TOTAL RESULTS 

    HTTP
    http_req_duration..............: avg=59.35ms min=43.92ms med=58.96ms max=99.01ms p(90)=66.15ms p(95)=69.26ms
      { expected_response:true }...: avg=59.35ms min=43.92ms med=58.96ms max=99.01ms p(90)=66.15ms p(95)=69.26ms
    http_req_failed................: 0.00% 0 out of 59168
    http_reqs......................: 59168 3942.767528/s

    EXECUTION
    iteration_duration.............: avg=59.45ms min=44ms    med=59.06ms max=99.3ms  p(90)=66.27ms p(95)=69.39ms
    iterations.....................: 59168 3942.767528/s
    vus............................: 216   min=216        max=258 
    vus_max........................: 3960  min=3960       max=3960

    NETWORK
    data_received..................: 12 MB 800 kB/s
    data_sent......................: 11 MB 760 kB/s




running (15.0s), 00000/03960 VUs, 59167 complete and 234 interrupted iterations
default ✓ [ 100% ] 00234/03960 VUs  15s  3960.00 iters/s
