
         /\      Grafana   /‾‾/  
    /\  /  \     |\  __   /  /   
   /  \/    \    | |/ /  /   ‾‾\ 
  /          \   |   (  |  (‾)  |
 / __________ \  |_|\_\  \_____/ 

     execution: local
        script: workflow/media/k6_open_review_compose.js
        output: -

     scenarios: (100.00%) 1 scenario, 10000 max VUs, 15s max duration (incl. graceful stop):
              * default: 1094.00 iterations/s for 15s (maxVUs: 1094-10000)


running (01.0s), 00354/01094 VUs, 692 complete and 0 interrupted iterations
default   [   6% ] 00354/01094 VUs  01.0s/15s  1094.00 iters/s

running (02.0s), 00318/01094 VUs, 1822 complete and 0 interrupted iterations
default   [  13% ] 00319/01094 VUs  02.0s/15s  1094.00 iters/s

running (03.0s), 00403/01094 VUs, 2831 complete and 0 interrupted iterations
default   [  20% ] 00403/01094 VUs  03.0s/15s  1094.00 iters/s

running (04.0s), 00477/01094 VUs, 3851 complete and 0 interrupted iterations
default   [  26% ] 00477/01094 VUs  04.0s/15s  1094.00 iters/s

running (05.0s), 00446/01094 VUs, 4976 complete and 0 interrupted iterations
default   [  33% ] 00446/01094 VUs  05.0s/15s  1094.00 iters/s

running (06.0s), 00403/01094 VUs, 6113 complete and 0 interrupted iterations
default   [  40% ] 00403/01094 VUs  06.0s/15s  1094.00 iters/s

running (07.0s), 00372/01094 VUs, 7238 complete and 0 interrupted iterations
default   [  46% ] 00372/01094 VUs  07.0s/15s  1094.00 iters/s

running (08.0s), 00437/01094 VUs, 8267 complete and 0 interrupted iterations
default   [  53% ] 00437/01094 VUs  08.0s/15s  1094.00 iters/s

running (09.0s), 00535/01094 VUs, 9263 complete and 0 interrupted iterations
default   [  60% ] 00535/01094 VUs  09.0s/15s  1094.00 iters/s

running (10.0s), 00494/01094 VUs, 10398 complete and 0 interrupted iterations
default   [  66% ] 00494/01094 VUs  10.0s/15s  1094.00 iters/s

running (11.0s), 00465/01094 VUs, 11521 complete and 0 interrupted iterations
default   [  73% ] 00465/01094 VUs  11.0s/15s  1094.00 iters/s

running (12.0s), 00434/01094 VUs, 12645 complete and 0 interrupted iterations
default   [  80% ] 00434/01094 VUs  12.0s/15s  1094.00 iters/s

running (13.0s), 00406/01094 VUs, 13769 complete and 0 interrupted iterations
default   [  86% ] 00406/01094 VUs  13.0s/15s  1094.00 iters/s

running (14.0s), 00378/01094 VUs, 14891 complete and 0 interrupted iterations
default   [  93% ] 00378/01094 VUs  14.0s/15s  1094.00 iters/s

running (15.0s), 00348/01094 VUs, 16014 complete and 0 interrupted iterations
default   [ 100% ] 00348/01094 VUs  15.0s/15s  1094.00 iters/s


  █ TOTAL RESULTS 

    HTTP
    http_req_duration..............: avg=393.01ms min=254.72ms med=393.51ms max=545.14ms p(90)=467.99ms p(95)=484.12ms
      { expected_response:true }...: avg=393.01ms min=254.72ms med=393.51ms max=545.14ms p(90)=467.99ms p(95)=484.12ms
    http_req_failed................: 0.00%  0 out of 16014
    http_reqs......................: 16014  1067.213162/s

    EXECUTION
    iteration_duration.............: avg=393.13ms min=255.03ms med=393.62ms max=545.24ms p(90)=468.09ms p(95)=484.22ms
    iterations.....................: 16014  1067.213162/s
    vus............................: 348    min=318        max=535 
    vus_max........................: 1094   min=1094       max=1094

    NETWORK
    data_received..................: 3.7 MB 247 kB/s
    data_sent......................: 9.1 MB 609 kB/s




running (15.0s), 00000/01094 VUs, 16014 complete and 397 interrupted iterations
default ✓ [ 100% ] 00397/01094 VUs  15s  1094.00 iters/s
