
         /\      Grafana   /‾‾/  
    /\  /  \     |\  __   /  /   
   /  \/    \    | |/ /  /   ‾‾\ 
  /          \   |   (  |  (‾)  |
 / __________ \  |_|\_\  \_____/ 

     execution: local
        script: workflow/hotel/k6_open_hotels_client.js
        output: -

     scenarios: (100.00%) 1 scenario, 10000 max VUs, 10s max duration (incl. graceful stop):
              * default: 502.00 iterations/s for 10s (maxVUs: 502-10000)


running (01.0s), 00253/00502 VUs, 236 complete and 0 interrupted iterations
default   [  10% ] 00253/00502 VUs  01.0s/10s  502.00 iters/s

running (02.0s), 00261/00502 VUs, 730 complete and 0 interrupted iterations
default   [  20% ] 00261/00502 VUs  02.0s/10s  502.00 iters/s

running (03.0s), 00261/00502 VUs, 1232 complete and 0 interrupted iterations
default   [  30% ] 00261/00502 VUs  03.0s/10s  502.00 iters/s

running (04.0s), 00261/00502 VUs, 1734 complete and 0 interrupted iterations
default   [  40% ] 00261/00502 VUs  04.0s/10s  502.00 iters/s

running (05.0s), 00261/00502 VUs, 2236 complete and 0 interrupted iterations
default   [  50% ] 00261/00502 VUs  05.0s/10s  502.00 iters/s

running (06.0s), 00261/00502 VUs, 2738 complete and 0 interrupted iterations
default   [  60% ] 00261/00502 VUs  06.0s/10s  502.00 iters/s

running (07.0s), 00260/00502 VUs, 3241 complete and 0 interrupted iterations
default   [  70% ] 00260/00502 VUs  07.0s/10s  502.00 iters/s

running (08.0s), 00262/00502 VUs, 3741 complete and 0 interrupted iterations
default   [  80% ] 00261/00502 VUs  08.0s/10s  502.00 iters/s

running (09.0s), 00261/00502 VUs, 4244 complete and 0 interrupted iterations
default   [  90% ] 00261/00502 VUs  09.0s/10s  502.00 iters/s

running (10.0s), 00261/00502 VUs, 4746 complete and 0 interrupted iterations
default   [ 100% ] 00261/00502 VUs  10.0s/10s  502.00 iters/s


  █ TOTAL RESULTS 

    HTTP
    http_req_duration..............: avg=3.27ms min=2.29ms med=2.71ms max=11.75ms p(90)=4.65ms p(95)=5.94ms
      { expected_response:true }...: avg=3.27ms min=2.29ms med=2.71ms max=11.75ms p(90)=4.65ms p(95)=5.94ms
    http_req_failed................: 0.00%  0 out of 4759
    http_reqs......................: 4759   475.759465/s

    EXECUTION
    iteration_duration.............: avg=3.39ms min=2.4ms  med=2.82ms max=11.88ms p(90)=4.76ms p(95)=6.07ms
    iterations.....................: 4759   475.759465/s
    vus............................: 261    min=253       max=262
    vus_max........................: 502    min=502       max=502

    NETWORK
    data_received..................: 1.4 MB 135 kB/s
    data_sent......................: 1.6 MB 156 kB/s




running (10.0s), 00000/00502 VUs, 4759 complete and 261 interrupted iterations
default ✓ [ 100% ] 00261/00502 VUs  10s  502.00 iters/s
