
         /\      Grafana   /‾‾/  
    /\  /  \     |\  __   /  /   
   /  \/    \    | |/ /  /   ‾‾\ 
  /          \   |   (  |  (‾)  |
 / __________ \  |_|\_\  \_____/ 

     execution: local
        script: workflow/spin/k6_open_client.js
        output: -

     scenarios: (100.00%) 1 scenario, 10000 max VUs, 15s max duration (incl. graceful stop):
              * default: 3520.00 iterations/s for 15s (maxVUs: 3520-10000)


running (00.9s), 00177/03520 VUs, 2967 complete and 0 interrupted iterations
default   [   6% ] 00177/03520 VUs  00.9s/15s  3520.00 iters/s

running (01.9s), 00186/03520 VUs, 6479 complete and 0 interrupted iterations
default   [  13% ] 00186/03520 VUs  01.9s/15s  3520.00 iters/s

running (02.9s), 00207/03520 VUs, 9974 complete and 0 interrupted iterations
default   [  19% ] 00208/03520 VUs  02.9s/15s  3520.00 iters/s

running (03.9s), 00193/03520 VUs, 13508 complete and 0 interrupted iterations
default   [  26% ] 00193/03520 VUs  03.9s/15s  3520.00 iters/s

running (04.9s), 00190/03520 VUs, 17034 complete and 0 interrupted iterations
default   [  33% ] 00190/03520 VUs  04.9s/15s  3520.00 iters/s

running (05.9s), 00185/03520 VUs, 20558 complete and 0 interrupted iterations
default   [  39% ] 00185/03520 VUs  05.9s/15s  3520.00 iters/s

running (06.9s), 00162/03520 VUs, 24101 complete and 0 interrupted iterations
default   [  46% ] 00162/03520 VUs  06.9s/15s  3520.00 iters/s

running (07.9s), 00189/03520 VUs, 27597 complete and 0 interrupted iterations
default   [  53% ] 00189/03520 VUs  07.9s/15s  3520.00 iters/s

running (08.9s), 00162/03520 VUs, 31141 complete and 0 interrupted iterations
default   [  59% ] 00162/03520 VUs  08.9s/15s  3520.00 iters/s

running (09.9s), 00233/03520 VUs, 34590 complete and 0 interrupted iterations
default   [  66% ] 00233/03520 VUs  09.9s/15s  3520.00 iters/s

running (10.9s), 00180/03520 VUs, 38165 complete and 0 interrupted iterations
default   [  73% ] 00179/03520 VUs  10.9s/15s  3520.00 iters/s

running (11.9s), 00215/03520 VUs, 41650 complete and 0 interrupted iterations
default   [  79% ] 00215/03520 VUs  11.9s/15s  3520.00 iters/s

running (12.9s), 00219/03520 VUs, 45161 complete and 0 interrupted iterations
default   [  86% ] 00219/03520 VUs  12.9s/15s  3520.00 iters/s

running (13.9s), 00189/03520 VUs, 48714 complete and 0 interrupted iterations
default   [  93% ] 00189/03520 VUs  13.9s/15s  3520.00 iters/s

running (14.9s), 00210/03520 VUs, 52215 complete and 0 interrupted iterations
default   [  99% ] 00210/03520 VUs  14.9s/15s  3520.00 iters/s


  █ TOTAL RESULTS 

    HTTP
    http_req_duration..............: avg=55.26ms min=31.91ms med=54.89ms max=119.07ms p(90)=63.62ms p(95)=66.38ms
      { expected_response:true }...: avg=55.26ms min=31.91ms med=54.89ms max=119.07ms p(90)=63.62ms p(95)=66.38ms
    http_req_failed................: 0.00% 0 out of 52582
    http_reqs......................: 52582 3504.032011/s

    EXECUTION
    iteration_duration.............: avg=55.36ms min=32.06ms med=54.98ms max=119.37ms p(90)=63.75ms p(95)=66.51ms
    iterations.....................: 52582 3504.032011/s
    vus............................: 207   min=161        max=233 
    vus_max........................: 3520  min=3520       max=3520

    NETWORK
    data_received..................: 11 MB 711 kB/s
    data_sent......................: 10 MB 675 kB/s




running (15.0s), 00000/03520 VUs, 52574 complete and 226 interrupted iterations
default ✓ [ 100% ] 00226/03520 VUs  15s  3520.00 iters/s
