
         /\      Grafana   /‾‾/  
    /\  /  \     |\  __   /  /   
   /  \/    \    | |/ /  /   ‾‾\ 
  /          \   |   (  |  (‾)  |
 / __________ \  |_|\_\  \_____/ 

     execution: local
        script: workflow/spin/k6_open_client.js
        output: -

     scenarios: (100.00%) 1 scenario, 10000 max VUs, 15s max duration (incl. graceful stop):
              * default: 1608.00 iterations/s for 15s (maxVUs: 1608-10000)


running (00.9s), 00297/01608 VUs, 1215 complete and 0 interrupted iterations
default   [   6% ] 00297/01608 VUs  00.9s/15s  1608.00 iters/s

running (01.9s), 00191/01608 VUs, 2929 complete and 0 interrupted iterations
default   [  13% ] 00191/01608 VUs  01.9s/15s  1608.00 iters/s

running (02.9s), 00267/01608 VUs, 4461 complete and 0 interrupted iterations
default   [  20% ] 00267/01608 VUs  02.9s/15s  1608.00 iters/s

running (03.9s), 00181/01608 VUs, 6154 complete and 0 interrupted iterations
default   [  26% ] 00181/01608 VUs  03.9s/15s  1608.00 iters/s

running (04.9s), 00251/01608 VUs, 7694 complete and 0 interrupted iterations
default   [  33% ] 00251/01608 VUs  04.9s/15s  1608.00 iters/s

running (05.9s), 00287/01608 VUs, 9264 complete and 0 interrupted iterations
default   [  40% ] 00287/01608 VUs  05.9s/15s  1608.00 iters/s

running (06.9s), 00216/01608 VUs, 10944 complete and 0 interrupted iterations
default   [  46% ] 00216/01608 VUs  06.9s/15s  1608.00 iters/s

running (07.9s), 00245/01608 VUs, 12522 complete and 0 interrupted iterations
default   [  53% ] 00245/01608 VUs  07.9s/15s  1608.00 iters/s

running (08.9s), 00211/01608 VUs, 14164 complete and 0 interrupted iterations
default   [  60% ] 00211/01608 VUs  08.9s/15s  1608.00 iters/s

running (09.9s), 00280/01608 VUs, 15703 complete and 0 interrupted iterations
default   [  66% ] 00280/01608 VUs  09.9s/15s  1608.00 iters/s

running (10.9s), 00201/01608 VUs, 17390 complete and 0 interrupted iterations
default   [  73% ] 00202/01608 VUs  10.9s/15s  1608.00 iters/s

running (11.9s), 00294/01608 VUs, 18906 complete and 0 interrupted iterations
default   [  80% ] 00294/01608 VUs  11.9s/15s  1608.00 iters/s

running (12.9s), 00170/01608 VUs, 20636 complete and 0 interrupted iterations
default   [  86% ] 00170/01608 VUs  12.9s/15s  1608.00 iters/s

running (13.9s), 00262/01608 VUs, 22152 complete and 0 interrupted iterations
default   [  93% ] 00262/01608 VUs  13.9s/15s  1608.00 iters/s

running (14.9s), 00177/01608 VUs, 23846 complete and 0 interrupted iterations
default   [ 100% ] 00177/01608 VUs  14.9s/15s  1608.00 iters/s


  █ TOTAL RESULTS 

    HTTP
    http_req_duration..............: avg=137.78ms min=83.88ms med=137.66ms max=203.71ms p(90)=173.32ms p(95)=178.39ms
      { expected_response:true }...: avg=137.78ms min=83.88ms med=137.66ms max=203.71ms p(90)=173.32ms p(95)=178.39ms
    http_req_failed................: 0.00%  0 out of 23846
    http_reqs......................: 23846  1589.282927/s

    EXECUTION
    iteration_duration.............: avg=137.87ms min=83.95ms med=137.77ms max=203.89ms p(90)=173.42ms p(95)=178.47ms
    iterations.....................: 23846  1589.282927/s
    vus............................: 177    min=170        max=297 
    vus_max........................: 1608   min=1608       max=1608

    NETWORK
    data_received..................: 4.8 MB 323 kB/s
    data_sent......................: 4.6 MB 309 kB/s




running (15.0s), 00000/01608 VUs, 23846 complete and 276 interrupted iterations
default ✓ [ 100% ] 00276/01608 VUs  15s  1608.00 iters/s
