
         /\      Grafana   /‾‾/  
    /\  /  \     |\  __   /  /   
   /  \/    \    | |/ /  /   ‾‾\ 
  /          \   |   (  |  (‾)  |
 / __________ \  |_|\_\  \_____/ 

     execution: local
        script: workflow/spin/k6_open_client.js
        output: -

     scenarios: (100.00%) 1 scenario, 10000 max VUs, 15s max duration (incl. graceful stop):
              * default: 2594.00 iterations/s for 15s (maxVUs: 2594-10000)


running (00.9s), 00336/02594 VUs, 2016 complete and 0 interrupted iterations
default   [   6% ] 00336/02594 VUs  00.9s/15s  2594.00 iters/s

running (01.9s), 00434/02594 VUs, 4513 complete and 0 interrupted iterations
default   [  13% ] 00434/02594 VUs  01.9s/15s  2594.00 iters/s

running (02.9s), 00415/02594 VUs, 7124 complete and 0 interrupted iterations
default   [  19% ] 00415/02594 VUs  02.9s/15s  2594.00 iters/s

running (03.9s), 00458/02594 VUs, 9675 complete and 0 interrupted iterations
default   [  26% ] 00458/02594 VUs  03.9s/15s  2594.00 iters/s

running (04.9s), 00609/02594 VUs, 12118 complete and 0 interrupted iterations
default   [  33% ] 00609/02594 VUs  04.9s/15s  2594.00 iters/s

running (05.9s), 00645/02594 VUs, 14675 complete and 0 interrupted iterations
default   [  39% ] 00645/02594 VUs  05.9s/15s  2594.00 iters/s

running (06.9s), 00692/02594 VUs, 17223 complete and 0 interrupted iterations
default   [  46% ] 00692/02594 VUs  06.9s/15s  2594.00 iters/s

running (07.9s), 00726/02594 VUs, 19783 complete and 0 interrupted iterations
default   [  53% ] 00726/02594 VUs  07.9s/15s  2594.00 iters/s

running (08.9s), 00869/02594 VUs, 22235 complete and 0 interrupted iterations
default   [  59% ] 00869/02594 VUs  08.9s/15s  2594.00 iters/s

running (09.9s), 00926/02594 VUs, 24771 complete and 0 interrupted iterations
default   [  66% ] 00926/02594 VUs  09.9s/15s  2594.00 iters/s

running (10.9s), 00992/02594 VUs, 27300 complete and 0 interrupted iterations
default   [  73% ] 00992/02594 VUs  10.9s/15s  2594.00 iters/s

running (11.9s), 01138/02594 VUs, 29748 complete and 0 interrupted iterations
default   [  79% ] 01139/02594 VUs  11.9s/15s  2594.00 iters/s

running (12.9s), 01163/02594 VUs, 32318 complete and 0 interrupted iterations
default   [  86% ] 01163/02594 VUs  12.9s/15s  2594.00 iters/s

running (13.9s), 01205/02594 VUs, 34868 complete and 0 interrupted iterations
default   [  93% ] 01205/02594 VUs  13.9s/15s  2594.00 iters/s

running (14.9s), 01357/02594 VUs, 37309 complete and 0 interrupted iterations
default   [  99% ] 01357/02594 VUs  14.9s/15s  2594.00 iters/s


  █ TOTAL RESULTS 

    HTTP
    http_req_duration..............: avg=296.63ms min=79.71ms med=284.7ms  max=528.05ms p(90)=465.15ms p(95)=485.62ms
      { expected_response:true }...: avg=296.63ms min=79.71ms med=284.7ms  max=528.05ms p(90)=465.15ms p(95)=485.62ms
    http_req_failed................: 0.00%  0 out of 37588
    http_reqs......................: 37588  2503.814605/s

    EXECUTION
    iteration_duration.............: avg=296.73ms min=80.01ms med=284.77ms max=528.13ms p(90)=465.23ms p(95)=485.7ms 
    iterations.....................: 37588  2503.814605/s
    vus............................: 1357   min=337        max=1357
    vus_max........................: 2594   min=2594       max=2594

    NETWORK
    data_received..................: 7.6 MB 508 kB/s
    data_sent......................: 7.5 MB 497 kB/s




running (15.0s), 00000/02594 VUs, 37588 complete and 1322 interrupted iterations
default ✓ [ 100% ] 01322/02594 VUs  15s  2594.00 iters/s
