
         /\      Grafana   /‾‾/  
    /\  /  \     |\  __   /  /   
   /  \/    \    | |/ /  /   ‾‾\ 
  /          \   |   (  |  (‾)  |
 / __________ \  |_|\_\  \_____/ 

     execution: local
        script: workflow/social/k6_open_client.js
        output: -

     scenarios: (100.00%) 1 scenario, 10000 max VUs, 15s max duration (incl. graceful stop):
              * default: 5820.00 iterations/s for 15s (maxVUs: 5820-10000)


running (00.8s), 01474/05820 VUs, 3257 complete and 0 interrupted iterations
default   [   5% ] 01474/05820 VUs  00.8s/15s  5820.00 iters/s

running (01.8s), 02646/05820 VUs, 7920 complete and 0 interrupted iterations
default   [  12% ] 02646/05820 VUs  01.8s/15s  5820.00 iters/s

running (02.8s), 03629/05820 VUs, 12757 complete and 0 interrupted iterations
default   [  19% ] 03629/05820 VUs  02.8s/15s  5820.00 iters/s

running (03.8s), 04630/05820 VUs, 17575 complete and 0 interrupted iterations
default   [  25% ] 04630/05820 VUs  03.8s/15s  5820.00 iters/s

running (04.8s), 05655/05820 VUs, 22371 complete and 0 interrupted iterations
default   [  32% ] 05655/05820 VUs  04.8s/15s  5820.00 iters/s

running (05.8s), 06060/06090 VUs, 27137 complete and 0 interrupted iterations
default   [  39% ] 06060/06090 VUs  05.8s/15s  5820.00 iters/s

running (06.8s), 06358/06359 VUs, 31973 complete and 0 interrupted iterations
default   [  45% ] 06358/06359 VUs  06.8s/15s  5820.00 iters/s

running (07.8s), 06634/06683 VUs, 36585 complete and 0 interrupted iterations
default   [  52% ] 06634/06683 VUs  07.8s/15s  5820.00 iters/s

running (08.8s), 06968/06969 VUs, 41350 complete and 0 interrupted iterations
default   [  59% ] 06968/06969 VUs  08.8s/15s  5820.00 iters/s

running (09.8s), 07259/07259 VUs, 46146 complete and 0 interrupted iterations
default   [  65% ] 07259/07259 VUs  09.8s/15s  5820.00 iters/s

running (10.8s), 07594/07595 VUs, 50740 complete and 0 interrupted iterations
default   [  72% ] 07594/07595 VUs  10.8s/15s  5820.00 iters/s

running (11.8s), 07891/07902 VUs, 55316 complete and 0 interrupted iterations
default   [  79% ] 07891/07902 VUs  11.8s/15s  5820.00 iters/s

running (12.8s), 08153/08153 VUs, 60307 complete and 0 interrupted iterations
default   [  85% ] 08153/08153 VUs  12.8s/15s  5820.00 iters/s

running (13.8s), 08438/08439 VUs, 65193 complete and 0 interrupted iterations
default   [  92% ] 08438/08439 VUs  13.8s/15s  5820.00 iters/s

running (14.8s), 08758/08774 VUs, 69786 complete and 0 interrupted iterations
default   [  99% ] 08758/08774 VUs  14.8s/15s  5820.00 iters/s


  █ TOTAL RESULTS 

    HTTP
    http_req_duration..............: avg=1.15s min=28.7ms  med=1.32s max=1.76s p(90)=1.62s p(95)=1.67s
      { expected_response:true }...: avg=1.15s min=28.7ms  med=1.32s max=1.76s p(90)=1.62s p(95)=1.67s
    http_req_failed................: 0.00% 0 out of 70864
    http_reqs......................: 70864 4696.098642/s

    EXECUTION
    dropped_iterations.............: 7761  514.315048/s
    iteration_duration.............: avg=1.15s min=29.75ms med=1.32s max=1.78s p(90)=1.62s p(95)=1.67s
    iterations.....................: 70864 4696.098642/s
    vus............................: 8758  min=1474       max=8758
    vus_max........................: 8774  min=5820       max=8774

    NETWORK
    data_received..................: 16 MB 1.1 MB/s
    data_sent......................: 26 MB 1.7 MB/s




running (15.1s), 00000/08800 VUs, 70741 complete and 8799 interrupted iterations
default ✓ [ 100% ] 08799/08799 VUs  15s  5820.00 iters/s
