
         /\      Grafana   /‾‾/  
    /\  /  \     |\  __   /  /   
   /  \/    \    | |/ /  /   ‾‾\ 
  /          \   |   (  |  (‾)  |
 / __________ \  |_|\_\  \_____/ 

     execution: local
        script: workflow/spin/k6_open_client.js
        output: -

     scenarios: (100.00%) 1 scenario, 10000 max VUs, 15s max duration (incl. graceful stop):
              * default: 2048.00 iterations/s for 15s (maxVUs: 2048-10000)


running (00.9s), 00081/02048 VUs, 1822 complete and 0 interrupted iterations
default   [   6% ] 00081/02048 VUs  00.9s/15s  2048.00 iters/s

running (01.9s), 00097/02048 VUs, 3853 complete and 0 interrupted iterations
default   [  13% ] 00097/02048 VUs  01.9s/15s  2048.00 iters/s

running (02.9s), 00089/02048 VUs, 5910 complete and 0 interrupted iterations
default   [  20% ] 00089/02048 VUs  02.9s/15s  2048.00 iters/s

running (03.9s), 00087/02048 VUs, 7959 complete and 0 interrupted iterations
default   [  26% ] 00087/02048 VUs  03.9s/15s  2048.00 iters/s

running (04.9s), 00077/02048 VUs, 10016 complete and 0 interrupted iterations
default   [  33% ] 00078/02048 VUs  04.9s/15s  2048.00 iters/s

running (05.9s), 00067/02048 VUs, 12076 complete and 0 interrupted iterations
default   [  40% ] 00067/02048 VUs  05.9s/15s  2048.00 iters/s

running (06.9s), 00106/02048 VUs, 14084 complete and 0 interrupted iterations
default   [  46% ] 00106/02048 VUs  06.9s/15s  2048.00 iters/s

running (07.9s), 00067/02048 VUs, 16171 complete and 0 interrupted iterations
default   [  53% ] 00067/02048 VUs  07.9s/15s  2048.00 iters/s

running (08.9s), 00089/02048 VUs, 18196 complete and 0 interrupted iterations
default   [  60% ] 00090/02048 VUs  08.9s/15s  2048.00 iters/s

running (09.9s), 00108/02048 VUs, 20226 complete and 0 interrupted iterations
default   [  66% ] 00108/02048 VUs  09.9s/15s  2048.00 iters/s

running (10.9s), 00118/02048 VUs, 22264 complete and 0 interrupted iterations
default   [  73% ] 00118/02048 VUs  10.9s/15s  2048.00 iters/s

running (11.9s), 00085/02048 VUs, 24345 complete and 0 interrupted iterations
default   [  80% ] 00085/02048 VUs  11.9s/15s  2048.00 iters/s

running (12.9s), 00100/02048 VUs, 26378 complete and 0 interrupted iterations
default   [  86% ] 00100/02048 VUs  12.9s/15s  2048.00 iters/s

running (13.9s), 00052/02048 VUs, 28473 complete and 0 interrupted iterations
default   [  93% ] 00052/02048 VUs  13.9s/15s  2048.00 iters/s

running (14.9s), 00079/02048 VUs, 30495 complete and 0 interrupted iterations
default   [ 100% ] 00079/02048 VUs  14.9s/15s  2048.00 iters/s


  █ TOTAL RESULTS 

    HTTP
    http_req_duration..............: avg=40.45ms min=21.27ms med=40.29ms max=76.07ms p(90)=51.09ms p(95)=53.53ms
      { expected_response:true }...: avg=40.45ms min=21.27ms med=40.29ms max=76.07ms p(90)=51.09ms p(95)=53.53ms
    http_req_failed................: 0.00%  0 out of 30630
    http_reqs......................: 30630  2041.538506/s

    EXECUTION
    iteration_duration.............: avg=40.54ms min=21.45ms med=40.38ms max=76.2ms  p(90)=51.18ms p(95)=53.64ms
    iterations.....................: 30630  2041.538506/s
    vus............................: 79     min=54         max=117 
    vus_max........................: 2048   min=2048       max=2048

    NETWORK
    data_received..................: 6.2 MB 414 kB/s
    data_sent......................: 5.9 MB 393 kB/s




running (15.0s), 00000/02048 VUs, 30630 complete and 89 interrupted iterations
default ✓ [ 100% ] 00089/02048 VUs  15s  2048.00 iters/s
