
         /\      Grafana   /‾‾/  
    /\  /  \     |\  __   /  /   
   /  \/    \    | |/ /  /   ‾‾\ 
  /          \   |   (  |  (‾)  |
 / __________ \  |_|\_\  \_____/ 

     execution: local
        script: workflow/response/k6_open_client.js
        output: -

     scenarios: (100.00%) 1 scenario, 10000 max VUs, 15s max duration (incl. graceful stop):
              * default: 1165.00 iterations/s for 15s (maxVUs: 1165-10000)


running (01.0s), 00516/01165 VUs, 595 complete and 0 interrupted iterations
default   [   6% ] 00516/01165 VUs  01.0s/15s  1165.00 iters/s

running (02.0s), 01061/01165 VUs, 1214 complete and 0 interrupted iterations
default   [  13% ] 01061/01165 VUs  02.0s/15s  1165.00 iters/s

running (03.0s), 01384/01385 VUs, 1820 complete and 0 interrupted iterations
default   [  20% ] 01384/01385 VUs  03.0s/15s  1165.00 iters/s

running (04.0s), 01651/01651 VUs, 2429 complete and 0 interrupted iterations
default   [  26% ] 01651/01651 VUs  04.0s/15s  1165.00 iters/s

running (05.0s), 01914/01916 VUs, 3047 complete and 0 interrupted iterations
default   [  33% ] 01914/01916 VUs  05.0s/15s  1165.00 iters/s

running (06.0s), 02178/02178 VUs, 3658 complete and 0 interrupted iterations
default   [  40% ] 02178/02178 VUs  06.0s/15s  1165.00 iters/s

running (07.0s), 02447/02447 VUs, 4260 complete and 0 interrupted iterations
default   [  46% ] 02447/02447 VUs  07.0s/15s  1165.00 iters/s

running (08.0s), 02706/02707 VUs, 4870 complete and 0 interrupted iterations
default   [  53% ] 02706/02707 VUs  08.0s/15s  1165.00 iters/s

running (09.0s), 02971/02971 VUs, 5485 complete and 0 interrupted iterations
default   [  60% ] 02971/02971 VUs  09.0s/15s  1165.00 iters/s

running (10.0s), 03242/03244 VUs, 6076 complete and 0 interrupted iterations
default   [  66% ] 03243/03244 VUs  10.0s/15s  1165.00 iters/s

running (11.0s), 03517/03517 VUs, 6670 complete and 0 interrupted iterations
default   [  73% ] 03517/03517 VUs  11.0s/15s  1165.00 iters/s

running (12.0s), 03779/03779 VUs, 7276 complete and 0 interrupted iterations
default   [  80% ] 03779/03779 VUs  12.0s/15s  1165.00 iters/s

running (13.0s), 04058/04058 VUs, 7866 complete and 0 interrupted iterations
default   [  86% ] 04058/04058 VUs  13.0s/15s  1165.00 iters/s

running (14.0s), 04330/04330 VUs, 8464 complete and 0 interrupted iterations
default   [  93% ] 04330/04330 VUs  14.0s/15s  1165.00 iters/s

running (15.0s), 04595/04595 VUs, 9071 complete and 0 interrupted iterations
default   [ 100% ] 04595/04595 VUs  15.0s/15s  1165.00 iters/s


  █ TOTAL RESULTS 

    HTTP
    http_req_duration..............: avg=2.86s min=2.24ms med=2.93s max=8.62s p(90)=4.85s p(95)=5.07s
      { expected_response:true }...: avg=2.86s min=2.24ms med=2.93s max=8.62s p(90)=4.85s p(95)=5.07s
    http_req_failed................: 0.00%  0 out of 9107
    http_reqs......................: 9107   605.52147/s

    EXECUTION
    dropped_iterations.............: 3769   250.599585/s
    iteration_duration.............: avg=2.86s min=2.29ms med=2.93s max=8.62s p(90)=4.85s p(95)=5.07s
    iterations.....................: 9107   605.52147/s
    vus............................: 4595   min=516       max=4595
    vus_max........................: 4595   min=1165      max=4595

    NETWORK
    data_received..................: 1.8 MB 123 kB/s
    data_sent......................: 2.7 MB 179 kB/s




running (15.0s), 00000/04609 VUs, 9099 complete and 4608 interrupted iterations
default ✓ [ 100% ] 04608/04608 VUs  15s  1165.00 iters/s
