
         /\      Grafana   /‾‾/  
    /\  /  \     |\  __   /  /   
   /  \/    \    | |/ /  /   ‾‾\ 
  /          \   |   (  |  (‾)  |
 / __________ \  |_|\_\  \_____/ 

     execution: local
        script: workflow/write/k6_open_client.js
        output: -

     scenarios: (100.00%) 1 scenario, 10000 max VUs, 15s max duration (incl. graceful stop):
              * default: 5933.00 iterations/s for 15s (maxVUs: 5933-10000)


running (00.8s), 00759/05933 VUs, 4094 complete and 0 interrupted iterations
default   [   5% ] 00759/05933 VUs  00.8s/15s  5933.00 iters/s

running (01.8s), 00873/05933 VUs, 9912 complete and 0 interrupted iterations
default   [  12% ] 00873/05933 VUs  01.8s/15s  5933.00 iters/s

running (02.8s), 01054/05933 VUs, 15665 complete and 0 interrupted iterations
default   [  19% ] 01054/05933 VUs  02.8s/15s  5933.00 iters/s

running (03.8s), 01282/05933 VUs, 21370 complete and 0 interrupted iterations
default   [  25% ] 01281/05933 VUs  03.8s/15s  5933.00 iters/s

running (04.8s), 01346/05933 VUs, 27238 complete and 0 interrupted iterations
default   [  32% ] 01347/05933 VUs  04.8s/15s  5933.00 iters/s

running (05.8s), 01428/05933 VUs, 33092 complete and 0 interrupted iterations
default   [  39% ] 01428/05933 VUs  05.8s/15s  5933.00 iters/s

running (06.8s), 01365/05933 VUs, 39087 complete and 0 interrupted iterations
default   [  45% ] 01365/05933 VUs  06.8s/15s  5933.00 iters/s

running (07.8s), 01717/05933 VUs, 44672 complete and 0 interrupted iterations
default   [  52% ] 01717/05933 VUs  07.8s/15s  5933.00 iters/s

running (08.8s), 01837/05933 VUs, 50480 complete and 0 interrupted iterations
default   [  59% ] 01836/05933 VUs  08.8s/15s  5933.00 iters/s

running (09.8s), 01546/05933 VUs, 56704 complete and 0 interrupted iterations
default   [  65% ] 01546/05933 VUs  09.8s/15s  5933.00 iters/s

running (10.8s), 01463/05933 VUs, 62720 complete and 0 interrupted iterations
default   [  72% ] 01463/05933 VUs  10.8s/15s  5933.00 iters/s

running (11.8s), 01255/05933 VUs, 68864 complete and 0 interrupted iterations
default   [  79% ] 01255/05933 VUs  11.8s/15s  5933.00 iters/s

running (12.8s), 01067/05933 VUs, 74984 complete and 0 interrupted iterations
default   [  85% ] 01067/05933 VUs  12.8s/15s  5933.00 iters/s

running (13.8s), 00902/05933 VUs, 81083 complete and 0 interrupted iterations
default   [  92% ] 00902/05933 VUs  13.8s/15s  5933.00 iters/s

running (14.8s), 00578/05933 VUs, 87337 complete and 0 interrupted iterations
default   [  99% ] 00578/05933 VUs  14.8s/15s  5933.00 iters/s


  █ TOTAL RESULTS 

    HTTP
    http_req_duration..............: avg=207.74ms min=41.5ms med=221.36ms max=329.02ms p(90)=287.38ms p(95)=306.27ms
      { expected_response:true }...: avg=207.74ms min=41.5ms med=221.36ms max=329.02ms p(90)=287.38ms p(95)=306.27ms
    http_req_failed................: 0.00%  0 out of 88491
    http_reqs......................: 88491  5895.00688/s

    EXECUTION
    iteration_duration.............: avg=207.82ms min=41.9ms med=221.43ms max=329.06ms p(90)=287.43ms p(95)=306.33ms
    iterations.....................: 88491  5895.00688/s
    vus............................: 578    min=578        max=1837
    vus_max........................: 5933   min=5933       max=5933

    NETWORK
    data_received..................: 18 MB  1.2 MB/s
    data_sent......................: 8.9 MB 593 kB/s




running (15.0s), 00000/05933 VUs, 88482 complete and 514 interrupted iterations
default ✓ [ 100% ] 00514/05933 VUs  15s  5933.00 iters/s
