
         /\      Grafana   /‾‾/  
    /\  /  \     |\  __   /  /   
   /  \/    \    | |/ /  /   ‾‾\ 
  /          \   |   (  |  (‾)  |
 / __________ \  |_|\_\  \_____/ 

     execution: local
        script: workflow/spin/k6_open_client.js
        output: -

     scenarios: (100.00%) 1 scenario, 10000 max VUs, 15s max duration (incl. graceful stop):
              * default: 2960.00 iterations/s for 15s (maxVUs: 2960-10000)


running (00.9s), 00218/02960 VUs, 2432 complete and 0 interrupted iterations
default   [   6% ] 00218/02960 VUs  00.9s/15s  2960.00 iters/s

running (01.9s), 00234/02960 VUs, 5376 complete and 0 interrupted iterations
default   [  13% ] 00234/02960 VUs  01.9s/15s  2960.00 iters/s

running (02.9s), 00229/02960 VUs, 8342 complete and 0 interrupted iterations
default   [  19% ] 00229/02960 VUs  02.9s/15s  2960.00 iters/s

running (03.9s), 00176/02960 VUs, 11354 complete and 0 interrupted iterations
default   [  26% ] 00176/02960 VUs  03.9s/15s  2960.00 iters/s

running (04.9s), 00200/02960 VUs, 14291 complete and 0 interrupted iterations
default   [  33% ] 00200/02960 VUs  04.9s/15s  2960.00 iters/s

running (05.9s), 00186/02960 VUs, 17265 complete and 0 interrupted iterations
default   [  39% ] 00186/02960 VUs  05.9s/15s  2960.00 iters/s

running (06.9s), 00188/02960 VUs, 20224 complete and 0 interrupted iterations
default   [  46% ] 00188/02960 VUs  06.9s/15s  2960.00 iters/s

running (07.9s), 00208/02960 VUs, 23163 complete and 0 interrupted iterations
default   [  53% ] 00208/02960 VUs  07.9s/15s  2960.00 iters/s

running (08.9s), 00221/02960 VUs, 26107 complete and 0 interrupted iterations
default   [  59% ] 00221/02960 VUs  08.9s/15s  2960.00 iters/s

running (09.9s), 00239/02960 VUs, 29052 complete and 0 interrupted iterations
default   [  66% ] 00239/02960 VUs  09.9s/15s  2960.00 iters/s

running (10.9s), 00226/02960 VUs, 32023 complete and 0 interrupted iterations
default   [  73% ] 00226/02960 VUs  10.9s/15s  2960.00 iters/s

running (11.9s), 00218/02960 VUs, 34992 complete and 0 interrupted iterations
default   [  79% ] 00218/02960 VUs  11.9s/15s  2960.00 iters/s

running (12.9s), 00200/02960 VUs, 37970 complete and 0 interrupted iterations
default   [  86% ] 00200/02960 VUs  12.9s/15s  2960.00 iters/s

running (13.9s), 00173/02960 VUs, 40955 complete and 0 interrupted iterations
default   [  93% ] 00173/02960 VUs  13.9s/15s  2960.00 iters/s

running (14.9s), 00194/02960 VUs, 43899 complete and 0 interrupted iterations
default   [  99% ] 00194/02960 VUs  14.9s/15s  2960.00 iters/s


  █ TOTAL RESULTS 

    HTTP
    http_req_duration..............: avg=68.03ms min=45.04ms med=67.98ms max=101.62ms p(90)=78.92ms p(95)=81.14ms
      { expected_response:true }...: avg=68.03ms min=45.04ms med=67.98ms max=101.62ms p(90)=78.92ms p(95)=81.14ms
    http_req_failed................: 0.00%  0 out of 44182
    http_reqs......................: 44182  2944.39292/s

    EXECUTION
    iteration_duration.............: avg=68.13ms min=45.12ms med=68.07ms max=101.89ms p(90)=79ms    p(95)=81.23ms
    iterations.....................: 44182  2944.39292/s
    vus............................: 191    min=175        max=239 
    vus_max........................: 2960   min=2960       max=2960

    NETWORK
    data_received..................: 9.0 MB 598 kB/s
    data_sent......................: 8.5 MB 568 kB/s




running (15.0s), 00000/02960 VUs, 44180 complete and 221 interrupted iterations
default ✓ [ 100% ] 00221/02960 VUs  15s  2960.00 iters/s
