
         /\      Grafana   /‾‾/  
    /\  /  \     |\  __   /  /   
   /  \/    \    | |/ /  /   ‾‾\ 
  /          \   |   (  |  (‾)  |
 / __________ \  |_|\_\  \_____/ 

     execution: local
        script: workflow/write/k6_open_client.js
        output: -

     scenarios: (100.00%) 1 scenario, 10000 max VUs, 15s max duration (incl. graceful stop):
              * default: 2186.00 iterations/s for 15s (maxVUs: 2186-10000)


running (00.9s), 00114/02186 VUs, 1908 complete and 0 interrupted iterations
default   [   6% ] 00114/02186 VUs  00.9s/15s  2186.00 iters/s

running (01.9s), 00112/02186 VUs, 4096 complete and 0 interrupted iterations
default   [  13% ] 00112/02186 VUs  01.9s/15s  2186.00 iters/s

running (02.9s), 00109/02186 VUs, 6283 complete and 0 interrupted iterations
default   [  19% ] 00109/02186 VUs  02.9s/15s  2186.00 iters/s

running (03.9s), 00100/02186 VUs, 8478 complete and 0 interrupted iterations
default   [  26% ] 00100/02186 VUs  03.9s/15s  2186.00 iters/s

running (04.9s), 00096/02186 VUs, 10668 complete and 0 interrupted iterations
default   [  33% ] 00096/02186 VUs  04.9s/15s  2186.00 iters/s

running (05.9s), 00102/02186 VUs, 12848 complete and 0 interrupted iterations
default   [  39% ] 00102/02186 VUs  05.9s/15s  2186.00 iters/s

running (06.9s), 00094/02186 VUs, 15042 complete and 0 interrupted iterations
default   [  46% ] 00094/02186 VUs  06.9s/15s  2186.00 iters/s

running (07.9s), 00122/02186 VUs, 17200 complete and 0 interrupted iterations
default   [  53% ] 00122/02186 VUs  07.9s/15s  2186.00 iters/s

running (08.9s), 00145/02186 VUs, 19364 complete and 0 interrupted iterations
default   [  59% ] 00145/02186 VUs  08.9s/15s  2186.00 iters/s

running (09.9s), 00066/02186 VUs, 21626 complete and 0 interrupted iterations
default   [  66% ] 00066/02186 VUs  09.9s/15s  2186.00 iters/s

running (10.9s), 00097/02186 VUs, 23783 complete and 0 interrupted iterations
default   [  73% ] 00097/02186 VUs  10.9s/15s  2186.00 iters/s

running (11.9s), 00136/02186 VUs, 25930 complete and 0 interrupted iterations
default   [  79% ] 00136/02186 VUs  11.9s/15s  2186.00 iters/s

running (12.9s), 00101/02186 VUs, 28150 complete and 0 interrupted iterations
default   [  86% ] 00101/02186 VUs  12.9s/15s  2186.00 iters/s

running (13.9s), 00097/02186 VUs, 30343 complete and 0 interrupted iterations
default   [  93% ] 00097/02186 VUs  13.9s/15s  2186.00 iters/s

running (14.9s), 00095/02186 VUs, 32531 complete and 0 interrupted iterations
default   [  99% ] 00095/02186 VUs  14.9s/15s  2186.00 iters/s


  █ TOTAL RESULTS 

    HTTP
    http_req_duration..............: avg=55.61ms min=24.05ms med=52.31ms max=122.96ms p(90)=78.31ms p(95)=90.52ms
      { expected_response:true }...: avg=55.61ms min=24.05ms med=52.31ms max=122.96ms p(90)=78.31ms p(95)=90.52ms
    http_req_failed................: 0.00%  0 out of 32668
    http_reqs......................: 32668  2177.2781/s

    EXECUTION
    iteration_duration.............: avg=55.68ms min=24.15ms med=52.37ms max=123.02ms p(90)=78.41ms p(95)=90.65ms
    iterations.....................: 32668  2177.2781/s
    vus............................: 95     min=66         max=143 
    vus_max........................: 2186   min=2186       max=2186

    NETWORK
    data_received..................: 6.6 MB 442 kB/s
    data_sent......................: 3.3 MB 219 kB/s




running (15.0s), 00000/02186 VUs, 32668 complete and 122 interrupted iterations
default ✓ [ 100% ] 00122/02186 VUs  15s  2186.00 iters/s
