
         /\      Grafana   /‾‾/  
    /\  /  \     |\  __   /  /   
   /  \/    \    | |/ /  /   ‾‾\ 
  /          \   |   (  |  (‾)  |
 / __________ \  |_|\_\  \_____/ 

     execution: local
        script: workflow/spin/k6_open_client.js
        output: -

     scenarios: (100.00%) 1 scenario, 10000 max VUs, 15s max duration (incl. graceful stop):
              * default: 3635.00 iterations/s for 15s (maxVUs: 3635-10000)


running (00.9s), 00264/03635 VUs, 2932 complete and 0 interrupted iterations
default   [   6% ] 00264/03635 VUs  00.9s/15s  3635.00 iters/s

running (01.9s), 00229/03635 VUs, 6602 complete and 0 interrupted iterations
default   [  13% ] 00229/03635 VUs  01.9s/15s  3635.00 iters/s

running (02.9s), 00238/03635 VUs, 10228 complete and 0 interrupted iterations
default   [  19% ] 00238/03635 VUs  02.9s/15s  3635.00 iters/s

running (03.9s), 00223/03635 VUs, 13879 complete and 0 interrupted iterations
default   [  26% ] 00223/03635 VUs  03.9s/15s  3635.00 iters/s

running (04.9s), 00239/03635 VUs, 17497 complete and 0 interrupted iterations
default   [  33% ] 00239/03635 VUs  04.9s/15s  3635.00 iters/s

running (05.9s), 00229/03635 VUs, 21144 complete and 0 interrupted iterations
default   [  39% ] 00229/03635 VUs  05.9s/15s  3635.00 iters/s

running (06.9s), 00224/03635 VUs, 24782 complete and 0 interrupted iterations
default   [  46% ] 00224/03635 VUs  06.9s/15s  3635.00 iters/s

running (07.9s), 00270/03635 VUs, 28371 complete and 0 interrupted iterations
default   [  53% ] 00270/03635 VUs  07.9s/15s  3635.00 iters/s

running (08.9s), 00222/03635 VUs, 32054 complete and 0 interrupted iterations
default   [  59% ] 00221/03635 VUs  08.9s/15s  3635.00 iters/s

running (09.9s), 00251/03635 VUs, 35660 complete and 0 interrupted iterations
default   [  66% ] 00251/03635 VUs  09.9s/15s  3635.00 iters/s

running (10.9s), 00246/03635 VUs, 39299 complete and 0 interrupted iterations
default   [  73% ] 00247/03635 VUs  10.9s/15s  3635.00 iters/s

running (11.9s), 00240/03635 VUs, 42940 complete and 0 interrupted iterations
default   [  79% ] 00240/03635 VUs  11.9s/15s  3635.00 iters/s

running (12.9s), 00226/03635 VUs, 46588 complete and 0 interrupted iterations
default   [  86% ] 00226/03635 VUs  12.9s/15s  3635.00 iters/s

running (13.9s), 00209/03635 VUs, 50242 complete and 0 interrupted iterations
default   [  93% ] 00209/03635 VUs  13.9s/15s  3635.00 iters/s

running (14.9s), 00220/03635 VUs, 53865 complete and 0 interrupted iterations
default   [  99% ] 00220/03635 VUs  14.9s/15s  3635.00 iters/s


  █ TOTAL RESULTS 

    HTTP
    http_req_duration..............: avg=67.72ms min=42.87ms med=66.4ms max=130.56ms p(90)=80.53ms p(95)=85.03ms
      { expected_response:true }...: avg=67.72ms min=42.87ms med=66.4ms max=130.56ms p(90)=80.53ms p(95)=85.03ms
    http_req_failed................: 0.00% 0 out of 54251
    http_reqs......................: 54251 3615.101711/s

    EXECUTION
    iteration_duration.............: avg=67.82ms min=42.96ms med=66.5ms max=131.35ms p(90)=80.66ms p(95)=85.15ms
    iterations.....................: 54251 3615.101711/s
    vus............................: 220   min=209        max=270 
    vus_max........................: 3635  min=3635       max=3635

    NETWORK
    data_received..................: 11 MB 734 kB/s
    data_sent......................: 11 MB 697 kB/s




running (15.0s), 00000/03635 VUs, 54248 complete and 278 interrupted iterations
default ✓ [ 100% ] 00278/03635 VUs  15s  3635.00 iters/s
