
         /\      Grafana   /‾‾/  
    /\  /  \     |\  __   /  /   
   /  \/    \    | |/ /  /   ‾‾\ 
  /          \   |   (  |  (‾)  |
 / __________ \  |_|\_\  \_____/ 

     execution: local
        script: workflow/hotel/k6_open_hotels_client.js
        output: -

     scenarios: (100.00%) 1 scenario, 10000 max VUs, 15s max duration (incl. graceful stop):
              * default: 1430.00 iterations/s for 15s (maxVUs: 1430-10000)


running (00.9s), 00121/01430 VUs, 1230 complete and 0 interrupted iterations
default   [   6% ] 00121/01430 VUs  00.9s/15s  1430.00 iters/s

running (01.9s), 00112/01430 VUs, 2668 complete and 0 interrupted iterations
default   [  13% ] 00112/01430 VUs  01.9s/15s  1430.00 iters/s

running (02.9s), 00114/01430 VUs, 4095 complete and 0 interrupted iterations
default   [  20% ] 00114/01430 VUs  02.9s/15s  1430.00 iters/s

running (03.9s), 00093/01430 VUs, 5548 complete and 0 interrupted iterations
default   [  26% ] 00093/01430 VUs  03.9s/15s  1430.00 iters/s

running (04.9s), 00099/01430 VUs, 6971 complete and 0 interrupted iterations
default   [  33% ] 00099/01430 VUs  04.9s/15s  1430.00 iters/s

running (05.9s), 00080/01430 VUs, 8419 complete and 0 interrupted iterations
default   [  40% ] 00080/01430 VUs  05.9s/15s  1430.00 iters/s

running (06.9s), 00092/01430 VUs, 9838 complete and 0 interrupted iterations
default   [  46% ] 00092/01430 VUs  06.9s/15s  1430.00 iters/s

running (07.9s), 00077/01430 VUs, 11283 complete and 0 interrupted iterations
default   [  53% ] 00077/01430 VUs  07.9s/15s  1430.00 iters/s

running (08.9s), 00135/01430 VUs, 12655 complete and 0 interrupted iterations
default   [  60% ] 00135/01430 VUs  08.9s/15s  1430.00 iters/s

running (09.9s), 00157/01430 VUs, 14063 complete and 0 interrupted iterations
default   [  66% ] 00157/01430 VUs  09.9s/15s  1430.00 iters/s

running (10.9s), 00137/01430 VUs, 15513 complete and 0 interrupted iterations
default   [  73% ] 00137/01430 VUs  10.9s/15s  1430.00 iters/s

running (11.9s), 00086/01430 VUs, 16994 complete and 0 interrupted iterations
default   [  80% ] 00086/01430 VUs  11.9s/15s  1430.00 iters/s

running (12.9s), 00123/01430 VUs, 18387 complete and 0 interrupted iterations
default   [  86% ] 00123/01430 VUs  12.9s/15s  1430.00 iters/s

running (13.9s), 00107/01430 VUs, 19833 complete and 0 interrupted iterations
default   [  93% ] 00107/01430 VUs  13.9s/15s  1430.00 iters/s

running (14.9s), 00103/01430 VUs, 21266 complete and 0 interrupted iterations
default   [ 100% ] 00104/01430 VUs  14.9s/15s  1430.00 iters/s


  █ TOTAL RESULTS 

    HTTP
    http_req_duration..............: avg=75.22ms min=35.94ms med=72.97ms max=141.92ms p(90)=100.23ms p(95)=106.92ms
      { expected_response:true }...: avg=75.22ms min=35.94ms med=72.97ms max=141.92ms p(90)=100.23ms p(95)=106.92ms
    http_req_failed................: 0.00%  0 out of 21358
    http_reqs......................: 21358  1423.550105/s

    EXECUTION
    iteration_duration.............: avg=75.45ms min=36.09ms med=73.08ms max=146.81ms p(90)=100.67ms p(95)=107.62ms
    iterations.....................: 21358  1423.550105/s
    vus............................: 104    min=75         max=158 
    vus_max........................: 1430   min=1430       max=1430

    NETWORK
    data_received..................: 6.1 MB 408 kB/s
    data_sent......................: 7.0 MB 469 kB/s




running (15.0s), 00000/01430 VUs, 21358 complete and 93 interrupted iterations
default ✓ [ 100% ] 00093/01430 VUs  15s  1430.00 iters/s
