
         /\      Grafana   /‾‾/  
    /\  /  \     |\  __   /  /   
   /  \/    \    | |/ /  /   ‾‾\ 
  /          \   |   (  |  (‾)  |
 / __________ \  |_|\_\  \_____/ 

     execution: local
        script: workflow/spin/k6_open_client.js
        output: -

     scenarios: (100.00%) 1 scenario, 10000 max VUs, 15s max duration (incl. graceful stop):
              * default: 3766.00 iterations/s for 15s (maxVUs: 3766-10000)


running (00.9s), 00205/03766 VUs, 3123 complete and 0 interrupted iterations
default   [   6% ] 00205/03766 VUs  00.9s/15s  3766.00 iters/s

running (01.9s), 00220/03766 VUs, 6874 complete and 0 interrupted iterations
default   [  13% ] 00220/03766 VUs  01.9s/15s  3766.00 iters/s

running (02.9s), 00237/03766 VUs, 10623 complete and 0 interrupted iterations
default   [  19% ] 00237/03766 VUs  02.9s/15s  3766.00 iters/s

running (03.9s), 00192/03766 VUs, 14434 complete and 0 interrupted iterations
default   [  26% ] 00193/03766 VUs  03.9s/15s  3766.00 iters/s

running (04.9s), 00202/03766 VUs, 18190 complete and 0 interrupted iterations
default   [  33% ] 00202/03766 VUs  04.9s/15s  3766.00 iters/s

running (05.9s), 00363/03766 VUs, 21798 complete and 0 interrupted iterations
default   [  39% ] 00363/03766 VUs  05.9s/15s  3766.00 iters/s

running (06.9s), 00460/03766 VUs, 25464 complete and 0 interrupted iterations
default   [  46% ] 00460/03766 VUs  06.9s/15s  3766.00 iters/s

running (07.9s), 00228/03766 VUs, 29462 complete and 0 interrupted iterations
default   [  53% ] 00228/03766 VUs  07.9s/15s  3766.00 iters/s

running (08.9s), 00243/03766 VUs, 33213 complete and 0 interrupted iterations
default   [  59% ] 00243/03766 VUs  08.9s/15s  3766.00 iters/s

running (09.9s), 00206/03766 VUs, 37016 complete and 0 interrupted iterations
default   [  66% ] 00206/03766 VUs  09.9s/15s  3766.00 iters/s

running (10.9s), 00265/03766 VUs, 40724 complete and 0 interrupted iterations
default   [  73% ] 00265/03766 VUs  10.9s/15s  3766.00 iters/s

running (11.9s), 00193/03766 VUs, 44564 complete and 0 interrupted iterations
default   [  79% ] 00193/03766 VUs  11.9s/15s  3766.00 iters/s

running (12.9s), 00233/03766 VUs, 48289 complete and 0 interrupted iterations
default   [  86% ] 00233/03766 VUs  12.9s/15s  3766.00 iters/s

running (13.9s), 00247/03766 VUs, 52039 complete and 0 interrupted iterations
default   [  93% ] 00247/03766 VUs  13.9s/15s  3766.00 iters/s

running (14.9s), 00224/03766 VUs, 55828 complete and 0 interrupted iterations
default   [  99% ] 00224/03766 VUs  14.9s/15s  3766.00 iters/s


  █ TOTAL RESULTS 

    HTTP
    http_req_duration..............: avg=67.95ms min=42.05ms med=61.26ms max=160.95ms p(90)=95.28ms p(95)=120.23ms
      { expected_response:true }...: avg=67.95ms min=42.05ms med=61.26ms max=160.95ms p(90)=95.28ms p(95)=120.23ms
    http_req_failed................: 0.00% 0 out of 56267
    http_reqs......................: 56267 3749.711537/s

    EXECUTION
    iteration_duration.............: avg=68.06ms min=42.12ms med=61.35ms max=161.03ms p(90)=95.49ms p(95)=120.32ms
    iterations.....................: 56267 3749.711537/s
    vus............................: 222   min=193        max=460 
    vus_max........................: 3766  min=3766       max=3766

    NETWORK
    data_received..................: 11 MB 761 kB/s
    data_sent......................: 11 MB 722 kB/s




running (15.0s), 00000/03766 VUs, 56267 complete and 221 interrupted iterations
default ✓ [ 100% ] 00221/03766 VUs  15s  3766.00 iters/s
