
         /\      Grafana   /‾‾/  
    /\  /  \     |\  __   /  /   
   /  \/    \    | |/ /  /   ‾‾\ 
  /          \   |   (  |  (‾)  |
 / __________ \  |_|\_\  \_____/ 

     execution: local
        script: workflow/spin/k6_open_client.js
        output: -

     scenarios: (100.00%) 1 scenario, 10000 max VUs, 15s max duration (incl. graceful stop):
              * default: 1545.00 iterations/s for 15s (maxVUs: 1545-10000)


running (00.9s), 00032/01545 VUs, 1419 complete and 0 interrupted iterations
default   [   6% ] 00032/01545 VUs  00.9s/15s  1545.00 iters/s

running (01.9s), 00030/01545 VUs, 2966 complete and 0 interrupted iterations
default   [  13% ] 00030/01545 VUs  01.9s/15s  1545.00 iters/s

running (02.9s), 00022/01545 VUs, 4517 complete and 0 interrupted iterations
default   [  20% ] 00022/01545 VUs  02.9s/15s  1545.00 iters/s

running (03.9s), 00020/01545 VUs, 6066 complete and 0 interrupted iterations
default   [  26% ] 00020/01545 VUs  03.9s/15s  1545.00 iters/s

running (04.9s), 00021/01545 VUs, 7608 complete and 0 interrupted iterations
default   [  33% ] 00021/01545 VUs  04.9s/15s  1545.00 iters/s

running (05.9s), 00025/01545 VUs, 9151 complete and 0 interrupted iterations
default   [  40% ] 00025/01545 VUs  05.9s/15s  1545.00 iters/s

running (06.9s), 00025/01545 VUs, 10696 complete and 0 interrupted iterations
default   [  46% ] 00025/01545 VUs  06.9s/15s  1545.00 iters/s

running (07.9s), 00032/01545 VUs, 12234 complete and 0 interrupted iterations
default   [  53% ] 00032/01545 VUs  07.9s/15s  1545.00 iters/s

running (08.9s), 00019/01545 VUs, 13791 complete and 0 interrupted iterations
default   [  60% ] 00019/01545 VUs  08.9s/15s  1545.00 iters/s

running (09.9s), 00042/01545 VUs, 15314 complete and 0 interrupted iterations
default   [  66% ] 00042/01545 VUs  09.9s/15s  1545.00 iters/s

running (10.9s), 00024/01545 VUs, 16876 complete and 0 interrupted iterations
default   [  73% ] 00024/01545 VUs  10.9s/15s  1545.00 iters/s

running (11.9s), 00028/01545 VUs, 18417 complete and 0 interrupted iterations
default   [  80% ] 00028/01545 VUs  11.9s/15s  1545.00 iters/s

running (12.9s), 00032/01545 VUs, 19960 complete and 0 interrupted iterations
default   [  86% ] 00032/01545 VUs  12.9s/15s  1545.00 iters/s

running (13.9s), 00023/01545 VUs, 21513 complete and 0 interrupted iterations
default   [  93% ] 00023/01545 VUs  13.9s/15s  1545.00 iters/s

running (14.9s), 00023/01545 VUs, 23058 complete and 0 interrupted iterations
default   [ 100% ] 00023/01545 VUs  14.9s/15s  1545.00 iters/s


  █ TOTAL RESULTS 

    HTTP
    http_req_duration..............: avg=16.43ms min=8.41ms med=16.28ms max=36.48ms p(90)=20.53ms p(95)=21.77ms
      { expected_response:true }...: avg=16.43ms min=8.41ms med=16.28ms max=36.48ms p(90)=20.53ms p(95)=21.77ms
    http_req_failed................: 0.00%  0 out of 23150
    http_reqs......................: 23150  1543.016483/s

    EXECUTION
    iteration_duration.............: avg=16.52ms min=8.63ms med=16.36ms max=36.55ms p(90)=20.62ms p(95)=21.86ms
    iterations.....................: 23150  1543.016483/s
    vus............................: 23     min=20         max=42  
    vus_max........................: 1545   min=1545       max=1545

    NETWORK
    data_received..................: 4.7 MB 313 kB/s
    data_sent......................: 4.4 MB 296 kB/s




running (15.0s), 00000/01545 VUs, 23147 complete and 29 interrupted iterations
default ✓ [ 100% ] 00029/01545 VUs  15s  1545.00 iters/s
