
         /\      Grafana   /‾‾/  
    /\  /  \     |\  __   /  /   
   /  \/    \    | |/ /  /   ‾‾\ 
  /          \   |   (  |  (‾)  |
 / __________ \  |_|\_\  \_____/ 

     execution: local
        script: workflow/spin/k6_open_client.js
        output: -

     scenarios: (100.00%) 1 scenario, 10000 max VUs, 15s max duration (incl. graceful stop):
              * default: 682.00 iterations/s for 15s (maxVUs: 682-10000)


running (01.0s), 00031/00682 VUs, 628 complete and 0 interrupted iterations
default   [   6% ] 00031/00682 VUs  01.0s/15s  682.00 iters/s

running (02.0s), 00028/00682 VUs, 1313 complete and 0 interrupted iterations
default   [  13% ] 00028/00682 VUs  02.0s/15s  682.00 iters/s

running (03.0s), 00018/00682 VUs, 2006 complete and 0 interrupted iterations
default   [  20% ] 00018/00682 VUs  03.0s/15s  682.00 iters/s

running (04.0s), 00026/00682 VUs, 2679 complete and 0 interrupted iterations
default   [  26% ] 00026/00682 VUs  04.0s/15s  682.00 iters/s

running (05.0s), 00018/00682 VUs, 3369 complete and 0 interrupted iterations
default   [  33% ] 00018/00682 VUs  05.0s/15s  682.00 iters/s

running (06.0s), 00032/00682 VUs, 4038 complete and 0 interrupted iterations
default   [  40% ] 00032/00682 VUs  06.0s/15s  682.00 iters/s

running (07.0s), 00026/00682 VUs, 4725 complete and 0 interrupted iterations
default   [  46% ] 00026/00682 VUs  07.0s/15s  682.00 iters/s

running (08.0s), 00019/00682 VUs, 5415 complete and 0 interrupted iterations
default   [  53% ] 00019/00682 VUs  08.0s/15s  682.00 iters/s

running (09.0s), 00026/00682 VUs, 6088 complete and 0 interrupted iterations
default   [  60% ] 00026/00682 VUs  09.0s/15s  682.00 iters/s

running (10.0s), 00020/00682 VUs, 6777 complete and 0 interrupted iterations
default   [  66% ] 00020/00682 VUs  10.0s/15s  682.00 iters/s

running (11.0s), 00028/00682 VUs, 7451 complete and 0 interrupted iterations
default   [  73% ] 00028/00682 VUs  11.0s/15s  682.00 iters/s

running (12.0s), 00019/00682 VUs, 8142 complete and 0 interrupted iterations
default   [  80% ] 00019/00682 VUs  12.0s/15s  682.00 iters/s

running (13.0s), 00032/00682 VUs, 8810 complete and 0 interrupted iterations
default   [  86% ] 00033/00682 VUs  13.0s/15s  682.00 iters/s

running (14.0s), 00024/00682 VUs, 9500 complete and 0 interrupted iterations
default   [  93% ] 00024/00682 VUs  14.0s/15s  682.00 iters/s

running (15.0s), 00017/00682 VUs, 10190 complete and 0 interrupted iterations
default   [ 100% ] 00017/00682 VUs  15.0s/15s  682.00 iters/s


  █ TOTAL RESULTS 

    HTTP
    http_req_duration..............: avg=35.79ms min=19.2ms  med=35.78ms max=57.79ms p(90)=47.42ms p(95)=48.91ms
      { expected_response:true }...: avg=35.79ms min=19.2ms  med=35.78ms max=57.79ms p(90)=47.42ms p(95)=48.91ms
    http_req_failed................: 0.00%  0 out of 10211
    http_reqs......................: 10211  680.654321/s

    EXECUTION
    iteration_duration.............: avg=35.87ms min=19.27ms med=35.86ms max=58.38ms p(90)=47.51ms p(95)=48.99ms
    iterations.....................: 10211  680.654321/s
    vus............................: 17     min=17         max=33 
    vus_max........................: 682    min=682        max=682

    NETWORK
    data_received..................: 2.1 MB 137 kB/s
    data_sent......................: 2.0 MB 131 kB/s




running (15.0s), 00000/00682 VUs, 10211 complete and 20 interrupted iterations
default ✓ [ 100% ] 00020/00682 VUs  15s  682.00 iters/s
