
         /\      Grafana   /‾‾/  
    /\  /  \     |\  __   /  /   
   /  \/    \    | |/ /  /   ‾‾\ 
  /          \   |   (  |  (‾)  |
 / __________ \  |_|\_\  \_____/ 

     execution: local
        script: workflow/spin/k6_open_client.js
        output: -

     scenarios: (100.00%) 1 scenario, 10000 max VUs, 15s max duration (incl. graceful stop):
              * default: 323.00 iterations/s for 15s (maxVUs: 323-10000)


running (01.0s), 00049/00323 VUs, 268 complete and 0 interrupted iterations
default   [   7% ] 00049/00323 VUs  01.0s/15s  323.00 iters/s

running (02.0s), 00038/00323 VUs, 602 complete and 0 interrupted iterations
default   [  13% ] 00038/00323 VUs  02.0s/15s  323.00 iters/s

running (03.0s), 00031/00323 VUs, 933 complete and 0 interrupted iterations
default   [  20% ] 00031/00323 VUs  03.0s/15s  323.00 iters/s

running (04.0s), 00022/00323 VUs, 1265 complete and 0 interrupted iterations
default   [  27% ] 00022/00323 VUs  04.0s/15s  323.00 iters/s

running (05.0s), 00047/00323 VUs, 1563 complete and 0 interrupted iterations
default   [  33% ] 00047/00323 VUs  05.0s/15s  323.00 iters/s

running (06.0s), 00039/00323 VUs, 1893 complete and 0 interrupted iterations
default   [  40% ] 00039/00323 VUs  06.0s/15s  323.00 iters/s

running (07.0s), 00030/00323 VUs, 2226 complete and 0 interrupted iterations
default   [  47% ] 00030/00323 VUs  07.0s/15s  323.00 iters/s

running (08.0s), 00021/00323 VUs, 2558 complete and 0 interrupted iterations
default   [  53% ] 00021/00323 VUs  08.0s/15s  323.00 iters/s

running (09.0s), 00046/00323 VUs, 2856 complete and 0 interrupted iterations
default   [  60% ] 00046/00323 VUs  09.0s/15s  323.00 iters/s

running (10.0s), 00036/00323 VUs, 3188 complete and 0 interrupted iterations
default   [  67% ] 00036/00323 VUs  10.0s/15s  323.00 iters/s

running (11.0s), 00027/00323 VUs, 3521 complete and 0 interrupted iterations
default   [  73% ] 00027/00323 VUs  11.0s/15s  323.00 iters/s

running (12.0s), 00048/00323 VUs, 3822 complete and 0 interrupted iterations
default   [  80% ] 00048/00323 VUs  12.0s/15s  323.00 iters/s

running (13.0s), 00042/00323 VUs, 4152 complete and 0 interrupted iterations
default   [  87% ] 00042/00323 VUs  13.0s/15s  323.00 iters/s

running (14.0s), 00030/00323 VUs, 4486 complete and 0 interrupted iterations
default   [  93% ] 00030/00323 VUs  14.0s/15s  323.00 iters/s

running (15.0s), 00020/00323 VUs, 4820 complete and 0 interrupted iterations
default   [ 100% ] 00020/00323 VUs  15.0s/15s  323.00 iters/s


  █ TOTAL RESULTS 

    HTTP
    http_req_duration..............: avg=105.4ms min=52.48ms med=105.64ms max=159.63ms p(90)=145.03ms p(95)=149.75ms
      { expected_response:true }...: avg=105.4ms min=52.48ms med=105.64ms max=159.63ms p(90)=145.03ms p(95)=149.75ms
    http_req_failed................: 0.00%  0 out of 4820
    http_reqs......................: 4820   321.290099/s

    EXECUTION
    iteration_duration.............: avg=105.5ms min=52.55ms med=105.71ms max=160.16ms p(90)=145.12ms p(95)=149.81ms
    iterations.....................: 4820   321.290099/s
    vus............................: 20     min=20        max=49 
    vus_max........................: 323    min=323       max=323

    NETWORK
    data_received..................: 969 kB 65 kB/s
    data_sent......................: 930 kB 62 kB/s




running (15.0s), 00000/00323 VUs, 4820 complete and 25 interrupted iterations
default ✓ [ 100% ] 00025/00323 VUs  15s  323.00 iters/s
