
         /\      Grafana   /‾‾/  
    /\  /  \     |\  __   /  /   
   /  \/    \    | |/ /  /   ‾‾\ 
  /          \   |   (  |  (‾)  |
 / __________ \  |_|\_\  \_____/ 

     execution: local
        script: workflow/spin/k6_open_client.js
        output: -

     scenarios: (100.00%) 1 scenario, 10000 max VUs, 15s max duration (incl. graceful stop):
              * default: 3015.00 iterations/s for 15s (maxVUs: 3015-10000)


running (00.9s), 00156/03015 VUs, 2539 complete and 0 interrupted iterations
default   [   6% ] 00157/03015 VUs  00.9s/15s  3015.00 iters/s

running (01.9s), 00141/03015 VUs, 5570 complete and 0 interrupted iterations
default   [  13% ] 00141/03015 VUs  01.9s/15s  3015.00 iters/s

running (02.9s), 00115/03015 VUs, 8611 complete and 0 interrupted iterations
default   [  19% ] 00115/03015 VUs  02.9s/15s  3015.00 iters/s

running (03.9s), 00135/03015 VUs, 11606 complete and 0 interrupted iterations
default   [  26% ] 00135/03015 VUs  03.9s/15s  3015.00 iters/s

running (04.9s), 00115/03015 VUs, 14642 complete and 0 interrupted iterations
default   [  33% ] 00115/03015 VUs  04.9s/15s  3015.00 iters/s

running (05.9s), 00139/03015 VUs, 17632 complete and 0 interrupted iterations
default   [  39% ] 00139/03015 VUs  05.9s/15s  3015.00 iters/s

running (06.9s), 00131/03015 VUs, 20655 complete and 0 interrupted iterations
default   [  46% ] 00131/03015 VUs  06.9s/15s  3015.00 iters/s

running (07.9s), 00109/03015 VUs, 23692 complete and 0 interrupted iterations
default   [  53% ] 00109/03015 VUs  07.9s/15s  3015.00 iters/s

running (08.9s), 00104/03015 VUs, 26712 complete and 0 interrupted iterations
default   [  59% ] 00104/03015 VUs  08.9s/15s  3015.00 iters/s

running (09.9s), 00131/03015 VUs, 29700 complete and 0 interrupted iterations
default   [  66% ] 00131/03015 VUs  09.9s/15s  3015.00 iters/s

running (10.9s), 00146/03015 VUs, 32700 complete and 0 interrupted iterations
default   [  73% ] 00146/03015 VUs  10.9s/15s  3015.00 iters/s

running (11.9s), 00130/03015 VUs, 35731 complete and 0 interrupted iterations
default   [  79% ] 00130/03015 VUs  11.9s/15s  3015.00 iters/s

running (12.9s), 00145/03015 VUs, 38731 complete and 0 interrupted iterations
default   [  86% ] 00145/03015 VUs  12.9s/15s  3015.00 iters/s

running (13.9s), 00133/03015 VUs, 41758 complete and 0 interrupted iterations
default   [  93% ] 00132/03015 VUs  13.9s/15s  3015.00 iters/s

running (14.9s), 00134/03015 VUs, 44772 complete and 0 interrupted iterations
default   [  99% ] 00134/03015 VUs  14.9s/15s  3015.00 iters/s


  █ TOTAL RESULTS 

    HTTP
    http_req_duration..............: avg=43.16ms min=23.37ms med=42.82ms max=89.74ms p(90)=50.86ms p(95)=53.5ms 
      { expected_response:true }...: avg=43.16ms min=23.37ms med=42.82ms max=89.74ms p(90)=50.86ms p(95)=53.5ms 
    http_req_failed................: 0.00%  0 out of 45074
    http_reqs......................: 45074  3003.823296/s

    EXECUTION
    iteration_duration.............: avg=43.25ms min=23.5ms  med=42.9ms  max=90.49ms p(90)=50.95ms p(95)=53.61ms
    iterations.....................: 45074  3003.823296/s
    vus............................: 133    min=102        max=154 
    vus_max........................: 3015   min=3015       max=3015

    NETWORK
    data_received..................: 9.2 MB 610 kB/s
    data_sent......................: 8.7 MB 578 kB/s




running (15.0s), 00000/03015 VUs, 45074 complete and 151 interrupted iterations
default ✓ [ 100% ] 00151/03015 VUs  15s  3015.00 iters/s
