
         /\      Grafana   /‾‾/  
    /\  /  \     |\  __   /  /   
   /  \/    \    | |/ /  /   ‾‾\ 
  /          \   |   (  |  (‾)  |
 / __________ \  |_|\_\  \_____/ 

     execution: local
        script: workflow/spin/k6_open_client.js
        output: -

     scenarios: (100.00%) 1 scenario, 10000 max VUs, 15s max duration (incl. graceful stop):
              * default: 3774.00 iterations/s for 15s (maxVUs: 3774-10000)


running (00.9s), 00361/03774 VUs, 2908 complete and 0 interrupted iterations
default   [   6% ] 00361/03774 VUs  00.9s/15s  3774.00 iters/s

running (01.9s), 00307/03774 VUs, 6740 complete and 0 interrupted iterations
default   [  12% ] 00307/03774 VUs  01.9s/15s  3774.00 iters/s

running (02.9s), 00236/03774 VUs, 10579 complete and 0 interrupted iterations
default   [  19% ] 00236/03774 VUs  02.9s/15s  3774.00 iters/s

running (03.9s), 00249/03774 VUs, 14339 complete and 0 interrupted iterations
default   [  26% ] 00249/03774 VUs  03.9s/15s  3774.00 iters/s

running (04.9s), 00240/03774 VUs, 18125 complete and 0 interrupted iterations
default   [  32% ] 00240/03774 VUs  04.9s/15s  3774.00 iters/s

running (05.9s), 00226/03774 VUs, 21910 complete and 0 interrupted iterations
default   [  39% ] 00226/03774 VUs  05.9s/15s  3774.00 iters/s

running (06.9s), 00271/03774 VUs, 25642 complete and 0 interrupted iterations
default   [  46% ] 00271/03774 VUs  06.9s/15s  3774.00 iters/s

running (07.9s), 00255/03774 VUs, 29436 complete and 0 interrupted iterations
default   [  52% ] 00255/03774 VUs  07.9s/15s  3774.00 iters/s

running (08.9s), 00191/03774 VUs, 33270 complete and 0 interrupted iterations
default   [  59% ] 00191/03774 VUs  08.9s/15s  3774.00 iters/s

running (09.9s), 00242/03774 VUs, 36994 complete and 0 interrupted iterations
default   [  66% ] 00242/03774 VUs  09.9s/15s  3774.00 iters/s

running (10.9s), 00254/03774 VUs, 40756 complete and 0 interrupted iterations
default   [  72% ] 00254/03774 VUs  10.9s/15s  3774.00 iters/s

running (11.9s), 00235/03774 VUs, 44546 complete and 0 interrupted iterations
default   [  79% ] 00235/03774 VUs  11.9s/15s  3774.00 iters/s

running (12.9s), 00302/03774 VUs, 48255 complete and 0 interrupted iterations
default   [  86% ] 00302/03774 VUs  12.9s/15s  3774.00 iters/s

running (13.9s), 00225/03774 VUs, 52108 complete and 0 interrupted iterations
default   [  92% ] 00225/03774 VUs  13.9s/15s  3774.00 iters/s

running (14.9s), 00246/03774 VUs, 55857 complete and 0 interrupted iterations
default   [  99% ] 00246/03774 VUs  14.9s/15s  3774.00 iters/s


  █ TOTAL RESULTS 

    HTTP
    http_req_duration..............: avg=69.45ms min=28.61ms med=67.65ms max=128.78ms p(90)=82.97ms p(95)=89.94ms
      { expected_response:true }...: avg=69.45ms min=28.61ms med=67.65ms max=128.78ms p(90)=82.97ms p(95)=89.94ms
    http_req_failed................: 0.00% 0 out of 56359
    http_reqs......................: 56359 3755.660349/s

    EXECUTION
    iteration_duration.............: avg=69.55ms min=28.72ms med=67.74ms max=129.16ms p(90)=83.08ms p(95)=90.16ms
    iterations.....................: 56359 3755.660349/s
    vus............................: 250   min=191        max=361 
    vus_max........................: 3774  min=3774       max=3774

    NETWORK
    data_received..................: 11 MB 762 kB/s
    data_sent......................: 11 MB 724 kB/s




running (15.0s), 00000/03774 VUs, 56355 complete and 256 interrupted iterations
default ✓ [ 100% ] 00256/03774 VUs  15s  3774.00 iters/s
