
         /\      Grafana   /‾‾/  
    /\  /  \     |\  __   /  /   
   /  \/    \    | |/ /  /   ‾‾\ 
  /          \   |   (  |  (‾)  |
 / __________ \  |_|\_\  \_____/ 

     execution: local
        script: workflow/write/k6_open_client.js
        output: -

     scenarios: (100.00%) 1 scenario, 10000 max VUs, 15s max duration (incl. graceful stop):
              * default: 5320.00 iterations/s for 15s (maxVUs: 5320-10000)


running (00.8s), 01071/05320 VUs, 3328 complete and 0 interrupted iterations
default   [   6% ] 01071/05320 VUs  00.8s/15s  5320.00 iters/s

running (01.8s), 01859/05320 VUs, 7860 complete and 0 interrupted iterations
default   [  12% ] 01859/05320 VUs  01.8s/15s  5320.00 iters/s

running (02.8s), 02444/05320 VUs, 12599 complete and 0 interrupted iterations
default   [  19% ] 02444/05320 VUs  02.8s/15s  5320.00 iters/s

running (03.8s), 03153/05320 VUs, 17207 complete and 0 interrupted iterations
default   [  26% ] 03153/05320 VUs  03.8s/15s  5320.00 iters/s

running (04.8s), 03871/05320 VUs, 21808 complete and 0 interrupted iterations
default   [  32% ] 03871/05320 VUs  04.8s/15s  5320.00 iters/s

running (05.8s), 04577/05320 VUs, 26423 complete and 0 interrupted iterations
default   [  39% ] 04577/05320 VUs  05.8s/15s  5320.00 iters/s

running (06.8s), 05020/05320 VUs, 31299 complete and 0 interrupted iterations
default   [  46% ] 05020/05320 VUs  06.8s/15s  5320.00 iters/s

running (07.8s), 05418/05419 VUs, 35768 complete and 0 interrupted iterations
default   [  52% ] 05418/05419 VUs  07.8s/15s  5320.00 iters/s

running (08.8s), 05481/05528 VUs, 40473 complete and 0 interrupted iterations
default   [  59% ] 05481/05528 VUs  08.8s/15s  5320.00 iters/s

running (09.8s), 05615/05652 VUs, 45150 complete and 0 interrupted iterations
default   [  66% ] 05615/05652 VUs  09.8s/15s  5320.00 iters/s

running (10.8s), 05729/05769 VUs, 49889 complete and 0 interrupted iterations
default   [  72% ] 05729/05769 VUs  10.8s/15s  5320.00 iters/s

running (11.8s), 05899/05900 VUs, 54495 complete and 0 interrupted iterations
default   [  79% ] 05899/05900 VUs  11.8s/15s  5320.00 iters/s

running (12.8s), 05998/06015 VUs, 59243 complete and 0 interrupted iterations
default   [  86% ] 05998/06015 VUs  12.8s/15s  5320.00 iters/s

running (13.8s), 06131/06131 VUs, 63966 complete and 0 interrupted iterations
default   [  92% ] 06131/06131 VUs  13.8s/15s  5320.00 iters/s

running (14.8s), 06239/06265 VUs, 68614 complete and 0 interrupted iterations
default   [  99% ] 06239/06265 VUs  14.8s/15s  5320.00 iters/s


  █ TOTAL RESULTS 

    HTTP
    http_req_duration..............: avg=901.67ms min=53.48ms med=1.06s max=1.33s p(90)=1.24s p(95)=1.3s
      { expected_response:true }...: avg=901.67ms min=53.48ms med=1.06s max=1.33s p(90)=1.24s p(95)=1.3s
    http_req_failed................: 0.00%  0 out of 69609
    http_reqs......................: 69609  4605.984998/s

    EXECUTION
    dropped_iterations.............: 4074   269.574091/s
    iteration_duration.............: avg=901.89ms min=56.6ms  med=1.06s max=1.38s p(90)=1.24s p(95)=1.3s
    iterations.....................: 69609  4605.984998/s
    vus............................: 6239   min=1071       max=6239
    vus_max........................: 6265   min=5320       max=6265

    NETWORK
    data_received..................: 14 MB  935 kB/s
    data_sent......................: 7.6 MB 501 kB/s




running (15.1s), 00000/06277 VUs, 69469 complete and 6258 interrupted iterations
default ✓ [ 100% ] 06258/06277 VUs  15s  5320.00 iters/s
