
         /\      Grafana   /‾‾/  
    /\  /  \     |\  __   /  /   
   /  \/    \    | |/ /  /   ‾‾\ 
  /          \   |   (  |  (‾)  |
 / __________ \  |_|\_\  \_____/ 

     execution: local
        script: workflow/write/k6_open_client.js
        output: -

     scenarios: (100.00%) 1 scenario, 10000 max VUs, 15s max duration (incl. graceful stop):
              * default: 5683.00 iterations/s for 15s (maxVUs: 5683-10000)


running (00.8s), 00056/05683 VUs, 4636 complete and 0 interrupted iterations
default   [   6% ] 00056/05683 VUs  00.8s/15s  5683.00 iters/s

running (01.8s), 00025/05683 VUs, 10351 complete and 0 interrupted iterations
default   [  12% ] 00025/05683 VUs  01.8s/15s  5683.00 iters/s

running (02.8s), 00020/05683 VUs, 16037 complete and 0 interrupted iterations
default   [  19% ] 00020/05683 VUs  02.8s/15s  5683.00 iters/s

running (03.8s), 00048/05683 VUs, 21696 complete and 0 interrupted iterations
default   [  26% ] 00048/05683 VUs  03.8s/15s  5683.00 iters/s

running (04.8s), 00029/05683 VUs, 27395 complete and 0 interrupted iterations
default   [  32% ] 00029/05683 VUs  04.8s/15s  5683.00 iters/s

running (05.8s), 00027/05683 VUs, 33081 complete and 0 interrupted iterations
default   [  39% ] 00027/05683 VUs  05.8s/15s  5683.00 iters/s

running (06.8s), 00021/05683 VUs, 38769 complete and 0 interrupted iterations
default   [  46% ] 00021/05683 VUs  06.8s/15s  5683.00 iters/s

running (07.8s), 00024/05683 VUs, 44449 complete and 0 interrupted iterations
default   [  52% ] 00024/05683 VUs  07.8s/15s  5683.00 iters/s

running (08.8s), 00028/05683 VUs, 50128 complete and 0 interrupted iterations
default   [  59% ] 00028/05683 VUs  08.8s/15s  5683.00 iters/s

running (09.8s), 00023/05683 VUs, 55816 complete and 0 interrupted iterations
default   [  66% ] 00023/05683 VUs  09.8s/15s  5683.00 iters/s

running (10.8s), 00028/05683 VUs, 61494 complete and 0 interrupted iterations
default   [  72% ] 00027/05683 VUs  10.8s/15s  5683.00 iters/s

running (11.8s), 00210/05683 VUs, 66996 complete and 0 interrupted iterations
default   [  79% ] 00210/05683 VUs  11.8s/15s  5683.00 iters/s

running (12.8s), 00028/05683 VUs, 72860 complete and 0 interrupted iterations
default   [  86% ] 00028/05683 VUs  12.8s/15s  5683.00 iters/s

running (13.8s), 00106/05683 VUs, 78463 complete and 0 interrupted iterations
default   [  92% ] 00107/05683 VUs  13.8s/15s  5683.00 iters/s

running (14.8s), 00019/05683 VUs, 84233 complete and 0 interrupted iterations
default   [  99% ] 00019/05683 VUs  14.8s/15s  5683.00 iters/s


  █ TOTAL RESULTS 

    HTTP
    http_req_duration..............: avg=8.58ms min=2.19ms med=4.93ms max=97.7ms  p(90)=16.38ms p(95)=25.07ms
      { expected_response:true }...: avg=8.58ms min=2.19ms med=4.93ms max=97.7ms  p(90)=16.38ms p(95)=25.07ms
    http_req_failed................: 0.00%  0 out of 85229
    http_reqs......................: 85229  5678.709334/s

    EXECUTION
    iteration_duration.............: avg=8.67ms min=2.36ms med=5ms    max=97.95ms p(90)=16.52ms p(95)=25.18ms
    iterations.....................: 85229  5678.709334/s
    vus............................: 19     min=19         max=210 
    vus_max........................: 5683   min=5683       max=5683

    NETWORK
    data_received..................: 20 MB  1.3 MB/s
    data_sent......................: 8.5 MB 568 kB/s




running (15.0s), 00000/05683 VUs, 85221 complete and 28 interrupted iterations
default ✓ [ 100% ] 00028/05683 VUs  15s  5683.00 iters/s
