
         /\      Grafana   /‾‾/  
    /\  /  \     |\  __   /  /   
   /  \/    \    | |/ /  /   ‾‾\ 
  /          \   |   (  |  (‾)  |
 / __________ \  |_|\_\  \_____/ 

     execution: local
        script: workflow/spin/k6_open_client.js
        output: -

     scenarios: (100.00%) 1 scenario, 10000 max VUs, 15s max duration (incl. graceful stop):
              * default: 2687.00 iterations/s for 15s (maxVUs: 2687-10000)


running (00.9s), 00151/02687 VUs, 2293 complete and 0 interrupted iterations
default   [   6% ] 00151/02687 VUs  00.9s/15s  2687.00 iters/s

running (01.9s), 00177/02687 VUs, 4953 complete and 0 interrupted iterations
default   [  13% ] 00177/02687 VUs  01.9s/15s  2687.00 iters/s

running (02.9s), 00144/02687 VUs, 7672 complete and 0 interrupted iterations
default   [  19% ] 00144/02687 VUs  02.9s/15s  2687.00 iters/s

running (03.9s), 00146/02687 VUs, 10357 complete and 0 interrupted iterations
default   [  26% ] 00145/02687 VUs  03.9s/15s  2687.00 iters/s

running (04.9s), 00149/02687 VUs, 13043 complete and 0 interrupted iterations
default   [  33% ] 00149/02687 VUs  04.9s/15s  2687.00 iters/s

running (05.9s), 00129/02687 VUs, 15748 complete and 0 interrupted iterations
default   [  39% ] 00129/02687 VUs  05.9s/15s  2687.00 iters/s

running (06.9s), 00176/02687 VUs, 18389 complete and 0 interrupted iterations
default   [  46% ] 00176/02687 VUs  06.9s/15s  2687.00 iters/s

running (07.9s), 00097/02687 VUs, 21154 complete and 0 interrupted iterations
default   [  53% ] 00097/02687 VUs  07.9s/15s  2687.00 iters/s

running (08.9s), 00094/02687 VUs, 23844 complete and 0 interrupted iterations
default   [  59% ] 00094/02687 VUs  08.9s/15s  2687.00 iters/s

running (09.9s), 00114/02687 VUs, 26511 complete and 0 interrupted iterations
default   [  66% ] 00114/02687 VUs  09.9s/15s  2687.00 iters/s

running (10.9s), 00116/02687 VUs, 29196 complete and 0 interrupted iterations
default   [  73% ] 00116/02687 VUs  10.9s/15s  2687.00 iters/s

running (11.9s), 00145/02687 VUs, 31854 complete and 0 interrupted iterations
default   [  79% ] 00145/02687 VUs  11.9s/15s  2687.00 iters/s

running (12.9s), 00122/02687 VUs, 34566 complete and 0 interrupted iterations
default   [  86% ] 00122/02687 VUs  12.9s/15s  2687.00 iters/s

running (13.9s), 00142/02687 VUs, 37231 complete and 0 interrupted iterations
default   [  93% ] 00142/02687 VUs  13.9s/15s  2687.00 iters/s

running (14.9s), 00175/02687 VUs, 39887 complete and 0 interrupted iterations
default   [  99% ] 00175/02687 VUs  14.9s/15s  2687.00 iters/s


  █ TOTAL RESULTS 

    HTTP
    http_req_duration..............: avg=51.41ms min=19.29ms med=52.77ms max=82.01ms p(90)=64.08ms p(95)=66.6ms 
      { expected_response:true }...: avg=51.41ms min=19.29ms med=52.77ms max=82.01ms p(90)=64.08ms p(95)=66.6ms 
    http_req_failed................: 0.00%  0 out of 40134
    http_reqs......................: 40134  2674.696254/s

    EXECUTION
    iteration_duration.............: avg=51.5ms  min=19.38ms med=52.88ms max=82.12ms p(90)=64.17ms p(95)=66.68ms
    iterations.....................: 40134  2674.696254/s
    vus............................: 173    min=92         max=176 
    vus_max........................: 2687   min=2687       max=2687

    NETWORK
    data_received..................: 8.1 MB 543 kB/s
    data_sent......................: 7.7 MB 516 kB/s




running (15.0s), 00000/02687 VUs, 40134 complete and 173 interrupted iterations
default ✓ [ 100% ] 00173/02687 VUs  15s  2687.00 iters/s
