
         /\      Grafana   /‾‾/  
    /\  /  \     |\  __   /  /   
   /  \/    \    | |/ /  /   ‾‾\ 
  /          \   |   (  |  (‾)  |
 / __________ \  |_|\_\  \_____/ 

     execution: local
        script: workflow/spin/k6_open_client.js
        output: -

     scenarios: (100.00%) 1 scenario, 10000 max VUs, 15s max duration (incl. graceful stop):
              * default: 4410.00 iterations/s for 15s (maxVUs: 4410-10000)


running (00.9s), 00585/04410 VUs, 3211 complete and 0 interrupted iterations
default   [   6% ] 00585/04410 VUs  00.9s/15s  4410.00 iters/s

running (01.9s), 00639/04410 VUs, 7567 complete and 0 interrupted iterations
default   [  12% ] 00639/04410 VUs  01.9s/15s  4410.00 iters/s

running (02.9s), 00771/04410 VUs, 11845 complete and 0 interrupted iterations
default   [  19% ] 00771/04410 VUs  02.9s/15s  4410.00 iters/s

running (03.9s), 00997/04410 VUs, 16031 complete and 0 interrupted iterations
default   [  26% ] 00997/04410 VUs  03.9s/15s  4410.00 iters/s

running (04.9s), 01056/04410 VUs, 20379 complete and 0 interrupted iterations
default   [  32% ] 01057/04410 VUs  04.9s/15s  4410.00 iters/s

running (05.9s), 01157/04410 VUs, 24689 complete and 0 interrupted iterations
default   [  39% ] 01157/04410 VUs  05.9s/15s  4410.00 iters/s

running (06.9s), 01115/04410 VUs, 29141 complete and 0 interrupted iterations
default   [  46% ] 01115/04410 VUs  06.9s/15s  4410.00 iters/s

running (07.9s), 01163/04410 VUs, 33506 complete and 0 interrupted iterations
default   [  52% ] 01163/04410 VUs  07.9s/15s  4410.00 iters/s

running (08.9s), 01120/04410 VUs, 37956 complete and 0 interrupted iterations
default   [  59% ] 01120/04410 VUs  08.9s/15s  4410.00 iters/s

running (09.9s), 01149/04410 VUs, 42334 complete and 0 interrupted iterations
default   [  66% ] 01149/04410 VUs  09.9s/15s  4410.00 iters/s

running (10.9s), 01248/04410 VUs, 46648 complete and 0 interrupted iterations
default   [  72% ] 01248/04410 VUs  10.9s/15s  4410.00 iters/s

running (11.9s), 01274/04410 VUs, 51032 complete and 0 interrupted iterations
default   [  79% ] 01274/04410 VUs  11.9s/15s  4410.00 iters/s

running (12.9s), 01407/04410 VUs, 55307 complete and 0 interrupted iterations
default   [  86% ] 01407/04410 VUs  12.9s/15s  4410.00 iters/s

running (13.9s), 01606/04410 VUs, 59522 complete and 0 interrupted iterations
default   [  92% ] 01606/04410 VUs  13.9s/15s  4410.00 iters/s

running (14.9s), 01665/04410 VUs, 63874 complete and 0 interrupted iterations
default   [  99% ] 01665/04410 VUs  14.9s/15s  4410.00 iters/s


  █ TOTAL RESULTS 

    HTTP
    http_req_duration..............: avg=252.62ms min=66.53ms med=260.55ms max=382.92ms p(90)=349.31ms p(95)=362.86ms
      { expected_response:true }...: avg=252.62ms min=66.53ms med=260.55ms max=382.92ms p(90)=349.31ms p(95)=362.86ms
    http_req_failed................: 0.00% 0 out of 64491
    http_reqs......................: 64491 4294.670274/s

    EXECUTION
    iteration_duration.............: avg=252.72ms min=66.93ms med=260.64ms max=383ms    p(90)=349.39ms p(95)=362.93ms
    iterations.....................: 64491 4294.670274/s
    vus............................: 1665  min=585        max=1665
    vus_max........................: 4410  min=4410       max=4410

    NETWORK
    data_received..................: 13 MB 872 kB/s
    data_sent......................: 13 MB 845 kB/s




running (15.0s), 00000/04410 VUs, 64490 complete and 1665 interrupted iterations
default ✓ [ 100% ] 01665/04410 VUs  15s  4410.00 iters/s
