
         /\      Grafana   /‾‾/  
    /\  /  \     |\  __   /  /   
   /  \/    \    | |/ /  /   ‾‾\ 
  /          \   |   (  |  (‾)  |
 / __________ \  |_|\_\  \_____/ 

     execution: local
        script: workflow/spin/k6_open_client.js
        output: -

     scenarios: (100.00%) 1 scenario, 10000 max VUs, 15s max duration (incl. graceful stop):
              * default: 2942.00 iterations/s for 15s (maxVUs: 2942-10000)


running (00.9s), 00469/02942 VUs, 2181 complete and 0 interrupted iterations
default   [   6% ] 00469/02942 VUs  00.9s/15s  2942.00 iters/s

running (01.9s), 00426/02942 VUs, 5166 complete and 0 interrupted iterations
default   [  13% ] 00426/02942 VUs  01.9s/15s  2942.00 iters/s

running (02.9s), 00437/02942 VUs, 8097 complete and 0 interrupted iterations
default   [  19% ] 00437/02942 VUs  02.9s/15s  2942.00 iters/s

running (03.9s), 00430/02942 VUs, 11046 complete and 0 interrupted iterations
default   [  26% ] 00430/02942 VUs  03.9s/15s  2942.00 iters/s

running (04.9s), 00482/02942 VUs, 13938 complete and 0 interrupted iterations
default   [  33% ] 00482/02942 VUs  04.9s/15s  2942.00 iters/s

running (05.9s), 00567/02942 VUs, 16792 complete and 0 interrupted iterations
default   [  39% ] 00567/02942 VUs  05.9s/15s  2942.00 iters/s

running (06.9s), 00432/02942 VUs, 19870 complete and 0 interrupted iterations
default   [  46% ] 00432/02942 VUs  06.9s/15s  2942.00 iters/s

running (07.9s), 00453/02942 VUs, 22791 complete and 0 interrupted iterations
default   [  53% ] 00453/02942 VUs  07.9s/15s  2942.00 iters/s

running (08.9s), 00443/02942 VUs, 25742 complete and 0 interrupted iterations
default   [  59% ] 00443/02942 VUs  08.9s/15s  2942.00 iters/s

running (09.9s), 00520/02942 VUs, 28608 complete and 0 interrupted iterations
default   [  66% ] 00520/02942 VUs  09.9s/15s  2942.00 iters/s

running (10.9s), 00408/02942 VUs, 31661 complete and 0 interrupted iterations
default   [  73% ] 00408/02942 VUs  10.9s/15s  2942.00 iters/s

running (11.9s), 00471/02942 VUs, 34541 complete and 0 interrupted iterations
default   [  79% ] 00471/02942 VUs  11.9s/15s  2942.00 iters/s

running (12.9s), 00432/02942 VUs, 37521 complete and 0 interrupted iterations
default   [  86% ] 00432/02942 VUs  12.9s/15s  2942.00 iters/s

running (13.9s), 00458/02942 VUs, 40438 complete and 0 interrupted iterations
default   [  93% ] 00458/02942 VUs  13.9s/15s  2942.00 iters/s

running (14.9s), 00414/02942 VUs, 43423 complete and 0 interrupted iterations
default   [  99% ] 00414/02942 VUs  14.9s/15s  2942.00 iters/s


  █ TOTAL RESULTS 

    HTTP
    http_req_duration..............: avg=149.39ms min=94.01ms med=149.18ms max=213.59ms p(90)=170.96ms p(95)=177.15ms
      { expected_response:true }...: avg=149.39ms min=94.01ms med=149.18ms max=213.59ms p(90)=170.96ms p(95)=177.15ms
    http_req_failed................: 0.00%  0 out of 43772
    http_reqs......................: 43772  2916.934037/s

    EXECUTION
    iteration_duration.............: avg=149.48ms min=94.13ms med=149.29ms max=213.71ms p(90)=171.04ms p(95)=177.23ms
    iterations.....................: 43772  2916.934037/s
    vus............................: 417    min=408        max=567 
    vus_max........................: 2942   min=2942       max=2942

    NETWORK
    data_received..................: 8.9 MB 592 kB/s
    data_sent......................: 8.5 MB 564 kB/s




running (15.0s), 00000/02942 VUs, 43761 complete and 371 interrupted iterations
default ✓ [ 100% ] 00371/02942 VUs  15s  2942.00 iters/s
