
         /\      Grafana   /‾‾/  
    /\  /  \     |\  __   /  /   
   /  \/    \    | |/ /  /   ‾‾\ 
  /          \   |   (  |  (‾)  |
 / __________ \  |_|\_\  \_____/ 

     execution: local
        script: workflow/spin/k6_open_client.js
        output: -

     scenarios: (100.00%) 1 scenario, 10000 max VUs, 15s max duration (incl. graceful stop):
              * default: 2904.00 iterations/s for 15s (maxVUs: 2904-10000)


running (00.9s), 00301/02904 VUs, 2304 complete and 0 interrupted iterations
default   [   6% ] 00301/02904 VUs  00.9s/15s  2904.00 iters/s

running (01.9s), 00391/02904 VUs, 5120 complete and 0 interrupted iterations
default   [  13% ] 00391/02904 VUs  01.9s/15s  2904.00 iters/s

running (02.9s), 00356/02904 VUs, 8057 complete and 0 interrupted iterations
default   [  19% ] 00356/02904 VUs  02.9s/15s  2904.00 iters/s

running (03.9s), 00436/02904 VUs, 10880 complete and 0 interrupted iterations
default   [  26% ] 00436/02904 VUs  03.9s/15s  2904.00 iters/s

running (04.9s), 00439/02904 VUs, 13782 complete and 0 interrupted iterations
default   [  33% ] 00439/02904 VUs  04.9s/15s  2904.00 iters/s

running (05.9s), 00487/02904 VUs, 16640 complete and 0 interrupted iterations
default   [  39% ] 00487/02904 VUs  05.9s/15s  2904.00 iters/s

running (06.9s), 00479/02904 VUs, 19551 complete and 0 interrupted iterations
default   [  46% ] 00479/02904 VUs  06.9s/15s  2904.00 iters/s

running (07.9s), 00566/02904 VUs, 22367 complete and 0 interrupted iterations
default   [  53% ] 00566/02904 VUs  07.9s/15s  2904.00 iters/s

running (08.9s), 00622/02904 VUs, 25216 complete and 0 interrupted iterations
default   [  59% ] 00622/02904 VUs  08.9s/15s  2904.00 iters/s

running (09.9s), 00583/02904 VUs, 28160 complete and 0 interrupted iterations
default   [  66% ] 00583/02904 VUs  09.9s/15s  2904.00 iters/s

running (10.9s), 00541/02904 VUs, 31104 complete and 0 interrupted iterations
default   [  73% ] 00541/02904 VUs  10.9s/15s  2904.00 iters/s

running (11.9s), 00501/02904 VUs, 34048 complete and 0 interrupted iterations
default   [  79% ] 00501/02904 VUs  11.9s/15s  2904.00 iters/s

running (12.9s), 00458/02904 VUs, 36992 complete and 0 interrupted iterations
default   [  86% ] 00459/02904 VUs  12.9s/15s  2904.00 iters/s

running (13.9s), 00442/02904 VUs, 39915 complete and 0 interrupted iterations
default   [  93% ] 00442/02904 VUs  13.9s/15s  2904.00 iters/s

running (14.9s), 00450/02904 VUs, 42811 complete and 0 interrupted iterations
default   [  99% ] 00450/02904 VUs  14.9s/15s  2904.00 iters/s


  █ TOTAL RESULTS 

    HTTP
    http_req_duration..............: avg=163.28ms min=75.24ms med=164ms    max=238.22ms p(90)=202.97ms p(95)=212.14ms
      { expected_response:true }...: avg=163.28ms min=75.24ms med=164ms    max=238.22ms p(90)=202.97ms p(95)=212.14ms
    http_req_failed................: 0.00%  0 out of 43136
    http_reqs......................: 43136  2874.423316/s

    EXECUTION
    iteration_duration.............: avg=163.37ms min=76.13ms med=164.08ms max=238.28ms p(90)=203.05ms p(95)=212.22ms
    iterations.....................: 43136  2874.423316/s
    vus............................: 449    min=301        max=622 
    vus_max........................: 2904   min=2904       max=2904

    NETWORK
    data_received..................: 8.8 MB 584 kB/s
    data_sent......................: 8.4 MB 557 kB/s




running (15.0s), 00000/02904 VUs, 43136 complete and 425 interrupted iterations
default ✓ [ 100% ] 00425/02904 VUs  15s  2904.00 iters/s
