
         /\      Grafana   /‾‾/  
    /\  /  \     |\  __   /  /   
   /  \/    \    | |/ /  /   ‾‾\ 
  /          \   |   (  |  (‾)  |
 / __________ \  |_|\_\  \_____/ 

     execution: local
        script: workflow/write/k6_open_client.js
        output: -

     scenarios: (100.00%) 1 scenario, 10000 max VUs, 15s max duration (incl. graceful stop):
              * default: 712.00 iterations/s for 15s (maxVUs: 712-10000)


running (01.0s), 00054/00712 VUs, 634 complete and 0 interrupted iterations
default   [   6% ] 00054/00712 VUs  01.0s/15s  712.00 iters/s

running (02.0s), 00020/00712 VUs, 1381 complete and 0 interrupted iterations
default   [  13% ] 00020/00712 VUs  02.0s/15s  712.00 iters/s

running (03.0s), 00046/00712 VUs, 2066 complete and 0 interrupted iterations
default   [  20% ] 00046/00712 VUs  03.0s/15s  712.00 iters/s

running (04.0s), 00031/00712 VUs, 2794 complete and 0 interrupted iterations
default   [  26% ] 00031/00712 VUs  04.0s/15s  712.00 iters/s

running (05.0s), 00025/00712 VUs, 3511 complete and 0 interrupted iterations
default   [  33% ] 00025/00712 VUs  05.0s/15s  712.00 iters/s

running (06.0s), 00018/00712 VUs, 4230 complete and 0 interrupted iterations
default   [  40% ] 00018/00712 VUs  06.0s/15s  712.00 iters/s

running (07.0s), 00023/00712 VUs, 4937 complete and 0 interrupted iterations
default   [  46% ] 00024/00712 VUs  07.0s/15s  712.00 iters/s

running (08.0s), 00028/00712 VUs, 5645 complete and 0 interrupted iterations
default   [  53% ] 00028/00712 VUs  08.0s/15s  712.00 iters/s

running (09.0s), 00038/00712 VUs, 6346 complete and 0 interrupted iterations
default   [  60% ] 00038/00712 VUs  09.0s/15s  712.00 iters/s

running (10.0s), 00014/00712 VUs, 7082 complete and 0 interrupted iterations
default   [  66% ] 00014/00712 VUs  10.0s/15s  712.00 iters/s

running (11.0s), 00019/00712 VUs, 7790 complete and 0 interrupted iterations
default   [  73% ] 00019/00712 VUs  11.0s/15s  712.00 iters/s

running (12.0s), 00045/00712 VUs, 8476 complete and 0 interrupted iterations
default   [  80% ] 00045/00712 VUs  12.0s/15s  712.00 iters/s

running (13.0s), 00025/00712 VUs, 9207 complete and 0 interrupted iterations
default   [  86% ] 00026/00712 VUs  13.0s/15s  712.00 iters/s

running (14.0s), 00051/00712 VUs, 9894 complete and 0 interrupted iterations
default   [  93% ] 00051/00712 VUs  14.0s/15s  712.00 iters/s

running (15.0s), 00013/00712 VUs, 10644 complete and 0 interrupted iterations
default   [ 100% ] 00013/00712 VUs  15.0s/15s  712.00 iters/s


  █ TOTAL RESULTS 

    HTTP
    http_req_duration..............: avg=35.08ms min=9.48ms med=31.97ms max=79.02ms p(90)=61.81ms p(95)=67.28ms
      { expected_response:true }...: avg=35.08ms min=9.48ms med=31.97ms max=79.02ms p(90)=61.81ms p(95)=67.28ms
    http_req_failed................: 0.00%  0 out of 10644
    http_reqs......................: 10644  709.536907/s

    EXECUTION
    iteration_duration.............: avg=35.15ms min=9.54ms med=32.05ms max=79.08ms p(90)=61.88ms p(95)=67.34ms
    iterations.....................: 10644  709.536907/s
    vus............................: 12     min=12         max=53 
    vus_max........................: 712    min=712        max=712

    NETWORK
    data_received..................: 2.2 MB 144 kB/s
    data_sent......................: 1.1 MB 71 kB/s




running (15.0s), 00000/00712 VUs, 10644 complete and 36 interrupted iterations
default ✓ [ 100% ] 00036/00712 VUs  15s  712.00 iters/s
