
         /\      Grafana   /‾‾/  
    /\  /  \     |\  __   /  /   
   /  \/    \    | |/ /  /   ‾‾\ 
  /          \   |   (  |  (‾)  |
 / __________ \  |_|\_\  \_____/ 

     execution: local
        script: workflow/spin/k6_open_client.js
        output: -

     scenarios: (100.00%) 1 scenario, 10000 max VUs, 15s max duration (incl. graceful stop):
              * default: 4950.00 iterations/s for 15s (maxVUs: 4950-10000)


running (00.8s), 00969/04950 VUs, 3224 complete and 0 interrupted iterations
default   [   6% ] 00969/04950 VUs  00.8s/15s  4950.00 iters/s

running (01.8s), 01247/04950 VUs, 7896 complete and 0 interrupted iterations
default   [  12% ] 01247/04950 VUs  01.8s/15s  4950.00 iters/s

running (02.8s), 01587/04950 VUs, 12512 complete and 0 interrupted iterations
default   [  19% ] 01587/04950 VUs  02.8s/15s  4950.00 iters/s

running (03.8s), 01802/04950 VUs, 17242 complete and 0 interrupted iterations
default   [  26% ] 01802/04950 VUs  03.8s/15s  4950.00 iters/s

running (04.8s), 02031/04950 VUs, 21962 complete and 0 interrupted iterations
default   [  32% ] 02031/04950 VUs  04.8s/15s  4950.00 iters/s

running (05.8s), 02206/04950 VUs, 26737 complete and 0 interrupted iterations
default   [  39% ] 02206/04950 VUs  05.8s/15s  4950.00 iters/s

running (06.8s), 02524/04950 VUs, 31369 complete and 0 interrupted iterations
default   [  46% ] 02524/04950 VUs  06.8s/15s  4950.00 iters/s

running (07.8s), 02786/04950 VUs, 36057 complete and 0 interrupted iterations
default   [  52% ] 02786/04950 VUs  07.8s/15s  4950.00 iters/s

running (08.8s), 03089/04950 VUs, 40705 complete and 0 interrupted iterations
default   [  59% ] 03089/04950 VUs  08.8s/15s  4950.00 iters/s

running (09.8s), 03221/04950 VUs, 45521 complete and 0 interrupted iterations
default   [  66% ] 03221/04950 VUs  09.8s/15s  4950.00 iters/s

running (10.8s), 03406/04950 VUs, 50288 complete and 0 interrupted iterations
default   [  72% ] 03406/04950 VUs  10.8s/15s  4950.00 iters/s

running (11.8s), 03675/04950 VUs, 54967 complete and 0 interrupted iterations
default   [  79% ] 03675/04950 VUs  11.8s/15s  4950.00 iters/s

running (12.8s), 03975/04950 VUs, 59619 complete and 0 interrupted iterations
default   [  86% ] 03975/04950 VUs  12.8s/15s  4950.00 iters/s

running (13.8s), 04109/04950 VUs, 64433 complete and 0 interrupted iterations
default   [  92% ] 04109/04950 VUs  13.8s/15s  4950.00 iters/s

running (14.8s), 04322/04950 VUs, 69175 complete and 0 interrupted iterations
default   [  99% ] 04322/04950 VUs  14.8s/15s  4950.00 iters/s


  █ TOTAL RESULTS 

    HTTP
    http_req_duration..............: avg=540.59ms min=92.91ms med=547.29ms max=895.76ms p(90)=830.75ms p(95)=856.38ms
      { expected_response:true }...: avg=540.59ms min=92.91ms med=547.29ms max=895.76ms p(90)=830.75ms p(95)=856.38ms
    http_req_failed................: 0.00% 0 out of 69926
    http_reqs......................: 69926 4652.238622/s

    EXECUTION
    iteration_duration.............: avg=540.67ms min=95.38ms med=547.36ms max=906.32ms p(90)=830.83ms p(95)=856.46ms
    iterations.....................: 69922 4651.972498/s
    vus............................: 4317  min=969        max=4317
    vus_max........................: 4950  min=4950       max=4950

    NETWORK
    data_received..................: 14 MB 944 kB/s
    data_sent......................: 14 MB 948 kB/s




running (15.0s), 00000/04950 VUs, 69913 complete and 4338 interrupted iterations
default ✓ [ 100% ] 04338/04950 VUs  15s  4950.00 iters/s
