
         /\      Grafana   /‾‾/  
    /\  /  \     |\  __   /  /   
   /  \/    \    | |/ /  /   ‾‾\ 
  /          \   |   (  |  (‾)  |
 / __________ \  |_|\_\  \_____/ 

     execution: local
        script: workflow/spin/k6_open_client.js
        output: -

     scenarios: (100.00%) 1 scenario, 10000 max VUs, 15s max duration (incl. graceful stop):
              * default: 445.00 iterations/s for 15s (maxVUs: 445-10000)


running (01.0s), 00012/00445 VUs, 422 complete and 0 interrupted iterations
default   [   6% ] 00012/00445 VUs  01.0s/15s  445.00 iters/s

running (02.0s), 00007/00445 VUs, 872 complete and 0 interrupted iterations
default   [  13% ] 00007/00445 VUs  02.0s/15s  445.00 iters/s

running (03.0s), 00008/00445 VUs, 1316 complete and 0 interrupted iterations
default   [  20% ] 00008/00445 VUs  03.0s/15s  445.00 iters/s

running (04.0s), 00010/00445 VUs, 1759 complete and 0 interrupted iterations
default   [  26% ] 00010/00445 VUs  04.0s/15s  445.00 iters/s

running (05.0s), 00012/00445 VUs, 2202 complete and 0 interrupted iterations
default   [  33% ] 00012/00445 VUs  05.0s/15s  445.00 iters/s

running (06.0s), 00016/00445 VUs, 2643 complete and 0 interrupted iterations
default   [  40% ] 00016/00445 VUs  06.0s/15s  445.00 iters/s

running (07.0s), 00018/00445 VUs, 3085 complete and 0 interrupted iterations
default   [  46% ] 00018/00445 VUs  07.0s/15s  445.00 iters/s

running (08.0s), 00016/00445 VUs, 3533 complete and 0 interrupted iterations
default   [  53% ] 00016/00445 VUs  08.0s/15s  445.00 iters/s

running (09.0s), 00008/00445 VUs, 3985 complete and 0 interrupted iterations
default   [  60% ] 00008/00445 VUs  09.0s/15s  445.00 iters/s

running (10.0s), 00013/00445 VUs, 4426 complete and 0 interrupted iterations
default   [  66% ] 00013/00445 VUs  10.0s/15s  445.00 iters/s

running (11.0s), 00012/00445 VUs, 4872 complete and 0 interrupted iterations
default   [  73% ] 00012/00445 VUs  11.0s/15s  445.00 iters/s

running (12.0s), 00020/00445 VUs, 5309 complete and 0 interrupted iterations
default   [  80% ] 00020/00445 VUs  12.0s/15s  445.00 iters/s

running (13.0s), 00008/00445 VUs, 5766 complete and 0 interrupted iterations
default   [  86% ] 00008/00445 VUs  13.0s/15s  445.00 iters/s

running (14.0s), 00012/00445 VUs, 6207 complete and 0 interrupted iterations
default   [  93% ] 00012/00445 VUs  14.0s/15s  445.00 iters/s

running (15.0s), 00019/00445 VUs, 6645 complete and 0 interrupted iterations
default   [ 100% ] 00019/00445 VUs  15.0s/15s  445.00 iters/s


  █ TOTAL RESULTS 

    HTTP
    http_req_duration..............: avg=28.01ms min=11.15ms med=28.02ms max=52ms    p(90)=40.03ms p(95)=41.52ms
      { expected_response:true }...: avg=28.01ms min=11.15ms med=28.02ms max=52ms    p(90)=40.03ms p(95)=41.52ms
    http_req_failed................: 0.00%  0 out of 6660
    http_reqs......................: 6660   443.94692/s

    EXECUTION
    iteration_duration.............: avg=28.1ms  min=11.24ms med=28.11ms max=52.09ms p(90)=40.1ms  p(95)=41.62ms
    iterations.....................: 6660   443.94692/s
    vus............................: 19     min=7         max=20 
    vus_max........................: 445    min=445       max=445

    NETWORK
    data_received..................: 1.3 MB 89 kB/s
    data_sent......................: 1.3 MB 85 kB/s




running (15.0s), 00000/00445 VUs, 6660 complete and 15 interrupted iterations
default ✓ [ 100% ] 00015/00445 VUs  15s  445.00 iters/s
