
         /\      Grafana   /‾‾/  
    /\  /  \     |\  __   /  /   
   /  \/    \    | |/ /  /   ‾‾\ 
  /          \   |   (  |  (‾)  |
 / __________ \  |_|\_\  \_____/ 

     execution: local
        script: workflow/spin/k6_open_client.js
        output: -

     scenarios: (100.00%) 1 scenario, 10000 max VUs, 15s max duration (incl. graceful stop):
              * default: 3572.00 iterations/s for 15s (maxVUs: 3572-10000)


running (00.9s), 00607/03572 VUs, 2560 complete and 0 interrupted iterations
default   [   6% ] 00607/03572 VUs  00.9s/15s  3572.00 iters/s

running (01.9s), 00831/03572 VUs, 5908 complete and 0 interrupted iterations
default   [  13% ] 00831/03572 VUs  01.9s/15s  3572.00 iters/s

running (02.9s), 00842/03572 VUs, 9472 complete and 0 interrupted iterations
default   [  19% ] 00842/03572 VUs  02.9s/15s  3572.00 iters/s

running (03.9s), 00832/03572 VUs, 13051 complete and 0 interrupted iterations
default   [  26% ] 00832/03572 VUs  03.9s/15s  3572.00 iters/s

running (04.9s), 00937/03572 VUs, 16519 complete and 0 interrupted iterations
default   [  33% ] 00937/03572 VUs  04.9s/15s  3572.00 iters/s

running (05.9s), 00954/03572 VUs, 20073 complete and 0 interrupted iterations
default   [  39% ] 00954/03572 VUs  05.9s/15s  3572.00 iters/s

running (06.9s), 00880/03572 VUs, 23720 complete and 0 interrupted iterations
default   [  46% ] 00880/03572 VUs  06.9s/15s  3572.00 iters/s

running (07.9s), 00986/03572 VUs, 27185 complete and 0 interrupted iterations
default   [  53% ] 00986/03572 VUs  07.9s/15s  3572.00 iters/s

running (08.9s), 00979/03572 VUs, 30764 complete and 0 interrupted iterations
default   [  59% ] 00979/03572 VUs  08.9s/15s  3572.00 iters/s

running (09.9s), 01033/03572 VUs, 34281 complete and 0 interrupted iterations
default   [  66% ] 01034/03572 VUs  09.9s/15s  3572.00 iters/s

running (10.9s), 01002/03572 VUs, 37884 complete and 0 interrupted iterations
default   [  73% ] 01003/03572 VUs  10.9s/15s  3572.00 iters/s

running (11.9s), 01011/03572 VUs, 41449 complete and 0 interrupted iterations
default   [  79% ] 01011/03572 VUs  11.9s/15s  3572.00 iters/s

running (12.9s), 01000/03572 VUs, 45033 complete and 0 interrupted iterations
default   [  86% ] 01000/03572 VUs  12.9s/15s  3572.00 iters/s

running (13.9s), 00986/03572 VUs, 48617 complete and 0 interrupted iterations
default   [  93% ] 00986/03572 VUs  13.9s/15s  3572.00 iters/s

running (14.9s), 00971/03572 VUs, 52201 complete and 0 interrupted iterations
default   [  99% ] 00971/03572 VUs  14.9s/15s  3572.00 iters/s


  █ TOTAL RESULTS 

    HTTP
    http_req_duration..............: avg=257.91ms min=119.71ms med=263.43ms max=318.75ms p(90)=291.42ms p(95)=298.95ms
      { expected_response:true }...: avg=257.91ms min=119.71ms med=263.43ms max=318.75ms p(90)=291.42ms p(95)=298.95ms
    http_req_failed................: 0.00% 0 out of 52531
    http_reqs......................: 52531 3499.397421/s

    EXECUTION
    iteration_duration.............: avg=258.01ms min=120.21ms med=263.52ms max=318.82ms p(90)=291.5ms  p(95)=299.05ms
    iterations.....................: 52531 3499.397421/s
    vus............................: 974   min=607        max=1034
    vus_max........................: 3572  min=3572       max=3572

    NETWORK
    data_received..................: 11 MB 710 kB/s
    data_sent......................: 10 MB 685 kB/s




running (15.0s), 00000/03572 VUs, 52521 complete and 1060 interrupted iterations
default ✓ [ 100% ] 01060/03572 VUs  15s  3572.00 iters/s
