
         /\      Grafana   /‾‾/  
    /\  /  \     |\  __   /  /   
   /  \/    \    | |/ /  /   ‾‾\ 
  /          \   |   (  |  (‾)  |
 / __________ \  |_|\_\  \_____/ 

     execution: local
        script: workflow/write/k6_open_client.js
        output: -

     scenarios: (100.00%) 1 scenario, 10000 max VUs, 15s max duration (incl. graceful stop):
              * default: 684.00 iterations/s for 15s (maxVUs: 684-10000)


running (01.0s), 00014/00684 VUs, 650 complete and 0 interrupted iterations
default   [   6% ] 00014/00684 VUs  01.0s/15s  684.00 iters/s

running (02.0s), 00028/00684 VUs, 1320 complete and 0 interrupted iterations
default   [  13% ] 00028/00684 VUs  02.0s/15s  684.00 iters/s

running (03.0s), 00023/00684 VUs, 2009 complete and 0 interrupted iterations
default   [  20% ] 00023/00684 VUs  03.0s/15s  684.00 iters/s

running (04.0s), 00012/00684 VUs, 2704 complete and 0 interrupted iterations
default   [  26% ] 00012/00684 VUs  04.0s/15s  684.00 iters/s

running (05.0s), 00028/00684 VUs, 3372 complete and 0 interrupted iterations
default   [  33% ] 00028/00684 VUs  05.0s/15s  684.00 iters/s

running (06.0s), 00014/00684 VUs, 4070 complete and 0 interrupted iterations
default   [  40% ] 00014/00684 VUs  06.0s/15s  684.00 iters/s

running (07.0s), 00027/00684 VUs, 4741 complete and 0 interrupted iterations
default   [  46% ] 00027/00684 VUs  07.0s/15s  684.00 iters/s

running (08.0s), 00019/00684 VUs, 5432 complete and 0 interrupted iterations
default   [  53% ] 00019/00684 VUs  08.0s/15s  684.00 iters/s

running (09.0s), 00010/00684 VUs, 6125 complete and 0 interrupted iterations
default   [  60% ] 00011/00684 VUs  09.0s/15s  684.00 iters/s

running (10.0s), 00022/00684 VUs, 6797 complete and 0 interrupted iterations
default   [  66% ] 00023/00684 VUs  10.0s/15s  684.00 iters/s

running (11.0s), 00014/00684 VUs, 7490 complete and 0 interrupted iterations
default   [  73% ] 00014/00684 VUs  11.0s/15s  684.00 iters/s

running (12.0s), 00028/00684 VUs, 8160 complete and 0 interrupted iterations
default   [  80% ] 00028/00684 VUs  12.0s/15s  684.00 iters/s

running (13.0s), 00019/00684 VUs, 8853 complete and 0 interrupted iterations
default   [  86% ] 00019/00684 VUs  13.0s/15s  684.00 iters/s

running (14.0s), 00011/00684 VUs, 9545 complete and 0 interrupted iterations
default   [  93% ] 00011/00684 VUs  14.0s/15s  684.00 iters/s

running (15.0s), 00028/00684 VUs, 10212 complete and 0 interrupted iterations
default   [ 100% ] 00028/00684 VUs  15.0s/15s  684.00 iters/s


  █ TOTAL RESULTS 

    HTTP
    http_req_duration..............: avg=26.76ms min=10.87ms med=26.71ms max=50.81ms p(90)=38.37ms p(95)=39.73ms
      { expected_response:true }...: avg=26.76ms min=10.87ms med=26.71ms max=50.81ms p(90)=38.37ms p(95)=39.73ms
    http_req_failed................: 0.00%  0 out of 10234
    http_reqs......................: 10234  682.211415/s

    EXECUTION
    iteration_duration.............: avg=26.82ms min=10.92ms med=26.78ms max=50.86ms p(90)=38.44ms p(95)=39.8ms 
    iterations.....................: 10234  682.211415/s
    vus............................: 27     min=11         max=28 
    vus_max........................: 684    min=684        max=684

    NETWORK
    data_received..................: 2.1 MB 138 kB/s
    data_sent......................: 1.0 MB 68 kB/s




running (15.0s), 00000/00684 VUs, 10234 complete and 27 interrupted iterations
default ✓ [ 100% ] 00027/00684 VUs  15s  684.00 iters/s
