
         /\      Grafana   /‾‾/  
    /\  /  \     |\  __   /  /   
   /  \/    \    | |/ /  /   ‾‾\ 
  /          \   |   (  |  (‾)  |
 / __________ \  |_|\_\  \_____/ 

     execution: local
        script: workflow/spin/k6_open_client.js
        output: -

     scenarios: (100.00%) 1 scenario, 10000 max VUs, 15s max duration (incl. graceful stop):
              * default: 3674.00 iterations/s for 15s (maxVUs: 3674-10000)


running (00.9s), 00499/03674 VUs, 2688 complete and 0 interrupted iterations
default   [   6% ] 00499/03674 VUs  00.9s/15s  3674.00 iters/s

running (01.9s), 00798/03674 VUs, 6063 complete and 0 interrupted iterations
default   [  12% ] 00798/03674 VUs  01.9s/15s  3674.00 iters/s

running (02.9s), 00921/03674 VUs, 9614 complete and 0 interrupted iterations
default   [  19% ] 00922/03674 VUs  02.9s/15s  3674.00 iters/s

running (03.9s), 00773/03674 VUs, 13440 complete and 0 interrupted iterations
default   [  26% ] 00773/03674 VUs  03.9s/15s  3674.00 iters/s

running (04.9s), 00733/03674 VUs, 17152 complete and 0 interrupted iterations
default   [  32% ] 00733/03674 VUs  04.9s/15s  3674.00 iters/s

running (05.9s), 00722/03674 VUs, 20835 complete and 0 interrupted iterations
default   [  39% ] 00722/03674 VUs  05.9s/15s  3674.00 iters/s

running (06.9s), 00703/03674 VUs, 24528 complete and 0 interrupted iterations
default   [  46% ] 00703/03674 VUs  06.9s/15s  3674.00 iters/s

running (07.9s), 00618/03674 VUs, 28288 complete and 0 interrupted iterations
default   [  52% ] 00618/03674 VUs  07.9s/15s  3674.00 iters/s

running (08.9s), 00451/03674 VUs, 32128 complete and 0 interrupted iterations
default   [  59% ] 00451/03674 VUs  08.9s/15s  3674.00 iters/s

running (09.9s), 00367/03674 VUs, 35887 complete and 0 interrupted iterations
default   [  66% ] 00367/03674 VUs  09.9s/15s  3674.00 iters/s

running (10.9s), 00249/03674 VUs, 39680 complete and 0 interrupted iterations
default   [  72% ] 00249/03674 VUs  10.9s/15s  3674.00 iters/s

running (11.9s), 00213/03674 VUs, 43392 complete and 0 interrupted iterations
default   [  79% ] 00213/03674 VUs  11.9s/15s  3674.00 iters/s

running (12.9s), 00281/03674 VUs, 46995 complete and 0 interrupted iterations
default   [  86% ] 00281/03674 VUs  12.9s/15s  3674.00 iters/s

running (13.9s), 00224/03674 VUs, 50726 complete and 0 interrupted iterations
default   [  92% ] 00224/03674 VUs  13.9s/15s  3674.00 iters/s

running (14.9s), 00224/03674 VUs, 54400 complete and 0 interrupted iterations
default   [  99% ] 00224/03674 VUs  14.9s/15s  3674.00 iters/s


  █ TOTAL RESULTS 

    HTTP
    http_req_duration..............: avg=143.76ms min=50.19ms med=142.6ms  max=264.4ms  p(90)=222.47ms p(95)=238.77ms
      { expected_response:true }...: avg=143.76ms min=50.19ms med=142.6ms  max=264.4ms  p(90)=222.47ms p(95)=238.77ms
    http_req_failed................: 0.00% 0 out of 54870
    http_reqs......................: 54870 3656.516617/s

    EXECUTION
    iteration_duration.............: avg=143.86ms min=50.27ms med=142.75ms max=264.56ms p(90)=222.54ms p(95)=238.87ms
    iterations.....................: 54870 3656.516617/s
    vus............................: 224   min=209        max=920 
    vus_max........................: 3674  min=3674       max=3674

    NETWORK
    data_received..................: 11 MB 742 kB/s
    data_sent......................: 11 MB 705 kB/s




running (15.0s), 00000/03674 VUs, 54868 complete and 243 interrupted iterations
default ✓ [ 100% ] 00243/03674 VUs  15s  3674.00 iters/s
