
         /\      Grafana   /‾‾/  
    /\  /  \     |\  __   /  /   
   /  \/    \    | |/ /  /   ‾‾\ 
  /          \   |   (  |  (‾)  |
 / __________ \  |_|\_\  \_____/ 

     execution: local
        script: workflow/media/k6_open_review_compose.js
        output: -

     scenarios: (100.00%) 1 scenario, 10000 max VUs, 10s max duration (incl. graceful stop):
              * default: 235.00 iterations/s for 10s (maxVUs: 235-10000)


running (01.0s), 00017/00235 VUs, 214 complete and 0 interrupted iterations
default   [  10% ] 00017/00235 VUs  01.0s/10s  235.00 iters/s

running (02.0s), 00030/00235 VUs, 436 complete and 0 interrupted iterations
default   [  20% ] 00030/00235 VUs  02.0s/10s  235.00 iters/s

running (03.0s), 00041/00235 VUs, 660 complete and 0 interrupted iterations
default   [  30% ] 00041/00235 VUs  03.0s/10s  235.00 iters/s

running (04.0s), 00048/00235 VUs, 888 complete and 0 interrupted iterations
default   [  40% ] 00048/00235 VUs  04.0s/10s  235.00 iters/s

running (05.0s), 00059/00235 VUs, 1112 complete and 0 interrupted iterations
default   [  50% ] 00059/00235 VUs  05.0s/10s  235.00 iters/s

running (06.0s), 00071/00235 VUs, 1335 complete and 0 interrupted iterations
default   [  60% ] 00071/00235 VUs  06.0s/10s  235.00 iters/s

running (07.0s), 00084/00235 VUs, 1557 complete and 0 interrupted iterations
default   [  70% ] 00084/00235 VUs  07.0s/10s  235.00 iters/s

running (08.0s), 00091/00235 VUs, 1785 complete and 0 interrupted iterations
default   [  80% ] 00091/00235 VUs  08.0s/10s  235.00 iters/s

running (09.0s), 00096/00235 VUs, 2015 complete and 0 interrupted iterations
default   [  90% ] 00096/00235 VUs  09.0s/10s  235.00 iters/s

running (10.0s), 00105/00235 VUs, 2241 complete and 0 interrupted iterations
default   [ 100% ] 00105/00235 VUs  10.0s/10s  235.00 iters/s


  █ TOTAL RESULTS 

    HTTP
    http_req_duration..............: avg=253.4ms  min=7.98ms med=255.55ms max=448.03ms p(90)=410.28ms p(95)=434.21ms
      { expected_response:true }...: avg=253.4ms  min=7.98ms med=255.55ms max=448.03ms p(90)=410.28ms p(95)=434.21ms
    http_req_failed................: 0.00%  0 out of 2245
    http_reqs......................: 2245   224.4421/s

    EXECUTION
    iteration_duration.............: avg=253.54ms min=8.61ms med=255.7ms  max=448.15ms p(90)=410.38ms p(95)=434.34ms
    iterations.....................: 2245   224.4421/s
    vus............................: 105    min=17        max=105
    vus_max........................: 235    min=235       max=235

    NETWORK
    data_received..................: 516 kB 52 kB/s
    data_sent......................: 1.3 MB 131 kB/s




running (10.0s), 00000/00235 VUs, 2245 complete and 106 interrupted iterations
default ✓ [ 100% ] 00106/00235 VUs  10s  235.00 iters/s
