
         /\      Grafana   /‾‾/  
    /\  /  \     |\  __   /  /   
   /  \/    \    | |/ /  /   ‾‾\ 
  /          \   |   (  |  (‾)  |
 / __________ \  |_|\_\  \_____/ 

     execution: local
        script: workflow/spin/k6_open_client.js
        output: -

     scenarios: (100.00%) 1 scenario, 10000 max VUs, 15s max duration (incl. graceful stop):
              * default: 3600.00 iterations/s for 15s (maxVUs: 3600-10000)


running (00.9s), 00240/03600 VUs, 2945 complete and 0 interrupted iterations
default   [   6% ] 00240/03600 VUs  00.9s/15s  3600.00 iters/s

running (01.9s), 00191/03600 VUs, 6592 complete and 0 interrupted iterations
default   [  13% ] 00191/03600 VUs  01.9s/15s  3600.00 iters/s

running (02.9s), 00220/03600 VUs, 10165 complete and 0 interrupted iterations
default   [  19% ] 00220/03600 VUs  02.9s/15s  3600.00 iters/s

running (03.9s), 00212/03600 VUs, 13776 complete and 0 interrupted iterations
default   [  26% ] 00212/03600 VUs  03.9s/15s  3600.00 iters/s

running (04.9s), 00221/03600 VUs, 17367 complete and 0 interrupted iterations
default   [  33% ] 00221/03600 VUs  04.9s/15s  3600.00 iters/s

running (05.9s), 00220/03600 VUs, 20963 complete and 0 interrupted iterations
default   [  39% ] 00220/03600 VUs  05.9s/15s  3600.00 iters/s

running (06.9s), 00229/03600 VUs, 24559 complete and 0 interrupted iterations
default   [  46% ] 00229/03600 VUs  06.9s/15s  3600.00 iters/s

running (07.9s), 00211/03600 VUs, 28174 complete and 0 interrupted iterations
default   [  53% ] 00211/03600 VUs  07.9s/15s  3600.00 iters/s

running (08.9s), 00206/03600 VUs, 31779 complete and 0 interrupted iterations
default   [  59% ] 00206/03600 VUs  08.9s/15s  3600.00 iters/s

running (09.9s), 00192/03600 VUs, 35392 complete and 0 interrupted iterations
default   [  66% ] 00191/03600 VUs  09.9s/15s  3600.00 iters/s

running (10.9s), 00205/03600 VUs, 38978 complete and 0 interrupted iterations
default   [  73% ] 00205/03600 VUs  10.9s/15s  3600.00 iters/s

running (11.9s), 00174/03600 VUs, 42612 complete and 0 interrupted iterations
default   [  79% ] 00174/03600 VUs  11.9s/15s  3600.00 iters/s

running (12.9s), 00199/03600 VUs, 46187 complete and 0 interrupted iterations
default   [  86% ] 00199/03600 VUs  12.9s/15s  3600.00 iters/s

running (13.9s), 00229/03600 VUs, 49754 complete and 0 interrupted iterations
default   [  93% ] 00229/03600 VUs  13.9s/15s  3600.00 iters/s

running (14.9s), 00222/03600 VUs, 53364 complete and 0 interrupted iterations
default   [  99% ] 00222/03600 VUs  14.9s/15s  3600.00 iters/s


  █ TOTAL RESULTS 

    HTTP
    http_req_duration..............: avg=58.77ms min=39.09ms med=57.97ms max=123.8ms  p(90)=67.78ms p(95)=72.45ms
      { expected_response:true }...: avg=58.77ms min=39.09ms med=57.97ms max=123.8ms  p(90)=67.78ms p(95)=72.45ms
    http_req_failed................: 0.00% 0 out of 53816
    http_reqs......................: 53816 3586.314355/s

    EXECUTION
    iteration_duration.............: avg=58.86ms min=39.17ms med=58.06ms max=124.66ms p(90)=67.88ms p(95)=72.54ms
    iterations.....................: 53816 3586.314355/s
    vus............................: 222   min=174        max=237 
    vus_max........................: 3600  min=3600       max=3600

    NETWORK
    data_received..................: 11 MB 728 kB/s
    data_sent......................: 10 MB 691 kB/s




running (15.0s), 00000/03600 VUs, 53811 complete and 190 interrupted iterations
default ✓ [ 100% ] 00190/03600 VUs  15s  3600.00 iters/s
