
         /\      Grafana   /‾‾/  
    /\  /  \     |\  __   /  /   
   /  \/    \    | |/ /  /   ‾‾\ 
  /          \   |   (  |  (‾)  |
 / __________ \  |_|\_\  \_____/ 

     execution: local
        script: workflow/hotel/k6_open_hotels_client.js
        output: -

     scenarios: (100.00%) 1 scenario, 10000 max VUs, 10s max duration (incl. graceful stop):
              * default: 507.00 iterations/s for 10s (maxVUs: 507-10000)


running (01.0s), 00001/00507 VUs, 492 complete and 0 interrupted iterations
default   [  10% ] 00001/00507 VUs  01.0s/10s  507.00 iters/s

running (02.0s), 00001/00507 VUs, 999 complete and 0 interrupted iterations
default   [  20% ] 00001/00507 VUs  02.0s/10s  507.00 iters/s

running (03.0s), 00004/00507 VUs, 1504 complete and 0 interrupted iterations
default   [  30% ] 00004/00507 VUs  03.0s/10s  507.00 iters/s

running (04.0s), 00011/00507 VUs, 2003 complete and 0 interrupted iterations
default   [  40% ] 00011/00507 VUs  04.0s/10s  507.00 iters/s

running (05.0s), 00003/00507 VUs, 2519 complete and 0 interrupted iterations
default   [  50% ] 00003/00507 VUs  05.0s/10s  507.00 iters/s

running (06.0s), 00002/00507 VUs, 3026 complete and 0 interrupted iterations
default   [  60% ] 00003/00507 VUs  06.0s/10s  507.00 iters/s

running (07.0s), 00002/00507 VUs, 3534 complete and 0 interrupted iterations
default   [  70% ] 00002/00507 VUs  07.0s/10s  507.00 iters/s

running (08.0s), 00003/00507 VUs, 4040 complete and 0 interrupted iterations
default   [  80% ] 00003/00507 VUs  08.0s/10s  507.00 iters/s

running (09.0s), 00008/00507 VUs, 4542 complete and 0 interrupted iterations
default   [  90% ] 00008/00507 VUs  09.0s/10s  507.00 iters/s

running (10.0s), 00004/00507 VUs, 5053 complete and 0 interrupted iterations
default   [ 100% ] 00004/00507 VUs  10.0s/10s  507.00 iters/s


  █ TOTAL RESULTS 

    HTTP
    http_req_duration..............: avg=7.37ms min=2.68ms med=4.51ms max=34.33ms p(90)=16.98ms p(95)=22.06ms
      { expected_response:true }...: avg=7.37ms min=2.68ms med=4.51ms max=34.33ms p(90)=16.98ms p(95)=22.06ms
    http_req_failed................: 0.00%  0 out of 5068
    http_reqs......................: 5068   506.735956/s

    EXECUTION
    iteration_duration.............: avg=7.49ms min=2.79ms med=4.63ms max=34.44ms p(90)=17.08ms p(95)=22.17ms
    iterations.....................: 5068   506.735956/s
    vus............................: 4      min=1         max=11 
    vus_max........................: 507    min=507       max=507

    NETWORK
    data_received..................: 1.4 MB 144 kB/s
    data_sent......................: 1.7 MB 166 kB/s




running (10.0s), 00000/00507 VUs, 5068 complete and 3 interrupted iterations
default ✓ [ 100% ] 00003/00507 VUs  10s  507.00 iters/s
