
         /\      Grafana   /‾‾/  
    /\  /  \     |\  __   /  /   
   /  \/    \    | |/ /  /   ‾‾\ 
  /          \   |   (  |  (‾)  |
 / __________ \  |_|\_\  \_____/ 

     execution: local
        script: workflow/write/k6_open_client.js
        output: -

     scenarios: (100.00%) 1 scenario, 10000 max VUs, 15s max duration (incl. graceful stop):
              * default: 2733.00 iterations/s for 15s (maxVUs: 2733-10000)


running (00.9s), 00431/02733 VUs, 2049 complete and 0 interrupted iterations
default   [   6% ] 00431/02733 VUs  00.9s/15s  2733.00 iters/s

running (01.9s), 00750/02733 VUs, 4461 complete and 0 interrupted iterations
default   [  13% ] 00751/02733 VUs  01.9s/15s  2733.00 iters/s

running (02.9s), 00500/02733 VUs, 7445 complete and 0 interrupted iterations
default   [  19% ] 00500/02733 VUs  02.9s/15s  2733.00 iters/s

running (03.9s), 00830/02733 VUs, 9848 complete and 0 interrupted iterations
default   [  26% ] 00830/02733 VUs  03.9s/15s  2733.00 iters/s

running (04.9s), 00634/02733 VUs, 12777 complete and 0 interrupted iterations
default   [  33% ] 00635/02733 VUs  04.9s/15s  2733.00 iters/s

running (05.9s), 01171/02733 VUs, 14973 complete and 0 interrupted iterations
default   [  39% ] 01171/02733 VUs  05.9s/15s  2733.00 iters/s

running (06.9s), 00593/02733 VUs, 18284 complete and 0 interrupted iterations
default   [  46% ] 00593/02733 VUs  06.9s/15s  2733.00 iters/s

running (07.9s), 01087/02733 VUs, 20522 complete and 0 interrupted iterations
default   [  53% ] 01087/02733 VUs  07.9s/15s  2733.00 iters/s

running (08.9s), 01555/02733 VUs, 22788 complete and 0 interrupted iterations
default   [  59% ] 01555/02733 VUs  08.9s/15s  2733.00 iters/s

running (09.9s), 00874/02733 VUs, 26204 complete and 0 interrupted iterations
default   [  66% ] 00874/02733 VUs  09.9s/15s  2733.00 iters/s

running (10.9s), 01020/02733 VUs, 28788 complete and 0 interrupted iterations
default   [  73% ] 01020/02733 VUs  10.9s/15s  2733.00 iters/s

running (11.9s), 01609/02733 VUs, 30934 complete and 0 interrupted iterations
default   [  79% ] 01609/02733 VUs  11.9s/15s  2733.00 iters/s

running (12.9s), 01758/02733 VUs, 33519 complete and 0 interrupted iterations
default   [  86% ] 01758/02733 VUs  12.9s/15s  2733.00 iters/s

running (13.9s), 01037/02733 VUs, 36969 complete and 0 interrupted iterations
default   [  93% ] 01037/02733 VUs  13.9s/15s  2733.00 iters/s

running (14.9s), 00923/02733 VUs, 39815 complete and 0 interrupted iterations
default   [  99% ] 00923/02733 VUs  14.9s/15s  2733.00 iters/s


  █ TOTAL RESULTS 

    HTTP
    http_req_duration..............: avg=345.85ms min=75.38ms med=318.33ms max=731.8ms  p(90)=570.9ms  p(95)=639.42ms
      { expected_response:true }...: avg=345.85ms min=75.38ms med=318.33ms max=731.8ms  p(90)=570.9ms  p(95)=639.42ms
    http_req_failed................: 0.00%  0 out of 40015
    http_reqs......................: 40015  2666.051131/s

    EXECUTION
    iteration_duration.............: avg=345.92ms min=75.7ms  med=318.4ms  max=731.85ms p(90)=570.95ms p(95)=639.47ms
    iterations.....................: 40015  2666.051131/s
    vus............................: 926    min=431        max=1757
    vus_max........................: 2733   min=2733       max=2733

    NETWORK
    data_received..................: 8.1 MB 541 kB/s
    data_sent......................: 4.1 MB 273 kB/s




running (15.0s), 00000/02733 VUs, 40005 complete and 991 interrupted iterations
default ✓ [ 100% ] 00991/02733 VUs  15s  2733.00 iters/s
