
         /\      Grafana   /‾‾/  
    /\  /  \     |\  __   /  /   
   /  \/    \    | |/ /  /   ‾‾\ 
  /          \   |   (  |  (‾)  |
 / __________ \  |_|\_\  \_____/ 

     execution: local
        script: workflow/spin/k6_open_client.js
        output: -

     scenarios: (100.00%) 1 scenario, 10000 max VUs, 15s max duration (incl. graceful stop):
              * default: 3140.00 iterations/s for 15s (maxVUs: 3140-10000)


running (00.9s), 00237/03140 VUs, 2564 complete and 0 interrupted iterations
default   [   6% ] 00237/03140 VUs  00.9s/15s  3140.00 iters/s

running (01.9s), 00250/03140 VUs, 5692 complete and 0 interrupted iterations
default   [  13% ] 00250/03140 VUs  01.9s/15s  3140.00 iters/s

running (02.9s), 00199/03140 VUs, 8884 complete and 0 interrupted iterations
default   [  19% ] 00199/03140 VUs  02.9s/15s  3140.00 iters/s

running (03.9s), 00193/03140 VUs, 12028 complete and 0 interrupted iterations
default   [  26% ] 00193/03140 VUs  03.9s/15s  3140.00 iters/s

running (04.9s), 00287/03140 VUs, 15074 complete and 0 interrupted iterations
default   [  33% ] 00287/03140 VUs  04.9s/15s  3140.00 iters/s

running (05.9s), 00182/03140 VUs, 18319 complete and 0 interrupted iterations
default   [  39% ] 00182/03140 VUs  05.9s/15s  3140.00 iters/s

running (06.9s), 00192/03140 VUs, 21449 complete and 0 interrupted iterations
default   [  46% ] 00192/03140 VUs  06.9s/15s  3140.00 iters/s

running (07.9s), 00278/03140 VUs, 24503 complete and 0 interrupted iterations
default   [  53% ] 00278/03140 VUs  07.9s/15s  3140.00 iters/s

running (08.9s), 00229/03140 VUs, 27692 complete and 0 interrupted iterations
default   [  59% ] 00229/03140 VUs  08.9s/15s  3140.00 iters/s

running (09.9s), 00274/03140 VUs, 30787 complete and 0 interrupted iterations
default   [  66% ] 00274/03140 VUs  09.9s/15s  3140.00 iters/s

running (10.9s), 00306/03140 VUs, 33892 complete and 0 interrupted iterations
default   [  73% ] 00306/03140 VUs  10.9s/15s  3140.00 iters/s

running (11.9s), 00207/03140 VUs, 37134 complete and 0 interrupted iterations
default   [  79% ] 00207/03140 VUs  11.9s/15s  3140.00 iters/s

running (12.9s), 00206/03140 VUs, 40273 complete and 0 interrupted iterations
default   [  86% ] 00206/03140 VUs  12.9s/15s  3140.00 iters/s

running (13.9s), 00232/03140 VUs, 43391 complete and 0 interrupted iterations
default   [  93% ] 00232/03140 VUs  13.9s/15s  3140.00 iters/s

running (14.9s), 00280/03140 VUs, 46481 complete and 0 interrupted iterations
default   [  99% ] 00280/03140 VUs  14.9s/15s  3140.00 iters/s


  █ TOTAL RESULTS 

    HTTP
    http_req_duration..............: avg=78.4ms  min=49.74ms med=78.13ms max=129.35ms p(90)=93.57ms p(95)=97.22ms
      { expected_response:true }...: avg=78.4ms  min=49.74ms med=78.13ms max=129.35ms p(90)=93.57ms p(95)=97.22ms
    http_req_failed................: 0.00%  0 out of 46819
    http_reqs......................: 46819  3119.98803/s

    EXECUTION
    iteration_duration.............: avg=78.49ms min=49.84ms med=78.22ms max=129.64ms p(90)=93.65ms p(95)=97.31ms
    iterations.....................: 46819  3119.98803/s
    vus............................: 280    min=180        max=306 
    vus_max........................: 3140   min=3140       max=3140

    NETWORK
    data_received..................: 9.5 MB 633 kB/s
    data_sent......................: 9.0 MB 602 kB/s




running (15.0s), 00000/03140 VUs, 46819 complete and 282 interrupted iterations
default ✓ [ 100% ] 00282/03140 VUs  15s  3140.00 iters/s
