
         /\      Grafana   /‾‾/  
    /\  /  \     |\  __   /  /   
   /  \/    \    | |/ /  /   ‾‾\ 
  /          \   |   (  |  (‾)  |
 / __________ \  |_|\_\  \_____/ 

     execution: local
        script: workflow/spin/k6_open_client.js
        output: -

     scenarios: (100.00%) 1 scenario, 10000 max VUs, 15s max duration (incl. graceful stop):
              * default: 2464.00 iterations/s for 15s (maxVUs: 2464-10000)


running (00.9s), 00449/02464 VUs, 1792 complete and 0 interrupted iterations
default   [   6% ] 00449/02464 VUs  00.9s/15s  2464.00 iters/s

running (01.9s), 00418/02464 VUs, 4287 complete and 0 interrupted iterations
default   [  13% ] 00418/02464 VUs  01.9s/15s  2464.00 iters/s

running (02.9s), 00481/02464 VUs, 6688 complete and 0 interrupted iterations
default   [  19% ] 00481/02464 VUs  02.9s/15s  2464.00 iters/s

running (03.9s), 00416/02464 VUs, 9215 complete and 0 interrupted iterations
default   [  26% ] 00416/02464 VUs  03.9s/15s  2464.00 iters/s

running (04.9s), 00368/02464 VUs, 11729 complete and 0 interrupted iterations
default   [  33% ] 00368/02464 VUs  04.9s/15s  2464.00 iters/s

running (05.9s), 00484/02464 VUs, 14079 complete and 0 interrupted iterations
default   [  39% ] 00484/02464 VUs  05.9s/15s  2464.00 iters/s

running (06.9s), 00385/02464 VUs, 16639 complete and 0 interrupted iterations
default   [  46% ] 00386/02464 VUs  06.9s/15s  2464.00 iters/s

running (07.9s), 00391/02464 VUs, 19098 complete and 0 interrupted iterations
default   [  53% ] 00391/02464 VUs  07.9s/15s  2464.00 iters/s

running (08.9s), 00451/02464 VUs, 21501 complete and 0 interrupted iterations
default   [  59% ] 00451/02464 VUs  08.9s/15s  2464.00 iters/s

running (09.9s), 00357/02464 VUs, 24061 complete and 0 interrupted iterations
default   [  66% ] 00357/02464 VUs  09.9s/15s  2464.00 iters/s

running (10.9s), 00420/02464 VUs, 26461 complete and 0 interrupted iterations
default   [  73% ] 00419/02464 VUs  10.9s/15s  2464.00 iters/s

running (11.9s), 00420/02464 VUs, 28924 complete and 0 interrupted iterations
default   [  79% ] 00421/02464 VUs  11.9s/15s  2464.00 iters/s

running (12.9s), 00362/02464 VUs, 31447 complete and 0 interrupted iterations
default   [  86% ] 00362/02464 VUs  12.9s/15s  2464.00 iters/s

running (13.9s), 00471/02464 VUs, 33802 complete and 0 interrupted iterations
default   [  93% ] 00471/02464 VUs  13.9s/15s  2464.00 iters/s

running (14.9s), 00403/02464 VUs, 36333 complete and 0 interrupted iterations
default   [  99% ] 00403/02464 VUs  14.9s/15s  2464.00 iters/s


  █ TOTAL RESULTS 

    HTTP
    http_req_duration..............: avg=170.79ms min=120.9ms  med=170.68ms max=225.89ms p(90)=196.69ms p(95)=200.96ms
      { expected_response:true }...: avg=170.79ms min=120.9ms  med=170.68ms max=225.89ms p(90)=196.69ms p(95)=200.96ms
    http_req_failed................: 0.00%  0 out of 36589
    http_reqs......................: 36589  2438.324058/s

    EXECUTION
    iteration_duration.............: avg=170.88ms min=120.98ms med=170.76ms max=226.09ms p(90)=196.79ms p(95)=201.1ms 
    iterations.....................: 36589  2438.324058/s
    vus............................: 403    min=354        max=483 
    vus_max........................: 2464   min=2464       max=2464

    NETWORK
    data_received..................: 7.4 MB 495 kB/s
    data_sent......................: 7.1 MB 473 kB/s




running (15.0s), 00000/02464 VUs, 36589 complete and 369 interrupted iterations
default ✓ [ 100% ] 00369/02464 VUs  15s  2464.00 iters/s
