
         /\      Grafana   /‾‾/  
    /\  /  \     |\  __   /  /   
   /  \/    \    | |/ /  /   ‾‾\ 
  /          \   |   (  |  (‾)  |
 / __________ \  |_|\_\  \_____/ 

     execution: local
        script: workflow/write/k6_open_client.js
        output: -

     scenarios: (100.00%) 1 scenario, 10000 max VUs, 15s max duration (incl. graceful stop):
              * default: 1257.00 iterations/s for 15s (maxVUs: 1257-10000)


running (00.9s), 00031/01257 VUs, 1161 complete and 0 interrupted iterations
default   [   6% ] 00031/01257 VUs  00.9s/15s  1257.00 iters/s

running (01.9s), 00036/01257 VUs, 2411 complete and 0 interrupted iterations
default   [  13% ] 00036/01257 VUs  01.9s/15s  1257.00 iters/s

running (02.9s), 00035/01257 VUs, 3670 complete and 0 interrupted iterations
default   [  20% ] 00035/01257 VUs  02.9s/15s  1257.00 iters/s

running (03.9s), 00054/01257 VUs, 4908 complete and 0 interrupted iterations
default   [  26% ] 00054/01257 VUs  03.9s/15s  1257.00 iters/s

running (04.9s), 00060/01257 VUs, 6159 complete and 0 interrupted iterations
default   [  33% ] 00060/01257 VUs  04.9s/15s  1257.00 iters/s

running (05.9s), 00055/01257 VUs, 7421 complete and 0 interrupted iterations
default   [  40% ] 00056/01257 VUs  05.9s/15s  1257.00 iters/s

running (06.9s), 00050/01257 VUs, 8683 complete and 0 interrupted iterations
default   [  46% ] 00050/01257 VUs  06.9s/15s  1257.00 iters/s

running (07.9s), 00052/01257 VUs, 9938 complete and 0 interrupted iterations
default   [  53% ] 00052/01257 VUs  07.9s/15s  1257.00 iters/s

running (08.9s), 00042/01257 VUs, 11205 complete and 0 interrupted iterations
default   [  60% ] 00042/01257 VUs  08.9s/15s  1257.00 iters/s

running (09.9s), 00043/01257 VUs, 12461 complete and 0 interrupted iterations
default   [  66% ] 00043/01257 VUs  09.9s/15s  1257.00 iters/s

running (10.9s), 00063/01257 VUs, 13698 complete and 0 interrupted iterations
default   [  73% ] 00063/01257 VUs  10.9s/15s  1257.00 iters/s

running (11.9s), 00062/01257 VUs, 14956 complete and 0 interrupted iterations
default   [  80% ] 00062/01257 VUs  11.9s/15s  1257.00 iters/s

running (12.9s), 00058/01257 VUs, 16217 complete and 0 interrupted iterations
default   [  86% ] 00058/01257 VUs  12.9s/15s  1257.00 iters/s

running (13.9s), 00048/01257 VUs, 17484 complete and 0 interrupted iterations
default   [  93% ] 00048/01257 VUs  13.9s/15s  1257.00 iters/s

running (14.9s), 00056/01257 VUs, 18734 complete and 0 interrupted iterations
default   [ 100% ] 00056/01257 VUs  14.9s/15s  1257.00 iters/s


  █ TOTAL RESULTS 

    HTTP
    http_req_duration..............: avg=37.28ms min=20.78ms med=37.21ms max=65.16ms p(90)=48.21ms p(95)=49.72ms
      { expected_response:true }...: avg=37.28ms min=20.78ms med=37.21ms max=65.16ms p(90)=48.21ms p(95)=49.72ms
    http_req_failed................: 0.00%  0 out of 18813
    http_reqs......................: 18813  1253.964218/s

    EXECUTION
    iteration_duration.............: avg=37.35ms min=20.83ms med=37.28ms max=65.5ms  p(90)=48.28ms p(95)=49.78ms
    iterations.....................: 18813  1253.964218/s
    vus............................: 56     min=31         max=63  
    vus_max........................: 1257   min=1257       max=1257

    NETWORK
    data_received..................: 3.8 MB 254 kB/s
    data_sent......................: 1.9 MB 126 kB/s




running (15.0s), 00000/01257 VUs, 18813 complete and 43 interrupted iterations
default ✓ [ 100% ] 00043/01257 VUs  15s  1257.00 iters/s
