
         /\      Grafana   /‾‾/  
    /\  /  \     |\  __   /  /   
   /  \/    \    | |/ /  /   ‾‾\ 
  /          \   |   (  |  (‾)  |
 / __________ \  |_|\_\  \_____/ 

     execution: local
        script: workflow/hotel/k6_open_recommendations_client.js
        output: -

     scenarios: (100.00%) 1 scenario, 10000 max VUs, 15s max duration (incl. graceful stop):
              * default: 2464.00 iterations/s for 15s (maxVUs: 2464-10000)


running (00.9s), 00332/02464 VUs, 1909 complete and 0 interrupted iterations
default   [   6% ] 00332/02464 VUs  00.9s/15s  2464.00 iters/s

running (01.9s), 00356/02464 VUs, 4351 complete and 0 interrupted iterations
default   [  13% ] 00356/02464 VUs  01.9s/15s  2464.00 iters/s

running (02.9s), 00423/02464 VUs, 6747 complete and 0 interrupted iterations
default   [  19% ] 00423/02464 VUs  02.9s/15s  2464.00 iters/s

running (03.9s), 00388/02464 VUs, 9247 complete and 0 interrupted iterations
default   [  26% ] 00389/02464 VUs  03.9s/15s  2464.00 iters/s

running (04.9s), 00472/02464 VUs, 11626 complete and 0 interrupted iterations
default   [  33% ] 00472/02464 VUs  04.9s/15s  2464.00 iters/s

running (05.9s), 00472/02464 VUs, 14089 complete and 0 interrupted iterations
default   [  39% ] 00473/02464 VUs  05.9s/15s  2464.00 iters/s

running (06.9s), 00508/02464 VUs, 16517 complete and 0 interrupted iterations
default   [  46% ] 00508/02464 VUs  06.9s/15s  2464.00 iters/s

running (07.9s), 00474/02464 VUs, 19015 complete and 0 interrupted iterations
default   [  53% ] 00474/02464 VUs  07.9s/15s  2464.00 iters/s

running (08.9s), 00448/02464 VUs, 21507 complete and 0 interrupted iterations
default   [  59% ] 00448/02464 VUs  08.9s/15s  2464.00 iters/s

running (09.9s), 00423/02464 VUs, 23996 complete and 0 interrupted iterations
default   [  66% ] 00424/02464 VUs  09.9s/15s  2464.00 iters/s

running (10.9s), 00450/02464 VUs, 26430 complete and 0 interrupted iterations
default   [  73% ] 00450/02464 VUs  10.9s/15s  2464.00 iters/s

running (11.9s), 00396/02464 VUs, 28949 complete and 0 interrupted iterations
default   [  79% ] 00396/02464 VUs  11.9s/15s  2464.00 iters/s

running (12.9s), 00279/02464 VUs, 31531 complete and 0 interrupted iterations
default   [  86% ] 00279/02464 VUs  12.9s/15s  2464.00 iters/s

running (13.9s), 00464/02464 VUs, 33809 complete and 0 interrupted iterations
default   [  93% ] 00464/02464 VUs  13.9s/15s  2464.00 iters/s

running (14.9s), 00628/02464 VUs, 36111 complete and 0 interrupted iterations
default   [  99% ] 00628/02464 VUs  14.9s/15s  2464.00 iters/s


  █ TOTAL RESULTS 

    HTTP
    http_req_duration..............: avg=166.95ms min=111.15ms med=166.13ms max=305.18ms p(90)=197.66ms p(95)=206.26ms
      { expected_response:true }...: avg=166.95ms min=111.15ms med=166.13ms max=305.18ms p(90)=197.66ms p(95)=206.26ms
    http_req_failed................: 0.00% 0 out of 36340
    http_reqs......................: 36340 2421.51587/s

    EXECUTION
    iteration_duration.............: avg=167.07ms min=111.25ms med=166.23ms max=305.28ms p(90)=197.79ms p(95)=206.36ms
    iterations.....................: 36340 2421.51587/s
    vus............................: 628   min=279        max=628 
    vus_max........................: 2464  min=2464       max=2464

    NETWORK
    data_received..................: 20 MB 1.4 MB/s
    data_sent......................: 11 MB 702 kB/s




running (15.0s), 00000/02464 VUs, 36340 complete and 621 interrupted iterations
default ✓ [ 100% ] 00621/02464 VUs  15s  2464.00 iters/s
