
         /\      Grafana   /‾‾/  
    /\  /  \     |\  __   /  /   
   /  \/    \    | |/ /  /   ‾‾\ 
  /          \   |   (  |  (‾)  |
 / __________ \  |_|\_\  \_____/ 

     execution: local
        script: workflow/spin/k6_open_client.js
        output: -

     scenarios: (100.00%) 1 scenario, 10000 max VUs, 15s max duration (incl. graceful stop):
              * default: 2744.00 iterations/s for 15s (maxVUs: 2744-10000)


running (00.9s), 00648/02744 VUs, 1841 complete and 0 interrupted iterations
default   [   6% ] 00648/02744 VUs  00.9s/15s  2744.00 iters/s

running (01.9s), 00667/02744 VUs, 4569 complete and 0 interrupted iterations
default   [  13% ] 00667/02744 VUs  01.9s/15s  2744.00 iters/s

running (02.9s), 00813/02744 VUs, 7168 complete and 0 interrupted iterations
default   [  19% ] 00813/02744 VUs  02.9s/15s  2744.00 iters/s

running (03.9s), 00739/02744 VUs, 9984 complete and 0 interrupted iterations
default   [  26% ] 00740/02744 VUs  03.9s/15s  2744.00 iters/s

running (04.9s), 00801/02744 VUs, 12667 complete and 0 interrupted iterations
default   [  33% ] 00801/02744 VUs  04.9s/15s  2744.00 iters/s

running (05.9s), 00851/02744 VUs, 15360 complete and 0 interrupted iterations
default   [  39% ] 00851/02744 VUs  05.9s/15s  2744.00 iters/s

running (06.9s), 00779/02744 VUs, 18176 complete and 0 interrupted iterations
default   [  46% ] 00779/02744 VUs  06.9s/15s  2744.00 iters/s

running (07.9s), 00789/02744 VUs, 20911 complete and 0 interrupted iterations
default   [  53% ] 00789/02744 VUs  07.9s/15s  2744.00 iters/s

running (08.9s), 00874/02744 VUs, 23570 complete and 0 interrupted iterations
default   [  59% ] 00874/02744 VUs  08.9s/15s  2744.00 iters/s

running (09.9s), 00821/02744 VUs, 26368 complete and 0 interrupted iterations
default   [  66% ] 00821/02744 VUs  09.9s/15s  2744.00 iters/s

running (10.9s), 00747/02744 VUs, 29184 complete and 0 interrupted iterations
default   [  73% ] 00748/02744 VUs  10.9s/15s  2744.00 iters/s

running (11.9s), 00869/02744 VUs, 31807 complete and 0 interrupted iterations
default   [  79% ] 00869/02744 VUs  11.9s/15s  2744.00 iters/s

running (12.9s), 00858/02744 VUs, 34560 complete and 0 interrupted iterations
default   [  86% ] 00858/02744 VUs  12.9s/15s  2744.00 iters/s

running (13.9s), 00787/02744 VUs, 37376 complete and 0 interrupted iterations
default   [  93% ] 00787/02744 VUs  13.9s/15s  2744.00 iters/s

running (14.9s), 00715/02744 VUs, 40192 complete and 0 interrupted iterations
default   [  99% ] 00715/02744 VUs  14.9s/15s  2744.00 iters/s


  █ TOTAL RESULTS 

    HTTP
    http_req_duration..............: avg=286.52ms min=144.17ms med=292.04ms max=340.56ms p(90)=320.69ms p(95)=325.84ms
      { expected_response:true }...: avg=286.52ms min=144.17ms med=292.04ms max=340.56ms p(90)=320.69ms p(95)=325.84ms
    http_req_failed................: 0.00%  0 out of 40448
    http_reqs......................: 40448  2695.010012/s

    EXECUTION
    iteration_duration.............: avg=286.61ms min=144.4ms  med=292.12ms max=340.62ms p(90)=320.77ms p(95)=325.92ms
    iterations.....................: 40448  2695.010012/s
    vus............................: 718    min=652        max=873 
    vus_max........................: 2744   min=2744       max=2744

    NETWORK
    data_received..................: 8.2 MB 547 kB/s
    data_sent......................: 7.9 MB 526 kB/s




running (15.0s), 00000/02744 VUs, 40448 complete and 715 interrupted iterations
default ✓ [ 100% ] 00715/02744 VUs  15s  2744.00 iters/s
