
         /\      Grafana   /‾‾/  
    /\  /  \     |\  __   /  /   
   /  \/    \    | |/ /  /   ‾‾\ 
  /          \   |   (  |  (‾)  |
 / __________ \  |_|\_\  \_____/ 

     execution: local
        script: workflow/write/k6_open_client.js
        output: -

     scenarios: (100.00%) 1 scenario, 10000 max VUs, 15s max duration (incl. graceful stop):
              * default: 5646.00 iterations/s for 15s (maxVUs: 5646-10000)


running (00.8s), 00407/05646 VUs, 4300 complete and 0 interrupted iterations
default   [   6% ] 00407/05646 VUs  00.8s/15s  5646.00 iters/s

running (01.8s), 00267/05646 VUs, 10087 complete and 0 interrupted iterations
default   [  12% ] 00267/05646 VUs  01.8s/15s  5646.00 iters/s

running (02.8s), 00417/05646 VUs, 15582 complete and 0 interrupted iterations
default   [  19% ] 00417/05646 VUs  02.8s/15s  5646.00 iters/s

running (03.8s), 00236/05646 VUs, 21407 complete and 0 interrupted iterations
default   [  26% ] 00238/05646 VUs  03.8s/15s  5646.00 iters/s

running (04.8s), 00252/05646 VUs, 27039 complete and 0 interrupted iterations
default   [  32% ] 00252/05646 VUs  04.8s/15s  5646.00 iters/s

running (05.8s), 00271/05646 VUs, 32671 complete and 0 interrupted iterations
default   [  39% ] 00271/05646 VUs  05.8s/15s  5646.00 iters/s

running (06.8s), 00260/05646 VUs, 38323 complete and 0 interrupted iterations
default   [  46% ] 00260/05646 VUs  06.8s/15s  5646.00 iters/s

running (07.8s), 00235/05646 VUs, 43994 complete and 0 interrupted iterations
default   [  52% ] 00235/05646 VUs  07.8s/15s  5646.00 iters/s

running (08.8s), 00225/05646 VUs, 49650 complete and 0 interrupted iterations
default   [  59% ] 00225/05646 VUs  08.8s/15s  5646.00 iters/s

running (09.8s), 00227/05646 VUs, 55294 complete and 0 interrupted iterations
default   [  66% ] 00227/05646 VUs  09.8s/15s  5646.00 iters/s

running (10.8s), 00288/05646 VUs, 60880 complete and 0 interrupted iterations
default   [  72% ] 00288/05646 VUs  10.8s/15s  5646.00 iters/s

running (11.8s), 00625/05646 VUs, 66188 complete and 0 interrupted iterations
default   [  79% ] 00625/05646 VUs  11.8s/15s  5646.00 iters/s

running (12.8s), 00544/05646 VUs, 71916 complete and 0 interrupted iterations
default   [  86% ] 00545/05646 VUs  12.8s/15s  5646.00 iters/s

running (13.8s), 00356/05646 VUs, 77755 complete and 0 interrupted iterations
default   [  92% ] 00356/05646 VUs  13.8s/15s  5646.00 iters/s

running (14.8s), 00230/05646 VUs, 83515 complete and 0 interrupted iterations
default   [  99% ] 00230/05646 VUs  14.8s/15s  5646.00 iters/s


  █ TOTAL RESULTS 

    HTTP
    http_req_duration..............: avg=60.19ms min=26.49ms med=48.51ms max=182.4ms  p(90)=99.57ms p(95)=109.21ms
      { expected_response:true }...: avg=60.19ms min=26.49ms med=48.51ms max=182.4ms  p(90)=99.57ms p(95)=109.21ms
    http_req_failed................: 0.00%  0 out of 84461
    http_reqs......................: 84461  5627.156479/s

    EXECUTION
    iteration_duration.............: avg=60.27ms min=26.54ms med=48.58ms max=182.77ms p(90)=99.64ms p(95)=109.3ms 
    iterations.....................: 84461  5627.156479/s
    vus............................: 237    min=226        max=625 
    vus_max........................: 5646   min=5646       max=5646

    NETWORK
    data_received..................: 17 MB  1.1 MB/s
    data_sent......................: 8.5 MB 564 kB/s




running (15.0s), 00000/05646 VUs, 84452 complete and 239 interrupted iterations
default ✓ [ 100% ] 00239/05646 VUs  15s  5646.00 iters/s
