
         /\      Grafana   /‾‾/  
    /\  /  \     |\  __   /  /   
   /  \/    \    | |/ /  /   ‾‾\ 
  /          \   |   (  |  (‾)  |
 / __________ \  |_|\_\  \_____/ 

     execution: local
        script: workflow/spin/k6_open_client.js
        output: -

     scenarios: (100.00%) 1 scenario, 10000 max VUs, 15s max duration (incl. graceful stop):
              * default: 1735.00 iterations/s for 15s (maxVUs: 1735-10000)


running (00.9s), 00815/01735 VUs, 813 complete and 0 interrupted iterations
default   [   6% ] 00815/01735 VUs  00.9s/15s  1735.00 iters/s

running (01.9s), 00804/01735 VUs, 2560 complete and 0 interrupted iterations
default   [  13% ] 00804/01735 VUs  01.9s/15s  1735.00 iters/s

running (02.9s), 00975/01735 VUs, 4123 complete and 0 interrupted iterations
default   [  20% ] 00975/01735 VUs  02.9s/15s  1735.00 iters/s

running (03.9s), 00689/01735 VUs, 6144 complete and 0 interrupted iterations
default   [  26% ] 00689/01735 VUs  03.9s/15s  1735.00 iters/s

running (04.9s), 00887/01735 VUs, 7680 complete and 0 interrupted iterations
default   [  33% ] 00887/01735 VUs  04.9s/15s  1735.00 iters/s

running (05.9s), 00819/01735 VUs, 9484 complete and 0 interrupted iterations
default   [  40% ] 00819/01735 VUs  05.9s/15s  1735.00 iters/s

running (06.9s), 00775/01735 VUs, 11264 complete and 0 interrupted iterations
default   [  46% ] 00775/01735 VUs  06.9s/15s  1735.00 iters/s

running (07.9s), 00973/01735 VUs, 12800 complete and 0 interrupted iterations
default   [  53% ] 00973/01735 VUs  07.9s/15s  1735.00 iters/s

running (08.9s), 00661/01735 VUs, 14848 complete and 0 interrupted iterations
default   [  60% ] 00661/01735 VUs  08.9s/15s  1735.00 iters/s

running (09.9s), 00859/01735 VUs, 16384 complete and 0 interrupted iterations
default   [  66% ] 00859/01735 VUs  09.9s/15s  1735.00 iters/s

running (10.9s), 00767/01735 VUs, 18210 complete and 0 interrupted iterations
default   [  73% ] 00767/01735 VUs  10.9s/15s  1735.00 iters/s

running (11.9s), 00745/01735 VUs, 19968 complete and 0 interrupted iterations
default   [  80% ] 00745/01735 VUs  11.9s/15s  1735.00 iters/s

running (12.9s), 00945/01735 VUs, 21504 complete and 0 interrupted iterations
default   [  86% ] 00945/01735 VUs  12.9s/15s  1735.00 iters/s

running (13.9s), 00631/01735 VUs, 23552 complete and 0 interrupted iterations
default   [  93% ] 00631/01735 VUs  13.9s/15s  1735.00 iters/s

running (14.9s), 00830/01735 VUs, 25088 complete and 0 interrupted iterations
default   [ 100% ] 00830/01735 VUs  14.9s/15s  1735.00 iters/s


  █ TOTAL RESULTS 

    HTTP
    http_req_duration..............: avg=464.63ms min=335.79ms med=462.71ms max=593.94ms p(90)=551.69ms p(95)=564.02ms
      { expected_response:true }...: avg=464.63ms min=335.79ms med=462.71ms max=593.94ms p(90)=551.69ms p(95)=564.02ms
    http_req_failed................: 0.00%  0 out of 25088
    http_reqs......................: 25088  1671.546026/s

    EXECUTION
    iteration_duration.............: avg=464.72ms min=335.88ms med=462.81ms max=594.02ms p(90)=551.83ms p(95)=564.12ms
    iterations.....................: 25088  1671.546026/s
    vus............................: 829    min=630        max=974 
    vus_max........................: 1735   min=1735       max=1735

    NETWORK
    data_received..................: 5.1 MB 339 kB/s
    data_sent......................: 5.0 MB 333 kB/s




running (15.0s), 00000/01735 VUs, 25088 complete and 937 interrupted iterations
default ✓ [ 100% ] 00937/01735 VUs  15s  1735.00 iters/s
