
         /\      Grafana   /‾‾/  
    /\  /  \     |\  __   /  /   
   /  \/    \    | |/ /  /   ‾‾\ 
  /          \   |   (  |  (‾)  |
 / __________ \  |_|\_\  \_____/ 

     execution: local
        script: workflow/hotel/k6_open_recommendations_client.js
        output: -

     scenarios: (100.00%) 1 scenario, 10000 max VUs, 15s max duration (incl. graceful stop):
              * default: 1842.00 iterations/s for 15s (maxVUs: 1842-10000)


running (00.9s), 00180/01842 VUs, 1522 complete and 0 interrupted iterations
default   [   6% ] 00182/01842 VUs  00.9s/15s  1842.00 iters/s

running (01.9s), 00292/01842 VUs, 3253 complete and 0 interrupted iterations
default   [  13% ] 00292/01842 VUs  01.9s/15s  1842.00 iters/s

running (02.9s), 00214/01842 VUs, 5175 complete and 0 interrupted iterations
default   [  20% ] 00214/01842 VUs  02.9s/15s  1842.00 iters/s

running (03.9s), 00232/01842 VUs, 6998 complete and 0 interrupted iterations
default   [  26% ] 00232/01842 VUs  03.9s/15s  1842.00 iters/s

running (04.9s), 00247/01842 VUs, 8823 complete and 0 interrupted iterations
default   [  33% ] 00247/01842 VUs  04.9s/15s  1842.00 iters/s

running (05.9s), 00174/01842 VUs, 10740 complete and 0 interrupted iterations
default   [  40% ] 00174/01842 VUs  05.9s/15s  1842.00 iters/s

running (06.9s), 00287/01842 VUs, 12469 complete and 0 interrupted iterations
default   [  46% ] 00287/01842 VUs  06.9s/15s  1842.00 iters/s

running (07.9s), 00202/01842 VUs, 14396 complete and 0 interrupted iterations
default   [  53% ] 00202/01842 VUs  07.9s/15s  1842.00 iters/s

running (08.9s), 00256/01842 VUs, 16184 complete and 0 interrupted iterations
default   [  59% ] 00256/01842 VUs  08.9s/15s  1842.00 iters/s

running (09.9s), 00243/01842 VUs, 18037 complete and 0 interrupted iterations
default   [  66% ] 00243/01842 VUs  09.9s/15s  1842.00 iters/s

running (10.9s), 00198/01842 VUs, 19926 complete and 0 interrupted iterations
default   [  73% ] 00198/01842 VUs  10.9s/15s  1842.00 iters/s

running (11.9s), 00283/01842 VUs, 21684 complete and 0 interrupted iterations
default   [  80% ] 00283/01842 VUs  11.9s/15s  1842.00 iters/s

running (12.9s), 00203/01842 VUs, 23606 complete and 0 interrupted iterations
default   [  86% ] 00203/01842 VUs  12.9s/15s  1842.00 iters/s

running (13.9s), 00318/01842 VUs, 25332 complete and 0 interrupted iterations
default   [  93% ] 00318/01842 VUs  13.9s/15s  1842.00 iters/s

running (14.9s), 00241/01842 VUs, 27251 complete and 0 interrupted iterations
default   [  99% ] 00241/01842 VUs  14.9s/15s  1842.00 iters/s


  █ TOTAL RESULTS 

    HTTP
    http_req_duration..............: avg=129.72ms min=78.35ms med=128.8ms  max=287.18ms p(90)=161.71ms p(95)=166.72ms
      { expected_response:true }...: avg=129.72ms min=78.35ms med=128.8ms  max=287.18ms p(90)=161.71ms p(95)=166.72ms
    http_req_failed................: 0.00%  0 out of 27442
    http_reqs......................: 27442  1829.002293/s

    EXECUTION
    iteration_duration.............: avg=129.84ms min=78.45ms med=128.91ms max=288.43ms p(90)=161.83ms p(95)=166.84ms
    iterations.....................: 27442  1829.002293/s
    vus............................: 243    min=174        max=317 
    vus_max........................: 1842   min=1842       max=1842

    NETWORK
    data_received..................: 16 MB  1.0 MB/s
    data_sent......................: 7.9 MB 525 kB/s




running (15.0s), 00000/01842 VUs, 27442 complete and 187 interrupted iterations
default ✓ [ 100% ] 00187/01842 VUs  15s  1842.00 iters/s
