
         /\      Grafana   /‾‾/  
    /\  /  \     |\  __   /  /   
   /  \/    \    | |/ /  /   ‾‾\ 
  /          \   |   (  |  (‾)  |
 / __________ \  |_|\_\  \_____/ 

     execution: local
        script: workflow/spin/k6_open_client.js
        output: -

     scenarios: (100.00%) 1 scenario, 10000 max VUs, 15s max duration (incl. graceful stop):
              * default: 3888.00 iterations/s for 15s (maxVUs: 3888-10000)


running (00.9s), 00275/03888 VUs, 3123 complete and 0 interrupted iterations
default   [   6% ] 00275/03888 VUs  00.9s/15s  3888.00 iters/s

running (01.9s), 00289/03888 VUs, 6997 complete and 0 interrupted iterations
default   [  12% ] 00289/03888 VUs  01.9s/15s  3888.00 iters/s

running (02.9s), 00394/03888 VUs, 10780 complete and 0 interrupted iterations
default   [  19% ] 00394/03888 VUs  02.9s/15s  3888.00 iters/s

running (03.9s), 00298/03888 VUs, 14764 complete and 0 interrupted iterations
default   [  26% ] 00299/03888 VUs  03.9s/15s  3888.00 iters/s

running (04.9s), 00270/03888 VUs, 18680 complete and 0 interrupted iterations
default   [  32% ] 00270/03888 VUs  04.9s/15s  3888.00 iters/s

running (05.9s), 00273/03888 VUs, 22565 complete and 0 interrupted iterations
default   [  39% ] 00273/03888 VUs  05.9s/15s  3888.00 iters/s

running (06.9s), 00252/03888 VUs, 26473 complete and 0 interrupted iterations
default   [  46% ] 00252/03888 VUs  06.9s/15s  3888.00 iters/s

running (07.9s), 00252/03888 VUs, 30362 complete and 0 interrupted iterations
default   [  52% ] 00252/03888 VUs  07.9s/15s  3888.00 iters/s

running (08.9s), 00300/03888 VUs, 34202 complete and 0 interrupted iterations
default   [  59% ] 00300/03888 VUs  08.9s/15s  3888.00 iters/s

running (09.9s), 00353/03888 VUs, 38037 complete and 0 interrupted iterations
default   [  66% ] 00353/03888 VUs  09.9s/15s  3888.00 iters/s

running (10.9s), 00261/03888 VUs, 42017 complete and 0 interrupted iterations
default   [  72% ] 00260/03888 VUs  10.9s/15s  3888.00 iters/s

running (11.9s), 00394/03888 VUs, 45770 complete and 0 interrupted iterations
default   [  79% ] 00394/03888 VUs  11.9s/15s  3888.00 iters/s

running (12.9s), 00276/03888 VUs, 49778 complete and 0 interrupted iterations
default   [  86% ] 00276/03888 VUs  12.9s/15s  3888.00 iters/s

running (13.9s), 00210/03888 VUs, 53732 complete and 0 interrupted iterations
default   [  92% ] 00210/03888 VUs  13.9s/15s  3888.00 iters/s

running (14.9s), 00245/03888 VUs, 57587 complete and 0 interrupted iterations
default   [  99% ] 00244/03888 VUs  14.9s/15s  3888.00 iters/s


  █ TOTAL RESULTS 

    HTTP
    http_req_duration..............: avg=73.64ms min=45.69ms med=69.96ms max=125.73ms p(90)=96.22ms p(95)=102.66ms
      { expected_response:true }...: avg=73.64ms min=45.69ms med=69.96ms max=125.73ms p(90)=96.22ms p(95)=102.66ms
    http_req_failed................: 0.00% 0 out of 58062
    http_reqs......................: 58062 3869.139017/s

    EXECUTION
    iteration_duration.............: avg=73.74ms min=45.79ms med=70.06ms max=125.96ms p(90)=96.33ms p(95)=102.82ms
    iterations.....................: 58062 3869.139017/s
    vus............................: 243   min=210        max=394 
    vus_max........................: 3888  min=3888       max=3888

    NETWORK
    data_received..................: 12 MB 786 kB/s
    data_sent......................: 11 MB 746 kB/s




running (15.0s), 00000/03888 VUs, 58059 complete and 262 interrupted iterations
default ✓ [ 100% ] 00262/03888 VUs  15s  3888.00 iters/s
