
         /\      Grafana   /‾‾/  
    /\  /  \     |\  __   /  /   
   /  \/    \    | |/ /  /   ‾‾\ 
  /          \   |   (  |  (‾)  |
 / __________ \  |_|\_\  \_____/ 

     execution: local
        script: workflow/media/k6_open_review_compose.js
        output: -

     scenarios: (100.00%) 1 scenario, 10000 max VUs, 10s max duration (incl. graceful stop):
              * default: 223.00 iterations/s for 10s (maxVUs: 223-10000)


running (01.0s), 00002/00223 VUs, 218 complete and 0 interrupted iterations
default   [  10% ] 00002/00223 VUs  01.0s/10s  223.00 iters/s

running (02.0s), 00001/00223 VUs, 442 complete and 0 interrupted iterations
default   [  20% ] 00001/00223 VUs  02.0s/10s  223.00 iters/s

running (03.0s), 00002/00223 VUs, 664 complete and 0 interrupted iterations
default   [  30% ] 00002/00223 VUs  03.0s/10s  223.00 iters/s

running (04.0s), 00002/00223 VUs, 887 complete and 0 interrupted iterations
default   [  40% ] 00002/00223 VUs  04.0s/10s  223.00 iters/s

running (05.0s), 00002/00223 VUs, 1110 complete and 0 interrupted iterations
default   [  50% ] 00002/00223 VUs  05.0s/10s  223.00 iters/s

running (06.0s), 00002/00223 VUs, 1333 complete and 0 interrupted iterations
default   [  60% ] 00002/00223 VUs  06.0s/10s  223.00 iters/s

running (07.0s), 00002/00223 VUs, 1556 complete and 0 interrupted iterations
default   [  70% ] 00002/00223 VUs  07.0s/10s  223.00 iters/s

running (08.0s), 00002/00223 VUs, 1779 complete and 0 interrupted iterations
default   [  80% ] 00002/00223 VUs  08.0s/10s  223.00 iters/s

running (09.0s), 00003/00223 VUs, 2001 complete and 0 interrupted iterations
default   [  90% ] 00003/00223 VUs  09.0s/10s  223.00 iters/s

running (10.0s), 00003/00223 VUs, 2224 complete and 0 interrupted iterations
default   [ 100% ] 00003/00223 VUs  10.0s/10s  223.00 iters/s


  █ TOTAL RESULTS 

    HTTP
    http_req_duration..............: avg=7.39ms min=3.53ms med=5.89ms max=21.4ms  p(90)=11.93ms p(95)=15.72ms
      { expected_response:true }...: avg=7.39ms min=3.53ms med=5.89ms max=21.4ms  p(90)=11.93ms p(95)=15.72ms
    http_req_failed................: 0.00%  0 out of 2228
    http_reqs......................: 2228   222.769613/s

    EXECUTION
    iteration_duration.............: avg=7.53ms min=3.68ms med=6.02ms max=21.72ms p(90)=12.13ms p(95)=16ms   
    iterations.....................: 2228   222.769613/s
    vus............................: 3      min=1         max=3  
    vus_max........................: 223    min=223       max=223

    NETWORK
    data_received..................: 512 kB 51 kB/s
    data_sent......................: 1.2 MB 124 kB/s




running (10.0s), 00000/00223 VUs, 2228 complete and 3 interrupted iterations
default ✓ [ 100% ] 00003/00223 VUs  10s  223.00 iters/s
