
         /\      Grafana   /‾‾/  
    /\  /  \     |\  __   /  /   
   /  \/    \    | |/ /  /   ‾‾\ 
  /          \   |   (  |  (‾)  |
 / __________ \  |_|\_\  \_____/ 

     execution: local
        script: workflow/spin/k6_open_client.js
        output: -

     scenarios: (100.00%) 1 scenario, 10000 max VUs, 15s max duration (incl. graceful stop):
              * default: 1648.00 iterations/s for 15s (maxVUs: 1648-10000)


running (00.9s), 00101/01648 VUs, 1448 complete and 0 interrupted iterations
default   [   6% ] 00101/01648 VUs  00.9s/15s  1648.00 iters/s

running (01.9s), 00095/01648 VUs, 3103 complete and 0 interrupted iterations
default   [  13% ] 00095/01648 VUs  01.9s/15s  1648.00 iters/s

running (02.9s), 00137/01648 VUs, 4708 complete and 0 interrupted iterations
default   [  20% ] 00137/01648 VUs  02.9s/15s  1648.00 iters/s

running (03.9s), 00120/01648 VUs, 6374 complete and 0 interrupted iterations
default   [  26% ] 00120/01648 VUs  03.9s/15s  1648.00 iters/s

running (04.9s), 00072/01648 VUs, 8069 complete and 0 interrupted iterations
default   [  33% ] 00072/01648 VUs  04.9s/15s  1648.00 iters/s

running (05.9s), 00127/01648 VUs, 9662 complete and 0 interrupted iterations
default   [  40% ] 00127/01648 VUs  05.9s/15s  1648.00 iters/s

running (06.9s), 00095/01648 VUs, 11340 complete and 0 interrupted iterations
default   [  46% ] 00095/01648 VUs  06.9s/15s  1648.00 iters/s

running (07.9s), 00085/01648 VUs, 13001 complete and 0 interrupted iterations
default   [  53% ] 00085/01648 VUs  07.9s/15s  1648.00 iters/s

running (08.9s), 00081/01648 VUs, 14652 complete and 0 interrupted iterations
default   [  60% ] 00081/01648 VUs  08.9s/15s  1648.00 iters/s

running (09.9s), 00074/01648 VUs, 16307 complete and 0 interrupted iterations
default   [  66% ] 00074/01648 VUs  09.9s/15s  1648.00 iters/s

running (10.9s), 00106/01648 VUs, 17923 complete and 0 interrupted iterations
default   [  73% ] 00106/01648 VUs  10.9s/15s  1648.00 iters/s

running (11.9s), 00145/01648 VUs, 19533 complete and 0 interrupted iterations
default   [  80% ] 00145/01648 VUs  11.9s/15s  1648.00 iters/s

running (12.9s), 00113/01648 VUs, 21212 complete and 0 interrupted iterations
default   [  86% ] 00113/01648 VUs  12.9s/15s  1648.00 iters/s

running (13.9s), 00102/01648 VUs, 22871 complete and 0 interrupted iterations
default   [  93% ] 00102/01648 VUs  13.9s/15s  1648.00 iters/s

running (14.9s), 00095/01648 VUs, 24527 complete and 0 interrupted iterations
default   [ 100% ] 00095/01648 VUs  14.9s/15s  1648.00 iters/s


  █ TOTAL RESULTS 

    HTTP
    http_req_duration..............: avg=61.84ms min=33.49ms med=61.77ms max=98.27ms p(90)=79.68ms p(95)=82.49ms
      { expected_response:true }...: avg=61.84ms min=33.49ms med=61.77ms max=98.27ms p(90)=79.68ms p(95)=82.49ms
    http_req_failed................: 0.00%  0 out of 24614
    http_reqs......................: 24614  1640.611243/s

    EXECUTION
    iteration_duration.............: avg=61.93ms min=33.56ms med=61.86ms max=98.36ms p(90)=79.77ms p(95)=82.58ms
    iterations.....................: 24614  1640.611243/s
    vus............................: 95     min=72         max=145 
    vus_max........................: 1648   min=1648       max=1648

    NETWORK
    data_received..................: 5.0 MB 333 kB/s
    data_sent......................: 4.7 MB 316 kB/s




running (15.0s), 00000/01648 VUs, 24614 complete and 105 interrupted iterations
default ✓ [ 100% ] 00105/01648 VUs  15s  1648.00 iters/s
