
         /\      Grafana   /‾‾/  
    /\  /  \     |\  __   /  /   
   /  \/    \    | |/ /  /   ‾‾\ 
  /          \   |   (  |  (‾)  |
 / __________ \  |_|\_\  \_____/ 

     execution: local
        script: workflow/spin/k6_open_client.js
        output: -

     scenarios: (100.00%) 1 scenario, 10000 max VUs, 15s max duration (incl. graceful stop):
              * default: 4143.00 iterations/s for 15s (maxVUs: 4143-10000)


running (00.9s), 00033/04143 VUs, 3554 complete and 0 interrupted iterations
default   [   6% ] 00033/04143 VUs  00.9s/15s  4143.00 iters/s

running (01.9s), 00027/04143 VUs, 7703 complete and 0 interrupted iterations
default   [  12% ] 00027/04143 VUs  01.9s/15s  4143.00 iters/s

running (02.9s), 00018/04143 VUs, 11856 complete and 0 interrupted iterations
default   [  19% ] 00018/04143 VUs  02.9s/15s  4143.00 iters/s

running (03.9s), 00022/04143 VUs, 15994 complete and 0 interrupted iterations
default   [  26% ] 00022/04143 VUs  03.9s/15s  4143.00 iters/s

running (04.9s), 00025/04143 VUs, 20133 complete and 0 interrupted iterations
default   [  32% ] 00025/04143 VUs  04.9s/15s  4143.00 iters/s

running (05.9s), 00017/04143 VUs, 24285 complete and 0 interrupted iterations
default   [  39% ] 00017/04143 VUs  05.9s/15s  4143.00 iters/s

running (06.9s), 00023/04143 VUs, 28422 complete and 0 interrupted iterations
default   [  46% ] 00023/04143 VUs  06.9s/15s  4143.00 iters/s

running (07.9s), 00043/04143 VUs, 32545 complete and 0 interrupted iterations
default   [  52% ] 00043/04143 VUs  07.9s/15s  4143.00 iters/s

running (08.9s), 00020/04143 VUs, 36711 complete and 0 interrupted iterations
default   [  59% ] 00020/04143 VUs  08.9s/15s  4143.00 iters/s

running (09.9s), 00039/04143 VUs, 40835 complete and 0 interrupted iterations
default   [  66% ] 00039/04143 VUs  09.9s/15s  4143.00 iters/s

running (10.9s), 00018/04143 VUs, 44999 complete and 0 interrupted iterations
default   [  72% ] 00018/04143 VUs  10.9s/15s  4143.00 iters/s

running (11.9s), 00035/04143 VUs, 49125 complete and 0 interrupted iterations
default   [  79% ] 00035/04143 VUs  11.9s/15s  4143.00 iters/s

running (12.9s), 00045/04143 VUs, 53259 complete and 0 interrupted iterations
default   [  86% ] 00045/04143 VUs  12.9s/15s  4143.00 iters/s

running (13.9s), 00016/04143 VUs, 57430 complete and 0 interrupted iterations
default   [  92% ] 00016/04143 VUs  13.9s/15s  4143.00 iters/s

running (14.9s), 00021/04143 VUs, 61568 complete and 0 interrupted iterations
default   [  99% ] 00021/04143 VUs  14.9s/15s  4143.00 iters/s


  █ TOTAL RESULTS 

    HTTP
    http_req_duration..............: avg=7.48ms min=3.6ms  med=5.89ms max=56.82ms p(90)=11.17ms p(95)=15.38ms
      { expected_response:true }...: avg=7.48ms min=3.6ms  med=5.89ms max=56.82ms p(90)=11.17ms p(95)=15.38ms
    http_req_failed................: 0.00% 0 out of 62122
    http_reqs......................: 62122 4139.848654/s

    EXECUTION
    iteration_duration.............: avg=7.58ms min=3.66ms med=5.99ms max=57.07ms p(90)=11.28ms p(95)=15.48ms
    iterations.....................: 62122 4139.848654/s
    vus............................: 20    min=16         max=45  
    vus_max........................: 4143  min=4143       max=4143

    NETWORK
    data_received..................: 13 MB 840 kB/s
    data_sent......................: 12 MB 795 kB/s




running (15.0s), 00000/04143 VUs, 62117 complete and 30 interrupted iterations
default ✓ [ 100% ] 00030/04143 VUs  15s  4143.00 iters/s
