
         /\      Grafana   /‾‾/  
    /\  /  \     |\  __   /  /   
   /  \/    \    | |/ /  /   ‾‾\ 
  /          \   |   (  |  (‾)  |
 / __________ \  |_|\_\  \_____/ 

     execution: local
        script: workflow/write/k6_open_client.js
        output: -

     scenarios: (100.00%) 1 scenario, 10000 max VUs, 15s max duration (incl. graceful stop):
              * default: 1026.00 iterations/s for 15s (maxVUs: 1026-10000)


running (01.0s), 00002/01026 VUs, 982 complete and 0 interrupted iterations
default   [   6% ] 00002/01026 VUs  01.0s/15s  1026.00 iters/s

running (02.0s), 00002/01026 VUs, 2008 complete and 0 interrupted iterations
default   [  13% ] 00001/01026 VUs  02.0s/15s  1026.00 iters/s

running (03.0s), 00001/01026 VUs, 3035 complete and 0 interrupted iterations
default   [  20% ] 00001/01026 VUs  03.0s/15s  1026.00 iters/s

running (04.0s), 00002/01026 VUs, 4060 complete and 0 interrupted iterations
default   [  26% ] 00002/01026 VUs  04.0s/15s  1026.00 iters/s

running (05.0s), 00002/01026 VUs, 5086 complete and 0 interrupted iterations
default   [  33% ] 00002/01026 VUs  05.0s/15s  1026.00 iters/s

running (06.0s), 00001/01026 VUs, 6113 complete and 0 interrupted iterations
default   [  40% ] 00001/01026 VUs  06.0s/15s  1026.00 iters/s

running (07.0s), 00001/01026 VUs, 7139 complete and 0 interrupted iterations
default   [  46% ] 00001/01026 VUs  07.0s/15s  1026.00 iters/s

running (08.0s), 00001/01026 VUs, 8165 complete and 0 interrupted iterations
default   [  53% ] 00001/01026 VUs  08.0s/15s  1026.00 iters/s

running (09.0s), 00002/01026 VUs, 9191 complete and 0 interrupted iterations
default   [  60% ] 00002/01026 VUs  09.0s/15s  1026.00 iters/s

running (10.0s), 00001/01026 VUs, 10217 complete and 0 interrupted iterations
default   [  66% ] 00001/01026 VUs  10.0s/15s  1026.00 iters/s

running (11.0s), 00002/01026 VUs, 11242 complete and 0 interrupted iterations
default   [  73% ] 00002/01026 VUs  11.0s/15s  1026.00 iters/s

running (12.0s), 00001/01026 VUs, 12269 complete and 0 interrupted iterations
default   [  80% ] 00001/01026 VUs  12.0s/15s  1026.00 iters/s

running (13.0s), 00002/01026 VUs, 13294 complete and 0 interrupted iterations
default   [  86% ] 00002/01026 VUs  13.0s/15s  1026.00 iters/s

running (14.0s), 00001/01026 VUs, 14321 complete and 0 interrupted iterations
default   [  93% ] 00001/01026 VUs  14.0s/15s  1026.00 iters/s

running (15.0s), 00002/01026 VUs, 15346 complete and 0 interrupted iterations
default   [ 100% ] 00001/01026 VUs  15.0s/15s  1026.00 iters/s


  █ TOTAL RESULTS 

    HTTP
    http_req_duration..............: avg=762.07µs min=532.53µs med=721.12µs max=8.08ms p(90)=928.6µs  p(95)=982.39µs
      { expected_response:true }...: avg=762.07µs min=532.53µs med=721.12µs max=8.08ms p(90)=928.6µs  p(95)=982.39µs
    http_req_failed................: 0.00%  0 out of 15390
    http_reqs......................: 15390  1025.879996/s

    EXECUTION
    iteration_duration.............: avg=822.58µs min=582.72µs med=775.59µs max=8.4ms  p(90)=995.42µs p(95)=1.05ms  
    iterations.....................: 15390  1025.879996/s
    vus............................: 1      min=1          max=2   
    vus_max........................: 1026   min=1026       max=1026

    NETWORK
    data_received..................: 3.1 MB 208 kB/s
    data_sent......................: 1.5 MB 103 kB/s




running (15.0s), 00000/01026 VUs, 15389 complete and 2 interrupted iterations
default ✓ [ 100% ] 00002/01026 VUs  15s  1026.00 iters/s
