
         /\      Grafana   /‾‾/  
    /\  /  \     |\  __   /  /   
   /  \/    \    | |/ /  /   ‾‾\ 
  /          \   |   (  |  (‾)  |
 / __________ \  |_|\_\  \_____/ 

     execution: local
        script: workflow/online_boutique/k6_open_product_page.js
        output: -

     scenarios: (100.00%) 1 scenario, 10000 max VUs, 15s max duration (incl. graceful stop):
              * default: 526.00 iterations/s for 15s (maxVUs: 526-10000)


running (01.0s), 00183/00526 VUs, 326 complete and 0 interrupted iterations
default   [   6% ] 00183/00526 VUs  01.0s/15s  526.00 iters/s

running (02.0s), 00148/00526 VUs, 887 complete and 0 interrupted iterations
default   [  13% ] 00148/00526 VUs  02.0s/15s  526.00 iters/s

running (03.0s), 00194/00526 VUs, 1367 complete and 0 interrupted iterations
default   [  20% ] 00194/00526 VUs  03.0s/15s  526.00 iters/s

running (04.0s), 00241/00526 VUs, 1847 complete and 0 interrupted iterations
default   [  26% ] 00241/00526 VUs  04.0s/15s  526.00 iters/s

running (05.0s), 00206/00526 VUs, 2407 complete and 0 interrupted iterations
default   [  33% ] 00206/00526 VUs  05.0s/15s  526.00 iters/s

running (06.0s), 00250/00526 VUs, 2889 complete and 0 interrupted iterations
default   [  40% ] 00250/00526 VUs  06.0s/15s  526.00 iters/s

running (07.0s), 00296/00526 VUs, 3369 complete and 0 interrupted iterations
default   [  46% ] 00296/00526 VUs  07.0s/15s  526.00 iters/s

running (08.0s), 00317/00526 VUs, 3875 complete and 0 interrupted iterations
default   [  53% ] 00317/00526 VUs  08.0s/15s  526.00 iters/s

running (09.0s), 00300/00526 VUs, 4418 complete and 0 interrupted iterations
default   [  60% ] 00300/00526 VUs  09.0s/15s  526.00 iters/s

running (10.0s), 00346/00526 VUs, 4898 complete and 0 interrupted iterations
default   [  66% ] 00346/00526 VUs  10.0s/15s  526.00 iters/s

running (11.0s), 00311/00526 VUs, 5459 complete and 0 interrupted iterations
default   [  73% ] 00311/00526 VUs  11.0s/15s  526.00 iters/s

running (12.0s), 00357/00526 VUs, 5938 complete and 0 interrupted iterations
default   [  80% ] 00357/00526 VUs  12.0s/15s  526.00 iters/s

running (13.0s), 00324/00526 VUs, 6498 complete and 0 interrupted iterations
default   [  86% ] 00324/00526 VUs  13.0s/15s  526.00 iters/s

running (14.0s), 00368/00526 VUs, 6979 complete and 0 interrupted iterations
default   [  93% ] 00368/00526 VUs  14.0s/15s  526.00 iters/s

running (15.0s), 00339/00526 VUs, 7534 complete and 0 interrupted iterations
default   [ 100% ] 00339/00526 VUs  15.0s/15s  526.00 iters/s


  █ TOTAL RESULTS 

    CUSTOM
    online_boutique_application_errors........: 0.00%  0 out of 7541
    online_boutique_recommendation_winner_1...: 3643   242.805789/s
    online_boutique_recommendation_winner_2...: 1768   117.837122/s
    online_boutique_recommendation_winner_3...: 2130   141.964406/s

    HTTP
    http_req_duration.........................: avg=514.34ms min=187.88ms med=540.96ms max=768.81ms p(90)=678.46ms p(95)=706.04ms
      { expected_response:true }..............: avg=514.34ms min=187.88ms med=540.96ms max=768.81ms p(90)=678.46ms p(95)=706.04ms
    http_req_failed...........................: 0.00%  0 out of 7541
    http_reqs.................................: 7541   502.607316/s

    EXECUTION
    iteration_duration........................: avg=514.61ms min=188.23ms med=541.1ms  max=768.98ms p(90)=678.62ms p(95)=706.21ms
    iterations................................: 7541   502.607316/s
    vus.......................................: 338    min=148       max=368
    vus_max...................................: 526    min=526       max=526

    NETWORK
    data_received.............................: 14 MB  904 kB/s
    data_sent.................................: 2.2 MB 146 kB/s




running (15.0s), 00000/00526 VUs, 7541 complete and 349 interrupted iterations
default ✓ [ 100% ] 00349/00526 VUs  15s  526.00 iters/s
