
         /\      Grafana   /‾‾/  
    /\  /  \     |\  __   /  /   
   /  \/    \    | |/ /  /   ‾‾\ 
  /          \   |   (  |  (‾)  |
 / __________ \  |_|\_\  \_____/ 

     execution: local
        script: workflow/spin/k6_open_client.js
        output: -

     scenarios: (100.00%) 1 scenario, 10000 max VUs, 15s max duration (incl. graceful stop):
              * default: 2634.00 iterations/s for 15s (maxVUs: 2634-10000)


running (00.9s), 00104/02634 VUs, 2299 complete and 0 interrupted iterations
default   [   6% ] 00104/02634 VUs  00.9s/15s  2634.00 iters/s

running (01.9s), 00149/02634 VUs, 4887 complete and 0 interrupted iterations
default   [  13% ] 00150/02634 VUs  01.9s/15s  2634.00 iters/s

running (02.9s), 00130/02634 VUs, 7540 complete and 0 interrupted iterations
default   [  19% ] 00130/02634 VUs  02.9s/15s  2634.00 iters/s

running (03.9s), 00119/02634 VUs, 10187 complete and 0 interrupted iterations
default   [  26% ] 00119/02634 VUs  03.9s/15s  2634.00 iters/s

running (04.9s), 00109/02634 VUs, 12832 complete and 0 interrupted iterations
default   [  33% ] 00109/02634 VUs  04.9s/15s  2634.00 iters/s

running (05.9s), 00108/02634 VUs, 15464 complete and 0 interrupted iterations
default   [  39% ] 00108/02634 VUs  05.9s/15s  2634.00 iters/s

running (06.9s), 00135/02634 VUs, 18072 complete and 0 interrupted iterations
default   [  46% ] 00135/02634 VUs  06.9s/15s  2634.00 iters/s

running (07.9s), 00109/02634 VUs, 20733 complete and 0 interrupted iterations
default   [  53% ] 00109/02634 VUs  07.9s/15s  2634.00 iters/s

running (08.9s), 00098/02634 VUs, 23379 complete and 0 interrupted iterations
default   [  59% ] 00098/02634 VUs  08.9s/15s  2634.00 iters/s

running (09.9s), 00165/02634 VUs, 25942 complete and 0 interrupted iterations
default   [  66% ] 00165/02634 VUs  09.9s/15s  2634.00 iters/s

running (10.9s), 00129/02634 VUs, 28614 complete and 0 interrupted iterations
default   [  73% ] 00129/02634 VUs  10.9s/15s  2634.00 iters/s

running (11.9s), 00123/02634 VUs, 31255 complete and 0 interrupted iterations
default   [  79% ] 00123/02634 VUs  11.9s/15s  2634.00 iters/s

running (12.9s), 00105/02634 VUs, 33906 complete and 0 interrupted iterations
default   [  86% ] 00105/02634 VUs  12.9s/15s  2634.00 iters/s

running (13.9s), 00090/02634 VUs, 36555 complete and 0 interrupted iterations
default   [  93% ] 00090/02634 VUs  13.9s/15s  2634.00 iters/s

running (14.9s), 00115/02634 VUs, 39163 complete and 0 interrupted iterations
default   [  99% ] 00115/02634 VUs  14.9s/15s  2634.00 iters/s


  █ TOTAL RESULTS 

    HTTP
    http_req_duration..............: avg=46.06ms min=27.77ms med=45.91ms max=94.06ms p(90)=55.7ms  p(95)=57.78ms
      { expected_response:true }...: avg=46.06ms min=27.77ms med=45.91ms max=94.06ms p(90)=55.7ms  p(95)=57.78ms
    http_req_failed................: 0.00%  0 out of 39420
    http_reqs......................: 39420  2627.198255/s

    EXECUTION
    iteration_duration.............: avg=46.15ms min=28.01ms med=46ms    max=94.19ms p(90)=55.79ms p(95)=57.89ms
    iterations.....................: 39420  2627.198255/s
    vus............................: 116    min=87         max=165 
    vus_max........................: 2634   min=2634       max=2634

    NETWORK
    data_received..................: 8.0 MB 533 kB/s
    data_sent......................: 7.6 MB 505 kB/s




running (15.0s), 00000/02634 VUs, 39420 complete and 92 interrupted iterations
default ✓ [ 100% ] 00092/02634 VUs  15s  2634.00 iters/s
