
         /\      Grafana   /‾‾/  
    /\  /  \     |\  __   /  /   
   /  \/    \    | |/ /  /   ‾‾\ 
  /          \   |   (  |  (‾)  |
 / __________ \  |_|\_\  \_____/ 

     execution: local
        script: workflow/spin/k6_open_client.js
        output: -

     scenarios: (100.00%) 1 scenario, 10000 max VUs, 15s max duration (incl. graceful stop):
              * default: 1587.00 iterations/s for 15s (maxVUs: 1587-10000)


running (00.9s), 00713/01587 VUs, 775 complete and 0 interrupted iterations
default   [   6% ] 00713/01587 VUs  00.9s/15s  1587.00 iters/s

running (01.9s), 00586/01587 VUs, 2489 complete and 0 interrupted iterations
default   [  13% ] 00586/01587 VUs  01.9s/15s  1587.00 iters/s

running (02.9s), 00696/01587 VUs, 3966 complete and 0 interrupted iterations
default   [  20% ] 00696/01587 VUs  02.9s/15s  1587.00 iters/s

running (03.9s), 00790/01587 VUs, 5459 complete and 0 interrupted iterations
default   [  26% ] 00790/01587 VUs  03.9s/15s  1587.00 iters/s

running (04.9s), 00893/01587 VUs, 6942 complete and 0 interrupted iterations
default   [  33% ] 00893/01587 VUs  04.9s/15s  1587.00 iters/s

running (05.9s), 00575/01587 VUs, 8848 complete and 0 interrupted iterations
default   [  40% ] 00575/01587 VUs  05.9s/15s  1587.00 iters/s

running (06.9s), 00618/01587 VUs, 10391 complete and 0 interrupted iterations
default   [  46% ] 00618/01587 VUs  06.9s/15s  1587.00 iters/s

running (07.9s), 00728/01587 VUs, 11868 complete and 0 interrupted iterations
default   [  53% ] 00728/01587 VUs  07.9s/15s  1587.00 iters/s

running (08.9s), 00822/01587 VUs, 13363 complete and 0 interrupted iterations
default   [  60% ] 00822/01587 VUs  08.9s/15s  1587.00 iters/s

running (09.9s), 00933/01587 VUs, 14838 complete and 0 interrupted iterations
default   [  66% ] 00933/01587 VUs  09.9s/15s  1587.00 iters/s

running (10.9s), 00638/01587 VUs, 16720 complete and 0 interrupted iterations
default   [  73% ] 00638/01587 VUs  10.9s/15s  1587.00 iters/s

running (11.9s), 00632/01587 VUs, 18313 complete and 0 interrupted iterations
default   [  80% ] 00632/01587 VUs  11.9s/15s  1587.00 iters/s

running (12.9s), 00745/01587 VUs, 19788 complete and 0 interrupted iterations
default   [  86% ] 00745/01587 VUs  12.9s/15s  1587.00 iters/s

running (13.9s), 00853/01587 VUs, 21266 complete and 0 interrupted iterations
default   [  93% ] 00853/01587 VUs  13.9s/15s  1587.00 iters/s

running (14.9s), 00842/01587 VUs, 22864 complete and 0 interrupted iterations
default   [ 100% ] 00842/01587 VUs  14.9s/15s  1587.00 iters/s


  █ TOTAL RESULTS 

    HTTP
    http_req_duration..............: avg=460.25ms min=313.17ms med=458.53ms max=604.61ms p(90)=563.49ms p(95)=576.84ms
      { expected_response:true }...: avg=460.25ms min=313.17ms med=458.53ms max=604.61ms p(90)=563.49ms p(95)=576.84ms
    http_req_failed................: 0.00%  0 out of 23255
    http_reqs......................: 23255  1549.810361/s

    EXECUTION
    iteration_duration.............: avg=460.34ms min=313.24ms med=458.61ms max=604.7ms  p(90)=563.59ms p(95)=576.95ms
    iterations.....................: 23255  1549.810361/s
    vus............................: 842    min=574        max=933 
    vus_max........................: 1587   min=1587       max=1587

    NETWORK
    data_received..................: 4.7 MB 314 kB/s
    data_sent......................: 4.6 MB 304 kB/s




running (15.0s), 00000/01587 VUs, 23255 complete and 551 interrupted iterations
default ✓ [ 100% ] 00551/01587 VUs  15s  1587.00 iters/s
