
         /\      Grafana   /‾‾/  
    /\  /  \     |\  __   /  /   
   /  \/    \    | |/ /  /   ‾‾\ 
  /          \   |   (  |  (‾)  |
 / __________ \  |_|\_\  \_____/ 

     execution: local
        script: workflow/spin/k6_open_client.js
        output: -

     scenarios: (100.00%) 1 scenario, 10000 max VUs, 15s max duration (incl. graceful stop):
              * default: 3074.00 iterations/s for 15s (maxVUs: 3074-10000)


running (00.9s), 00192/03074 VUs, 2560 complete and 0 interrupted iterations
default   [   6% ] 00192/03074 VUs  00.9s/15s  3074.00 iters/s

running (01.9s), 00255/03074 VUs, 5571 complete and 0 interrupted iterations
default   [  13% ] 00255/03074 VUs  01.9s/15s  3074.00 iters/s

running (02.9s), 00215/03074 VUs, 8685 complete and 0 interrupted iterations
default   [  19% ] 00215/03074 VUs  02.9s/15s  3074.00 iters/s

running (03.9s), 00217/03074 VUs, 11757 complete and 0 interrupted iterations
default   [  26% ] 00217/03074 VUs  03.9s/15s  3074.00 iters/s

running (04.9s), 00219/03074 VUs, 14829 complete and 0 interrupted iterations
default   [  33% ] 00219/03074 VUs  04.9s/15s  3074.00 iters/s

running (05.9s), 00221/03074 VUs, 17901 complete and 0 interrupted iterations
default   [  39% ] 00221/03074 VUs  05.9s/15s  3074.00 iters/s

running (06.9s), 00223/03074 VUs, 20973 complete and 0 interrupted iterations
default   [  46% ] 00223/03074 VUs  06.9s/15s  3074.00 iters/s

running (07.9s), 00252/03074 VUs, 24018 complete and 0 interrupted iterations
default   [  53% ] 00252/03074 VUs  07.9s/15s  3074.00 iters/s

running (08.9s), 00255/03074 VUs, 27090 complete and 0 interrupted iterations
default   [  59% ] 00255/03074 VUs  08.9s/15s  3074.00 iters/s

running (09.9s), 00254/03074 VUs, 30164 complete and 0 interrupted iterations
default   [  66% ] 00254/03074 VUs  09.9s/15s  3074.00 iters/s

running (10.9s), 00259/03074 VUs, 33234 complete and 0 interrupted iterations
default   [  73% ] 00259/03074 VUs  10.9s/15s  3074.00 iters/s

running (11.9s), 00261/03074 VUs, 36306 complete and 0 interrupted iterations
default   [  79% ] 00261/03074 VUs  11.9s/15s  3074.00 iters/s

running (12.9s), 00292/03074 VUs, 39348 complete and 0 interrupted iterations
default   [  86% ] 00292/03074 VUs  12.9s/15s  3074.00 iters/s

running (13.9s), 00272/03074 VUs, 42441 complete and 0 interrupted iterations
default   [  93% ] 00272/03074 VUs  13.9s/15s  3074.00 iters/s

running (14.9s), 00220/03074 VUs, 45568 complete and 0 interrupted iterations
default   [  99% ] 00220/03074 VUs  14.9s/15s  3074.00 iters/s


  █ TOTAL RESULTS 

    HTTP
    http_req_duration..............: avg=78.72ms min=53.95ms med=78.24ms max=113.88ms p(90)=91.6ms p(95)=95.51ms
      { expected_response:true }...: avg=78.72ms min=53.95ms med=78.24ms max=113.88ms p(90)=91.6ms p(95)=95.51ms
    http_req_failed................: 0.00%  0 out of 45876
    http_reqs......................: 45876  3057.254271/s

    EXECUTION
    iteration_duration.............: avg=78.81ms min=54.05ms med=78.33ms max=114.15ms p(90)=91.7ms p(95)=95.62ms
    iterations.....................: 45876  3057.254271/s
    vus............................: 218    min=192        max=292 
    vus_max........................: 3074   min=3074       max=3074

    NETWORK
    data_received..................: 9.3 MB 621 kB/s
    data_sent......................: 8.8 MB 590 kB/s




running (15.0s), 00000/03074 VUs, 45876 complete and 233 interrupted iterations
default ✓ [ 100% ] 00233/03074 VUs  15s  3074.00 iters/s
