
         /\      Grafana   /‾‾/  
    /\  /  \     |\  __   /  /   
   /  \/    \    | |/ /  /   ‾‾\ 
  /          \   |   (  |  (‾)  |
 / __________ \  |_|\_\  \_____/ 

     execution: local
        script: workflow/hotel/k6_open_hotels_client.js
        output: -

     scenarios: (100.00%) 1 scenario, 10000 max VUs, 15s max duration (incl. graceful stop):
              * default: 179.00 iterations/s for 15s (maxVUs: 179-10000)


running (01.0s), 00006/00179 VUs, 171 complete and 0 interrupted iterations
default   [   7% ] 00006/00179 VUs  01.0s/15s  179.00 iters/s

running (02.0s), 00005/00179 VUs, 351 complete and 0 interrupted iterations
default   [  13% ] 00005/00179 VUs  02.0s/15s  179.00 iters/s

running (03.0s), 00004/00179 VUs, 531 complete and 0 interrupted iterations
default   [  20% ] 00004/00179 VUs  03.0s/15s  179.00 iters/s

running (04.0s), 00003/00179 VUs, 711 complete and 0 interrupted iterations
default   [  27% ] 00003/00179 VUs  04.0s/15s  179.00 iters/s

running (05.0s), 00007/00179 VUs, 886 complete and 0 interrupted iterations
default   [  33% ] 00007/00179 VUs  05.0s/15s  179.00 iters/s

running (06.0s), 00007/00179 VUs, 1065 complete and 0 interrupted iterations
default   [  40% ] 00007/00179 VUs  06.0s/15s  179.00 iters/s

running (07.0s), 00006/00179 VUs, 1245 complete and 0 interrupted iterations
default   [  47% ] 00006/00179 VUs  07.0s/15s  179.00 iters/s

running (08.0s), 00005/00179 VUs, 1425 complete and 0 interrupted iterations
default   [  53% ] 00005/00179 VUs  08.0s/15s  179.00 iters/s

running (09.0s), 00004/00179 VUs, 1605 complete and 0 interrupted iterations
default   [  60% ] 00004/00179 VUs  09.0s/15s  179.00 iters/s

running (10.0s), 00008/00179 VUs, 1780 complete and 0 interrupted iterations
default   [  67% ] 00008/00179 VUs  10.0s/15s  179.00 iters/s

running (11.0s), 00007/00179 VUs, 1960 complete and 0 interrupted iterations
default   [  73% ] 00007/00179 VUs  11.0s/15s  179.00 iters/s

running (12.0s), 00006/00179 VUs, 2140 complete and 0 interrupted iterations
default   [  80% ] 00006/00179 VUs  12.0s/15s  179.00 iters/s

running (13.0s), 00005/00179 VUs, 2320 complete and 0 interrupted iterations
default   [  87% ] 00005/00179 VUs  13.0s/15s  179.00 iters/s

running (14.0s), 00004/00179 VUs, 2500 complete and 0 interrupted iterations
default   [  93% ] 00004/00179 VUs  14.0s/15s  179.00 iters/s

running (15.0s), 00003/00179 VUs, 2680 complete and 0 interrupted iterations
default   [ 100% ] 00003/00179 VUs  15.0s/15s  179.00 iters/s


  █ TOTAL RESULTS 

    HTTP
    http_req_duration..............: avg=29.9ms  min=12.56ms med=30.4ms  max=54.56ms p(90)=42.58ms p(95)=43.55ms
      { expected_response:true }...: avg=29.9ms  min=12.56ms med=30.4ms  max=54.56ms p(90)=42.58ms p(95)=43.55ms
    http_req_failed................: 0.00%  0 out of 2680
    http_reqs......................: 2680   178.649263/s

    EXECUTION
    iteration_duration.............: avg=30.12ms min=12.97ms med=30.52ms max=87.97ms p(90)=42.73ms p(95)=43.71ms
    iterations.....................: 2680   178.649263/s
    vus............................: 3      min=3         max=8  
    vus_max........................: 179    min=179       max=179

    NETWORK
    data_received..................: 762 kB 51 kB/s
    data_sent......................: 881 kB 59 kB/s




running (15.0s), 00000/00179 VUs, 2680 complete and 5 interrupted iterations
default ✓ [ 100% ] 00005/00179 VUs  15s  179.00 iters/s
