
         /\      Grafana   /‾‾/  
    /\  /  \     |\  __   /  /   
   /  \/    \    | |/ /  /   ‾‾\ 
  /          \   |   (  |  (‾)  |
 / __________ \  |_|\_\  \_____/ 

     execution: local
        script: workflow/write/k6_open_client.js
        output: -

     scenarios: (100.00%) 1 scenario, 10000 max VUs, 15s max duration (incl. graceful stop):
              * default: 5812.00 iterations/s for 15s (maxVUs: 5812-10000)


running (00.8s), 00783/05812 VUs, 3838 complete and 0 interrupted iterations
default   [   5% ] 00782/05812 VUs  00.8s/15s  5812.00 iters/s

running (01.8s), 01449/05812 VUs, 9123 complete and 0 interrupted iterations
default   [  12% ] 01449/05812 VUs  01.8s/15s  5812.00 iters/s

running (02.8s), 01416/05812 VUs, 14969 complete and 0 interrupted iterations
default   [  19% ] 01416/05812 VUs  02.8s/15s  5812.00 iters/s

running (03.8s), 01415/05812 VUs, 20784 complete and 0 interrupted iterations
default   [  25% ] 01415/05812 VUs  03.8s/15s  5812.00 iters/s

running (04.8s), 01354/05812 VUs, 26654 complete and 0 interrupted iterations
default   [  32% ] 01354/05812 VUs  04.8s/15s  5812.00 iters/s

running (05.8s), 01077/05812 VUs, 32742 complete and 0 interrupted iterations
default   [  39% ] 01078/05812 VUs  05.8s/15s  5812.00 iters/s

running (06.8s), 00750/05812 VUs, 38882 complete and 0 interrupted iterations
default   [  45% ] 00751/05812 VUs  06.8s/15s  5812.00 iters/s

running (07.8s), 00844/05812 VUs, 44602 complete and 0 interrupted iterations
default   [  52% ] 00844/05812 VUs  07.8s/15s  5812.00 iters/s

running (08.8s), 00750/05812 VUs, 50506 complete and 0 interrupted iterations
default   [  59% ] 00750/05812 VUs  08.8s/15s  5812.00 iters/s

running (09.8s), 00355/05812 VUs, 56712 complete and 0 interrupted iterations
default   [  65% ] 00355/05812 VUs  09.8s/15s  5812.00 iters/s

running (10.8s), 00225/05812 VUs, 62655 complete and 0 interrupted iterations
default   [  72% ] 00225/05812 VUs  10.8s/15s  5812.00 iters/s

running (11.8s), 00261/05812 VUs, 68431 complete and 0 interrupted iterations
default   [  79% ] 00261/05812 VUs  11.8s/15s  5812.00 iters/s

running (12.8s), 00233/05812 VUs, 74271 complete and 0 interrupted iterations
default   [  85% ] 00233/05812 VUs  12.8s/15s  5812.00 iters/s

running (13.8s), 00262/05812 VUs, 80054 complete and 0 interrupted iterations
default   [  92% ] 00262/05812 VUs  13.8s/15s  5812.00 iters/s

running (14.8s), 00242/05812 VUs, 85886 complete and 0 interrupted iterations
default   [  99% ] 00242/05812 VUs  14.8s/15s  5812.00 iters/s


  █ TOTAL RESULTS 

    HTTP
    http_req_duration..............: avg=133.2ms  min=34.04ms med=125.53ms max=389.84ms p(90)=244.59ms p(95)=250.16ms
      { expected_response:true }...: avg=133.2ms  min=34.04ms med=125.53ms max=389.84ms p(90)=244.59ms p(95)=250.16ms
    http_req_failed................: 0.00%  0 out of 86964
    http_reqs......................: 86964  5794.39427/s

    EXECUTION
    iteration_duration.............: avg=133.76ms min=34.1ms  med=126.37ms max=389.9ms  p(90)=244.75ms p(95)=250.28ms
    iterations.....................: 86964  5794.39427/s
    vus............................: 242    min=225        max=1448
    vus_max........................: 5812   min=5812       max=5812

    NETWORK
    data_received..................: 18 MB  1.2 MB/s
    data_sent......................: 8.7 MB 581 kB/s




running (15.0s), 00000/05812 VUs, 86955 complete and 226 interrupted iterations
default ✓ [ 100% ] 00226/05812 VUs  15s  5812.00 iters/s
