
         /\      Grafana   /‾‾/  
    /\  /  \     |\  __   /  /   
   /  \/    \    | |/ /  /   ‾‾\ 
  /          \   |   (  |  (‾)  |
 / __________ \  |_|\_\  \_____/ 

     execution: local
        script: workflow/write/k6_open_client.js
        output: -

     scenarios: (100.00%) 1 scenario, 10000 max VUs, 15s max duration (incl. graceful stop):
              * default: 7081.00 iterations/s for 15s (maxVUs: 7081-10000)


running (00.8s), 00470/07081 VUs, 5073 complete and 0 interrupted iterations
default   [   5% ] 00470/07081 VUs  00.8s/15s  7081.00 iters/s

running (01.8s), 00014/07081 VUs, 12610 complete and 0 interrupted iterations
default   [  12% ] 00013/07081 VUs  01.8s/15s  7081.00 iters/s

running (02.8s), 00004/07081 VUs, 19701 complete and 0 interrupted iterations
default   [  19% ] 00004/07081 VUs  02.8s/15s  7081.00 iters/s

running (03.8s), 00005/07081 VUs, 26781 complete and 0 interrupted iterations
default   [  25% ] 00005/07081 VUs  03.8s/15s  7081.00 iters/s

running (04.8s), 00006/07081 VUs, 33861 complete and 0 interrupted iterations
default   [  32% ] 00005/07081 VUs  04.8s/15s  7081.00 iters/s

running (05.8s), 00013/07081 VUs, 40936 complete and 0 interrupted iterations
default   [  39% ] 00013/07081 VUs  05.8s/15s  7081.00 iters/s

running (06.8s), 00005/07081 VUs, 48025 complete and 0 interrupted iterations
default   [  45% ] 00005/07081 VUs  06.8s/15s  7081.00 iters/s

running (07.8s), 00006/07081 VUs, 55104 complete and 0 interrupted iterations
default   [  52% ] 00006/07081 VUs  07.8s/15s  7081.00 iters/s

running (08.8s), 00011/07081 VUs, 62180 complete and 0 interrupted iterations
default   [  59% ] 00011/07081 VUs  08.8s/15s  7081.00 iters/s

running (09.8s), 00021/07081 VUs, 69251 complete and 0 interrupted iterations
default   [  65% ] 00021/07081 VUs  09.8s/15s  7081.00 iters/s

running (10.8s), 00010/07081 VUs, 76343 complete and 0 interrupted iterations
default   [  72% ] 00010/07081 VUs  10.8s/15s  7081.00 iters/s

running (11.8s), 00006/07081 VUs, 83429 complete and 0 interrupted iterations
default   [  79% ] 00006/07081 VUs  11.8s/15s  7081.00 iters/s

running (12.8s), 00010/07081 VUs, 90506 complete and 0 interrupted iterations
default   [  85% ] 00010/07081 VUs  12.8s/15s  7081.00 iters/s

running (13.8s), 00006/07081 VUs, 97591 complete and 0 interrupted iterations
default   [  92% ] 00006/07081 VUs  13.8s/15s  7081.00 iters/s

running (14.8s), 00013/07081 VUs, 104665 complete and 0 interrupted iterations
default   [  99% ] 00013/07081 VUs  14.8s/15s  7081.00 iters/s


  █ TOTAL RESULTS 

    HTTP
    http_req_duration..............: avg=6.73ms min=369.55µs med=931.62µs max=181.53ms p(90)=10.76ms p(95)=61.44ms
      { expected_response:true }...: avg=6.73ms min=369.55µs med=931.62µs max=181.53ms p(90)=10.76ms p(95)=61.44ms
    http_req_failed................: 0.00%  0 out of 106212
    http_reqs......................: 106212 7076.248595/s

    EXECUTION
    iteration_duration.............: avg=6.81ms min=400.86µs med=986.76µs max=181.75ms p(90)=10.88ms p(95)=61.69ms
    iterations.....................: 106212 7076.248595/s
    vus............................: 13     min=5           max=471 
    vus_max........................: 7081   min=7081        max=7081

    NETWORK
    data_received..................: 22 MB  1.4 MB/s
    data_sent......................: 11 MB  708 kB/s




running (15.0s), 00000/07081 VUs, 106204 complete and 12 interrupted iterations
default ✓ [ 100% ] 00012/07081 VUs  15s  7081.00 iters/s
