
         /\      Grafana   /‾‾/  
    /\  /  \     |\  __   /  /   
   /  \/    \    | |/ /  /   ‾‾\ 
  /          \   |   (  |  (‾)  |
 / __________ \  |_|\_\  \_____/ 

     execution: local
        script: workflow/response/k6_open_client.js
        output: -

     scenarios: (100.00%) 1 scenario, 100000 max VUs, 15s max duration (incl. graceful stop):
              * default: 7191.00 iterations/s for 15s (maxVUs: 7191-100000)


running (00.8s), 002637/007191 VUs, 1912 complete and 0 interrupted iterations
default   [   5% ] 002637/007191 VUs  00.8s/15s  7191.00 iters/s

running (01.8s), 005840/007191 VUs, 7009 complete and 0 interrupted iterations
default   [  12% ] 005840/007191 VUs  01.8s/15s  7191.00 iters/s

running (02.8s), 006014/007191 VUs, 14018 complete and 0 interrupted iterations
default   [  19% ] 006014/007191 VUs  02.8s/15s  7191.00 iters/s

running (03.8s), 006038/007191 VUs, 21185 complete and 0 interrupted iterations
default   [  25% ] 006038/007191 VUs  03.8s/15s  7191.00 iters/s

running (04.8s), 006106/007191 VUs, 28309 complete and 0 interrupted iterations
default   [  32% ] 006106/007191 VUs  04.8s/15s  7191.00 iters/s

running (05.8s), 005886/007191 VUs, 35720 complete and 0 interrupted iterations
default   [  39% ] 005886/007191 VUs  05.8s/15s  7191.00 iters/s

running (06.8s), 006210/007191 VUs, 42586 complete and 0 interrupted iterations
default   [  45% ] 006210/007191 VUs  06.8s/15s  7191.00 iters/s

running (07.8s), 006299/007191 VUs, 49688 complete and 0 interrupted iterations
default   [  52% ] 006299/007191 VUs  07.8s/15s  7191.00 iters/s

running (08.8s), 006276/007191 VUs, 56902 complete and 0 interrupted iterations
default   [  59% ] 006275/007191 VUs  08.8s/15s  7191.00 iters/s

running (09.8s), 006517/007191 VUs, 63853 complete and 0 interrupted iterations
default   [  65% ] 006517/007191 VUs  09.8s/15s  7191.00 iters/s

running (10.8s), 006612/007191 VUs, 70949 complete and 0 interrupted iterations
default   [  72% ] 006611/007191 VUs  10.8s/15s  7191.00 iters/s

running (11.8s), 006786/007191 VUs, 77966 complete and 0 interrupted iterations
default   [  79% ] 006786/007191 VUs  11.8s/15s  7191.00 iters/s

running (12.8s), 006705/007191 VUs, 85238 complete and 0 interrupted iterations
default   [  85% ] 006705/007191 VUs  12.8s/15s  7191.00 iters/s

running (13.8s), 006685/007191 VUs, 92449 complete and 0 interrupted iterations
default   [  92% ] 006685/007191 VUs  13.8s/15s  7191.00 iters/s

running (14.8s), 006923/007199 VUs, 99269 complete and 0 interrupted iterations
default   [  99% ] 006923/007199 VUs  14.8s/15s  7191.00 iters/s


  █ TOTAL RESULTS 

    HTTP
    http_req_duration..............: avg=841.59ms min=1.12ms med=875.16ms max=2.23s p(90)=949.01ms p(95)=986.52ms
      { expected_response:true }...: avg=841.59ms min=1.12ms med=875.16ms max=2.23s p(90)=949.01ms p(95)=986.52ms
    http_req_failed................: 0.00%  0 out of 100884
    http_reqs......................: 100884 6698.845647/s

    EXECUTION
    dropped_iterations.............: 133    8.831395/s
    iteration_duration.............: avg=852.85ms min=1.21ms med=875.43ms max=2.23s p(90)=949.58ms p(95)=987.37ms
    iterations.....................: 100884 6698.845647/s
    vus............................: 6922   min=3192        max=6922
    vus_max........................: 7199   min=7191        max=7199

    NETWORK
    data_received..................: 21 MB  1.4 MB/s
    data_sent......................: 21 MB  1.4 MB/s




running (15.1s), 000000/007199 VUs, 100839 complete and 6894 interrupted iterations
default ✓ [ 100% ] 006894/007199 VUs  15s  7191.00 iters/s
