
         /\      Grafana   /‾‾/  
    /\  /  \     |\  __   /  /   
   /  \/    \    | |/ /  /   ‾‾\ 
  /          \   |   (  |  (‾)  |
 / __________ \  |_|\_\  \_____/ 

     execution: local
        script: workflow/hotel/k6_open_hotels_client.js
        output: -

     scenarios: (100.00%) 1 scenario, 10000 max VUs, 10s max duration (incl. graceful stop):
              * default: 512.00 iterations/s for 10s (maxVUs: 512-10000)


running (01.0s), 00023/00512 VUs, 476 complete and 0 interrupted iterations
default   [  10% ] 00024/00512 VUs  01.0s/10s  512.00 iters/s

running (02.0s), 00030/00512 VUs, 982 complete and 0 interrupted iterations
default   [  20% ] 00030/00512 VUs  02.0s/10s  512.00 iters/s

running (03.0s), 00055/00512 VUs, 1469 complete and 0 interrupted iterations
default   [  30% ] 00055/00512 VUs  03.0s/10s  512.00 iters/s

running (04.0s), 00072/00512 VUs, 1964 complete and 0 interrupted iterations
default   [  40% ] 00072/00512 VUs  04.0s/10s  512.00 iters/s

running (05.0s), 00098/00512 VUs, 2450 complete and 0 interrupted iterations
default   [  50% ] 00098/00512 VUs  05.0s/10s  512.00 iters/s

running (06.0s), 00119/00512 VUs, 2941 complete and 0 interrupted iterations
default   [  60% ] 00119/00512 VUs  06.0s/10s  512.00 iters/s

running (07.0s), 00141/00512 VUs, 3431 complete and 0 interrupted iterations
default   [  70% ] 00141/00512 VUs  07.0s/10s  512.00 iters/s

running (08.0s), 00148/00512 VUs, 3936 complete and 0 interrupted iterations
default   [  80% ] 00148/00512 VUs  08.0s/10s  512.00 iters/s

running (09.0s), 00166/00512 VUs, 4430 complete and 0 interrupted iterations
default   [  90% ] 00166/00512 VUs  09.0s/10s  512.00 iters/s

running (10.0s), 00175/00512 VUs, 4933 complete and 0 interrupted iterations
default   [ 100% ] 00175/00512 VUs  10.0s/10s  512.00 iters/s


  █ TOTAL RESULTS 

    HTTP
    http_req_duration..............: avg=185.54ms min=5.76ms med=190.25ms max=346.12ms p(90)=323.45ms p(95)=329.99ms
      { expected_response:true }...: avg=185.54ms min=5.76ms med=190.25ms max=346.12ms p(90)=323.45ms p(95)=329.99ms
    http_req_failed................: 0.00%  0 out of 4944
    http_reqs......................: 4944   494.236636/s

    EXECUTION
    iteration_duration.............: avg=185.67ms min=6.44ms med=190.37ms max=346.21ms p(90)=323.56ms p(95)=330.1ms 
    iterations.....................: 4944   494.236636/s
    vus............................: 175    min=24        max=175
    vus_max........................: 512    min=512       max=512

    NETWORK
    data_received..................: 1.4 MB 141 kB/s
    data_sent......................: 1.7 MB 168 kB/s




running (10.0s), 00000/00512 VUs, 4944 complete and 177 interrupted iterations
default ✓ [ 100% ] 00177/00512 VUs  10s  512.00 iters/s
