
         /\      Grafana   /‾‾/  
    /\  /  \     |\  __   /  /   
   /  \/    \    | |/ /  /   ‾‾\ 
  /          \   |   (  |  (‾)  |
 / __________ \  |_|\_\  \_____/ 

     execution: local
        script: workflow/spin/k6_open_client.js
        output: -

     scenarios: (100.00%) 1 scenario, 10000 max VUs, 15s max duration (incl. graceful stop):
              * default: 1453.00 iterations/s for 15s (maxVUs: 1453-10000)


running (00.9s), 00108/01453 VUs, 1264 complete and 0 interrupted iterations
default   [   6% ] 00108/01453 VUs  00.9s/15s  1453.00 iters/s

running (01.9s), 00130/01453 VUs, 2695 complete and 0 interrupted iterations
default   [  13% ] 00130/01453 VUs  01.9s/15s  1453.00 iters/s

running (02.9s), 00158/01453 VUs, 4120 complete and 0 interrupted iterations
default   [  20% ] 00158/01453 VUs  02.9s/15s  1453.00 iters/s

running (03.9s), 00154/01453 VUs, 5577 complete and 0 interrupted iterations
default   [  26% ] 00154/01453 VUs  03.9s/15s  1453.00 iters/s

running (04.9s), 00183/01453 VUs, 7000 complete and 0 interrupted iterations
default   [  33% ] 00184/01453 VUs  04.9s/15s  1453.00 iters/s

running (05.9s), 00225/01453 VUs, 8413 complete and 0 interrupted iterations
default   [  40% ] 00225/01453 VUs  05.9s/15s  1453.00 iters/s

running (06.9s), 00260/01453 VUs, 9830 complete and 0 interrupted iterations
default   [  46% ] 00260/01453 VUs  06.9s/15s  1453.00 iters/s

running (07.9s), 00246/01453 VUs, 11297 complete and 0 interrupted iterations
default   [  53% ] 00246/01453 VUs  07.9s/15s  1453.00 iters/s

running (08.9s), 00276/01453 VUs, 12719 complete and 0 interrupted iterations
default   [  60% ] 00276/01453 VUs  08.9s/15s  1453.00 iters/s

running (09.9s), 00274/01453 VUs, 14175 complete and 0 interrupted iterations
default   [  66% ] 00274/01453 VUs  09.9s/15s  1453.00 iters/s

running (10.9s), 00312/01453 VUs, 15590 complete and 0 interrupted iterations
default   [  73% ] 00312/01453 VUs  10.9s/15s  1453.00 iters/s

running (11.9s), 00346/01453 VUs, 17010 complete and 0 interrupted iterations
default   [  80% ] 00346/01453 VUs  11.9s/15s  1453.00 iters/s

running (12.9s), 00360/01453 VUs, 18446 complete and 0 interrupted iterations
default   [  86% ] 00360/01453 VUs  12.9s/15s  1453.00 iters/s

running (13.9s), 00361/01453 VUs, 19900 complete and 0 interrupted iterations
default   [  93% ] 00361/01453 VUs  13.9s/15s  1453.00 iters/s

running (14.9s), 00382/01453 VUs, 21332 complete and 0 interrupted iterations
default   [ 100% ] 00382/01453 VUs  14.9s/15s  1453.00 iters/s


  █ TOTAL RESULTS 

    HTTP
    http_req_duration..............: avg=165.08ms min=54.34ms med=168.2ms  max=281.16ms p(90)=251.38ms p(95)=259.14ms
      { expected_response:true }...: avg=165.08ms min=54.34ms med=168.2ms  max=281.16ms p(90)=251.38ms p(95)=259.14ms
    http_req_failed................: 0.00%  0 out of 21424
    http_reqs......................: 21424  1427.805098/s

    EXECUTION
    iteration_duration.............: avg=165.17ms min=54.64ms med=168.27ms max=281.23ms p(90)=251.47ms p(95)=259.22ms
    iterations.....................: 21424  1427.805098/s
    vus............................: 383    min=108        max=383 
    vus_max........................: 1453   min=1453       max=1453

    NETWORK
    data_received..................: 4.3 MB 289 kB/s
    data_sent......................: 4.2 MB 279 kB/s




running (15.0s), 00000/01453 VUs, 21424 complete and 373 interrupted iterations
default ✓ [ 100% ] 00373/01453 VUs  15s  1453.00 iters/s
