
         /\      Grafana   /‾‾/  
    /\  /  \     |\  __   /  /   
   /  \/    \    | |/ /  /   ‾‾\ 
  /          \   |   (  |  (‾)  |
 / __________ \  |_|\_\  \_____/ 

     execution: local
        script: workflow/spin/k6_open_client.js
        output: -

     scenarios: (100.00%) 1 scenario, 10000 max VUs, 15s max duration (incl. graceful stop):
              * default: 3633.00 iterations/s for 15s (maxVUs: 3633-10000)


running (00.9s), 00186/03633 VUs, 3018 complete and 0 interrupted iterations
default   [   6% ] 00185/03633 VUs  00.9s/15s  3633.00 iters/s

running (01.9s), 00175/03633 VUs, 6662 complete and 0 interrupted iterations
default   [  13% ] 00175/03633 VUs  01.9s/15s  3633.00 iters/s

running (02.9s), 00192/03633 VUs, 10279 complete and 0 interrupted iterations
default   [  19% ] 00192/03633 VUs  02.9s/15s  3633.00 iters/s

running (03.9s), 00179/03633 VUs, 13924 complete and 0 interrupted iterations
default   [  26% ] 00179/03633 VUs  03.9s/15s  3633.00 iters/s

running (04.9s), 00254/03633 VUs, 17480 complete and 0 interrupted iterations
default   [  33% ] 00255/03633 VUs  04.9s/15s  3633.00 iters/s

running (05.9s), 00200/03633 VUs, 21170 complete and 0 interrupted iterations
default   [  39% ] 00200/03633 VUs  05.9s/15s  3633.00 iters/s

running (06.9s), 00198/03633 VUs, 24802 complete and 0 interrupted iterations
default   [  46% ] 00198/03633 VUs  06.9s/15s  3633.00 iters/s

running (07.9s), 00202/03633 VUs, 28433 complete and 0 interrupted iterations
default   [  53% ] 00202/03633 VUs  07.9s/15s  3633.00 iters/s

running (08.9s), 00190/03633 VUs, 32080 complete and 0 interrupted iterations
default   [  59% ] 00190/03633 VUs  08.9s/15s  3633.00 iters/s

running (09.9s), 00216/03633 VUs, 35686 complete and 0 interrupted iterations
default   [  66% ] 00216/03633 VUs  09.9s/15s  3633.00 iters/s

running (10.9s), 00170/03633 VUs, 39364 complete and 0 interrupted iterations
default   [  73% ] 00170/03633 VUs  10.9s/15s  3633.00 iters/s

running (11.9s), 00165/03633 VUs, 43002 complete and 0 interrupted iterations
default   [  79% ] 00165/03633 VUs  11.9s/15s  3633.00 iters/s

running (12.9s), 00205/03633 VUs, 46598 complete and 0 interrupted iterations
default   [  86% ] 00205/03633 VUs  12.9s/15s  3633.00 iters/s

running (13.9s), 00205/03633 VUs, 50229 complete and 0 interrupted iterations
default   [  93% ] 00205/03633 VUs  13.9s/15s  3633.00 iters/s

running (14.9s), 00197/03633 VUs, 53869 complete and 0 interrupted iterations
default   [  99% ] 00197/03633 VUs  14.9s/15s  3633.00 iters/s


  █ TOTAL RESULTS 

    HTTP
    http_req_duration..............: avg=52.13ms min=24.16ms med=51.2ms max=102.25ms p(90)=61.1ms  p(95)=65.03ms
      { expected_response:true }...: avg=52.13ms min=24.16ms med=51.2ms max=102.25ms p(90)=61.1ms  p(95)=65.03ms
    http_req_failed................: 0.00% 0 out of 54339
    http_reqs......................: 54339 3621.077495/s

    EXECUTION
    iteration_duration.............: avg=52.23ms min=24.28ms med=51.3ms max=102.53ms p(90)=61.22ms p(95)=65.16ms
    iterations.....................: 54339 3621.077495/s
    vus............................: 197   min=166        max=253 
    vus_max........................: 3633  min=3633       max=3633

    NETWORK
    data_received..................: 11 MB 735 kB/s
    data_sent......................: 11 MB 697 kB/s




running (15.0s), 00000/03633 VUs, 54335 complete and 160 interrupted iterations
default ✓ [ 100% ] 00160/03633 VUs  15s  3633.00 iters/s
