
         /\      Grafana   /‾‾/  
    /\  /  \     |\  __   /  /   
   /  \/    \    | |/ /  /   ‾‾\ 
  /          \   |   (  |  (‾)  |
 / __________ \  |_|\_\  \_____/ 

     execution: local
        script: workflow/spin/k6_open_client.js
        output: -

     scenarios: (100.00%) 1 scenario, 10000 max VUs, 15s max duration (incl. graceful stop):
              * default: 4050.00 iterations/s for 15s (maxVUs: 4050-10000)


running (00.9s), 00397/04050 VUs, 3064 complete and 0 interrupted iterations
default   [   6% ] 00397/04050 VUs  00.9s/15s  4050.00 iters/s

running (01.9s), 00297/04050 VUs, 7212 complete and 0 interrupted iterations
default   [  12% ] 00297/04050 VUs  01.9s/15s  4050.00 iters/s

running (02.9s), 00254/04050 VUs, 11308 complete and 0 interrupted iterations
default   [  19% ] 00254/04050 VUs  02.9s/15s  4050.00 iters/s

running (03.9s), 00264/04050 VUs, 15345 complete and 0 interrupted iterations
default   [  26% ] 00264/04050 VUs  03.9s/15s  4050.00 iters/s

running (04.9s), 00290/04050 VUs, 19369 complete and 0 interrupted iterations
default   [  32% ] 00290/04050 VUs  04.9s/15s  4050.00 iters/s

running (05.9s), 00229/04050 VUs, 23480 complete and 0 interrupted iterations
default   [  39% ] 00229/04050 VUs  05.9s/15s  4050.00 iters/s

running (06.9s), 00265/04050 VUs, 27495 complete and 0 interrupted iterations
default   [  46% ] 00265/04050 VUs  06.9s/15s  4050.00 iters/s

running (07.9s), 00222/04050 VUs, 31590 complete and 0 interrupted iterations
default   [  52% ] 00222/04050 VUs  07.9s/15s  4050.00 iters/s

running (08.9s), 00274/04050 VUs, 35585 complete and 0 interrupted iterations
default   [  59% ] 00274/04050 VUs  08.9s/15s  4050.00 iters/s

running (09.9s), 00296/04050 VUs, 39613 complete and 0 interrupted iterations
default   [  66% ] 00296/04050 VUs  09.9s/15s  4050.00 iters/s

running (10.9s), 00268/04050 VUs, 43692 complete and 0 interrupted iterations
default   [  72% ] 00268/04050 VUs  10.9s/15s  4050.00 iters/s

running (11.9s), 00255/04050 VUs, 47754 complete and 0 interrupted iterations
default   [  79% ] 00255/04050 VUs  11.9s/15s  4050.00 iters/s

running (12.9s), 00227/04050 VUs, 51829 complete and 0 interrupted iterations
default   [  86% ] 00227/04050 VUs  12.9s/15s  4050.00 iters/s

running (13.9s), 00317/04050 VUs, 55794 complete and 0 interrupted iterations
default   [  92% ] 00317/04050 VUs  13.9s/15s  4050.00 iters/s

running (14.9s), 00268/04050 VUs, 59889 complete and 0 interrupted iterations
default   [  99% ] 00268/04050 VUs  14.9s/15s  4050.00 iters/s


  █ TOTAL RESULTS 

    HTTP
    http_req_duration..............: avg=68.5ms min=42.62ms med=65.56ms max=146.53ms p(90)=85.38ms p(95)=96.81ms
      { expected_response:true }...: avg=68.5ms min=42.62ms med=65.56ms max=146.53ms p(90)=85.38ms p(95)=96.81ms
    http_req_failed................: 0.00% 0 out of 60504
    http_reqs......................: 60504 4031.826179/s

    EXECUTION
    iteration_duration.............: avg=68.6ms min=42.68ms med=65.64ms max=149.09ms p(90)=85.51ms p(95)=97.05ms
    iterations.....................: 60504 4031.826179/s
    vus............................: 267   min=222        max=398 
    vus_max........................: 4050  min=4050       max=4050

    NETWORK
    data_received..................: 12 MB 819 kB/s
    data_sent......................: 12 MB 777 kB/s




running (15.0s), 00000/04050 VUs, 60498 complete and 253 interrupted iterations
default ✓ [ 100% ] 00253/04050 VUs  15s  4050.00 iters/s
