
         /\      Grafana   /‾‾/  
    /\  /  \     |\  __   /  /   
   /  \/    \    | |/ /  /   ‾‾\ 
  /          \   |   (  |  (‾)  |
 / __________ \  |_|\_\  \_____/ 

     execution: local
        script: workflow/spin/k6_open_client.js
        output: -

     scenarios: (100.00%) 1 scenario, 10000 max VUs, 15s max duration (incl. graceful stop):
              * default: 2546.00 iterations/s for 15s (maxVUs: 2546-10000)


running (00.9s), 00179/02546 VUs, 2137 complete and 0 interrupted iterations
default   [   6% ] 00179/02546 VUs  00.9s/15s  2546.00 iters/s

running (01.9s), 00143/02546 VUs, 4717 complete and 0 interrupted iterations
default   [  13% ] 00143/02546 VUs  01.9s/15s  2546.00 iters/s

running (02.9s), 00158/02546 VUs, 7247 complete and 0 interrupted iterations
default   [  19% ] 00159/02546 VUs  02.9s/15s  2546.00 iters/s

running (03.9s), 00153/02546 VUs, 9799 complete and 0 interrupted iterations
default   [  26% ] 00153/02546 VUs  03.9s/15s  2546.00 iters/s

running (04.9s), 00150/02546 VUs, 12349 complete and 0 interrupted iterations
default   [  33% ] 00150/02546 VUs  04.9s/15s  2546.00 iters/s

running (05.9s), 00160/02546 VUs, 14885 complete and 0 interrupted iterations
default   [  39% ] 00160/02546 VUs  05.9s/15s  2546.00 iters/s

running (06.9s), 00221/02546 VUs, 17369 complete and 0 interrupted iterations
default   [  46% ] 00221/02546 VUs  06.9s/15s  2546.00 iters/s

running (07.9s), 00116/02546 VUs, 20019 complete and 0 interrupted iterations
default   [  53% ] 00116/02546 VUs  07.9s/15s  2546.00 iters/s

running (08.9s), 00141/02546 VUs, 22538 complete and 0 interrupted iterations
default   [  59% ] 00141/02546 VUs  08.9s/15s  2546.00 iters/s

running (09.9s), 00155/02546 VUs, 25070 complete and 0 interrupted iterations
default   [  66% ] 00155/02546 VUs  09.9s/15s  2546.00 iters/s

running (10.9s), 00138/02546 VUs, 27636 complete and 0 interrupted iterations
default   [  73% ] 00138/02546 VUs  10.9s/15s  2546.00 iters/s

running (11.9s), 00149/02546 VUs, 30170 complete and 0 interrupted iterations
default   [  79% ] 00149/02546 VUs  11.9s/15s  2546.00 iters/s

running (12.9s), 00155/02546 VUs, 32713 complete and 0 interrupted iterations
default   [  86% ] 00155/02546 VUs  12.9s/15s  2546.00 iters/s

running (13.9s), 00142/02546 VUs, 35269 complete and 0 interrupted iterations
default   [  93% ] 00142/02546 VUs  13.9s/15s  2546.00 iters/s

running (14.9s), 00163/02546 VUs, 37795 complete and 0 interrupted iterations
default   [  99% ] 00163/02546 VUs  14.9s/15s  2546.00 iters/s


  █ TOTAL RESULTS 

    HTTP
    http_req_duration..............: avg=60.33ms min=40.07ms med=60.13ms max=95.7ms  p(90)=72.25ms p(95)=76.08ms
      { expected_response:true }...: avg=60.33ms min=40.07ms med=60.13ms max=95.7ms  p(90)=72.25ms p(95)=76.08ms
    http_req_failed................: 0.00%  0 out of 38040
    http_reqs......................: 38040  2535.256579/s

    EXECUTION
    iteration_duration.............: avg=60.42ms min=40.14ms med=60.22ms max=95.78ms p(90)=72.35ms p(95)=76.21ms
    iterations.....................: 38040  2535.256579/s
    vus............................: 163    min=116        max=221 
    vus_max........................: 2546   min=2546       max=2546

    NETWORK
    data_received..................: 7.7 MB 515 kB/s
    data_sent......................: 7.3 MB 488 kB/s




running (15.0s), 00000/02546 VUs, 38040 complete and 149 interrupted iterations
default ✓ [ 100% ] 00149/02546 VUs  15s  2546.00 iters/s
