
         /\      Grafana   /‾‾/  
    /\  /  \     |\  __   /  /   
   /  \/    \    | |/ /  /   ‾‾\ 
  /          \   |   (  |  (‾)  |
 / __________ \  |_|\_\  \_____/ 

     execution: local
        script: workflow/spin/k6_open_client.js
        output: -

     scenarios: (100.00%) 1 scenario, 10000 max VUs, 15s max duration (incl. graceful stop):
              * default: 5880.00 iterations/s for 15s (maxVUs: 5880-10000)


running (00.8s), 01522/05880 VUs, 3314 complete and 0 interrupted iterations
default   [   5% ] 01522/05880 VUs  00.8s/15s  5880.00 iters/s

running (01.8s), 02711/05880 VUs, 8010 complete and 0 interrupted iterations
default   [  12% ] 02712/05880 VUs  01.8s/15s  5880.00 iters/s

running (02.8s), 03678/05880 VUs, 12919 complete and 0 interrupted iterations
default   [  19% ] 03678/05880 VUs  02.8s/15s  5880.00 iters/s

running (03.8s), 04459/05880 VUs, 18019 complete and 0 interrupted iterations
default   [  25% ] 04459/05880 VUs  03.8s/15s  5880.00 iters/s

running (04.8s), 05282/05880 VUs, 23072 complete and 0 interrupted iterations
default   [  32% ] 05283/05880 VUs  04.8s/15s  5880.00 iters/s

running (05.8s), 05848/05880 VUs, 28390 complete and 0 interrupted iterations
default   [  39% ] 05848/05880 VUs  05.8s/15s  5880.00 iters/s

running (06.8s), 06191/06192 VUs, 33195 complete and 0 interrupted iterations
default   [  45% ] 06191/06192 VUs  06.8s/15s  5880.00 iters/s

running (07.8s), 06543/06544 VUs, 37894 complete and 0 interrupted iterations
default   [  52% ] 06543/06544 VUs  07.8s/15s  5880.00 iters/s

running (08.8s), 06780/06780 VUs, 42784 complete and 0 interrupted iterations
default   [  59% ] 06780/06780 VUs  08.8s/15s  5880.00 iters/s

running (09.8s), 07099/07099 VUs, 47640 complete and 0 interrupted iterations
default   [  65% ] 07099/07099 VUs  09.8s/15s  5880.00 iters/s

running (10.8s), 07457/07459 VUs, 52383 complete and 0 interrupted iterations
default   [  72% ] 07457/07459 VUs  10.8s/15s  5880.00 iters/s

running (11.8s), 07730/07747 VUs, 57317 complete and 0 interrupted iterations
default   [  79% ] 07730/07747 VUs  11.8s/15s  5880.00 iters/s

running (12.8s), 07946/07980 VUs, 62172 complete and 0 interrupted iterations
default   [  85% ] 07946/07980 VUs  12.8s/15s  5880.00 iters/s

running (13.8s), 07951/08090 VUs, 67796 complete and 0 interrupted iterations
default   [  92% ] 07951/08090 VUs  13.8s/15s  5880.00 iters/s

running (14.8s), 08412/08426 VUs, 72344 complete and 0 interrupted iterations
default   [  99% ] 08412/08426 VUs  14.8s/15s  5880.00 iters/s


  █ TOTAL RESULTS 

    HTTP
    http_req_duration..............: avg=1.08s min=2.63ms med=1.27s max=3s p(90)=1.53s p(95)=1.55s
      { expected_response:true }...: avg=1.08s min=2.63ms med=1.27s max=3s p(90)=1.53s p(95)=1.55s
    http_req_failed................: 0.00% 0 out of 73245
    http_reqs......................: 73245 4857.531965/s

    EXECUTION
    dropped_iterations.............: 6566  435.450268/s
    iteration_duration.............: avg=1.08s min=2.68ms med=1.27s max=3s p(90)=1.53s p(95)=1.55s
    iterations.....................: 73245 4857.531965/s
    vus............................: 8413  min=1520       max=8413
    vus_max........................: 8426  min=5880       max=8426

    NETWORK
    data_received..................: 15 MB 986 kB/s
    data_sent......................: 16 MB 1.0 MB/s




running (15.1s), 00000/08483 VUs, 73151 complete and 8483 interrupted iterations
default ✓ [ 100% ] 08483/08483 VUs  15s  5880.00 iters/s
