
         /\      Grafana   /‾‾/  
    /\  /  \     |\  __   /  /   
   /  \/    \    | |/ /  /   ‾‾\ 
  /          \   |   (  |  (‾)  |
 / __________ \  |_|\_\  \_____/ 

     execution: local
        script: workflow/write/k6_open_client.js
        output: -

     scenarios: (100.00%) 1 scenario, 10000 max VUs, 15s max duration (incl. graceful stop):
              * default: 4639.00 iterations/s for 15s (maxVUs: 4639-10000)


running (00.8s), 00030/04639 VUs, 3908 complete and 0 interrupted iterations
default   [   6% ] 00030/04639 VUs  00.8s/15s  4639.00 iters/s

running (01.8s), 00018/04639 VUs, 8562 complete and 0 interrupted iterations
default   [  12% ] 00018/04639 VUs  01.8s/15s  4639.00 iters/s

running (02.8s), 00016/04639 VUs, 13200 complete and 0 interrupted iterations
default   [  19% ] 00016/04639 VUs  02.8s/15s  4639.00 iters/s

running (03.8s), 00058/04639 VUs, 17797 complete and 0 interrupted iterations
default   [  26% ] 00058/04639 VUs  03.8s/15s  4639.00 iters/s

running (04.8s), 00016/04639 VUs, 22478 complete and 0 interrupted iterations
default   [  32% ] 00016/04639 VUs  04.8s/15s  4639.00 iters/s

running (05.8s), 00022/04639 VUs, 27110 complete and 0 interrupted iterations
default   [  39% ] 00022/04639 VUs  05.8s/15s  4639.00 iters/s

running (06.8s), 00025/04639 VUs, 31747 complete and 0 interrupted iterations
default   [  46% ] 00025/04639 VUs  06.8s/15s  4639.00 iters/s

running (07.8s), 00022/04639 VUs, 36384 complete and 0 interrupted iterations
default   [  52% ] 00022/04639 VUs  07.8s/15s  4639.00 iters/s

running (08.8s), 00019/04639 VUs, 41031 complete and 0 interrupted iterations
default   [  59% ] 00019/04639 VUs  08.8s/15s  4639.00 iters/s

running (09.8s), 00114/04639 VUs, 45575 complete and 0 interrupted iterations
default   [  66% ] 00114/04639 VUs  09.8s/15s  4639.00 iters/s

running (10.8s), 00017/04639 VUs, 50311 complete and 0 interrupted iterations
default   [  72% ] 00017/04639 VUs  10.8s/15s  4639.00 iters/s

running (11.8s), 00019/04639 VUs, 54950 complete and 0 interrupted iterations
default   [  79% ] 00019/04639 VUs  11.8s/15s  4639.00 iters/s

running (12.8s), 00016/04639 VUs, 59593 complete and 0 interrupted iterations
default   [  86% ] 00016/04639 VUs  12.8s/15s  4639.00 iters/s

running (13.8s), 00017/04639 VUs, 64228 complete and 0 interrupted iterations
default   [  92% ] 00017/04639 VUs  13.8s/15s  4639.00 iters/s

running (14.8s), 00022/04639 VUs, 68862 complete and 0 interrupted iterations
default   [  99% ] 00022/04639 VUs  14.8s/15s  4639.00 iters/s


  █ TOTAL RESULTS 

    HTTP
    http_req_duration..............: avg=5.12ms min=1.86ms med=3.56ms max=76.09ms p(90)=7.42ms p(95)=12.62ms
      { expected_response:true }...: avg=5.12ms min=1.86ms med=3.56ms max=76.09ms p(90)=7.42ms p(95)=12.62ms
    http_req_failed................: 0.00%  0 out of 69573
    http_reqs......................: 69573  4635.998576/s

    EXECUTION
    iteration_duration.............: avg=5.19ms min=1.93ms med=3.64ms max=76.31ms p(90)=7.5ms  p(95)=12.69ms
    iterations.....................: 69573  4635.998576/s
    vus............................: 22     min=15         max=113 
    vus_max........................: 4639   min=4639       max=4639

    NETWORK
    data_received..................: 16 MB  1.1 MB/s
    data_sent......................: 7.0 MB 464 kB/s




running (15.0s), 00000/04639 VUs, 69569 complete and 20 interrupted iterations
default ✓ [ 100% ] 00020/04639 VUs  15s  4639.00 iters/s
