
         /\      Grafana   /‾‾/  
    /\  /  \     |\  __   /  /   
   /  \/    \    | |/ /  /   ‾‾\ 
  /          \   |   (  |  (‾)  |
 / __________ \  |_|\_\  \_____/ 

     execution: local
        script: workflow/response/k6_open_client.js
        output: -

     scenarios: (100.00%) 1 scenario, 100000 max VUs, 15s max duration (incl. graceful stop):
              * default: 703.00 iterations/s for 15s (maxVUs: 703-100000)


running (01.0s), 000025/000703 VUs, 656 complete and 0 interrupted iterations
default   [   6% ] 000025/000703 VUs  01.0s/15s  703.00 iters/s

running (02.0s), 000027/000703 VUs, 1358 complete and 0 interrupted iterations
default   [  13% ] 000027/000703 VUs  02.0s/15s  703.00 iters/s

running (03.0s), 000016/000703 VUs, 2072 complete and 0 interrupted iterations
default   [  20% ] 000016/000703 VUs  03.0s/15s  703.00 iters/s

running (04.0s), 000024/000703 VUs, 2766 complete and 0 interrupted iterations
default   [  26% ] 000024/000703 VUs  04.0s/15s  703.00 iters/s

running (05.0s), 000020/000703 VUs, 3473 complete and 0 interrupted iterations
default   [  33% ] 000020/000703 VUs  05.0s/15s  703.00 iters/s

running (06.0s), 000021/000703 VUs, 4176 complete and 0 interrupted iterations
default   [  40% ] 000021/000703 VUs  06.0s/15s  703.00 iters/s

running (07.0s), 000009/000703 VUs, 4890 complete and 0 interrupted iterations
default   [  46% ] 000009/000703 VUs  07.0s/15s  703.00 iters/s

running (08.0s), 000019/000703 VUs, 5583 complete and 0 interrupted iterations
default   [  53% ] 000019/000703 VUs  08.0s/15s  703.00 iters/s

running (09.0s), 000009/000703 VUs, 6297 complete and 0 interrupted iterations
default   [  60% ] 000009/000703 VUs  09.0s/15s  703.00 iters/s

running (10.0s), 000018/000703 VUs, 6990 complete and 0 interrupted iterations
default   [  66% ] 000018/000703 VUs  10.0s/15s  703.00 iters/s

running (11.0s), 000012/000703 VUs, 7699 complete and 0 interrupted iterations
default   [  73% ] 000012/000703 VUs  11.0s/15s  703.00 iters/s

running (12.0s), 000023/000703 VUs, 8391 complete and 0 interrupted iterations
default   [  80% ] 000023/000703 VUs  12.0s/15s  703.00 iters/s

running (13.0s), 000026/000703 VUs, 9091 complete and 0 interrupted iterations
default   [  86% ] 000026/000703 VUs  13.0s/15s  703.00 iters/s

running (14.0s), 000015/000703 VUs, 9805 complete and 0 interrupted iterations
default   [  93% ] 000015/000703 VUs  14.0s/15s  703.00 iters/s

running (15.0s), 000027/000703 VUs, 10497 complete and 0 interrupted iterations
default   [ 100% ] 000027/000703 VUs  15.0s/15s  703.00 iters/s


  █ TOTAL RESULTS 

    HTTP
    http_req_duration..............: avg=25.63ms min=8.9ms  med=25.47ms max=102.36ms p(90)=37.2ms p(95)=38.62ms
      { expected_response:true }...: avg=25.63ms min=8.9ms  med=25.47ms max=102.36ms p(90)=37.2ms p(95)=38.62ms
    http_req_failed................: 0.00%  0 out of 10520
    http_reqs......................: 10520  701.272027/s

    EXECUTION
    iteration_duration.............: avg=25.72ms min=8.97ms med=25.56ms max=102.43ms p(90)=37.3ms p(95)=38.69ms
    iterations.....................: 10520  701.272027/s
    vus............................: 26     min=8          max=28 
    vus_max........................: 703    min=703        max=703

    NETWORK
    data_received..................: 2.1 MB 142 kB/s
    data_sent......................: 2.1 MB 138 kB/s




running (15.0s), 000000/000703 VUs, 10520 complete and 25 interrupted iterations
default ✓ [ 100% ] 000025/000703 VUs  15s  703.00 iters/s
