
         /\      Grafana   /‾‾/  
    /\  /  \     |\  __   /  /   
   /  \/    \    | |/ /  /   ‾‾\ 
  /          \   |   (  |  (‾)  |
 / __________ \  |_|\_\  \_____/ 

     execution: local
        script: workflow/spin/k6_open_client.js
        output: -

     scenarios: (100.00%) 1 scenario, 10000 max VUs, 15s max duration (incl. graceful stop):
              * default: 600.00 iterations/s for 15s (maxVUs: 600-10000)


running (01.0s), 00013/00600 VUs, 569 complete and 0 interrupted iterations
default   [   6% ] 00013/00600 VUs  01.0s/15s  600.00 iters/s

running (02.0s), 00016/00600 VUs, 1167 complete and 0 interrupted iterations
default   [  13% ] 00016/00600 VUs  02.0s/15s  600.00 iters/s

running (03.0s), 00015/00600 VUs, 1768 complete and 0 interrupted iterations
default   [  20% ] 00015/00600 VUs  03.0s/15s  600.00 iters/s

running (04.0s), 00020/00600 VUs, 2363 complete and 0 interrupted iterations
default   [  26% ] 00020/00600 VUs  04.0s/15s  600.00 iters/s

running (05.0s), 00022/00600 VUs, 2961 complete and 0 interrupted iterations
default   [  33% ] 00022/00600 VUs  05.0s/15s  600.00 iters/s

running (06.0s), 00024/00600 VUs, 3559 complete and 0 interrupted iterations
default   [  40% ] 00024/00600 VUs  06.0s/15s  600.00 iters/s

running (07.0s), 00027/00600 VUs, 4155 complete and 0 interrupted iterations
default   [  46% ] 00027/00600 VUs  07.0s/15s  600.00 iters/s

running (08.0s), 00030/00600 VUs, 4753 complete and 0 interrupted iterations
default   [  53% ] 00030/00600 VUs  08.0s/15s  600.00 iters/s

running (09.0s), 00030/00600 VUs, 5352 complete and 0 interrupted iterations
default   [  60% ] 00030/00600 VUs  09.0s/15s  600.00 iters/s

running (10.0s), 00032/00600 VUs, 5951 complete and 0 interrupted iterations
default   [  66% ] 00032/00600 VUs  10.0s/15s  600.00 iters/s

running (11.0s), 00040/00600 VUs, 6543 complete and 0 interrupted iterations
default   [  73% ] 00040/00600 VUs  11.0s/15s  600.00 iters/s

running (12.0s), 00026/00600 VUs, 7157 complete and 0 interrupted iterations
default   [  80% ] 00026/00600 VUs  12.0s/15s  600.00 iters/s

running (13.0s), 00022/00600 VUs, 7761 complete and 0 interrupted iterations
default   [  86% ] 00022/00600 VUs  13.0s/15s  600.00 iters/s

running (14.0s), 00012/00600 VUs, 8371 complete and 0 interrupted iterations
default   [  93% ] 00012/00600 VUs  14.0s/15s  600.00 iters/s

running (15.0s), 00013/00600 VUs, 8970 complete and 0 interrupted iterations
default   [ 100% ] 00013/00600 VUs  15.0s/15s  600.00 iters/s


  █ TOTAL RESULTS 

    HTTP
    http_req_duration..............: avg=41.22ms min=14.79ms med=41.2ms  max=73.57ms p(90)=60.7ms  p(95)=63.11ms
      { expected_response:true }...: avg=41.22ms min=14.79ms med=41.2ms  max=73.57ms p(90)=60.7ms  p(95)=63.11ms
    http_req_failed................: 0.00%  0 out of 8970
    http_reqs......................: 8970   597.946197/s

    EXECUTION
    iteration_duration.............: avg=41.31ms min=14.87ms med=41.31ms max=73.68ms p(90)=60.78ms p(95)=63.19ms
    iterations.....................: 8970   597.946197/s
    vus............................: 12     min=12        max=39 
    vus_max........................: 600    min=600       max=600

    NETWORK
    data_received..................: 1.8 MB 121 kB/s
    data_sent......................: 1.7 MB 115 kB/s




running (15.0s), 00000/00600 VUs, 8970 complete and 31 interrupted iterations
default ✓ [ 100% ] 00031/00600 VUs  15s  600.00 iters/s
