
         /\      Grafana   /‾‾/  
    /\  /  \     |\  __   /  /   
   /  \/    \    | |/ /  /   ‾‾\ 
  /          \   |   (  |  (‾)  |
 / __________ \  |_|\_\  \_____/ 

     execution: local
        script: workflow/hotel/k6_open_hotels_client.js
        output: -

     scenarios: (100.00%) 1 scenario, 10000 max VUs, 15s max duration (incl. graceful stop):
              * default: 4026.00 iterations/s for 15s (maxVUs: 4026-10000)


running (00.9s), 00469/04026 VUs, 2994 complete and 0 interrupted iterations
default   [   6% ] 00469/04026 VUs  00.9s/15s  4026.00 iters/s

running (01.9s), 00594/04026 VUs, 6895 complete and 0 interrupted iterations
default   [  12% ] 00594/04026 VUs  01.9s/15s  4026.00 iters/s

running (02.9s), 00622/04026 VUs, 10893 complete and 0 interrupted iterations
default   [  19% ] 00622/04026 VUs  02.9s/15s  4026.00 iters/s

running (03.9s), 00541/04026 VUs, 15000 complete and 0 interrupted iterations
default   [  26% ] 00541/04026 VUs  03.9s/15s  4026.00 iters/s

running (04.9s), 00655/04026 VUs, 18912 complete and 0 interrupted iterations
default   [  32% ] 00655/04026 VUs  04.9s/15s  4026.00 iters/s

running (05.9s), 00492/04026 VUs, 23103 complete and 0 interrupted iterations
default   [  39% ] 00492/04026 VUs  05.9s/15s  4026.00 iters/s

running (06.9s), 00446/04026 VUs, 27171 complete and 0 interrupted iterations
default   [  46% ] 00447/04026 VUs  06.9s/15s  4026.00 iters/s

running (07.9s), 00338/04026 VUs, 31306 complete and 0 interrupted iterations
default   [  52% ] 00338/04026 VUs  07.9s/15s  4026.00 iters/s

running (08.9s), 00272/04026 VUs, 35402 complete and 0 interrupted iterations
default   [  59% ] 00272/04026 VUs  08.9s/15s  4026.00 iters/s

running (09.9s), 00291/04026 VUs, 39406 complete and 0 interrupted iterations
default   [  66% ] 00291/04026 VUs  09.9s/15s  4026.00 iters/s

running (10.9s), 00408/04026 VUs, 43314 complete and 0 interrupted iterations
default   [  72% ] 00408/04026 VUs  10.9s/15s  4026.00 iters/s

running (11.9s), 00472/04026 VUs, 47277 complete and 0 interrupted iterations
default   [  79% ] 00472/04026 VUs  11.9s/15s  4026.00 iters/s

running (12.9s), 00220/04026 VUs, 51558 complete and 0 interrupted iterations
default   [  86% ] 00220/04026 VUs  12.9s/15s  4026.00 iters/s

running (13.9s), 00263/04026 VUs, 55538 complete and 0 interrupted iterations
default   [  92% ] 00263/04026 VUs  13.9s/15s  4026.00 iters/s

running (14.9s), 00266/04026 VUs, 59561 complete and 0 interrupted iterations
default   [  99% ] 00266/04026 VUs  14.9s/15s  4026.00 iters/s


  █ TOTAL RESULTS 

    HTTP
    http_req_duration..............: avg=105.21ms min=47.89ms med=110.14ms max=192.45ms p(90)=151.24ms p(95)=157.41ms
      { expected_response:true }...: avg=105.21ms min=47.89ms med=110.14ms max=192.45ms p(90)=151.24ms p(95)=157.41ms
    http_req_failed................: 0.00% 0 out of 60096
    http_reqs......................: 60096 4004.759493/s

    EXECUTION
    iteration_duration.............: avg=105.35ms min=48ms    med=110.29ms max=192.55ms p(90)=151.35ms p(95)=157.53ms
    iterations.....................: 60096 4004.759493/s
    vus............................: 266   min=220        max=655 
    vus_max........................: 4026  min=4026       max=4026

    NETWORK
    data_received..................: 17 MB 1.1 MB/s
    data_sent......................: 20 MB 1.3 MB/s




running (15.0s), 00000/04026 VUs, 60095 complete and 296 interrupted iterations
default ✓ [ 100% ] 00296/04026 VUs  15s  4026.00 iters/s
