
         /\      Grafana   /‾‾/  
    /\  /  \     |\  __   /  /   
   /  \/    \    | |/ /  /   ‾‾\ 
  /          \   |   (  |  (‾)  |
 / __________ \  |_|\_\  \_____/ 

     execution: local
        script: workflow/spin/k6_open_client.js
        output: -

     scenarios: (100.00%) 1 scenario, 10000 max VUs, 15s max duration (incl. graceful stop):
              * default: 2300.00 iterations/s for 15s (maxVUs: 2300-10000)


running (00.9s), 00167/02300 VUs, 1948 complete and 0 interrupted iterations
default   [   6% ] 00168/02300 VUs  00.9s/15s  2300.00 iters/s

running (01.9s), 00196/02300 VUs, 4221 complete and 0 interrupted iterations
default   [  13% ] 00196/02300 VUs  01.9s/15s  2300.00 iters/s

running (02.9s), 00128/02300 VUs, 6588 complete and 0 interrupted iterations
default   [  19% ] 00128/02300 VUs  02.9s/15s  2300.00 iters/s

running (03.9s), 00200/02300 VUs, 8816 complete and 0 interrupted iterations
default   [  26% ] 00200/02300 VUs  03.9s/15s  2300.00 iters/s

running (04.9s), 00099/02300 VUs, 11218 complete and 0 interrupted iterations
default   [  33% ] 00099/02300 VUs  04.9s/15s  2300.00 iters/s

running (05.9s), 00140/02300 VUs, 13476 complete and 0 interrupted iterations
default   [  39% ] 00140/02300 VUs  05.9s/15s  2300.00 iters/s

running (06.9s), 00121/02300 VUs, 15795 complete and 0 interrupted iterations
default   [  46% ] 00121/02300 VUs  06.9s/15s  2300.00 iters/s

running (07.9s), 00133/02300 VUs, 18083 complete and 0 interrupted iterations
default   [  53% ] 00133/02300 VUs  07.9s/15s  2300.00 iters/s

running (08.9s), 00119/02300 VUs, 20397 complete and 0 interrupted iterations
default   [  59% ] 00119/02300 VUs  08.9s/15s  2300.00 iters/s

running (09.9s), 00117/02300 VUs, 22699 complete and 0 interrupted iterations
default   [  66% ] 00117/02300 VUs  09.9s/15s  2300.00 iters/s

running (10.9s), 00141/02300 VUs, 24975 complete and 0 interrupted iterations
default   [  73% ] 00141/02300 VUs  10.9s/15s  2300.00 iters/s

running (11.9s), 00187/02300 VUs, 27230 complete and 0 interrupted iterations
default   [  79% ] 00187/02300 VUs  11.9s/15s  2300.00 iters/s

running (12.9s), 00107/02300 VUs, 29607 complete and 0 interrupted iterations
default   [  86% ] 00107/02300 VUs  12.9s/15s  2300.00 iters/s

running (13.9s), 00130/02300 VUs, 31887 complete and 0 interrupted iterations
default   [  93% ] 00130/02300 VUs  13.9s/15s  2300.00 iters/s

running (14.9s), 00195/02300 VUs, 34121 complete and 0 interrupted iterations
default   [  99% ] 00195/02300 VUs  14.9s/15s  2300.00 iters/s


  █ TOTAL RESULTS 

    HTTP
    http_req_duration..............: avg=66.4ms  min=38.24ms med=66.24ms max=110.3ms  p(90)=83.39ms p(95)=86.82ms
      { expected_response:true }...: avg=66.4ms  min=38.24ms med=66.24ms max=110.3ms  p(90)=83.39ms p(95)=86.82ms
    http_req_failed................: 0.00%  0 out of 34355
    http_reqs......................: 34355  2289.779116/s

    EXECUTION
    iteration_duration.............: avg=66.49ms min=38.3ms  med=66.33ms max=110.45ms p(90)=83.47ms p(95)=86.9ms 
    iterations.....................: 34355  2289.779116/s
    vus............................: 194    min=99         max=199 
    vus_max........................: 2300   min=2300       max=2300

    NETWORK
    data_received..................: 7.0 MB 465 kB/s
    data_sent......................: 6.6 MB 441 kB/s




running (15.0s), 00000/02300 VUs, 34355 complete and 146 interrupted iterations
default ✓ [ 100% ] 00146/02300 VUs  15s  2300.00 iters/s
