
         /\      Grafana   /‾‾/  
    /\  /  \     |\  __   /  /   
   /  \/    \    | |/ /  /   ‾‾\ 
  /          \   |   (  |  (‾)  |
 / __________ \  |_|\_\  \_____/ 

     execution: local
        script: workflow/media/k6_open_review_compose.js
        output: -

     scenarios: (100.00%) 1 scenario, 10000 max VUs, 10s max duration (incl. graceful stop):
              * default: 202.00 iterations/s for 10s (maxVUs: 202-10000)


running (01.0s), 00002/00202 VUs, 198 complete and 0 interrupted iterations
default   [  10% ] 00002/00202 VUs  01.0s/10s  202.00 iters/s

running (02.0s), 00002/00202 VUs, 400 complete and 0 interrupted iterations
default   [  20% ] 00002/00202 VUs  02.0s/10s  202.00 iters/s

running (03.0s), 00002/00202 VUs, 602 complete and 0 interrupted iterations
default   [  30% ] 00002/00202 VUs  03.0s/10s  202.00 iters/s

running (04.0s), 00002/00202 VUs, 804 complete and 0 interrupted iterations
default   [  40% ] 00002/00202 VUs  04.0s/10s  202.00 iters/s

running (05.0s), 00002/00202 VUs, 1006 complete and 0 interrupted iterations
default   [  50% ] 00002/00202 VUs  05.0s/10s  202.00 iters/s

running (06.0s), 00001/00202 VUs, 1208 complete and 0 interrupted iterations
default   [  60% ] 00001/00202 VUs  06.0s/10s  202.00 iters/s

running (07.0s), 00002/00202 VUs, 1410 complete and 0 interrupted iterations
default   [  70% ] 00002/00202 VUs  07.0s/10s  202.00 iters/s

running (08.0s), 00002/00202 VUs, 1612 complete and 0 interrupted iterations
default   [  80% ] 00002/00202 VUs  08.0s/10s  202.00 iters/s

running (09.0s), 00002/00202 VUs, 1814 complete and 0 interrupted iterations
default   [  90% ] 00002/00202 VUs  09.0s/10s  202.00 iters/s

running (10.0s), 00002/00202 VUs, 2016 complete and 0 interrupted iterations
default   [ 100% ] 00002/00202 VUs  10.0s/10s  202.00 iters/s


  █ TOTAL RESULTS 

    HTTP
    http_req_duration..............: avg=5.44ms min=3.7ms  med=5.16ms max=14.83ms p(90)=6.43ms p(95)=7.85ms
      { expected_response:true }...: avg=5.44ms min=3.7ms  med=5.16ms max=14.83ms p(90)=6.43ms p(95)=7.85ms
    http_req_failed................: 0.00%  0 out of 2019
    http_reqs......................: 2019   201.885805/s

    EXECUTION
    iteration_duration.............: avg=5.59ms min=3.84ms med=5.31ms max=14.96ms p(90)=6.59ms p(95)=7.98ms
    iterations.....................: 2019   201.885805/s
    vus............................: 2      min=1         max=2  
    vus_max........................: 202    min=202       max=202

    NETWORK
    data_received..................: 463 kB 46 kB/s
    data_sent......................: 1.1 MB 112 kB/s




running (10.0s), 00000/00202 VUs, 2019 complete and 2 interrupted iterations
default ✓ [ 100% ] 00002/00202 VUs  10s  202.00 iters/s
