
         /\      Grafana   /‾‾/  
    /\  /  \     |\  __   /  /   
   /  \/    \    | |/ /  /   ‾‾\ 
  /          \   |   (  |  (‾)  |
 / __________ \  |_|\_\  \_____/ 

     execution: local
        script: workflow/online_boutique/k6_open_view_cart.js
        output: -

     scenarios: (100.00%) 1 scenario, 10000 max VUs, 15s max duration (incl. graceful stop):
              * default: 73.00 iterations/s for 15s (maxVUs: 73-10000)


running (01.0s), 00003/00073 VUs, 70 complete and 0 interrupted iterations
default   [   7% ] 00003/00073 VUs  01.0s/15s  73.00 iters/s

running (02.0s), 00003/00073 VUs, 143 complete and 0 interrupted iterations
default   [  13% ] 00003/00073 VUs  02.0s/15s  73.00 iters/s

running (03.0s), 00002/00073 VUs, 217 complete and 0 interrupted iterations
default   [  20% ] 00002/00073 VUs  03.0s/15s  73.00 iters/s

running (04.0s), 00001/00073 VUs, 291 complete and 0 interrupted iterations
default   [  27% ] 00001/00073 VUs  04.0s/15s  73.00 iters/s

running (05.0s), 00002/00073 VUs, 363 complete and 0 interrupted iterations
default   [  33% ] 00002/00073 VUs  05.0s/15s  73.00 iters/s

running (06.0s), 00001/00073 VUs, 437 complete and 0 interrupted iterations
default   [  40% ] 00001/00073 VUs  06.0s/15s  73.00 iters/s

running (07.0s), 00001/00073 VUs, 510 complete and 0 interrupted iterations
default   [  47% ] 00001/00073 VUs  07.0s/15s  73.00 iters/s

running (08.0s), 00002/00073 VUs, 582 complete and 0 interrupted iterations
default   [  53% ] 00002/00073 VUs  08.0s/15s  73.00 iters/s

running (09.0s), 00001/00073 VUs, 656 complete and 0 interrupted iterations
default   [  60% ] 00001/00073 VUs  09.0s/15s  73.00 iters/s

running (10.0s), 00002/00073 VUs, 728 complete and 0 interrupted iterations
default   [  67% ] 00002/00073 VUs  10.0s/15s  73.00 iters/s

running (11.0s), 00002/00073 VUs, 801 complete and 0 interrupted iterations
default   [  73% ] 00002/00073 VUs  11.0s/15s  73.00 iters/s

running (12.0s), 00001/00073 VUs, 875 complete and 0 interrupted iterations
default   [  80% ] 00001/00073 VUs  12.0s/15s  73.00 iters/s

running (13.0s), 00002/00073 VUs, 947 complete and 0 interrupted iterations
default   [  87% ] 00002/00073 VUs  13.0s/15s  73.00 iters/s

running (14.0s), 00002/00073 VUs, 1020 complete and 0 interrupted iterations
default   [  93% ] 00002/00073 VUs  14.0s/15s  73.00 iters/s

running (15.0s), 00002/00073 VUs, 1093 complete and 0 interrupted iterations
default   [ 100% ] 00002/00073 VUs  15.0s/15s  73.00 iters/s


  █ TOTAL RESULTS 

    CUSTOM
    online_boutique_application_errors...: 0.00%  0 out of 1094

    HTTP
    http_req_duration....................: avg=21.49ms min=13.5ms  med=20.4ms max=38.02ms p(90)=30.13ms p(95)=32ms   
      { expected_response:true }.........: avg=21.49ms min=13.5ms  med=20.4ms max=38.02ms p(90)=30.13ms p(95)=32ms   
    http_req_failed......................: 0.00%  0 out of 1094
    http_reqs............................: 1094   72.931026/s

    EXECUTION
    iteration_duration...................: avg=21.77ms min=13.68ms med=20.7ms max=38.51ms p(90)=30.44ms p(95)=32.24ms
    iterations...........................: 1094   72.931026/s
    vus..................................: 2      min=1         max=3 
    vus_max..............................: 73     min=73        max=73

    NETWORK
    data_received........................: 2.1 MB 142 kB/s
    data_sent............................: 263 kB 18 kB/s




running (15.0s), 00000/00073 VUs, 1094 complete and 2 interrupted iterations
default ✓ [ 100% ] 00002/00073 VUs  15s  73.00 iters/s
