
         /\      Grafana   /‾‾/  
    /\  /  \     |\  __   /  /   
   /  \/    \    | |/ /  /   ‾‾\ 
  /          \   |   (  |  (‾)  |
 / __________ \  |_|\_\  \_____/ 

     execution: local
        script: workflow/spin/k6_open_client.js
        output: -

     scenarios: (100.00%) 1 scenario, 10000 max VUs, 15s max duration (incl. graceful stop):
              * default: 1329.00 iterations/s for 15s (maxVUs: 1329-10000)


running (00.9s), 00422/01329 VUs, 836 complete and 0 interrupted iterations
default   [   6% ] 00422/01329 VUs  00.9s/15s  1329.00 iters/s

running (01.9s), 00502/01329 VUs, 2084 complete and 0 interrupted iterations
default   [  13% ] 00504/01329 VUs  01.9s/15s  1329.00 iters/s

running (02.9s), 00587/01329 VUs, 3329 complete and 0 interrupted iterations
default   [  20% ] 00587/01329 VUs  02.9s/15s  1329.00 iters/s

running (03.9s), 00671/01329 VUs, 4573 complete and 0 interrupted iterations
default   [  26% ] 00672/01329 VUs  03.9s/15s  1329.00 iters/s

running (04.9s), 00469/01329 VUs, 6105 complete and 0 interrupted iterations
default   [  33% ] 00468/01329 VUs  04.9s/15s  1329.00 iters/s

running (05.9s), 00457/01329 VUs, 7447 complete and 0 interrupted iterations
default   [  40% ] 00457/01329 VUs  05.9s/15s  1329.00 iters/s

running (06.9s), 00542/01329 VUs, 8690 complete and 0 interrupted iterations
default   [  46% ] 00543/01329 VUs  06.9s/15s  1329.00 iters/s

running (07.9s), 00633/01329 VUs, 9929 complete and 0 interrupted iterations
default   [  53% ] 00633/01329 VUs  07.9s/15s  1329.00 iters/s

running (08.9s), 00717/01329 VUs, 11173 complete and 0 interrupted iterations
default   [  60% ] 00717/01329 VUs  08.9s/15s  1329.00 iters/s

running (09.9s), 00388/01329 VUs, 12832 complete and 0 interrupted iterations
default   [  66% ] 00388/01329 VUs  09.9s/15s  1329.00 iters/s

running (10.9s), 00461/01329 VUs, 14086 complete and 0 interrupted iterations
default   [  73% ] 00461/01329 VUs  10.9s/15s  1329.00 iters/s

running (11.9s), 00544/01329 VUs, 15332 complete and 0 interrupted iterations
default   [  80% ] 00545/01329 VUs  11.9s/15s  1329.00 iters/s

running (12.9s), 00642/01329 VUs, 16565 complete and 0 interrupted iterations
default   [  86% ] 00642/01329 VUs  12.9s/15s  1329.00 iters/s

running (13.9s), 00697/01329 VUs, 17838 complete and 0 interrupted iterations
default   [  93% ] 00697/01329 VUs  13.9s/15s  1329.00 iters/s

running (14.9s), 00422/01329 VUs, 19442 complete and 0 interrupted iterations
default   [ 100% ] 00422/01329 VUs  14.9s/15s  1329.00 iters/s


  █ TOTAL RESULTS 

    HTTP
    http_req_duration..............: avg=417.11ms min=270.96ms med=417.15ms max=566.27ms p(90)=525.04ms p(95)=538.69ms
      { expected_response:true }...: avg=417.11ms min=270.96ms med=417.15ms max=566.27ms p(90)=525.04ms p(95)=538.69ms
    http_req_failed................: 0.00%  0 out of 19442
    http_reqs......................: 19442  1295.781658/s

    EXECUTION
    iteration_duration.............: avg=417.2ms  min=271.03ms med=417.24ms max=566.36ms p(90)=525.19ms p(95)=538.77ms
    iterations.....................: 19442  1295.781658/s
    vus............................: 423    min=388        max=716 
    vus_max........................: 1329   min=1329       max=1329

    NETWORK
    data_received..................: 3.9 MB 263 kB/s
    data_sent......................: 3.8 MB 255 kB/s




running (15.0s), 00000/01329 VUs, 19442 complete and 494 interrupted iterations
default ✓ [ 100% ] 00494/01329 VUs  15s  1329.00 iters/s
