
         /\      Grafana   /‾‾/  
    /\  /  \     |\  __   /  /   
   /  \/    \    | |/ /  /   ‾‾\ 
  /          \   |   (  |  (‾)  |
 / __________ \  |_|\_\  \_____/ 

     execution: local
        script: workflow/response/k6_open_client.js
        output: -

     scenarios: (100.00%) 1 scenario, 100000 max VUs, 15s max duration (incl. graceful stop):
              * default: 731.00 iterations/s for 15s (maxVUs: 731-100000)


running (01.0s), 000027/000731 VUs, 681 complete and 0 interrupted iterations
default   [   6% ] 000027/000731 VUs  01.0s/15s  731.00 iters/s

running (02.0s), 000027/000731 VUs, 1412 complete and 0 interrupted iterations
default   [  13% ] 000027/000731 VUs  02.0s/15s  731.00 iters/s

running (03.0s), 000052/000731 VUs, 2119 complete and 0 interrupted iterations
default   [  20% ] 000052/000731 VUs  03.0s/15s  731.00 iters/s

running (04.0s), 000030/000731 VUs, 2871 complete and 0 interrupted iterations
default   [  26% ] 000030/000731 VUs  04.0s/15s  731.00 iters/s

running (05.0s), 000028/000731 VUs, 3604 complete and 0 interrupted iterations
default   [  33% ] 000027/000731 VUs  05.0s/15s  731.00 iters/s

running (06.0s), 000009/000731 VUs, 4355 complete and 0 interrupted iterations
default   [  40% ] 000009/000731 VUs  06.0s/15s  731.00 iters/s

running (07.0s), 000008/000731 VUs, 5087 complete and 0 interrupted iterations
default   [  46% ] 000008/000731 VUs  07.0s/15s  731.00 iters/s

running (08.0s), 000012/000731 VUs, 5813 complete and 0 interrupted iterations
default   [  53% ] 000012/000731 VUs  08.0s/15s  731.00 iters/s

running (09.0s), 000015/000731 VUs, 6541 complete and 0 interrupted iterations
default   [  60% ] 000015/000731 VUs  09.0s/15s  731.00 iters/s

running (10.0s), 000029/000731 VUs, 7259 complete and 0 interrupted iterations
default   [  66% ] 000029/000731 VUs  10.0s/15s  731.00 iters/s

running (11.0s), 000029/000731 VUs, 7990 complete and 0 interrupted iterations
default   [  73% ] 000029/000731 VUs  11.0s/15s  731.00 iters/s

running (12.0s), 000030/000731 VUs, 8720 complete and 0 interrupted iterations
default   [  80% ] 000030/000731 VUs  12.0s/15s  731.00 iters/s

running (13.0s), 000032/000731 VUs, 9449 complete and 0 interrupted iterations
default   [  86% ] 000032/000731 VUs  13.0s/15s  731.00 iters/s

running (14.0s), 000012/000731 VUs, 10200 complete and 0 interrupted iterations
default   [  93% ] 000012/000731 VUs  14.0s/15s  731.00 iters/s

running (15.0s), 000011/000731 VUs, 10932 complete and 0 interrupted iterations
default   [ 100% ] 000011/000731 VUs  15.0s/15s  731.00 iters/s


  █ TOTAL RESULTS 

    HTTP
    http_req_duration..............: avg=32.84ms min=9.41ms med=30.21ms max=75.44ms p(90)=58.53ms p(95)=65.8ms 
      { expected_response:true }...: avg=32.84ms min=9.41ms med=30.21ms max=75.44ms p(90)=58.53ms p(95)=65.8ms 
    http_req_failed................: 0.00%  0 out of 10932
    http_reqs......................: 10932  728.694338/s

    EXECUTION
    iteration_duration.............: avg=32.93ms min=9.48ms med=30.3ms  max=75.51ms p(90)=58.67ms p(95)=65.89ms
    iterations.....................: 10932  728.694338/s
    vus............................: 11     min=8          max=51 
    vus_max........................: 731    min=731        max=731

    NETWORK
    data_received..................: 2.2 MB 147 kB/s
    data_sent......................: 2.1 MB 143 kB/s




running (15.0s), 000000/000731 VUs, 10932 complete and 33 interrupted iterations
default ✓ [ 100% ] 000033/000731 VUs  15s  731.00 iters/s
