
         /\      Grafana   /‾‾/  
    /\  /  \     |\  __   /  /   
   /  \/    \    | |/ /  /   ‾‾\ 
  /          \   |   (  |  (‾)  |
 / __________ \  |_|\_\  \_____/ 

     execution: local
        script: workflow/online_boutique/k6_open_product_page.js
        output: -

     scenarios: (100.00%) 1 scenario, 10000 max VUs, 15s max duration (incl. graceful stop):
              * default: 515.00 iterations/s for 15s (maxVUs: 515-10000)


running (01.0s), 00104/00515 VUs, 395 complete and 0 interrupted iterations
default   [   6% ] 00104/00515 VUs  01.0s/15s  515.00 iters/s

running (02.0s), 00151/00515 VUs, 864 complete and 0 interrupted iterations
default   [  13% ] 00151/00515 VUs  02.0s/15s  515.00 iters/s

running (03.0s), 00115/00515 VUs, 1414 complete and 0 interrupted iterations
default   [  20% ] 00115/00515 VUs  03.0s/15s  515.00 iters/s

running (04.0s), 00116/00515 VUs, 1928 complete and 0 interrupted iterations
default   [  26% ] 00116/00515 VUs  04.0s/15s  515.00 iters/s

running (05.0s), 00128/00515 VUs, 2432 complete and 0 interrupted iterations
default   [  33% ] 00128/00515 VUs  05.0s/15s  515.00 iters/s

running (06.0s), 00093/00515 VUs, 2981 complete and 0 interrupted iterations
default   [  40% ] 00093/00515 VUs  06.0s/15s  515.00 iters/s

running (07.0s), 00140/00515 VUs, 3450 complete and 0 interrupted iterations
default   [  46% ] 00140/00515 VUs  07.0s/15s  515.00 iters/s

running (08.0s), 00107/00515 VUs, 3998 complete and 0 interrupted iterations
default   [  53% ] 00107/00515 VUs  08.0s/15s  515.00 iters/s

running (09.0s), 00152/00515 VUs, 4467 complete and 0 interrupted iterations
default   [  60% ] 00152/00515 VUs  09.0s/15s  515.00 iters/s

running (10.0s), 00120/00515 VUs, 5015 complete and 0 interrupted iterations
default   [  66% ] 00120/00515 VUs  10.0s/15s  515.00 iters/s

running (11.0s), 00084/00515 VUs, 5565 complete and 0 interrupted iterations
default   [  73% ] 00084/00515 VUs  11.0s/15s  515.00 iters/s

running (12.0s), 00129/00515 VUs, 6035 complete and 0 interrupted iterations
default   [  80% ] 00129/00515 VUs  12.0s/15s  515.00 iters/s

running (13.0s), 00097/00515 VUs, 6583 complete and 0 interrupted iterations
default   [  86% ] 00097/00515 VUs  13.0s/15s  515.00 iters/s

running (14.0s), 00143/00515 VUs, 7052 complete and 0 interrupted iterations
default   [  93% ] 00143/00515 VUs  14.0s/15s  515.00 iters/s

running (15.0s), 00111/00515 VUs, 7599 complete and 0 interrupted iterations
default   [ 100% ] 00111/00515 VUs  15.0s/15s  515.00 iters/s


  █ TOTAL RESULTS 

    CUSTOM
    online_boutique_application_errors........: 0.00%  0 out of 7599
    online_boutique_recommendation_winner_1...: 3828   255.173143/s
    online_boutique_recommendation_winner_3...: 3771   251.373543/s

    HTTP
    http_req_duration.........................: avg=236.53ms min=149.55ms med=236.27ms max=323.71ms p(90)=291.44ms p(95)=299.18ms
      { expected_response:true }..............: avg=236.53ms min=149.55ms med=236.27ms max=323.71ms p(90)=291.44ms p(95)=299.18ms
    http_req_failed...........................: 0.00%  0 out of 7599
    http_reqs.................................: 7599   506.546687/s

    EXECUTION
    iteration_duration........................: avg=236.75ms min=149.74ms med=236.72ms max=324.08ms p(90)=291.66ms p(95)=299.38ms
    iterations................................: 7599   506.546687/s
    vus.......................................: 111    min=84        max=152
    vus_max...................................: 515    min=515       max=515

    NETWORK
    data_received.............................: 14 MB  911 kB/s
    data_sent.................................: 2.1 MB 143 kB/s




running (15.0s), 00000/00515 VUs, 7599 complete and 126 interrupted iterations
default ✓ [ 100% ] 00126/00515 VUs  15s  515.00 iters/s
