
         /\      Grafana   /‾‾/  
    /\  /  \     |\  __   /  /   
   /  \/    \    | |/ /  /   ‾‾\ 
  /          \   |   (  |  (‾)  |
 / __________ \  |_|\_\  \_____/ 

     execution: local
        script: workflow/spin/k6_open_client.js
        output: -

     scenarios: (100.00%) 1 scenario, 10000 max VUs, 15s max duration (incl. graceful stop):
              * default: 1876.00 iterations/s for 15s (maxVUs: 1876-10000)


running (00.9s), 00301/01876 VUs, 1448 complete and 0 interrupted iterations
default   [   6% ] 00301/01876 VUs  00.9s/15s  1876.00 iters/s

running (01.9s), 00246/01876 VUs, 3378 complete and 0 interrupted iterations
default   [  13% ] 00246/01876 VUs  01.9s/15s  1876.00 iters/s

running (02.9s), 00265/01876 VUs, 5236 complete and 0 interrupted iterations
default   [  20% ] 00265/01876 VUs  02.9s/15s  1876.00 iters/s

running (03.9s), 00339/01876 VUs, 7037 complete and 0 interrupted iterations
default   [  26% ] 00339/01876 VUs  03.9s/15s  1876.00 iters/s

running (04.9s), 00250/01876 VUs, 9003 complete and 0 interrupted iterations
default   [  33% ] 00250/01876 VUs  04.9s/15s  1876.00 iters/s

running (05.9s), 00319/01876 VUs, 10810 complete and 0 interrupted iterations
default   [  40% ] 00319/01876 VUs  05.9s/15s  1876.00 iters/s

running (06.9s), 00273/01876 VUs, 12731 complete and 0 interrupted iterations
default   [  46% ] 00274/01876 VUs  06.9s/15s  1876.00 iters/s

running (07.9s), 00296/01876 VUs, 14585 complete and 0 interrupted iterations
default   [  53% ] 00296/01876 VUs  07.9s/15s  1876.00 iters/s

running (08.9s), 00223/01876 VUs, 16533 complete and 0 interrupted iterations
default   [  60% ] 00223/01876 VUs  08.9s/15s  1876.00 iters/s

running (09.9s), 00284/01876 VUs, 18350 complete and 0 interrupted iterations
default   [  66% ] 00284/01876 VUs  09.9s/15s  1876.00 iters/s

running (10.9s), 00266/01876 VUs, 20242 complete and 0 interrupted iterations
default   [  73% ] 00266/01876 VUs  10.9s/15s  1876.00 iters/s

running (11.9s), 00287/01876 VUs, 22098 complete and 0 interrupted iterations
default   [  80% ] 00287/01876 VUs  11.9s/15s  1876.00 iters/s

running (12.9s), 00357/01876 VUs, 23903 complete and 0 interrupted iterations
default   [  86% ] 00357/01876 VUs  12.9s/15s  1876.00 iters/s

running (13.9s), 00251/01876 VUs, 25885 complete and 0 interrupted iterations
default   [  93% ] 00251/01876 VUs  13.9s/15s  1876.00 iters/s

running (14.9s), 00335/01876 VUs, 27677 complete and 0 interrupted iterations
default   [ 100% ] 00335/01876 VUs  14.9s/15s  1876.00 iters/s


  █ TOTAL RESULTS 

    HTTP
    http_req_duration..............: avg=147.11ms min=95.35ms med=146.99ms max=213.25ms p(90)=181.2ms  p(95)=186.03ms
      { expected_response:true }...: avg=147.11ms min=95.35ms med=146.99ms max=213.25ms p(90)=181.2ms  p(95)=186.03ms
    http_req_failed................: 0.00%  0 out of 27873
    http_reqs......................: 27873  1857.61844/s

    EXECUTION
    iteration_duration.............: avg=147.2ms  min=95.41ms med=147.07ms max=213.33ms p(90)=181.29ms p(95)=186.12ms
    iterations.....................: 27873  1857.61844/s
    vus............................: 334    min=222        max=357 
    vus_max........................: 1876   min=1876       max=1876

    NETWORK
    data_received..................: 5.7 MB 377 kB/s
    data_sent......................: 5.4 MB 360 kB/s




running (15.0s), 00000/01876 VUs, 27873 complete and 267 interrupted iterations
default ✓ [ 100% ] 00267/01876 VUs  15s  1876.00 iters/s
