
         /\      Grafana   /‾‾/  
    /\  /  \     |\  __   /  /   
   /  \/    \    | |/ /  /   ‾‾\ 
  /          \   |   (  |  (‾)  |
 / __________ \  |_|\_\  \_____/ 

     execution: local
        script: workflow/online_boutique/k6_open_checkout.js
        output: -

     scenarios: (100.00%) 1 scenario, 10000 max VUs, 15s max duration (incl. graceful stop):
              * default: 866.00 iterations/s for 15s (maxVUs: 866-10000)


running (01.0s), 00023/00866 VUs, 808 complete and 0 interrupted iterations
default   [   6% ] 00023/00866 VUs  01.0s/15s  866.00 iters/s

running (02.0s), 00019/00866 VUs, 1678 complete and 0 interrupted iterations
default   [  13% ] 00019/00866 VUs  02.0s/15s  866.00 iters/s

running (03.0s), 00019/00866 VUs, 2544 complete and 0 interrupted iterations
default   [  20% ] 00018/00866 VUs  03.0s/15s  866.00 iters/s

running (04.0s), 00019/00866 VUs, 3410 complete and 0 interrupted iterations
default   [  26% ] 00019/00866 VUs  04.0s/15s  866.00 iters/s

running (05.0s), 00028/00866 VUs, 4267 complete and 0 interrupted iterations
default   [  33% ] 00028/00866 VUs  05.0s/15s  866.00 iters/s

running (06.0s), 00020/00866 VUs, 5142 complete and 0 interrupted iterations
default   [  40% ] 00020/00866 VUs  06.0s/15s  866.00 iters/s

running (07.0s), 00016/00866 VUs, 6011 complete and 0 interrupted iterations
default   [  46% ] 00016/00866 VUs  07.0s/15s  866.00 iters/s

running (08.0s), 00020/00866 VUs, 6873 complete and 0 interrupted iterations
default   [  53% ] 00020/00866 VUs  08.0s/15s  866.00 iters/s

running (09.0s), 00016/00866 VUs, 7743 complete and 0 interrupted iterations
default   [  60% ] 00016/00866 VUs  09.0s/15s  866.00 iters/s

running (10.0s), 00037/00866 VUs, 8588 complete and 0 interrupted iterations
default   [  66% ] 00037/00866 VUs  10.0s/15s  866.00 iters/s

running (11.0s), 00024/00866 VUs, 9468 complete and 0 interrupted iterations
default   [  73% ] 00024/00866 VUs  11.0s/15s  866.00 iters/s

running (12.0s), 00019/00866 VUs, 10338 complete and 0 interrupted iterations
default   [  80% ] 00019/00866 VUs  12.0s/15s  866.00 iters/s

running (13.0s), 00018/00866 VUs, 11205 complete and 0 interrupted iterations
default   [  86% ] 00018/00866 VUs  13.0s/15s  866.00 iters/s

running (14.0s), 00028/00866 VUs, 12062 complete and 0 interrupted iterations
default   [  93% ] 00028/00866 VUs  14.0s/15s  866.00 iters/s

running (15.0s), 00018/00866 VUs, 12937 complete and 0 interrupted iterations
default   [ 100% ] 00018/00866 VUs  15.0s/15s  866.00 iters/s


  █ TOTAL RESULTS 

    CUSTOM
    online_boutique_application_errors...: 0.00%  0 out of 12973

    HTTP
    http_req_duration....................: avg=25.28ms min=12.39ms med=22.15ms max=87.88ms  p(90)=36.57ms p(95)=43.08ms
      { expected_response:true }.........: avg=25.28ms min=12.39ms med=22.15ms max=87.88ms  p(90)=36.57ms p(95)=43.08ms
    http_req_failed......................: 0.00%  0 out of 12973
    http_reqs............................: 12973  864.766601/s

    EXECUTION
    iteration_duration...................: avg=25.64ms min=12.58ms med=22.34ms max=122.23ms p(90)=36.98ms p(95)=43.59ms
    iterations...........................: 12973  864.766601/s
    vus..................................: 18     min=16         max=37 
    vus_max..............................: 866    min=866        max=866

    NETWORK
    data_received........................: 26 MB  1.7 MB/s
    data_sent............................: 7.2 MB 483 kB/s




running (15.0s), 00000/00866 VUs, 12972 complete and 19 interrupted iterations
default ✓ [ 100% ] 00019/00866 VUs  15s  866.00 iters/s
