
         /\      Grafana   /‾‾/  
    /\  /  \     |\  __   /  /   
   /  \/    \    | |/ /  /   ‾‾\ 
  /          \   |   (  |  (‾)  |
 / __________ \  |_|\_\  \_____/ 

     execution: local
        script: workflow/write/k6_open_client.js
        output: -

     scenarios: (100.00%) 1 scenario, 10000 max VUs, 15s max duration (incl. graceful stop):
              * default: 5550.00 iterations/s for 15s (maxVUs: 5550-10000)


running (00.8s), 00598/05550 VUs, 3968 complete and 0 interrupted iterations
default   [   5% ] 00598/05550 VUs  00.8s/15s  5550.00 iters/s

running (01.8s), 00912/05550 VUs, 9204 complete and 0 interrupted iterations
default   [  12% ] 00912/05550 VUs  01.8s/15s  5550.00 iters/s

running (02.8s), 00689/05550 VUs, 14976 complete and 0 interrupted iterations
default   [  19% ] 00689/05550 VUs  02.8s/15s  5550.00 iters/s

running (03.8s), 00236/05550 VUs, 20980 complete and 0 interrupted iterations
default   [  25% ] 00236/05550 VUs  03.8s/15s  5550.00 iters/s

running (04.8s), 00303/05550 VUs, 26462 complete and 0 interrupted iterations
default   [  32% ] 00303/05550 VUs  04.8s/15s  5550.00 iters/s

running (05.8s), 00280/05550 VUs, 32036 complete and 0 interrupted iterations
default   [  39% ] 00280/05550 VUs  05.8s/15s  5550.00 iters/s

running (06.8s), 00274/05550 VUs, 37592 complete and 0 interrupted iterations
default   [  45% ] 00274/05550 VUs  06.8s/15s  5550.00 iters/s

running (07.8s), 00229/05550 VUs, 43187 complete and 0 interrupted iterations
default   [  52% ] 00229/05550 VUs  07.8s/15s  5550.00 iters/s

running (08.8s), 00213/05550 VUs, 48753 complete and 0 interrupted iterations
default   [  59% ] 00213/05550 VUs  08.8s/15s  5550.00 iters/s

running (09.8s), 00248/05550 VUs, 54266 complete and 0 interrupted iterations
default   [  65% ] 00249/05550 VUs  09.8s/15s  5550.00 iters/s

running (10.8s), 00556/05550 VUs, 59514 complete and 0 interrupted iterations
default   [  72% ] 00556/05550 VUs  10.8s/15s  5550.00 iters/s

running (11.8s), 00381/05550 VUs, 65235 complete and 0 interrupted iterations
default   [  79% ] 00381/05550 VUs  11.8s/15s  5550.00 iters/s

running (12.8s), 00236/05550 VUs, 70930 complete and 0 interrupted iterations
default   [  85% ] 00236/05550 VUs  12.8s/15s  5550.00 iters/s

running (13.8s), 00237/05550 VUs, 76480 complete and 0 interrupted iterations
default   [  92% ] 00237/05550 VUs  13.8s/15s  5550.00 iters/s

running (14.8s), 00220/05550 VUs, 82042 complete and 0 interrupted iterations
default   [  99% ] 00220/05550 VUs  14.8s/15s  5550.00 iters/s


  █ TOTAL RESULTS 

    HTTP
    http_req_duration..............: avg=68.06ms min=33.9ms  med=48.77ms max=175.22ms p(90)=129.92ms p(95)=149.98ms
      { expected_response:true }...: avg=68.06ms min=33.9ms  med=48.77ms max=175.22ms p(90)=129.92ms p(95)=149.98ms
    http_req_failed................: 0.00%  0 out of 83051
    http_reqs......................: 83051  5533.578531/s

    EXECUTION
    iteration_duration.............: avg=68.16ms min=33.97ms med=48.85ms max=175.28ms p(90)=130.07ms p(95)=150.06ms
    iterations.....................: 83051  5533.578531/s
    vus............................: 220    min=213        max=912 
    vus_max........................: 5550   min=5550       max=5550

    NETWORK
    data_received..................: 17 MB  1.1 MB/s
    data_sent......................: 8.3 MB 555 kB/s




running (15.0s), 00000/05550 VUs, 83046 complete and 205 interrupted iterations
default ✓ [ 100% ] 00205/05550 VUs  15s  5550.00 iters/s
