
         /\      Grafana   /‾‾/  
    /\  /  \     |\  __   /  /   
   /  \/    \    | |/ /  /   ‾‾\ 
  /          \   |   (  |  (‾)  |
 / __________ \  |_|\_\  \_____/ 

     execution: local
        script: workflow/hotel/k6_open_recommendations_client.js
        output: -

     scenarios: (100.00%) 1 scenario, 10000 max VUs, 10s max duration (incl. graceful stop):
              * default: 447.00 iterations/s for 10s (maxVUs: 447-10000)


running (01.0s), 00005/00447 VUs, 431 complete and 0 interrupted iterations
default   [  10% ] 00005/00447 VUs  01.0s/10s  447.00 iters/s

running (02.0s), 00001/00447 VUs, 882 complete and 0 interrupted iterations
default   [  20% ] 00001/00447 VUs  02.0s/10s  447.00 iters/s

running (03.0s), 00001/00447 VUs, 1329 complete and 0 interrupted iterations
default   [  30% ] 00001/00447 VUs  03.0s/10s  447.00 iters/s

running (04.0s), 00003/00447 VUs, 1774 complete and 0 interrupted iterations
default   [  40% ] 00003/00447 VUs  04.0s/10s  447.00 iters/s

running (05.0s), 00001/00447 VUs, 2223 complete and 0 interrupted iterations
default   [  50% ] 00001/00447 VUs  05.0s/10s  447.00 iters/s

running (06.0s), 00002/00447 VUs, 2669 complete and 0 interrupted iterations
default   [  60% ] 00002/00447 VUs  06.0s/10s  447.00 iters/s

running (07.0s), 00001/00447 VUs, 3117 complete and 0 interrupted iterations
default   [  70% ] 00001/00447 VUs  07.0s/10s  447.00 iters/s

running (08.0s), 00001/00447 VUs, 3564 complete and 0 interrupted iterations
default   [  80% ] 00001/00447 VUs  08.0s/10s  447.00 iters/s

running (09.0s), 00001/00447 VUs, 4011 complete and 0 interrupted iterations
default   [  90% ] 00001/00447 VUs  09.0s/10s  447.00 iters/s

running (10.0s), 00004/00447 VUs, 4455 complete and 0 interrupted iterations
default   [ 100% ] 00004/00447 VUs  10.0s/10s  447.00 iters/s


  █ TOTAL RESULTS 

    HTTP
    http_req_duration..............: avg=6.44ms min=2.66ms med=5.23ms max=24.48ms p(90)=11.84ms p(95)=14.01ms
      { expected_response:true }...: avg=6.44ms min=2.66ms med=5.23ms max=24.48ms p(90)=11.84ms p(95)=14.01ms
    http_req_failed................: 0.00%  0 out of 4468
    http_reqs......................: 4468   446.761779/s

    EXECUTION
    iteration_duration.............: avg=6.56ms min=2.74ms med=5.34ms max=24.6ms  p(90)=11.94ms p(95)=14.2ms 
    iterations.....................: 4468   446.761779/s
    vus............................: 4      min=1         max=5  
    vus_max........................: 447    min=447       max=447

    NETWORK
    data_received..................: 2.3 MB 226 kB/s
    data_sent......................: 1.3 MB 127 kB/s




running (10.0s), 00000/00447 VUs, 4467 complete and 4 interrupted iterations
default ✓ [ 100% ] 00004/00447 VUs  10s  447.00 iters/s
