
         /\      Grafana   /‾‾/  
    /\  /  \     |\  __   /  /   
   /  \/    \    | |/ /  /   ‾‾\ 
  /          \   |   (  |  (‾)  |
 / __________ \  |_|\_\  \_____/ 

     execution: local
        script: workflow/write/k6_open_client.js
        output: -

     scenarios: (100.00%) 1 scenario, 10000 max VUs, 15s max duration (incl. graceful stop):
              * default: 5625.00 iterations/s for 15s (maxVUs: 5625-10000)


running (00.8s), 00782/05625 VUs, 3780 complete and 0 interrupted iterations
default   [   6% ] 00782/05625 VUs  00.8s/15s  5625.00 iters/s

running (01.8s), 01136/05625 VUs, 9122 complete and 0 interrupted iterations
default   [  12% ] 01136/05625 VUs  01.8s/15s  5625.00 iters/s

running (02.8s), 01132/05625 VUs, 14751 complete and 0 interrupted iterations
default   [  19% ] 01132/05625 VUs  02.8s/15s  5625.00 iters/s

running (03.8s), 01181/05625 VUs, 20327 complete and 0 interrupted iterations
default   [  25% ] 01181/05625 VUs  03.8s/15s  5625.00 iters/s

running (04.8s), 01202/05625 VUs, 25931 complete and 0 interrupted iterations
default   [  32% ] 01202/05625 VUs  04.8s/15s  5625.00 iters/s

running (05.8s), 01142/05625 VUs, 31616 complete and 0 interrupted iterations
default   [  39% ] 01143/05625 VUs  05.8s/15s  5625.00 iters/s

running (06.8s), 01057/05625 VUs, 37326 complete and 0 interrupted iterations
default   [  45% ] 01057/05625 VUs  06.8s/15s  5625.00 iters/s

running (07.8s), 00931/05625 VUs, 43077 complete and 0 interrupted iterations
default   [  52% ] 00931/05625 VUs  07.8s/15s  5625.00 iters/s

running (08.8s), 01254/05625 VUs, 48382 complete and 0 interrupted iterations
default   [  59% ] 01254/05625 VUs  08.8s/15s  5625.00 iters/s

running (09.8s), 01282/05625 VUs, 53976 complete and 0 interrupted iterations
default   [  65% ] 01282/05625 VUs  09.8s/15s  5625.00 iters/s

running (10.8s), 01108/05625 VUs, 59774 complete and 0 interrupted iterations
default   [  72% ] 01109/05625 VUs  10.8s/15s  5625.00 iters/s

running (11.8s), 01108/05625 VUs, 65400 complete and 0 interrupted iterations
default   [  79% ] 01108/05625 VUs  11.8s/15s  5625.00 iters/s

running (12.8s), 00856/05625 VUs, 71277 complete and 0 interrupted iterations
default   [  85% ] 00856/05625 VUs  12.8s/15s  5625.00 iters/s

running (13.8s), 00807/05625 VUs, 76951 complete and 0 interrupted iterations
default   [  92% ] 00807/05625 VUs  13.8s/15s  5625.00 iters/s

running (14.8s), 00651/05625 VUs, 82732 complete and 0 interrupted iterations
default   [  99% ] 00651/05625 VUs  14.8s/15s  5625.00 iters/s


  █ TOTAL RESULTS 

    HTTP
    http_req_duration..............: avg=188.97ms min=41.08ms med=197.44ms max=311.42ms p(90)=223.15ms p(95)=228.89ms
      { expected_response:true }...: avg=188.97ms min=41.08ms med=197.44ms max=311.42ms p(90)=223.15ms p(95)=228.89ms
    http_req_failed................: 0.00%  0 out of 83813
    http_reqs......................: 83813  5583.065087/s

    EXECUTION
    iteration_duration.............: avg=189.39ms min=41.29ms med=197.54ms max=332.23ms p(90)=223.22ms p(95)=228.96ms
    iterations.....................: 83813  5583.065087/s
    vus............................: 650    min=650        max=1281
    vus_max........................: 5625   min=5625       max=5625

    NETWORK
    data_received..................: 17 MB  1.1 MB/s
    data_sent......................: 8.4 MB 562 kB/s




running (15.0s), 00000/05625 VUs, 83788 complete and 588 interrupted iterations
default ✓ [ 100% ] 00588/05625 VUs  15s  5625.00 iters/s
