
         /\      Grafana   /‾‾/  
    /\  /  \     |\  __   /  /   
   /  \/    \    | |/ /  /   ‾‾\ 
  /          \   |   (  |  (‾)  |
 / __________ \  |_|\_\  \_____/ 

     execution: local
        script: workflow/response/k6_open_client.js
        output: -

     scenarios: (100.00%) 1 scenario, 10000 max VUs, 15s max duration (incl. graceful stop):
              * default: 441.00 iterations/s for 15s (maxVUs: 441-10000)


running (01.0s), 00018/00441 VUs, 414 complete and 0 interrupted iterations
default   [   7% ] 00018/00441 VUs  01.0s/15s  441.00 iters/s

running (02.0s), 00019/00441 VUs, 854 complete and 0 interrupted iterations
default   [  13% ] 00019/00441 VUs  02.0s/15s  441.00 iters/s

running (03.0s), 00024/00441 VUs, 1290 complete and 0 interrupted iterations
default   [  20% ] 00024/00441 VUs  03.0s/15s  441.00 iters/s

running (04.0s), 00025/00441 VUs, 1729 complete and 0 interrupted iterations
default   [  27% ] 00025/00441 VUs  04.0s/15s  441.00 iters/s

running (05.0s), 00016/00441 VUs, 2180 complete and 0 interrupted iterations
default   [  33% ] 00015/00441 VUs  05.0s/15s  441.00 iters/s

running (06.0s), 00020/00441 VUs, 2617 complete and 0 interrupted iterations
default   [  40% ] 00020/00441 VUs  06.0s/15s  441.00 iters/s

running (07.0s), 00026/00441 VUs, 3052 complete and 0 interrupted iterations
default   [  47% ] 00026/00441 VUs  07.0s/15s  441.00 iters/s

running (08.0s), 00017/00441 VUs, 3501 complete and 0 interrupted iterations
default   [  53% ] 00017/00441 VUs  08.0s/15s  441.00 iters/s

running (09.0s), 00020/00441 VUs, 3940 complete and 0 interrupted iterations
default   [  60% ] 00020/00441 VUs  09.0s/15s  441.00 iters/s

running (10.0s), 00027/00441 VUs, 4374 complete and 0 interrupted iterations
default   [  67% ] 00027/00441 VUs  10.0s/15s  441.00 iters/s

running (11.0s), 00020/00441 VUs, 4822 complete and 0 interrupted iterations
default   [  73% ] 00020/00441 VUs  11.0s/15s  441.00 iters/s

running (12.0s), 00026/00441 VUs, 5257 complete and 0 interrupted iterations
default   [  80% ] 00026/00441 VUs  12.0s/15s  441.00 iters/s

running (13.0s), 00015/00441 VUs, 5709 complete and 0 interrupted iterations
default   [  87% ] 00015/00441 VUs  13.0s/15s  441.00 iters/s

running (14.0s), 00025/00441 VUs, 6140 complete and 0 interrupted iterations
default   [  93% ] 00025/00441 VUs  14.0s/15s  441.00 iters/s

running (15.0s), 00025/00441 VUs, 6581 complete and 0 interrupted iterations
default   [ 100% ] 00025/00441 VUs  15.0s/15s  441.00 iters/s


  █ TOTAL RESULTS 

    HTTP
    http_req_duration..............: avg=44.79ms min=25.7ms  med=44.71ms max=67.66ms p(90)=56.76ms p(95)=58.53ms
      { expected_response:true }...: avg=44.79ms min=25.7ms  med=44.71ms max=67.66ms p(90)=56.76ms p(95)=58.53ms
    http_req_failed................: 0.00%  0 out of 6594
    http_reqs......................: 6594   439.562772/s

    EXECUTION
    iteration_duration.............: avg=44.88ms min=25.77ms med=44.78ms max=68.15ms p(90)=56.86ms p(95)=58.61ms
    iterations.....................: 6594   439.562772/s
    vus............................: 24     min=15        max=27 
    vus_max........................: 441    min=441       max=441

    NETWORK
    data_received..................: 1.3 MB 88 kB/s
    data_sent......................: 1.3 MB 86 kB/s




running (15.0s), 00000/00441 VUs, 6594 complete and 21 interrupted iterations
default ✓ [ 100% ] 00021/00441 VUs  15s  441.00 iters/s
