
         /\      Grafana   /‾‾/  
    /\  /  \     |\  __   /  /   
   /  \/    \    | |/ /  /   ‾‾\ 
  /          \   |   (  |  (‾)  |
 / __________ \  |_|\_\  \_____/ 

     execution: local
        script: workflow/write/k6_open_client.js
        output: -

     scenarios: (100.00%) 1 scenario, 10000 max VUs, 15s max duration (incl. graceful stop):
              * default: 2186.00 iterations/s for 15s (maxVUs: 2186-10000)


running (00.9s), 00123/02186 VUs, 1907 complete and 0 interrupted iterations
default   [   6% ] 00123/02186 VUs  00.9s/15s  2186.00 iters/s

running (01.9s), 00117/02186 VUs, 4099 complete and 0 interrupted iterations
default   [  13% ] 00116/02186 VUs  01.9s/15s  2186.00 iters/s

running (02.9s), 00152/02186 VUs, 6250 complete and 0 interrupted iterations
default   [  20% ] 00152/02186 VUs  02.9s/15s  2186.00 iters/s

running (03.9s), 00109/02186 VUs, 8477 complete and 0 interrupted iterations
default   [  26% ] 00110/02186 VUs  03.9s/15s  2186.00 iters/s

running (04.9s), 00184/02186 VUs, 10588 complete and 0 interrupted iterations
default   [  33% ] 00184/02186 VUs  04.9s/15s  2186.00 iters/s

running (05.9s), 00114/02186 VUs, 12846 complete and 0 interrupted iterations
default   [  40% ] 00114/02186 VUs  05.9s/15s  2186.00 iters/s

running (06.9s), 00110/02186 VUs, 15036 complete and 0 interrupted iterations
default   [  46% ] 00110/02186 VUs  06.9s/15s  2186.00 iters/s

running (07.9s), 00170/02186 VUs, 17161 complete and 0 interrupted iterations
default   [  53% ] 00171/02186 VUs  07.9s/15s  2186.00 iters/s

running (08.9s), 00103/02186 VUs, 19417 complete and 0 interrupted iterations
default   [  60% ] 00103/02186 VUs  08.9s/15s  2186.00 iters/s

running (09.9s), 00089/02186 VUs, 21616 complete and 0 interrupted iterations
default   [  66% ] 00089/02186 VUs  09.9s/15s  2186.00 iters/s

running (10.9s), 00165/02186 VUs, 23725 complete and 0 interrupted iterations
default   [  73% ] 00165/02186 VUs  10.9s/15s  2186.00 iters/s

running (11.9s), 00155/02186 VUs, 25923 complete and 0 interrupted iterations
default   [  80% ] 00155/02186 VUs  11.9s/15s  2186.00 iters/s

running (12.9s), 00090/02186 VUs, 28173 complete and 0 interrupted iterations
default   [  86% ] 00090/02186 VUs  12.9s/15s  2186.00 iters/s

running (13.9s), 00086/02186 VUs, 30364 complete and 0 interrupted iterations
default   [  93% ] 00086/02186 VUs  13.9s/15s  2186.00 iters/s

running (14.9s), 00155/02186 VUs, 32477 complete and 0 interrupted iterations
default   [ 100% ] 00155/02186 VUs  14.9s/15s  2186.00 iters/s


  █ TOTAL RESULTS 

    HTTP
    http_req_duration..............: avg=56.88ms min=24.69ms med=52.11ms max=136.9ms  p(90)=83.85ms p(95)=94.92ms
      { expected_response:true }...: avg=56.88ms min=24.69ms med=52.11ms max=136.9ms  p(90)=83.85ms p(95)=94.92ms
    http_req_failed................: 0.00%  0 out of 32613
    http_reqs......................: 32613  2173.655886/s

    EXECUTION
    iteration_duration.............: avg=56.95ms min=24.83ms med=52.19ms max=136.95ms p(90)=83.95ms p(95)=94.98ms
    iterations.....................: 32613  2173.655886/s
    vus............................: 155    min=85         max=186 
    vus_max........................: 2186   min=2186       max=2186

    NETWORK
    data_received..................: 6.6 MB 441 kB/s
    data_sent......................: 3.3 MB 219 kB/s




running (15.0s), 00000/02186 VUs, 32613 complete and 178 interrupted iterations
default ✓ [ 100% ] 00178/02186 VUs  15s  2186.00 iters/s
