
         /\      Grafana   /‾‾/  
    /\  /  \     |\  __   /  /   
   /  \/    \    | |/ /  /   ‾‾\ 
  /          \   |   (  |  (‾)  |
 / __________ \  |_|\_\  \_____/ 

     execution: local
        script: workflow/spin/k6_open_client.js
        output: -

     scenarios: (100.00%) 1 scenario, 10000 max VUs, 15s max duration (incl. graceful stop):
              * default: 3709.00 iterations/s for 15s (maxVUs: 3709-10000)


running (00.9s), 00334/03709 VUs, 2943 complete and 0 interrupted iterations
default   [   6% ] 00334/03709 VUs  00.9s/15s  3709.00 iters/s

running (01.9s), 00219/03709 VUs, 6761 complete and 0 interrupted iterations
default   [  13% ] 00219/03709 VUs  01.9s/15s  3709.00 iters/s

running (02.9s), 00221/03709 VUs, 10468 complete and 0 interrupted iterations
default   [  19% ] 00221/03709 VUs  02.9s/15s  3709.00 iters/s

running (03.9s), 00192/03709 VUs, 14206 complete and 0 interrupted iterations
default   [  26% ] 00192/03709 VUs  03.9s/15s  3709.00 iters/s

running (04.9s), 00229/03709 VUs, 17877 complete and 0 interrupted iterations
default   [  33% ] 00229/03709 VUs  04.9s/15s  3709.00 iters/s

running (05.9s), 00249/03709 VUs, 21567 complete and 0 interrupted iterations
default   [  39% ] 00249/03709 VUs  05.9s/15s  3709.00 iters/s

running (06.9s), 00257/03709 VUs, 25268 complete and 0 interrupted iterations
default   [  46% ] 00257/03709 VUs  06.9s/15s  3709.00 iters/s

running (07.9s), 00205/03709 VUs, 29029 complete and 0 interrupted iterations
default   [  53% ] 00205/03709 VUs  07.9s/15s  3709.00 iters/s

running (08.9s), 00240/03709 VUs, 32703 complete and 0 interrupted iterations
default   [  59% ] 00240/03709 VUs  08.9s/15s  3709.00 iters/s

running (09.9s), 00231/03709 VUs, 36422 complete and 0 interrupted iterations
default   [  66% ] 00231/03709 VUs  09.9s/15s  3709.00 iters/s

running (10.9s), 00328/03709 VUs, 40033 complete and 0 interrupted iterations
default   [  73% ] 00328/03709 VUs  10.9s/15s  3709.00 iters/s

running (11.9s), 00384/03709 VUs, 43686 complete and 0 interrupted iterations
default   [  79% ] 00384/03709 VUs  11.9s/15s  3709.00 iters/s

running (12.9s), 00246/03709 VUs, 47533 complete and 0 interrupted iterations
default   [  86% ] 00246/03709 VUs  12.9s/15s  3709.00 iters/s

running (13.9s), 00207/03709 VUs, 51284 complete and 0 interrupted iterations
default   [  93% ] 00207/03709 VUs  13.9s/15s  3709.00 iters/s

running (14.9s), 00196/03709 VUs, 55001 complete and 0 interrupted iterations
default   [  99% ] 00196/03709 VUs  14.9s/15s  3709.00 iters/s


  █ TOTAL RESULTS 

    HTTP
    http_req_duration..............: avg=69.72ms min=29.18ms med=64.82ms max=122.85ms p(90)=96.51ms p(95)=102.15ms
      { expected_response:true }...: avg=69.72ms min=29.18ms med=64.82ms max=122.85ms p(90)=96.51ms p(95)=102.15ms
    http_req_failed................: 0.00% 0 out of 55413
    http_reqs......................: 55413 3692.711147/s

    EXECUTION
    iteration_duration.............: avg=69.82ms min=29.28ms med=64.91ms max=122.93ms p(90)=96.66ms p(95)=102.23ms
    iterations.....................: 55413 3692.711147/s
    vus............................: 195   min=191        max=384 
    vus_max........................: 3709  min=3709       max=3709

    NETWORK
    data_received..................: 11 MB 750 kB/s
    data_sent......................: 11 MB 711 kB/s




running (15.0s), 00000/03709 VUs, 55413 complete and 219 interrupted iterations
default ✓ [ 100% ] 00219/03709 VUs  15s  3709.00 iters/s
