
         /\      Grafana   /‾‾/  
    /\  /  \     |\  __   /  /   
   /  \/    \    | |/ /  /   ‾‾\ 
  /          \   |   (  |  (‾)  |
 / __________ \  |_|\_\  \_____/ 

     execution: local
        script: workflow/hotel/k6_open_hotels_client.js
        output: -

     scenarios: (100.00%) 1 scenario, 10000 max VUs, 10s max duration (incl. graceful stop):
              * default: 476.00 iterations/s for 10s (maxVUs: 476-10000)


running (01.0s), 00236/00476 VUs, 229 complete and 0 interrupted iterations
default   [  10% ] 00236/00476 VUs  01.0s/10s  476.00 iters/s

running (02.0s), 00246/00476 VUs, 695 complete and 0 interrupted iterations
default   [  20% ] 00246/00476 VUs  02.0s/10s  476.00 iters/s

running (03.0s), 00246/00476 VUs, 1171 complete and 0 interrupted iterations
default   [  30% ] 00246/00476 VUs  03.0s/10s  476.00 iters/s

running (04.0s), 00247/00476 VUs, 1646 complete and 0 interrupted iterations
default   [  40% ] 00246/00476 VUs  04.0s/10s  476.00 iters/s

running (05.0s), 00247/00476 VUs, 2122 complete and 0 interrupted iterations
default   [  50% ] 00247/00476 VUs  05.0s/10s  476.00 iters/s

running (06.0s), 00247/00476 VUs, 2598 complete and 0 interrupted iterations
default   [  60% ] 00247/00476 VUs  06.0s/10s  476.00 iters/s

running (07.0s), 00246/00476 VUs, 3074 complete and 0 interrupted iterations
default   [  70% ] 00246/00476 VUs  07.0s/10s  476.00 iters/s

running (08.0s), 00246/00476 VUs, 3551 complete and 0 interrupted iterations
default   [  80% ] 00246/00476 VUs  08.0s/10s  476.00 iters/s

running (09.0s), 00247/00476 VUs, 4026 complete and 0 interrupted iterations
default   [  90% ] 00247/00476 VUs  09.0s/10s  476.00 iters/s

running (10.0s), 00245/00476 VUs, 4503 complete and 0 interrupted iterations
default   [ 100% ] 00246/00476 VUs  10.0s/10s  476.00 iters/s


  █ TOTAL RESULTS 

    HTTP
    http_req_duration..............: avg=4.6ms  min=2.53ms med=3.93ms max=13.39ms p(90)=7.4ms  p(95)=8.84ms
      { expected_response:true }...: avg=4.6ms  min=2.53ms med=3.93ms max=13.39ms p(90)=7.4ms  p(95)=8.84ms
    http_req_failed................: 0.00%  0 out of 4515
    http_reqs......................: 4515   451.365603/s

    EXECUTION
    iteration_duration.............: avg=4.72ms min=2.63ms med=4.05ms max=13.51ms p(90)=7.53ms p(95)=8.97ms
    iterations.....................: 4515   451.365603/s
    vus............................: 245    min=236       max=247
    vus_max........................: 476    min=476       max=476

    NETWORK
    data_received..................: 1.3 MB 128 kB/s
    data_sent......................: 1.5 MB 148 kB/s




running (10.0s), 00000/00476 VUs, 4515 complete and 246 interrupted iterations
default ✓ [ 100% ] 00246/00476 VUs  10s  476.00 iters/s
