
         /\      Grafana   /‾‾/  
    /\  /  \     |\  __   /  /   
   /  \/    \    | |/ /  /   ‾‾\ 
  /          \   |   (  |  (‾)  |
 / __________ \  |_|\_\  \_____/ 

     execution: local
        script: workflow/response/k6_open_client.js
        output: -

     scenarios: (100.00%) 1 scenario, 10000 max VUs, 15s max duration (incl. graceful stop):
              * default: 303.00 iterations/s for 15s (maxVUs: 303-10000)


running (01.0s), 00010/00303 VUs, 287 complete and 0 interrupted iterations
default   [   7% ] 00010/00303 VUs  01.0s/15s  303.00 iters/s

running (02.0s), 00017/00303 VUs, 584 complete and 0 interrupted iterations
default   [  13% ] 00017/00303 VUs  02.0s/15s  303.00 iters/s

running (03.0s), 00012/00303 VUs, 892 complete and 0 interrupted iterations
default   [  20% ] 00012/00303 VUs  03.0s/15s  303.00 iters/s

running (04.0s), 00009/00303 VUs, 1198 complete and 0 interrupted iterations
default   [  27% ] 00009/00303 VUs  04.0s/15s  303.00 iters/s

running (05.0s), 00015/00303 VUs, 1494 complete and 0 interrupted iterations
default   [  33% ] 00015/00303 VUs  05.0s/15s  303.00 iters/s

running (06.0s), 00010/00303 VUs, 1802 complete and 0 interrupted iterations
default   [  40% ] 00010/00303 VUs  06.0s/15s  303.00 iters/s

running (07.0s), 00008/00303 VUs, 2108 complete and 0 interrupted iterations
default   [  47% ] 00008/00303 VUs  07.0s/15s  303.00 iters/s

running (08.0s), 00014/00303 VUs, 2404 complete and 0 interrupted iterations
default   [  53% ] 00014/00303 VUs  08.0s/15s  303.00 iters/s

running (09.0s), 00013/00303 VUs, 2708 complete and 0 interrupted iterations
default   [  60% ] 00013/00303 VUs  09.0s/15s  303.00 iters/s

running (10.0s), 00013/00303 VUs, 3012 complete and 0 interrupted iterations
default   [  67% ] 00013/00303 VUs  10.0s/15s  303.00 iters/s

running (11.0s), 00008/00303 VUs, 3320 complete and 0 interrupted iterations
default   [  73% ] 00008/00303 VUs  11.0s/15s  303.00 iters/s

running (12.0s), 00014/00303 VUs, 3617 complete and 0 interrupted iterations
default   [  80% ] 00014/00303 VUs  12.0s/15s  303.00 iters/s

running (13.0s), 00013/00303 VUs, 3921 complete and 0 interrupted iterations
default   [  87% ] 00013/00303 VUs  13.0s/15s  303.00 iters/s

running (14.0s), 00011/00303 VUs, 4226 complete and 0 interrupted iterations
default   [  93% ] 00011/00303 VUs  14.0s/15s  303.00 iters/s

running (15.0s), 00008/00303 VUs, 4531 complete and 0 interrupted iterations
default   [ 100% ] 00008/00303 VUs  15.0s/15s  303.00 iters/s


  █ TOTAL RESULTS 

    HTTP
    http_req_duration..............: avg=38.88ms min=20.46ms med=38.82ms max=67.24ms p(90)=51.31ms p(95)=52.97ms
      { expected_response:true }...: avg=38.88ms min=20.46ms med=38.82ms max=67.24ms p(90)=51.31ms p(95)=52.97ms
    http_req_failed................: 0.00%  0 out of 4531
    http_reqs......................: 4531   302.014816/s

    EXECUTION
    iteration_duration.............: avg=38.97ms min=20.54ms med=38.92ms max=67.49ms p(90)=51.41ms p(95)=53.08ms
    iterations.....................: 4531   302.014816/s
    vus............................: 8      min=8         max=16 
    vus_max........................: 303    min=303       max=303

    NETWORK
    data_received..................: 911 kB 61 kB/s
    data_sent......................: 890 kB 59 kB/s




running (15.0s), 00000/00303 VUs, 4531 complete and 15 interrupted iterations
default ✓ [ 100% ] 00014/00303 VUs  15s  303.00 iters/s
