
         /\      Grafana   /‾‾/  
    /\  /  \     |\  __   /  /   
   /  \/    \    | |/ /  /   ‾‾\ 
  /          \   |   (  |  (‾)  |
 / __________ \  |_|\_\  \_____/ 

     execution: local
        script: workflow/spin/k6_open_client.js
        output: -

     scenarios: (100.00%) 1 scenario, 10000 max VUs, 15s max duration (incl. graceful stop):
              * default: 3766.00 iterations/s for 15s (maxVUs: 3766-10000)


running (00.9s), 00217/03766 VUs, 3056 complete and 0 interrupted iterations
default   [   6% ] 00217/03766 VUs  00.9s/15s  3766.00 iters/s

running (01.9s), 00186/03766 VUs, 6854 complete and 0 interrupted iterations
default   [  12% ] 00186/03766 VUs  01.9s/15s  3766.00 iters/s

running (02.9s), 00226/03766 VUs, 10580 complete and 0 interrupted iterations
default   [  19% ] 00226/03766 VUs  02.9s/15s  3766.00 iters/s

running (03.9s), 00190/03766 VUs, 14382 complete and 0 interrupted iterations
default   [  26% ] 00190/03766 VUs  03.9s/15s  3766.00 iters/s

running (04.9s), 00225/03766 VUs, 18113 complete and 0 interrupted iterations
default   [  32% ] 00225/03766 VUs  04.9s/15s  3766.00 iters/s

running (05.9s), 00284/03766 VUs, 21820 complete and 0 interrupted iterations
default   [  39% ] 00284/03766 VUs  05.9s/15s  3766.00 iters/s

running (06.9s), 00222/03766 VUs, 25647 complete and 0 interrupted iterations
default   [  46% ] 00222/03766 VUs  06.9s/15s  3766.00 iters/s

running (07.9s), 00241/03766 VUs, 29395 complete and 0 interrupted iterations
default   [  52% ] 00241/03766 VUs  07.9s/15s  3766.00 iters/s

running (08.9s), 00294/03766 VUs, 33108 complete and 0 interrupted iterations
default   [  59% ] 00294/03766 VUs  08.9s/15s  3766.00 iters/s

running (09.9s), 00264/03766 VUs, 36905 complete and 0 interrupted iterations
default   [  66% ] 00264/03766 VUs  09.9s/15s  3766.00 iters/s

running (10.9s), 00226/03766 VUs, 40708 complete and 0 interrupted iterations
default   [  72% ] 00225/03766 VUs  10.9s/15s  3766.00 iters/s

running (11.9s), 00221/03766 VUs, 44481 complete and 0 interrupted iterations
default   [  79% ] 00221/03766 VUs  11.9s/15s  3766.00 iters/s

running (12.9s), 00262/03766 VUs, 48204 complete and 0 interrupted iterations
default   [  86% ] 00262/03766 VUs  12.9s/15s  3766.00 iters/s

running (13.9s), 00215/03766 VUs, 52017 complete and 0 interrupted iterations
default   [  92% ] 00215/03766 VUs  13.9s/15s  3766.00 iters/s

running (14.9s), 00194/03766 VUs, 55804 complete and 0 interrupted iterations
default   [  99% ] 00194/03766 VUs  14.9s/15s  3766.00 iters/s


  █ TOTAL RESULTS 

    HTTP
    http_req_duration..............: avg=61.17ms min=39.38ms med=60.2ms max=100.51ms p(90)=69.59ms p(95)=75.85ms
      { expected_response:true }...: avg=61.17ms min=39.38ms med=60.2ms max=100.51ms p(90)=69.59ms p(95)=75.85ms
    http_req_failed................: 0.00% 0 out of 56264
    http_reqs......................: 56264 3749.258622/s

    EXECUTION
    iteration_duration.............: avg=61.26ms min=39.47ms med=60.3ms max=100.75ms p(90)=69.68ms p(95)=75.93ms
    iterations.....................: 56264 3749.258622/s
    vus............................: 193   min=186        max=293 
    vus_max........................: 3766  min=3766       max=3766

    NETWORK
    data_received..................: 11 MB 761 kB/s
    data_sent......................: 11 MB 722 kB/s




running (15.0s), 00000/03766 VUs, 56254 complete and 237 interrupted iterations
default ✓ [ 100% ] 00237/03766 VUs  15s  3766.00 iters/s
