
         /\      Grafana   /‾‾/  
    /\  /  \     |\  __   /  /   
   /  \/    \    | |/ /  /   ‾‾\ 
  /          \   |   (  |  (‾)  |
 / __________ \  |_|\_\  \_____/ 

     execution: local
        script: workflow/spin/k6_open_client.js
        output: -

     scenarios: (100.00%) 1 scenario, 10000 max VUs, 15s max duration (incl. graceful stop):
              * default: 3474.00 iterations/s for 15s (maxVUs: 3474-10000)


running (00.9s), 00254/03474 VUs, 2810 complete and 0 interrupted iterations
default   [   6% ] 00254/03474 VUs  00.9s/15s  3474.00 iters/s

running (01.9s), 00215/03474 VUs, 6311 complete and 0 interrupted iterations
default   [  13% ] 00215/03474 VUs  01.9s/15s  3474.00 iters/s

running (02.9s), 00186/03474 VUs, 9827 complete and 0 interrupted iterations
default   [  19% ] 00187/03474 VUs  02.9s/15s  3474.00 iters/s

running (03.9s), 00188/03474 VUs, 13302 complete and 0 interrupted iterations
default   [  26% ] 00188/03474 VUs  03.9s/15s  3474.00 iters/s

running (04.9s), 00214/03474 VUs, 16752 complete and 0 interrupted iterations
default   [  33% ] 00214/03474 VUs  04.9s/15s  3474.00 iters/s

running (05.9s), 00200/03474 VUs, 20235 complete and 0 interrupted iterations
default   [  39% ] 00200/03474 VUs  05.9s/15s  3474.00 iters/s

running (06.9s), 00204/03474 VUs, 23707 complete and 0 interrupted iterations
default   [  46% ] 00204/03474 VUs  06.9s/15s  3474.00 iters/s

running (07.9s), 00161/03474 VUs, 27225 complete and 0 interrupted iterations
default   [  53% ] 00161/03474 VUs  07.9s/15s  3474.00 iters/s

running (08.9s), 00229/03474 VUs, 30631 complete and 0 interrupted iterations
default   [  59% ] 00229/03474 VUs  08.9s/15s  3474.00 iters/s

running (09.9s), 00218/03474 VUs, 34115 complete and 0 interrupted iterations
default   [  66% ] 00217/03474 VUs  09.9s/15s  3474.00 iters/s

running (10.9s), 00187/03474 VUs, 37619 complete and 0 interrupted iterations
default   [  73% ] 00187/03474 VUs  10.9s/15s  3474.00 iters/s

running (11.9s), 00201/03474 VUs, 41081 complete and 0 interrupted iterations
default   [  79% ] 00201/03474 VUs  11.9s/15s  3474.00 iters/s

running (12.9s), 00166/03474 VUs, 44591 complete and 0 interrupted iterations
default   [  86% ] 00166/03474 VUs  12.9s/15s  3474.00 iters/s

running (13.9s), 00234/03474 VUs, 47998 complete and 0 interrupted iterations
default   [  93% ] 00234/03474 VUs  13.9s/15s  3474.00 iters/s

running (14.9s), 00209/03474 VUs, 51498 complete and 0 interrupted iterations
default   [  99% ] 00209/03474 VUs  14.9s/15s  3474.00 iters/s


  █ TOTAL RESULTS 

    HTTP
    http_req_duration..............: avg=57.42ms min=37.64ms med=57.02ms max=106.36ms p(90)=65.56ms p(95)=68.72ms
      { expected_response:true }...: avg=57.42ms min=37.64ms med=57.02ms max=106.36ms p(90)=65.56ms p(95)=68.72ms
    http_req_failed................: 0.00% 0 out of 51913
    http_reqs......................: 51913 3459.496081/s

    EXECUTION
    iteration_duration.............: avg=57.52ms min=37.75ms med=57.12ms max=106.46ms p(90)=65.66ms p(95)=68.83ms
    iterations.....................: 51913 3459.496081/s
    vus............................: 209   min=161        max=254 
    vus_max........................: 3474  min=3474       max=3474

    NETWORK
    data_received..................: 11 MB 702 kB/s
    data_sent......................: 10 MB 666 kB/s




running (15.0s), 00000/03474 VUs, 51913 complete and 195 interrupted iterations
default ✓ [ 100% ] 00195/03474 VUs  15s  3474.00 iters/s
