
         /\      Grafana   /‾‾/  
    /\  /  \     |\  __   /  /   
   /  \/    \    | |/ /  /   ‾‾\ 
  /          \   |   (  |  (‾)  |
 / __________ \  |_|\_\  \_____/ 

     execution: local
        script: workflow/write/k6_open_client.js
        output: -

     scenarios: (100.00%) 1 scenario, 10000 max VUs, 15s max duration (incl. graceful stop):
              * default: 5304.00 iterations/s for 15s (maxVUs: 5304-10000)


running (00.8s), 00224/05304 VUs, 4147 complete and 0 interrupted iterations
default   [   5% ] 00224/05304 VUs  00.8s/15s  5304.00 iters/s

running (01.8s), 00242/05304 VUs, 9433 complete and 0 interrupted iterations
default   [  12% ] 00242/05304 VUs  01.8s/15s  5304.00 iters/s

running (02.8s), 00207/05304 VUs, 14772 complete and 0 interrupted iterations
default   [  19% ] 00207/05304 VUs  02.8s/15s  5304.00 iters/s

running (03.8s), 00218/05304 VUs, 20062 complete and 0 interrupted iterations
default   [  25% ] 00219/05304 VUs  03.8s/15s  5304.00 iters/s

running (04.8s), 00350/05304 VUs, 25235 complete and 0 interrupted iterations
default   [  32% ] 00351/05304 VUs  04.8s/15s  5304.00 iters/s

running (05.8s), 00267/05304 VUs, 30624 complete and 0 interrupted iterations
default   [  39% ] 00267/05304 VUs  05.8s/15s  5304.00 iters/s

running (06.8s), 00238/05304 VUs, 35957 complete and 0 interrupted iterations
default   [  45% ] 00238/05304 VUs  06.8s/15s  5304.00 iters/s

running (07.8s), 00229/05304 VUs, 41270 complete and 0 interrupted iterations
default   [  52% ] 00228/05304 VUs  07.8s/15s  5304.00 iters/s

running (08.8s), 00249/05304 VUs, 46558 complete and 0 interrupted iterations
default   [  59% ] 00249/05304 VUs  08.8s/15s  5304.00 iters/s

running (09.8s), 00245/05304 VUs, 51862 complete and 0 interrupted iterations
default   [  65% ] 00245/05304 VUs  09.8s/15s  5304.00 iters/s

running (10.8s), 00228/05304 VUs, 57181 complete and 0 interrupted iterations
default   [  72% ] 00228/05304 VUs  10.8s/15s  5304.00 iters/s

running (11.8s), 00216/05304 VUs, 62499 complete and 0 interrupted iterations
default   [  79% ] 00216/05304 VUs  11.8s/15s  5304.00 iters/s

running (12.8s), 00214/05304 VUs, 67805 complete and 0 interrupted iterations
default   [  85% ] 00214/05304 VUs  12.8s/15s  5304.00 iters/s

running (13.8s), 00242/05304 VUs, 73081 complete and 0 interrupted iterations
default   [  92% ] 00242/05304 VUs  13.8s/15s  5304.00 iters/s

running (14.8s), 00505/05304 VUs, 78122 complete and 0 interrupted iterations
default   [  99% ] 00505/05304 VUs  14.8s/15s  5304.00 iters/s


  █ TOTAL RESULTS 

    HTTP
    http_req_duration..............: avg=48.49ms min=24.52ms med=44.35ms max=127.57ms p(90)=62.85ms p(95)=88.14ms
      { expected_response:true }...: avg=48.49ms min=24.52ms med=44.35ms max=127.57ms p(90)=62.85ms p(95)=88.14ms
    http_req_failed................: 0.00%  0 out of 79150
    http_reqs......................: 79150  5273.09455/s

    EXECUTION
    iteration_duration.............: avg=48.56ms min=24.61ms med=44.41ms max=127.82ms p(90)=62.95ms p(95)=88.24ms
    iterations.....................: 79150  5273.09455/s
    vus............................: 506    min=207        max=506 
    vus_max........................: 5304   min=5304       max=5304

    NETWORK
    data_received..................: 16 MB  1.1 MB/s
    data_sent......................: 8.0 MB 530 kB/s




running (15.0s), 00000/05304 VUs, 79142 complete and 415 interrupted iterations
default ✓ [ 100% ] 00415/05304 VUs  15s  5304.00 iters/s
