
         /\      Grafana   /‾‾/  
    /\  /  \     |\  __   /  /   
   /  \/    \    | |/ /  /   ‾‾\ 
  /          \   |   (  |  (‾)  |
 / __________ \  |_|\_\  \_____/ 

     execution: local
        script: workflow/spin/k6_open_client.js
        output: -

     scenarios: (100.00%) 1 scenario, 10000 max VUs, 15s max duration (incl. graceful stop):
              * default: 3635.00 iterations/s for 15s (maxVUs: 3635-10000)


running (00.9s), 00410/03635 VUs, 2784 complete and 0 interrupted iterations
default   [   6% ] 00410/03635 VUs  00.9s/15s  3635.00 iters/s

running (01.9s), 00439/03635 VUs, 6390 complete and 0 interrupted iterations
default   [  13% ] 00439/03635 VUs  01.9s/15s  3635.00 iters/s

running (02.9s), 00486/03635 VUs, 9977 complete and 0 interrupted iterations
default   [  19% ] 00486/03635 VUs  02.9s/15s  3635.00 iters/s

running (03.9s), 00878/03635 VUs, 13223 complete and 0 interrupted iterations
default   [  26% ] 00878/03635 VUs  03.9s/15s  3635.00 iters/s

running (04.9s), 01082/03635 VUs, 16651 complete and 0 interrupted iterations
default   [  33% ] 01082/03635 VUs  04.9s/15s  3635.00 iters/s

running (05.9s), 01001/03635 VUs, 20368 complete and 0 interrupted iterations
default   [  39% ] 01001/03635 VUs  05.9s/15s  3635.00 iters/s

running (06.9s), 00870/03635 VUs, 24133 complete and 0 interrupted iterations
default   [  46% ] 00870/03635 VUs  06.9s/15s  3635.00 iters/s

running (07.9s), 00725/03635 VUs, 27913 complete and 0 interrupted iterations
default   [  53% ] 00725/03635 VUs  07.9s/15s  3635.00 iters/s

running (08.9s), 00522/03635 VUs, 31751 complete and 0 interrupted iterations
default   [  59% ] 00522/03635 VUs  08.9s/15s  3635.00 iters/s

running (09.9s), 00557/03635 VUs, 35349 complete and 0 interrupted iterations
default   [  66% ] 00557/03635 VUs  09.9s/15s  3635.00 iters/s

running (10.9s), 00493/03635 VUs, 39050 complete and 0 interrupted iterations
default   [  73% ] 00493/03635 VUs  10.9s/15s  3635.00 iters/s

running (11.9s), 00341/03635 VUs, 42841 complete and 0 interrupted iterations
default   [  79% ] 00341/03635 VUs  11.9s/15s  3635.00 iters/s

running (12.9s), 00222/03635 VUs, 46592 complete and 0 interrupted iterations
default   [  86% ] 00222/03635 VUs  12.9s/15s  3635.00 iters/s

running (13.9s), 00223/03635 VUs, 50224 complete and 0 interrupted iterations
default   [  93% ] 00223/03635 VUs  13.9s/15s  3635.00 iters/s

running (14.9s), 00244/03635 VUs, 53842 complete and 0 interrupted iterations
default   [  99% ] 00244/03635 VUs  14.9s/15s  3635.00 iters/s


  █ TOTAL RESULTS 

    HTTP
    http_req_duration..............: avg=156.4ms min=44.27ms med=140.33ms max=327.6ms  p(90)=282.09ms p(95)=295.44ms
      { expected_response:true }...: avg=156.4ms min=44.27ms med=140.33ms max=327.6ms  p(90)=282.09ms p(95)=295.44ms
    http_req_failed................: 0.00% 0 out of 54318
    http_reqs......................: 54318 3619.634629/s

    EXECUTION
    iteration_duration.............: avg=156.5ms min=44.33ms med=140.4ms  max=327.68ms p(90)=282.16ms p(95)=295.52ms
    iterations.....................: 54318 3619.634629/s
    vus............................: 244   min=222        max=1082
    vus_max........................: 3635  min=3635       max=3635

    NETWORK
    data_received..................: 11 MB 735 kB/s
    data_sent......................: 11 MB 697 kB/s




running (15.0s), 00000/03635 VUs, 54318 complete and 209 interrupted iterations
default ✓ [ 100% ] 00209/03635 VUs  15s  3635.00 iters/s
