
         /\      Grafana   /‾‾/  
    /\  /  \     |\  __   /  /   
   /  \/    \    | |/ /  /   ‾‾\ 
  /          \   |   (  |  (‾)  |
 / __________ \  |_|\_\  \_____/ 

     execution: local
        script: workflow/response/k6_open_client.js
        output: -

     scenarios: (100.00%) 1 scenario, 100000 max VUs, 15s max duration (incl. graceful stop):
              * default: 5800.00 iterations/s for 15s (maxVUs: 5800-100000)


running (00.9s), 000837/005800 VUs, 3759 complete and 0 interrupted iterations
default   [   6% ] 000837/005800 VUs  00.9s/15s  5800.00 iters/s

running (01.8s), 001916/005800 VUs, 8618 complete and 0 interrupted iterations
default   [  12% ] 001916/005800 VUs  01.8s/15s  5800.00 iters/s

running (02.8s), 001971/005800 VUs, 14363 complete and 0 interrupted iterations
default   [  19% ] 001971/005800 VUs  02.8s/15s  5800.00 iters/s

running (03.8s), 001797/005800 VUs, 20345 complete and 0 interrupted iterations
default   [  25% ] 001797/005800 VUs  03.8s/15s  5800.00 iters/s

running (04.8s), 001656/005800 VUs, 26278 complete and 0 interrupted iterations
default   [  32% ] 001656/005800 VUs  04.8s/15s  5800.00 iters/s

running (05.8s), 001451/005800 VUs, 32283 complete and 0 interrupted iterations
default   [  39% ] 001451/005800 VUs  05.8s/15s  5800.00 iters/s

running (06.8s), 001285/005800 VUs, 38251 complete and 0 interrupted iterations
default   [  45% ] 001285/005800 VUs  06.8s/15s  5800.00 iters/s

running (07.8s), 001284/005800 VUs, 44049 complete and 0 interrupted iterations
default   [  52% ] 001284/005800 VUs  07.8s/15s  5800.00 iters/s

running (08.8s), 000953/005800 VUs, 50181 complete and 0 interrupted iterations
default   [  59% ] 000953/005800 VUs  08.8s/15s  5800.00 iters/s

running (09.8s), 000691/005800 VUs, 56243 complete and 0 interrupted iterations
default   [  65% ] 000691/005800 VUs  09.8s/15s  5800.00 iters/s

running (10.8s), 000439/005800 VUs, 62294 complete and 0 interrupted iterations
default   [  72% ] 000439/005800 VUs  10.8s/15s  5800.00 iters/s

running (11.8s), 000313/005800 VUs, 68221 complete and 0 interrupted iterations
default   [  79% ] 000313/005800 VUs  11.8s/15s  5800.00 iters/s

running (12.8s), 000264/005800 VUs, 74070 complete and 0 interrupted iterations
default   [  85% ] 000264/005800 VUs  12.8s/15s  5800.00 iters/s

running (13.8s), 000325/005800 VUs, 79809 complete and 0 interrupted iterations
default   [  92% ] 000325/005800 VUs  13.8s/15s  5800.00 iters/s

running (14.8s), 000287/005800 VUs, 85647 complete and 0 interrupted iterations
default   [  99% ] 000287/005800 VUs  14.8s/15s  5800.00 iters/s


  █ TOTAL RESULTS 

    HTTP
    http_req_duration..............: avg=177.32ms min=33.49ms med=186.42ms max=571.89ms p(90)=324.03ms p(95)=332.82ms
      { expected_response:true }...: avg=177.32ms min=33.49ms med=186.42ms max=571.89ms p(90)=324.03ms p(95)=332.82ms
    http_req_failed................: 0.00% 0 out of 86715
    http_reqs......................: 86715 5777.455061/s

    EXECUTION
    iteration_duration.............: avg=180.22ms min=35.8ms  med=195.12ms max=660.52ms p(90)=325.41ms p(95)=333.17ms
    iterations.....................: 86715 5777.455061/s
    vus............................: 287   min=265        max=1970
    vus_max........................: 5800  min=5800       max=5800

    NETWORK
    data_received..................: 18 MB 1.2 MB/s
    data_sent......................: 17 MB 1.1 MB/s




running (15.0s), 000000/005800 VUs, 86715 complete and 286 interrupted iterations
default ✓ [ 100% ] 000286/005800 VUs  15s  5800.00 iters/s
