
         /\      Grafana   /‾‾/  
    /\  /  \     |\  __   /  /   
   /  \/    \    | |/ /  /   ‾‾\ 
  /          \   |   (  |  (‾)  |
 / __________ \  |_|\_\  \_____/ 

     execution: local
        script: workflow/write/k6_open_client.js
        output: -

     scenarios: (100.00%) 1 scenario, 10000 max VUs, 15s max duration (incl. graceful stop):
              * default: 5475.00 iterations/s for 15s (maxVUs: 5475-10000)


running (00.8s), 00863/05475 VUs, 3651 complete and 0 interrupted iterations
default   [   6% ] 00863/05475 VUs  00.8s/15s  5475.00 iters/s

running (01.8s), 00683/05475 VUs, 9354 complete and 0 interrupted iterations
default   [  12% ] 00683/05475 VUs  01.8s/15s  5475.00 iters/s

running (02.8s), 00328/05475 VUs, 15184 complete and 0 interrupted iterations
default   [  19% ] 00328/05475 VUs  02.8s/15s  5475.00 iters/s

running (03.8s), 00280/05475 VUs, 20703 complete and 0 interrupted iterations
default   [  26% ] 00280/05475 VUs  03.8s/15s  5475.00 iters/s

running (04.8s), 00250/05475 VUs, 26207 complete and 0 interrupted iterations
default   [  32% ] 00250/05475 VUs  04.8s/15s  5475.00 iters/s

running (05.8s), 00430/05475 VUs, 31507 complete and 0 interrupted iterations
default   [  39% ] 00430/05475 VUs  05.8s/15s  5475.00 iters/s

running (06.8s), 00274/05475 VUs, 37138 complete and 0 interrupted iterations
default   [  46% ] 00274/05475 VUs  06.8s/15s  5475.00 iters/s

running (07.8s), 00221/05475 VUs, 42666 complete and 0 interrupted iterations
default   [  52% ] 00221/05475 VUs  07.8s/15s  5475.00 iters/s

running (08.8s), 00266/05475 VUs, 48095 complete and 0 interrupted iterations
default   [  59% ] 00266/05475 VUs  08.8s/15s  5475.00 iters/s

running (09.8s), 00299/05475 VUs, 53539 complete and 0 interrupted iterations
default   [  66% ] 00299/05475 VUs  09.8s/15s  5475.00 iters/s

running (10.8s), 00244/05475 VUs, 59066 complete and 0 interrupted iterations
default   [  72% ] 00244/05475 VUs  10.8s/15s  5475.00 iters/s

running (11.8s), 00279/05475 VUs, 64508 complete and 0 interrupted iterations
default   [  79% ] 00279/05475 VUs  11.8s/15s  5475.00 iters/s

running (12.8s), 00225/05475 VUs, 70037 complete and 0 interrupted iterations
default   [  86% ] 00225/05475 VUs  12.8s/15s  5475.00 iters/s

running (13.8s), 00285/05475 VUs, 75452 complete and 0 interrupted iterations
default   [  92% ] 00286/05475 VUs  13.8s/15s  5475.00 iters/s

running (14.8s), 00251/05475 VUs, 80961 complete and 0 interrupted iterations
default   [  99% ] 00251/05475 VUs  14.8s/15s  5475.00 iters/s


  █ TOTAL RESULTS 

    HTTP
    http_req_duration..............: avg=61.55ms min=35.43ms med=46.76ms max=317.55ms p(90)=115.22ms p(95)=153.3ms 
      { expected_response:true }...: avg=61.55ms min=35.43ms med=46.76ms max=317.55ms p(90)=115.22ms p(95)=153.3ms 
    http_req_failed................: 0.00%  0 out of 81859
    http_reqs......................: 81859  5454.029709/s

    EXECUTION
    iteration_duration.............: avg=61.91ms min=35.49ms med=46.82ms max=331.89ms p(90)=115.37ms p(95)=156.67ms
    iterations.....................: 81859  5454.029709/s
    vus............................: 250    min=220        max=853 
    vus_max........................: 5475   min=5475       max=5475

    NETWORK
    data_received..................: 17 MB  1.1 MB/s
    data_sent......................: 8.2 MB 547 kB/s




running (15.0s), 00000/05475 VUs, 81852 complete and 274 interrupted iterations
default ✓ [ 100% ] 00274/05475 VUs  15s  5475.00 iters/s
