
         /\      Grafana   /‾‾/  
    /\  /  \     |\  __   /  /   
   /  \/    \    | |/ /  /   ‾‾\ 
  /          \   |   (  |  (‾)  |
 / __________ \  |_|\_\  \_____/ 

     execution: local
        script: workflow/social/k6_open_client.js
        output: -

     scenarios: (100.00%) 1 scenario, 10000 max VUs, 10s max duration (incl. graceful stop):
              * default: 1800.00 iterations/s for 10s (maxVUs: 1800-10000)


running (00.9s), 00004/01800 VUs, 1675 complete and 0 interrupted iterations
default   [   9% ] 00004/01800 VUs  00.9s/10s  1800.00 iters/s

running (01.9s), 00004/01800 VUs, 3476 complete and 0 interrupted iterations
default   [  19% ] 00004/01800 VUs  01.9s/10s  1800.00 iters/s

running (02.9s), 00003/01800 VUs, 5276 complete and 0 interrupted iterations
default   [  29% ] 00003/01800 VUs  02.9s/10s  1800.00 iters/s

running (03.9s), 00003/01800 VUs, 7077 complete and 0 interrupted iterations
default   [  39% ] 00003/01800 VUs  03.9s/10s  1800.00 iters/s

running (04.9s), 00003/01800 VUs, 8877 complete and 0 interrupted iterations
default   [  49% ] 00003/01800 VUs  04.9s/10s  1800.00 iters/s

running (05.9s), 00021/01800 VUs, 10659 complete and 0 interrupted iterations
default   [  59% ] 00020/01800 VUs  05.9s/10s  1800.00 iters/s

running (06.9s), 00003/01800 VUs, 12476 complete and 0 interrupted iterations
default   [  69% ] 00003/01800 VUs  06.9s/10s  1800.00 iters/s

running (07.9s), 00003/01800 VUs, 14277 complete and 0 interrupted iterations
default   [  79% ] 00003/01800 VUs  07.9s/10s  1800.00 iters/s

running (08.9s), 00027/01800 VUs, 16053 complete and 0 interrupted iterations
default   [  89% ] 00027/01800 VUs  08.9s/10s  1800.00 iters/s

running (09.9s), 00004/01800 VUs, 17876 complete and 0 interrupted iterations
default   [  99% ] 00004/01800 VUs  09.9s/10s  1800.00 iters/s


  █ TOTAL RESULTS 

    HTTP
    http_req_duration..............: avg=4.25ms min=1.3ms  med=2.31ms max=30.77ms p(90)=9.34ms p(95)=11.83ms
      { expected_response:true }...: avg=4.25ms min=1.3ms  med=2.31ms max=30.77ms p(90)=9.34ms p(95)=11.83ms
    http_req_failed................: 0.00%  0 out of 17998
    http_reqs......................: 17998  1799.296494/s

    EXECUTION
    iteration_duration.............: avg=4.37ms min=1.38ms med=2.43ms max=31.03ms p(90)=9.45ms p(95)=11.95ms
    iterations.....................: 17998  1799.296494/s
    vus............................: 4      min=3          max=27  
    vus_max........................: 1800   min=1800       max=1800

    NETWORK
    data_received..................: 4.1 MB 405 kB/s
    data_sent......................: 5.9 MB 591 kB/s




running (10.0s), 00000/01800 VUs, 17997 complete and 4 interrupted iterations
default ✓ [ 100% ] 00004/01800 VUs  10s  1800.00 iters/s
