
         /\      Grafana   /‾‾/  
    /\  /  \     |\  __   /  /   
   /  \/    \    | |/ /  /   ‾‾\ 
  /          \   |   (  |  (‾)  |
 / __________ \  |_|\_\  \_____/ 

     execution: local
        script: workflow/response/k6_open_client.js
        output: -

     scenarios: (100.00%) 1 scenario, 10000 max VUs, 15s max duration (incl. graceful stop):
              * default: 3903.00 iterations/s for 15s (maxVUs: 3903-10000)


running (00.9s), 00614/03903 VUs, 2786 complete and 0 interrupted iterations
default   [   6% ] 00614/03903 VUs  00.9s/15s  3903.00 iters/s

running (01.9s), 00649/03903 VUs, 6655 complete and 0 interrupted iterations
default   [  12% ] 00649/03903 VUs  01.9s/15s  3903.00 iters/s

running (02.9s), 00844/03903 VUs, 10362 complete and 0 interrupted iterations
default   [  19% ] 00845/03903 VUs  02.9s/15s  3903.00 iters/s

running (03.9s), 00987/03903 VUs, 14124 complete and 0 interrupted iterations
default   [  26% ] 00987/03903 VUs  03.9s/15s  3903.00 iters/s

running (04.9s), 01105/03903 VUs, 17907 complete and 0 interrupted iterations
default   [  32% ] 01105/03903 VUs  04.9s/15s  3903.00 iters/s

running (05.9s), 01191/03903 VUs, 21728 complete and 0 interrupted iterations
default   [  39% ] 01191/03903 VUs  05.9s/15s  3903.00 iters/s

running (06.9s), 01251/03903 VUs, 25567 complete and 0 interrupted iterations
default   [  46% ] 01251/03903 VUs  06.9s/15s  3903.00 iters/s

running (07.9s), 01268/03903 VUs, 29453 complete and 0 interrupted iterations
default   [  52% ] 01268/03903 VUs  07.9s/15s  3903.00 iters/s

running (08.9s), 01351/03903 VUs, 33276 complete and 0 interrupted iterations
default   [  59% ] 01351/03903 VUs  08.9s/15s  3903.00 iters/s

running (09.9s), 01329/03903 VUs, 37198 complete and 0 interrupted iterations
default   [  66% ] 01329/03903 VUs  09.9s/15s  3903.00 iters/s

running (10.9s), 01339/03903 VUs, 41095 complete and 0 interrupted iterations
default   [  72% ] 01339/03903 VUs  10.9s/15s  3903.00 iters/s

running (11.9s), 01371/03903 VUs, 44965 complete and 0 interrupted iterations
default   [  79% ] 01371/03903 VUs  11.9s/15s  3903.00 iters/s

running (12.9s), 01373/03903 VUs, 48863 complete and 0 interrupted iterations
default   [  86% ] 01373/03903 VUs  12.9s/15s  3903.00 iters/s

running (13.9s), 01469/03903 VUs, 52674 complete and 0 interrupted iterations
default   [  92% ] 01469/03903 VUs  13.9s/15s  3903.00 iters/s

running (14.9s), 01522/03903 VUs, 56520 complete and 0 interrupted iterations
default   [  99% ] 01522/03903 VUs  14.9s/15s  3903.00 iters/s


  █ TOTAL RESULTS 

    HTTP
    http_req_duration..............: avg=296.33ms min=49.85ms med=327.75ms max=404.22ms p(90)=373.39ms p(95)=382.08ms
      { expected_response:true }...: avg=296.33ms min=49.85ms med=327.75ms max=404.22ms p(90)=373.39ms p(95)=382.08ms
    http_req_failed................: 0.00% 0 out of 56996
    http_reqs......................: 56996 3795.808815/s

    EXECUTION
    iteration_duration.............: avg=296.43ms min=50.39ms med=327.85ms max=410.25ms p(90)=373.5ms  p(95)=382.16ms
    iterations.....................: 56996 3795.808815/s
    vus............................: 1523  min=615        max=1523
    vus_max........................: 3903  min=3903       max=3903

    NETWORK
    data_received..................: 12 MB 771 kB/s
    data_sent......................: 12 MB 764 kB/s




running (15.0s), 00000/03903 VUs, 56993 complete and 1552 interrupted iterations
default ✓ [ 100% ] 01552/03903 VUs  15s  3903.00 iters/s
