
         /\      Grafana   /‾‾/  
    /\  /  \     |\  __   /  /   
   /  \/    \    | |/ /  /   ‾‾\ 
  /          \   |   (  |  (‾)  |
 / __________ \  |_|\_\  \_____/ 

     execution: local
        script: workflow/spin/k6_open_client.js
        output: -

     scenarios: (100.00%) 1 scenario, 10000 max VUs, 15s max duration (incl. graceful stop):
              * default: 3960.00 iterations/s for 15s (maxVUs: 3960-10000)


running (00.9s), 00220/03960 VUs, 3195 complete and 0 interrupted iterations
default   [   6% ] 00220/03960 VUs  00.9s/15s  3960.00 iters/s

running (01.9s), 00224/03960 VUs, 7154 complete and 0 interrupted iterations
default   [  12% ] 00224/03960 VUs  01.9s/15s  3960.00 iters/s

running (02.9s), 00223/03960 VUs, 11116 complete and 0 interrupted iterations
default   [  19% ] 00223/03960 VUs  02.9s/15s  3960.00 iters/s

running (03.9s), 00237/03960 VUs, 15062 complete and 0 interrupted iterations
default   [  26% ] 00237/03960 VUs  03.9s/15s  3960.00 iters/s

running (04.9s), 00231/03960 VUs, 19027 complete and 0 interrupted iterations
default   [  32% ] 00231/03960 VUs  04.9s/15s  3960.00 iters/s

running (05.9s), 00225/03960 VUs, 22987 complete and 0 interrupted iterations
default   [  39% ] 00225/03960 VUs  05.9s/15s  3960.00 iters/s

running (06.9s), 00287/03960 VUs, 26890 complete and 0 interrupted iterations
default   [  46% ] 00287/03960 VUs  06.9s/15s  3960.00 iters/s

running (07.9s), 00311/03960 VUs, 30824 complete and 0 interrupted iterations
default   [  52% ] 00310/03960 VUs  07.9s/15s  3960.00 iters/s

running (08.9s), 00220/03960 VUs, 34875 complete and 0 interrupted iterations
default   [  59% ] 00221/03960 VUs  08.9s/15s  3960.00 iters/s

running (09.9s), 00253/03960 VUs, 38803 complete and 0 interrupted iterations
default   [  66% ] 00253/03960 VUs  09.9s/15s  3960.00 iters/s

running (10.9s), 00244/03960 VUs, 42768 complete and 0 interrupted iterations
default   [  72% ] 00244/03960 VUs  10.9s/15s  3960.00 iters/s

running (11.9s), 00289/03960 VUs, 46687 complete and 0 interrupted iterations
default   [  79% ] 00289/03960 VUs  11.9s/15s  3960.00 iters/s

running (12.9s), 00219/03960 VUs, 50718 complete and 0 interrupted iterations
default   [  86% ] 00219/03960 VUs  12.9s/15s  3960.00 iters/s

running (13.9s), 00218/03960 VUs, 54678 complete and 0 interrupted iterations
default   [  92% ] 00218/03960 VUs  13.9s/15s  3960.00 iters/s

running (14.9s), 00227/03960 VUs, 58629 complete and 0 interrupted iterations
default   [  99% ] 00227/03960 VUs  14.9s/15s  3960.00 iters/s


  █ TOTAL RESULTS 

    HTTP
    http_req_duration..............: avg=62.72ms min=42.71ms med=60.36ms max=120.36ms p(90)=76.6ms  p(95)=84.55ms
      { expected_response:true }...: avg=62.72ms min=42.71ms med=60.36ms max=120.36ms p(90)=76.6ms  p(95)=84.55ms
    http_req_failed................: 0.00% 0 out of 59155
    http_reqs......................: 59155 3941.941397/s

    EXECUTION
    iteration_duration.............: avg=62.81ms min=42.79ms med=60.46ms max=120.44ms p(90)=76.71ms p(95)=84.65ms
    iterations.....................: 59155 3941.941397/s
    vus............................: 227   min=218        max=311 
    vus_max........................: 3960  min=3960       max=3960

    NETWORK
    data_received..................: 12 MB 800 kB/s
    data_sent......................: 11 MB 760 kB/s




running (15.0s), 00000/03960 VUs, 59154 complete and 247 interrupted iterations
default ✓ [ 100% ] 00247/03960 VUs  15s  3960.00 iters/s
