
         /\      Grafana   /‾‾/  
    /\  /  \     |\  __   /  /   
   /  \/    \    | |/ /  /   ‾‾\ 
  /          \   |   (  |  (‾)  |
 / __________ \  |_|\_\  \_____/ 

     execution: local
        script: workflow/write/k6_open_client.js
        output: -

     scenarios: (100.00%) 1 scenario, 10000 max VUs, 15s max duration (incl. graceful stop):
              * default: 2479.00 iterations/s for 15s (maxVUs: 2479-10000)


running (00.9s), 00292/02479 VUs, 1938 complete and 0 interrupted iterations
default   [   6% ] 00292/02479 VUs  00.9s/15s  2479.00 iters/s

running (01.9s), 00138/02479 VUs, 4570 complete and 0 interrupted iterations
default   [  13% ] 00139/02479 VUs  01.9s/15s  2479.00 iters/s

running (02.9s), 00209/02479 VUs, 6981 complete and 0 interrupted iterations
default   [  19% ] 00209/02479 VUs  02.9s/15s  2479.00 iters/s

running (03.9s), 00241/02479 VUs, 9428 complete and 0 interrupted iterations
default   [  26% ] 00241/02479 VUs  03.9s/15s  2479.00 iters/s

running (04.9s), 00150/02479 VUs, 11997 complete and 0 interrupted iterations
default   [  33% ] 00150/02479 VUs  04.9s/15s  2479.00 iters/s

running (05.9s), 00286/02479 VUs, 14341 complete and 0 interrupted iterations
default   [  39% ] 00286/02479 VUs  05.9s/15s  2479.00 iters/s

running (06.9s), 00342/02479 VUs, 16762 complete and 0 interrupted iterations
default   [  46% ] 00343/02479 VUs  06.9s/15s  2479.00 iters/s

running (07.9s), 00101/02479 VUs, 19484 complete and 0 interrupted iterations
default   [  53% ] 00101/02479 VUs  07.9s/15s  2479.00 iters/s

running (08.9s), 00148/02479 VUs, 21913 complete and 0 interrupted iterations
default   [  59% ] 00148/02479 VUs  08.9s/15s  2479.00 iters/s

running (09.9s), 00288/02479 VUs, 24254 complete and 0 interrupted iterations
default   [  66% ] 00288/02479 VUs  09.9s/15s  2479.00 iters/s

running (10.9s), 00321/02479 VUs, 26697 complete and 0 interrupted iterations
default   [  73% ] 00321/02479 VUs  10.9s/15s  2479.00 iters/s

running (11.9s), 00114/02479 VUs, 29385 complete and 0 interrupted iterations
default   [  79% ] 00114/02479 VUs  11.9s/15s  2479.00 iters/s

running (12.9s), 00138/02479 VUs, 31840 complete and 0 interrupted iterations
default   [  86% ] 00139/02479 VUs  12.9s/15s  2479.00 iters/s

running (13.9s), 00125/02479 VUs, 34331 complete and 0 interrupted iterations
default   [  93% ] 00125/02479 VUs  13.9s/15s  2479.00 iters/s

running (14.9s), 00406/02479 VUs, 36531 complete and 0 interrupted iterations
default   [  99% ] 00406/02479 VUs  14.9s/15s  2479.00 iters/s


  █ TOTAL RESULTS 

    HTTP
    http_req_duration..............: avg=79.13ms min=26.09ms med=64.03ms max=199.04ms p(90)=128.47ms p(95)=138.57ms
      { expected_response:true }...: avg=79.13ms min=26.09ms med=64.03ms max=199.04ms p(90)=128.47ms p(95)=138.57ms
    http_req_failed................: 0.00%  0 out of 36721
    http_reqs......................: 36721  2447.014402/s

    EXECUTION
    iteration_duration.............: avg=79.2ms  min=26.18ms med=64.09ms max=199.12ms p(90)=128.53ms p(95)=138.62ms
    iterations.....................: 36721  2447.014402/s
    vus............................: 404    min=100        max=404 
    vus_max........................: 2479   min=2479       max=2479

    NETWORK
    data_received..................: 7.5 MB 497 kB/s
    data_sent......................: 3.7 MB 248 kB/s




running (15.0s), 00000/02479 VUs, 36703 complete and 482 interrupted iterations
default ✓ [ 100% ] 00482/02479 VUs  15s  2479.00 iters/s
