
         /\      Grafana   /‾‾/  
    /\  /  \     |\  __   /  /   
   /  \/    \    | |/ /  /   ‾‾\ 
  /          \   |   (  |  (‾)  |
 / __________ \  |_|\_\  \_____/ 

     execution: local
        script: workflow/spin/k6_open_client.js
        output: -

     scenarios: (100.00%) 1 scenario, 10000 max VUs, 15s max duration (incl. graceful stop):
              * default: 4102.00 iterations/s for 15s (maxVUs: 4102-10000)


running (00.9s), 00273/04102 VUs, 3300 complete and 0 interrupted iterations
default   [   6% ] 00273/04102 VUs  00.9s/15s  4102.00 iters/s

running (01.9s), 00279/04102 VUs, 7396 complete and 0 interrupted iterations
default   [  12% ] 00279/04102 VUs  01.9s/15s  4102.00 iters/s

running (02.9s), 00257/04102 VUs, 11520 complete and 0 interrupted iterations
default   [  19% ] 00257/04102 VUs  02.9s/15s  4102.00 iters/s

running (03.9s), 00267/04102 VUs, 15612 complete and 0 interrupted iterations
default   [  26% ] 00267/04102 VUs  03.9s/15s  4102.00 iters/s

running (04.9s), 00248/04102 VUs, 19733 complete and 0 interrupted iterations
default   [  32% ] 00248/04102 VUs  04.9s/15s  4102.00 iters/s

running (05.9s), 00229/04102 VUs, 23854 complete and 0 interrupted iterations
default   [  39% ] 00229/04102 VUs  05.9s/15s  4102.00 iters/s

running (06.9s), 00233/04102 VUs, 27949 complete and 0 interrupted iterations
default   [  46% ] 00233/04102 VUs  06.9s/15s  4102.00 iters/s

running (07.9s), 00230/04102 VUs, 32057 complete and 0 interrupted iterations
default   [  52% ] 00230/04102 VUs  07.9s/15s  4102.00 iters/s

running (08.9s), 00269/04102 VUs, 36120 complete and 0 interrupted iterations
default   [  59% ] 00269/04102 VUs  08.9s/15s  4102.00 iters/s

running (09.9s), 00246/04102 VUs, 40245 complete and 0 interrupted iterations
default   [  66% ] 00246/04102 VUs  09.9s/15s  4102.00 iters/s

running (10.9s), 00283/04102 VUs, 44310 complete and 0 interrupted iterations
default   [  72% ] 00283/04102 VUs  10.9s/15s  4102.00 iters/s

running (11.9s), 00249/04102 VUs, 48446 complete and 0 interrupted iterations
default   [  79% ] 00249/04102 VUs  11.9s/15s  4102.00 iters/s

running (12.9s), 00243/04102 VUs, 52554 complete and 0 interrupted iterations
default   [  86% ] 00243/04102 VUs  12.9s/15s  4102.00 iters/s

running (13.9s), 00217/04102 VUs, 56682 complete and 0 interrupted iterations
default   [  92% ] 00217/04102 VUs  13.9s/15s  4102.00 iters/s

running (14.9s), 00261/04102 VUs, 60740 complete and 0 interrupted iterations
default   [  99% ] 00261/04102 VUs  14.9s/15s  4102.00 iters/s


  █ TOTAL RESULTS 

    HTTP
    http_req_duration..............: avg=59.94ms min=43.22ms med=59.08ms max=114.85ms p(90)=67.64ms p(95)=71.37ms
      { expected_response:true }...: avg=59.94ms min=43.22ms med=59.08ms max=114.85ms p(90)=67.64ms p(95)=71.37ms
    http_req_failed................: 0.00% 0 out of 61300
    http_reqs......................: 61300 4084.667072/s

    EXECUTION
    iteration_duration.............: avg=60.04ms min=43.31ms med=59.17ms max=116.19ms p(90)=67.75ms p(95)=71.49ms
    iterations.....................: 61300 4084.667072/s
    vus............................: 261   min=216        max=283 
    vus_max........................: 4102  min=4102       max=4102

    NETWORK
    data_received..................: 12 MB 829 kB/s
    data_sent......................: 12 MB 787 kB/s




running (15.0s), 00000/04102 VUs, 61300 complete and 234 interrupted iterations
default ✓ [ 100% ] 00234/04102 VUs  15s  4102.00 iters/s
