
         /\      Grafana   /‾‾/  
    /\  /  \     |\  __   /  /   
   /  \/    \    | |/ /  /   ‾‾\ 
  /          \   |   (  |  (‾)  |
 / __________ \  |_|\_\  \_____/ 

     execution: local
        script: workflow/spin/k6_open_client.js
        output: -

     scenarios: (100.00%) 1 scenario, 10000 max VUs, 15s max duration (incl. graceful stop):
              * default: 2680.00 iterations/s for 15s (maxVUs: 2680-10000)


running (00.9s), 00135/02680 VUs, 2300 complete and 0 interrupted iterations
default   [   6% ] 00135/02680 VUs  00.9s/15s  2680.00 iters/s

running (01.9s), 00106/02680 VUs, 5009 complete and 0 interrupted iterations
default   [  13% ] 00106/02680 VUs  01.9s/15s  2680.00 iters/s

running (02.9s), 00164/02680 VUs, 7631 complete and 0 interrupted iterations
default   [  19% ] 00164/02680 VUs  02.9s/15s  2680.00 iters/s

running (03.9s), 00135/02680 VUs, 10340 complete and 0 interrupted iterations
default   [  26% ] 00135/02680 VUs  03.9s/15s  2680.00 iters/s

running (04.9s), 00196/02680 VUs, 12959 complete and 0 interrupted iterations
default   [  33% ] 00196/02680 VUs  04.9s/15s  2680.00 iters/s

running (05.9s), 00142/02680 VUs, 15695 complete and 0 interrupted iterations
default   [  39% ] 00142/02680 VUs  05.9s/15s  2680.00 iters/s

running (06.9s), 00130/02680 VUs, 18387 complete and 0 interrupted iterations
default   [  46% ] 00130/02680 VUs  06.9s/15s  2680.00 iters/s

running (07.9s), 00131/02680 VUs, 21065 complete and 0 interrupted iterations
default   [  53% ] 00132/02680 VUs  07.9s/15s  2680.00 iters/s

running (08.9s), 00157/02680 VUs, 23717 complete and 0 interrupted iterations
default   [  59% ] 00157/02680 VUs  08.9s/15s  2680.00 iters/s

running (09.9s), 00122/02680 VUs, 26433 complete and 0 interrupted iterations
default   [  66% ] 00122/02680 VUs  09.9s/15s  2680.00 iters/s

running (10.9s), 00157/02680 VUs, 29078 complete and 0 interrupted iterations
default   [  73% ] 00157/02680 VUs  10.9s/15s  2680.00 iters/s

running (11.9s), 00140/02680 VUs, 31773 complete and 0 interrupted iterations
default   [  79% ] 00140/02680 VUs  11.9s/15s  2680.00 iters/s

running (12.9s), 00143/02680 VUs, 34452 complete and 0 interrupted iterations
default   [  86% ] 00143/02680 VUs  12.9s/15s  2680.00 iters/s

running (13.9s), 00100/02680 VUs, 37175 complete and 0 interrupted iterations
default   [  93% ] 00100/02680 VUs  13.9s/15s  2680.00 iters/s

running (14.9s), 00148/02680 VUs, 39809 complete and 0 interrupted iterations
default   [  99% ] 00148/02680 VUs  14.9s/15s  2680.00 iters/s


  █ TOTAL RESULTS 

    HTTP
    http_req_duration..............: avg=47.9ms min=28.76ms med=47.77ms max=89.99ms p(90)=58.24ms p(95)=61.5ms
      { expected_response:true }...: avg=47.9ms min=28.76ms med=47.77ms max=89.99ms p(90)=58.24ms p(95)=61.5ms
    http_req_failed................: 0.00%  0 out of 40085
    http_reqs......................: 40085  2671.470427/s

    EXECUTION
    iteration_duration.............: avg=48ms   min=28.85ms med=47.86ms max=90.04ms p(90)=58.33ms p(95)=61.6ms
    iterations.....................: 40085  2671.470427/s
    vus............................: 146    min=100        max=195 
    vus_max........................: 2680   min=2680       max=2680

    NETWORK
    data_received..................: 8.1 MB 542 kB/s
    data_sent......................: 7.7 MB 514 kB/s




running (15.0s), 00000/02680 VUs, 40085 complete and 118 interrupted iterations
default ✓ [ 100% ] 00118/02680 VUs  15s  2680.00 iters/s
