
         /\      Grafana   /‾‾/  
    /\  /  \     |\  __   /  /   
   /  \/    \    | |/ /  /   ‾‾\ 
  /          \   |   (  |  (‾)  |
 / __________ \  |_|\_\  \_____/ 

     execution: local
        script: workflow/response/k6_open_client.js
        output: -

     scenarios: (100.00%) 1 scenario, 100000 max VUs, 15s max duration (incl. graceful stop):
              * default: 5742.00 iterations/s for 15s (maxVUs: 5742-100000)


running (00.8s), 000738/005742 VUs, 3994 complete and 0 interrupted iterations
default   [   5% ] 000738/005742 VUs  00.8s/15s  5742.00 iters/s

running (01.8s), 000783/005742 VUs, 9691 complete and 0 interrupted iterations
default   [  12% ] 000783/005742 VUs  01.8s/15s  5742.00 iters/s

running (02.8s), 000808/005742 VUs, 15408 complete and 0 interrupted iterations
default   [  19% ] 000808/005742 VUs  02.8s/15s  5742.00 iters/s

running (03.8s), 000897/005742 VUs, 21063 complete and 0 interrupted iterations
default   [  25% ] 000897/005742 VUs  03.8s/15s  5742.00 iters/s

running (04.8s), 000767/005742 VUs, 26936 complete and 0 interrupted iterations
default   [  32% ] 000767/005742 VUs  04.8s/15s  5742.00 iters/s

running (05.8s), 000795/005742 VUs, 32647 complete and 0 interrupted iterations
default   [  39% ] 000795/005742 VUs  05.8s/15s  5742.00 iters/s

running (06.8s), 000670/005742 VUs, 38514 complete and 0 interrupted iterations
default   [  45% ] 000670/005742 VUs  06.8s/15s  5742.00 iters/s

running (07.8s), 000875/005742 VUs, 44048 complete and 0 interrupted iterations
default   [  52% ] 000875/005742 VUs  07.8s/15s  5742.00 iters/s

running (08.8s), 000912/005742 VUs, 49756 complete and 0 interrupted iterations
default   [  59% ] 000912/005742 VUs  08.8s/15s  5742.00 iters/s

running (09.8s), 000991/005742 VUs, 55423 complete and 0 interrupted iterations
default   [  65% ] 000991/005742 VUs  09.8s/15s  5742.00 iters/s

running (10.8s), 000841/005742 VUs, 61311 complete and 0 interrupted iterations
default   [  72% ] 000841/005742 VUs  10.8s/15s  5742.00 iters/s

running (11.8s), 000696/005742 VUs, 67199 complete and 0 interrupted iterations
default   [  79% ] 000696/005742 VUs  11.8s/15s  5742.00 iters/s

running (12.8s), 000601/005742 VUs, 73035 complete and 0 interrupted iterations
default   [  85% ] 000601/005742 VUs  12.8s/15s  5742.00 iters/s

running (13.8s), 000444/005742 VUs, 78934 complete and 0 interrupted iterations
default   [  92% ] 000444/005742 VUs  13.8s/15s  5742.00 iters/s

running (14.8s), 000265/005742 VUs, 84857 complete and 0 interrupted iterations
default   [  99% ] 000265/005742 VUs  14.8s/15s  5742.00 iters/s


  █ TOTAL RESULTS 

    HTTP
    http_req_duration..............: avg=132.71ms min=37.05ms med=138.51ms max=267.21ms p(90)=165.4ms  p(95)=169.79ms
      { expected_response:true }...: avg=132.71ms min=37.05ms med=138.51ms max=267.21ms p(90)=165.4ms  p(95)=169.79ms
    http_req_failed................: 0.00% 0 out of 85773
    http_reqs......................: 85773 5714.293641/s

    EXECUTION
    iteration_duration.............: avg=132.9ms  min=37.14ms med=138.68ms max=267.42ms p(90)=165.49ms p(95)=169.86ms
    iterations.....................: 85773 5714.293641/s
    vus............................: 265   min=265        max=991 
    vus_max........................: 5742  min=5742       max=5742

    NETWORK
    data_received..................: 17 MB 1.2 MB/s
    data_sent......................: 17 MB 1.1 MB/s




running (15.0s), 000000/005742 VUs, 85762 complete and 369 interrupted iterations
default ✓ [ 100% ] 000369/005742 VUs  15s  5742.00 iters/s
