
         /\      Grafana   /‾‾/  
    /\  /  \     |\  __   /  /   
   /  \/    \    | |/ /  /   ‾‾\ 
  /          \   |   (  |  (‾)  |
 / __________ \  |_|\_\  \_____/ 

     execution: local
        script: workflow/media/k6_open_review_compose.js
        output: -

     scenarios: (100.00%) 1 scenario, 10000 max VUs, 10s max duration (incl. graceful stop):
              * default: 240.00 iterations/s for 10s (maxVUs: 240-10000)


running (01.0s), 00001/00240 VUs, 236 complete and 0 interrupted iterations
default   [  10% ] 00001/00240 VUs  01.0s/10s  240.00 iters/s

running (02.0s), 00002/00240 VUs, 475 complete and 0 interrupted iterations
default   [  20% ] 00002/00240 VUs  02.0s/10s  240.00 iters/s

running (03.0s), 00001/00240 VUs, 715 complete and 0 interrupted iterations
default   [  30% ] 00001/00240 VUs  03.0s/10s  240.00 iters/s

running (04.0s), 00002/00240 VUs, 955 complete and 0 interrupted iterations
default   [  40% ] 00002/00240 VUs  04.0s/10s  240.00 iters/s

running (05.0s), 00000/00240 VUs, 1196 complete and 0 interrupted iterations
default   [  50% ] 00000/00240 VUs  05.0s/10s  240.00 iters/s

running (06.0s), 00001/00240 VUs, 1435 complete and 0 interrupted iterations
default   [  60% ] 00001/00240 VUs  06.0s/10s  240.00 iters/s

running (07.0s), 00001/00240 VUs, 1676 complete and 0 interrupted iterations
default   [  70% ] 00001/00240 VUs  07.0s/10s  240.00 iters/s

running (08.0s), 00001/00240 VUs, 1915 complete and 0 interrupted iterations
default   [  80% ] 00001/00240 VUs  08.0s/10s  240.00 iters/s

running (09.0s), 00001/00240 VUs, 2155 complete and 0 interrupted iterations
default   [  90% ] 00001/00240 VUs  09.0s/10s  240.00 iters/s

running (10.0s), 00002/00240 VUs, 2395 complete and 0 interrupted iterations
default   [ 100% ] 00002/00240 VUs  10.0s/10s  240.00 iters/s


  █ TOTAL RESULTS 

    HTTP
    http_req_duration..............: avg=4.29ms min=2.84ms med=4.01ms max=17.55ms p(90)=4.97ms p(95)=6.47ms
      { expected_response:true }...: avg=4.29ms min=2.84ms med=4.01ms max=17.55ms p(90)=4.97ms p(95)=6.47ms
    http_req_failed................: 0.00%  0 out of 2400
    http_reqs......................: 2400   239.963003/s

    EXECUTION
    iteration_duration.............: avg=4.44ms min=2.94ms med=4.15ms max=17.75ms p(90)=5.15ms p(95)=6.59ms
    iterations.....................: 2400   239.963003/s
    vus............................: 1      min=1         max=2  
    vus_max........................: 240    min=240       max=240

    NETWORK
    data_received..................: 551 kB 55 kB/s
    data_sent......................: 1.3 MB 134 kB/s




running (10.0s), 00000/00240 VUs, 2400 complete and 1 interrupted iterations
default ✓ [ 100% ] 00001/00240 VUs  10s  240.00 iters/s
