
         /\      Grafana   /‾‾/  
    /\  /  \     |\  __   /  /   
   /  \/    \    | |/ /  /   ‾‾\ 
  /          \   |   (  |  (‾)  |
 / __________ \  |_|\_\  \_____/ 

     execution: local
        script: workflow/write/k6_open_client.js
        output: -

     scenarios: (100.00%) 1 scenario, 10000 max VUs, 15s max duration (incl. graceful stop):
              * default: 5156.00 iterations/s for 15s (maxVUs: 5156-10000)


running (00.8s), 00513/05156 VUs, 3811 complete and 0 interrupted iterations
default   [   6% ] 00512/05156 VUs  00.8s/15s  5156.00 iters/s

running (01.8s), 00507/05156 VUs, 8983 complete and 0 interrupted iterations
default   [  12% ] 00507/05156 VUs  01.8s/15s  5156.00 iters/s

running (02.8s), 00256/05156 VUs, 14387 complete and 0 interrupted iterations
default   [  19% ] 00256/05156 VUs  02.8s/15s  5156.00 iters/s

running (03.8s), 00300/05156 VUs, 19499 complete and 0 interrupted iterations
default   [  26% ] 00300/05156 VUs  03.8s/15s  5156.00 iters/s

running (04.8s), 00251/05156 VUs, 24704 complete and 0 interrupted iterations
default   [  32% ] 00251/05156 VUs  04.8s/15s  5156.00 iters/s

running (05.8s), 00288/05156 VUs, 29823 complete and 0 interrupted iterations
default   [  39% ] 00288/05156 VUs  05.8s/15s  5156.00 iters/s

running (06.8s), 00230/05156 VUs, 35034 complete and 0 interrupted iterations
default   [  46% ] 00230/05156 VUs  06.8s/15s  5156.00 iters/s

running (07.8s), 00255/05156 VUs, 40168 complete and 0 interrupted iterations
default   [  52% ] 00255/05156 VUs  07.8s/15s  5156.00 iters/s

running (08.8s), 00352/05156 VUs, 45227 complete and 0 interrupted iterations
default   [  59% ] 00352/05156 VUs  08.8s/15s  5156.00 iters/s

running (09.8s), 00292/05156 VUs, 50443 complete and 0 interrupted iterations
default   [  66% ] 00292/05156 VUs  09.8s/15s  5156.00 iters/s

running (10.8s), 00258/05156 VUs, 55629 complete and 0 interrupted iterations
default   [  72% ] 00258/05156 VUs  10.8s/15s  5156.00 iters/s

running (11.8s), 00292/05156 VUs, 60756 complete and 0 interrupted iterations
default   [  79% ] 00292/05156 VUs  11.8s/15s  5156.00 iters/s

running (12.8s), 00327/05156 VUs, 65876 complete and 0 interrupted iterations
default   [  86% ] 00327/05156 VUs  12.8s/15s  5156.00 iters/s

running (13.8s), 00247/05156 VUs, 71117 complete and 0 interrupted iterations
default   [  92% ] 00247/05156 VUs  13.8s/15s  5156.00 iters/s

running (14.8s), 00240/05156 VUs, 76275 complete and 0 interrupted iterations
default   [  99% ] 00240/05156 VUs  14.8s/15s  5156.00 iters/s


  █ TOTAL RESULTS 

    HTTP
    http_req_duration..............: avg=56.21ms min=35.96ms med=48.2ms  max=193.84ms p(90)=87.84ms p(95)=104.81ms
      { expected_response:true }...: avg=56.21ms min=35.96ms med=48.2ms  max=193.84ms p(90)=87.84ms p(95)=104.81ms
    http_req_failed................: 0.00%  0 out of 77126
    http_reqs......................: 77126  5138.987905/s

    EXECUTION
    iteration_duration.............: avg=56.54ms min=36.02ms med=48.26ms max=202.41ms p(90)=89.09ms p(95)=105.73ms
    iterations.....................: 77126  5138.987905/s
    vus............................: 240    min=235        max=512 
    vus_max........................: 5156   min=5156       max=5156

    NETWORK
    data_received..................: 16 MB  1.0 MB/s
    data_sent......................: 7.7 MB 515 kB/s




running (15.0s), 00000/05156 VUs, 77119 complete and 222 interrupted iterations
default ✓ [ 100% ] 00222/05156 VUs  15s  5156.00 iters/s
