
         /\      Grafana   /‾‾/  
    /\  /  \     |\  __   /  /   
   /  \/    \    | |/ /  /   ‾‾\ 
  /          \   |   (  |  (‾)  |
 / __________ \  |_|\_\  \_____/ 

     execution: local
        script: workflow/spin/k6_open_client.js
        output: -

     scenarios: (100.00%) 1 scenario, 10000 max VUs, 15s max duration (incl. graceful stop):
              * default: 600.00 iterations/s for 15s (maxVUs: 600-10000)


running (01.0s), 00013/00600 VUs, 567 complete and 0 interrupted iterations
default   [   6% ] 00014/00600 VUs  01.0s/15s  600.00 iters/s

running (02.0s), 00021/00600 VUs, 1160 complete and 0 interrupted iterations
default   [  13% ] 00021/00600 VUs  02.0s/15s  600.00 iters/s

running (03.0s), 00026/00600 VUs, 1754 complete and 0 interrupted iterations
default   [  20% ] 00026/00600 VUs  03.0s/15s  600.00 iters/s

running (04.0s), 00027/00600 VUs, 2354 complete and 0 interrupted iterations
default   [  26% ] 00027/00600 VUs  04.0s/15s  600.00 iters/s

running (05.0s), 00030/00600 VUs, 2950 complete and 0 interrupted iterations
default   [  33% ] 00030/00600 VUs  05.0s/15s  600.00 iters/s

running (06.0s), 00031/00600 VUs, 3549 complete and 0 interrupted iterations
default   [  40% ] 00032/00600 VUs  06.0s/15s  600.00 iters/s

running (07.0s), 00034/00600 VUs, 4147 complete and 0 interrupted iterations
default   [  46% ] 00034/00600 VUs  07.0s/15s  600.00 iters/s

running (08.0s), 00038/00600 VUs, 4743 complete and 0 interrupted iterations
default   [  53% ] 00038/00600 VUs  08.0s/15s  600.00 iters/s

running (09.0s), 00012/00600 VUs, 5368 complete and 0 interrupted iterations
default   [  60% ] 00012/00600 VUs  09.0s/15s  600.00 iters/s

running (10.0s), 00016/00600 VUs, 5965 complete and 0 interrupted iterations
default   [  66% ] 00016/00600 VUs  10.0s/15s  600.00 iters/s

running (11.0s), 00023/00600 VUs, 6558 complete and 0 interrupted iterations
default   [  73% ] 00023/00600 VUs  11.0s/15s  600.00 iters/s

running (12.0s), 00025/00600 VUs, 7155 complete and 0 interrupted iterations
default   [  80% ] 00025/00600 VUs  12.0s/15s  600.00 iters/s

running (13.0s), 00031/00600 VUs, 7750 complete and 0 interrupted iterations
default   [  86% ] 00031/00600 VUs  13.0s/15s  600.00 iters/s

running (14.0s), 00033/00600 VUs, 8348 complete and 0 interrupted iterations
default   [  93% ] 00033/00600 VUs  14.0s/15s  600.00 iters/s

running (15.0s), 00038/00600 VUs, 8942 complete and 0 interrupted iterations
default   [ 100% ] 00038/00600 VUs  15.0s/15s  600.00 iters/s


  █ TOTAL RESULTS 

    HTTP
    http_req_duration..............: avg=41.15ms min=14.12ms med=41.12ms max=70.41ms p(90)=60.76ms p(95)=63.17ms
      { expected_response:true }...: avg=41.15ms min=14.12ms med=41.12ms max=70.41ms p(90)=60.76ms p(95)=63.17ms
    http_req_failed................: 0.00%  0 out of 8973
    http_reqs......................: 8973   598.109574/s

    EXECUTION
    iteration_duration.............: avg=41.24ms min=14.22ms med=41.22ms max=70.5ms  p(90)=60.84ms p(95)=63.28ms
    iterations.....................: 8973   598.109574/s
    vus............................: 38     min=12        max=38 
    vus_max........................: 600    min=600       max=600

    NETWORK
    data_received..................: 1.8 MB 121 kB/s
    data_sent......................: 1.7 MB 115 kB/s




running (15.0s), 00000/00600 VUs, 8973 complete and 27 interrupted iterations
default ✓ [ 100% ] 00027/00600 VUs  15s  600.00 iters/s
