
         /\      Grafana   /‾‾/  
    /\  /  \     |\  __   /  /   
   /  \/    \    | |/ /  /   ‾‾\ 
  /          \   |   (  |  (‾)  |
 / __________ \  |_|\_\  \_____/ 

     execution: local
        script: workflow/spin/k6_open_client.js
        output: -

     scenarios: (100.00%) 1 scenario, 10000 max VUs, 15s max duration (incl. graceful stop):
              * default: 3123.00 iterations/s for 15s (maxVUs: 3123-10000)


running (00.9s), 00082/03123 VUs, 2691 complete and 0 interrupted iterations
default   [   6% ] 00083/03123 VUs  00.9s/15s  3123.00 iters/s

running (01.9s), 00096/03123 VUs, 5801 complete and 0 interrupted iterations
default   [  13% ] 00096/03123 VUs  01.9s/15s  3123.00 iters/s

running (02.9s), 00077/03123 VUs, 8939 complete and 0 interrupted iterations
default   [  19% ] 00077/03123 VUs  02.9s/15s  3123.00 iters/s

running (03.9s), 00096/03123 VUs, 12046 complete and 0 interrupted iterations
default   [  26% ] 00096/03123 VUs  03.9s/15s  3123.00 iters/s

running (04.9s), 00067/03123 VUs, 15199 complete and 0 interrupted iterations
default   [  33% ] 00067/03123 VUs  04.9s/15s  3123.00 iters/s

running (05.9s), 00057/03123 VUs, 18333 complete and 0 interrupted iterations
default   [  39% ] 00057/03123 VUs  05.9s/15s  3123.00 iters/s

running (06.9s), 00109/03123 VUs, 21402 complete and 0 interrupted iterations
default   [  46% ] 00109/03123 VUs  06.9s/15s  3123.00 iters/s

running (07.9s), 00091/03123 VUs, 24544 complete and 0 interrupted iterations
default   [  53% ] 00091/03123 VUs  07.9s/15s  3123.00 iters/s

running (08.9s), 00079/03123 VUs, 27679 complete and 0 interrupted iterations
default   [  59% ] 00079/03123 VUs  08.9s/15s  3123.00 iters/s

running (09.9s), 00061/03123 VUs, 30819 complete and 0 interrupted iterations
default   [  66% ] 00061/03123 VUs  09.9s/15s  3123.00 iters/s

running (10.9s), 00087/03123 VUs, 33916 complete and 0 interrupted iterations
default   [  73% ] 00087/03123 VUs  10.9s/15s  3123.00 iters/s

running (11.9s), 00062/03123 VUs, 37064 complete and 0 interrupted iterations
default   [  79% ] 00062/03123 VUs  11.9s/15s  3123.00 iters/s

running (12.9s), 00062/03123 VUs, 40187 complete and 0 interrupted iterations
default   [  86% ] 00062/03123 VUs  12.9s/15s  3123.00 iters/s

running (13.9s), 00098/03123 VUs, 43274 complete and 0 interrupted iterations
default   [  93% ] 00098/03123 VUs  13.9s/15s  3123.00 iters/s

running (14.9s), 00073/03123 VUs, 46422 complete and 0 interrupted iterations
default   [  99% ] 00073/03123 VUs  14.9s/15s  3123.00 iters/s


  █ TOTAL RESULTS 

    HTTP
    http_req_duration..............: avg=26.57ms min=15.05ms med=25.35ms max=70.98ms p(90)=33.62ms p(95)=38.6ms 
      { expected_response:true }...: avg=26.57ms min=15.05ms med=25.35ms max=70.98ms p(90)=33.62ms p(95)=38.6ms 
    http_req_failed................: 0.00%  0 out of 46784
    http_reqs......................: 46784  3117.968442/s

    EXECUTION
    iteration_duration.............: avg=26.67ms min=15.13ms med=25.44ms max=71.1ms  p(90)=33.73ms p(95)=38.72ms
    iterations.....................: 46784  3117.968442/s
    vus............................: 71     min=57         max=106 
    vus_max........................: 3123   min=3123       max=3123

    NETWORK
    data_received..................: 9.5 MB 633 kB/s
    data_sent......................: 9.0 MB 599 kB/s




running (15.0s), 00000/03123 VUs, 46784 complete and 59 interrupted iterations
default ✓ [ 100% ] 00059/03123 VUs  15s  3123.00 iters/s
