
         /\      Grafana   /‾‾/  
    /\  /  \     |\  __   /  /   
   /  \/    \    | |/ /  /   ‾‾\ 
  /          \   |   (  |  (‾)  |
 / __________ \  |_|\_\  \_____/ 

     execution: local
        script: workflow/online_boutique/k6_open_add_to_cart.js
        output: -

     scenarios: (100.00%) 1 scenario, 10000 max VUs, 15s max duration (incl. graceful stop):
              * default: 630.00 iterations/s for 15s (maxVUs: 630-10000)


running (01.0s), 00088/00630 VUs, 522 complete and 0 interrupted iterations
default   [   6% ] 00088/00630 VUs  01.0s/15s  630.00 iters/s

running (02.0s), 00075/00630 VUs, 1166 complete and 0 interrupted iterations
default   [  13% ] 00075/00630 VUs  02.0s/15s  630.00 iters/s

running (03.0s), 00078/00630 VUs, 1792 complete and 0 interrupted iterations
default   [  20% ] 00078/00630 VUs  03.0s/15s  630.00 iters/s

running (04.0s), 00076/00630 VUs, 2424 complete and 0 interrupted iterations
default   [  26% ] 00076/00630 VUs  04.0s/15s  630.00 iters/s

running (05.0s), 00054/00630 VUs, 3076 complete and 0 interrupted iterations
default   [  33% ] 00054/00630 VUs  05.0s/15s  630.00 iters/s

running (06.0s), 00077/00630 VUs, 3683 complete and 0 interrupted iterations
default   [  40% ] 00077/00630 VUs  06.0s/15s  630.00 iters/s

running (07.0s), 00028/00630 VUs, 4362 complete and 0 interrupted iterations
default   [  46% ] 00028/00630 VUs  07.0s/15s  630.00 iters/s

running (08.0s), 00079/00630 VUs, 4942 complete and 0 interrupted iterations
default   [  53% ] 00079/00630 VUs  08.0s/15s  630.00 iters/s

running (09.0s), 00073/00630 VUs, 5577 complete and 0 interrupted iterations
default   [  60% ] 00073/00630 VUs  09.0s/15s  630.00 iters/s

running (10.0s), 00079/00630 VUs, 6202 complete and 0 interrupted iterations
default   [  66% ] 00079/00630 VUs  10.0s/15s  630.00 iters/s

running (11.0s), 00032/00630 VUs, 6879 complete and 0 interrupted iterations
default   [  73% ] 00032/00630 VUs  11.0s/15s  630.00 iters/s

running (12.0s), 00082/00630 VUs, 7458 complete and 0 interrupted iterations
default   [  80% ] 00082/00630 VUs  12.0s/15s  630.00 iters/s

running (13.0s), 00032/00630 VUs, 8138 complete and 0 interrupted iterations
default   [  86% ] 00032/00630 VUs  13.0s/15s  630.00 iters/s

running (14.0s), 00080/00630 VUs, 8720 complete and 0 interrupted iterations
default   [  93% ] 00080/00630 VUs  14.0s/15s  630.00 iters/s

running (15.0s), 00035/00630 VUs, 9396 complete and 0 interrupted iterations
default   [ 100% ] 00035/00630 VUs  15.0s/15s  630.00 iters/s


  █ TOTAL RESULTS 

    CUSTOM
    online_boutique_application_errors...: 0.00%  0 out of 9396

    HTTP
    http_req_duration....................: avg=118.14ms min=42.98ms med=117.86ms max=196.71ms p(90)=174.26ms p(95)=181.25ms
      { expected_response:true }.........: avg=118.14ms min=42.98ms med=117.86ms max=196.71ms p(90)=174.26ms p(95)=181.25ms
    http_req_failed......................: 0.00%  0 out of 9396
    http_reqs............................: 9396   626.336379/s

    EXECUTION
    iteration_duration...................: avg=118.48ms min=43.09ms med=118.4ms  max=196.85ms p(90)=174.43ms p(95)=181.43ms
    iterations...........................: 9396   626.336379/s
    vus..................................: 34     min=28        max=87 
    vus_max..............................: 630    min=630       max=630

    NETWORK
    data_received........................: 7.3 MB 485 kB/s
    data_sent............................: 2.4 MB 163 kB/s




running (15.0s), 00000/00630 VUs, 9396 complete and 54 interrupted iterations
default ✓ [ 100% ] 00054/00630 VUs  15s  630.00 iters/s
