
         /\      Grafana   /‾‾/  
    /\  /  \     |\  __   /  /   
   /  \/    \    | |/ /  /   ‾‾\ 
  /          \   |   (  |  (‾)  |
 / __________ \  |_|\_\  \_____/ 

     execution: local
        script: workflow/spin/k6_open_client.js
        output: -

     scenarios: (100.00%) 1 scenario, 10000 max VUs, 15s max duration (incl. graceful stop):
              * default: 3656.00 iterations/s for 15s (maxVUs: 3656-10000)


running (00.9s), 00228/03656 VUs, 2988 complete and 0 interrupted iterations
default   [   6% ] 00228/03656 VUs  00.9s/15s  3656.00 iters/s

running (01.9s), 00242/03656 VUs, 6630 complete and 0 interrupted iterations
default   [  13% ] 00242/03656 VUs  01.9s/15s  3656.00 iters/s

running (02.9s), 00231/03656 VUs, 10297 complete and 0 interrupted iterations
default   [  19% ] 00231/03656 VUs  02.9s/15s  3656.00 iters/s

running (03.9s), 00184/03656 VUs, 14001 complete and 0 interrupted iterations
default   [  26% ] 00184/03656 VUs  03.9s/15s  3656.00 iters/s

running (04.9s), 00233/03656 VUs, 17604 complete and 0 interrupted iterations
default   [  33% ] 00233/03656 VUs  04.9s/15s  3656.00 iters/s

running (05.9s), 00243/03656 VUs, 21254 complete and 0 interrupted iterations
default   [  39% ] 00242/03656 VUs  05.9s/15s  3656.00 iters/s

running (06.9s), 00235/03656 VUs, 24917 complete and 0 interrupted iterations
default   [  46% ] 00235/03656 VUs  06.9s/15s  3656.00 iters/s

running (07.9s), 00192/03656 VUs, 28618 complete and 0 interrupted iterations
default   [  53% ] 00192/03656 VUs  07.9s/15s  3656.00 iters/s

running (08.9s), 00289/03656 VUs, 32175 complete and 0 interrupted iterations
default   [  59% ] 00289/03656 VUs  08.9s/15s  3656.00 iters/s

running (09.9s), 00257/03656 VUs, 35862 complete and 0 interrupted iterations
default   [  66% ] 00257/03656 VUs  09.9s/15s  3656.00 iters/s

running (10.9s), 00207/03656 VUs, 39568 complete and 0 interrupted iterations
default   [  73% ] 00207/03656 VUs  10.9s/15s  3656.00 iters/s

running (11.9s), 00253/03656 VUs, 43181 complete and 0 interrupted iterations
default   [  79% ] 00253/03656 VUs  11.9s/15s  3656.00 iters/s

running (12.9s), 00201/03656 VUs, 46887 complete and 0 interrupted iterations
default   [  86% ] 00201/03656 VUs  12.9s/15s  3656.00 iters/s

running (13.9s), 00234/03656 VUs, 50489 complete and 0 interrupted iterations
default   [  93% ] 00234/03656 VUs  13.9s/15s  3656.00 iters/s

running (14.9s), 00220/03656 VUs, 54180 complete and 0 interrupted iterations
default   [  99% ] 00220/03656 VUs  14.9s/15s  3656.00 iters/s


  █ TOTAL RESULTS 

    HTTP
    http_req_duration..............: avg=62.57ms min=35.45ms med=62.04ms max=106.53ms p(90)=71.34ms p(95)=74.81ms
      { expected_response:true }...: avg=62.57ms min=35.45ms med=62.04ms max=106.53ms p(90)=71.34ms p(95)=74.81ms
    http_req_failed................: 0.00% 0 out of 54621
    http_reqs......................: 54621 3639.767356/s

    EXECUTION
    iteration_duration.............: avg=62.67ms min=35.67ms med=62.13ms max=106.83ms p(90)=71.47ms p(95)=74.96ms
    iterations.....................: 54621 3639.767356/s
    vus............................: 219   min=182        max=289 
    vus_max........................: 3656  min=3656       max=3656

    NETWORK
    data_received..................: 11 MB 739 kB/s
    data_sent......................: 11 MB 701 kB/s




running (15.0s), 00000/03656 VUs, 54620 complete and 223 interrupted iterations
default ✓ [ 100% ] 00223/03656 VUs  15s  3656.00 iters/s
