
         /\      Grafana   /‾‾/  
    /\  /  \     |\  __   /  /   
   /  \/    \    | |/ /  /   ‾‾\ 
  /          \   |   (  |  (‾)  |
 / __________ \  |_|\_\  \_____/ 

     execution: local
        script: workflow/spin/k6_open_client.js
        output: -

     scenarios: (100.00%) 1 scenario, 10000 max VUs, 15s max duration (incl. graceful stop):
              * default: 429.00 iterations/s for 15s (maxVUs: 429-10000)


running (01.0s), 00018/00429 VUs, 402 complete and 0 interrupted iterations
default   [   7% ] 00018/00429 VUs  01.0s/15s  429.00 iters/s

running (02.0s), 00015/00429 VUs, 834 complete and 0 interrupted iterations
default   [  13% ] 00015/00429 VUs  02.0s/15s  429.00 iters/s

running (03.0s), 00042/00429 VUs, 1236 complete and 0 interrupted iterations
default   [  20% ] 00042/00429 VUs  03.0s/15s  429.00 iters/s

running (04.0s), 00037/00429 VUs, 1670 complete and 0 interrupted iterations
default   [  27% ] 00037/00429 VUs  04.0s/15s  429.00 iters/s

running (05.0s), 00033/00429 VUs, 2103 complete and 0 interrupted iterations
default   [  33% ] 00033/00429 VUs  05.0s/15s  429.00 iters/s

running (06.0s), 00028/00429 VUs, 2537 complete and 0 interrupted iterations
default   [  40% ] 00028/00429 VUs  06.0s/15s  429.00 iters/s

running (07.0s), 00018/00429 VUs, 2976 complete and 0 interrupted iterations
default   [  47% ] 00018/00429 VUs  07.0s/15s  429.00 iters/s

running (08.0s), 00013/00429 VUs, 3410 complete and 0 interrupted iterations
default   [  53% ] 00013/00429 VUs  08.0s/15s  429.00 iters/s

running (09.0s), 00042/00429 VUs, 3810 complete and 0 interrupted iterations
default   [  60% ] 00042/00429 VUs  09.0s/15s  429.00 iters/s

running (10.0s), 00034/00429 VUs, 4247 complete and 0 interrupted iterations
default   [  67% ] 00034/00429 VUs  10.0s/15s  429.00 iters/s

running (11.0s), 00031/00429 VUs, 4679 complete and 0 interrupted iterations
default   [  73% ] 00031/00429 VUs  11.0s/15s  429.00 iters/s

running (12.0s), 00028/00429 VUs, 5111 complete and 0 interrupted iterations
default   [  80% ] 00028/00429 VUs  12.0s/15s  429.00 iters/s

running (13.0s), 00023/00429 VUs, 5545 complete and 0 interrupted iterations
default   [  87% ] 00023/00429 VUs  13.0s/15s  429.00 iters/s

running (14.0s), 00015/00429 VUs, 5982 complete and 0 interrupted iterations
default   [  93% ] 00015/00429 VUs  14.0s/15s  429.00 iters/s

running (15.0s), 00042/00429 VUs, 6384 complete and 0 interrupted iterations
default   [ 100% ] 00042/00429 VUs  15.0s/15s  429.00 iters/s


  █ TOTAL RESULTS 

    HTTP
    http_req_duration..............: avg=66.24ms min=25.98ms med=66.2ms  max=108.1ms  p(90)=95.87ms p(95)=99.53ms
      { expected_response:true }...: avg=66.24ms min=25.98ms med=66.2ms  max=108.1ms  p(90)=95.87ms p(95)=99.53ms
    http_req_failed................: 0.00%  0 out of 6417
    http_reqs......................: 6417   427.760378/s

    EXECUTION
    iteration_duration.............: avg=66.33ms min=26.07ms med=66.28ms max=108.18ms p(90)=95.96ms p(95)=99.61ms
    iterations.....................: 6417   427.760378/s
    vus............................: 42     min=13        max=42 
    vus_max........................: 429    min=429       max=429

    NETWORK
    data_received..................: 1.3 MB 86 kB/s
    data_sent......................: 1.2 MB 82 kB/s




running (15.0s), 00000/00429 VUs, 6417 complete and 18 interrupted iterations
default ✓ [ 100% ] 00018/00429 VUs  15s  429.00 iters/s
