
         /\      Grafana   /‾‾/  
    /\  /  \     |\  __   /  /   
   /  \/    \    | |/ /  /   ‾‾\ 
  /          \   |   (  |  (‾)  |
 / __________ \  |_|\_\  \_____/ 

     execution: local
        script: workflow/write/k6_open_client.js
        output: -

     scenarios: (100.00%) 1 scenario, 10000 max VUs, 15s max duration (incl. graceful stop):
              * default: 4056.00 iterations/s for 15s (maxVUs: 4056-10000)


running (00.9s), 00233/04056 VUs, 3293 complete and 0 interrupted iterations
default   [   6% ] 00233/04056 VUs  00.9s/15s  4056.00 iters/s

running (01.9s), 00152/04056 VUs, 7430 complete and 0 interrupted iterations
default   [  12% ] 00152/04056 VUs  01.9s/15s  4056.00 iters/s

running (02.9s), 00151/04056 VUs, 11489 complete and 0 interrupted iterations
default   [  19% ] 00151/04056 VUs  02.9s/15s  4056.00 iters/s

running (03.9s), 00174/04056 VUs, 15523 complete and 0 interrupted iterations
default   [  26% ] 00174/04056 VUs  03.9s/15s  4056.00 iters/s

running (04.9s), 00148/04056 VUs, 19600 complete and 0 interrupted iterations
default   [  32% ] 00148/04056 VUs  04.9s/15s  4056.00 iters/s

running (05.9s), 00184/04056 VUs, 23622 complete and 0 interrupted iterations
default   [  39% ] 00184/04056 VUs  05.9s/15s  4056.00 iters/s

running (06.9s), 00211/04056 VUs, 27652 complete and 0 interrupted iterations
default   [  46% ] 00211/04056 VUs  06.9s/15s  4056.00 iters/s

running (07.9s), 00175/04056 VUs, 31743 complete and 0 interrupted iterations
default   [  52% ] 00175/04056 VUs  07.9s/15s  4056.00 iters/s

running (08.9s), 00156/04056 VUs, 35818 complete and 0 interrupted iterations
default   [  59% ] 00156/04056 VUs  08.9s/15s  4056.00 iters/s

running (09.9s), 00183/04056 VUs, 39847 complete and 0 interrupted iterations
default   [  66% ] 00183/04056 VUs  09.9s/15s  4056.00 iters/s

running (10.9s), 00212/04056 VUs, 43869 complete and 0 interrupted iterations
default   [  72% ] 00212/04056 VUs  10.9s/15s  4056.00 iters/s

running (11.9s), 00189/04056 VUs, 47953 complete and 0 interrupted iterations
default   [  79% ] 00189/04056 VUs  11.9s/15s  4056.00 iters/s

running (12.9s), 00208/04056 VUs, 51993 complete and 0 interrupted iterations
default   [  86% ] 00208/04056 VUs  12.9s/15s  4056.00 iters/s

running (13.9s), 00151/04056 VUs, 56103 complete and 0 interrupted iterations
default   [  92% ] 00150/04056 VUs  13.9s/15s  4056.00 iters/s

running (14.9s), 00206/04056 VUs, 60104 complete and 0 interrupted iterations
default   [  99% ] 00206/04056 VUs  14.9s/15s  4056.00 iters/s


  █ TOTAL RESULTS 

    HTTP
    http_req_duration..............: avg=45.22ms min=30.73ms med=45.08ms max=68.71ms p(90)=53ms    p(95)=55.35ms
      { expected_response:true }...: avg=45.22ms min=30.73ms med=45.08ms max=68.71ms p(90)=53ms    p(95)=55.35ms
    http_req_failed................: 0.00%  0 out of 60659
    http_reqs......................: 60659  4041.987892/s

    EXECUTION
    iteration_duration.............: avg=45.32ms min=30.78ms med=45.18ms max=69.59ms p(90)=53.13ms p(95)=55.53ms
    iterations.....................: 60659  4041.987892/s
    vus............................: 203    min=149        max=232 
    vus_max........................: 4056   min=4056       max=4056

    NETWORK
    data_received..................: 12 MB  821 kB/s
    data_sent......................: 6.1 MB 405 kB/s




running (15.0s), 00000/04056 VUs, 60655 complete and 186 interrupted iterations
default ✓ [ 100% ] 00186/04056 VUs  15s  4056.00 iters/s
