
         /\      Grafana   /‾‾/  
    /\  /  \     |\  __   /  /   
   /  \/    \    | |/ /  /   ‾‾\ 
  /          \   |   (  |  (‾)  |
 / __________ \  |_|\_\  \_____/ 

     execution: local
        script: workflow/hotel/k6_open_hotels_client.js
        output: -

     scenarios: (100.00%) 1 scenario, 10000 max VUs, 15s max duration (incl. graceful stop):
              * default: 6000.00 iterations/s for 15s (maxVUs: 6000-10000)


running (00.8s), 00782/06000 VUs, 4060 complete and 0 interrupted iterations
default   [   5% ] 00782/06000 VUs  00.8s/15s  6000.00 iters/s

running (01.8s), 01056/06000 VUs, 9786 complete and 0 interrupted iterations
default   [  12% ] 01056/06000 VUs  01.8s/15s  6000.00 iters/s

running (02.8s), 01262/06000 VUs, 15580 complete and 0 interrupted iterations
default   [  19% ] 01262/06000 VUs  02.8s/15s  6000.00 iters/s

running (03.8s), 01430/06000 VUs, 21412 complete and 0 interrupted iterations
default   [  25% ] 01430/06000 VUs  03.8s/15s  6000.00 iters/s

running (04.8s), 01556/06000 VUs, 27286 complete and 0 interrupted iterations
default   [  32% ] 01557/06000 VUs  04.8s/15s  6000.00 iters/s

running (05.8s), 01746/06000 VUs, 33096 complete and 0 interrupted iterations
default   [  39% ] 01746/06000 VUs  05.8s/15s  6000.00 iters/s

running (06.8s), 01882/06000 VUs, 38960 complete and 0 interrupted iterations
default   [  45% ] 01882/06000 VUs  06.8s/15s  6000.00 iters/s

running (07.8s), 01930/06000 VUs, 44912 complete and 0 interrupted iterations
default   [  52% ] 01930/06000 VUs  07.8s/15s  6000.00 iters/s

running (08.8s), 02181/06000 VUs, 50661 complete and 0 interrupted iterations
default   [  59% ] 02181/06000 VUs  08.8s/15s  6000.00 iters/s

running (09.8s), 02209/06000 VUs, 56633 complete and 0 interrupted iterations
default   [  65% ] 02209/06000 VUs  09.8s/15s  6000.00 iters/s

running (10.8s), 02236/06000 VUs, 62607 complete and 0 interrupted iterations
default   [  72% ] 02236/06000 VUs  10.8s/15s  6000.00 iters/s

running (11.8s), 02245/06000 VUs, 68597 complete and 0 interrupted iterations
default   [  79% ] 02245/06000 VUs  11.8s/15s  6000.00 iters/s

running (12.8s), 02231/06000 VUs, 74611 complete and 0 interrupted iterations
default   [  85% ] 02231/06000 VUs  12.8s/15s  6000.00 iters/s

running (13.8s), 02081/06000 VUs, 80760 complete and 0 interrupted iterations
default   [  92% ] 02081/06000 VUs  13.8s/15s  6000.00 iters/s

running (14.8s), 02150/06000 VUs, 86692 complete and 0 interrupted iterations
default   [  99% ] 02150/06000 VUs  14.8s/15s  6000.00 iters/s


  █ TOTAL RESULTS 

    HTTP
    http_req_duration..............: avg=297.08ms min=1.12ms med=327.05ms max=1.09s p(90)=373.6ms  p(95)=376.76ms
      { expected_response:true }...: avg=297.08ms min=1.12ms med=327.05ms max=1.09s p(90)=373.6ms  p(95)=376.76ms
    http_req_failed................: 0.00% 0 out of 87869
    http_reqs......................: 87869 5849.390821/s

    EXECUTION
    iteration_duration.............: avg=297.24ms min=1.22ms med=327.16ms max=1.09s p(90)=373.73ms p(95)=376.9ms 
    iterations.....................: 87869 5849.390821/s
    vus............................: 2149  min=782        max=2245
    vus_max........................: 6000  min=6000       max=6000

    NETWORK
    data_received..................: 25 MB 1.7 MB/s
    data_sent......................: 30 MB 2.0 MB/s




running (15.0s), 00000/06000 VUs, 87843 complete and 2158 interrupted iterations
default ✓ [ 100% ] 02158/06000 VUs  15s  6000.00 iters/s
