
         /\      Grafana   /‾‾/  
    /\  /  \     |\  __   /  /   
   /  \/    \    | |/ /  /   ‾‾\ 
  /          \   |   (  |  (‾)  |
 / __________ \  |_|\_\  \_____/ 

     execution: local
        script: workflow/write/k6_open_client.js
        output: -

     scenarios: (100.00%) 1 scenario, 10000 max VUs, 15s max duration (incl. graceful stop):
              * default: 5212.00 iterations/s for 15s (maxVUs: 5212-10000)


running (00.8s), 00975/05212 VUs, 3436 complete and 0 interrupted iterations
default   [   6% ] 00975/05212 VUs  00.8s/15s  5212.00 iters/s

running (01.8s), 01731/05212 VUs, 7898 complete and 0 interrupted iterations
default   [  12% ] 01731/05212 VUs  01.8s/15s  5212.00 iters/s

running (02.8s), 02299/05212 VUs, 12541 complete and 0 interrupted iterations
default   [  19% ] 02299/05212 VUs  02.8s/15s  5212.00 iters/s

running (03.8s), 02751/05212 VUs, 17300 complete and 0 interrupted iterations
default   [  26% ] 02751/05212 VUs  03.8s/15s  5212.00 iters/s

running (04.8s), 03391/05212 VUs, 21873 complete and 0 interrupted iterations
default   [  32% ] 03391/05212 VUs  04.8s/15s  5212.00 iters/s

running (05.8s), 03897/05212 VUs, 26584 complete and 0 interrupted iterations
default   [  39% ] 03897/05212 VUs  05.8s/15s  5212.00 iters/s

running (06.8s), 04269/05212 VUs, 31418 complete and 0 interrupted iterations
default   [  46% ] 04269/05212 VUs  06.8s/15s  5212.00 iters/s

running (07.8s), 04975/05212 VUs, 35927 complete and 0 interrupted iterations
default   [  52% ] 04975/05212 VUs  07.8s/15s  5212.00 iters/s

running (08.8s), 05206/05268 VUs, 40663 complete and 0 interrupted iterations
default   [  59% ] 05206/05268 VUs  08.8s/15s  5212.00 iters/s

running (09.8s), 05332/05347 VUs, 45418 complete and 0 interrupted iterations
default   [  66% ] 05332/05347 VUs  09.8s/15s  5212.00 iters/s

running (10.8s), 05387/05434 VUs, 50113 complete and 0 interrupted iterations
default   [  72% ] 05387/05434 VUs  10.8s/15s  5212.00 iters/s

running (11.8s), 05489/05542 VUs, 54793 complete and 0 interrupted iterations
default   [  79% ] 05489/05542 VUs  11.8s/15s  5212.00 iters/s

running (12.8s), 05561/05611 VUs, 59635 complete and 0 interrupted iterations
default   [  86% ] 05561/05611 VUs  12.8s/15s  5212.00 iters/s

running (13.8s), 05721/05721 VUs, 64256 complete and 0 interrupted iterations
default   [  92% ] 05721/05721 VUs  13.8s/15s  5212.00 iters/s

running (14.8s), 05816/05836 VUs, 68907 complete and 0 interrupted iterations
default   [  99% ] 05816/05836 VUs  14.8s/15s  5212.00 iters/s


  █ TOTAL RESULTS 

    HTTP
    http_req_duration..............: avg=824.18ms min=53.21ms med=927.81ms max=1.24s p(90)=1.17s p(95)=1.21s
      { expected_response:true }...: avg=824.18ms min=53.21ms med=927.81ms max=1.24s p(90)=1.17s p(95)=1.21s
    http_req_failed................: 0.00%  0 out of 69683
    http_reqs......................: 69683  4629.26772/s

    EXECUTION
    dropped_iterations.............: 2684   178.306826/s
    iteration_duration.............: avg=824.46ms min=53.8ms  med=927.87ms max=1.25s p(90)=1.17s p(95)=1.21s
    iterations.....................: 69683  4629.26772/s
    vus............................: 5816   min=976        max=5816
    vus_max........................: 5836   min=5212       max=5836

    NETWORK
    data_received..................: 14 MB  940 kB/s
    data_sent......................: 7.5 MB 502 kB/s




running (15.1s), 00000/05842 VUs, 69671 complete and 5826 interrupted iterations
default ✓ [ 100% ] 05826/05842 VUs  15s  5212.00 iters/s
