
         /\      Grafana   /‾‾/  
    /\  /  \     |\  __   /  /   
   /  \/    \    | |/ /  /   ‾‾\ 
  /          \   |   (  |  (‾)  |
 / __________ \  |_|\_\  \_____/ 

     execution: local
        script: workflow/spin/k6_open_client.js
        output: -

     scenarios: (100.00%) 1 scenario, 10000 max VUs, 15s max duration (incl. graceful stop):
              * default: 1587.00 iterations/s for 15s (maxVUs: 1587-10000)


running (00.9s), 00713/01587 VUs, 783 complete and 0 interrupted iterations
default   [   6% ] 00713/01587 VUs  00.9s/15s  1587.00 iters/s

running (01.9s), 00600/01587 VUs, 2484 complete and 0 interrupted iterations
default   [  13% ] 00600/01587 VUs  01.9s/15s  1587.00 iters/s

running (02.9s), 00689/01587 VUs, 3982 complete and 0 interrupted iterations
default   [  20% ] 00689/01587 VUs  02.9s/15s  1587.00 iters/s

running (03.9s), 00789/01587 VUs, 5469 complete and 0 interrupted iterations
default   [  26% ] 00789/01587 VUs  03.9s/15s  1587.00 iters/s

running (04.9s), 00900/01587 VUs, 6944 complete and 0 interrupted iterations
default   [  33% ] 00900/01587 VUs  04.9s/15s  1587.00 iters/s

running (05.9s), 00655/01587 VUs, 8776 complete and 0 interrupted iterations
default   [  40% ] 00655/01587 VUs  05.9s/15s  1587.00 iters/s

running (06.9s), 00608/01587 VUs, 10411 complete and 0 interrupted iterations
default   [  46% ] 00608/01587 VUs  06.9s/15s  1587.00 iters/s

running (07.9s), 00709/01587 VUs, 11896 complete and 0 interrupted iterations
default   [  53% ] 00709/01587 VUs  07.9s/15s  1587.00 iters/s

running (08.9s), 00817/01587 VUs, 13376 complete and 0 interrupted iterations
default   [  60% ] 00817/01587 VUs  08.9s/15s  1587.00 iters/s

running (09.9s), 00917/01587 VUs, 14862 complete and 0 interrupted iterations
default   [  66% ] 00918/01587 VUs  09.9s/15s  1587.00 iters/s

running (10.9s), 00534/01587 VUs, 16832 complete and 0 interrupted iterations
default   [  73% ] 00534/01587 VUs  10.9s/15s  1587.00 iters/s

running (11.9s), 00644/01587 VUs, 18309 complete and 0 interrupted iterations
default   [  80% ] 00644/01587 VUs  11.9s/15s  1587.00 iters/s

running (12.9s), 00755/01587 VUs, 19785 complete and 0 interrupted iterations
default   [  86% ] 00755/01587 VUs  12.9s/15s  1587.00 iters/s

running (13.9s), 00853/01587 VUs, 21275 complete and 0 interrupted iterations
default   [  93% ] 00853/01587 VUs  13.9s/15s  1587.00 iters/s

running (14.9s), 00834/01587 VUs, 22880 complete and 0 interrupted iterations
default   [ 100% ] 00834/01587 VUs  14.9s/15s  1587.00 iters/s


  █ TOTAL RESULTS 

    HTTP
    http_req_duration..............: avg=464.38ms min=317.82ms med=461.97ms max=611.31ms p(90)=566.52ms p(95)=579.1ms 
      { expected_response:true }...: avg=464.38ms min=317.82ms med=461.97ms max=611.31ms p(90)=566.52ms p(95)=579.1ms 
    http_req_failed................: 0.00%  0 out of 23266
    http_reqs......................: 23266  1550.387043/s

    EXECUTION
    iteration_duration.............: avg=464.47ms min=317.89ms med=462.04ms max=611.41ms p(90)=566.62ms p(95)=579.21ms
    iterations.....................: 23266  1550.387043/s
    vus............................: 834    min=535        max=918 
    vus_max........................: 1587   min=1587       max=1587

    NETWORK
    data_received..................: 4.7 MB 315 kB/s
    data_sent......................: 4.6 MB 304 kB/s




running (15.0s), 00000/01587 VUs, 23266 complete and 539 interrupted iterations
default ✓ [ 100% ] 00539/01587 VUs  15s  1587.00 iters/s
