
         /\      Grafana   /‾‾/  
    /\  /  \     |\  __   /  /   
   /  \/    \    | |/ /  /   ‾‾\ 
  /          \   |   (  |  (‾)  |
 / __________ \  |_|\_\  \_____/ 

     execution: local
        script: workflow/spin/k6_open_client.js
        output: -

     scenarios: (100.00%) 1 scenario, 10000 max VUs, 15s max duration (incl. graceful stop):
              * default: 3436.00 iterations/s for 15s (maxVUs: 3436-10000)


running (00.9s), 00274/03436 VUs, 2763 complete and 0 interrupted iterations
default   [   6% ] 00275/03436 VUs  00.9s/15s  3436.00 iters/s

running (01.9s), 00238/03436 VUs, 6236 complete and 0 interrupted iterations
default   [  13% ] 00238/03436 VUs  01.9s/15s  3436.00 iters/s

running (02.9s), 00235/03436 VUs, 9673 complete and 0 interrupted iterations
default   [  19% ] 00237/03436 VUs  02.9s/15s  3436.00 iters/s

running (03.9s), 00229/03436 VUs, 13117 complete and 0 interrupted iterations
default   [  26% ] 00229/03436 VUs  03.9s/15s  3436.00 iters/s

running (04.9s), 00267/03436 VUs, 16513 complete and 0 interrupted iterations
default   [  33% ] 00267/03436 VUs  04.9s/15s  3436.00 iters/s

running (05.9s), 00315/03436 VUs, 19899 complete and 0 interrupted iterations
default   [  39% ] 00315/03436 VUs  05.9s/15s  3436.00 iters/s

running (06.9s), 00321/03436 VUs, 23333 complete and 0 interrupted iterations
default   [  46% ] 00321/03436 VUs  06.9s/15s  3436.00 iters/s

running (07.9s), 00316/03436 VUs, 26774 complete and 0 interrupted iterations
default   [  53% ] 00316/03436 VUs  07.9s/15s  3436.00 iters/s

running (08.9s), 00281/03436 VUs, 30245 complete and 0 interrupted iterations
default   [  59% ] 00281/03436 VUs  08.9s/15s  3436.00 iters/s

running (09.9s), 00318/03436 VUs, 33643 complete and 0 interrupted iterations
default   [  66% ] 00319/03436 VUs  09.9s/15s  3436.00 iters/s

running (10.9s), 00333/03436 VUs, 37065 complete and 0 interrupted iterations
default   [  73% ] 00333/03436 VUs  10.9s/15s  3436.00 iters/s

running (11.9s), 00268/03436 VUs, 40566 complete and 0 interrupted iterations
default   [  79% ] 00268/03436 VUs  11.9s/15s  3436.00 iters/s

running (12.9s), 00340/03436 VUs, 43930 complete and 0 interrupted iterations
default   [  86% ] 00340/03436 VUs  12.9s/15s  3436.00 iters/s

running (13.9s), 00311/03436 VUs, 47395 complete and 0 interrupted iterations
default   [  93% ] 00311/03436 VUs  13.9s/15s  3436.00 iters/s

running (14.9s), 00201/03436 VUs, 50941 complete and 0 interrupted iterations
default   [  99% ] 00201/03436 VUs  14.9s/15s  3436.00 iters/s


  █ TOTAL RESULTS 

    HTTP
    http_req_duration..............: avg=82.78ms min=53.59ms med=82.68ms max=116.61ms p(90)=97.1ms p(95)=100.48ms
      { expected_response:true }...: avg=82.78ms min=53.59ms med=82.68ms max=116.61ms p(90)=97.1ms p(95)=100.48ms
    http_req_failed................: 0.00%  0 out of 51264
    http_reqs......................: 51264  3416.079966/s

    EXECUTION
    iteration_duration.............: avg=82.87ms min=53.68ms med=82.78ms max=116.75ms p(90)=97.2ms p(95)=100.57ms
    iterations.....................: 51264  3416.079966/s
    vus............................: 198    min=198        max=338 
    vus_max........................: 3436   min=3436       max=3436

    NETWORK
    data_received..................: 10 MB  694 kB/s
    data_sent......................: 9.9 MB 659 kB/s




running (15.0s), 00000/03436 VUs, 51262 complete and 279 interrupted iterations
default ✓ [ 100% ] 00279/03436 VUs  15s  3436.00 iters/s
