
         /\      Grafana   /‾‾/  
    /\  /  \     |\  __   /  /   
   /  \/    \    | |/ /  /   ‾‾\ 
  /          \   |   (  |  (‾)  |
 / __________ \  |_|\_\  \_____/ 

     execution: local
        script: workflow/spin/k6_open_client.js
        output: -

     scenarios: (100.00%) 1 scenario, 10000 max VUs, 15s max duration (incl. graceful stop):
              * default: 529.00 iterations/s for 15s (maxVUs: 529-10000)


running (01.0s), 00021/00529 VUs, 494 complete and 0 interrupted iterations
default   [   6% ] 00021/00529 VUs  01.0s/15s  529.00 iters/s

running (02.0s), 00007/00529 VUs, 1037 complete and 0 interrupted iterations
default   [  13% ] 00007/00529 VUs  02.0s/15s  529.00 iters/s

running (03.0s), 00013/00529 VUs, 1560 complete and 0 interrupted iterations
default   [  20% ] 00013/00529 VUs  03.0s/15s  529.00 iters/s

running (04.0s), 00016/00529 VUs, 2086 complete and 0 interrupted iterations
default   [  26% ] 00016/00529 VUs  04.0s/15s  529.00 iters/s

running (05.0s), 00020/00529 VUs, 2611 complete and 0 interrupted iterations
default   [  33% ] 00020/00529 VUs  05.0s/15s  529.00 iters/s

running (06.0s), 00022/00529 VUs, 3138 complete and 0 interrupted iterations
default   [  40% ] 00022/00529 VUs  06.0s/15s  529.00 iters/s

running (07.0s), 00023/00529 VUs, 3666 complete and 0 interrupted iterations
default   [  46% ] 00023/00529 VUs  07.0s/15s  529.00 iters/s

running (08.0s), 00009/00529 VUs, 4209 complete and 0 interrupted iterations
default   [  53% ] 00009/00529 VUs  08.0s/15s  529.00 iters/s

running (09.0s), 00012/00529 VUs, 4735 complete and 0 interrupted iterations
default   [  60% ] 00012/00529 VUs  09.0s/15s  529.00 iters/s

running (10.0s), 00009/00529 VUs, 5267 complete and 0 interrupted iterations
default   [  66% ] 00009/00529 VUs  10.0s/15s  529.00 iters/s

running (11.0s), 00012/00529 VUs, 5793 complete and 0 interrupted iterations
default   [  73% ] 00012/00529 VUs  11.0s/15s  529.00 iters/s

running (12.0s), 00015/00529 VUs, 6319 complete and 0 interrupted iterations
default   [  80% ] 00015/00529 VUs  12.0s/15s  529.00 iters/s

running (13.0s), 00016/00529 VUs, 6847 complete and 0 interrupted iterations
default   [  86% ] 00016/00529 VUs  13.0s/15s  529.00 iters/s

running (14.0s), 00018/00529 VUs, 7374 complete and 0 interrupted iterations
default   [  93% ] 00018/00529 VUs  14.0s/15s  529.00 iters/s

running (15.0s), 00019/00529 VUs, 7902 complete and 0 interrupted iterations
default   [ 100% ] 00019/00529 VUs  15.0s/15s  529.00 iters/s


  █ TOTAL RESULTS 

    HTTP
    http_req_duration..............: avg=26.78ms min=10.11ms med=26.77ms max=49.88ms p(90)=38.85ms p(95)=40.31ms
      { expected_response:true }...: avg=26.78ms min=10.11ms med=26.77ms max=49.88ms p(90)=38.85ms p(95)=40.31ms
    http_req_failed................: 0.00%  0 out of 7920
    http_reqs......................: 7920   527.931646/s

    EXECUTION
    iteration_duration.............: avg=26.87ms min=10.18ms med=26.85ms max=49.96ms p(90)=38.96ms p(95)=40.39ms
    iterations.....................: 7920   527.931646/s
    vus............................: 19     min=7         max=22 
    vus_max........................: 529    min=529       max=529

    NETWORK
    data_received..................: 1.6 MB 106 kB/s
    data_sent......................: 1.5 MB 102 kB/s




running (15.0s), 00000/00529 VUs, 7920 complete and 16 interrupted iterations
default ✓ [ 100% ] 00016/00529 VUs  15s  529.00 iters/s
