
         /\      Grafana   /‾‾/  
    /\  /  \     |\  __   /  /   
   /  \/    \    | |/ /  /   ‾‾\ 
  /          \   |   (  |  (‾)  |
 / __________ \  |_|\_\  \_____/ 

     execution: local
        script: workflow/spin/k6_open_client.js
        output: -

     scenarios: (100.00%) 1 scenario, 10000 max VUs, 15s max duration (incl. graceful stop):
              * default: 598.00 iterations/s for 15s (maxVUs: 598-10000)


running (01.0s), 00002/00598 VUs, 577 complete and 0 interrupted iterations
default   [   6% ] 00002/00598 VUs  01.0s/15s  598.00 iters/s

running (02.0s), 00002/00598 VUs, 1176 complete and 0 interrupted iterations
default   [  13% ] 00002/00598 VUs  02.0s/15s  598.00 iters/s

running (03.0s), 00002/00598 VUs, 1774 complete and 0 interrupted iterations
default   [  20% ] 00002/00598 VUs  03.0s/15s  598.00 iters/s

running (04.0s), 00002/00598 VUs, 2372 complete and 0 interrupted iterations
default   [  26% ] 00002/00598 VUs  04.0s/15s  598.00 iters/s

running (05.0s), 00002/00598 VUs, 2970 complete and 0 interrupted iterations
default   [  33% ] 00002/00598 VUs  05.0s/15s  598.00 iters/s

running (06.0s), 00002/00598 VUs, 3568 complete and 0 interrupted iterations
default   [  40% ] 00002/00598 VUs  06.0s/15s  598.00 iters/s

running (07.0s), 00002/00598 VUs, 4166 complete and 0 interrupted iterations
default   [  46% ] 00002/00598 VUs  07.0s/15s  598.00 iters/s

running (08.0s), 00002/00598 VUs, 4764 complete and 0 interrupted iterations
default   [  53% ] 00002/00598 VUs  08.0s/15s  598.00 iters/s

running (09.0s), 00002/00598 VUs, 5361 complete and 0 interrupted iterations
default   [  60% ] 00002/00598 VUs  09.0s/15s  598.00 iters/s

running (10.0s), 00001/00598 VUs, 5960 complete and 0 interrupted iterations
default   [  66% ] 00001/00598 VUs  10.0s/15s  598.00 iters/s

running (11.0s), 00001/00598 VUs, 6558 complete and 0 interrupted iterations
default   [  73% ] 00001/00598 VUs  11.0s/15s  598.00 iters/s

running (12.0s), 00001/00598 VUs, 7156 complete and 0 interrupted iterations
default   [  80% ] 00001/00598 VUs  12.0s/15s  598.00 iters/s

running (13.0s), 00002/00598 VUs, 7753 complete and 0 interrupted iterations
default   [  86% ] 00002/00598 VUs  13.0s/15s  598.00 iters/s

running (14.0s), 00002/00598 VUs, 8352 complete and 0 interrupted iterations
default   [  93% ] 00002/00598 VUs  14.0s/15s  598.00 iters/s

running (15.0s), 00002/00598 VUs, 8950 complete and 0 interrupted iterations
default   [ 100% ] 00002/00598 VUs  15.0s/15s  598.00 iters/s


  █ TOTAL RESULTS 

    HTTP
    http_req_duration..............: avg=2.5ms min=2.35ms med=2.45ms max=11.39ms p(90)=2.51ms p(95)=2.55ms
      { expected_response:true }...: avg=2.5ms min=2.35ms med=2.45ms max=11.39ms p(90)=2.51ms p(95)=2.55ms
    http_req_failed................: 0.00%  0 out of 8969
    http_reqs......................: 8969   597.890422/s

    EXECUTION
    iteration_duration.............: avg=2.8ms min=2.42ms med=2.52ms max=63.82ms p(90)=2.62ms p(95)=2.75ms
    iterations.....................: 8969   597.890422/s
    vus............................: 2      min=1         max=2  
    vus_max........................: 598    min=598       max=598

    NETWORK
    data_received..................: 1.8 MB 121 kB/s
    data_sent......................: 1.7 MB 115 kB/s




running (15.0s), 00000/00598 VUs, 8968 complete and 3 interrupted iterations
default ✓ [ 100% ] 00003/00598 VUs  15s  598.00 iters/s
