
         /\      Grafana   /‾‾/  
    /\  /  \     |\  __   /  /   
   /  \/    \    | |/ /  /   ‾‾\ 
  /          \   |   (  |  (‾)  |
 / __________ \  |_|\_\  \_____/ 

     execution: local
        script: workflow/spin/k6_open_client.js
        output: -

     scenarios: (100.00%) 1 scenario, 10000 max VUs, 15s max duration (incl. graceful stop):
              * default: 4055.00 iterations/s for 15s (maxVUs: 4055-10000)


running (00.9s), 00016/04055 VUs, 3500 complete and 0 interrupted iterations
default   [   6% ] 00016/04055 VUs  00.9s/15s  4055.00 iters/s

running (01.9s), 00034/04055 VUs, 7537 complete and 0 interrupted iterations
default   [  12% ] 00034/04055 VUs  01.9s/15s  4055.00 iters/s

running (02.9s), 00021/04055 VUs, 11606 complete and 0 interrupted iterations
default   [  19% ] 00021/04055 VUs  02.9s/15s  4055.00 iters/s

running (03.9s), 00018/04055 VUs, 15663 complete and 0 interrupted iterations
default   [  26% ] 00018/04055 VUs  03.9s/15s  4055.00 iters/s

running (04.9s), 00023/04055 VUs, 19713 complete and 0 interrupted iterations
default   [  32% ] 00023/04055 VUs  04.9s/15s  4055.00 iters/s

running (05.9s), 00021/04055 VUs, 23770 complete and 0 interrupted iterations
default   [  39% ] 00020/04055 VUs  05.9s/15s  4055.00 iters/s

running (06.9s), 00026/04055 VUs, 27821 complete and 0 interrupted iterations
default   [  46% ] 00026/04055 VUs  06.9s/15s  4055.00 iters/s

running (07.9s), 00019/04055 VUs, 31882 complete and 0 interrupted iterations
default   [  52% ] 00019/04055 VUs  07.9s/15s  4055.00 iters/s

running (08.9s), 00022/04055 VUs, 35934 complete and 0 interrupted iterations
default   [  59% ] 00022/04055 VUs  08.9s/15s  4055.00 iters/s

running (09.9s), 00022/04055 VUs, 39989 complete and 0 interrupted iterations
default   [  66% ] 00022/04055 VUs  09.9s/15s  4055.00 iters/s

running (10.9s), 00030/04055 VUs, 44037 complete and 0 interrupted iterations
default   [  72% ] 00030/04055 VUs  10.9s/15s  4055.00 iters/s

running (11.9s), 00025/04055 VUs, 48096 complete and 0 interrupted iterations
default   [  79% ] 00025/04055 VUs  11.9s/15s  4055.00 iters/s

running (12.9s), 00021/04055 VUs, 52155 complete and 0 interrupted iterations
default   [  86% ] 00021/04055 VUs  12.9s/15s  4055.00 iters/s

running (13.9s), 00021/04055 VUs, 56210 complete and 0 interrupted iterations
default   [  92% ] 00021/04055 VUs  13.9s/15s  4055.00 iters/s

running (14.9s), 00019/04055 VUs, 60267 complete and 0 interrupted iterations
default   [  99% ] 00019/04055 VUs  14.9s/15s  4055.00 iters/s


  █ TOTAL RESULTS 

    HTTP
    http_req_duration..............: avg=5.94ms min=3.57ms med=5.02ms max=64.88ms p(90)=7.28ms p(95)=8.76ms
      { expected_response:true }...: avg=5.94ms min=3.57ms med=5.02ms max=64.88ms p(90)=7.28ms p(95)=8.76ms
    http_req_failed................: 0.00% 0 out of 60806
    http_reqs......................: 60806 4052.074921/s

    EXECUTION
    iteration_duration.............: avg=6.03ms min=3.63ms med=5.11ms max=66.65ms p(90)=7.38ms p(95)=8.85ms
    iterations.....................: 60806 4052.074921/s
    vus............................: 18    min=16         max=34  
    vus_max........................: 4055  min=4055       max=4055

    NETWORK
    data_received..................: 12 MB 823 kB/s
    data_sent......................: 12 MB 778 kB/s




running (15.0s), 00000/04055 VUs, 60803 complete and 23 interrupted iterations
default ✓ [ 100% ] 00023/04055 VUs  15s  4055.00 iters/s
