
         /\      Grafana   /‾‾/  
    /\  /  \     |\  __   /  /   
   /  \/    \    | |/ /  /   ‾‾\ 
  /          \   |   (  |  (‾)  |
 / __________ \  |_|\_\  \_____/ 

     execution: local
        script: workflow/spin/k6_open_client.js
        output: -

     scenarios: (100.00%) 1 scenario, 10000 max VUs, 15s max duration (incl. graceful stop):
              * default: 6000.00 iterations/s for 15s (maxVUs: 6000-10000)


running (00.8s), 01286/06000 VUs, 3642 complete and 0 interrupted iterations
default   [   5% ] 01286/06000 VUs  00.8s/15s  6000.00 iters/s

running (01.8s), 03056/06000 VUs, 7872 complete and 0 interrupted iterations
default   [  12% ] 03056/06000 VUs  01.8s/15s  6000.00 iters/s

running (02.8s), 05033/06000 VUs, 11895 complete and 0 interrupted iterations
default   [  19% ] 05033/06000 VUs  02.8s/15s  6000.00 iters/s

running (03.8s), 06275/06275 VUs, 16025 complete and 0 interrupted iterations
default   [  25% ] 06275/06275 VUs  03.8s/15s  6000.00 iters/s

running (04.8s), 06690/06693 VUs, 20454 complete and 0 interrupted iterations
default   [  32% ] 06690/06693 VUs  04.8s/15s  6000.00 iters/s

running (05.8s), 07282/07284 VUs, 24440 complete and 0 interrupted iterations
default   [  39% ] 07282/07284 VUs  05.8s/15s  6000.00 iters/s

running (06.8s), 07714/07714 VUs, 28851 complete and 0 interrupted iterations
default   [  45% ] 07714/07714 VUs  06.8s/15s  6000.00 iters/s

running (07.8s), 08053/08054 VUs, 33733 complete and 0 interrupted iterations
default   [  52% ] 08053/08054 VUs  07.8s/15s  6000.00 iters/s

running (08.8s), 08489/08499 VUs, 38032 complete and 0 interrupted iterations
default   [  59% ] 08490/08499 VUs  08.8s/15s  6000.00 iters/s

running (09.8s), 09048/09049 VUs, 42276 complete and 0 interrupted iterations
default   [  65% ] 09048/09049 VUs  09.8s/15s  6000.00 iters/s

running (10.8s), 09592/09593 VUs, 46438 complete and 0 interrupted iterations
default   [  72% ] 09592/09593 VUs  10.8s/15s  6000.00 iters/s

running (11.8s), 09979/09983 VUs, 51090 complete and 0 interrupted iterations
default   [  79% ] 09979/09983 VUs  11.8s/15s  6000.00 iters/s
time="2026-06-19T22:38:41-06:00" level=warning msg="Insufficient VUs, reached 10000 active VUs and cannot initialize more" executor=constant-arrival-rate scenario=default

running (12.8s), 09999/10000 VUs, 55303 complete and 0 interrupted iterations
default   [  85% ] 09999/10000 VUs  12.8s/15s  6000.00 iters/s

running (13.8s), 10000/10000 VUs, 59609 complete and 0 interrupted iterations
default   [  92% ] 10000/10000 VUs  13.8s/15s  6000.00 iters/s

running (14.8s), 09998/10000 VUs, 63769 complete and 0 interrupted iterations
default   [  99% ] 09998/10000 VUs  14.8s/15s  6000.00 iters/s


  █ TOTAL RESULTS 

    HTTP
    http_req_duration..............: avg=1.51s min=2.54ms med=1.62s max=3.88s p(90)=2.23s p(95)=2.36s
      { expected_response:true }...: avg=1.51s min=2.54ms med=1.62s max=3.88s p(90)=2.23s p(95)=2.36s
    http_req_failed................: 0.00% 0 out of 64698
    http_reqs......................: 64698 4287.644529/s

    EXECUTION
    dropped_iterations.............: 15376 1018.993203/s
    iteration_duration.............: avg=1.51s min=2.61ms med=1.62s max=3.88s p(90)=2.23s p(95)=2.36s
    iterations.....................: 64698 4287.644529/s
    vus............................: 9998  min=1286       max=9999 
    vus_max........................: 10000 min=6000       max=10000

    NETWORK
    data_received..................: 13 MB 870 kB/s
    data_sent......................: 14 MB 949 kB/s




running (15.1s), 00000/10000 VUs, 64626 complete and 10000 interrupted iterations
default ✓ [ 100% ] 09999/10000 VUs  15s  6000.00 iters/s
