
         /\      Grafana   /‾‾/  
    /\  /  \     |\  __   /  /   
   /  \/    \    | |/ /  /   ‾‾\ 
  /          \   |   (  |  (‾)  |
 / __________ \  |_|\_\  \_____/ 

     execution: local
        script: workflow/response/k6_open_client.js
        output: -

     scenarios: (100.00%) 1 scenario, 10000 max VUs, 15s max duration (incl. graceful stop):
              * default: 1706.00 iterations/s for 15s (maxVUs: 1706-10000)


running (00.9s), 00089/01706 VUs, 1508 complete and 0 interrupted iterations
default   [   6% ] 00089/01706 VUs  00.9s/15s  1706.00 iters/s

running (01.9s), 00058/01706 VUs, 3247 complete and 0 interrupted iterations
default   [  13% ] 00058/01706 VUs  01.9s/15s  1706.00 iters/s

running (02.9s), 00065/01706 VUs, 4945 complete and 0 interrupted iterations
default   [  20% ] 00065/01706 VUs  02.9s/15s  1706.00 iters/s

running (03.9s), 00086/01706 VUs, 6629 complete and 0 interrupted iterations
default   [  26% ] 00086/01706 VUs  03.9s/15s  1706.00 iters/s

running (04.9s), 00066/01706 VUs, 8356 complete and 0 interrupted iterations
default   [  33% ] 00066/01706 VUs  04.9s/15s  1706.00 iters/s

running (05.9s), 00042/01706 VUs, 10085 complete and 0 interrupted iterations
default   [  40% ] 00042/01706 VUs  05.9s/15s  1706.00 iters/s

running (06.9s), 00060/01706 VUs, 11775 complete and 0 interrupted iterations
default   [  46% ] 00060/01706 VUs  06.9s/15s  1706.00 iters/s

running (07.9s), 00083/01706 VUs, 13457 complete and 0 interrupted iterations
default   [  53% ] 00083/01706 VUs  07.9s/15s  1706.00 iters/s

running (08.9s), 00041/01706 VUs, 15205 complete and 0 interrupted iterations
default   [  60% ] 00041/01706 VUs  08.9s/15s  1706.00 iters/s

running (09.9s), 00058/01706 VUs, 16894 complete and 0 interrupted iterations
default   [  66% ] 00058/01706 VUs  09.9s/15s  1706.00 iters/s

running (10.9s), 00087/01706 VUs, 18571 complete and 0 interrupted iterations
default   [  73% ] 00088/01706 VUs  10.9s/15s  1706.00 iters/s

running (11.9s), 00052/01706 VUs, 20311 complete and 0 interrupted iterations
default   [  80% ] 00052/01706 VUs  11.9s/15s  1706.00 iters/s

running (12.9s), 00051/01706 VUs, 22019 complete and 0 interrupted iterations
default   [  86% ] 00051/01706 VUs  12.9s/15s  1706.00 iters/s

running (13.9s), 00073/01706 VUs, 23703 complete and 0 interrupted iterations
default   [  93% ] 00073/01706 VUs  13.9s/15s  1706.00 iters/s

running (14.9s), 00076/01706 VUs, 25405 complete and 0 interrupted iterations
default   [ 100% ] 00076/01706 VUs  14.9s/15s  1706.00 iters/s


  █ TOTAL RESULTS 

    HTTP
    http_req_duration..............: avg=38.49ms min=20.58ms med=38.48ms max=70.69ms p(90)=48.89ms p(95)=50.66ms
      { expected_response:true }...: avg=38.49ms min=20.58ms med=38.48ms max=70.69ms p(90)=48.89ms p(95)=50.66ms
    http_req_failed................: 0.00%  0 out of 25529
    http_reqs......................: 25529  1701.626819/s

    EXECUTION
    iteration_duration.............: avg=38.58ms min=20.74ms med=38.57ms max=70.81ms p(90)=48.97ms p(95)=50.75ms
    iterations.....................: 25529  1701.626819/s
    vus............................: 75     min=39         max=89  
    vus_max........................: 1706   min=1706       max=1706

    NETWORK
    data_received..................: 5.2 MB 345 kB/s
    data_sent......................: 5.0 MB 334 kB/s




running (15.0s), 00000/01706 VUs, 25526 complete and 65 interrupted iterations
default ✓ [ 100% ] 00065/01706 VUs  15s  1706.00 iters/s
