
         /\      Grafana   /‾‾/  
    /\  /  \     |\  __   /  /   
   /  \/    \    | |/ /  /   ‾‾\ 
  /          \   |   (  |  (‾)  |
 / __________ \  |_|\_\  \_____/ 

     execution: local
        script: workflow/media/k6_open_review_compose.js
        output: -

     scenarios: (100.00%) 1 scenario, 10000 max VUs, 15s max duration (incl. graceful stop):
              * default: 2046.00 iterations/s for 15s (maxVUs: 2046-10000)


running (00.9s), 00101/02046 VUs, 1788 complete and 0 interrupted iterations
default   [   6% ] 00101/02046 VUs  00.9s/15s  2046.00 iters/s

running (01.9s), 00071/02046 VUs, 3864 complete and 0 interrupted iterations
default   [  13% ] 00071/02046 VUs  01.9s/15s  2046.00 iters/s

running (02.9s), 00117/02046 VUs, 5862 complete and 0 interrupted iterations
default   [  19% ] 00117/02046 VUs  02.9s/15s  2046.00 iters/s

running (03.9s), 00070/02046 VUs, 7958 complete and 0 interrupted iterations
default   [  26% ] 00070/02046 VUs  03.9s/15s  2046.00 iters/s

running (04.9s), 00055/02046 VUs, 10018 complete and 0 interrupted iterations
default   [  33% ] 00055/02046 VUs  04.9s/15s  2046.00 iters/s

running (05.9s), 00062/02046 VUs, 12058 complete and 0 interrupted iterations
default   [  39% ] 00062/02046 VUs  05.9s/15s  2046.00 iters/s

running (06.9s), 00012/02046 VUs, 14153 complete and 0 interrupted iterations
default   [  46% ] 00012/02046 VUs  06.9s/15s  2046.00 iters/s

running (07.9s), 00055/02046 VUs, 16156 complete and 0 interrupted iterations
default   [  53% ] 00055/02046 VUs  07.9s/15s  2046.00 iters/s

running (08.9s), 00100/02046 VUs, 18157 complete and 0 interrupted iterations
default   [  59% ] 00100/02046 VUs  08.9s/15s  2046.00 iters/s

running (09.9s), 00166/02046 VUs, 20137 complete and 0 interrupted iterations
default   [  66% ] 00166/02046 VUs  09.9s/15s  2046.00 iters/s

running (10.9s), 00110/02046 VUs, 22239 complete and 0 interrupted iterations
default   [  73% ] 00110/02046 VUs  10.9s/15s  2046.00 iters/s

running (11.9s), 00134/02046 VUs, 24260 complete and 0 interrupted iterations
default   [  79% ] 00134/02046 VUs  11.9s/15s  2046.00 iters/s

running (12.9s), 00100/02046 VUs, 26341 complete and 0 interrupted iterations
default   [  86% ] 00100/02046 VUs  12.9s/15s  2046.00 iters/s

running (13.9s), 00037/02046 VUs, 28450 complete and 0 interrupted iterations
default   [  93% ] 00037/02046 VUs  13.9s/15s  2046.00 iters/s

running (14.9s), 00018/02046 VUs, 30515 complete and 0 interrupted iterations
default   [  99% ] 00018/02046 VUs  14.9s/15s  2046.00 iters/s


  █ TOTAL RESULTS 

    HTTP
    http_req_duration..............: avg=41.3ms  min=3.67ms med=40.78ms max=190.42ms p(90)=70.49ms p(95)=74.87ms
      { expected_response:true }...: avg=41.3ms  min=3.67ms med=40.78ms max=190.42ms p(90)=70.49ms p(95)=74.87ms
    http_req_failed................: 0.00%  0 out of 30665
    http_reqs......................: 30665  2043.877406/s

    EXECUTION
    iteration_duration.............: avg=41.43ms min=3.78ms med=40.95ms max=190.53ms p(90)=70.61ms p(95)=74.99ms
    iterations.....................: 30665  2043.877406/s
    vus............................: 18     min=12         max=166 
    vus_max........................: 2046   min=2046       max=2046

    NETWORK
    data_received..................: 7.1 MB 474 kB/s
    data_sent......................: 17 MB  1.1 MB/s




running (15.0s), 00000/02046 VUs, 30665 complete and 26 interrupted iterations
default ✓ [ 100% ] 00026/02046 VUs  15s  2046.00 iters/s
