
         /\      Grafana   /‾‾/  
    /\  /  \     |\  __   /  /   
   /  \/    \    | |/ /  /   ‾‾\ 
  /          \   |   (  |  (‾)  |
 / __________ \  |_|\_\  \_____/ 

     execution: local
        script: workflow/write/k6_open_client.js
        output: -

     scenarios: (100.00%) 1 scenario, 10000 max VUs, 15s max duration (incl. graceful stop):
              * default: 5589.00 iterations/s for 15s (maxVUs: 5589-10000)


running (00.8s), 00883/05589 VUs, 3721 complete and 0 interrupted iterations
default   [   5% ] 00883/05589 VUs  00.8s/15s  5589.00 iters/s

running (01.8s), 00771/05589 VUs, 9425 complete and 0 interrupted iterations
default   [  12% ] 00772/05589 VUs  01.8s/15s  5589.00 iters/s

running (02.8s), 00588/05589 VUs, 15195 complete and 0 interrupted iterations
default   [  19% ] 00587/05589 VUs  02.8s/15s  5589.00 iters/s

running (03.8s), 00369/05589 VUs, 21003 complete and 0 interrupted iterations
default   [  25% ] 00368/05589 VUs  03.8s/15s  5589.00 iters/s

running (04.8s), 00237/05589 VUs, 26725 complete and 0 interrupted iterations
default   [  32% ] 00237/05589 VUs  04.8s/15s  5589.00 iters/s

running (05.8s), 00391/05589 VUs, 32158 complete and 0 interrupted iterations
default   [  39% ] 00391/05589 VUs  05.8s/15s  5589.00 iters/s

running (06.8s), 00330/05589 VUs, 37809 complete and 0 interrupted iterations
default   [  45% ] 00330/05589 VUs  06.8s/15s  5589.00 iters/s

running (07.8s), 00254/05589 VUs, 43474 complete and 0 interrupted iterations
default   [  52% ] 00254/05589 VUs  07.8s/15s  5589.00 iters/s

running (08.8s), 00277/05589 VUs, 49040 complete and 0 interrupted iterations
default   [  59% ] 00277/05589 VUs  08.8s/15s  5589.00 iters/s

running (09.8s), 00232/05589 VUs, 54674 complete and 0 interrupted iterations
default   [  65% ] 00232/05589 VUs  09.8s/15s  5589.00 iters/s

running (10.8s), 00256/05589 VUs, 60239 complete and 0 interrupted iterations
default   [  72% ] 00256/05589 VUs  10.8s/15s  5589.00 iters/s

running (11.8s), 00241/05589 VUs, 65843 complete and 0 interrupted iterations
default   [  79% ] 00241/05589 VUs  11.8s/15s  5589.00 iters/s

running (12.8s), 00253/05589 VUs, 71423 complete and 0 interrupted iterations
default   [  85% ] 00253/05589 VUs  12.8s/15s  5589.00 iters/s

running (13.8s), 00228/05589 VUs, 77034 complete and 0 interrupted iterations
default   [  92% ] 00228/05589 VUs  13.8s/15s  5589.00 iters/s

running (14.8s), 00672/05589 VUs, 82174 complete and 0 interrupted iterations
default   [  99% ] 00671/05589 VUs  14.8s/15s  5589.00 iters/s


  █ TOTAL RESULTS 

    HTTP
    http_req_duration..............: avg=72.17ms min=36.07ms med=56.62ms max=208.61ms p(90)=135.11ms p(95)=151ms   
      { expected_response:true }...: avg=72.17ms min=36.07ms med=56.62ms max=208.61ms p(90)=135.11ms p(95)=151ms   
    http_req_failed................: 0.00%  0 out of 83187
    http_reqs......................: 83187  5541.741974/s

    EXECUTION
    iteration_duration.............: avg=72.31ms min=36.12ms med=56.69ms max=208.81ms p(90)=135.22ms p(95)=151.94ms
    iterations.....................: 83187  5541.741974/s
    vus............................: 672    min=226        max=883 
    vus_max........................: 5589   min=5589       max=5589

    NETWORK
    data_received..................: 17 MB  1.1 MB/s
    data_sent......................: 8.4 MB 559 kB/s




running (15.0s), 00000/05589 VUs, 83180 complete and 656 interrupted iterations
default ✓ [ 100% ] 00656/05589 VUs  15s  5589.00 iters/s
