
         /\      Grafana   /‾‾/  
    /\  /  \     |\  __   /  /   
   /  \/    \    | |/ /  /   ‾‾\ 
  /          \   |   (  |  (‾)  |
 / __________ \  |_|\_\  \_____/ 

     execution: local
        script: workflow/write/k6_open_client.js
        output: -

     scenarios: (100.00%) 1 scenario, 10000 max VUs, 15s max duration (incl. graceful stop):
              * default: 2785.00 iterations/s for 15s (maxVUs: 2785-10000)


running (00.9s), 00088/02785 VUs, 2432 complete and 0 interrupted iterations
default   [   6% ] 00088/02785 VUs  00.9s/15s  2785.00 iters/s

running (01.9s), 00138/02785 VUs, 5168 complete and 0 interrupted iterations
default   [  13% ] 00138/02785 VUs  01.9s/15s  2785.00 iters/s

running (02.9s), 00125/02785 VUs, 7965 complete and 0 interrupted iterations
default   [  19% ] 00125/02785 VUs  02.9s/15s  2785.00 iters/s

running (03.9s), 00107/02785 VUs, 10770 complete and 0 interrupted iterations
default   [  26% ] 00107/02785 VUs  03.9s/15s  2785.00 iters/s

running (04.9s), 00111/02785 VUs, 13549 complete and 0 interrupted iterations
default   [  33% ] 00111/02785 VUs  04.9s/15s  2785.00 iters/s

running (05.9s), 00093/02785 VUs, 16352 complete and 0 interrupted iterations
default   [  39% ] 00093/02785 VUs  05.9s/15s  2785.00 iters/s

running (06.9s), 00116/02785 VUs, 19114 complete and 0 interrupted iterations
default   [  46% ] 00116/02785 VUs  06.9s/15s  2785.00 iters/s

running (07.9s), 00105/02785 VUs, 21907 complete and 0 interrupted iterations
default   [  53% ] 00105/02785 VUs  07.9s/15s  2785.00 iters/s

running (08.9s), 00083/02785 VUs, 24717 complete and 0 interrupted iterations
default   [  59% ] 00083/02785 VUs  08.9s/15s  2785.00 iters/s

running (09.9s), 00145/02785 VUs, 27461 complete and 0 interrupted iterations
default   [  66% ] 00145/02785 VUs  09.9s/15s  2785.00 iters/s

running (10.9s), 00104/02785 VUs, 30263 complete and 0 interrupted iterations
default   [  73% ] 00104/02785 VUs  10.9s/15s  2785.00 iters/s

running (11.9s), 00078/02785 VUs, 33080 complete and 0 interrupted iterations
default   [  79% ] 00078/02785 VUs  11.9s/15s  2785.00 iters/s

running (12.9s), 00130/02785 VUs, 35811 complete and 0 interrupted iterations
default   [  86% ] 00130/02785 VUs  12.9s/15s  2785.00 iters/s

running (13.9s), 00098/02785 VUs, 38629 complete and 0 interrupted iterations
default   [  93% ] 00098/02785 VUs  13.9s/15s  2785.00 iters/s

running (14.9s), 00090/02785 VUs, 41420 complete and 0 interrupted iterations
default   [  99% ] 00090/02785 VUs  14.9s/15s  2785.00 iters/s


  █ TOTAL RESULTS 

    HTTP
    http_req_duration..............: avg=38.59ms min=16.1ms  med=38.52ms max=74.67ms p(90)=47.55ms p(95)=49.29ms
      { expected_response:true }...: avg=38.59ms min=16.1ms  med=38.52ms max=74.67ms p(90)=47.55ms p(95)=49.29ms
    http_req_failed................: 0.00%  0 out of 41695
    http_reqs......................: 41695  2778.860545/s

    EXECUTION
    iteration_duration.............: avg=38.67ms min=16.23ms med=38.59ms max=74.78ms p(90)=47.62ms p(95)=49.36ms
    iterations.....................: 41695  2778.860545/s
    vus............................: 90     min=78         max=137 
    vus_max........................: 2785   min=2785       max=2785

    NETWORK
    data_received..................: 8.5 MB 564 kB/s
    data_sent......................: 4.2 MB 278 kB/s




running (15.0s), 00000/02785 VUs, 41691 complete and 85 interrupted iterations
default ✓ [ 100% ] 00085/02785 VUs  15s  2785.00 iters/s
