
         /\      Grafana   /‾‾/  
    /\  /  \     |\  __   /  /   
   /  \/    \    | |/ /  /   ‾‾\ 
  /          \   |   (  |  (‾)  |
 / __________ \  |_|\_\  \_____/ 

     execution: local
        script: workflow/write/k6_open_client.js
        output: -

     scenarios: (100.00%) 1 scenario, 10000 max VUs, 15s max duration (incl. graceful stop):
              * default: 2659.00 iterations/s for 15s (maxVUs: 2659-10000)


running (00.9s), 00142/02659 VUs, 2253 complete and 0 interrupted iterations
default   [   6% ] 00142/02659 VUs  00.9s/15s  2659.00 iters/s

running (01.9s), 00255/02659 VUs, 4801 complete and 0 interrupted iterations
default   [  13% ] 00255/02659 VUs  01.9s/15s  2659.00 iters/s

running (02.9s), 00203/02659 VUs, 7512 complete and 0 interrupted iterations
default   [  19% ] 00203/02659 VUs  02.9s/15s  2659.00 iters/s

running (03.9s), 00136/02659 VUs, 10238 complete and 0 interrupted iterations
default   [  26% ] 00136/02659 VUs  03.9s/15s  2659.00 iters/s

running (04.9s), 00179/02659 VUs, 12852 complete and 0 interrupted iterations
default   [  33% ] 00179/02659 VUs  04.9s/15s  2659.00 iters/s

running (05.9s), 00170/02659 VUs, 15520 complete and 0 interrupted iterations
default   [  39% ] 00170/02659 VUs  05.9s/15s  2659.00 iters/s

running (06.9s), 00133/02659 VUs, 18216 complete and 0 interrupted iterations
default   [  46% ] 00133/02659 VUs  06.9s/15s  2659.00 iters/s

running (07.9s), 00167/02659 VUs, 20841 complete and 0 interrupted iterations
default   [  53% ] 00167/02659 VUs  07.9s/15s  2659.00 iters/s

running (08.9s), 00214/02659 VUs, 23454 complete and 0 interrupted iterations
default   [  59% ] 00214/02659 VUs  08.9s/15s  2659.00 iters/s

running (09.9s), 00165/02659 VUs, 26163 complete and 0 interrupted iterations
default   [  66% ] 00165/02659 VUs  09.9s/15s  2659.00 iters/s

running (10.9s), 00173/02659 VUs, 28813 complete and 0 interrupted iterations
default   [  73% ] 00173/02659 VUs  10.9s/15s  2659.00 iters/s

running (11.9s), 00205/02659 VUs, 31439 complete and 0 interrupted iterations
default   [  79% ] 00205/02659 VUs  11.9s/15s  2659.00 iters/s

running (12.9s), 00204/02659 VUs, 34099 complete and 0 interrupted iterations
default   [  86% ] 00205/02659 VUs  12.9s/15s  2659.00 iters/s

running (13.9s), 00313/02659 VUs, 36648 complete and 0 interrupted iterations
default   [  93% ] 00313/02659 VUs  13.9s/15s  2659.00 iters/s

running (14.9s), 00417/02659 VUs, 39206 complete and 0 interrupted iterations
default   [  99% ] 00417/02659 VUs  14.9s/15s  2659.00 iters/s


  █ TOTAL RESULTS 

    HTTP
    http_req_duration..............: avg=72.73ms min=33.28ms med=67.39ms max=158.74ms p(90)=109.34ms p(95)=122.66ms
      { expected_response:true }...: avg=72.73ms min=33.28ms med=67.39ms max=158.74ms p(90)=109.34ms p(95)=122.66ms
    http_req_failed................: 0.00%  0 out of 39529
    http_reqs......................: 39529  2634.210743/s

    EXECUTION
    iteration_duration.............: avg=72.81ms min=33.33ms med=67.48ms max=158.79ms p(90)=109.4ms  p(95)=122.72ms
    iterations.....................: 39529  2634.210743/s
    vus............................: 417    min=132        max=417 
    vus_max........................: 2659   min=2659       max=2659

    NETWORK
    data_received..................: 8.0 MB 535 kB/s
    data_sent......................: 4.0 MB 266 kB/s




running (15.0s), 00000/02659 VUs, 39529 complete and 358 interrupted iterations
default ✓ [ 100% ] 00358/02659 VUs  15s  2659.00 iters/s
