
         /\      Grafana   /‾‾/  
    /\  /  \     |\  __   /  /   
   /  \/    \    | |/ /  /   ‾‾\ 
  /          \   |   (  |  (‾)  |
 / __________ \  |_|\_\  \_____/ 

     execution: local
        script: workflow/write/k6_open_client.js
        output: -

     scenarios: (100.00%) 1 scenario, 10000 max VUs, 15s max duration (incl. graceful stop):
              * default: 3926.00 iterations/s for 15s (maxVUs: 3926-10000)


running (00.9s), 00150/03926 VUs, 3268 complete and 0 interrupted iterations
default   [   6% ] 00150/03926 VUs  00.9s/15s  3926.00 iters/s

running (01.9s), 00189/03926 VUs, 7153 complete and 0 interrupted iterations
default   [  12% ] 00189/03926 VUs  01.9s/15s  3926.00 iters/s

running (02.9s), 00174/03926 VUs, 11095 complete and 0 interrupted iterations
default   [  19% ] 00174/03926 VUs  02.9s/15s  3926.00 iters/s

running (03.9s), 00189/03926 VUs, 15006 complete and 0 interrupted iterations
default   [  26% ] 00189/03926 VUs  03.9s/15s  3926.00 iters/s

running (04.9s), 00150/03926 VUs, 18969 complete and 0 interrupted iterations
default   [  32% ] 00150/03926 VUs  04.9s/15s  3926.00 iters/s

running (05.9s), 00209/03926 VUs, 22836 complete and 0 interrupted iterations
default   [  39% ] 00209/03926 VUs  05.9s/15s  3926.00 iters/s

running (06.9s), 00158/03926 VUs, 26815 complete and 0 interrupted iterations
default   [  46% ] 00158/03926 VUs  06.9s/15s  3926.00 iters/s

running (07.9s), 00190/03926 VUs, 30709 complete and 0 interrupted iterations
default   [  52% ] 00190/03926 VUs  07.9s/15s  3926.00 iters/s

running (08.9s), 00182/03926 VUs, 34643 complete and 0 interrupted iterations
default   [  59% ] 00182/03926 VUs  08.9s/15s  3926.00 iters/s

running (09.9s), 00181/03926 VUs, 38570 complete and 0 interrupted iterations
default   [  66% ] 00181/03926 VUs  09.9s/15s  3926.00 iters/s

running (10.9s), 00163/03926 VUs, 42516 complete and 0 interrupted iterations
default   [  72% ] 00163/03926 VUs  10.9s/15s  3926.00 iters/s

running (11.9s), 00196/03926 VUs, 46407 complete and 0 interrupted iterations
default   [  79% ] 00195/03926 VUs  11.9s/15s  3926.00 iters/s

running (12.9s), 00159/03926 VUs, 50371 complete and 0 interrupted iterations
default   [  86% ] 00159/03926 VUs  12.9s/15s  3926.00 iters/s

running (13.9s), 00195/03926 VUs, 54260 complete and 0 interrupted iterations
default   [  92% ] 00195/03926 VUs  13.9s/15s  3926.00 iters/s

running (14.9s), 00156/03926 VUs, 58225 complete and 0 interrupted iterations
default   [  99% ] 00156/03926 VUs  14.9s/15s  3926.00 iters/s


  █ TOTAL RESULTS 

    HTTP
    http_req_duration..............: avg=46.69ms min=32.99ms med=46.4ms  max=77.46ms p(90)=54.8ms  p(95)=56.42ms
      { expected_response:true }...: avg=46.69ms min=32.99ms med=46.4ms  max=77.46ms p(90)=54.8ms  p(95)=56.42ms
    http_req_failed................: 0.00%  0 out of 58746
    http_reqs......................: 58746  3914.803793/s

    EXECUTION
    iteration_duration.............: avg=46.76ms min=33.05ms med=46.47ms max=77.57ms p(90)=54.87ms p(95)=56.5ms 
    iterations.....................: 58746  3914.803793/s
    vus............................: 156    min=149        max=210 
    vus_max........................: 3926   min=3926       max=3926

    NETWORK
    data_received..................: 12 MB  795 kB/s
    data_sent......................: 5.9 MB 392 kB/s




running (15.0s), 00000/03926 VUs, 58743 complete and 148 interrupted iterations
default ✓ [ 100% ] 00148/03926 VUs  15s  3926.00 iters/s
