
         /\      Grafana   /‾‾/  
    /\  /  \     |\  __   /  /   
   /  \/    \    | |/ /  /   ‾‾\ 
  /          \   |   (  |  (‾)  |
 / __________ \  |_|\_\  \_____/ 

     execution: local
        script: workflow/write/k6_open_client.js
        output: -

     scenarios: (100.00%) 1 scenario, 10000 max VUs, 15s max duration (incl. graceful stop):
              * default: 1164.00 iterations/s for 15s (maxVUs: 1164-10000)


running (01.0s), 00039/01164 VUs, 1073 complete and 0 interrupted iterations
default   [   6% ] 00039/01164 VUs  01.0s/15s  1164.00 iters/s

running (02.0s), 00036/01164 VUs, 2239 complete and 0 interrupted iterations
default   [  13% ] 00036/01164 VUs  02.0s/15s  1164.00 iters/s

running (03.0s), 00048/01164 VUs, 3391 complete and 0 interrupted iterations
default   [  20% ] 00048/01164 VUs  03.0s/15s  1164.00 iters/s

running (04.0s), 00055/01164 VUs, 4548 complete and 0 interrupted iterations
default   [  26% ] 00055/01164 VUs  04.0s/15s  1164.00 iters/s

running (05.0s), 00053/01164 VUs, 5715 complete and 0 interrupted iterations
default   [  33% ] 00053/01164 VUs  05.0s/15s  1164.00 iters/s

running (06.0s), 00056/01164 VUs, 6876 complete and 0 interrupted iterations
default   [  40% ] 00056/01164 VUs  06.0s/15s  1164.00 iters/s

running (07.0s), 00049/01164 VUs, 8046 complete and 0 interrupted iterations
default   [  46% ] 00049/01164 VUs  07.0s/15s  1164.00 iters/s

running (08.0s), 00046/01164 VUs, 9214 complete and 0 interrupted iterations
default   [  53% ] 00046/01164 VUs  08.0s/15s  1164.00 iters/s

running (09.0s), 00043/01164 VUs, 10381 complete and 0 interrupted iterations
default   [  60% ] 00043/01164 VUs  09.0s/15s  1164.00 iters/s

running (10.0s), 00041/01164 VUs, 11546 complete and 0 interrupted iterations
default   [  66% ] 00041/01164 VUs  10.0s/15s  1164.00 iters/s

running (11.0s), 00060/01164 VUs, 12691 complete and 0 interrupted iterations
default   [  73% ] 00060/01164 VUs  11.0s/15s  1164.00 iters/s

running (12.0s), 00053/01164 VUs, 13863 complete and 0 interrupted iterations
default   [  80% ] 00053/01164 VUs  12.0s/15s  1164.00 iters/s

running (13.0s), 00050/01164 VUs, 15029 complete and 0 interrupted iterations
default   [  86% ] 00050/01164 VUs  13.0s/15s  1164.00 iters/s

running (14.0s), 00047/01164 VUs, 16195 complete and 0 interrupted iterations
default   [  93% ] 00047/01164 VUs  14.0s/15s  1164.00 iters/s

running (15.0s), 00042/01164 VUs, 17365 complete and 0 interrupted iterations
default   [ 100% ] 00042/01164 VUs  15.0s/15s  1164.00 iters/s


  █ TOTAL RESULTS 

    HTTP
    http_req_duration..............: avg=38.11ms min=20ms    med=38.04ms max=64.45ms p(90)=49.3ms  p(95)=51.41ms
      { expected_response:true }...: avg=38.11ms min=20ms    med=38.04ms max=64.45ms p(90)=49.3ms  p(95)=51.41ms
    http_req_failed................: 0.00%  0 out of 17402
    http_reqs......................: 17402  1159.935082/s

    EXECUTION
    iteration_duration.............: avg=38.18ms min=20.04ms med=38.11ms max=64.63ms p(90)=49.37ms p(95)=51.48ms
    iterations.....................: 17402  1159.935082/s
    vus............................: 43     min=36         max=58  
    vus_max........................: 1164   min=1164       max=1164

    NETWORK
    data_received..................: 3.5 MB 235 kB/s
    data_sent......................: 1.7 MB 116 kB/s




running (15.0s), 00000/01164 VUs, 17402 complete and 58 interrupted iterations
default ✓ [ 100% ] 00058/01164 VUs  15s  1164.00 iters/s
