
         /\      Grafana   /‾‾/  
    /\  /  \     |\  __   /  /   
   /  \/    \    | |/ /  /   ‾‾\ 
  /          \   |   (  |  (‾)  |
 / __________ \  |_|\_\  \_____/ 

     execution: local
        script: workflow/spin/k6_open_client.js
        output: -

     scenarios: (100.00%) 1 scenario, 10000 max VUs, 15s max duration (incl. graceful stop):
              * default: 3523.00 iterations/s for 15s (maxVUs: 3523-10000)


running (00.9s), 00220/03523 VUs, 2883 complete and 0 interrupted iterations
default   [   6% ] 00220/03523 VUs  00.9s/15s  3523.00 iters/s

running (01.9s), 00160/03523 VUs, 6465 complete and 0 interrupted iterations
default   [  13% ] 00160/03523 VUs  01.9s/15s  3523.00 iters/s

running (02.9s), 00190/03523 VUs, 9959 complete and 0 interrupted iterations
default   [  19% ] 00190/03523 VUs  02.9s/15s  3523.00 iters/s

running (03.9s), 00171/03523 VUs, 13500 complete and 0 interrupted iterations
default   [  26% ] 00172/03523 VUs  03.9s/15s  3523.00 iters/s

running (04.9s), 00168/03523 VUs, 17026 complete and 0 interrupted iterations
default   [  33% ] 00168/03523 VUs  04.9s/15s  3523.00 iters/s

running (05.9s), 00181/03523 VUs, 20537 complete and 0 interrupted iterations
default   [  39% ] 00181/03523 VUs  05.9s/15s  3523.00 iters/s

running (06.9s), 00195/03523 VUs, 24046 complete and 0 interrupted iterations
default   [  46% ] 00195/03523 VUs  06.9s/15s  3523.00 iters/s

running (07.9s), 00195/03523 VUs, 27569 complete and 0 interrupted iterations
default   [  53% ] 00195/03523 VUs  07.9s/15s  3523.00 iters/s

running (08.9s), 00176/03523 VUs, 31112 complete and 0 interrupted iterations
default   [  59% ] 00176/03523 VUs  08.9s/15s  3523.00 iters/s

running (09.9s), 00151/03523 VUs, 34660 complete and 0 interrupted iterations
default   [  66% ] 00151/03523 VUs  09.9s/15s  3523.00 iters/s

running (10.9s), 00208/03523 VUs, 38126 complete and 0 interrupted iterations
default   [  73% ] 00208/03523 VUs  10.9s/15s  3523.00 iters/s

running (11.9s), 00183/03523 VUs, 41674 complete and 0 interrupted iterations
default   [  79% ] 00183/03523 VUs  11.9s/15s  3523.00 iters/s

running (12.9s), 00177/03523 VUs, 45202 complete and 0 interrupted iterations
default   [  86% ] 00177/03523 VUs  12.9s/15s  3523.00 iters/s

running (13.9s), 00192/03523 VUs, 48710 complete and 0 interrupted iterations
default   [  93% ] 00192/03523 VUs  13.9s/15s  3523.00 iters/s

running (14.9s), 00165/03523 VUs, 52260 complete and 0 interrupted iterations
default   [  99% ] 00165/03523 VUs  14.9s/15s  3523.00 iters/s


  █ TOTAL RESULTS 

    HTTP
    http_req_duration..............: avg=51.07ms min=32.57ms med=50.2ms max=119.79ms p(90)=59.61ms p(95)=64.16ms
      { expected_response:true }...: avg=51.07ms min=32.57ms med=50.2ms max=119.79ms p(90)=59.61ms p(95)=64.16ms
    http_req_failed................: 0.00% 0 out of 52666
    http_reqs......................: 52666 3509.702208/s

    EXECUTION
    iteration_duration.............: avg=51.16ms min=32.73ms med=50.3ms max=120.01ms p(90)=59.7ms  p(95)=64.27ms
    iterations.....................: 52666 3509.702208/s
    vus............................: 165   min=151        max=220 
    vus_max........................: 3523  min=3523       max=3523

    NETWORK
    data_received..................: 11 MB 713 kB/s
    data_sent......................: 10 MB 676 kB/s




running (15.0s), 00000/03523 VUs, 52666 complete and 181 interrupted iterations
default ✓ [ 100% ] 00181/03523 VUs  15s  3523.00 iters/s
