
         /\      Grafana   /‾‾/  
    /\  /  \     |\  __   /  /   
   /  \/    \    | |/ /  /   ‾‾\ 
  /          \   |   (  |  (‾)  |
 / __________ \  |_|\_\  \_____/ 

     execution: local
        script: workflow/hotel/k6_open_recommendations_client.js
        output: -

     scenarios: (100.00%) 1 scenario, 10000 max VUs, 15s max duration (incl. graceful stop):
              * default: 4773.00 iterations/s for 15s (maxVUs: 4773-10000)


running (00.8s), 00014/04773 VUs, 4023 complete and 0 interrupted iterations
default   [   6% ] 00014/04773 VUs  00.8s/15s  4773.00 iters/s

running (01.8s), 00008/04773 VUs, 8803 complete and 0 interrupted iterations
default   [  12% ] 00008/04773 VUs  01.8s/15s  4773.00 iters/s

running (02.8s), 00014/04773 VUs, 13569 complete and 0 interrupted iterations
default   [  19% ] 00014/04773 VUs  02.8s/15s  4773.00 iters/s

running (03.8s), 00014/04773 VUs, 18343 complete and 0 interrupted iterations
default   [  26% ] 00013/04773 VUs  03.8s/15s  4773.00 iters/s

running (04.8s), 00006/04773 VUs, 23123 complete and 0 interrupted iterations
default   [  32% ] 00007/04773 VUs  04.8s/15s  4773.00 iters/s

running (05.8s), 00024/04773 VUs, 27879 complete and 0 interrupted iterations
default   [  39% ] 00024/04773 VUs  05.8s/15s  4773.00 iters/s

running (06.8s), 00052/04773 VUs, 32624 complete and 0 interrupted iterations
default   [  46% ] 00052/04773 VUs  06.8s/15s  4773.00 iters/s

running (07.8s), 00022/04773 VUs, 37427 complete and 0 interrupted iterations
default   [  52% ] 00022/04773 VUs  07.8s/15s  4773.00 iters/s

running (08.8s), 00024/04773 VUs, 42198 complete and 0 interrupted iterations
default   [  59% ] 00024/04773 VUs  08.8s/15s  4773.00 iters/s

running (09.8s), 00007/04773 VUs, 46988 complete and 0 interrupted iterations
default   [  66% ] 00007/04773 VUs  09.8s/15s  4773.00 iters/s

running (10.8s), 00006/04773 VUs, 51762 complete and 0 interrupted iterations
default   [  72% ] 00006/04773 VUs  10.8s/15s  4773.00 iters/s

running (11.8s), 00013/04773 VUs, 56528 complete and 0 interrupted iterations
default   [  79% ] 00013/04773 VUs  11.8s/15s  4773.00 iters/s

running (12.8s), 00008/04773 VUs, 61305 complete and 0 interrupted iterations
default   [  86% ] 00008/04773 VUs  12.8s/15s  4773.00 iters/s

running (13.8s), 00023/04773 VUs, 66064 complete and 0 interrupted iterations
default   [  92% ] 00023/04773 VUs  13.8s/15s  4773.00 iters/s

running (14.8s), 00037/04773 VUs, 70823 complete and 0 interrupted iterations
default   [  99% ] 00038/04773 VUs  14.8s/15s  4773.00 iters/s


  █ TOTAL RESULTS 

    HTTP
    http_req_duration..............: avg=5.14ms min=904.8µs  med=2.11ms max=128.13ms p(90)=9.86ms p(95)=14.26ms
      { expected_response:true }...: avg=5.14ms min=904.8µs  med=2.11ms max=128.13ms p(90)=9.86ms p(95)=14.26ms
    http_req_failed................: 0.00% 0 out of 71588
    http_reqs......................: 71588 4770.493406/s

    EXECUTION
    iteration_duration.............: avg=5.27ms min=997.67µs med=2.22ms max=128.38ms p(90)=9.98ms p(95)=14.44ms
    iterations.....................: 71588 4770.493406/s
    vus............................: 36    min=6          max=52  
    vus_max........................: 4773  min=4773       max=4773

    NETWORK
    data_received..................: 38 MB 2.5 MB/s
    data_sent......................: 20 MB 1.4 MB/s




running (15.0s), 00000/04773 VUs, 71587 complete and 10 interrupted iterations
default ✓ [ 100% ] 00007/04773 VUs  15s  4773.00 iters/s
