
         /\      Grafana   /‾‾/  
    /\  /  \     |\  __   /  /   
   /  \/    \    | |/ /  /   ‾‾\ 
  /          \   |   (  |  (‾)  |
 / __________ \  |_|\_\  \_____/ 

     execution: local
        script: workflow/spin/k6_open_client.js
        output: -

     scenarios: (100.00%) 1 scenario, 10000 max VUs, 15s max duration (incl. graceful stop):
              * default: 4386.00 iterations/s for 15s (maxVUs: 4386-10000)


running (00.9s), 00537/04386 VUs, 3207 complete and 0 interrupted iterations
default   [   6% ] 00537/04386 VUs  00.9s/15s  4386.00 iters/s

running (01.9s), 00465/04386 VUs, 7665 complete and 0 interrupted iterations
default   [  12% ] 00465/04386 VUs  01.9s/15s  4386.00 iters/s

running (02.9s), 00393/04386 VUs, 12123 complete and 0 interrupted iterations
default   [  19% ] 00393/04386 VUs  02.9s/15s  4386.00 iters/s

running (03.9s), 00357/04386 VUs, 16546 complete and 0 interrupted iterations
default   [  26% ] 00357/04386 VUs  03.9s/15s  4386.00 iters/s

running (04.9s), 00295/04386 VUs, 20993 complete and 0 interrupted iterations
default   [  32% ] 00295/04386 VUs  04.9s/15s  4386.00 iters/s

running (05.9s), 00306/04386 VUs, 25368 complete and 0 interrupted iterations
default   [  39% ] 00305/04386 VUs  05.9s/15s  4386.00 iters/s

running (06.9s), 00239/04386 VUs, 29821 complete and 0 interrupted iterations
default   [  46% ] 00239/04386 VUs  06.9s/15s  4386.00 iters/s

running (07.9s), 00252/04386 VUs, 34192 complete and 0 interrupted iterations
default   [  52% ] 00252/04386 VUs  07.9s/15s  4386.00 iters/s

running (08.9s), 00255/04386 VUs, 38578 complete and 0 interrupted iterations
default   [  59% ] 00255/04386 VUs  08.9s/15s  4386.00 iters/s

running (09.9s), 00221/04386 VUs, 42997 complete and 0 interrupted iterations
default   [  66% ] 00221/04386 VUs  09.9s/15s  4386.00 iters/s

running (10.9s), 00256/04386 VUs, 47349 complete and 0 interrupted iterations
default   [  72% ] 00256/04386 VUs  10.9s/15s  4386.00 iters/s

running (11.9s), 00239/04386 VUs, 51749 complete and 0 interrupted iterations
default   [  79% ] 00239/04386 VUs  11.9s/15s  4386.00 iters/s

running (12.9s), 00295/04386 VUs, 56081 complete and 0 interrupted iterations
default   [  86% ] 00295/04386 VUs  12.9s/15s  4386.00 iters/s

running (13.9s), 00259/04386 VUs, 60501 complete and 0 interrupted iterations
default   [  92% ] 00259/04386 VUs  13.9s/15s  4386.00 iters/s

running (14.9s), 00315/04386 VUs, 64834 complete and 0 interrupted iterations
default   [  99% ] 00315/04386 VUs  14.9s/15s  4386.00 iters/s


  █ TOTAL RESULTS 

    HTTP
    http_req_duration..............: avg=73.84ms min=45.21ms med=65.85ms max=139.54ms p(90)=107.34ms p(95)=114.6ms 
      { expected_response:true }...: avg=73.84ms min=45.21ms med=65.85ms max=139.54ms p(90)=107.34ms p(95)=114.6ms 
    http_req_failed................: 0.00% 0 out of 65521
    http_reqs......................: 65521 4365.800355/s

    EXECUTION
    iteration_duration.............: avg=73.95ms min=45.28ms med=65.94ms max=139.82ms p(90)=107.56ms p(95)=114.98ms
    iterations.....................: 65520 4365.733723/s
    vus............................: 315   min=220        max=537 
    vus_max........................: 4386  min=4386       max=4386

    NETWORK
    data_received..................: 13 MB 886 kB/s
    data_sent......................: 13 MB 841 kB/s




running (15.0s), 00000/04386 VUs, 65506 complete and 285 interrupted iterations
default ✓ [ 100% ] 00285/04386 VUs  15s  4386.00 iters/s
