
         /\      Grafana   /‾‾/  
    /\  /  \     |\  __   /  /   
   /  \/    \    | |/ /  /   ‾‾\ 
  /          \   |   (  |  (‾)  |
 / __________ \  |_|\_\  \_____/ 

     execution: local
        script: workflow/spin/k6_open_client.js
        output: -

     scenarios: (100.00%) 1 scenario, 10000 max VUs, 15s max duration (incl. graceful stop):
              * default: 3552.00 iterations/s for 15s (maxVUs: 3552-10000)


running (00.9s), 00305/03552 VUs, 2813 complete and 0 interrupted iterations
default   [   6% ] 00304/03552 VUs  00.9s/15s  3552.00 iters/s

running (01.9s), 00314/03552 VUs, 6356 complete and 0 interrupted iterations
default   [  13% ] 00314/03552 VUs  01.9s/15s  3552.00 iters/s

running (02.9s), 00294/03552 VUs, 9928 complete and 0 interrupted iterations
default   [  19% ] 00294/03552 VUs  02.9s/15s  3552.00 iters/s

running (03.9s), 00227/03552 VUs, 13546 complete and 0 interrupted iterations
default   [  26% ] 00227/03552 VUs  03.9s/15s  3552.00 iters/s

running (04.9s), 00265/03552 VUs, 17062 complete and 0 interrupted iterations
default   [  33% ] 00265/03552 VUs  04.9s/15s  3552.00 iters/s

running (05.9s), 00273/03552 VUs, 20608 complete and 0 interrupted iterations
default   [  39% ] 00273/03552 VUs  05.9s/15s  3552.00 iters/s

running (06.9s), 00240/03552 VUs, 24192 complete and 0 interrupted iterations
default   [  46% ] 00240/03552 VUs  06.9s/15s  3552.00 iters/s

running (07.9s), 00257/03552 VUs, 27725 complete and 0 interrupted iterations
default   [  53% ] 00256/03552 VUs  07.9s/15s  3552.00 iters/s

running (08.9s), 00268/03552 VUs, 31266 complete and 0 interrupted iterations
default   [  59% ] 00269/03552 VUs  08.9s/15s  3552.00 iters/s

running (09.9s), 00271/03552 VUs, 34816 complete and 0 interrupted iterations
default   [  66% ] 00271/03552 VUs  09.9s/15s  3552.00 iters/s

running (10.9s), 00240/03552 VUs, 38400 complete and 0 interrupted iterations
default   [  73% ] 00240/03552 VUs  10.9s/15s  3552.00 iters/s

running (11.9s), 00278/03552 VUs, 41912 complete and 0 interrupted iterations
default   [  79% ] 00278/03552 VUs  11.9s/15s  3552.00 iters/s

running (12.9s), 00302/03552 VUs, 45440 complete and 0 interrupted iterations
default   [  86% ] 00302/03552 VUs  12.9s/15s  3552.00 iters/s

running (13.9s), 00271/03552 VUs, 49024 complete and 0 interrupted iterations
default   [  93% ] 00271/03552 VUs  13.9s/15s  3552.00 iters/s

running (14.9s), 00242/03552 VUs, 52604 complete and 0 interrupted iterations
default   [  99% ] 00242/03552 VUs  14.9s/15s  3552.00 iters/s


  █ TOTAL RESULTS 

    HTTP
    http_req_duration..............: avg=76.46ms min=53ms    med=75.05ms max=116.07ms p(90)=91.22ms p(95)=96.61ms
      { expected_response:true }...: avg=76.46ms min=53ms    med=75.05ms max=116.07ms p(90)=91.22ms p(95)=96.61ms
    http_req_failed................: 0.00% 0 out of 53039
    http_reqs......................: 53039 3534.504478/s

    EXECUTION
    iteration_duration.............: avg=76.56ms min=53.07ms med=75.14ms max=116.37ms p(90)=91.32ms p(95)=96.79ms
    iterations.....................: 53039 3534.504478/s
    vus............................: 241   min=228        max=315 
    vus_max........................: 3552  min=3552       max=3552

    NETWORK
    data_received..................: 11 MB 718 kB/s
    data_sent......................: 10 MB 681 kB/s




running (15.0s), 00000/03552 VUs, 53028 complete and 253 interrupted iterations
default ✓ [ 100% ] 00253/03552 VUs  15s  3552.00 iters/s
