
         /\      Grafana   /‾‾/  
    /\  /  \     |\  __   /  /   
   /  \/    \    | |/ /  /   ‾‾\ 
  /          \   |   (  |  (‾)  |
 / __________ \  |_|\_\  \_____/ 

     execution: local
        script: workflow/write/k6_open_client.js
        output: -

     scenarios: (100.00%) 1 scenario, 10000 max VUs, 15s max duration (incl. graceful stop):
              * default: 8468.00 iterations/s for 15s (maxVUs: 8468-10000)


running (00.7s), 01887/08468 VUs, 4448 complete and 0 interrupted iterations
default   [   5% ] 01887/08468 VUs  00.7s/15s  8468.00 iters/s

running (01.7s), 02468/08468 VUs, 12333 complete and 0 interrupted iterations
default   [  12% ] 02468/08468 VUs  01.7s/15s  8468.00 iters/s

running (02.7s), 02597/08468 VUs, 20675 complete and 0 interrupted iterations
default   [  18% ] 02597/08468 VUs  02.7s/15s  8468.00 iters/s

running (03.7s), 02630/08468 VUs, 29108 complete and 0 interrupted iterations
default   [  25% ] 02630/08468 VUs  03.7s/15s  8468.00 iters/s

running (04.7s), 02759/08468 VUs, 37450 complete and 0 interrupted iterations
default   [  32% ] 02759/08468 VUs  04.7s/15s  8468.00 iters/s

running (05.7s), 02942/08468 VUs, 45734 complete and 0 interrupted iterations
default   [  38% ] 02942/08468 VUs  05.7s/15s  8468.00 iters/s

running (06.7s), 03015/08468 VUs, 54127 complete and 0 interrupted iterations
default   [  45% ] 03016/08468 VUs  06.7s/15s  8468.00 iters/s

running (07.7s), 02973/08468 VUs, 62638 complete and 0 interrupted iterations
default   [  52% ] 02973/08468 VUs  07.7s/15s  8468.00 iters/s

running (08.7s), 02794/08468 VUs, 71285 complete and 0 interrupted iterations
default   [  58% ] 02794/08468 VUs  08.7s/15s  8468.00 iters/s

running (09.7s), 02773/08468 VUs, 79774 complete and 0 interrupted iterations
default   [  65% ] 02773/08468 VUs  09.7s/15s  8468.00 iters/s

running (10.7s), 02679/08468 VUs, 88336 complete and 0 interrupted iterations
default   [  72% ] 02678/08468 VUs  10.7s/15s  8468.00 iters/s

running (11.7s), 02772/08468 VUs, 96711 complete and 0 interrupted iterations
default   [  78% ] 02772/08468 VUs  11.7s/15s  8468.00 iters/s

running (12.7s), 03693/08468 VUs, 104258 complete and 0 interrupted iterations
default   [  85% ] 03693/08468 VUs  12.7s/15s  8468.00 iters/s

running (13.7s), 03799/08468 VUs, 112619 complete and 0 interrupted iterations
default   [  92% ] 03799/08468 VUs  13.7s/15s  8468.00 iters/s

running (14.7s), 03760/08468 VUs, 121127 complete and 0 interrupted iterations
default   [  98% ] 03760/08468 VUs  14.7s/15s  8468.00 iters/s


  █ TOTAL RESULTS 

    HTTP
    http_req_duration..............: avg=341.91ms min=558.23µs med=331.57ms max=1.3s p(90)=451.56ms p(95)=455.5ms 
      { expected_response:true }...: avg=341.91ms min=558.23µs med=331.57ms max=1.3s p(90)=451.56ms p(95)=455.5ms 
    http_req_failed................: 0.00%  0 out of 123294
    http_reqs......................: 123294 8200.230633/s

    EXECUTION
    iteration_duration.............: avg=342.06ms min=614.58µs med=331.62ms max=1.3s p(90)=451.63ms p(95)=455.57ms
    iterations.....................: 123294 8200.230633/s
    vus............................: 3759   min=1887        max=3799
    vus_max........................: 8468   min=8468        max=8468

    NETWORK
    data_received..................: 25 MB  1.7 MB/s
    data_sent......................: 13 MB  845 kB/s




running (15.0s), 00000/08468 VUs, 123263 complete and 3758 interrupted iterations
default ✓ [ 100% ] 03758/08468 VUs  15s  8468.00 iters/s
