
         /\      Grafana   /‾‾/  
    /\  /  \     |\  __   /  /   
   /  \/    \    | |/ /  /   ‾‾\ 
  /          \   |   (  |  (‾)  |
 / __________ \  |_|\_\  \_____/ 

     execution: local
        script: workflow/spin/k6_open_client.js
        output: -

     scenarios: (100.00%) 1 scenario, 10000 max VUs, 15s max duration (incl. graceful stop):
              * default: 3441.00 iterations/s for 15s (maxVUs: 3441-10000)


running (00.9s), 00302/03441 VUs, 2753 complete and 0 interrupted iterations
default   [   6% ] 00302/03441 VUs  00.9s/15s  3441.00 iters/s

running (01.9s), 00222/03441 VUs, 6272 complete and 0 interrupted iterations
default   [  13% ] 00222/03441 VUs  01.9s/15s  3441.00 iters/s

running (02.9s), 00289/03441 VUs, 9648 complete and 0 interrupted iterations
default   [  19% ] 00288/03441 VUs  02.9s/15s  3441.00 iters/s

running (03.9s), 00296/03441 VUs, 13082 complete and 0 interrupted iterations
default   [  26% ] 00296/03441 VUs  03.9s/15s  3441.00 iters/s

running (04.9s), 00242/03441 VUs, 16578 complete and 0 interrupted iterations
default   [  33% ] 00242/03441 VUs  04.9s/15s  3441.00 iters/s

running (05.9s), 00260/03441 VUs, 20001 complete and 0 interrupted iterations
default   [  39% ] 00260/03441 VUs  05.9s/15s  3441.00 iters/s

running (06.9s), 00232/03441 VUs, 23469 complete and 0 interrupted iterations
default   [  46% ] 00232/03441 VUs  06.9s/15s  3441.00 iters/s

running (07.9s), 00248/03441 VUs, 26894 complete and 0 interrupted iterations
default   [  53% ] 00248/03441 VUs  07.9s/15s  3441.00 iters/s

running (08.9s), 00249/03441 VUs, 30336 complete and 0 interrupted iterations
default   [  59% ] 00249/03441 VUs  08.9s/15s  3441.00 iters/s

running (09.9s), 00230/03441 VUs, 33792 complete and 0 interrupted iterations
default   [  66% ] 00231/03441 VUs  09.9s/15s  3441.00 iters/s

running (10.9s), 00219/03441 VUs, 37248 complete and 0 interrupted iterations
default   [  73% ] 00219/03441 VUs  10.9s/15s  3441.00 iters/s

running (11.9s), 00246/03441 VUs, 40660 complete and 0 interrupted iterations
default   [  79% ] 00246/03441 VUs  11.9s/15s  3441.00 iters/s

running (12.9s), 00217/03441 VUs, 44129 complete and 0 interrupted iterations
default   [  86% ] 00217/03441 VUs  12.9s/15s  3441.00 iters/s

running (13.9s), 00217/03441 VUs, 47571 complete and 0 interrupted iterations
default   [  93% ] 00217/03441 VUs  13.9s/15s  3441.00 iters/s

running (14.9s), 00236/03441 VUs, 50993 complete and 0 interrupted iterations
default   [  99% ] 00236/03441 VUs  14.9s/15s  3441.00 iters/s


  █ TOTAL RESULTS 

    HTTP
    http_req_duration..............: avg=71.54ms min=50.12ms med=70.27ms max=125.58ms p(90)=83.55ms p(95)=92.12ms
      { expected_response:true }...: avg=71.54ms min=50.12ms med=70.27ms max=125.58ms p(90)=83.55ms p(95)=92.12ms
    http_req_failed................: 0.00%  0 out of 51374
    http_reqs......................: 51374  3423.621528/s

    EXECUTION
    iteration_duration.............: avg=71.63ms min=50.2ms  med=70.35ms max=125.8ms  p(90)=83.65ms p(95)=92.33ms
    iterations.....................: 51374  3423.621528/s
    vus............................: 235    min=215        max=301 
    vus_max........................: 3441   min=3441       max=3441

    NETWORK
    data_received..................: 10 MB  695 kB/s
    data_sent......................: 9.9 MB 660 kB/s




running (15.0s), 00000/03441 VUs, 51371 complete and 244 interrupted iterations
default ✓ [ 100% ] 00244/03441 VUs  15s  3441.00 iters/s
