
         /\      Grafana   /‾‾/  
    /\  /  \     |\  __   /  /   
   /  \/    \    | |/ /  /   ‾‾\ 
  /          \   |   (  |  (‾)  |
 / __________ \  |_|\_\  \_____/ 

     execution: local
        script: workflow/spin/k6_open_client.js
        output: -

     scenarios: (100.00%) 1 scenario, 10000 max VUs, 15s max duration (incl. graceful stop):
              * default: 2586.00 iterations/s for 15s (maxVUs: 2586-10000)


running (00.9s), 00219/02586 VUs, 2134 complete and 0 interrupted iterations
default   [   6% ] 00219/02586 VUs  00.9s/15s  2586.00 iters/s

running (01.9s), 00218/02586 VUs, 4721 complete and 0 interrupted iterations
default   [  13% ] 00218/02586 VUs  01.9s/15s  2586.00 iters/s

running (02.9s), 00225/02586 VUs, 7302 complete and 0 interrupted iterations
default   [  19% ] 00225/02586 VUs  02.9s/15s  2586.00 iters/s

running (03.9s), 00182/02586 VUs, 9927 complete and 0 interrupted iterations
default   [  26% ] 00183/02586 VUs  03.9s/15s  2586.00 iters/s

running (04.9s), 00203/02586 VUs, 12494 complete and 0 interrupted iterations
default   [  33% ] 00203/02586 VUs  04.9s/15s  2586.00 iters/s

running (05.9s), 00180/02586 VUs, 15101 complete and 0 interrupted iterations
default   [  39% ] 00180/02586 VUs  05.9s/15s  2586.00 iters/s

running (06.9s), 00183/02586 VUs, 17686 complete and 0 interrupted iterations
default   [  46% ] 00183/02586 VUs  06.9s/15s  2586.00 iters/s

running (07.9s), 00155/02586 VUs, 20300 complete and 0 interrupted iterations
default   [  53% ] 00155/02586 VUs  07.9s/15s  2586.00 iters/s

running (08.9s), 00129/02586 VUs, 22912 complete and 0 interrupted iterations
default   [  59% ] 00130/02586 VUs  08.9s/15s  2586.00 iters/s

running (09.9s), 00177/02586 VUs, 25450 complete and 0 interrupted iterations
default   [  66% ] 00177/02586 VUs  09.9s/15s  2586.00 iters/s

running (10.9s), 00138/02586 VUs, 28077 complete and 0 interrupted iterations
default   [  73% ] 00138/02586 VUs  10.9s/15s  2586.00 iters/s

running (11.9s), 00193/02586 VUs, 30606 complete and 0 interrupted iterations
default   [  79% ] 00193/02586 VUs  11.9s/15s  2586.00 iters/s

running (12.9s), 00208/02586 VUs, 33178 complete and 0 interrupted iterations
default   [  86% ] 00208/02586 VUs  12.9s/15s  2586.00 iters/s

running (13.9s), 00181/02586 VUs, 35790 complete and 0 interrupted iterations
default   [  93% ] 00181/02586 VUs  13.9s/15s  2586.00 iters/s

running (14.9s), 00135/02586 VUs, 38423 complete and 0 interrupted iterations
default   [  99% ] 00135/02586 VUs  14.9s/15s  2586.00 iters/s


  █ TOTAL RESULTS 

    HTTP
    http_req_duration..............: avg=67.35ms min=37.44ms med=65.32ms max=104.85ms p(90)=88.49ms p(95)=92.26ms
      { expected_response:true }...: avg=67.35ms min=37.44ms med=65.32ms max=104.85ms p(90)=88.49ms p(95)=92.26ms
    http_req_failed................: 0.00%  0 out of 38666
    http_reqs......................: 38666  2577.053072/s

    EXECUTION
    iteration_duration.............: avg=67.44ms min=37.52ms med=65.42ms max=104.93ms p(90)=88.6ms  p(95)=92.36ms
    iterations.....................: 38666  2577.053072/s
    vus............................: 135    min=129        max=222 
    vus_max........................: 2586   min=2586       max=2586

    NETWORK
    data_received..................: 7.8 MB 523 kB/s
    data_sent......................: 7.4 MB 496 kB/s




running (15.0s), 00000/02586 VUs, 38666 complete and 125 interrupted iterations
default ✓ [ 100% ] 00125/02586 VUs  15s  2586.00 iters/s
