
         /\      Grafana   /‾‾/  
    /\  /  \     |\  __   /  /   
   /  \/    \    | |/ /  /   ‾‾\ 
  /          \   |   (  |  (‾)  |
 / __________ \  |_|\_\  \_____/ 

     execution: local
        script: workflow/spin/k6_open_client.js
        output: -

     scenarios: (100.00%) 1 scenario, 10000 max VUs, 15s max duration (incl. graceful stop):
              * default: 4000.00 iterations/s for 15s (maxVUs: 4000-10000)


running (00.9s), 00265/04000 VUs, 3239 complete and 0 interrupted iterations
default   [   6% ] 00265/04000 VUs  00.9s/15s  4000.00 iters/s

running (01.9s), 00224/04000 VUs, 7282 complete and 0 interrupted iterations
default   [  13% ] 00224/04000 VUs  01.9s/15s  4000.00 iters/s

running (02.9s), 00237/04000 VUs, 11270 complete and 0 interrupted iterations
default   [  19% ] 00237/04000 VUs  02.9s/15s  4000.00 iters/s

running (03.9s), 00257/04000 VUs, 15247 complete and 0 interrupted iterations
default   [  26% ] 00257/04000 VUs  03.9s/15s  4000.00 iters/s

running (04.9s), 00268/04000 VUs, 19236 complete and 0 interrupted iterations
default   [  33% ] 00268/04000 VUs  04.9s/15s  4000.00 iters/s

running (05.9s), 00251/04000 VUs, 23253 complete and 0 interrupted iterations
default   [  39% ] 00251/04000 VUs  05.9s/15s  4000.00 iters/s

running (06.9s), 00259/04000 VUs, 27248 complete and 0 interrupted iterations
default   [  46% ] 00259/04000 VUs  06.9s/15s  4000.00 iters/s

running (07.9s), 00237/04000 VUs, 31271 complete and 0 interrupted iterations
default   [  53% ] 00237/04000 VUs  07.9s/15s  4000.00 iters/s

running (08.9s), 00277/04000 VUs, 35227 complete and 0 interrupted iterations
default   [  59% ] 00277/04000 VUs  08.9s/15s  4000.00 iters/s

running (09.9s), 00234/04000 VUs, 39270 complete and 0 interrupted iterations
default   [  66% ] 00234/04000 VUs  09.9s/15s  4000.00 iters/s

running (10.9s), 00272/04000 VUs, 43234 complete and 0 interrupted iterations
default   [  73% ] 00272/04000 VUs  10.9s/15s  4000.00 iters/s

running (11.9s), 00212/04000 VUs, 47292 complete and 0 interrupted iterations
default   [  79% ] 00212/04000 VUs  11.9s/15s  4000.00 iters/s

running (12.9s), 00214/04000 VUs, 51290 complete and 0 interrupted iterations
default   [  86% ] 00214/04000 VUs  12.9s/15s  4000.00 iters/s

running (13.9s), 00221/04000 VUs, 55282 complete and 0 interrupted iterations
default   [  93% ] 00221/04000 VUs  13.9s/15s  4000.00 iters/s

running (14.9s), 00255/04000 VUs, 59247 complete and 0 interrupted iterations
default   [  99% ] 00255/04000 VUs  14.9s/15s  4000.00 iters/s


  █ TOTAL RESULTS 

    HTTP
    http_req_duration..............: avg=62.72ms min=43.6ms  med=60.99ms max=128.7ms  p(90)=73.26ms p(95)=81.52ms
      { expected_response:true }...: avg=62.72ms min=43.6ms  med=60.99ms max=128.7ms  p(90)=73.26ms p(95)=81.52ms
    http_req_failed................: 0.00% 0 out of 59782
    http_reqs......................: 59782 3983.715725/s

    EXECUTION
    iteration_duration.............: avg=62.82ms min=43.68ms med=61.08ms max=131.99ms p(90)=73.36ms p(95)=81.73ms
    iterations.....................: 59782 3983.715725/s
    vus............................: 259   min=212        max=277 
    vus_max........................: 4000  min=4000       max=4000

    NETWORK
    data_received..................: 12 MB 809 kB/s
    data_sent......................: 12 MB 767 kB/s




running (15.0s), 00000/04000 VUs, 59775 complete and 226 interrupted iterations
default ✓ [ 100% ] 00226/04000 VUs  15s  4000.00 iters/s
