
         /\      Grafana   /‾‾/  
    /\  /  \     |\  __   /  /   
   /  \/    \    | |/ /  /   ‾‾\ 
  /          \   |   (  |  (‾)  |
 / __________ \  |_|\_\  \_____/ 

     execution: local
        script: workflow/response/k6_open_client.js
        output: -

     scenarios: (100.00%) 1 scenario, 10000 max VUs, 15s max duration (incl. graceful stop):
              * default: 1165.00 iterations/s for 15s (maxVUs: 1165-10000)


running (01.0s), 00533/01165 VUs, 577 complete and 0 interrupted iterations
default   [   6% ] 00533/01165 VUs  01.0s/15s  1165.00 iters/s

running (02.0s), 01094/01165 VUs, 1181 complete and 0 interrupted iterations
default   [  13% ] 01094/01165 VUs  02.0s/15s  1165.00 iters/s

running (03.0s), 01395/01396 VUs, 1799 complete and 0 interrupted iterations
default   [  20% ] 01395/01396 VUs  03.0s/15s  1165.00 iters/s

running (04.0s), 01650/01650 VUs, 2422 complete and 0 interrupted iterations
default   [  26% ] 01650/01650 VUs  04.0s/15s  1165.00 iters/s

running (05.0s), 01914/01915 VUs, 3037 complete and 0 interrupted iterations
default   [  33% ] 01914/01915 VUs  05.0s/15s  1165.00 iters/s

running (06.0s), 02178/02178 VUs, 3648 complete and 0 interrupted iterations
default   [  40% ] 02178/02178 VUs  06.0s/15s  1165.00 iters/s

running (07.0s), 02445/02446 VUs, 4259 complete and 0 interrupted iterations
default   [  46% ] 02445/02446 VUs  07.0s/15s  1165.00 iters/s

running (08.0s), 02708/02708 VUs, 4879 complete and 0 interrupted iterations
default   [  53% ] 02708/02708 VUs  08.0s/15s  1165.00 iters/s

running (09.0s), 02976/02977 VUs, 5487 complete and 0 interrupted iterations
default   [  60% ] 02976/02977 VUs  09.0s/15s  1165.00 iters/s

running (10.0s), 03233/03233 VUs, 6111 complete and 0 interrupted iterations
default   [  66% ] 03233/03233 VUs  10.0s/15s  1165.00 iters/s

running (11.0s), 03499/03500 VUs, 6723 complete and 0 interrupted iterations
default   [  73% ] 03499/03500 VUs  11.0s/15s  1165.00 iters/s

running (12.0s), 03763/03763 VUs, 7333 complete and 0 interrupted iterations
default   [  80% ] 03763/03763 VUs  12.0s/15s  1165.00 iters/s

running (13.0s), 04030/04030 VUs, 7938 complete and 0 interrupted iterations
default   [  86% ] 04030/04030 VUs  13.0s/15s  1165.00 iters/s

running (14.0s), 04302/04302 VUs, 8540 complete and 0 interrupted iterations
default   [  93% ] 04302/04302 VUs  14.0s/15s  1165.00 iters/s

running (15.0s), 04556/04557 VUs, 9145 complete and 0 interrupted iterations
default   [ 100% ] 04556/04557 VUs  15.0s/15s  1165.00 iters/s


  █ TOTAL RESULTS 

    HTTP
    http_req_duration..............: avg=2.85s min=2.13ms med=2.94s max=5.24s p(90)=4.77s p(95)=4.99s
      { expected_response:true }...: avg=2.85s min=2.13ms med=2.94s max=5.24s p(90)=4.77s p(95)=4.99s
    http_req_failed................: 0.00%  0 out of 9183
    http_reqs......................: 9183   610.513177/s

    EXECUTION
    dropped_iterations.............: 3733   248.180953/s
    iteration_duration.............: avg=2.85s min=2.39ms med=2.94s max=5.26s p(90)=4.77s p(95)=4.99s
    iterations.....................: 9183   610.513177/s
    vus............................: 4556   min=533       max=4556
    vus_max........................: 4557   min=1165      max=4557

    NETWORK
    data_received..................: 1.9 MB 124 kB/s
    data_sent......................: 2.7 MB 179 kB/s




running (15.0s), 00000/04571 VUs, 9174 complete and 4570 interrupted iterations
default ✓ [ 100% ] 04570/04570 VUs  15s  1165.00 iters/s
