
         /\      Grafana   /‾‾/  
    /\  /  \     |\  __   /  /   
   /  \/    \    | |/ /  /   ‾‾\ 
  /          \   |   (  |  (‾)  |
 / __________ \  |_|\_\  \_____/ 

     execution: local
        script: workflow/spin/k6_open_client.js
        output: -

     scenarios: (100.00%) 1 scenario, 10000 max VUs, 15s max duration (incl. graceful stop):
              * default: 3655.00 iterations/s for 15s (maxVUs: 3655-10000)


running (00.9s), 00214/03655 VUs, 3000 complete and 0 interrupted iterations
default   [   6% ] 00214/03655 VUs  00.9s/15s  3655.00 iters/s

running (01.9s), 00224/03655 VUs, 6646 complete and 0 interrupted iterations
default   [  13% ] 00224/03655 VUs  01.9s/15s  3655.00 iters/s

running (02.9s), 00220/03655 VUs, 10304 complete and 0 interrupted iterations
default   [  19% ] 00221/03655 VUs  02.9s/15s  3655.00 iters/s

running (03.9s), 00224/03655 VUs, 13957 complete and 0 interrupted iterations
default   [  26% ] 00224/03655 VUs  03.9s/15s  3655.00 iters/s

running (04.9s), 00229/03655 VUs, 17603 complete and 0 interrupted iterations
default   [  33% ] 00229/03655 VUs  04.9s/15s  3655.00 iters/s

running (05.9s), 00209/03655 VUs, 21280 complete and 0 interrupted iterations
default   [  39% ] 00209/03655 VUs  05.9s/15s  3655.00 iters/s

running (06.9s), 00169/03655 VUs, 24978 complete and 0 interrupted iterations
default   [  46% ] 00169/03655 VUs  06.9s/15s  3655.00 iters/s

running (07.9s), 00207/03655 VUs, 28591 complete and 0 interrupted iterations
default   [  53% ] 00207/03655 VUs  07.9s/15s  3655.00 iters/s

running (08.9s), 00200/03655 VUs, 32254 complete and 0 interrupted iterations
default   [  59% ] 00200/03655 VUs  08.9s/15s  3655.00 iters/s

running (09.9s), 00199/03655 VUs, 35912 complete and 0 interrupted iterations
default   [  66% ] 00199/03655 VUs  09.9s/15s  3655.00 iters/s

running (10.9s), 00253/03655 VUs, 39511 complete and 0 interrupted iterations
default   [  73% ] 00253/03655 VUs  10.9s/15s  3655.00 iters/s

running (11.9s), 00210/03655 VUs, 43212 complete and 0 interrupted iterations
default   [  79% ] 00210/03655 VUs  11.9s/15s  3655.00 iters/s

running (12.9s), 00227/03655 VUs, 46848 complete and 0 interrupted iterations
default   [  86% ] 00227/03655 VUs  12.9s/15s  3655.00 iters/s

running (13.9s), 00222/03655 VUs, 50508 complete and 0 interrupted iterations
default   [  93% ] 00222/03655 VUs  13.9s/15s  3655.00 iters/s

running (14.9s), 00207/03655 VUs, 54179 complete and 0 interrupted iterations
default   [  99% ] 00207/03655 VUs  14.9s/15s  3655.00 iters/s


  █ TOTAL RESULTS 

    HTTP
    http_req_duration..............: avg=56.69ms min=39.08ms med=56.34ms max=100.33ms p(90)=64.71ms p(95)=67.33ms
      { expected_response:true }...: avg=56.69ms min=39.08ms med=56.34ms max=100.33ms p(90)=64.71ms p(95)=67.33ms
    http_req_failed................: 0.00% 0 out of 54621
    http_reqs......................: 54621 3639.878134/s

    EXECUTION
    iteration_duration.............: avg=56.78ms min=39.18ms med=56.43ms max=102.14ms p(90)=64.81ms p(95)=67.44ms
    iterations.....................: 54620 3639.811495/s
    vus............................: 207   min=165        max=253 
    vus_max........................: 3655  min=3655       max=3655

    NETWORK
    data_received..................: 11 MB 739 kB/s
    data_sent......................: 11 MB 701 kB/s




running (15.0s), 00000/03655 VUs, 54614 complete and 212 interrupted iterations
default ✓ [ 100% ] 00212/03655 VUs  15s  3655.00 iters/s
