
         /\      Grafana   /‾‾/  
    /\  /  \     |\  __   /  /   
   /  \/    \    | |/ /  /   ‾‾\ 
  /          \   |   (  |  (‾)  |
 / __________ \  |_|\_\  \_____/ 

     execution: local
        script: workflow/spin/k6_open_client.js
        output: -

     scenarios: (100.00%) 1 scenario, 10000 max VUs, 15s max duration (incl. graceful stop):
              * default: 3780.00 iterations/s for 15s (maxVUs: 3780-10000)


running (00.9s), 00333/03780 VUs, 2975 complete and 0 interrupted iterations
default   [   6% ] 00333/03780 VUs  00.9s/15s  3780.00 iters/s

running (01.9s), 00354/03780 VUs, 6726 complete and 0 interrupted iterations
default   [  13% ] 00354/03780 VUs  01.9s/15s  3780.00 iters/s

running (02.9s), 00255/03780 VUs, 10610 complete and 0 interrupted iterations
default   [  19% ] 00255/03780 VUs  02.9s/15s  3780.00 iters/s

running (03.9s), 00294/03780 VUs, 14354 complete and 0 interrupted iterations
default   [  26% ] 00294/03780 VUs  03.9s/15s  3780.00 iters/s

running (04.9s), 00288/03780 VUs, 18140 complete and 0 interrupted iterations
default   [  32% ] 00288/03780 VUs  04.9s/15s  3780.00 iters/s

running (05.9s), 00466/03780 VUs, 21741 complete and 0 interrupted iterations
default   [  39% ] 00467/03780 VUs  05.9s/15s  3780.00 iters/s

running (06.9s), 00351/03780 VUs, 25637 complete and 0 interrupted iterations
default   [  46% ] 00351/03780 VUs  06.9s/15s  3780.00 iters/s

running (07.9s), 00380/03780 VUs, 29389 complete and 0 interrupted iterations
default   [  53% ] 00380/03780 VUs  07.9s/15s  3780.00 iters/s

running (08.9s), 00391/03780 VUs, 33158 complete and 0 interrupted iterations
default   [  59% ] 00391/03780 VUs  08.9s/15s  3780.00 iters/s

running (09.9s), 00408/03780 VUs, 36918 complete and 0 interrupted iterations
default   [  66% ] 00408/03780 VUs  09.9s/15s  3780.00 iters/s

running (10.9s), 00403/03780 VUs, 40705 complete and 0 interrupted iterations
default   [  72% ] 00403/03780 VUs  10.9s/15s  3780.00 iters/s

running (11.9s), 00280/03780 VUs, 44608 complete and 0 interrupted iterations
default   [  79% ] 00280/03780 VUs  11.9s/15s  3780.00 iters/s

running (12.9s), 00314/03780 VUs, 48355 complete and 0 interrupted iterations
default   [  86% ] 00314/03780 VUs  12.9s/15s  3780.00 iters/s

running (13.9s), 00286/03780 VUs, 52162 complete and 0 interrupted iterations
default   [  92% ] 00286/03780 VUs  13.9s/15s  3780.00 iters/s

running (14.9s), 00361/03780 VUs, 55867 complete and 0 interrupted iterations
default   [  99% ] 00361/03780 VUs  14.9s/15s  3780.00 iters/s


  █ TOTAL RESULTS 

    HTTP
    http_req_duration..............: avg=89.42ms min=63.05ms med=88.93ms max=149.38ms p(90)=101.72ms p(95)=105.98ms
      { expected_response:true }...: avg=89.42ms min=63.05ms med=88.93ms max=149.38ms p(90)=101.72ms p(95)=105.98ms
    http_req_failed................: 0.00% 0 out of 56399
    http_reqs......................: 56399 3758.134047/s

    EXECUTION
    iteration_duration.............: avg=89.52ms min=63.12ms med=89.02ms max=149.47ms p(90)=101.81ms p(95)=106.07ms
    iterations.....................: 56399 3758.134047/s
    vus............................: 357   min=259        max=466 
    vus_max........................: 3780  min=3780       max=3780

    NETWORK
    data_received..................: 11 MB 763 kB/s
    data_sent......................: 11 MB 725 kB/s




running (15.0s), 00000/03780 VUs, 56384 complete and 317 interrupted iterations
default ✓ [ 100% ] 00317/03780 VUs  15s  3780.00 iters/s
