
         /\      Grafana   /‾‾/  
    /\  /  \     |\  __   /  /   
   /  \/    \    | |/ /  /   ‾‾\ 
  /          \   |   (  |  (‾)  |
 / __________ \  |_|\_\  \_____/ 

     execution: local
        script: workflow/hotel/k6_open_hotels_client.js
        output: -

     scenarios: (100.00%) 1 scenario, 10000 max VUs, 15s max duration (incl. graceful stop):
              * default: 4020.00 iterations/s for 15s (maxVUs: 4020-10000)


running (00.9s), 00008/04020 VUs, 3441 complete and 0 interrupted iterations
default   [   6% ] 00008/04020 VUs  00.9s/15s  4020.00 iters/s

running (01.9s), 00014/04020 VUs, 7455 complete and 0 interrupted iterations
default   [  12% ] 00014/04020 VUs  01.9s/15s  4020.00 iters/s

running (02.9s), 00007/04020 VUs, 11482 complete and 0 interrupted iterations
default   [  19% ] 00007/04020 VUs  02.9s/15s  4020.00 iters/s

running (03.9s), 00006/04020 VUs, 15504 complete and 0 interrupted iterations
default   [  26% ] 00006/04020 VUs  03.9s/15s  4020.00 iters/s

running (04.9s), 00008/04020 VUs, 19521 complete and 0 interrupted iterations
default   [  32% ] 00008/04020 VUs  04.9s/15s  4020.00 iters/s

running (05.9s), 00006/04020 VUs, 23542 complete and 0 interrupted iterations
default   [  39% ] 00006/04020 VUs  05.9s/15s  4020.00 iters/s

running (06.9s), 00008/04020 VUs, 27561 complete and 0 interrupted iterations
default   [  46% ] 00008/04020 VUs  06.9s/15s  4020.00 iters/s

running (07.9s), 00010/04020 VUs, 31579 complete and 0 interrupted iterations
default   [  52% ] 00010/04020 VUs  07.9s/15s  4020.00 iters/s

running (08.9s), 00007/04020 VUs, 35598 complete and 0 interrupted iterations
default   [  59% ] 00008/04020 VUs  08.9s/15s  4020.00 iters/s

running (09.9s), 00008/04020 VUs, 39622 complete and 0 interrupted iterations
default   [  66% ] 00007/04020 VUs  09.9s/15s  4020.00 iters/s

running (10.9s), 00007/04020 VUs, 43642 complete and 0 interrupted iterations
default   [  72% ] 00007/04020 VUs  10.9s/15s  4020.00 iters/s

running (11.9s), 00008/04020 VUs, 47655 complete and 0 interrupted iterations
default   [  79% ] 00008/04020 VUs  11.9s/15s  4020.00 iters/s

running (12.9s), 00009/04020 VUs, 51680 complete and 0 interrupted iterations
default   [  86% ] 00008/04020 VUs  12.9s/15s  4020.00 iters/s

running (13.9s), 00009/04020 VUs, 55701 complete and 0 interrupted iterations
default   [  92% ] 00009/04020 VUs  13.9s/15s  4020.00 iters/s

running (14.9s), 00008/04020 VUs, 59721 complete and 0 interrupted iterations
default   [  99% ] 00008/04020 VUs  14.9s/15s  4020.00 iters/s


  █ TOTAL RESULTS 

    HTTP
    http_req_duration..............: avg=2.54ms min=1ms   med=1.54ms max=78.47ms p(90)=3.75ms p(95)=5.07ms
      { expected_response:true }...: avg=2.54ms min=1ms   med=1.54ms max=78.47ms p(90)=3.75ms p(95)=5.07ms
    http_req_failed................: 0.00% 0 out of 60297
    http_reqs......................: 60297 4018.338597/s

    EXECUTION
    iteration_duration.............: avg=2.69ms min=1.1ms med=1.66ms max=78.74ms p(90)=3.92ms p(95)=5.38ms
    iterations.....................: 60297 4018.338597/s
    vus............................: 8     min=6          max=15  
    vus_max........................: 4020  min=4020       max=4020

    NETWORK
    data_received..................: 17 MB 1.2 MB/s
    data_sent......................: 20 MB 1.3 MB/s




running (15.0s), 00000/04020 VUs, 60293 complete and 8 interrupted iterations
default ✓ [ 100% ] 00008/04020 VUs  15s  4020.00 iters/s
