
         /\      Grafana   /‾‾/  
    /\  /  \     |\  __   /  /   
   /  \/    \    | |/ /  /   ‾‾\ 
  /          \   |   (  |  (‾)  |
 / __________ \  |_|\_\  \_____/ 

     execution: local
        script: workflow/spin/k6_open_client.js
        output: -

     scenarios: (100.00%) 1 scenario, 10000 max VUs, 15s max duration (incl. graceful stop):
              * default: 508.00 iterations/s for 15s (maxVUs: 508-10000)


running (01.0s), 00016/00508 VUs, 479 complete and 0 interrupted iterations
default   [   6% ] 00016/00508 VUs  01.0s/15s  508.00 iters/s

running (02.0s), 00013/00508 VUs, 990 complete and 0 interrupted iterations
default   [  13% ] 00013/00508 VUs  02.0s/15s  508.00 iters/s

running (03.0s), 00008/00508 VUs, 1503 complete and 0 interrupted iterations
default   [  20% ] 00008/00508 VUs  03.0s/15s  508.00 iters/s

running (04.0s), 00011/00508 VUs, 2008 complete and 0 interrupted iterations
default   [  26% ] 00011/00508 VUs  04.0s/15s  508.00 iters/s

running (05.0s), 00021/00508 VUs, 2506 complete and 0 interrupted iterations
default   [  33% ] 00021/00508 VUs  05.0s/15s  508.00 iters/s

running (06.0s), 00010/00508 VUs, 3025 complete and 0 interrupted iterations
default   [  40% ] 00010/00508 VUs  06.0s/15s  508.00 iters/s

running (07.0s), 00009/00508 VUs, 3534 complete and 0 interrupted iterations
default   [  46% ] 00009/00508 VUs  07.0s/15s  508.00 iters/s

running (08.0s), 00024/00508 VUs, 4027 complete and 0 interrupted iterations
default   [  53% ] 00024/00508 VUs  08.0s/15s  508.00 iters/s

running (09.0s), 00014/00508 VUs, 4546 complete and 0 interrupted iterations
default   [  60% ] 00014/00508 VUs  09.0s/15s  508.00 iters/s

running (10.0s), 00013/00508 VUs, 5055 complete and 0 interrupted iterations
default   [  66% ] 00013/00508 VUs  10.0s/15s  508.00 iters/s

running (11.0s), 00014/00508 VUs, 5561 complete and 0 interrupted iterations
default   [  73% ] 00014/00508 VUs  11.0s/15s  508.00 iters/s

running (12.0s), 00027/00508 VUs, 6057 complete and 0 interrupted iterations
default   [  80% ] 00027/00508 VUs  12.0s/15s  508.00 iters/s

running (13.0s), 00011/00508 VUs, 6580 complete and 0 interrupted iterations
default   [  86% ] 00011/00508 VUs  13.0s/15s  508.00 iters/s

running (14.0s), 00011/00508 VUs, 7088 complete and 0 interrupted iterations
default   [  93% ] 00011/00508 VUs  14.0s/15s  508.00 iters/s

running (15.0s), 00027/00508 VUs, 7581 complete and 0 interrupted iterations
default   [ 100% ] 00027/00508 VUs  15.0s/15s  508.00 iters/s


  █ TOTAL RESULTS 

    HTTP
    http_req_duration..............: avg=32.49ms min=10.51ms med=30.17ms max=68.93ms p(90)=54.56ms p(95)=59.19ms
      { expected_response:true }...: avg=32.49ms min=10.51ms med=30.17ms max=68.93ms p(90)=54.56ms p(95)=59.19ms
    http_req_failed................: 0.00%  0 out of 7606
    http_reqs......................: 7606   507.035812/s

    EXECUTION
    iteration_duration.............: avg=32.59ms min=10.58ms med=30.25ms max=69.14ms p(90)=54.7ms  p(95)=59.27ms
    iterations.....................: 7606   507.035812/s
    vus............................: 27     min=8         max=27 
    vus_max........................: 508    min=508       max=508

    NETWORK
    data_received..................: 1.5 MB 102 kB/s
    data_sent......................: 1.5 MB 98 kB/s




running (15.0s), 00000/00508 VUs, 7606 complete and 15 interrupted iterations
default ✓ [ 100% ] 00015/00508 VUs  15s  508.00 iters/s
