
         /\      Grafana   /‾‾/  
    /\  /  \     |\  __   /  /   
   /  \/    \    | |/ /  /   ‾‾\ 
  /          \   |   (  |  (‾)  |
 / __________ \  |_|\_\  \_____/ 

     execution: local
        script: workflow/write/k6_open_client.js
        output: -

     scenarios: (100.00%) 1 scenario, 10000 max VUs, 15s max duration (incl. graceful stop):
              * default: 5449.00 iterations/s for 15s (maxVUs: 5449-10000)


running (00.8s), 00396/05449 VUs, 4150 complete and 0 interrupted iterations
default   [   6% ] 00396/05449 VUs  00.8s/15s  5449.00 iters/s

running (01.8s), 00242/05449 VUs, 9753 complete and 0 interrupted iterations
default   [  12% ] 00242/05449 VUs  01.8s/15s  5449.00 iters/s

running (02.8s), 00265/05449 VUs, 15180 complete and 0 interrupted iterations
default   [  19% ] 00265/05449 VUs  02.8s/15s  5449.00 iters/s

running (03.8s), 00216/05449 VUs, 20678 complete and 0 interrupted iterations
default   [  26% ] 00216/05449 VUs  03.8s/15s  5449.00 iters/s

running (04.8s), 00262/05449 VUs, 26080 complete and 0 interrupted iterations
default   [  32% ] 00262/05449 VUs  04.8s/15s  5449.00 iters/s

running (05.8s), 00227/05449 VUs, 31564 complete and 0 interrupted iterations
default   [  39% ] 00227/05449 VUs  05.8s/15s  5449.00 iters/s

running (06.8s), 00283/05449 VUs, 36957 complete and 0 interrupted iterations
default   [  46% ] 00283/05449 VUs  06.8s/15s  5449.00 iters/s

running (07.8s), 00273/05449 VUs, 42417 complete and 0 interrupted iterations
default   [  52% ] 00273/05449 VUs  07.8s/15s  5449.00 iters/s

running (08.8s), 00347/05449 VUs, 47787 complete and 0 interrupted iterations
default   [  59% ] 00347/05449 VUs  08.8s/15s  5449.00 iters/s

running (09.8s), 00299/05449 VUs, 53291 complete and 0 interrupted iterations
default   [  66% ] 00299/05449 VUs  09.8s/15s  5449.00 iters/s

running (10.8s), 00241/05449 VUs, 58795 complete and 0 interrupted iterations
default   [  72% ] 00242/05449 VUs  10.8s/15s  5449.00 iters/s

running (11.8s), 00252/05449 VUs, 64234 complete and 0 interrupted iterations
default   [  79% ] 00252/05449 VUs  11.8s/15s  5449.00 iters/s

running (12.8s), 00294/05449 VUs, 69641 complete and 0 interrupted iterations
default   [  86% ] 00294/05449 VUs  12.8s/15s  5449.00 iters/s

running (13.8s), 00234/05449 VUs, 75150 complete and 0 interrupted iterations
default   [  92% ] 00234/05449 VUs  13.8s/15s  5449.00 iters/s

running (14.8s), 00248/05449 VUs, 80585 complete and 0 interrupted iterations
default   [  99% ] 00248/05449 VUs  14.8s/15s  5449.00 iters/s


  █ TOTAL RESULTS 

    HTTP
    http_req_duration..............: avg=52ms    min=36.06ms med=47.18ms max=126.67ms p(90)=72.85ms p(95)=83.99ms
      { expected_response:true }...: avg=52ms    min=36.06ms med=47.18ms max=126.67ms p(90)=72.85ms p(95)=83.99ms
    http_req_failed................: 0.00%  0 out of 81530
    http_reqs......................: 81530  5431.917497/s

    EXECUTION
    iteration_duration.............: avg=52.08ms min=36.11ms med=47.24ms max=126.91ms p(90)=73.08ms p(95)=84.15ms
    iterations.....................: 81530  5431.917497/s
    vus............................: 245    min=215        max=396 
    vus_max........................: 5449   min=5449       max=5449

    NETWORK
    data_received..................: 17 MB  1.1 MB/s
    data_sent......................: 8.2 MB 545 kB/s




running (15.0s), 00000/05449 VUs, 81515 complete and 222 interrupted iterations
default ✓ [ 100% ] 00222/05449 VUs  15s  5449.00 iters/s
