
         /\      Grafana   /‾‾/  
    /\  /  \     |\  __   /  /   
   /  \/    \    | |/ /  /   ‾‾\ 
  /          \   |   (  |  (‾)  |
 / __________ \  |_|\_\  \_____/ 

     execution: local
        script: workflow/response/k6_open_client.js
        output: -

     scenarios: (100.00%) 1 scenario, 100000 max VUs, 15s max duration (incl. graceful stop):
              * default: 7264.00 iterations/s for 15s (maxVUs: 7264-100000)


running (00.8s), 001847/007264 VUs, 3112 complete and 0 interrupted iterations
default   [   5% ] 001847/007264 VUs  00.8s/15s  7264.00 iters/s

running (01.8s), 003538/007264 VUs, 9437 complete and 0 interrupted iterations
default   [  12% ] 003538/007264 VUs  01.8s/15s  7264.00 iters/s

running (02.8s), 003685/007264 VUs, 16554 complete and 0 interrupted iterations
default   [  19% ] 003685/007264 VUs  02.8s/15s  7264.00 iters/s

running (03.8s), 003606/007264 VUs, 23898 complete and 0 interrupted iterations
default   [  25% ] 003606/007264 VUs  03.8s/15s  7264.00 iters/s

running (04.8s), 003692/007264 VUs, 31075 complete and 0 interrupted iterations
default   [  32% ] 003692/007264 VUs  04.8s/15s  7264.00 iters/s

running (05.8s), 003753/007264 VUs, 38278 complete and 0 interrupted iterations
default   [  39% ] 003753/007264 VUs  05.8s/15s  7264.00 iters/s

running (06.8s), 003716/007264 VUs, 45579 complete and 0 interrupted iterations
default   [  45% ] 003716/007264 VUs  06.8s/15s  7264.00 iters/s

running (07.8s), 003580/007264 VUs, 52979 complete and 0 interrupted iterations
default   [  52% ] 003579/007264 VUs  07.8s/15s  7264.00 iters/s

running (08.8s), 003376/007264 VUs, 60448 complete and 0 interrupted iterations
default   [  59% ] 003376/007264 VUs  08.8s/15s  7264.00 iters/s

running (09.8s), 003404/007264 VUs, 67683 complete and 0 interrupted iterations
default   [  65% ] 003404/007264 VUs  09.8s/15s  7264.00 iters/s

running (10.8s), 003405/007264 VUs, 74946 complete and 0 interrupted iterations
default   [  72% ] 003405/007264 VUs  10.8s/15s  7264.00 iters/s

running (11.8s), 003308/007264 VUs, 82311 complete and 0 interrupted iterations
default   [  79% ] 003307/007264 VUs  11.8s/15s  7264.00 iters/s

running (12.8s), 003266/007264 VUs, 89613 complete and 0 interrupted iterations
default   [  85% ] 003266/007264 VUs  12.8s/15s  7264.00 iters/s

running (13.8s), 003204/007264 VUs, 96939 complete and 0 interrupted iterations
default   [  92% ] 003204/007264 VUs  13.8s/15s  7264.00 iters/s

running (14.8s), 002926/007264 VUs, 104485 complete and 0 interrupted iterations
default   [  99% ] 002926/007264 VUs  14.8s/15s  7264.00 iters/s


  █ TOTAL RESULTS 

    HTTP
    http_req_duration..............: avg=462.25ms min=660.74µs med=476.95ms max=1.42s p(90)=514.5ms  p(95)=518ms   
      { expected_response:true }...: avg=462.25ms min=660.74µs med=476.95ms max=1.42s p(90)=514.5ms  p(95)=518ms   
    http_req_failed................: 0.00%  0 out of 106119
    http_reqs......................: 106119 7060.925483/s

    EXECUTION
    iteration_duration.............: avg=464.65ms min=729.81µs med=477.24ms max=1.42s p(90)=514.67ms p(95)=518.18ms
    iterations.....................: 106119 7060.925483/s
    vus............................: 2919   min=1841        max=3754
    vus_max........................: 7264   min=7264        max=7264

    NETWORK
    data_received..................: 22 MB  1.4 MB/s
    data_sent......................: 21 MB  1.4 MB/s




running (15.0s), 000000/007264 VUs, 106105 complete and 2856 interrupted iterations
default ✓ [ 100% ] 002856/007264 VUs  15s  7264.00 iters/s
