
         /\      Grafana   /‾‾/  
    /\  /  \     |\  __   /  /   
   /  \/    \    | |/ /  /   ‾‾\ 
  /          \   |   (  |  (‾)  |
 / __________ \  |_|\_\  \_____/ 

     execution: local
        script: workflow/spin/k6_open_client.js
        output: -

     scenarios: (100.00%) 1 scenario, 10000 max VUs, 15s max duration (incl. graceful stop):
              * default: 1791.00 iterations/s for 15s (maxVUs: 1791-10000)


running (00.9s), 00779/01791 VUs, 891 complete and 0 interrupted iterations
default   [   6% ] 00779/01791 VUs  00.9s/15s  1791.00 iters/s

running (01.9s), 00899/01791 VUs, 2560 complete and 0 interrupted iterations
default   [  13% ] 00899/01791 VUs  01.9s/15s  1791.00 iters/s

running (02.9s), 00643/01791 VUs, 4608 complete and 0 interrupted iterations
default   [  20% ] 00644/01791 VUs  02.9s/15s  1791.00 iters/s

running (03.9s), 00900/01791 VUs, 6144 complete and 0 interrupted iterations
default   [  26% ] 00900/01791 VUs  03.9s/15s  1791.00 iters/s

running (04.9s), 00644/01791 VUs, 8192 complete and 0 interrupted iterations
default   [  33% ] 00644/01791 VUs  04.9s/15s  1791.00 iters/s

running (05.9s), 00898/01791 VUs, 9728 complete and 0 interrupted iterations
default   [  40% ] 00898/01791 VUs  05.9s/15s  1791.00 iters/s

running (06.9s), 00641/01791 VUs, 11776 complete and 0 interrupted iterations
default   [  46% ] 00641/01791 VUs  06.9s/15s  1791.00 iters/s

running (07.9s), 00895/01791 VUs, 13312 complete and 0 interrupted iterations
default   [  53% ] 00895/01791 VUs  07.9s/15s  1791.00 iters/s

running (08.9s), 00775/01791 VUs, 15223 complete and 0 interrupted iterations
default   [  60% ] 00775/01791 VUs  08.9s/15s  1791.00 iters/s

running (09.9s), 00894/01791 VUs, 16896 complete and 0 interrupted iterations
default   [  66% ] 00894/01791 VUs  09.9s/15s  1791.00 iters/s

running (10.9s), 00675/01791 VUs, 18905 complete and 0 interrupted iterations
default   [  73% ] 00675/01791 VUs  10.9s/15s  1791.00 iters/s

running (11.9s), 00891/01791 VUs, 20480 complete and 0 interrupted iterations
default   [  80% ] 00891/01791 VUs  11.9s/15s  1791.00 iters/s

running (12.9s), 00635/01791 VUs, 22528 complete and 0 interrupted iterations
default   [  86% ] 00635/01791 VUs  12.9s/15s  1791.00 iters/s

running (13.9s), 00889/01791 VUs, 24064 complete and 0 interrupted iterations
default   [  93% ] 00889/01791 VUs  13.9s/15s  1791.00 iters/s

running (14.9s), 00839/01791 VUs, 25905 complete and 0 interrupted iterations
default   [ 100% ] 00839/01791 VUs  14.9s/15s  1791.00 iters/s


  █ TOTAL RESULTS 

    HTTP
    http_req_duration..............: avg=464.9ms  min=338.36ms med=466.48ms max=610.36ms p(90)=544.74ms p(95)=556.41ms
      { expected_response:true }...: avg=464.9ms  min=338.36ms med=466.48ms max=610.36ms p(90)=544.74ms p(95)=556.41ms
    http_req_failed................: 0.00%  0 out of 26112
    http_reqs......................: 26112  1739.986878/s

    EXECUTION
    iteration_duration.............: avg=464.99ms min=338.46ms med=466.56ms max=610.44ms p(90)=544.88ms p(95)=556.52ms
    iterations.....................: 26112  1739.986878/s
    vus............................: 839    min=635        max=901 
    vus_max........................: 1791   min=1791       max=1791

    NETWORK
    data_received..................: 5.3 MB 353 kB/s
    data_sent......................: 5.2 MB 344 kB/s




running (15.0s), 00000/01791 VUs, 26112 complete and 754 interrupted iterations
default ✓ [ 100% ] 00754/01791 VUs  15s  1791.00 iters/s
