
         /\      Grafana   /‾‾/  
    /\  /  \     |\  __   /  /   
   /  \/    \    | |/ /  /   ‾‾\ 
  /          \   |   (  |  (‾)  |
 / __________ \  |_|\_\  \_____/ 

     execution: local
        script: workflow/write/k6_open_client.js
        output: -

     scenarios: (100.00%) 1 scenario, 10000 max VUs, 15s max duration (incl. graceful stop):
              * default: 8674.00 iterations/s for 15s (maxVUs: 8674-10000)


running (00.7s), 01767/08674 VUs, 4680 complete and 0 interrupted iterations
default   [   5% ] 01767/08674 VUs  00.7s/15s  8674.00 iters/s

running (01.7s), 03137/08674 VUs, 11986 complete and 0 interrupted iterations
default   [  12% ] 03137/08674 VUs  01.7s/15s  8674.00 iters/s

running (02.7s), 03611/08674 VUs, 20184 complete and 0 interrupted iterations
default   [  18% ] 03610/08674 VUs  02.7s/15s  8674.00 iters/s

running (03.7s), 04308/08674 VUs, 28161 complete and 0 interrupted iterations
default   [  25% ] 04308/08674 VUs  03.7s/15s  8674.00 iters/s

running (04.7s), 04973/08674 VUs, 36173 complete and 0 interrupted iterations
default   [  32% ] 04973/08674 VUs  04.7s/15s  8674.00 iters/s

running (05.7s), 05548/08674 VUs, 44274 complete and 0 interrupted iterations
default   [  38% ] 05548/08674 VUs  05.7s/15s  8674.00 iters/s

running (06.7s), 06177/08674 VUs, 52314 complete and 0 interrupted iterations
default   [  45% ] 06177/08674 VUs  06.7s/15s  8674.00 iters/s

running (07.7s), 06911/08674 VUs, 60254 complete and 0 interrupted iterations
default   [  52% ] 06911/08674 VUs  07.7s/15s  8674.00 iters/s

running (08.7s), 07470/08674 VUs, 68369 complete and 0 interrupted iterations
default   [  58% ] 07470/08674 VUs  08.7s/15s  8674.00 iters/s

running (09.7s), 08134/08674 VUs, 76379 complete and 0 interrupted iterations
default   [  65% ] 08134/08674 VUs  09.7s/15s  8674.00 iters/s

running (10.7s), 08817/08817 VUs, 84157 complete and 0 interrupted iterations
default   [  72% ] 08817/08817 VUs  10.7s/15s  8674.00 iters/s

running (11.7s), 09288/09288 VUs, 91309 complete and 0 interrupted iterations
default   [  78% ] 09288/09288 VUs  11.7s/15s  8674.00 iters/s

running (12.7s), 09433/09444 VUs, 99315 complete and 0 interrupted iterations
default   [  85% ] 09433/09444 VUs  12.7s/15s  8674.00 iters/s

running (13.7s), 09700/09721 VUs, 106941 complete and 0 interrupted iterations
default   [  92% ] 09700/09721 VUs  13.7s/15s  8674.00 iters/s

running (14.7s), 09850/09851 VUs, 115200 complete and 0 interrupted iterations
default   [  98% ] 09850/09851 VUs  14.7s/15s  8674.00 iters/s


  █ TOTAL RESULTS 

    HTTP
    http_req_duration..............: avg=778.1ms  min=743.53µs med=782.66ms max=2.42s p(90)=1.21s p(95)=1.21s
      { expected_response:true }...: avg=778.1ms  min=743.53µs med=782.66ms max=2.42s p(90)=1.21s p(95)=1.21s
    http_req_failed................: 0.00%  0 out of 117323
    http_reqs......................: 117323 7775.892251/s

    EXECUTION
    dropped_iterations.............: 2956   195.916721/s
    iteration_duration.............: avg=778.25ms min=790.28µs med=782.72ms max=2.42s p(90)=1.21s p(95)=1.21s
    iterations.....................: 117323 7775.892251/s
    vus............................: 9849   min=1767        max=9849
    vus_max........................: 9851   min=8674        max=9851

    NETWORK
    data_received..................: 24 MB  1.6 MB/s
    data_sent......................: 13 MB  843 kB/s




running (15.1s), 00000/09888 VUs, 117267 complete and 9887 interrupted iterations
default ✓ [ 100% ] 09887/09888 VUs  15s  8674.00 iters/s
