
         /\      Grafana   /‾‾/  
    /\  /  \     |\  __   /  /   
   /  \/    \    | |/ /  /   ‾‾\ 
  /          \   |   (  |  (‾)  |
 / __________ \  |_|\_\  \_____/ 

     execution: local
        script: workflow/media/k6_open_review_compose.js
        output: -

     scenarios: (100.00%) 1 scenario, 10000 max VUs, 15s max duration (incl. graceful stop):
              * default: 1747.00 iterations/s for 15s (maxVUs: 1747-10000)


running (00.9s), 00011/01747 VUs, 1621 complete and 0 interrupted iterations
default   [   6% ] 00011/01747 VUs  00.9s/15s  1747.00 iters/s

running (01.9s), 00017/01747 VUs, 3362 complete and 0 interrupted iterations
default   [  13% ] 00018/01747 VUs  01.9s/15s  1747.00 iters/s

running (02.9s), 00025/01747 VUs, 5101 complete and 0 interrupted iterations
default   [  20% ] 00025/01747 VUs  02.9s/15s  1747.00 iters/s

running (03.9s), 00004/01747 VUs, 6869 complete and 0 interrupted iterations
default   [  26% ] 00004/01747 VUs  03.9s/15s  1747.00 iters/s

running (04.9s), 00007/01747 VUs, 8613 complete and 0 interrupted iterations
default   [  33% ] 00007/01747 VUs  04.9s/15s  1747.00 iters/s

running (05.9s), 00004/01747 VUs, 10363 complete and 0 interrupted iterations
default   [  40% ] 00004/01747 VUs  05.9s/15s  1747.00 iters/s

running (06.9s), 00013/01747 VUs, 12101 complete and 0 interrupted iterations
default   [  46% ] 00013/01747 VUs  06.9s/15s  1747.00 iters/s

running (07.9s), 00005/01747 VUs, 13856 complete and 0 interrupted iterations
default   [  53% ] 00005/01747 VUs  07.9s/15s  1747.00 iters/s

running (08.9s), 00010/01747 VUs, 15599 complete and 0 interrupted iterations
default   [  60% ] 00010/01747 VUs  08.9s/15s  1747.00 iters/s

running (09.9s), 00012/01747 VUs, 17343 complete and 0 interrupted iterations
default   [  66% ] 00012/01747 VUs  09.9s/15s  1747.00 iters/s

running (10.9s), 00013/01747 VUs, 19090 complete and 0 interrupted iterations
default   [  73% ] 00013/01747 VUs  10.9s/15s  1747.00 iters/s

running (11.9s), 00005/01747 VUs, 20844 complete and 0 interrupted iterations
default   [  80% ] 00005/01747 VUs  11.9s/15s  1747.00 iters/s

running (12.9s), 00005/01747 VUs, 22591 complete and 0 interrupted iterations
default   [  86% ] 00005/01747 VUs  12.9s/15s  1747.00 iters/s

running (13.9s), 00007/01747 VUs, 24336 complete and 0 interrupted iterations
default   [  93% ] 00007/01747 VUs  13.9s/15s  1747.00 iters/s

running (14.9s), 00036/01747 VUs, 26054 complete and 0 interrupted iterations
default   [ 100% ] 00036/01747 VUs  14.9s/15s  1747.00 iters/s


  █ TOTAL RESULTS 

    HTTP
    http_req_duration..............: avg=5.27ms min=1.4ms  med=2.89ms max=61.25ms p(90)=10.89ms p(95)=16.4ms 
      { expected_response:true }...: avg=5.27ms min=1.4ms  med=2.89ms max=61.25ms p(90)=10.89ms p(95)=16.4ms 
    http_req_failed................: 0.00%  0 out of 26200
    http_reqs......................: 26200  1746.378886/s

    EXECUTION
    iteration_duration.............: avg=5.4ms  min=1.52ms med=3.01ms max=61.37ms p(90)=11.03ms p(95)=16.57ms
    iterations.....................: 26200  1746.378886/s
    vus............................: 34     min=4          max=34  
    vus_max........................: 1747   min=1747       max=1747

    NETWORK
    data_received..................: 6.1 MB 405 kB/s
    data_sent......................: 15 MB  972 kB/s




running (15.0s), 00000/01747 VUs, 26200 complete and 6 interrupted iterations
default ✓ [ 100% ] 00006/01747 VUs  15s  1747.00 iters/s
