
         /\      Grafana   /‾‾/  
    /\  /  \     |\  __   /  /   
   /  \/    \    | |/ /  /   ‾‾\ 
  /          \   |   (  |  (‾)  |
 / __________ \  |_|\_\  \_____/ 

     execution: local
        script: workflow/spin/k6_open_client.js
        output: -

     scenarios: (100.00%) 1 scenario, 10000 max VUs, 15s max duration (incl. graceful stop):
              * default: 3650.00 iterations/s for 15s (maxVUs: 3650-10000)


running (00.9s), 00013/03650 VUs, 3207 complete and 0 interrupted iterations
default   [   6% ] 00013/03650 VUs  00.9s/15s  3650.00 iters/s

running (01.9s), 00011/03650 VUs, 6859 complete and 0 interrupted iterations
default   [  13% ] 00011/03650 VUs  01.9s/15s  3650.00 iters/s

running (02.9s), 00019/03650 VUs, 10501 complete and 0 interrupted iterations
default   [  19% ] 00019/03650 VUs  02.9s/15s  3650.00 iters/s

running (03.9s), 00013/03650 VUs, 14159 complete and 0 interrupted iterations
default   [  26% ] 00013/03650 VUs  03.9s/15s  3650.00 iters/s

running (04.9s), 00011/03650 VUs, 17810 complete and 0 interrupted iterations
default   [  33% ] 00011/03650 VUs  04.9s/15s  3650.00 iters/s

running (05.9s), 00009/03650 VUs, 21461 complete and 0 interrupted iterations
default   [  39% ] 00009/03650 VUs  05.9s/15s  3650.00 iters/s

running (06.9s), 00010/03650 VUs, 25111 complete and 0 interrupted iterations
default   [  46% ] 00010/03650 VUs  06.9s/15s  3650.00 iters/s

running (07.9s), 00014/03650 VUs, 28758 complete and 0 interrupted iterations
default   [  53% ] 00014/03650 VUs  07.9s/15s  3650.00 iters/s

running (08.9s), 00012/03650 VUs, 32408 complete and 0 interrupted iterations
default   [  59% ] 00012/03650 VUs  08.9s/15s  3650.00 iters/s

running (09.9s), 00011/03650 VUs, 36059 complete and 0 interrupted iterations
default   [  66% ] 00011/03650 VUs  09.9s/15s  3650.00 iters/s

running (10.9s), 00019/03650 VUs, 39701 complete and 0 interrupted iterations
default   [  73% ] 00019/03650 VUs  10.9s/15s  3650.00 iters/s

running (11.9s), 00008/03650 VUs, 43360 complete and 0 interrupted iterations
default   [  79% ] 00008/03650 VUs  11.9s/15s  3650.00 iters/s

running (12.9s), 00015/03650 VUs, 47007 complete and 0 interrupted iterations
default   [  86% ] 00015/03650 VUs  12.9s/15s  3650.00 iters/s

running (13.9s), 00012/03650 VUs, 50659 complete and 0 interrupted iterations
default   [  93% ] 00012/03650 VUs  13.9s/15s  3650.00 iters/s

running (14.9s), 00011/03650 VUs, 54310 complete and 0 interrupted iterations
default   [  99% ] 00011/03650 VUs  14.9s/15s  3650.00 iters/s


  █ TOTAL RESULTS 

    HTTP
    http_req_duration..............: avg=3.94ms min=2.38ms med=2.94ms max=66.3ms  p(90)=4.56ms p(95)=5.72ms
      { expected_response:true }...: avg=3.94ms min=2.38ms med=2.94ms max=66.3ms  p(90)=4.56ms p(95)=5.72ms
    http_req_failed................: 0.00% 0 out of 54743
    http_reqs......................: 54743 3648.350476/s

    EXECUTION
    iteration_duration.............: avg=4.03ms min=2.44ms med=3.03ms max=66.56ms p(90)=4.65ms p(95)=5.83ms
    iterations.....................: 54743 3648.350476/s
    vus............................: 12    min=8          max=19  
    vus_max........................: 3650  min=3650       max=3650

    NETWORK
    data_received..................: 11 MB 741 kB/s
    data_sent......................: 11 MB 700 kB/s




running (15.0s), 00000/03650 VUs, 54739 complete and 12 interrupted iterations
default ✓ [ 100% ] 00012/03650 VUs  15s  3650.00 iters/s
