
         /\      Grafana   /‾‾/  
    /\  /  \     |\  __   /  /   
   /  \/    \    | |/ /  /   ‾‾\ 
  /          \   |   (  |  (‾)  |
 / __________ \  |_|\_\  \_____/ 

     execution: local
        script: workflow/social/k6_open_client.js
        output: -

     scenarios: (100.00%) 1 scenario, 10000 max VUs, 15s max duration (incl. graceful stop):
              * default: 5335.00 iterations/s for 15s (maxVUs: 5335-10000)


running (00.8s), 01227/05335 VUs, 3117 complete and 0 interrupted iterations
default   [   5% ] 01227/05335 VUs  00.8s/15s  5335.00 iters/s

running (01.8s), 02092/05335 VUs, 7587 complete and 0 interrupted iterations
default   [  12% ] 02092/05335 VUs  01.8s/15s  5335.00 iters/s

running (02.8s), 02854/05335 VUs, 12161 complete and 0 interrupted iterations
default   [  19% ] 02854/05335 VUs  02.8s/15s  5335.00 iters/s

running (03.8s), 03606/05335 VUs, 16743 complete and 0 interrupted iterations
default   [  25% ] 03606/05335 VUs  03.8s/15s  5335.00 iters/s

running (04.8s), 04210/05335 VUs, 21474 complete and 0 interrupted iterations
default   [  32% ] 04210/05335 VUs  04.8s/15s  5335.00 iters/s

running (05.8s), 04824/05335 VUs, 26196 complete and 0 interrupted iterations
default   [  39% ] 04824/05335 VUs  05.8s/15s  5335.00 iters/s

running (06.8s), 05425/05425 VUs, 30682 complete and 0 interrupted iterations
default   [  45% ] 05425/05425 VUs  06.8s/15s  5335.00 iters/s

running (07.8s), 05597/05599 VUs, 35341 complete and 0 interrupted iterations
default   [  52% ] 05597/05599 VUs  07.8s/15s  5335.00 iters/s

running (08.8s), 05767/05769 VUs, 39901 complete and 0 interrupted iterations
default   [  59% ] 05767/05769 VUs  08.8s/15s  5335.00 iters/s

running (09.8s), 05972/05973 VUs, 44527 complete and 0 interrupted iterations
default   [  65% ] 05972/05973 VUs  09.8s/15s  5335.00 iters/s

running (10.8s), 06323/06323 VUs, 48758 complete and 0 interrupted iterations
default   [  72% ] 06323/06323 VUs  10.8s/15s  5335.00 iters/s

running (11.8s), 06385/06389 VUs, 53873 complete and 0 interrupted iterations
default   [  79% ] 06385/06389 VUs  11.8s/15s  5335.00 iters/s

running (12.8s), 06581/06583 VUs, 58556 complete and 0 interrupted iterations
default   [  85% ] 06580/06583 VUs  12.8s/15s  5335.00 iters/s

running (13.8s), 06757/06827 VUs, 63087 complete and 0 interrupted iterations
default   [  92% ] 06757/06827 VUs  13.8s/15s  5335.00 iters/s

running (14.8s), 06938/06943 VUs, 67927 complete and 0 interrupted iterations
default   [  99% ] 06938/06943 VUs  14.8s/15s  5335.00 iters/s


  █ TOTAL RESULTS 

    HTTP
    http_req_duration..............: avg=983.84ms min=30.76ms med=1.14s max=1.43s p(90)=1.38s p(95)=1.41s
      { expected_response:true }...: avg=983.84ms min=30.76ms med=1.14s max=1.43s p(90)=1.38s p(95)=1.41s
    http_req_failed................: 0.00% 0 out of 68983
    http_reqs......................: 68983 4577.820255/s

    EXECUTION
    dropped_iterations.............: 4216  279.780383/s
    iteration_duration.............: avg=984.04ms min=31.4ms  med=1.14s max=1.45s p(90)=1.38s p(95)=1.41s
    iterations.....................: 68983 4577.820255/s
    vus............................: 6937  min=1226       max=6937
    vus_max........................: 6943  min=5335       max=6943

    NETWORK
    data_received..................: 16 MB 1.0 MB/s
    data_sent......................: 25 MB 1.7 MB/s




running (15.1s), 00000/06980 VUs, 68855 complete and 6955 interrupted iterations
default ✓ [ 100% ] 06955/06980 VUs  15s  5335.00 iters/s
