
         /\      Grafana   /‾‾/  
    /\  /  \     |\  __   /  /   
   /  \/    \    | |/ /  /   ‾‾\ 
  /          \   |   (  |  (‾)  |
 / __________ \  |_|\_\  \_____/ 

     execution: local
        script: workflow/spin/k6_open_client.js
        output: -

     scenarios: (100.00%) 1 scenario, 10000 max VUs, 15s max duration (incl. graceful stop):
              * default: 1807.00 iterations/s for 15s (maxVUs: 1807-10000)


running (00.9s), 00091/01807 VUs, 1590 complete and 0 interrupted iterations
default   [   6% ] 00091/01807 VUs  00.9s/15s  1807.00 iters/s

running (01.9s), 00066/01807 VUs, 3421 complete and 0 interrupted iterations
default   [  13% ] 00066/01807 VUs  01.9s/15s  1807.00 iters/s

running (02.9s), 00079/01807 VUs, 5214 complete and 0 interrupted iterations
default   [  20% ] 00079/01807 VUs  02.9s/15s  1807.00 iters/s

running (03.9s), 00064/01807 VUs, 7037 complete and 0 interrupted iterations
default   [  26% ] 00064/01807 VUs  03.9s/15s  1807.00 iters/s

running (04.9s), 00050/01807 VUs, 8860 complete and 0 interrupted iterations
default   [  33% ] 00050/01807 VUs  04.9s/15s  1807.00 iters/s

running (05.9s), 00076/01807 VUs, 10639 complete and 0 interrupted iterations
default   [  40% ] 00076/01807 VUs  05.9s/15s  1807.00 iters/s

running (06.9s), 00079/01807 VUs, 12444 complete and 0 interrupted iterations
default   [  46% ] 00079/01807 VUs  06.9s/15s  1807.00 iters/s

running (07.9s), 00073/01807 VUs, 14258 complete and 0 interrupted iterations
default   [  53% ] 00073/01807 VUs  07.9s/15s  1807.00 iters/s

running (08.9s), 00055/01807 VUs, 16083 complete and 0 interrupted iterations
default   [  60% ] 00055/01807 VUs  08.9s/15s  1807.00 iters/s

running (09.9s), 00065/01807 VUs, 17878 complete and 0 interrupted iterations
default   [  66% ] 00065/01807 VUs  09.9s/15s  1807.00 iters/s

running (10.9s), 00074/01807 VUs, 19678 complete and 0 interrupted iterations
default   [  73% ] 00074/01807 VUs  10.9s/15s  1807.00 iters/s

running (11.9s), 00089/01807 VUs, 21469 complete and 0 interrupted iterations
default   [  80% ] 00090/01807 VUs  11.9s/15s  1807.00 iters/s

running (12.9s), 00076/01807 VUs, 23289 complete and 0 interrupted iterations
default   [  86% ] 00076/01807 VUs  12.9s/15s  1807.00 iters/s

running (13.9s), 00071/01807 VUs, 25099 complete and 0 interrupted iterations
default   [  93% ] 00071/01807 VUs  13.9s/15s  1807.00 iters/s

running (14.9s), 00059/01807 VUs, 26921 complete and 0 interrupted iterations
default   [ 100% ] 00059/01807 VUs  14.9s/15s  1807.00 iters/s


  █ TOTAL RESULTS 

    HTTP
    http_req_duration..............: avg=38.82ms min=20.53ms med=38.72ms max=65.79ms p(90)=49.52ms p(95)=51.49ms
      { expected_response:true }...: avg=38.82ms min=20.53ms med=38.72ms max=65.79ms p(90)=49.52ms p(95)=51.49ms
    http_req_failed................: 0.00%  0 out of 27042
    http_reqs......................: 27042  1802.381068/s

    EXECUTION
    iteration_duration.............: avg=38.91ms min=20.59ms med=38.81ms max=65.89ms p(90)=49.6ms  p(95)=51.58ms
    iterations.....................: 27042  1802.381068/s
    vus............................: 59     min=50         max=90  
    vus_max........................: 1807   min=1807       max=1807

    NETWORK
    data_received..................: 5.5 MB 366 kB/s
    data_sent......................: 5.2 MB 347 kB/s




running (15.0s), 00000/01807 VUs, 27042 complete and 63 interrupted iterations
default ✓ [ 100% ] 00063/01807 VUs  15s  1807.00 iters/s
