
         /\      Grafana   /‾‾/  
    /\  /  \     |\  __   /  /   
   /  \/    \    | |/ /  /   ‾‾\ 
  /          \   |   (  |  (‾)  |
 / __________ \  |_|\_\  \_____/ 

     execution: local
        script: workflow/spin/k6_open_client.js
        output: -

     scenarios: (100.00%) 1 scenario, 10000 max VUs, 15s max duration (incl. graceful stop):
              * default: 2155.00 iterations/s for 15s (maxVUs: 2155-10000)


running (00.9s), 00342/02155 VUs, 1643 complete and 0 interrupted iterations
default   [   6% ] 00342/02155 VUs  00.9s/15s  2155.00 iters/s

running (01.9s), 00439/02155 VUs, 3702 complete and 0 interrupted iterations
default   [  13% ] 00439/02155 VUs  01.9s/15s  2155.00 iters/s

running (02.9s), 00305/02155 VUs, 5993 complete and 0 interrupted iterations
default   [  19% ] 00305/02155 VUs  02.9s/15s  2155.00 iters/s

running (03.9s), 00406/02155 VUs, 8047 complete and 0 interrupted iterations
default   [  26% ] 00406/02155 VUs  03.9s/15s  2155.00 iters/s

running (04.9s), 00290/02155 VUs, 10316 complete and 0 interrupted iterations
default   [  33% ] 00290/02155 VUs  04.9s/15s  2155.00 iters/s

running (05.9s), 00359/02155 VUs, 12402 complete and 0 interrupted iterations
default   [  39% ] 00359/02155 VUs  05.9s/15s  2155.00 iters/s

running (06.9s), 00408/02155 VUs, 14510 complete and 0 interrupted iterations
default   [  46% ] 00408/02155 VUs  06.9s/15s  2155.00 iters/s

running (07.9s), 00268/02155 VUs, 16804 complete and 0 interrupted iterations
default   [  53% ] 00268/02155 VUs  07.9s/15s  2155.00 iters/s

running (08.9s), 00341/02155 VUs, 18887 complete and 0 interrupted iterations
default   [  59% ] 00341/02155 VUs  08.9s/15s  2155.00 iters/s

running (09.9s), 00434/02155 VUs, 20948 complete and 0 interrupted iterations
default   [  66% ] 00434/02155 VUs  09.9s/15s  2155.00 iters/s

running (10.9s), 00331/02155 VUs, 23206 complete and 0 interrupted iterations
default   [  73% ] 00331/02155 VUs  10.9s/15s  2155.00 iters/s

running (11.9s), 00357/02155 VUs, 25335 complete and 0 interrupted iterations
default   [  79% ] 00358/02155 VUs  11.9s/15s  2155.00 iters/s

running (12.9s), 00302/02155 VUs, 27546 complete and 0 interrupted iterations
default   [  86% ] 00301/02155 VUs  12.9s/15s  2155.00 iters/s

running (13.9s), 00340/02155 VUs, 29661 complete and 0 interrupted iterations
default   [  93% ] 00340/02155 VUs  13.9s/15s  2155.00 iters/s

running (14.9s), 00419/02155 VUs, 31737 complete and 0 interrupted iterations
default   [  99% ] 00419/02155 VUs  14.9s/15s  2155.00 iters/s


  █ TOTAL RESULTS 

    HTTP
    http_req_duration..............: avg=162.74ms min=107.89ms med=161.98ms max=223.47ms p(90)=194.02ms p(95)=198.9ms 
      { expected_response:true }...: avg=162.74ms min=107.89ms med=161.98ms max=223.47ms p(90)=194.02ms p(95)=198.9ms 
    http_req_failed................: 0.00%  0 out of 31968
    http_reqs......................: 31968  2130.380373/s

    EXECUTION
    iteration_duration.............: avg=162.83ms min=107.96ms med=162.08ms max=223.54ms p(90)=194.13ms p(95)=199.02ms
    iterations.....................: 31968  2130.380373/s
    vus............................: 420    min=268        max=440 
    vus_max........................: 2155   min=2155       max=2155

    NETWORK
    data_received..................: 6.5 MB 432 kB/s
    data_sent......................: 6.2 MB 413 kB/s




running (15.0s), 00000/02155 VUs, 31968 complete and 359 interrupted iterations
default ✓ [ 100% ] 00359/02155 VUs  15s  2155.00 iters/s
