
         /\      Grafana   /‾‾/  
    /\  /  \     |\  __   /  /   
   /  \/    \    | |/ /  /   ‾‾\ 
  /          \   |   (  |  (‾)  |
 / __________ \  |_|\_\  \_____/ 

     execution: local
        script: workflow/spin/k6_open_client.js
        output: -

     scenarios: (100.00%) 1 scenario, 10000 max VUs, 15s max duration (incl. graceful stop):
              * default: 4413.00 iterations/s for 15s (maxVUs: 4413-10000)


running (00.9s), 00046/04413 VUs, 3742 complete and 0 interrupted iterations
default   [   6% ] 00046/04413 VUs  00.9s/15s  4413.00 iters/s

running (01.9s), 00031/04413 VUs, 8171 complete and 0 interrupted iterations
default   [  12% ] 00030/04413 VUs  01.9s/15s  4413.00 iters/s

running (02.9s), 00031/04413 VUs, 12582 complete and 0 interrupted iterations
default   [  19% ] 00031/04413 VUs  02.9s/15s  4413.00 iters/s

running (03.9s), 00036/04413 VUs, 16992 complete and 0 interrupted iterations
default   [  26% ] 00036/04413 VUs  03.9s/15s  4413.00 iters/s

running (04.9s), 00035/04413 VUs, 21406 complete and 0 interrupted iterations
default   [  32% ] 00035/04413 VUs  04.9s/15s  4413.00 iters/s

running (05.9s), 00024/04413 VUs, 25830 complete and 0 interrupted iterations
default   [  39% ] 00024/04413 VUs  05.9s/15s  4413.00 iters/s

running (06.9s), 00057/04413 VUs, 30211 complete and 0 interrupted iterations
default   [  46% ] 00057/04413 VUs  06.9s/15s  4413.00 iters/s

running (07.9s), 00047/04413 VUs, 34633 complete and 0 interrupted iterations
default   [  52% ] 00047/04413 VUs  07.9s/15s  4413.00 iters/s

running (08.9s), 00047/04413 VUs, 39046 complete and 0 interrupted iterations
default   [  59% ] 00047/04413 VUs  08.9s/15s  4413.00 iters/s

running (09.9s), 00036/04413 VUs, 43470 complete and 0 interrupted iterations
default   [  66% ] 00036/04413 VUs  09.9s/15s  4413.00 iters/s

running (10.9s), 00040/04413 VUs, 47879 complete and 0 interrupted iterations
default   [  72% ] 00040/04413 VUs  10.9s/15s  4413.00 iters/s

running (11.9s), 00045/04413 VUs, 52287 complete and 0 interrupted iterations
default   [  79% ] 00045/04413 VUs  11.9s/15s  4413.00 iters/s

running (12.9s), 00035/04413 VUs, 56709 complete and 0 interrupted iterations
default   [  86% ] 00035/04413 VUs  12.9s/15s  4413.00 iters/s

running (13.9s), 00031/04413 VUs, 61127 complete and 0 interrupted iterations
default   [  92% ] 00031/04413 VUs  13.9s/15s  4413.00 iters/s

running (14.9s), 00030/04413 VUs, 65538 complete and 0 interrupted iterations
default   [  99% ] 00030/04413 VUs  14.9s/15s  4413.00 iters/s


  █ TOTAL RESULTS 

    HTTP
    http_req_duration..............: avg=10.36ms min=4.77ms med=8.06ms max=93.1ms p(90)=13.68ms p(95)=23.86ms
      { expected_response:true }...: avg=10.36ms min=4.77ms med=8.06ms max=93.1ms p(90)=13.68ms p(95)=23.86ms
    http_req_failed................: 0.00% 0 out of 66163
    http_reqs......................: 66163 4409.031949/s

    EXECUTION
    iteration_duration.............: avg=10.5ms  min=4.84ms med=8.15ms max=93.4ms p(90)=13.89ms p(95)=24.72ms
    iterations.....................: 66163 4409.031949/s
    vus............................: 33    min=25         max=57  
    vus_max........................: 4413  min=4413       max=4413

    NETWORK
    data_received..................: 13 MB 895 kB/s
    data_sent......................: 13 MB 846 kB/s




running (15.0s), 00000/04413 VUs, 66160 complete and 35 interrupted iterations
default ✓ [ 100% ] 00035/04413 VUs  15s  4413.00 iters/s
