
         /\      Grafana   /‾‾/  
    /\  /  \     |\  __   /  /   
   /  \/    \    | |/ /  /   ‾‾\ 
  /          \   |   (  |  (‾)  |
 / __________ \  |_|\_\  \_____/ 

     execution: local
        script: workflow/online_boutique/k6_open_product_page.js
        output: -

     scenarios: (100.00%) 1 scenario, 10000 max VUs, 15s max duration (incl. graceful stop):
              * default: 104.00 iterations/s for 15s (maxVUs: 104-10000)


running (01.0s), 00007/00104 VUs, 96 complete and 0 interrupted iterations
default   [   7% ] 00007/00104 VUs  01.0s/15s  104.00 iters/s

running (02.0s), 00012/00104 VUs, 195 complete and 0 interrupted iterations
default   [  13% ] 00012/00104 VUs  02.0s/15s  104.00 iters/s

running (03.0s), 00018/00104 VUs, 293 complete and 0 interrupted iterations
default   [  20% ] 00018/00104 VUs  03.0s/15s  104.00 iters/s

running (04.0s), 00024/00104 VUs, 391 complete and 0 interrupted iterations
default   [  27% ] 00024/00104 VUs  04.0s/15s  104.00 iters/s

running (05.0s), 00030/00104 VUs, 489 complete and 0 interrupted iterations
default   [  33% ] 00030/00104 VUs  05.0s/15s  104.00 iters/s

running (06.0s), 00033/00104 VUs, 590 complete and 0 interrupted iterations
default   [  40% ] 00033/00104 VUs  06.0s/15s  104.00 iters/s

running (07.0s), 00038/00104 VUs, 689 complete and 0 interrupted iterations
default   [  47% ] 00038/00104 VUs  07.0s/15s  104.00 iters/s

running (08.0s), 00041/00104 VUs, 790 complete and 0 interrupted iterations
default   [  53% ] 00041/00104 VUs  08.0s/15s  104.00 iters/s

running (09.0s), 00046/00104 VUs, 889 complete and 0 interrupted iterations
default   [  60% ] 00046/00104 VUs  09.0s/15s  104.00 iters/s

running (10.0s), 00050/00104 VUs, 989 complete and 0 interrupted iterations
default   [  67% ] 00050/00104 VUs  10.0s/15s  104.00 iters/s

running (11.0s), 00057/00104 VUs, 1086 complete and 0 interrupted iterations
default   [  73% ] 00057/00104 VUs  11.0s/15s  104.00 iters/s

running (12.0s), 00061/00104 VUs, 1186 complete and 0 interrupted iterations
default   [  80% ] 00061/00104 VUs  12.0s/15s  104.00 iters/s

running (13.0s), 00064/00104 VUs, 1287 complete and 0 interrupted iterations
default   [  87% ] 00064/00104 VUs  13.0s/15s  104.00 iters/s

running (14.0s), 00066/00104 VUs, 1389 complete and 0 interrupted iterations
default   [  93% ] 00066/00104 VUs  14.0s/15s  104.00 iters/s

running (15.0s), 00069/00104 VUs, 1490 complete and 0 interrupted iterations
default   [ 100% ] 00069/00104 VUs  15.0s/15s  104.00 iters/s


  █ TOTAL RESULTS 

    CUSTOM
    online_boutique_application_errors........: 0.00%  0 out of 1491
    online_boutique_recommendation_winner_1...: 1257   83.78779/s
    online_boutique_recommendation_winner_2...: 234    15.597727/s

    HTTP
    http_req_duration.........................: avg=375.76ms min=11.82ms med=381.09ms max=669.22ms p(90)=628.79ms p(95)=643.15ms
      { expected_response:true }..............: avg=375.76ms min=11.82ms med=381.09ms max=669.22ms p(90)=628.79ms p(95)=643.15ms
    http_req_failed...........................: 0.00%  0 out of 1491
    http_reqs.................................: 1491   99.385517/s

    EXECUTION
    iteration_duration........................: avg=376.04ms min=12.45ms med=381.36ms max=669.37ms p(90)=628.95ms p(95)=643.39ms
    iterations................................: 1491   99.385517/s
    vus.......................................: 69     min=7         max=69 
    vus_max...................................: 104    min=104       max=104

    NETWORK
    data_received.............................: 2.7 MB 178 kB/s
    data_sent.................................: 433 kB 29 kB/s




running (15.0s), 00000/00104 VUs, 1491 complete and 69 interrupted iterations
default ✓ [ 100% ] 00069/00104 VUs  15s  104.00 iters/s
