
         /\      Grafana   /‾‾/  
    /\  /  \     |\  __   /  /   
   /  \/    \    | |/ /  /   ‾‾\ 
  /          \   |   (  |  (‾)  |
 / __________ \  |_|\_\  \_____/ 

     execution: local
        script: workflow/response/k6_open_client.js
        output: -

     scenarios: (100.00%) 1 scenario, 100000 max VUs, 15s max duration (incl. graceful stop):
              * default: 5156.00 iterations/s for 15s (maxVUs: 5156-100000)


running (00.8s), 000653/005156 VUs, 3444 complete and 0 interrupted iterations
default   [   6% ] 000653/005156 VUs  00.8s/15s  5156.00 iters/s

running (01.8s), 000693/005156 VUs, 8712 complete and 0 interrupted iterations
default   [  12% ] 000693/005156 VUs  01.8s/15s  5156.00 iters/s

running (02.8s), 000291/005156 VUs, 14271 complete and 0 interrupted iterations
default   [  19% ] 000291/005156 VUs  02.8s/15s  5156.00 iters/s

running (03.8s), 000243/005156 VUs, 19475 complete and 0 interrupted iterations
default   [  25% ] 000242/005156 VUs  03.8s/15s  5156.00 iters/s

running (04.8s), 000278/005156 VUs, 24598 complete and 0 interrupted iterations
default   [  32% ] 000278/005156 VUs  04.8s/15s  5156.00 iters/s

running (05.8s), 000275/005156 VUs, 29755 complete and 0 interrupted iterations
default   [  39% ] 000275/005156 VUs  05.8s/15s  5156.00 iters/s

running (06.8s), 000233/005156 VUs, 34953 complete and 0 interrupted iterations
default   [  45% ] 000232/005156 VUs  06.8s/15s  5156.00 iters/s

running (07.8s), 000276/005156 VUs, 40066 complete and 0 interrupted iterations
default   [  52% ] 000276/005156 VUs  07.8s/15s  5156.00 iters/s

running (08.8s), 000250/005156 VUs, 45248 complete and 0 interrupted iterations
default   [  59% ] 000250/005156 VUs  08.8s/15s  5156.00 iters/s

running (09.8s), 000204/005156 VUs, 50449 complete and 0 interrupted iterations
default   [  65% ] 000204/005156 VUs  09.8s/15s  5156.00 iters/s

running (10.8s), 000241/005156 VUs, 55569 complete and 0 interrupted iterations
default   [  72% ] 000241/005156 VUs  10.8s/15s  5156.00 iters/s

running (11.8s), 000222/005156 VUs, 60744 complete and 0 interrupted iterations
default   [  79% ] 000222/005156 VUs  11.8s/15s  5156.00 iters/s

running (12.8s), 000214/005156 VUs, 65912 complete and 0 interrupted iterations
default   [  85% ] 000214/005156 VUs  12.8s/15s  5156.00 iters/s

running (13.8s), 000249/005156 VUs, 71032 complete and 0 interrupted iterations
default   [  92% ] 000249/005156 VUs  13.8s/15s  5156.00 iters/s

running (14.8s), 000281/005156 VUs, 76153 complete and 0 interrupted iterations
default   [  99% ] 000281/005156 VUs  14.8s/15s  5156.00 iters/s


  █ TOTAL RESULTS 

    HTTP
    http_req_duration..............: avg=56.6ms  min=34.66ms med=47.58ms max=280.75ms p(90)=82.62ms p(95)=134.46ms
      { expected_response:true }...: avg=56.6ms  min=34.66ms med=47.58ms max=280.75ms p(90)=82.62ms p(95)=134.46ms
    http_req_failed................: 0.00% 0 out of 77117
    http_reqs......................: 77117 5138.256136/s

    EXECUTION
    iteration_duration.............: avg=57.58ms min=34.76ms med=47.66ms max=280.85ms p(90)=90.12ms p(95)=137.49ms
    iterations.....................: 77117 5138.256136/s
    vus............................: 280   min=204        max=693 
    vus_max........................: 5156  min=5156       max=5156

    NETWORK
    data_received..................: 16 MB 1.0 MB/s
    data_sent......................: 15 MB 1.0 MB/s




running (15.0s), 000000/005156 VUs, 77112 complete and 229 interrupted iterations
default ✓ [ 100% ] 000229/005156 VUs  15s  5156.00 iters/s
