
         /\      Grafana   /‾‾/  
    /\  /  \     |\  __   /  /   
   /  \/    \    | |/ /  /   ‾‾\ 
  /          \   |   (  |  (‾)  |
 / __________ \  |_|\_\  \_____/ 

     execution: local
        script: workflow/online_boutique/k6_open_view_cart.js
        output: -

     scenarios: (100.00%) 1 scenario, 10000 max VUs, 15s max duration (incl. graceful stop):
              * default: 494.00 iterations/s for 15s (maxVUs: 494-10000)


running (01.0s), 00278/00494 VUs, 202 complete and 0 interrupted iterations
default   [   6% ] 00278/00494 VUs  01.0s/15s  494.00 iters/s

running (02.0s), 00178/00494 VUs, 796 complete and 0 interrupted iterations
default   [  13% ] 00177/00494 VUs  02.0s/15s  494.00 iters/s

running (03.0s), 00268/00494 VUs, 1201 complete and 0 interrupted iterations
default   [  20% ] 00268/00494 VUs  03.0s/15s  494.00 iters/s

running (04.0s), 00312/00494 VUs, 1650 complete and 0 interrupted iterations
default   [  26% ] 00312/00494 VUs  04.0s/15s  494.00 iters/s

running (05.0s), 00258/00494 VUs, 2199 complete and 0 interrupted iterations
default   [  33% ] 00258/00494 VUs  05.0s/15s  494.00 iters/s

running (06.0s), 00340/00494 VUs, 2610 complete and 0 interrupted iterations
default   [  40% ] 00340/00494 VUs  06.0s/15s  494.00 iters/s

running (07.0s), 00248/00494 VUs, 3197 complete and 0 interrupted iterations
default   [  46% ] 00248/00494 VUs  07.0s/15s  494.00 iters/s

running (08.0s), 00342/00494 VUs, 3597 complete and 0 interrupted iterations
default   [  53% ] 00342/00494 VUs  08.0s/15s  494.00 iters/s

running (09.0s), 00238/00494 VUs, 4195 complete and 0 interrupted iterations
default   [  60% ] 00238/00494 VUs  09.0s/15s  494.00 iters/s

running (10.0s), 00332/00494 VUs, 4594 complete and 0 interrupted iterations
default   [  66% ] 00332/00494 VUs  10.0s/15s  494.00 iters/s

running (11.0s), 00227/00494 VUs, 5193 complete and 0 interrupted iterations
default   [  73% ] 00227/00494 VUs  11.0s/15s  494.00 iters/s

running (12.0s), 00322/00494 VUs, 5593 complete and 0 interrupted iterations
default   [  80% ] 00322/00494 VUs  12.0s/15s  494.00 iters/s

running (13.0s), 00216/00494 VUs, 6192 complete and 0 interrupted iterations
default   [  86% ] 00216/00494 VUs  13.0s/15s  494.00 iters/s

running (14.0s), 00312/00494 VUs, 6591 complete and 0 interrupted iterations
default   [  93% ] 00312/00494 VUs  14.0s/15s  494.00 iters/s

running (15.0s), 00206/00494 VUs, 7190 complete and 0 interrupted iterations
default   [ 100% ] 00206/00494 VUs  15.0s/15s  494.00 iters/s


  █ TOTAL RESULTS 

    CUSTOM
    online_boutique_application_errors...: 0.00%  0 out of 7190

    HTTP
    http_req_duration....................: avg=531.25ms min=336.97ms med=531.06ms max=725.52ms p(90)=677.92ms p(95)=696.28ms
      { expected_response:true }.........: avg=531.25ms min=336.97ms med=531.06ms max=725.52ms p(90)=677.92ms p(95)=696.28ms
    http_req_failed......................: 0.00%  0 out of 7190
    http_reqs............................: 7190   479.22859/s

    EXECUTION
    iteration_duration...................: avg=531.45ms min=337.13ms med=531.26ms max=725.74ms p(90)=678.09ms p(95)=696.45ms
    iterations...........................: 7190   479.22859/s
    vus..................................: 206    min=177       max=341
    vus_max..............................: 494    min=494       max=494

    NETWORK
    data_received........................: 14 MB  931 kB/s
    data_sent............................: 1.8 MB 118 kB/s




running (15.0s), 00000/00494 VUs, 7190 complete and 220 interrupted iterations
default ✓ [ 100% ] 00220/00494 VUs  15s  494.00 iters/s
