
         /\      Grafana   /‾‾/  
    /\  /  \     |\  __   /  /   
   /  \/    \    | |/ /  /   ‾‾\ 
  /          \   |   (  |  (‾)  |
 / __________ \  |_|\_\  \_____/ 

     execution: local
        script: workflow/media/k6_open_review_compose.js
        output: -

     scenarios: (100.00%) 1 scenario, 10000 max VUs, 15s max duration (incl. graceful stop):
              * default: 174.00 iterations/s for 15s (maxVUs: 174-10000)


running (01.0s), 00001/00174 VUs, 171 complete and 0 interrupted iterations
default   [   7% ] 00001/00174 VUs  01.0s/15s  174.00 iters/s

running (02.0s), 00001/00174 VUs, 345 complete and 0 interrupted iterations
default   [  13% ] 00001/00174 VUs  02.0s/15s  174.00 iters/s

running (03.0s), 00001/00174 VUs, 519 complete and 0 interrupted iterations
default   [  20% ] 00001/00174 VUs  03.0s/15s  174.00 iters/s

running (04.0s), 00001/00174 VUs, 693 complete and 0 interrupted iterations
default   [  27% ] 00001/00174 VUs  04.0s/15s  174.00 iters/s

running (05.0s), 00001/00174 VUs, 867 complete and 0 interrupted iterations
default   [  33% ] 00001/00174 VUs  05.0s/15s  174.00 iters/s

running (06.0s), 00001/00174 VUs, 1041 complete and 0 interrupted iterations
default   [  40% ] 00001/00174 VUs  06.0s/15s  174.00 iters/s

running (07.0s), 00001/00174 VUs, 1215 complete and 0 interrupted iterations
default   [  47% ] 00001/00174 VUs  07.0s/15s  174.00 iters/s

running (08.0s), 00001/00174 VUs, 1389 complete and 0 interrupted iterations
default   [  53% ] 00001/00174 VUs  08.0s/15s  174.00 iters/s

running (09.0s), 00001/00174 VUs, 1563 complete and 0 interrupted iterations
default   [  60% ] 00001/00174 VUs  09.0s/15s  174.00 iters/s

running (10.0s), 00002/00174 VUs, 1736 complete and 0 interrupted iterations
default   [  67% ] 00002/00174 VUs  10.0s/15s  174.00 iters/s

running (11.0s), 00001/00174 VUs, 1911 complete and 0 interrupted iterations
default   [  73% ] 00001/00174 VUs  11.0s/15s  174.00 iters/s

running (12.0s), 00001/00174 VUs, 2085 complete and 0 interrupted iterations
default   [  80% ] 00001/00174 VUs  12.0s/15s  174.00 iters/s

running (13.0s), 00001/00174 VUs, 2259 complete and 0 interrupted iterations
default   [  87% ] 00001/00174 VUs  13.0s/15s  174.00 iters/s

running (14.0s), 00002/00174 VUs, 2432 complete and 0 interrupted iterations
default   [  93% ] 00002/00174 VUs  14.0s/15s  174.00 iters/s

running (15.0s), 00001/00174 VUs, 2607 complete and 0 interrupted iterations
default   [ 100% ] 00001/00174 VUs  15.0s/15s  174.00 iters/s


  █ TOTAL RESULTS 

    HTTP
    http_req_duration..............: avg=6.56ms min=4.33ms med=6.08ms max=17.17ms p(90)=8.16ms p(95)=8.58ms
      { expected_response:true }...: avg=6.56ms min=4.33ms med=6.08ms max=17.17ms p(90)=8.16ms p(95)=8.58ms
    http_req_failed................: 0.00%  0 out of 2609
    http_reqs......................: 2609   173.920947/s

    EXECUTION
    iteration_duration.............: avg=6.71ms min=4.45ms med=6.24ms max=17.29ms p(90)=8.3ms  p(95)=8.77ms
    iterations.....................: 2609   173.920947/s
    vus............................: 1      min=1         max=2  
    vus_max........................: 174    min=174       max=174

    NETWORK
    data_received..................: 600 kB 40 kB/s
    data_sent......................: 1.5 MB 97 kB/s




running (15.0s), 00000/00174 VUs, 2609 complete and 1 interrupted iterations
default ✓ [ 100% ] 00001/00174 VUs  15s  174.00 iters/s
