
         /\      Grafana   /‾‾/  
    /\  /  \     |\  __   /  /   
   /  \/    \    | |/ /  /   ‾‾\ 
  /          \   |   (  |  (‾)  |
 / __________ \  |_|\_\  \_____/ 

     execution: local
        script: workflow/write/k6_open_client.js
        output: -

     scenarios: (100.00%) 1 scenario, 10000 max VUs, 15s max duration (incl. graceful stop):
              * default: 408.00 iterations/s for 15s (maxVUs: 408-10000)


running (01.0s), 00004/00408 VUs, 396 complete and 0 interrupted iterations
default   [   7% ] 00004/00408 VUs  01.0s/15s  408.00 iters/s

running (02.0s), 00004/00408 VUs, 804 complete and 0 interrupted iterations
default   [  13% ] 00004/00408 VUs  02.0s/15s  408.00 iters/s

running (03.0s), 00003/00408 VUs, 1212 complete and 0 interrupted iterations
default   [  20% ] 00003/00408 VUs  03.0s/15s  408.00 iters/s

running (04.0s), 00004/00408 VUs, 1619 complete and 0 interrupted iterations
default   [  27% ] 00004/00408 VUs  04.0s/15s  408.00 iters/s

running (05.0s), 00003/00408 VUs, 2028 complete and 0 interrupted iterations
default   [  33% ] 00003/00408 VUs  05.0s/15s  408.00 iters/s

running (06.0s), 00004/00408 VUs, 2436 complete and 0 interrupted iterations
default   [  40% ] 00004/00408 VUs  06.0s/15s  408.00 iters/s

running (07.0s), 00004/00408 VUs, 2844 complete and 0 interrupted iterations
default   [  47% ] 00004/00408 VUs  07.0s/15s  408.00 iters/s

running (08.0s), 00006/00408 VUs, 3250 complete and 0 interrupted iterations
default   [  53% ] 00006/00408 VUs  08.0s/15s  408.00 iters/s

running (09.0s), 00003/00408 VUs, 3660 complete and 0 interrupted iterations
default   [  60% ] 00003/00408 VUs  09.0s/15s  408.00 iters/s

running (10.0s), 00003/00408 VUs, 4068 complete and 0 interrupted iterations
default   [  67% ] 00003/00408 VUs  10.0s/15s  408.00 iters/s

running (11.0s), 00003/00408 VUs, 4476 complete and 0 interrupted iterations
default   [  73% ] 00004/00408 VUs  11.0s/15s  408.00 iters/s

running (12.0s), 00004/00408 VUs, 4884 complete and 0 interrupted iterations
default   [  80% ] 00004/00408 VUs  12.0s/15s  408.00 iters/s

running (13.0s), 00004/00408 VUs, 5292 complete and 0 interrupted iterations
default   [  87% ] 00004/00408 VUs  13.0s/15s  408.00 iters/s

running (14.0s), 00004/00408 VUs, 5699 complete and 0 interrupted iterations
default   [  93% ] 00004/00408 VUs  14.0s/15s  408.00 iters/s

running (15.0s), 00004/00408 VUs, 6108 complete and 0 interrupted iterations
default   [ 100% ] 00004/00408 VUs  15.0s/15s  408.00 iters/s


  █ TOTAL RESULTS 

    HTTP
    http_req_duration..............: avg=7.84ms min=5.56ms med=7.49ms max=27.78ms p(90)=9.43ms p(95)=10.34ms
      { expected_response:true }...: avg=7.84ms min=5.56ms med=7.49ms max=27.78ms p(90)=9.43ms p(95)=10.34ms
    http_req_failed................: 0.00%  0 out of 6117
    http_reqs......................: 6117   407.766995/s

    EXECUTION
    iteration_duration.............: avg=7.9ms  min=5.62ms med=7.56ms max=27.86ms p(90)=9.51ms p(95)=10.41ms
    iterations.....................: 6117   407.766995/s
    vus............................: 4      min=3         max=6  
    vus_max........................: 408    min=408       max=408

    NETWORK
    data_received..................: 1.4 MB 93 kB/s
    data_sent......................: 612 kB 41 kB/s




running (15.0s), 00000/00408 VUs, 6117 complete and 3 interrupted iterations
default ✓ [ 100% ] 00003/00408 VUs  15s  408.00 iters/s
