
         /\      Grafana   /‾‾/  
    /\  /  \     |\  __   /  /   
   /  \/    \    | |/ /  /   ‾‾\ 
  /          \   |   (  |  (‾)  |
 / __________ \  |_|\_\  \_____/ 

     execution: local
        script: workflow/online_boutique/k6_open_view_cart.js
        output: -

     scenarios: (100.00%) 1 scenario, 10000 max VUs, 15s max duration (incl. graceful stop):
              * default: 599.00 iterations/s for 15s (maxVUs: 599-10000)


running (01.0s), 00336/00599 VUs, 245 complete and 0 interrupted iterations
default   [   6% ] 00336/00599 VUs  01.0s/15s  599.00 iters/s

running (02.0s), 00448/00599 VUs, 731 complete and 0 interrupted iterations
default   [  13% ] 00448/00599 VUs  02.0s/15s  599.00 iters/s

running (03.0s), 00321/00599 VUs, 1457 complete and 0 interrupted iterations
default   [  20% ] 00321/00599 VUs  03.0s/15s  599.00 iters/s

running (04.0s), 00437/00599 VUs, 1940 complete and 0 interrupted iterations
default   [  26% ] 00437/00599 VUs  04.0s/15s  599.00 iters/s

running (05.0s), 00307/00599 VUs, 2669 complete and 0 interrupted iterations
default   [  33% ] 00307/00599 VUs  05.0s/15s  599.00 iters/s

running (06.0s), 00419/00599 VUs, 3156 complete and 0 interrupted iterations
default   [  40% ] 00419/00599 VUs  06.0s/15s  599.00 iters/s

running (07.0s), 00290/00599 VUs, 3884 complete and 0 interrupted iterations
default   [  46% ] 00290/00599 VUs  07.0s/15s  599.00 iters/s

running (08.0s), 00405/00599 VUs, 4368 complete and 0 interrupted iterations
default   [  53% ] 00405/00599 VUs  08.0s/15s  599.00 iters/s

running (09.0s), 00277/00599 VUs, 5095 complete and 0 interrupted iterations
default   [  60% ] 00277/00599 VUs  09.0s/15s  599.00 iters/s

running (10.0s), 00392/00599 VUs, 5580 complete and 0 interrupted iterations
default   [  66% ] 00392/00599 VUs  10.0s/15s  599.00 iters/s

running (11.0s), 00264/00599 VUs, 6306 complete and 0 interrupted iterations
default   [  73% ] 00264/00599 VUs  11.0s/15s  599.00 iters/s

running (12.0s), 00380/00599 VUs, 6790 complete and 0 interrupted iterations
default   [  80% ] 00380/00599 VUs  12.0s/15s  599.00 iters/s

running (13.0s), 00306/00599 VUs, 7462 complete and 0 interrupted iterations
default   [  86% ] 00306/00599 VUs  13.0s/15s  599.00 iters/s

running (14.0s), 00366/00599 VUs, 8001 complete and 0 interrupted iterations
default   [  93% ] 00366/00599 VUs  14.0s/15s  599.00 iters/s

running (15.0s), 00345/00599 VUs, 8621 complete and 0 interrupted iterations
default   [ 100% ] 00345/00599 VUs  15.0s/15s  599.00 iters/s


  █ TOTAL RESULTS 

    CUSTOM
    online_boutique_application_errors...: 0.00%  0 out of 8728

    HTTP
    http_req_duration....................: avg=601.73ms min=408.55ms med=601.02ms max=807.9ms  p(90)=744.26ms p(95)=762.3ms 
      { expected_response:true }.........: avg=601.73ms min=408.55ms med=601.02ms max=807.9ms  p(90)=744.26ms p(95)=762.3ms 
    http_req_failed......................: 0.00%  0 out of 8728
    http_reqs............................: 8728   581.765609/s

    EXECUTION
    iteration_duration...................: avg=601.93ms min=408.71ms med=601.19ms max=808.29ms p(90)=744.46ms p(95)=762.47ms
    iterations...........................: 8728   581.765609/s
    vus..................................: 344    min=265       max=448
    vus_max..............................: 599    min=599       max=599

    NETWORK
    data_received........................: 17 MB  1.1 MB/s
    data_sent............................: 2.2 MB 144 kB/s




running (15.0s), 00000/00599 VUs, 8728 complete and 258 interrupted iterations
default ✓ [ 100% ] 00258/00599 VUs  15s  599.00 iters/s
