
         /\      Grafana   /‾‾/  
    /\  /  \     |\  __   /  /   
   /  \/    \    | |/ /  /   ‾‾\ 
  /          \   |   (  |  (‾)  |
 / __________ \  |_|\_\  \_____/ 

     execution: local
        script: workflow/online_boutique/k6_open_view_cart.js
        output: -

     scenarios: (100.00%) 1 scenario, 10000 max VUs, 15s max duration (incl. graceful stop):
              * default: 76.00 iterations/s for 15s (maxVUs: 76-10000)


running (01.0s), 00003/00076 VUs, 73 complete and 0 interrupted iterations
default   [   7% ] 00003/00076 VUs  01.0s/15s  76.00 iters/s

running (02.0s), 00006/00076 VUs, 146 complete and 0 interrupted iterations
default   [  13% ] 00006/00076 VUs  02.0s/15s  76.00 iters/s

running (03.0s), 00008/00076 VUs, 220 complete and 0 interrupted iterations
default   [  20% ] 00008/00076 VUs  03.0s/15s  76.00 iters/s

running (04.0s), 00011/00076 VUs, 293 complete and 0 interrupted iterations
default   [  27% ] 00011/00076 VUs  04.0s/15s  76.00 iters/s

running (05.0s), 00011/00076 VUs, 369 complete and 0 interrupted iterations
default   [  33% ] 00011/00076 VUs  05.0s/15s  76.00 iters/s

running (06.0s), 00012/00076 VUs, 444 complete and 0 interrupted iterations
default   [  40% ] 00012/00076 VUs  06.0s/15s  76.00 iters/s

running (07.0s), 00014/00076 VUs, 518 complete and 0 interrupted iterations
default   [  47% ] 00014/00076 VUs  07.0s/15s  76.00 iters/s

running (08.0s), 00016/00076 VUs, 592 complete and 0 interrupted iterations
default   [  53% ] 00016/00076 VUs  08.0s/15s  76.00 iters/s

running (09.0s), 00017/00076 VUs, 667 complete and 0 interrupted iterations
default   [  60% ] 00017/00076 VUs  09.0s/15s  76.00 iters/s

running (10.0s), 00021/00076 VUs, 739 complete and 0 interrupted iterations
default   [  67% ] 00021/00076 VUs  10.0s/15s  76.00 iters/s

running (11.0s), 00026/00076 VUs, 810 complete and 0 interrupted iterations
default   [  73% ] 00026/00076 VUs  11.0s/15s  76.00 iters/s

running (12.0s), 00027/00076 VUs, 885 complete and 0 interrupted iterations
default   [  80% ] 00027/00076 VUs  12.0s/15s  76.00 iters/s

running (13.0s), 00032/00076 VUs, 956 complete and 0 interrupted iterations
default   [  87% ] 00032/00076 VUs  13.0s/15s  76.00 iters/s

running (14.0s), 00034/00076 VUs, 1030 complete and 0 interrupted iterations
default   [  93% ] 00034/00076 VUs  14.0s/15s  76.00 iters/s

running (15.0s), 00035/00076 VUs, 1105 complete and 0 interrupted iterations
default   [ 100% ] 00035/00076 VUs  15.0s/15s  76.00 iters/s


  █ TOTAL RESULTS 

    CUSTOM
    online_boutique_application_errors...: 0.00%  0 out of 1106

    HTTP
    http_req_duration....................: avg=222.96ms min=15.22ms med=194.78ms max=463.17ms p(90)=435.05ms p(95)=445.91ms
      { expected_response:true }.........: avg=222.96ms min=15.22ms med=194.78ms max=463.17ms p(90)=435.05ms p(95)=445.91ms
    http_req_failed......................: 0.00%  0 out of 1106
    http_reqs............................: 1106   73.727103/s

    EXECUTION
    iteration_duration...................: avg=223.26ms min=15.85ms med=195.02ms max=463.35ms p(90)=435.28ms p(95)=446.2ms 
    iterations...........................: 1106   73.727103/s
    vus..................................: 35     min=3         max=35
    vus_max..............................: 76     min=76        max=76

    NETWORK
    data_received........................: 2.2 MB 144 kB/s
    data_sent............................: 273 kB 18 kB/s




running (15.0s), 00000/00076 VUs, 1106 complete and 35 interrupted iterations
default ✓ [ 100% ] 00034/00076 VUs  15s  76.00 iters/s
