
         /\      Grafana   /‾‾/  
    /\  /  \     |\  __   /  /   
   /  \/    \    | |/ /  /   ‾‾\ 
  /          \   |   (  |  (‾)  |
 / __________ \  |_|\_\  \_____/ 

     execution: local
        script: workflow/response/k6_open_client.js
        output: -

     scenarios: (100.00%) 1 scenario, 10000 max VUs, 15s max duration (incl. graceful stop):
              * default: 338.00 iterations/s for 15s (maxVUs: 338-10000)


running (01.0s), 00025/00338 VUs, 307 complete and 0 interrupted iterations
default   [   7% ] 00025/00338 VUs  01.0s/15s  338.00 iters/s

running (02.0s), 00035/00338 VUs, 635 complete and 0 interrupted iterations
default   [  13% ] 00035/00338 VUs  02.0s/15s  338.00 iters/s

running (03.0s), 00051/00338 VUs, 957 complete and 0 interrupted iterations
default   [  20% ] 00051/00338 VUs  03.0s/15s  338.00 iters/s

running (04.0s), 00075/00338 VUs, 1271 complete and 0 interrupted iterations
default   [  27% ] 00075/00338 VUs  04.0s/15s  338.00 iters/s

running (05.0s), 00105/00338 VUs, 1579 complete and 0 interrupted iterations
default   [  33% ] 00105/00338 VUs  05.0s/15s  338.00 iters/s

running (06.0s), 00132/00338 VUs, 1890 complete and 0 interrupted iterations
default   [  40% ] 00132/00338 VUs  06.0s/15s  338.00 iters/s

running (07.0s), 00133/00338 VUs, 2227 complete and 0 interrupted iterations
default   [  47% ] 00133/00338 VUs  07.0s/15s  338.00 iters/s

running (08.0s), 00154/00338 VUs, 2544 complete and 0 interrupted iterations
default   [  53% ] 00154/00338 VUs  08.0s/15s  338.00 iters/s

running (09.0s), 00164/00338 VUs, 2872 complete and 0 interrupted iterations
default   [  60% ] 00164/00338 VUs  09.0s/15s  338.00 iters/s

running (10.0s), 00186/00338 VUs, 3188 complete and 0 interrupted iterations
default   [  67% ] 00186/00338 VUs  10.0s/15s  338.00 iters/s

running (11.0s), 00191/00338 VUs, 3521 complete and 0 interrupted iterations
default   [  73% ] 00191/00338 VUs  11.0s/15s  338.00 iters/s

running (12.0s), 00213/00338 VUs, 3837 complete and 0 interrupted iterations
default   [  80% ] 00213/00338 VUs  12.0s/15s  338.00 iters/s

running (13.0s), 00209/00338 VUs, 4179 complete and 0 interrupted iterations
default   [  87% ] 00209/00338 VUs  13.0s/15s  338.00 iters/s

running (14.0s), 00228/00338 VUs, 4498 complete and 0 interrupted iterations
default   [  93% ] 00228/00338 VUs  14.0s/15s  338.00 iters/s

running (15.0s), 00252/00338 VUs, 4812 complete and 0 interrupted iterations
default   [ 100% ] 00252/00338 VUs  15.0s/15s  338.00 iters/s


  █ TOTAL RESULTS 

    HTTP
    http_req_duration..............: avg=410.51ms min=42ms    med=433.9ms  max=751.45ms p(90)=637.16ms p(95)=695.88ms
      { expected_response:true }...: avg=410.51ms min=42ms    med=433.9ms  max=751.45ms p(90)=637.16ms p(95)=695.88ms
    http_req_failed................: 0.00%  0 out of 4824
    http_reqs......................: 4824   321.555793/s

    EXECUTION
    iteration_duration.............: avg=410.6ms  min=42.25ms med=433.97ms max=751.54ms p(90)=637.24ms p(95)=695.94ms
    iterations.....................: 4824   321.555793/s
    vus............................: 252    min=25        max=252
    vus_max........................: 338    min=338       max=338

    NETWORK
    data_received..................: 970 kB 65 kB/s
    data_sent......................: 993 kB 66 kB/s




running (15.0s), 00000/00338 VUs, 4824 complete and 247 interrupted iterations
default ✓ [ 100% ] 00246/00338 VUs  15s  338.00 iters/s
