
         /\      Grafana   /‾‾/  
    /\  /  \     |\  __   /  /   
   /  \/    \    | |/ /  /   ‾‾\ 
  /          \   |   (  |  (‾)  |
 / __________ \  |_|\_\  \_____/ 

     execution: local
        script: workflow/response/k6_open_client.js
        output: -

     scenarios: (100.00%) 1 scenario, 10000 max VUs, 15s max duration (incl. graceful stop):
              * default: 717.00 iterations/s for 15s (maxVUs: 717-10000)


running (01.0s), 00001/00717 VUs, 691 complete and 0 interrupted iterations
default   [   6% ] 00002/00717 VUs  01.0s/15s  717.00 iters/s

running (02.0s), 00001/00717 VUs, 1409 complete and 0 interrupted iterations
default   [  13% ] 00001/00717 VUs  02.0s/15s  717.00 iters/s

running (03.0s), 00001/00717 VUs, 2126 complete and 0 interrupted iterations
default   [  20% ] 00001/00717 VUs  03.0s/15s  717.00 iters/s

running (04.0s), 00001/00717 VUs, 2843 complete and 0 interrupted iterations
default   [  26% ] 00001/00717 VUs  04.0s/15s  717.00 iters/s

running (05.0s), 00001/00717 VUs, 3560 complete and 0 interrupted iterations
default   [  33% ] 00001/00717 VUs  05.0s/15s  717.00 iters/s

running (06.0s), 00001/00717 VUs, 4277 complete and 0 interrupted iterations
default   [  40% ] 00001/00717 VUs  06.0s/15s  717.00 iters/s

running (07.0s), 00001/00717 VUs, 4994 complete and 0 interrupted iterations
default   [  46% ] 00001/00717 VUs  07.0s/15s  717.00 iters/s

running (08.0s), 00001/00717 VUs, 5711 complete and 0 interrupted iterations
default   [  53% ] 00001/00717 VUs  08.0s/15s  717.00 iters/s

running (09.0s), 00001/00717 VUs, 6428 complete and 0 interrupted iterations
default   [  60% ] 00001/00717 VUs  09.0s/15s  717.00 iters/s

running (10.0s), 00001/00717 VUs, 7145 complete and 0 interrupted iterations
default   [  66% ] 00001/00717 VUs  10.0s/15s  717.00 iters/s

running (11.0s), 00002/00717 VUs, 7861 complete and 0 interrupted iterations
default   [  73% ] 00001/00717 VUs  11.0s/15s  717.00 iters/s

running (12.0s), 00001/00717 VUs, 8579 complete and 0 interrupted iterations
default   [  80% ] 00001/00717 VUs  12.0s/15s  717.00 iters/s

running (13.0s), 00001/00717 VUs, 9295 complete and 0 interrupted iterations
default   [  86% ] 00001/00717 VUs  13.0s/15s  717.00 iters/s

running (14.0s), 00001/00717 VUs, 10013 complete and 0 interrupted iterations
default   [  93% ] 00001/00717 VUs  14.0s/15s  717.00 iters/s

running (15.0s), 00001/00717 VUs, 10730 complete and 0 interrupted iterations
default   [ 100% ] 00001/00717 VUs  15.0s/15s  717.00 iters/s


  █ TOTAL RESULTS 

    HTTP
    http_req_duration..............: avg=821.64µs min=625.6µs  med=790.25µs max=9.15ms p(90)=914.58µs p(95)=971.7µs
      { expected_response:true }...: avg=821.64µs min=625.6µs  med=790.25µs max=9.15ms p(90)=914.58µs p(95)=971.7µs
    http_req_failed................: 0.00%  0 out of 10755
    http_reqs......................: 10755  716.926567/s

    EXECUTION
    iteration_duration.............: avg=903.79µs min=695.18µs med=865.07µs max=9.38ms p(90)=1.02ms   p(95)=1.09ms 
    iterations.....................: 10755  716.926567/s
    vus............................: 1      min=1          max=1  
    vus_max........................: 717    min=717        max=717

    NETWORK
    data_received..................: 2.2 MB 145 kB/s
    data_sent......................: 2.1 MB 140 kB/s




running (15.0s), 00000/00717 VUs, 10755 complete and 1 interrupted iterations
default ✓ [ 100% ] 00001/00717 VUs  15s  717.00 iters/s
