
         /\      Grafana   /‾‾/  
    /\  /  \     |\  __   /  /   
   /  \/    \    | |/ /  /   ‾‾\ 
  /          \   |   (  |  (‾)  |
 / __________ \  |_|\_\  \_____/ 

     execution: local
        script: workflow/online_boutique/k6_open_checkout.js
        output: -

     scenarios: (100.00%) 1 scenario, 10000 max VUs, 15s max duration (incl. graceful stop):
              * default: 80.00 iterations/s for 15s (maxVUs: 80-10000)


running (01.0s), 00030/00080 VUs, 50 complete and 0 interrupted iterations
default   [   7% ] 00030/00080 VUs  01.0s/15s  80.00 iters/s

running (02.0s), 00036/00080 VUs, 124 complete and 0 interrupted iterations
default   [  13% ] 00036/00080 VUs  02.0s/15s  80.00 iters/s

running (03.0s), 00018/00080 VUs, 222 complete and 0 interrupted iterations
default   [  20% ] 00018/00080 VUs  03.0s/15s  80.00 iters/s

running (04.0s), 00023/00080 VUs, 297 complete and 0 interrupted iterations
default   [  27% ] 00023/00080 VUs  04.0s/15s  80.00 iters/s

running (05.0s), 00029/00080 VUs, 371 complete and 0 interrupted iterations
default   [  33% ] 00029/00080 VUs  05.0s/15s  80.00 iters/s

running (06.0s), 00034/00080 VUs, 446 complete and 0 interrupted iterations
default   [  40% ] 00034/00080 VUs  06.0s/15s  80.00 iters/s

running (07.0s), 00039/00080 VUs, 521 complete and 0 interrupted iterations
default   [  47% ] 00039/00080 VUs  07.0s/15s  80.00 iters/s

running (08.0s), 00021/00080 VUs, 619 complete and 0 interrupted iterations
default   [  53% ] 00021/00080 VUs  08.0s/15s  80.00 iters/s

running (09.0s), 00027/00080 VUs, 693 complete and 0 interrupted iterations
default   [  60% ] 00027/00080 VUs  09.0s/15s  80.00 iters/s

running (10.0s), 00033/00080 VUs, 767 complete and 0 interrupted iterations
default   [  67% ] 00033/00080 VUs  10.0s/15s  80.00 iters/s

running (11.0s), 00039/00080 VUs, 841 complete and 0 interrupted iterations
default   [  73% ] 00039/00080 VUs  11.0s/15s  80.00 iters/s

running (12.0s), 00020/00080 VUs, 940 complete and 0 interrupted iterations
default   [  80% ] 00020/00080 VUs  12.0s/15s  80.00 iters/s

running (13.0s), 00027/00080 VUs, 1013 complete and 0 interrupted iterations
default   [  87% ] 00027/00080 VUs  13.0s/15s  80.00 iters/s

running (14.0s), 00033/00080 VUs, 1087 complete and 0 interrupted iterations
default   [  93% ] 00033/00080 VUs  14.0s/15s  80.00 iters/s

running (15.0s), 00038/00080 VUs, 1162 complete and 0 interrupted iterations
default   [ 100% ] 00038/00080 VUs  15.0s/15s  80.00 iters/s


  █ TOTAL RESULTS 

    CUSTOM
    online_boutique_application_errors...: 0.00%  0 out of 1162

    HTTP
    http_req_duration....................: avg=365.81ms min=209.75ms med=365.85ms max=529.95ms p(90)=485.71ms p(95)=502.38ms
      { expected_response:true }.........: avg=365.81ms min=209.75ms med=365.85ms max=529.95ms p(90)=485.71ms p(95)=502.38ms
    http_req_failed......................: 0.00%  0 out of 1162
    http_reqs............................: 1162   77.461534/s

    EXECUTION
    iteration_duration...................: avg=366.06ms min=209.94ms med=366.13ms max=530.16ms p(90)=486.02ms p(95)=502.76ms
    iterations...........................: 1162   77.461534/s
    vus..................................: 38     min=18        max=39
    vus_max..............................: 80     min=80        max=80

    NETWORK
    data_received........................: 2.4 MB 157 kB/s
    data_sent............................: 667 kB 44 kB/s




running (15.0s), 00000/00080 VUs, 1162 complete and 39 interrupted iterations
default ✓ [ 100% ] 00039/00080 VUs  15s  80.00 iters/s
