
         /\      Grafana   /‾‾/  
    /\  /  \     |\  __   /  /   
   /  \/    \    | |/ /  /   ‾‾\ 
  /          \   |   (  |  (‾)  |
 / __________ \  |_|\_\  \_____/ 

     execution: local
        script: workflow/spin/k6_open_client.js
        output: -

     scenarios: (100.00%) 1 scenario, 10000 max VUs, 15s max duration (incl. graceful stop):
              * default: 3920.00 iterations/s for 15s (maxVUs: 3920-10000)


running (00.9s), 00257/03920 VUs, 3144 complete and 0 interrupted iterations
default   [   6% ] 00258/03920 VUs  00.9s/15s  3920.00 iters/s

running (01.9s), 00308/03920 VUs, 7014 complete and 0 interrupted iterations
default   [  12% ] 00308/03920 VUs  01.9s/15s  3920.00 iters/s

running (02.9s), 00295/03920 VUs, 10949 complete and 0 interrupted iterations
default   [  19% ] 00295/03920 VUs  02.9s/15s  3920.00 iters/s

running (03.9s), 00211/03920 VUs, 14951 complete and 0 interrupted iterations
default   [  26% ] 00211/03920 VUs  03.9s/15s  3920.00 iters/s

running (04.9s), 00244/03920 VUs, 18841 complete and 0 interrupted iterations
default   [  32% ] 00244/03920 VUs  04.9s/15s  3920.00 iters/s

running (05.9s), 00221/03920 VUs, 22783 complete and 0 interrupted iterations
default   [  39% ] 00221/03920 VUs  05.9s/15s  3920.00 iters/s

running (06.9s), 00247/03920 VUs, 26676 complete and 0 interrupted iterations
default   [  46% ] 00247/03920 VUs  06.9s/15s  3920.00 iters/s

running (07.9s), 00223/03920 VUs, 30619 complete and 0 interrupted iterations
default   [  52% ] 00223/03920 VUs  07.9s/15s  3920.00 iters/s

running (08.9s), 00251/03920 VUs, 34510 complete and 0 interrupted iterations
default   [  59% ] 00251/03920 VUs  08.9s/15s  3920.00 iters/s

running (09.9s), 00237/03920 VUs, 38445 complete and 0 interrupted iterations
default   [  66% ] 00237/03920 VUs  09.9s/15s  3920.00 iters/s

running (10.9s), 00201/03920 VUs, 42402 complete and 0 interrupted iterations
default   [  72% ] 00201/03920 VUs  10.9s/15s  3920.00 iters/s

running (11.9s), 00184/03920 VUs, 46338 complete and 0 interrupted iterations
default   [  79% ] 00184/03920 VUs  11.9s/15s  3920.00 iters/s

running (12.9s), 00250/03920 VUs, 50192 complete and 0 interrupted iterations
default   [  86% ] 00250/03920 VUs  12.9s/15s  3920.00 iters/s

running (13.9s), 00240/03920 VUs, 54124 complete and 0 interrupted iterations
default   [  92% ] 00240/03920 VUs  13.9s/15s  3920.00 iters/s

running (14.9s), 00259/03920 VUs, 58022 complete and 0 interrupted iterations
default   [  99% ] 00259/03920 VUs  14.9s/15s  3920.00 iters/s


  █ TOTAL RESULTS 

    HTTP
    http_req_duration..............: avg=63.15ms min=45.55ms med=61.85ms max=117.69ms p(90)=72.59ms p(95)=79.58ms
      { expected_response:true }...: avg=63.15ms min=45.55ms med=61.85ms max=117.69ms p(90)=72.59ms p(95)=79.58ms
    http_req_failed................: 0.00% 0 out of 58529
    http_reqs......................: 58529 3900.146281/s

    EXECUTION
    iteration_duration.............: avg=63.25ms min=45.63ms med=61.94ms max=118.79ms p(90)=72.7ms  p(95)=79.69ms
    iterations.....................: 58528 3900.079644/s
    vus............................: 263   min=183        max=307 
    vus_max........................: 3920  min=3920       max=3920

    NETWORK
    data_received..................: 12 MB 792 kB/s
    data_sent......................: 11 MB 752 kB/s




running (15.0s), 00000/03920 VUs, 58524 complete and 273 interrupted iterations
default ✓ [ 100% ] 00273/03920 VUs  15s  3920.00 iters/s
