
         /\      Grafana   /‾‾/  
    /\  /  \     |\  __   /  /   
   /  \/    \    | |/ /  /   ‾‾\ 
  /          \   |   (  |  (‾)  |
 / __________ \  |_|\_\  \_____/ 

     execution: local
        script: workflow/spin/k6_open_client.js
        output: -

     scenarios: (100.00%) 1 scenario, 10000 max VUs, 15s max duration (incl. graceful stop):
              * default: 2232.00 iterations/s for 15s (maxVUs: 2232-10000)


running (00.9s), 00362/02232 VUs, 1689 complete and 0 interrupted iterations
default   [   6% ] 00362/02232 VUs  00.9s/15s  2232.00 iters/s

running (01.9s), 00449/02232 VUs, 3834 complete and 0 interrupted iterations
default   [  13% ] 00449/02232 VUs  01.9s/15s  2232.00 iters/s

running (02.9s), 00421/02232 VUs, 6095 complete and 0 interrupted iterations
default   [  19% ] 00421/02232 VUs  02.9s/15s  2232.00 iters/s

running (03.9s), 00348/02232 VUs, 8400 complete and 0 interrupted iterations
default   [  26% ] 00348/02232 VUs  03.9s/15s  2232.00 iters/s

running (04.9s), 00444/02232 VUs, 10536 complete and 0 interrupted iterations
default   [  33% ] 00444/02232 VUs  04.9s/15s  2232.00 iters/s

running (05.9s), 00310/02232 VUs, 12902 complete and 0 interrupted iterations
default   [  39% ] 00310/02232 VUs  05.9s/15s  2232.00 iters/s

running (06.9s), 00383/02232 VUs, 15059 complete and 0 interrupted iterations
default   [  46% ] 00383/02232 VUs  06.9s/15s  2232.00 iters/s

running (07.9s), 00328/02232 VUs, 17348 complete and 0 interrupted iterations
default   [  53% ] 00328/02232 VUs  07.9s/15s  2232.00 iters/s

running (08.9s), 00371/02232 VUs, 19538 complete and 0 interrupted iterations
default   [  59% ] 00371/02232 VUs  08.9s/15s  2232.00 iters/s

running (09.9s), 00307/02232 VUs, 21833 complete and 0 interrupted iterations
default   [  66% ] 00307/02232 VUs  09.9s/15s  2232.00 iters/s

running (10.9s), 00353/02232 VUs, 24019 complete and 0 interrupted iterations
default   [  73% ] 00353/02232 VUs  10.9s/15s  2232.00 iters/s

running (11.9s), 00443/02232 VUs, 26163 complete and 0 interrupted iterations
default   [  79% ] 00443/02232 VUs  11.9s/15s  2232.00 iters/s

running (12.9s), 00292/02232 VUs, 28545 complete and 0 interrupted iterations
default   [  86% ] 00292/02232 VUs  12.9s/15s  2232.00 iters/s

running (13.9s), 00408/02232 VUs, 30661 complete and 0 interrupted iterations
default   [  93% ] 00408/02232 VUs  13.9s/15s  2232.00 iters/s

running (14.9s), 00440/02232 VUs, 32860 complete and 0 interrupted iterations
default   [  99% ] 00440/02232 VUs  14.9s/15s  2232.00 iters/s


  █ TOTAL RESULTS 

    HTTP
    http_req_duration..............: avg=166.46ms min=110.56ms med=165.99ms max=219.87ms p(90)=196.54ms p(95)=201.43ms
      { expected_response:true }...: avg=166.46ms min=110.56ms med=165.99ms max=219.87ms p(90)=196.54ms p(95)=201.43ms
    http_req_failed................: 0.00%  0 out of 33033
    http_reqs......................: 33033  2201.28819/s

    EXECUTION
    iteration_duration.............: avg=166.55ms min=110.65ms med=166.08ms max=219.96ms p(90)=196.64ms p(95)=201.53ms
    iterations.....................: 33033  2201.28819/s
    vus............................: 440    min=290        max=452 
    vus_max........................: 2232   min=2232       max=2232

    NETWORK
    data_received..................: 6.7 MB 447 kB/s
    data_sent......................: 6.4 MB 428 kB/s




running (15.0s), 00000/02232 VUs, 33033 complete and 449 interrupted iterations
default ✓ [ 100% ] 00449/02232 VUs  15s  2232.00 iters/s
