
         /\      Grafana   /‾‾/  
    /\  /  \     |\  __   /  /   
   /  \/    \    | |/ /  /   ‾‾\ 
  /          \   |   (  |  (‾)  |
 / __________ \  |_|\_\  \_____/ 

     execution: local
        script: workflow/media/k6_open_review_compose.js
        output: -

     scenarios: (100.00%) 1 scenario, 10000 max VUs, 15s max duration (incl. graceful stop):
              * default: 1474.00 iterations/s for 15s (maxVUs: 1474-10000)


running (00.9s), 00010/01474 VUs, 1379 complete and 0 interrupted iterations
default   [   6% ] 00010/01474 VUs  00.9s/15s  1474.00 iters/s

running (01.9s), 00004/01474 VUs, 2861 complete and 0 interrupted iterations
default   [  13% ] 00004/01474 VUs  01.9s/15s  1474.00 iters/s

running (02.9s), 00014/01474 VUs, 4324 complete and 0 interrupted iterations
default   [  20% ] 00014/01474 VUs  02.9s/15s  1474.00 iters/s

running (03.9s), 00009/01474 VUs, 5803 complete and 0 interrupted iterations
default   [  26% ] 00009/01474 VUs  03.9s/15s  1474.00 iters/s

running (04.9s), 00003/01474 VUs, 7282 complete and 0 interrupted iterations
default   [  33% ] 00003/01474 VUs  04.9s/15s  1474.00 iters/s

running (05.9s), 00009/01474 VUs, 8751 complete and 0 interrupted iterations
default   [  40% ] 00009/01474 VUs  05.9s/15s  1474.00 iters/s

running (06.9s), 00005/01474 VUs, 10229 complete and 0 interrupted iterations
default   [  46% ] 00005/01474 VUs  06.9s/15s  1474.00 iters/s

running (07.9s), 00006/01474 VUs, 11700 complete and 0 interrupted iterations
default   [  53% ] 00006/01474 VUs  07.9s/15s  1474.00 iters/s

running (08.9s), 00005/01474 VUs, 13176 complete and 0 interrupted iterations
default   [  60% ] 00005/01474 VUs  08.9s/15s  1474.00 iters/s

running (09.9s), 00004/01474 VUs, 14652 complete and 0 interrupted iterations
default   [  66% ] 00003/01474 VUs  09.9s/15s  1474.00 iters/s

running (10.9s), 00005/01474 VUs, 16125 complete and 0 interrupted iterations
default   [  73% ] 00004/01474 VUs  10.9s/15s  1474.00 iters/s

running (11.9s), 00003/01474 VUs, 17600 complete and 0 interrupted iterations
default   [  80% ] 00004/01474 VUs  11.9s/15s  1474.00 iters/s

running (12.9s), 00011/01474 VUs, 19066 complete and 0 interrupted iterations
default   [  86% ] 00011/01474 VUs  12.9s/15s  1474.00 iters/s

running (13.9s), 00003/01474 VUs, 20548 complete and 0 interrupted iterations
default   [  93% ] 00003/01474 VUs  13.9s/15s  1474.00 iters/s

running (14.9s), 00003/01474 VUs, 22023 complete and 0 interrupted iterations
default   [ 100% ] 00003/01474 VUs  14.9s/15s  1474.00 iters/s


  █ TOTAL RESULTS 

    HTTP
    http_req_duration..............: avg=3.9ms  min=1.38ms med=2.41ms max=55.63ms p(90)=7.31ms p(95)=11.7ms 
      { expected_response:true }...: avg=3.9ms  min=1.38ms med=2.41ms max=55.63ms p(90)=7.31ms p(95)=11.7ms 
    http_req_failed................: 0.00%  0 out of 22097
    http_reqs......................: 22097  1472.869609/s

    EXECUTION
    iteration_duration.............: avg=4.02ms min=1.48ms med=2.52ms max=55.94ms p(90)=7.43ms p(95)=11.82ms
    iterations.....................: 22097  1472.869609/s
    vus............................: 3      min=3          max=14  
    vus_max........................: 1474   min=1474       max=1474

    NETWORK
    data_received..................: 5.1 MB 341 kB/s
    data_sent......................: 12 MB  820 kB/s




running (15.0s), 00000/01474 VUs, 22097 complete and 14 interrupted iterations
default ✓ [ 100% ] 00014/01474 VUs  15s  1474.00 iters/s
