
         /\      Grafana   /‾‾/  
    /\  /  \     |\  __   /  /   
   /  \/    \    | |/ /  /   ‾‾\ 
  /          \   |   (  |  (‾)  |
 / __________ \  |_|\_\  \_____/ 

     execution: local
        script: workflow/spin/k6_open_client.js
        output: -

     scenarios: (100.00%) 1 scenario, 10000 max VUs, 15s max duration (incl. graceful stop):
              * default: 2485.00 iterations/s for 15s (maxVUs: 2485-10000)


running (00.9s), 00137/02485 VUs, 2133 complete and 0 interrupted iterations
default   [   6% ] 00137/02485 VUs  00.9s/15s  2485.00 iters/s

running (01.9s), 00121/02485 VUs, 4632 complete and 0 interrupted iterations
default   [  13% ] 00121/02485 VUs  01.9s/15s  2485.00 iters/s

running (02.9s), 00137/02485 VUs, 7101 complete and 0 interrupted iterations
default   [  19% ] 00137/02485 VUs  02.9s/15s  2485.00 iters/s

running (03.9s), 00135/02485 VUs, 9588 complete and 0 interrupted iterations
default   [  26% ] 00135/02485 VUs  03.9s/15s  2485.00 iters/s

running (04.9s), 00106/02485 VUs, 12102 complete and 0 interrupted iterations
default   [  33% ] 00107/02485 VUs  04.9s/15s  2485.00 iters/s

running (05.9s), 00111/02485 VUs, 14582 complete and 0 interrupted iterations
default   [  39% ] 00111/02485 VUs  05.9s/15s  2485.00 iters/s

running (06.9s), 00133/02485 VUs, 17043 complete and 0 interrupted iterations
default   [  46% ] 00133/02485 VUs  06.9s/15s  2485.00 iters/s

running (07.9s), 00125/02485 VUs, 19538 complete and 0 interrupted iterations
default   [  53% ] 00125/02485 VUs  07.9s/15s  2485.00 iters/s

running (08.9s), 00137/02485 VUs, 22011 complete and 0 interrupted iterations
default   [  59% ] 00137/02485 VUs  08.9s/15s  2485.00 iters/s

running (09.9s), 00149/02485 VUs, 24483 complete and 0 interrupted iterations
default   [  66% ] 00149/02485 VUs  09.9s/15s  2485.00 iters/s

running (10.9s), 00118/02485 VUs, 27000 complete and 0 interrupted iterations
default   [  73% ] 00118/02485 VUs  10.9s/15s  2485.00 iters/s

running (11.9s), 00091/02485 VUs, 29511 complete and 0 interrupted iterations
default   [  79% ] 00092/02485 VUs  11.9s/15s  2485.00 iters/s

running (12.9s), 00098/02485 VUs, 31990 complete and 0 interrupted iterations
default   [  86% ] 00098/02485 VUs  12.9s/15s  2485.00 iters/s

running (13.9s), 00094/02485 VUs, 34476 complete and 0 interrupted iterations
default   [  93% ] 00094/02485 VUs  13.9s/15s  2485.00 iters/s

running (14.9s), 00112/02485 VUs, 36946 complete and 0 interrupted iterations
default   [  99% ] 00112/02485 VUs  14.9s/15s  2485.00 iters/s


  █ TOTAL RESULTS 

    HTTP
    http_req_duration..............: avg=47.55ms min=26.29ms med=47.33ms max=103.92ms p(90)=57.33ms p(95)=59.69ms
      { expected_response:true }...: avg=47.55ms min=26.29ms med=47.33ms max=103.92ms p(90)=57.33ms p(95)=59.69ms
    http_req_failed................: 0.00%  0 out of 37085
    http_reqs......................: 37085  2471.622528/s

    EXECUTION
    iteration_duration.............: avg=47.64ms min=26.48ms med=47.41ms max=104.03ms p(90)=57.42ms p(95)=59.8ms 
    iterations.....................: 37085  2471.622528/s
    vus............................: 112    min=90         max=149 
    vus_max........................: 2485   min=2485       max=2485

    NETWORK
    data_received..................: 7.5 MB 502 kB/s
    data_sent......................: 7.2 MB 477 kB/s




running (15.0s), 00000/02485 VUs, 37085 complete and 193 interrupted iterations
default ✓ [ 100% ] 00193/02485 VUs  15s  2485.00 iters/s
