
         /\      Grafana   /‾‾/  
    /\  /  \     |\  __   /  /   
   /  \/    \    | |/ /  /   ‾‾\ 
  /          \   |   (  |  (‾)  |
 / __________ \  |_|\_\  \_____/ 

     execution: local
        script: workflow/spin/k6_open_client.js
        output: -

     scenarios: (100.00%) 1 scenario, 10000 max VUs, 15s max duration (incl. graceful stop):
              * default: 2688.00 iterations/s for 15s (maxVUs: 2688-10000)


running (00.9s), 00496/02688 VUs, 1952 complete and 0 interrupted iterations
default   [   6% ] 00496/02688 VUs  00.9s/15s  2688.00 iters/s

running (01.9s), 00529/02688 VUs, 4608 complete and 0 interrupted iterations
default   [  13% ] 00529/02688 VUs  01.9s/15s  2688.00 iters/s

running (02.9s), 00640/02688 VUs, 7184 complete and 0 interrupted iterations
default   [  19% ] 00640/02688 VUs  02.9s/15s  2688.00 iters/s

running (03.9s), 00528/02688 VUs, 9984 complete and 0 interrupted iterations
default   [  26% ] 00528/02688 VUs  03.9s/15s  2688.00 iters/s

running (04.9s), 00398/02688 VUs, 12800 complete and 0 interrupted iterations
default   [  33% ] 00398/02688 VUs  04.9s/15s  2688.00 iters/s

running (05.9s), 00528/02688 VUs, 15360 complete and 0 interrupted iterations
default   [  39% ] 00529/02688 VUs  05.9s/15s  2688.00 iters/s

running (06.9s), 00402/02688 VUs, 18176 complete and 0 interrupted iterations
default   [  46% ] 00402/02688 VUs  06.9s/15s  2688.00 iters/s

running (07.9s), 00530/02688 VUs, 20736 complete and 0 interrupted iterations
default   [  53% ] 00530/02688 VUs  07.9s/15s  2688.00 iters/s

running (08.9s), 00402/02688 VUs, 23552 complete and 0 interrupted iterations
default   [  59% ] 00402/02688 VUs  08.9s/15s  2688.00 iters/s

running (09.9s), 00452/02688 VUs, 26188 complete and 0 interrupted iterations
default   [  66% ] 00452/02688 VUs  09.9s/15s  2688.00 iters/s

running (10.9s), 00401/02688 VUs, 28928 complete and 0 interrupted iterations
default   [  73% ] 00401/02688 VUs  10.9s/15s  2688.00 iters/s

running (11.9s), 00526/02688 VUs, 31488 complete and 0 interrupted iterations
default   [  79% ] 00526/02688 VUs  11.9s/15s  2688.00 iters/s

running (12.9s), 00402/02688 VUs, 34304 complete and 0 interrupted iterations
default   [  86% ] 00402/02688 VUs  12.9s/15s  2688.00 iters/s

running (13.9s), 00530/02688 VUs, 36864 complete and 0 interrupted iterations
default   [  93% ] 00530/02688 VUs  13.9s/15s  2688.00 iters/s

running (14.9s), 00400/02688 VUs, 39680 complete and 0 interrupted iterations
default   [  99% ] 00400/02688 VUs  14.9s/15s  2688.00 iters/s


  █ TOTAL RESULTS 

    HTTP
    http_req_duration..............: avg=179.96ms min=122.73ms med=178.86ms max=254.64ms p(90)=214.99ms p(95)=229.38ms
      { expected_response:true }...: avg=179.96ms min=122.73ms med=178.86ms max=254.64ms p(90)=214.99ms p(95)=229.38ms
    http_req_failed................: 0.00%  0 out of 39936
    http_reqs......................: 39936  2661.247148/s

    EXECUTION
    iteration_duration.............: avg=180.06ms min=122.82ms med=178.96ms max=254.72ms p(90)=215.11ms p(95)=229.48ms
    iterations.....................: 39936  2661.247148/s
    vus............................: 400    min=398        max=641 
    vus_max........................: 2688   min=2688       max=2688

    NETWORK
    data_received..................: 8.1 MB 540 kB/s
    data_sent......................: 7.7 MB 516 kB/s




running (15.0s), 00000/02688 VUs, 39936 complete and 386 interrupted iterations
default ✓ [ 100% ] 00386/02688 VUs  15s  2688.00 iters/s
