
         /\      Grafana   /‾‾/  
    /\  /  \     |\  __   /  /   
   /  \/    \    | |/ /  /   ‾‾\ 
  /          \   |   (  |  (‾)  |
 / __________ \  |_|\_\  \_____/ 

     execution: local
        script: workflow/spin/k6_open_client.js
        output: -

     scenarios: (100.00%) 1 scenario, 10000 max VUs, 15s max duration (incl. graceful stop):
              * default: 2485.00 iterations/s for 15s (maxVUs: 2485-10000)


running (00.9s), 00138/02485 VUs, 2146 complete and 0 interrupted iterations
default   [   6% ] 00138/02485 VUs  00.9s/15s  2485.00 iters/s

running (01.9s), 00104/02485 VUs, 4666 complete and 0 interrupted iterations
default   [  13% ] 00104/02485 VUs  01.9s/15s  2485.00 iters/s

running (02.9s), 00111/02485 VUs, 7143 complete and 0 interrupted iterations
default   [  19% ] 00111/02485 VUs  02.9s/15s  2485.00 iters/s

running (03.9s), 00112/02485 VUs, 9627 complete and 0 interrupted iterations
default   [  26% ] 00112/02485 VUs  03.9s/15s  2485.00 iters/s

running (04.9s), 00139/02485 VUs, 12086 complete and 0 interrupted iterations
default   [  33% ] 00139/02485 VUs  04.9s/15s  2485.00 iters/s

running (05.9s), 00108/02485 VUs, 14602 complete and 0 interrupted iterations
default   [  39% ] 00108/02485 VUs  05.9s/15s  2485.00 iters/s

running (06.9s), 00088/02485 VUs, 17107 complete and 0 interrupted iterations
default   [  46% ] 00088/02485 VUs  06.9s/15s  2485.00 iters/s

running (07.9s), 00123/02485 VUs, 19555 complete and 0 interrupted iterations
default   [  53% ] 00124/02485 VUs  07.9s/15s  2485.00 iters/s

running (08.9s), 00102/02485 VUs, 22062 complete and 0 interrupted iterations
default   [  59% ] 00102/02485 VUs  08.9s/15s  2485.00 iters/s

running (09.9s), 00138/02485 VUs, 24511 complete and 0 interrupted iterations
default   [  66% ] 00138/02485 VUs  09.9s/15s  2485.00 iters/s

running (10.9s), 00135/02485 VUs, 27000 complete and 0 interrupted iterations
default   [  73% ] 00135/02485 VUs  10.9s/15s  2485.00 iters/s

running (11.9s), 00126/02485 VUs, 29494 complete and 0 interrupted iterations
default   [  79% ] 00126/02485 VUs  11.9s/15s  2485.00 iters/s

running (12.9s), 00129/02485 VUs, 31976 complete and 0 interrupted iterations
default   [  86% ] 00129/02485 VUs  12.9s/15s  2485.00 iters/s

running (13.9s), 00124/02485 VUs, 34467 complete and 0 interrupted iterations
default   [  93% ] 00124/02485 VUs  13.9s/15s  2485.00 iters/s

running (14.9s), 00100/02485 VUs, 36974 complete and 0 interrupted iterations
default   [  99% ] 00100/02485 VUs  14.9s/15s  2485.00 iters/s


  █ TOTAL RESULTS 

    HTTP
    http_req_duration..............: avg=45.99ms min=28.81ms med=45.82ms max=78.13ms p(90)=55.85ms p(95)=58.05ms
      { expected_response:true }...: avg=45.99ms min=28.81ms med=45.82ms max=78.13ms p(90)=55.85ms p(95)=58.05ms
    http_req_failed................: 0.00%  0 out of 37138
    http_reqs......................: 37138  2475.127538/s

    EXECUTION
    iteration_duration.............: avg=46.09ms min=28.91ms med=45.91ms max=78.41ms p(90)=55.95ms p(95)=58.14ms
    iterations.....................: 37138  2475.127538/s
    vus............................: 101    min=85         max=140 
    vus_max........................: 2485   min=2485       max=2485

    NETWORK
    data_received..................: 7.5 MB 503 kB/s
    data_sent......................: 7.2 MB 477 kB/s




running (15.0s), 00000/02485 VUs, 37138 complete and 137 interrupted iterations
default ✓ [ 100% ] 00137/02485 VUs  15s  2485.00 iters/s
