
         /\      Grafana   /‾‾/  
    /\  /  \     |\  __   /  /   
   /  \/    \    | |/ /  /   ‾‾\ 
  /          \   |   (  |  (‾)  |
 / __________ \  |_|\_\  \_____/ 

     execution: local
        script: workflow/response/k6_open_client.js
        output: -

     scenarios: (100.00%) 1 scenario, 100000 max VUs, 15s max duration (incl. graceful stop):
              * default: 5800.00 iterations/s for 15s (maxVUs: 5800-100000)


running (00.8s), 000838/005800 VUs, 3952 complete and 0 interrupted iterations
default   [   6% ] 000838/005800 VUs  00.8s/15s  5800.00 iters/s

running (01.8s), 000717/005800 VUs, 9873 complete and 0 interrupted iterations
default   [  12% ] 000717/005800 VUs  01.8s/15s  5800.00 iters/s

running (02.8s), 000635/005800 VUs, 15756 complete and 0 interrupted iterations
default   [  19% ] 000634/005800 VUs  02.8s/15s  5800.00 iters/s

running (03.8s), 000480/005800 VUs, 21710 complete and 0 interrupted iterations
default   [  26% ] 000480/005800 VUs  03.8s/15s  5800.00 iters/s

running (04.8s), 000334/005800 VUs, 27656 complete and 0 interrupted iterations
default   [  32% ] 000334/005800 VUs  04.8s/15s  5800.00 iters/s

running (05.8s), 000265/005800 VUs, 33525 complete and 0 interrupted iterations
default   [  39% ] 000265/005800 VUs  05.8s/15s  5800.00 iters/s

running (06.8s), 000252/005800 VUs, 39336 complete and 0 interrupted iterations
default   [  46% ] 000254/005800 VUs  06.8s/15s  5800.00 iters/s

running (07.8s), 000275/005800 VUs, 45115 complete and 0 interrupted iterations
default   [  52% ] 000275/005800 VUs  07.8s/15s  5800.00 iters/s

running (08.8s), 000335/005800 VUs, 50855 complete and 0 interrupted iterations
default   [  59% ] 000334/005800 VUs  08.8s/15s  5800.00 iters/s

running (09.8s), 000333/005800 VUs, 56659 complete and 0 interrupted iterations
default   [  66% ] 000333/005800 VUs  09.8s/15s  5800.00 iters/s

running (10.8s), 000245/005800 VUs, 62547 complete and 0 interrupted iterations
default   [  72% ] 000245/005800 VUs  10.8s/15s  5800.00 iters/s

running (11.8s), 000289/005800 VUs, 68306 complete and 0 interrupted iterations
default   [  79% ] 000289/005800 VUs  11.8s/15s  5800.00 iters/s

running (12.8s), 000281/005800 VUs, 74109 complete and 0 interrupted iterations
default   [  86% ] 000281/005800 VUs  12.8s/15s  5800.00 iters/s

running (13.8s), 000270/005800 VUs, 79920 complete and 0 interrupted iterations
default   [  92% ] 000270/005800 VUs  13.8s/15s  5800.00 iters/s

running (14.8s), 000341/005800 VUs, 85653 complete and 0 interrupted iterations
default   [  99% ] 000341/005800 VUs  14.8s/15s  5800.00 iters/s


  █ TOTAL RESULTS 

    HTTP
    http_req_duration..............: avg=70.38ms min=34.23ms med=56.76ms max=242.76ms p(90)=126.13ms p(95)=141.24ms
      { expected_response:true }...: avg=70.38ms min=34.23ms med=56.76ms max=242.76ms p(90)=126.13ms p(95)=141.24ms
    http_req_failed................: 0.00% 0 out of 86677
    http_reqs......................: 86677 5774.730105/s

    EXECUTION
    iteration_duration.............: avg=70.51ms min=34.31ms med=56.85ms max=243.07ms p(90)=126.23ms p(95)=141.72ms
    iterations.....................: 86677 5774.730105/s
    vus............................: 341   min=241        max=838 
    vus_max........................: 5800  min=5800       max=5800

    NETWORK
    data_received..................: 18 MB 1.2 MB/s
    data_sent......................: 17 MB 1.1 MB/s




running (15.0s), 000000/005800 VUs, 86677 complete and 324 interrupted iterations
default ✓ [ 100% ] 000324/005800 VUs  15s  5800.00 iters/s
