
         /\      Grafana   /‾‾/  
    /\  /  \     |\  __   /  /   
   /  \/    \    | |/ /  /   ‾‾\ 
  /          \   |   (  |  (‾)  |
 / __________ \  |_|\_\  \_____/ 

     execution: local
        script: workflow/social/k6_open_client.js
        output: -

     scenarios: (100.00%) 1 scenario, 10000 max VUs, 15s max duration (incl. graceful stop):
              * default: 2733.00 iterations/s for 15s (maxVUs: 2733-10000)


running (00.9s), 00723/02733 VUs, 1726 complete and 0 interrupted iterations
default   [   6% ] 00723/02733 VUs  00.9s/15s  2733.00 iters/s

running (01.9s), 01368/02733 VUs, 3817 complete and 0 interrupted iterations
default   [  13% ] 01368/02733 VUs  01.9s/15s  2733.00 iters/s

running (02.9s), 01966/02733 VUs, 5951 complete and 0 interrupted iterations
default   [  19% ] 01966/02733 VUs  02.9s/15s  2733.00 iters/s

running (03.9s), 02390/02733 VUs, 8260 complete and 0 interrupted iterations
default   [  26% ] 02390/02733 VUs  03.9s/15s  2733.00 iters/s

running (04.9s), 02761/02799 VUs, 10445 complete and 0 interrupted iterations
default   [  33% ] 02761/02799 VUs  04.9s/15s  2733.00 iters/s

running (05.9s), 02950/02951 VUs, 12633 complete and 0 interrupted iterations
default   [  39% ] 02950/02951 VUs  05.9s/15s  2733.00 iters/s

running (06.9s), 03081/03104 VUs, 14879 complete and 0 interrupted iterations
default   [  46% ] 03081/03104 VUs  06.9s/15s  2733.00 iters/s

running (07.9s), 03245/03261 VUs, 17080 complete and 0 interrupted iterations
default   [  53% ] 03245/03261 VUs  07.9s/15s  2733.00 iters/s

running (08.9s), 03389/03398 VUs, 19317 complete and 0 interrupted iterations
default   [  59% ] 03390/03398 VUs  08.9s/15s  2733.00 iters/s

running (09.9s), 03529/03546 VUs, 21564 complete and 0 interrupted iterations
default   [  66% ] 03529/03546 VUs  09.9s/15s  2733.00 iters/s

running (10.9s), 03690/03690 VUs, 23786 complete and 0 interrupted iterations
default   [  73% ] 03690/03690 VUs  10.9s/15s  2733.00 iters/s

running (11.9s), 03838/03850 VUs, 26000 complete and 0 interrupted iterations
default   [  79% ] 03838/03850 VUs  11.9s/15s  2733.00 iters/s

running (12.9s), 04026/04030 VUs, 28109 complete and 0 interrupted iterations
default   [  86% ] 04026/04030 VUs  12.9s/15s  2733.00 iters/s

running (13.9s), 04228/04228 VUs, 30192 complete and 0 interrupted iterations
default   [  93% ] 04228/04228 VUs  13.9s/15s  2733.00 iters/s

running (14.9s), 04380/04381 VUs, 32418 complete and 0 interrupted iterations
default   [  99% ] 04380/04381 VUs  14.9s/15s  2733.00 iters/s


  █ TOTAL RESULTS 

    HTTP
    http_req_duration..............: avg=1.21s min=44.67ms med=1.35s max=1.89s p(90)=1.79s p(95)=1.83s
      { expected_response:true }...: avg=1.21s min=44.67ms med=1.35s max=1.89s p(90)=1.79s p(95)=1.83s
    http_req_failed................: 0.00%  0 out of 32661
    http_reqs......................: 32661  2171.277872/s

    EXECUTION
    dropped_iterations.............: 3957   263.058282/s
    iteration_duration.............: avg=1.21s min=45.02ms med=1.35s max=1.91s p(90)=1.79s p(95)=1.83s
    iterations.....................: 32661  2171.277872/s
    vus............................: 4380   min=723        max=4380
    vus_max........................: 4381   min=2733       max=4381

    NETWORK
    data_received..................: 7.4 MB 491 kB/s
    data_sent......................: 12 MB  809 kB/s




running (15.0s), 00000/04400 VUs, 32649 complete and 4392 interrupted iterations
default ✓ [ 100% ] 04392/04400 VUs  15s  2733.00 iters/s
