
         /\      Grafana   /‾‾/  
    /\  /  \     |\  __   /  /   
   /  \/    \    | |/ /  /   ‾‾\ 
  /          \   |   (  |  (‾)  |
 / __________ \  |_|\_\  \_____/ 

     execution: local
        script: workflow/response/k6_open_client.js
        output: -

     scenarios: (100.00%) 1 scenario, 10000 max VUs, 15s max duration (incl. graceful stop):
              * default: 3561.00 iterations/s for 15s (maxVUs: 3561-10000)


running (00.9s), 00195/03561 VUs, 2940 complete and 0 interrupted iterations
default   [   6% ] 00195/03561 VUs  00.9s/15s  3561.00 iters/s

running (01.9s), 00250/03561 VUs, 6445 complete and 0 interrupted iterations
default   [  13% ] 00250/03561 VUs  01.9s/15s  3561.00 iters/s

running (02.9s), 00262/03561 VUs, 9991 complete and 0 interrupted iterations
default   [  19% ] 00262/03561 VUs  02.9s/15s  3561.00 iters/s

running (03.9s), 00222/03561 VUs, 13596 complete and 0 interrupted iterations
default   [  26% ] 00222/03561 VUs  03.9s/15s  3561.00 iters/s

running (04.9s), 00221/03561 VUs, 17157 complete and 0 interrupted iterations
default   [  33% ] 00222/03561 VUs  04.9s/15s  3561.00 iters/s

running (05.9s), 00230/03561 VUs, 20710 complete and 0 interrupted iterations
default   [  39% ] 00230/03561 VUs  05.9s/15s  3561.00 iters/s

running (06.9s), 00177/03561 VUs, 24323 complete and 0 interrupted iterations
default   [  46% ] 00178/03561 VUs  06.9s/15s  3561.00 iters/s

running (07.9s), 00211/03561 VUs, 27850 complete and 0 interrupted iterations
default   [  53% ] 00211/03561 VUs  07.9s/15s  3561.00 iters/s

running (08.9s), 00228/03561 VUs, 31396 complete and 0 interrupted iterations
default   [  59% ] 00228/03561 VUs  08.9s/15s  3561.00 iters/s

running (09.9s), 00209/03561 VUs, 34977 complete and 0 interrupted iterations
default   [  66% ] 00209/03561 VUs  09.9s/15s  3561.00 iters/s

running (10.9s), 00836/03561 VUs, 37908 complete and 0 interrupted iterations
default   [  73% ] 00836/03561 VUs  10.9s/15s  3561.00 iters/s

running (11.9s), 01441/03561 VUs, 40863 complete and 0 interrupted iterations
default   [  79% ] 01442/03561 VUs  11.9s/15s  3561.00 iters/s

running (12.9s), 01946/03561 VUs, 43923 complete and 0 interrupted iterations
default   [  86% ] 01946/03561 VUs  12.9s/15s  3561.00 iters/s

running (13.9s), 02552/03561 VUs, 46876 complete and 0 interrupted iterations
default   [  93% ] 02552/03561 VUs  13.9s/15s  3561.00 iters/s

running (14.9s), 03069/03561 VUs, 49922 complete and 0 interrupted iterations
default   [  99% ] 03069/03561 VUs  14.9s/15s  3561.00 iters/s


  █ TOTAL RESULTS 

    HTTP
    http_req_duration..............: avg=189.25ms min=38.48ms med=69.38ms max=890.19ms p(90)=611.41ms p(95)=736.86ms
      { expected_response:true }...: avg=189.25ms min=38.48ms med=69.38ms max=890.19ms p(90)=611.41ms p(95)=736.86ms
    http_req_failed................: 0.00% 0 out of 50274
    http_reqs......................: 50274 3345.586091/s

    EXECUTION
    iteration_duration.............: avg=189.35ms min=38.57ms med=69.48ms max=903.22ms p(90)=611.49ms p(95)=736.94ms
    iterations.....................: 50274 3345.586091/s
    vus............................: 3069  min=178        max=3069
    vus_max........................: 3561  min=3561       max=3561

    NETWORK
    data_received..................: 10 MB 679 kB/s
    data_sent......................: 11 MB 696 kB/s




running (15.0s), 00000/03561 VUs, 50267 complete and 3148 interrupted iterations
default ✓ [ 100% ] 03148/03561 VUs  15s  3561.00 iters/s
