
         /\      Grafana   /‾‾/  
    /\  /  \     |\  __   /  /   
   /  \/    \    | |/ /  /   ‾‾\ 
  /          \   |   (  |  (‾)  |
 / __________ \  |_|\_\  \_____/ 

     execution: local
        script: workflow/write/k6_open_client.js
        output: -

     scenarios: (100.00%) 1 scenario, 10000 max VUs, 15s max duration (incl. graceful stop):
              * default: 7492.00 iterations/s for 15s (maxVUs: 7492-10000)


running (00.8s), 03399/07492 VUs, 2371 complete and 0 interrupted iterations
default   [   5% ] 03399/07492 VUs  00.8s/15s  7492.00 iters/s

running (01.8s), 01665/07492 VUs, 11599 complete and 0 interrupted iterations
default   [  12% ] 01666/07492 VUs  01.8s/15s  7492.00 iters/s

running (02.8s), 00005/07492 VUs, 20749 complete and 0 interrupted iterations
default   [  18% ] 00005/07492 VUs  02.8s/15s  7492.00 iters/s

running (03.8s), 00003/07492 VUs, 28243 complete and 0 interrupted iterations
default   [  25% ] 00003/07492 VUs  03.8s/15s  7492.00 iters/s

running (04.8s), 00004/07492 VUs, 35734 complete and 0 interrupted iterations
default   [  32% ] 00004/07492 VUs  04.8s/15s  7492.00 iters/s

running (05.8s), 00005/07492 VUs, 43226 complete and 0 interrupted iterations
default   [  38% ] 00005/07492 VUs  05.8s/15s  7492.00 iters/s

running (06.8s), 00004/07492 VUs, 50718 complete and 0 interrupted iterations
default   [  45% ] 00004/07492 VUs  06.8s/15s  7492.00 iters/s

running (07.8s), 00005/07492 VUs, 58210 complete and 0 interrupted iterations
default   [  52% ] 00005/07492 VUs  07.8s/15s  7492.00 iters/s

running (08.8s), 00005/07492 VUs, 65702 complete and 0 interrupted iterations
default   [  58% ] 00005/07492 VUs  08.8s/15s  7492.00 iters/s

running (09.8s), 00003/07492 VUs, 73195 complete and 0 interrupted iterations
default   [  65% ] 00004/07492 VUs  09.8s/15s  7492.00 iters/s

running (10.8s), 00005/07492 VUs, 80687 complete and 0 interrupted iterations
default   [  72% ] 00005/07492 VUs  10.8s/15s  7492.00 iters/s

running (11.8s), 00004/07492 VUs, 88178 complete and 0 interrupted iterations
default   [  78% ] 00004/07492 VUs  11.8s/15s  7492.00 iters/s

running (12.8s), 00004/07492 VUs, 95670 complete and 0 interrupted iterations
default   [  85% ] 00004/07492 VUs  12.8s/15s  7492.00 iters/s

running (13.8s), 00004/07492 VUs, 103162 complete and 0 interrupted iterations
default   [  92% ] 00004/07492 VUs  13.8s/15s  7492.00 iters/s

running (14.8s), 00005/07492 VUs, 110654 complete and 0 interrupted iterations
default   [  98% ] 00005/07492 VUs  14.8s/15s  7492.00 iters/s


  █ TOTAL RESULTS 

    HTTP
    http_req_duration..............: avg=34.8ms  min=332.92µs med=519.75µs max=675.56ms p(90)=158.84ms p(95)=281.23ms
      { expected_response:true }...: avg=34.8ms  min=332.92µs med=519.75µs max=675.56ms p(90)=158.84ms p(95)=281.23ms
    http_req_failed................: 0.00%  0 out of 112380
    http_reqs......................: 112380 7486.968533/s

    EXECUTION
    iteration_duration.............: avg=37.94ms min=380.04µs med=577.23µs max=682.66ms p(90)=192.51ms p(95)=292.66ms
    iterations.....................: 112380 7486.968533/s
    vus............................: 6      min=3           max=3399
    vus_max........................: 7492   min=7492        max=7492

    NETWORK
    data_received..................: 23 MB  1.5 MB/s
    data_sent......................: 11 MB  749 kB/s




running (15.0s), 00000/07492 VUs, 112377 complete and 4 interrupted iterations
default ✓ [ 100% ] 00004/07492 VUs  15s  7492.00 iters/s
