
         /\      Grafana   /‾‾/  
    /\  /  \     |\  __   /  /   
   /  \/    \    | |/ /  /   ‾‾\ 
  /          \   |   (  |  (‾)  |
 / __________ \  |_|\_\  \_____/ 

     execution: local
        script: workflow/media/k6_open_review_compose.js
        output: -

     scenarios: (100.00%) 1 scenario, 10000 max VUs, 10s max duration (incl. graceful stop):
              * default: 161.00 iterations/s for 10s (maxVUs: 161-10000)


running (01.0s), 00001/00161 VUs, 158 complete and 0 interrupted iterations
default   [  10% ] 00001/00161 VUs  01.0s/10s  161.00 iters/s

running (02.0s), 00001/00161 VUs, 319 complete and 0 interrupted iterations
default   [  20% ] 00001/00161 VUs  02.0s/10s  161.00 iters/s

running (03.0s), 00001/00161 VUs, 480 complete and 0 interrupted iterations
default   [  30% ] 00001/00161 VUs  03.0s/10s  161.00 iters/s

running (04.0s), 00001/00161 VUs, 641 complete and 0 interrupted iterations
default   [  40% ] 00001/00161 VUs  04.0s/10s  161.00 iters/s

running (05.0s), 00001/00161 VUs, 802 complete and 0 interrupted iterations
default   [  50% ] 00001/00161 VUs  05.0s/10s  161.00 iters/s

running (06.0s), 00001/00161 VUs, 963 complete and 0 interrupted iterations
default   [  60% ] 00001/00161 VUs  06.0s/10s  161.00 iters/s

running (07.0s), 00001/00161 VUs, 1124 complete and 0 interrupted iterations
default   [  70% ] 00001/00161 VUs  07.0s/10s  161.00 iters/s

running (08.0s), 00001/00161 VUs, 1285 complete and 0 interrupted iterations
default   [  80% ] 00001/00161 VUs  08.0s/10s  161.00 iters/s

running (09.0s), 00001/00161 VUs, 1446 complete and 0 interrupted iterations
default   [  90% ] 00001/00161 VUs  09.0s/10s  161.00 iters/s

running (10.0s), 00001/00161 VUs, 1607 complete and 0 interrupted iterations
default   [ 100% ] 00001/00161 VUs  10.0s/10s  161.00 iters/s


  █ TOTAL RESULTS 

    HTTP
    http_req_duration..............: avg=5.41ms min=3.64ms   med=5.3ms  max=13.57ms p(90)=5.87ms p(95)=6.41ms
      { expected_response:true }...: avg=5.41ms min=3.64ms   med=5.3ms  max=13.57ms p(90)=5.87ms p(95)=6.41ms
    http_req_failed................: 0.00%  0 out of 1610
    http_reqs......................: 1610   160.979551/s

    EXECUTION
    iteration_duration.............: avg=5.56ms min=173.71µs med=5.45ms max=13.68ms p(90)=6.06ms p(95)=6.55ms
    iterations.....................: 1611   161.079538/s
    vus............................: 1      min=1         max=1  
    vus_max........................: 161    min=161       max=161

    NETWORK
    data_received..................: 369 kB 37 kB/s
    data_sent......................: 896 kB 90 kB/s




running (10.0s), 00000/00161 VUs, 1610 complete and 1 interrupted iterations
default ✓ [ 100% ] 00001/00161 VUs  10s  161.00 iters/s
