
         /\      Grafana   /‾‾/  
    /\  /  \     |\  __   /  /   
   /  \/    \    | |/ /  /   ‾‾\ 
  /          \   |   (  |  (‾)  |
 / __________ \  |_|\_\  \_____/ 

     execution: local
        script: workflow/spin/k6_open_client.js
        output: -

     scenarios: (100.00%) 1 scenario, 10000 max VUs, 15s max duration (incl. graceful stop):
              * default: 3234.00 iterations/s for 15s (maxVUs: 3234-10000)


running (00.9s), 00369/03234 VUs, 2511 complete and 0 interrupted iterations
default   [   6% ] 00369/03234 VUs  00.9s/15s  3234.00 iters/s

running (01.9s), 00485/03234 VUs, 5632 complete and 0 interrupted iterations
default   [  13% ] 00485/03234 VUs  01.9s/15s  3234.00 iters/s

running (02.9s), 00644/03234 VUs, 8704 complete and 0 interrupted iterations
default   [  19% ] 00644/03234 VUs  02.9s/15s  3234.00 iters/s

running (03.9s), 00678/03234 VUs, 11904 complete and 0 interrupted iterations
default   [  26% ] 00678/03234 VUs  03.9s/15s  3234.00 iters/s

running (04.9s), 00711/03234 VUs, 15104 complete and 0 interrupted iterations
default   [  33% ] 00712/03234 VUs  04.9s/15s  3234.00 iters/s

running (05.9s), 00744/03234 VUs, 18304 complete and 0 interrupted iterations
default   [  39% ] 00744/03234 VUs  05.9s/15s  3234.00 iters/s

running (06.9s), 00797/03234 VUs, 21488 complete and 0 interrupted iterations
default   [  46% ] 00797/03234 VUs  06.9s/15s  3234.00 iters/s

running (07.9s), 00836/03234 VUs, 24683 complete and 0 interrupted iterations
default   [  53% ] 00836/03234 VUs  07.9s/15s  3234.00 iters/s

running (08.9s), 00869/03234 VUs, 27883 complete and 0 interrupted iterations
default   [  59% ] 00869/03234 VUs  08.9s/15s  3234.00 iters/s

running (09.9s), 00900/03234 VUs, 31086 complete and 0 interrupted iterations
default   [  66% ] 00900/03234 VUs  09.9s/15s  3234.00 iters/s

running (10.9s), 00903/03234 VUs, 34318 complete and 0 interrupted iterations
default   [  73% ] 00903/03234 VUs  10.9s/15s  3234.00 iters/s

running (11.9s), 00948/03234 VUs, 37506 complete and 0 interrupted iterations
default   [  79% ] 00948/03234 VUs  11.9s/15s  3234.00 iters/s

running (12.9s), 00995/03234 VUs, 40693 complete and 0 interrupted iterations
default   [  86% ] 00995/03234 VUs  12.9s/15s  3234.00 iters/s

running (13.9s), 00946/03234 VUs, 43977 complete and 0 interrupted iterations
default   [  93% ] 00946/03234 VUs  13.9s/15s  3234.00 iters/s

running (14.9s), 00918/03234 VUs, 47238 complete and 0 interrupted iterations
default   [  99% ] 00918/03234 VUs  14.9s/15s  3234.00 iters/s


  █ TOTAL RESULTS 

    HTTP
    http_req_duration..............: avg=236.68ms min=67.33ms med=256.35ms max=326.83ms p(90)=294.17ms p(95)=302.8ms 
      { expected_response:true }...: avg=236.68ms min=67.33ms med=256.35ms max=326.83ms p(90)=294.17ms p(95)=302.8ms 
    http_req_failed................: 0.00%  0 out of 47570
    http_reqs......................: 47570  3169.244337/s

    EXECUTION
    iteration_duration.............: avg=236.77ms min=67.59ms med=256.41ms max=326.89ms p(90)=294.25ms p(95)=302.88ms
    iterations.....................: 47570  3169.244337/s
    vus............................: 917    min=369        max=995 
    vus_max........................: 3234   min=3234       max=3234

    NETWORK
    data_received..................: 9.7 MB 643 kB/s
    data_sent......................: 9.3 MB 620 kB/s




running (15.0s), 00000/03234 VUs, 47561 complete and 952 interrupted iterations
default ✓ [ 100% ] 00952/03234 VUs  15s  3234.00 iters/s
