
         /\      Grafana   /‾‾/  
    /\  /  \     |\  __   /  /   
   /  \/    \    | |/ /  /   ‾‾\ 
  /          \   |   (  |  (‾)  |
 / __________ \  |_|\_\  \_____/ 

     execution: local
        script: workflow/spin/k6_open_client.js
        output: -

     scenarios: (100.00%) 1 scenario, 10000 max VUs, 15s max duration (incl. graceful stop):
              * default: 2466.00 iterations/s for 15s (maxVUs: 2466-10000)


running (00.9s), 00144/02466 VUs, 2116 complete and 0 interrupted iterations
default   [   6% ] 00144/02466 VUs  00.9s/15s  2466.00 iters/s

running (01.9s), 00158/02466 VUs, 4566 complete and 0 interrupted iterations
default   [  13% ] 00158/02466 VUs  01.9s/15s  2466.00 iters/s

running (02.9s), 00133/02466 VUs, 7057 complete and 0 interrupted iterations
default   [  19% ] 00133/02466 VUs  02.9s/15s  2466.00 iters/s

running (03.9s), 00122/02466 VUs, 9532 complete and 0 interrupted iterations
default   [  26% ] 00122/02466 VUs  03.9s/15s  2466.00 iters/s

running (04.9s), 00132/02466 VUs, 11990 complete and 0 interrupted iterations
default   [  33% ] 00132/02466 VUs  04.9s/15s  2466.00 iters/s

running (05.9s), 00146/02466 VUs, 14444 complete and 0 interrupted iterations
default   [  39% ] 00146/02466 VUs  05.9s/15s  2466.00 iters/s

running (06.9s), 00115/02466 VUs, 16938 complete and 0 interrupted iterations
default   [  46% ] 00115/02466 VUs  06.9s/15s  2466.00 iters/s

running (07.9s), 00116/02466 VUs, 19404 complete and 0 interrupted iterations
default   [  53% ] 00116/02466 VUs  07.9s/15s  2466.00 iters/s

running (08.9s), 00137/02466 VUs, 21847 complete and 0 interrupted iterations
default   [  59% ] 00137/02466 VUs  08.9s/15s  2466.00 iters/s

running (09.9s), 00132/02466 VUs, 24318 complete and 0 interrupted iterations
default   [  66% ] 00132/02466 VUs  09.9s/15s  2466.00 iters/s

running (10.9s), 00109/02466 VUs, 26809 complete and 0 interrupted iterations
default   [  73% ] 00109/02466 VUs  10.9s/15s  2466.00 iters/s

running (11.9s), 00124/02466 VUs, 29259 complete and 0 interrupted iterations
default   [  79% ] 00124/02466 VUs  11.9s/15s  2466.00 iters/s

running (12.9s), 00148/02466 VUs, 31701 complete and 0 interrupted iterations
default   [  86% ] 00148/02466 VUs  12.9s/15s  2466.00 iters/s

running (13.9s), 00150/02466 VUs, 34165 complete and 0 interrupted iterations
default   [  93% ] 00150/02466 VUs  13.9s/15s  2466.00 iters/s

running (14.9s), 00157/02466 VUs, 36627 complete and 0 interrupted iterations
default   [  99% ] 00157/02466 VUs  14.9s/15s  2466.00 iters/s


  █ TOTAL RESULTS 

    HTTP
    http_req_duration..............: avg=56.45ms min=37.83ms med=56.24ms max=89.58ms p(90)=66.33ms p(95)=69.52ms
      { expected_response:true }...: avg=56.45ms min=37.83ms med=56.24ms max=89.58ms p(90)=66.33ms p(95)=69.52ms
    http_req_failed................: 0.00%  0 out of 36864
    http_reqs......................: 36864  2456.970892/s

    EXECUTION
    iteration_duration.............: avg=56.54ms min=37.89ms med=56.33ms max=89.84ms p(90)=66.42ms p(95)=69.66ms
    iterations.....................: 36864  2456.970892/s
    vus............................: 155    min=107        max=158 
    vus_max........................: 2466   min=2466       max=2466

    NETWORK
    data_received..................: 7.5 MB 499 kB/s
    data_sent......................: 7.1 MB 473 kB/s




running (15.0s), 00000/02466 VUs, 36864 complete and 127 interrupted iterations
default ✓ [ 100% ] 00127/02466 VUs  15s  2466.00 iters/s
