
         /\      Grafana   /‾‾/  
    /\  /  \     |\  __   /  /   
   /  \/    \    | |/ /  /   ‾‾\ 
  /          \   |   (  |  (‾)  |
 / __________ \  |_|\_\  \_____/ 

     execution: local
        script: workflow/hotel/k6_open_recommendations_client.js
        output: -

     scenarios: (100.00%) 1 scenario, 10000 max VUs, 15s max duration (incl. graceful stop):
              * default: 2640.00 iterations/s for 15s (maxVUs: 2640-10000)


running (00.9s), 00529/02640 VUs, 1832 complete and 0 interrupted iterations
default   [   6% ] 00529/02640 VUs  00.9s/15s  2640.00 iters/s

running (01.9s), 00442/02640 VUs, 4560 complete and 0 interrupted iterations
default   [  13% ] 00442/02640 VUs  01.9s/15s  2640.00 iters/s

running (02.9s), 00432/02640 VUs, 7210 complete and 0 interrupted iterations
default   [  19% ] 00432/02640 VUs  02.9s/15s  2640.00 iters/s

running (03.9s), 00476/02640 VUs, 9806 complete and 0 interrupted iterations
default   [  26% ] 00476/02640 VUs  03.9s/15s  2640.00 iters/s

running (04.9s), 00493/02640 VUs, 12429 complete and 0 interrupted iterations
default   [  33% ] 00493/02640 VUs  04.9s/15s  2640.00 iters/s

running (05.9s), 00501/02640 VUs, 15058 complete and 0 interrupted iterations
default   [  39% ] 00501/02640 VUs  05.9s/15s  2640.00 iters/s

running (06.9s), 00496/02640 VUs, 17703 complete and 0 interrupted iterations
default   [  46% ] 00497/02640 VUs  06.9s/15s  2640.00 iters/s

running (07.9s), 00521/02640 VUs, 20321 complete and 0 interrupted iterations
default   [  53% ] 00521/02640 VUs  07.9s/15s  2640.00 iters/s

running (08.9s), 00491/02640 VUs, 22987 complete and 0 interrupted iterations
default   [  59% ] 00494/02640 VUs  08.9s/15s  2640.00 iters/s

running (09.9s), 00549/02640 VUs, 25573 complete and 0 interrupted iterations
default   [  66% ] 00549/02640 VUs  09.9s/15s  2640.00 iters/s

running (10.9s), 00701/02640 VUs, 28060 complete and 0 interrupted iterations
default   [  73% ] 00701/02640 VUs  10.9s/15s  2640.00 iters/s

running (11.9s), 00574/02640 VUs, 30827 complete and 0 interrupted iterations
default   [  79% ] 00574/02640 VUs  11.9s/15s  2640.00 iters/s

running (12.9s), 00459/02640 VUs, 33582 complete and 0 interrupted iterations
default   [  86% ] 00459/02640 VUs  12.9s/15s  2640.00 iters/s

running (13.9s), 00391/02640 VUs, 36290 complete and 0 interrupted iterations
default   [  93% ] 00391/02640 VUs  13.9s/15s  2640.00 iters/s

running (14.9s), 00418/02640 VUs, 38903 complete and 0 interrupted iterations
default   [  99% ] 00418/02640 VUs  14.9s/15s  2640.00 iters/s


  █ TOTAL RESULTS 

    HTTP
    http_req_duration..............: avg=185.9ms  min=121.05ms med=181.91ms max=329.35ms p(90)=229.53ms p(95)=257.08ms
      { expected_response:true }...: avg=185.9ms  min=121.05ms med=181.91ms max=329.35ms p(90)=229.53ms p(95)=257.08ms
    http_req_failed................: 0.00% 0 out of 39230
    http_reqs......................: 39230 2614.270562/s

    EXECUTION
    iteration_duration.............: avg=186.02ms min=121.18ms med=182.05ms max=329.46ms p(90)=229.74ms p(95)=257.2ms 
    iterations.....................: 39230 2614.270562/s
    vus............................: 417   min=390        max=700 
    vus_max........................: 2640  min=2640       max=2640

    NETWORK
    data_received..................: 23 MB 1.5 MB/s
    data_sent......................: 11 MB 752 kB/s




running (15.0s), 00000/02640 VUs, 39220 complete and 381 interrupted iterations
default ✓ [ 100% ] 00381/02640 VUs  15s  2640.00 iters/s
