
         /\      Grafana   /‾‾/  
    /\  /  \     |\  __   /  /   
   /  \/    \    | |/ /  /   ‾‾\ 
  /          \   |   (  |  (‾)  |
 / __________ \  |_|\_\  \_____/ 

     execution: local
        script: workflow/spin/k6_open_client.js
        output: -

     scenarios: (100.00%) 1 scenario, 10000 max VUs, 15s max duration (incl. graceful stop):
              * default: 1424.00 iterations/s for 15s (maxVUs: 1424-10000)


running (00.9s), 00120/01424 VUs, 1230 complete and 0 interrupted iterations
default   [   6% ] 00120/01424 VUs  00.9s/15s  1424.00 iters/s

running (01.9s), 00177/01424 VUs, 2597 complete and 0 interrupted iterations
default   [  13% ] 00177/01424 VUs  01.9s/15s  1424.00 iters/s

running (02.9s), 00167/01424 VUs, 4032 complete and 0 interrupted iterations
default   [  20% ] 00167/01424 VUs  02.9s/15s  1424.00 iters/s

running (03.9s), 00154/01424 VUs, 5467 complete and 0 interrupted iterations
default   [  26% ] 00154/01424 VUs  03.9s/15s  1424.00 iters/s

running (04.9s), 00180/01424 VUs, 6866 complete and 0 interrupted iterations
default   [  33% ] 00180/01424 VUs  04.9s/15s  1424.00 iters/s

running (05.9s), 00168/01424 VUs, 8303 complete and 0 interrupted iterations
default   [  40% ] 00168/01424 VUs  05.9s/15s  1424.00 iters/s

running (06.9s), 00147/01424 VUs, 9746 complete and 0 interrupted iterations
default   [  46% ] 00147/01424 VUs  06.9s/15s  1424.00 iters/s

running (07.9s), 00127/01424 VUs, 11192 complete and 0 interrupted iterations
default   [  53% ] 00127/01424 VUs  07.9s/15s  1424.00 iters/s

running (08.9s), 00106/01424 VUs, 12635 complete and 0 interrupted iterations
default   [  60% ] 00107/01424 VUs  08.9s/15s  1424.00 iters/s

running (09.9s), 00121/01424 VUs, 14045 complete and 0 interrupted iterations
default   [  66% ] 00121/01424 VUs  09.9s/15s  1424.00 iters/s

running (10.9s), 00143/01424 VUs, 15446 complete and 0 interrupted iterations
default   [  73% ] 00143/01424 VUs  10.9s/15s  1424.00 iters/s

running (11.9s), 00137/01424 VUs, 16876 complete and 0 interrupted iterations
default   [  80% ] 00137/01424 VUs  11.9s/15s  1424.00 iters/s

running (12.9s), 00126/01424 VUs, 18312 complete and 0 interrupted iterations
default   [  86% ] 00126/01424 VUs  12.9s/15s  1424.00 iters/s

running (13.9s), 00161/01424 VUs, 19702 complete and 0 interrupted iterations
default   [  93% ] 00161/01424 VUs  13.9s/15s  1424.00 iters/s

running (14.9s), 00136/01424 VUs, 21150 complete and 0 interrupted iterations
default   [ 100% ] 00136/01424 VUs  14.9s/15s  1424.00 iters/s


  █ TOTAL RESULTS 

    HTTP
    http_req_duration..............: avg=102.17ms min=59.44ms med=102.88ms max=134.84ms p(90)=120.4ms  p(95)=124.39ms
      { expected_response:true }...: avg=102.17ms min=59.44ms med=102.88ms max=134.84ms p(90)=120.4ms  p(95)=124.39ms
    http_req_failed................: 0.00%  0 out of 21232
    http_reqs......................: 21232  1415.23056/s

    EXECUTION
    iteration_duration.............: avg=102.26ms min=59.67ms med=102.96ms max=134.91ms p(90)=120.48ms p(95)=124.46ms
    iterations.....................: 21230  1415.097249/s
    vus............................: 136    min=106        max=179 
    vus_max........................: 1424   min=1424       max=1424

    NETWORK
    data_received..................: 4.3 MB 287 kB/s
    data_sent......................: 4.1 MB 273 kB/s




running (15.0s), 00000/01424 VUs, 21226 complete and 135 interrupted iterations
default ✓ [ 100% ] 00135/01424 VUs  15s  1424.00 iters/s
