
         /\      Grafana   /‾‾/  
    /\  /  \     |\  __   /  /   
   /  \/    \    | |/ /  /   ‾‾\ 
  /          \   |   (  |  (‾)  |
 / __________ \  |_|\_\  \_____/ 

     execution: local
        script: workflow/spin/k6_open_client.js
        output: -

     scenarios: (100.00%) 1 scenario, 10000 max VUs, 15s max duration (incl. graceful stop):
              * default: 2760.00 iterations/s for 15s (maxVUs: 2760-10000)


running (00.9s), 00008/02760 VUs, 2496 complete and 0 interrupted iterations
default   [   6% ] 00008/02760 VUs  00.9s/15s  2760.00 iters/s

running (01.9s), 00008/02760 VUs, 5256 complete and 0 interrupted iterations
default   [  13% ] 00008/02760 VUs  01.9s/15s  2760.00 iters/s

running (02.9s), 00008/02760 VUs, 8016 complete and 0 interrupted iterations
default   [  19% ] 00008/02760 VUs  02.9s/15s  2760.00 iters/s

running (03.9s), 00010/02760 VUs, 10772 complete and 0 interrupted iterations
default   [  26% ] 00011/02760 VUs  03.9s/15s  2760.00 iters/s

running (04.9s), 00008/02760 VUs, 13536 complete and 0 interrupted iterations
default   [  33% ] 00008/02760 VUs  04.9s/15s  2760.00 iters/s

running (05.9s), 00009/02760 VUs, 16296 complete and 0 interrupted iterations
default   [  39% ] 00009/02760 VUs  05.9s/15s  2760.00 iters/s

running (06.9s), 00008/02760 VUs, 19056 complete and 0 interrupted iterations
default   [  46% ] 00008/02760 VUs  06.9s/15s  2760.00 iters/s

running (07.9s), 00009/02760 VUs, 21815 complete and 0 interrupted iterations
default   [  53% ] 00009/02760 VUs  07.9s/15s  2760.00 iters/s

running (08.9s), 00009/02760 VUs, 24577 complete and 0 interrupted iterations
default   [  59% ] 00009/02760 VUs  08.9s/15s  2760.00 iters/s

running (09.9s), 00007/02760 VUs, 27337 complete and 0 interrupted iterations
default   [  66% ] 00007/02760 VUs  09.9s/15s  2760.00 iters/s

running (10.9s), 00008/02760 VUs, 30097 complete and 0 interrupted iterations
default   [  73% ] 00008/02760 VUs  10.9s/15s  2760.00 iters/s

running (11.9s), 00008/02760 VUs, 32855 complete and 0 interrupted iterations
default   [  79% ] 00008/02760 VUs  11.9s/15s  2760.00 iters/s

running (12.9s), 00008/02760 VUs, 35617 complete and 0 interrupted iterations
default   [  86% ] 00008/02760 VUs  12.9s/15s  2760.00 iters/s

running (13.9s), 00009/02760 VUs, 38376 complete and 0 interrupted iterations
default   [  93% ] 00009/02760 VUs  13.9s/15s  2760.00 iters/s

running (14.9s), 00008/02760 VUs, 41137 complete and 0 interrupted iterations
default   [  99% ] 00008/02760 VUs  14.9s/15s  2760.00 iters/s


  █ TOTAL RESULTS 

    HTTP
    http_req_duration..............: avg=2.89ms min=2.39ms med=2.66ms max=30.02ms p(90)=3.11ms p(95)=3.53ms
      { expected_response:true }...: avg=2.89ms min=2.39ms med=2.66ms max=30.02ms p(90)=3.11ms p(95)=3.53ms
    http_req_failed................: 0.00%  0 out of 41397
    http_reqs......................: 41397  2759.058478/s

    EXECUTION
    iteration_duration.............: avg=2.98ms min=2.45ms med=2.75ms max=30.13ms p(90)=3.21ms p(95)=3.63ms
    iterations.....................: 41397  2759.058478/s
    vus............................: 8      min=7          max=11  
    vus_max........................: 2760   min=2760       max=2760

    NETWORK
    data_received..................: 8.4 MB 560 kB/s
    data_sent......................: 7.9 MB 530 kB/s




running (15.0s), 00000/02760 VUs, 41392 complete and 10 interrupted iterations
default ✓ [ 100% ] 00010/02760 VUs  15s  2760.00 iters/s
