
         /\      Grafana   /‾‾/  
    /\  /  \     |\  __   /  /   
   /  \/    \    | |/ /  /   ‾‾\ 
  /          \   |   (  |  (‾)  |
 / __________ \  |_|\_\  \_____/ 

     execution: local
        script: workflow/response/k6_open_client.js
        output: -

     scenarios: (100.00%) 1 scenario, 100000 max VUs, 15s max duration (incl. graceful stop):
              * default: 7119.00 iterations/s for 15s (maxVUs: 7119-100000)


running (00.8s), 000950/007119 VUs, 3096 complete and 0 interrupted iterations
default   [   6% ] 000950/007119 VUs  00.8s/15s  7119.00 iters/s

running (01.8s), 004282/007119 VUs, 8329 complete and 0 interrupted iterations
default   [  12% ] 004282/007119 VUs  01.8s/15s  7119.00 iters/s

running (02.8s), 004061/007119 VUs, 15670 complete and 0 interrupted iterations
default   [  18% ] 004061/007119 VUs  02.8s/15s  7119.00 iters/s

running (03.8s), 003849/007119 VUs, 23001 complete and 0 interrupted iterations
default   [  25% ] 003848/007119 VUs  03.8s/15s  7119.00 iters/s

running (04.8s), 003875/007119 VUs, 30094 complete and 0 interrupted iterations
default   [  32% ] 003875/007119 VUs  04.8s/15s  7119.00 iters/s

running (05.8s), 003488/007119 VUs, 37600 complete and 0 interrupted iterations
default   [  38% ] 003488/007119 VUs  05.8s/15s  7119.00 iters/s

running (06.8s), 003328/007119 VUs, 44880 complete and 0 interrupted iterations
default   [  45% ] 003328/007119 VUs  06.8s/15s  7119.00 iters/s

running (07.8s), 003343/007119 VUs, 51982 complete and 0 interrupted iterations
default   [  52% ] 003343/007119 VUs  07.8s/15s  7119.00 iters/s

running (08.8s), 003206/007119 VUs, 59239 complete and 0 interrupted iterations
default   [  58% ] 003206/007119 VUs  08.8s/15s  7119.00 iters/s

running (09.8s), 003191/007119 VUs, 66373 complete and 0 interrupted iterations
default   [  65% ] 003191/007119 VUs  09.8s/15s  7119.00 iters/s

running (10.8s), 003189/007119 VUs, 73494 complete and 0 interrupted iterations
default   [  72% ] 003189/007119 VUs  10.8s/15s  7119.00 iters/s

running (11.8s), 002916/007119 VUs, 80886 complete and 0 interrupted iterations
default   [  78% ] 002916/007119 VUs  11.8s/15s  7119.00 iters/s

running (12.8s), 003004/007119 VUs, 87916 complete and 0 interrupted iterations
default   [  85% ] 003004/007119 VUs  12.8s/15s  7119.00 iters/s

running (13.8s), 002527/007119 VUs, 95513 complete and 0 interrupted iterations
default   [  92% ] 002527/007119 VUs  13.8s/15s  7119.00 iters/s

running (14.8s), 002516/007119 VUs, 102643 complete and 0 interrupted iterations
default   [  98% ] 002516/007119 VUs  14.8s/15s  7119.00 iters/s


  █ TOTAL RESULTS 

    HTTP
    http_req_duration..............: avg=441.07ms min=569.16µs med=452.26ms max=1.16s p(90)=560.62ms p(95)=578.16ms
      { expected_response:true }...: avg=441.07ms min=569.16µs med=452.26ms max=1.16s p(90)=560.62ms p(95)=578.16ms
    http_req_failed................: 0.00%  0 out of 104347
    http_reqs......................: 104347 6944.91267/s

    EXECUTION
    iteration_duration.............: avg=446.84ms min=638.05µs med=452.69ms max=1.16s p(90)=560.84ms p(95)=579.6ms 
    iterations.....................: 104347 6944.91267/s
    vus............................: 2516   min=1396        max=4282
    vus_max........................: 7119   min=7119        max=7119

    NETWORK
    data_received..................: 21 MB  1.4 MB/s
    data_sent......................: 21 MB  1.4 MB/s




running (15.0s), 000000/007119 VUs, 104337 complete and 2449 interrupted iterations
default ✓ [ 100% ] 002449/007119 VUs  15s  7119.00 iters/s
