
         /\      Grafana   /‾‾/  
    /\  /  \     |\  __   /  /   
   /  \/    \    | |/ /  /   ‾‾\ 
  /          \   |   (  |  (‾)  |
 / __________ \  |_|\_\  \_____/ 

     execution: local
        script: workflow/response/k6_open_client.js
        output: -

     scenarios: (100.00%) 1 scenario, 10000 max VUs, 15s max duration (incl. graceful stop):
              * default: 658.00 iterations/s for 15s (maxVUs: 658-10000)


running (01.0s), 00038/00658 VUs, 600 complete and 0 interrupted iterations
default   [   6% ] 00038/00658 VUs  01.0s/15s  658.00 iters/s

running (02.0s), 00059/00658 VUs, 1237 complete and 0 interrupted iterations
default   [  13% ] 00059/00658 VUs  02.0s/15s  658.00 iters/s

running (03.0s), 00082/00658 VUs, 1871 complete and 0 interrupted iterations
default   [  20% ] 00082/00658 VUs  03.0s/15s  658.00 iters/s

running (04.0s), 00072/00658 VUs, 2539 complete and 0 interrupted iterations
default   [  26% ] 00072/00658 VUs  04.0s/15s  658.00 iters/s

running (05.0s), 00098/00658 VUs, 3172 complete and 0 interrupted iterations
default   [  33% ] 00098/00658 VUs  05.0s/15s  658.00 iters/s

running (06.0s), 00099/00658 VUs, 3828 complete and 0 interrupted iterations
default   [  40% ] 00099/00658 VUs  06.0s/15s  658.00 iters/s

running (07.0s), 00123/00658 VUs, 4462 complete and 0 interrupted iterations
default   [  46% ] 00123/00658 VUs  07.0s/15s  658.00 iters/s

running (08.0s), 00125/00658 VUs, 5118 complete and 0 interrupted iterations
default   [  53% ] 00125/00658 VUs  08.0s/15s  658.00 iters/s

running (09.0s), 00127/00658 VUs, 5775 complete and 0 interrupted iterations
default   [  60% ] 00127/00658 VUs  09.0s/15s  658.00 iters/s

running (10.0s), 00148/00658 VUs, 6411 complete and 0 interrupted iterations
default   [  66% ] 00148/00658 VUs  10.0s/15s  658.00 iters/s

running (11.0s), 00145/00658 VUs, 7072 complete and 0 interrupted iterations
default   [  73% ] 00145/00658 VUs  11.0s/15s  658.00 iters/s

running (12.0s), 00149/00658 VUs, 7726 complete and 0 interrupted iterations
default   [  80% ] 00149/00658 VUs  12.0s/15s  658.00 iters/s

running (13.0s), 00151/00658 VUs, 8382 complete and 0 interrupted iterations
default   [  86% ] 00151/00658 VUs  13.0s/15s  658.00 iters/s

running (14.0s), 00153/00658 VUs, 9038 complete and 0 interrupted iterations
default   [  93% ] 00153/00658 VUs  14.0s/15s  658.00 iters/s

running (15.0s), 00177/00658 VUs, 9672 complete and 0 interrupted iterations
default   [ 100% ] 00177/00658 VUs  15.0s/15s  658.00 iters/s


  █ TOTAL RESULTS 

    HTTP
    http_req_duration..............: avg=172.8ms  min=39.32ms med=194.83ms max=269.36ms p(90)=238.44ms p(95)=246.2ms
      { expected_response:true }...: avg=172.8ms  min=39.32ms med=194.83ms max=269.36ms p(90)=238.44ms p(95)=246.2ms
    http_req_failed................: 0.00%  0 out of 9701
    http_reqs......................: 9701   646.648692/s

    EXECUTION
    iteration_duration.............: avg=172.88ms min=39.58ms med=194.92ms max=269.43ms p(90)=238.51ms p(95)=246.3ms
    iterations.....................: 9701   646.648692/s
    vus............................: 176    min=38        max=176
    vus_max........................: 658    min=658       max=658

    NETWORK
    data_received..................: 2.0 MB 130 kB/s
    data_sent......................: 1.9 MB 129 kB/s




running (15.0s), 00000/00658 VUs, 9699 complete and 172 interrupted iterations
default ✓ [ 100% ] 00172/00658 VUs  15s  658.00 iters/s
