
         /\      Grafana   /‾‾/  
    /\  /  \     |\  __   /  /   
   /  \/    \    | |/ /  /   ‾‾\ 
  /          \   |   (  |  (‾)  |
 / __________ \  |_|\_\  \_____/ 

     execution: local
        script: workflow/online_boutique/k6_open_product_page.js
        output: -

     scenarios: (100.00%) 1 scenario, 10000 max VUs, 15s max duration (incl. graceful stop):
              * default: 521.00 iterations/s for 15s (maxVUs: 521-10000)


running (01.0s), 00163/00521 VUs, 341 complete and 0 interrupted iterations
default   [   6% ] 00163/00521 VUs  01.0s/15s  521.00 iters/s

running (02.0s), 00150/00521 VUs, 875 complete and 0 interrupted iterations
default   [  13% ] 00150/00521 VUs  02.0s/15s  521.00 iters/s

running (03.0s), 00194/00521 VUs, 1352 complete and 0 interrupted iterations
default   [  20% ] 00194/00521 VUs  03.0s/15s  521.00 iters/s

running (04.0s), 00199/00521 VUs, 1868 complete and 0 interrupted iterations
default   [  26% ] 00199/00521 VUs  04.0s/15s  521.00 iters/s

running (05.0s), 00199/00521 VUs, 2389 complete and 0 interrupted iterations
default   [  33% ] 00199/00521 VUs  05.0s/15s  521.00 iters/s

running (06.0s), 00244/00521 VUs, 2865 complete and 0 interrupted iterations
default   [  40% ] 00244/00521 VUs  06.0s/15s  521.00 iters/s

running (07.0s), 00210/00521 VUs, 3420 complete and 0 interrupted iterations
default   [  46% ] 00210/00521 VUs  07.0s/15s  521.00 iters/s

running (08.0s), 00254/00521 VUs, 3897 complete and 0 interrupted iterations
default   [  53% ] 00254/00521 VUs  08.0s/15s  521.00 iters/s

running (09.0s), 00231/00521 VUs, 4441 complete and 0 interrupted iterations
default   [  60% ] 00231/00521 VUs  09.0s/15s  521.00 iters/s

running (10.0s), 00266/00521 VUs, 4928 complete and 0 interrupted iterations
default   [  66% ] 00266/00521 VUs  10.0s/15s  521.00 iters/s

running (11.0s), 00311/00521 VUs, 5403 complete and 0 interrupted iterations
default   [  73% ] 00311/00521 VUs  11.0s/15s  521.00 iters/s

running (12.0s), 00276/00521 VUs, 5959 complete and 0 interrupted iterations
default   [  80% ] 00276/00521 VUs  12.0s/15s  521.00 iters/s

running (13.0s), 00242/00521 VUs, 6514 complete and 0 interrupted iterations
default   [  86% ] 00242/00521 VUs  13.0s/15s  521.00 iters/s

running (14.0s), 00287/00521 VUs, 6991 complete and 0 interrupted iterations
default   [  93% ] 00287/00521 VUs  14.0s/15s  521.00 iters/s

running (15.0s), 00329/00521 VUs, 7469 complete and 0 interrupted iterations
default   [ 100% ] 00328/00521 VUs  15.0s/15s  521.00 iters/s


  █ TOTAL RESULTS 

    CUSTOM
    online_boutique_application_errors........: 0.00%  0 out of 7546
    online_boutique_recommendation_winner_1...: 3730   248.61658/s
    online_boutique_recommendation_winner_2...: 1699   113.243853/s
    online_boutique_recommendation_winner_3...: 2117   141.104906/s

    HTTP
    http_req_duration.........................: avg=450.91ms min=183.72ms med=468.91ms max=635.27ms p(90)=561.82ms p(95)=580.88ms
      { expected_response:true }..............: avg=450.91ms min=183.72ms med=468.91ms max=635.27ms p(90)=561.82ms p(95)=580.88ms
    http_req_failed...........................: 0.00%  0 out of 7546
    http_reqs.................................: 7546   502.965339/s

    EXECUTION
    iteration_duration........................: avg=451.15ms min=184.02ms med=469.06ms max=635.44ms p(90)=561.98ms p(95)=581.05ms
    iterations................................: 7546   502.965339/s
    vus.......................................: 327    min=151       max=327
    vus_max...................................: 521    min=521       max=521

    NETWORK
    data_received.............................: 14 MB  905 kB/s
    data_sent.................................: 2.2 MB 145 kB/s




running (15.0s), 00000/00521 VUs, 7546 complete and 269 interrupted iterations
default ✓ [ 100% ] 00269/00521 VUs  15s  521.00 iters/s
