
         /\      Grafana   /‾‾/  
    /\  /  \     |\  __   /  /   
   /  \/    \    | |/ /  /   ‾‾\ 
  /          \   |   (  |  (‾)  |
 / __________ \  |_|\_\  \_____/ 

     execution: local
        script: workflow/spin/k6_open_client.js
        output: -

     scenarios: (100.00%) 1 scenario, 10000 max VUs, 15s max duration (incl. graceful stop):
              * default: 4055.00 iterations/s for 15s (maxVUs: 4055-10000)


running (00.9s), 00025/04055 VUs, 3473 complete and 0 interrupted iterations
default   [   6% ] 00025/04055 VUs  00.9s/15s  4055.00 iters/s

running (01.9s), 00018/04055 VUs, 7535 complete and 0 interrupted iterations
default   [  12% ] 00018/04055 VUs  01.9s/15s  4055.00 iters/s

running (02.9s), 00018/04055 VUs, 11591 complete and 0 interrupted iterations
default   [  19% ] 00018/04055 VUs  02.9s/15s  4055.00 iters/s

running (03.9s), 00036/04055 VUs, 15630 complete and 0 interrupted iterations
default   [  26% ] 00036/04055 VUs  03.9s/15s  4055.00 iters/s

running (04.9s), 00022/04055 VUs, 19696 complete and 0 interrupted iterations
default   [  32% ] 00022/04055 VUs  04.9s/15s  4055.00 iters/s

running (05.9s), 00018/04055 VUs, 23756 complete and 0 interrupted iterations
default   [  39% ] 00017/04055 VUs  05.9s/15s  4055.00 iters/s

running (06.9s), 00019/04055 VUs, 27810 complete and 0 interrupted iterations
default   [  46% ] 00019/04055 VUs  06.9s/15s  4055.00 iters/s

running (07.9s), 00022/04055 VUs, 31862 complete and 0 interrupted iterations
default   [  52% ] 00022/04055 VUs  07.9s/15s  4055.00 iters/s

running (08.9s), 00023/04055 VUs, 35915 complete and 0 interrupted iterations
default   [  59% ] 00023/04055 VUs  08.9s/15s  4055.00 iters/s

running (09.9s), 00018/04055 VUs, 39975 complete and 0 interrupted iterations
default   [  66% ] 00018/04055 VUs  09.9s/15s  4055.00 iters/s

running (10.9s), 00018/04055 VUs, 44031 complete and 0 interrupted iterations
default   [  72% ] 00018/04055 VUs  10.9s/15s  4055.00 iters/s

running (11.9s), 00032/04055 VUs, 48071 complete and 0 interrupted iterations
default   [  79% ] 00032/04055 VUs  11.9s/15s  4055.00 iters/s

running (12.9s), 00024/04055 VUs, 52138 complete and 0 interrupted iterations
default   [  86% ] 00024/04055 VUs  12.9s/15s  4055.00 iters/s

running (13.9s), 00025/04055 VUs, 56188 complete and 0 interrupted iterations
default   [  92% ] 00025/04055 VUs  13.9s/15s  4055.00 iters/s

running (14.9s), 00020/04055 VUs, 60248 complete and 0 interrupted iterations
default   [  99% ] 00020/04055 VUs  14.9s/15s  4055.00 iters/s


  █ TOTAL RESULTS 

    HTTP
    http_req_duration..............: avg=5.83ms min=3.56ms med=4.66ms max=62.87ms p(90)=6.84ms p(95)=8.81ms
      { expected_response:true }...: avg=5.83ms min=3.56ms med=4.66ms max=62.87ms p(90)=6.84ms p(95)=8.81ms
    http_req_failed................: 0.00% 0 out of 60798
    http_reqs......................: 60798 4051.626671/s

    EXECUTION
    iteration_duration.............: avg=5.93ms min=3.63ms med=4.75ms max=63.67ms p(90)=6.93ms p(95)=8.94ms
    iterations.....................: 60798 4051.626671/s
    vus............................: 20    min=15         max=36  
    vus_max........................: 4055  min=4055       max=4055

    NETWORK
    data_received..................: 12 MB 823 kB/s
    data_sent......................: 12 MB 778 kB/s




running (15.0s), 00000/04055 VUs, 60793 complete and 33 interrupted iterations
default ✓ [ 100% ] 00033/04055 VUs  15s  4055.00 iters/s
