
         /\      Grafana   /‾‾/  
    /\  /  \     |\  __   /  /   
   /  \/    \    | |/ /  /   ‾‾\ 
  /          \   |   (  |  (‾)  |
 / __________ \  |_|\_\  \_____/ 

     execution: local
        script: workflow/social/k6_open_client.js
        output: -

     scenarios: (100.00%) 1 scenario, 10000 max VUs, 15s max duration (incl. graceful stop):
              * default: 2351.00 iterations/s for 15s (maxVUs: 2351-10000)


running (00.9s), 00253/02351 VUs, 1909 complete and 0 interrupted iterations
default   [   6% ] 00253/02351 VUs  00.9s/15s  2351.00 iters/s

running (01.9s), 00459/02351 VUs, 4054 complete and 0 interrupted iterations
default   [  13% ] 00459/02351 VUs  01.9s/15s  2351.00 iters/s

running (02.9s), 00614/02351 VUs, 6250 complete and 0 interrupted iterations
default   [  19% ] 00614/02351 VUs  02.9s/15s  2351.00 iters/s

running (03.9s), 00686/02351 VUs, 8530 complete and 0 interrupted iterations
default   [  26% ] 00686/02351 VUs  03.9s/15s  2351.00 iters/s

running (04.9s), 00878/02351 VUs, 10690 complete and 0 interrupted iterations
default   [  33% ] 00878/02351 VUs  04.9s/15s  2351.00 iters/s

running (05.9s), 01104/02351 VUs, 12812 complete and 0 interrupted iterations
default   [  39% ] 01104/02351 VUs  05.9s/15s  2351.00 iters/s

running (06.9s), 01316/02351 VUs, 14952 complete and 0 interrupted iterations
default   [  46% ] 01316/02351 VUs  06.9s/15s  2351.00 iters/s

running (07.9s), 01392/02351 VUs, 17227 complete and 0 interrupted iterations
default   [  53% ] 01392/02351 VUs  07.9s/15s  2351.00 iters/s

running (08.9s), 01510/02351 VUs, 19460 complete and 0 interrupted iterations
default   [  59% ] 01510/02351 VUs  08.9s/15s  2351.00 iters/s

running (09.9s), 01616/02351 VUs, 21705 complete and 0 interrupted iterations
default   [  66% ] 01616/02351 VUs  09.9s/15s  2351.00 iters/s

running (10.9s), 01743/02351 VUs, 23927 complete and 0 interrupted iterations
default   [  73% ] 01744/02351 VUs  10.9s/15s  2351.00 iters/s

running (11.9s), 01799/02351 VUs, 26224 complete and 0 interrupted iterations
default   [  79% ] 01799/02351 VUs  11.9s/15s  2351.00 iters/s

running (12.9s), 01912/02351 VUs, 28462 complete and 0 interrupted iterations
default   [  86% ] 01912/02351 VUs  12.9s/15s  2351.00 iters/s

running (13.9s), 02108/02351 VUs, 30618 complete and 0 interrupted iterations
default   [  93% ] 02108/02351 VUs  13.9s/15s  2351.00 iters/s

running (14.9s), 02109/02351 VUs, 32969 complete and 0 interrupted iterations
default   [  99% ] 02109/02351 VUs  14.9s/15s  2351.00 iters/s


  █ TOTAL RESULTS 

    HTTP
    http_req_duration..............: avg=534.8ms  min=36.67ms med=577.19ms max=937.2ms p(90)=859.2ms  p(95)=905.53ms
      { expected_response:true }...: avg=534.8ms  min=36.67ms med=577.19ms max=937.2ms p(90)=859.2ms  p(95)=905.53ms
    http_req_failed................: 0.00%  0 out of 33113
    http_reqs......................: 33113  2205.381212/s

    EXECUTION
    iteration_duration.............: avg=535.06ms min=36.94ms med=577.29ms max=937.3ms p(90)=859.29ms p(95)=905.64ms
    iterations.....................: 33113  2205.381212/s
    vus............................: 2106   min=253        max=2106
    vus_max........................: 2351   min=2351       max=2351

    NETWORK
    data_received..................: 7.5 MB 498 kB/s
    data_sent......................: 12 MB  772 kB/s




running (15.0s), 00000/02351 VUs, 33113 complete and 2151 interrupted iterations
default ✓ [ 100% ] 02151/02351 VUs  15s  2351.00 iters/s
