
         /\      Grafana   /‾‾/  
    /\  /  \     |\  __   /  /   
   /  \/    \    | |/ /  /   ‾‾\ 
  /          \   |   (  |  (‾)  |
 / __________ \  |_|\_\  \_____/ 

     execution: local
        script: workflow/hotel/k6_open_hotels_client.js
        output: -

     scenarios: (100.00%) 1 scenario, 10000 max VUs, 10s max duration (incl. graceful stop):
              * default: 786.00 iterations/s for 10s (maxVUs: 786-10000)


running (01.0s), 00004/00786 VUs, 753 complete and 0 interrupted iterations
default   [  10% ] 00004/00786 VUs  01.0s/10s  786.00 iters/s

running (02.0s), 00003/00786 VUs, 1540 complete and 0 interrupted iterations
default   [  20% ] 00003/00786 VUs  02.0s/10s  786.00 iters/s

running (03.0s), 00003/00786 VUs, 2325 complete and 0 interrupted iterations
default   [  30% ] 00003/00786 VUs  03.0s/10s  786.00 iters/s

running (04.0s), 00003/00786 VUs, 3112 complete and 0 interrupted iterations
default   [  40% ] 00003/00786 VUs  04.0s/10s  786.00 iters/s

running (05.0s), 00006/00786 VUs, 3895 complete and 0 interrupted iterations
default   [  50% ] 00006/00786 VUs  05.0s/10s  786.00 iters/s

running (06.0s), 00010/00786 VUs, 4677 complete and 0 interrupted iterations
default   [  60% ] 00010/00786 VUs  06.0s/10s  786.00 iters/s

running (07.0s), 00002/00786 VUs, 5471 complete and 0 interrupted iterations
default   [  70% ] 00002/00786 VUs  07.0s/10s  786.00 iters/s

running (08.0s), 00004/00786 VUs, 6255 complete and 0 interrupted iterations
default   [  80% ] 00004/00786 VUs  08.0s/10s  786.00 iters/s

running (09.0s), 00002/00786 VUs, 7043 complete and 0 interrupted iterations
default   [  90% ] 00002/00786 VUs  09.0s/10s  786.00 iters/s

running (10.0s), 00002/00786 VUs, 7829 complete and 0 interrupted iterations
default   [ 100% ] 00002/00786 VUs  10.0s/10s  786.00 iters/s


  █ TOTAL RESULTS 

    HTTP
    http_req_duration..............: avg=3.94ms min=1.96ms med=2.53ms max=19.77ms p(90)=7.37ms p(95)=9.37ms
      { expected_response:true }...: avg=3.94ms min=1.96ms med=2.53ms max=19.77ms p(90)=7.37ms p(95)=9.37ms
    http_req_failed................: 0.00%  0 out of 7859
    http_reqs......................: 7859   785.776582/s

    EXECUTION
    iteration_duration.............: avg=4.07ms min=2.06ms med=2.65ms max=20.04ms p(90)=7.5ms  p(95)=9.52ms
    iterations.....................: 7859   785.776582/s
    vus............................: 3      min=2         max=10 
    vus_max........................: 786    min=786       max=786

    NETWORK
    data_received..................: 2.2 MB 224 kB/s
    data_sent......................: 2.6 MB 258 kB/s




running (10.0s), 00000/00786 VUs, 7858 complete and 3 interrupted iterations
default ✓ [ 100% ] 00003/00786 VUs  10s  786.00 iters/s
