
         /\      Grafana   /‾‾/  
    /\  /  \     |\  __   /  /   
   /  \/    \    | |/ /  /   ‾‾\ 
  /          \   |   (  |  (‾)  |
 / __________ \  |_|\_\  \_____/ 

     execution: local
        script: workflow/spin/k6_open_client.js
        output: -

     scenarios: (100.00%) 1 scenario, 10000 max VUs, 15s max duration (incl. graceful stop):
              * default: 4950.00 iterations/s for 15s (maxVUs: 4950-10000)


running (00.8s), 00881/04950 VUs, 3218 complete and 0 interrupted iterations
default   [   6% ] 00881/04950 VUs  00.8s/15s  4950.00 iters/s

running (01.8s), 00940/04950 VUs, 8111 complete and 0 interrupted iterations
default   [  12% ] 00941/04950 VUs  01.8s/15s  4950.00 iters/s

running (02.8s), 00799/04950 VUs, 13199 complete and 0 interrupted iterations
default   [  19% ] 00800/04950 VUs  02.8s/15s  4950.00 iters/s

running (03.8s), 00988/04950 VUs, 17960 complete and 0 interrupted iterations
default   [  26% ] 00988/04950 VUs  03.8s/15s  4950.00 iters/s

running (04.8s), 00952/04950 VUs, 22946 complete and 0 interrupted iterations
default   [  32% ] 00952/04950 VUs  04.8s/15s  4950.00 iters/s

running (05.8s), 00864/04950 VUs, 27984 complete and 0 interrupted iterations
default   [  39% ] 00864/04950 VUs  05.8s/15s  4950.00 iters/s

running (06.8s), 00911/04950 VUs, 32887 complete and 0 interrupted iterations
default   [  46% ] 00911/04950 VUs  06.8s/15s  4950.00 iters/s

running (07.8s), 00865/04950 VUs, 37883 complete and 0 interrupted iterations
default   [  52% ] 00865/04950 VUs  07.8s/15s  4950.00 iters/s

running (08.8s), 00812/04950 VUs, 42882 complete and 0 interrupted iterations
default   [  59% ] 00812/04950 VUs  08.8s/15s  4950.00 iters/s

running (09.8s), 00855/04950 VUs, 47793 complete and 0 interrupted iterations
default   [  66% ] 00855/04950 VUs  09.8s/15s  4950.00 iters/s

running (10.8s), 00905/04950 VUs, 52698 complete and 0 interrupted iterations
default   [  72% ] 00905/04950 VUs  10.8s/15s  4950.00 iters/s

running (11.8s), 00739/04950 VUs, 57812 complete and 0 interrupted iterations
default   [  79% ] 00739/04950 VUs  11.8s/15s  4950.00 iters/s

running (12.8s), 00689/04950 VUs, 62809 complete and 0 interrupted iterations
default   [  86% ] 00689/04950 VUs  12.8s/15s  4950.00 iters/s

running (13.8s), 00749/04950 VUs, 67696 complete and 0 interrupted iterations
default   [  92% ] 00750/04950 VUs  13.8s/15s  4950.00 iters/s

running (14.8s), 00756/04950 VUs, 72642 complete and 0 interrupted iterations
default   [  99% ] 00756/04950 VUs  14.8s/15s  4950.00 iters/s


  █ TOTAL RESULTS 

    HTTP
    http_req_duration..............: avg=171.68ms min=101.09ms med=173.56ms max=230.95ms p(90)=192.79ms p(95)=197.47ms
      { expected_response:true }...: avg=171.68ms min=101.09ms med=173.56ms max=230.95ms p(90)=192.79ms p(95)=197.47ms
    http_req_failed................: 0.00% 0 out of 73579
    http_reqs......................: 73579 4901.462423/s

    EXECUTION
    iteration_duration.............: avg=171.78ms min=101.62ms med=173.64ms max=231.2ms  p(90)=192.91ms p(95)=197.58ms
    iterations.....................: 73579 4901.462423/s
    vus............................: 756   min=690        max=987 
    vus_max........................: 4950  min=4950       max=4950

    NETWORK
    data_received..................: 15 MB 995 kB/s
    data_sent......................: 14 MB 949 kB/s




running (15.0s), 00000/04950 VUs, 73579 complete and 675 interrupted iterations
default ✓ [ 100% ] 00675/04950 VUs  15s  4950.00 iters/s
