
         /\      Grafana   /‾‾/  
    /\  /  \     |\  __   /  /   
   /  \/    \    | |/ /  /   ‾‾\ 
  /          \   |   (  |  (‾)  |
 / __________ \  |_|\_\  \_____/ 

     execution: local
        script: workflow/spin/k6_open_client.js
        output: -

     scenarios: (100.00%) 1 scenario, 10000 max VUs, 15s max duration (incl. graceful stop):
              * default: 2240.00 iterations/s for 15s (maxVUs: 2240-10000)


running (00.9s), 00334/02240 VUs, 1723 complete and 0 interrupted iterations
default   [   6% ] 00334/02240 VUs  00.9s/15s  2240.00 iters/s

running (01.9s), 00409/02240 VUs, 3888 complete and 0 interrupted iterations
default   [  13% ] 00409/02240 VUs  01.9s/15s  2240.00 iters/s

running (02.9s), 00376/02240 VUs, 6161 complete and 0 interrupted iterations
default   [  19% ] 00376/02240 VUs  02.9s/15s  2240.00 iters/s

running (03.9s), 00356/02240 VUs, 8422 complete and 0 interrupted iterations
default   [  26% ] 00356/02240 VUs  03.9s/15s  2240.00 iters/s

running (04.9s), 00452/02240 VUs, 10565 complete and 0 interrupted iterations
default   [  33% ] 00452/02240 VUs  04.9s/15s  2240.00 iters/s

running (05.9s), 00310/02240 VUs, 12948 complete and 0 interrupted iterations
default   [  39% ] 00310/02240 VUs  05.9s/15s  2240.00 iters/s

running (06.9s), 00404/02240 VUs, 15095 complete and 0 interrupted iterations
default   [  46% ] 00404/02240 VUs  06.9s/15s  2240.00 iters/s

running (07.9s), 00279/02240 VUs, 17459 complete and 0 interrupted iterations
default   [  53% ] 00279/02240 VUs  07.9s/15s  2240.00 iters/s

running (08.9s), 00371/02240 VUs, 19605 complete and 0 interrupted iterations
default   [  59% ] 00371/02240 VUs  08.9s/15s  2240.00 iters/s

running (09.9s), 00342/02240 VUs, 21875 complete and 0 interrupted iterations
default   [  66% ] 00342/02240 VUs  09.9s/15s  2240.00 iters/s

running (10.9s), 00380/02240 VUs, 24078 complete and 0 interrupted iterations
default   [  73% ] 00380/02240 VUs  10.9s/15s  2240.00 iters/s

running (11.9s), 00350/02240 VUs, 26347 complete and 0 interrupted iterations
default   [  79% ] 00350/02240 VUs  11.9s/15s  2240.00 iters/s

running (12.9s), 00333/02240 VUs, 28605 complete and 0 interrupted iterations
default   [  86% ] 00333/02240 VUs  12.9s/15s  2240.00 iters/s

running (13.9s), 00440/02240 VUs, 30737 complete and 0 interrupted iterations
default   [  93% ] 00440/02240 VUs  13.9s/15s  2240.00 iters/s

running (14.9s), 00313/02240 VUs, 33105 complete and 0 interrupted iterations
default   [  99% ] 00313/02240 VUs  14.9s/15s  2240.00 iters/s


  █ TOTAL RESULTS 

    HTTP
    http_req_duration..............: avg=165.74ms min=91.15ms med=164.98ms max=224.64ms p(90)=195.58ms p(95)=200.27ms
      { expected_response:true }...: avg=165.74ms min=91.15ms med=164.98ms max=224.64ms p(90)=195.58ms p(95)=200.27ms
    http_req_failed................: 0.00%  0 out of 33229
    http_reqs......................: 33229  2214.446034/s

    EXECUTION
    iteration_duration.............: avg=165.83ms min=91.23ms med=165.06ms max=224.74ms p(90)=195.67ms p(95)=200.37ms
    iterations.....................: 33229  2214.446034/s
    vus............................: 311    min=279        max=450 
    vus_max........................: 2240   min=2240       max=2240

    NETWORK
    data_received..................: 6.7 MB 449 kB/s
    data_sent......................: 6.4 MB 430 kB/s




running (15.0s), 00000/02240 VUs, 33223 complete and 378 interrupted iterations
default ✓ [ 100% ] 00378/02240 VUs  15s  2240.00 iters/s
