
         /\      Grafana   /‾‾/  
    /\  /  \     |\  __   /  /   
   /  \/    \    | |/ /  /   ‾‾\ 
  /          \   |   (  |  (‾)  |
 / __________ \  |_|\_\  \_____/ 

     execution: local
        script: workflow/spin/k6_open_client.js
        output: -

     scenarios: (100.00%) 1 scenario, 10000 max VUs, 15s max duration (incl. graceful stop):
              * default: 2119.00 iterations/s for 15s (maxVUs: 2119-10000)


running (00.9s), 00215/02119 VUs, 1746 complete and 0 interrupted iterations
default   [   6% ] 00215/02119 VUs  00.9s/15s  2119.00 iters/s

running (01.9s), 00281/02119 VUs, 3798 complete and 0 interrupted iterations
default   [  13% ] 00281/02119 VUs  01.9s/15s  2119.00 iters/s

running (02.9s), 00229/02119 VUs, 5970 complete and 0 interrupted iterations
default   [  20% ] 00229/02119 VUs  02.9s/15s  2119.00 iters/s

running (03.9s), 00238/02119 VUs, 8079 complete and 0 interrupted iterations
default   [  26% ] 00238/02119 VUs  03.9s/15s  2119.00 iters/s

running (04.9s), 00243/02119 VUs, 10195 complete and 0 interrupted iterations
default   [  33% ] 00243/02119 VUs  04.9s/15s  2119.00 iters/s

running (05.9s), 00183/02119 VUs, 12373 complete and 0 interrupted iterations
default   [  40% ] 00183/02119 VUs  05.9s/15s  2119.00 iters/s

running (06.9s), 00276/02119 VUs, 14398 complete and 0 interrupted iterations
default   [  46% ] 00276/02119 VUs  06.9s/15s  2119.00 iters/s

running (07.9s), 00194/02119 VUs, 16601 complete and 0 interrupted iterations
default   [  53% ] 00194/02119 VUs  07.9s/15s  2119.00 iters/s

running (08.9s), 00250/02119 VUs, 18663 complete and 0 interrupted iterations
default   [  60% ] 00250/02119 VUs  08.9s/15s  2119.00 iters/s

running (09.9s), 00174/02119 VUs, 20858 complete and 0 interrupted iterations
default   [  66% ] 00174/02119 VUs  09.9s/15s  2119.00 iters/s

running (10.9s), 00242/02119 VUs, 22910 complete and 0 interrupted iterations
default   [  73% ] 00242/02119 VUs  10.9s/15s  2119.00 iters/s

running (11.9s), 00237/02119 VUs, 25033 complete and 0 interrupted iterations
default   [  80% ] 00237/02119 VUs  11.9s/15s  2119.00 iters/s

running (12.9s), 00163/02119 VUs, 27225 complete and 0 interrupted iterations
default   [  86% ] 00163/02119 VUs  12.9s/15s  2119.00 iters/s

running (13.9s), 00259/02119 VUs, 29248 complete and 0 interrupted iterations
default   [  93% ] 00259/02119 VUs  13.9s/15s  2119.00 iters/s

running (14.9s), 00190/02119 VUs, 31437 complete and 0 interrupted iterations
default   [ 100% ] 00190/02119 VUs  14.9s/15s  2119.00 iters/s


  █ TOTAL RESULTS 

    HTTP
    http_req_duration..............: avg=112.55ms min=72.52ms med=112.32ms max=174.01ms p(90)=137.7ms p(95)=142.01ms
      { expected_response:true }...: avg=112.55ms min=72.52ms med=112.32ms max=174.01ms p(90)=137.7ms p(95)=142.01ms
    http_req_failed................: 0.00%  0 out of 31606
    http_reqs......................: 31606  2106.398705/s

    EXECUTION
    iteration_duration.............: avg=112.64ms min=72.59ms med=112.4ms  max=174.09ms p(90)=137.8ms p(95)=142.09ms
    iterations.....................: 31606  2106.398705/s
    vus............................: 188    min=163        max=281 
    vus_max........................: 2119   min=2119       max=2119

    NETWORK
    data_received..................: 6.4 MB 428 kB/s
    data_sent......................: 6.1 MB 407 kB/s




running (15.0s), 00000/02119 VUs, 31606 complete and 181 interrupted iterations
default ✓ [ 100% ] 00181/02119 VUs  15s  2119.00 iters/s
