
         /\      Grafana   /‾‾/  
    /\  /  \     |\  __   /  /   
   /  \/    \    | |/ /  /   ‾‾\ 
  /          \   |   (  |  (‾)  |
 / __________ \  |_|\_\  \_____/ 

     execution: local
        script: workflow/spin/k6_open_client.js
        output: -

     scenarios: (100.00%) 1 scenario, 10000 max VUs, 15s max duration (incl. graceful stop):
              * default: 1847.00 iterations/s for 15s (maxVUs: 1847-10000)


running (00.9s), 00873/01847 VUs, 852 complete and 0 interrupted iterations
default   [   6% ] 00873/01847 VUs  00.9s/15s  1847.00 iters/s

running (01.9s), 01010/01847 VUs, 2560 complete and 0 interrupted iterations
default   [  13% ] 01011/01847 VUs  01.9s/15s  1847.00 iters/s

running (02.9s), 01181/01847 VUs, 4238 complete and 0 interrupted iterations
default   [  20% ] 01181/01847 VUs  02.9s/15s  1847.00 iters/s

running (03.9s), 01122/01847 VUs, 6144 complete and 0 interrupted iterations
default   [  26% ] 01122/01847 VUs  03.9s/15s  1847.00 iters/s

running (04.9s), 01357/01847 VUs, 7756 complete and 0 interrupted iterations
default   [  33% ] 01357/01847 VUs  04.9s/15s  1847.00 iters/s

running (05.9s), 01232/01847 VUs, 9728 complete and 0 interrupted iterations
default   [  40% ] 01232/01847 VUs  05.9s/15s  1847.00 iters/s

running (06.9s), 01543/01847 VUs, 11264 complete and 0 interrupted iterations
default   [  46% ] 01543/01847 VUs  06.9s/15s  1847.00 iters/s

running (07.9s), 01343/01847 VUs, 13312 complete and 0 interrupted iterations
default   [  53% ] 01343/01847 VUs  07.9s/15s  1847.00 iters/s

running (08.9s), 01632/01847 VUs, 14869 complete and 0 interrupted iterations
default   [  60% ] 01632/01847 VUs  08.9s/15s  1847.00 iters/s

running (09.9s), 01452/01847 VUs, 16896 complete and 0 interrupted iterations
default   [  66% ] 01452/01847 VUs  09.9s/15s  1847.00 iters/s

running (10.9s), 01761/01847 VUs, 18432 complete and 0 interrupted iterations
default   [  73% ] 01761/01847 VUs  10.9s/15s  1847.00 iters/s

running (11.9s), 01548/01857 VUs, 20480 complete and 0 interrupted iterations
default   [  80% ] 01548/01857 VUs  11.9s/15s  1847.00 iters/s

running (12.9s), 01831/01874 VUs, 22016 complete and 0 interrupted iterations
default   [  86% ] 01831/01874 VUs  12.9s/15s  1847.00 iters/s

running (13.9s), 01576/01912 VUs, 24064 complete and 0 interrupted iterations
default   [  93% ] 01576/01912 VUs  13.9s/15s  1847.00 iters/s

running (14.9s), 01857/01929 VUs, 25600 complete and 0 interrupted iterations
default   [ 100% ] 01857/01929 VUs  14.9s/15s  1847.00 iters/s


  █ TOTAL RESULTS 

    HTTP
    http_req_duration..............: avg=758.52ms min=377.73ms med=762.71ms max=1.07s p(90)=974.37ms p(95)=1s
      { expected_response:true }...: avg=758.52ms min=377.73ms med=762.71ms max=1.07s p(90)=974.37ms p(95)=1s
    http_req_failed................: 0.00%  0 out of 25671
    http_reqs......................: 25671  1709.655385/s

    EXECUTION
    dropped_iterations.............: 129    8.591233/s
    iteration_duration.............: avg=758.62ms min=377.97ms med=762.8ms  max=1.07s p(90)=974.44ms p(95)=1s
    iterations.....................: 25671  1709.655385/s
    vus............................: 1859   min=873        max=1859
    vus_max........................: 1929   min=1847       max=1929

    NETWORK
    data_received..................: 5.2 MB 347 kB/s
    data_sent......................: 5.3 MB 352 kB/s




running (15.0s), 00000/01931 VUs, 25666 complete and 1911 interrupted iterations
default ✓ [ 100% ] 01911/01931 VUs  15s  1847.00 iters/s
