
         /\      Grafana   /‾‾/  
    /\  /  \     |\  __   /  /   
   /  \/    \    | |/ /  /   ‾‾\ 
  /          \   |   (  |  (‾)  |
 / __________ \  |_|\_\  \_____/ 

     execution: local
        script: workflow/spin/k6_open_client.js
        output: -

     scenarios: (100.00%) 1 scenario, 10000 max VUs, 15s max duration (incl. graceful stop):
              * default: 4000.00 iterations/s for 15s (maxVUs: 4000-10000)


running (00.9s), 00256/04000 VUs, 3190 complete and 0 interrupted iterations
default   [   6% ] 00256/04000 VUs  00.9s/15s  4000.00 iters/s

running (01.9s), 00231/04000 VUs, 7215 complete and 0 interrupted iterations
default   [  12% ] 00231/04000 VUs  01.9s/15s  4000.00 iters/s

running (02.9s), 00223/04000 VUs, 11226 complete and 0 interrupted iterations
default   [  19% ] 00223/04000 VUs  02.9s/15s  4000.00 iters/s

running (03.9s), 00251/04000 VUs, 15192 complete and 0 interrupted iterations
default   [  26% ] 00252/04000 VUs  03.9s/15s  4000.00 iters/s

running (04.9s), 00260/04000 VUs, 19186 complete and 0 interrupted iterations
default   [  32% ] 00260/04000 VUs  04.9s/15s  4000.00 iters/s

running (05.9s), 00228/04000 VUs, 23217 complete and 0 interrupted iterations
default   [  39% ] 00228/04000 VUs  05.9s/15s  4000.00 iters/s

running (06.9s), 00274/04000 VUs, 27172 complete and 0 interrupted iterations
default   [  46% ] 00274/04000 VUs  06.9s/15s  4000.00 iters/s

running (07.9s), 00226/04000 VUs, 31218 complete and 0 interrupted iterations
default   [  52% ] 00227/04000 VUs  07.9s/15s  4000.00 iters/s

running (08.9s), 00245/04000 VUs, 35200 complete and 0 interrupted iterations
default   [  59% ] 00244/04000 VUs  08.9s/15s  4000.00 iters/s

running (09.9s), 00277/04000 VUs, 39168 complete and 0 interrupted iterations
default   [  66% ] 00277/04000 VUs  09.9s/15s  4000.00 iters/s

running (10.9s), 00231/04000 VUs, 43213 complete and 0 interrupted iterations
default   [  72% ] 00231/04000 VUs  10.9s/15s  4000.00 iters/s

running (11.9s), 00301/04000 VUs, 47145 complete and 0 interrupted iterations
default   [  79% ] 00301/04000 VUs  11.9s/15s  4000.00 iters/s

running (12.9s), 00241/04000 VUs, 51207 complete and 0 interrupted iterations
default   [  86% ] 00241/04000 VUs  12.9s/15s  4000.00 iters/s

running (13.9s), 00250/04000 VUs, 55197 complete and 0 interrupted iterations
default   [  92% ] 00250/04000 VUs  13.9s/15s  4000.00 iters/s

running (14.9s), 00210/04000 VUs, 59235 complete and 0 interrupted iterations
default   [  99% ] 00211/04000 VUs  14.9s/15s  4000.00 iters/s


  █ TOTAL RESULTS 

    HTTP
    http_req_duration..............: avg=62.05ms min=41.21ms med=61.17ms max=114.19ms p(90)=71.47ms p(95)=75.2ms 
      { expected_response:true }...: avg=62.05ms min=41.21ms med=61.17ms max=114.19ms p(90)=71.47ms p(95)=75.2ms 
    http_req_failed................: 0.00% 0 out of 59764
    http_reqs......................: 59764 3982.450679/s

    EXECUTION
    iteration_duration.............: avg=62.15ms min=41.27ms med=61.27ms max=116.52ms p(90)=71.57ms p(95)=75.33ms
    iterations.....................: 59764 3982.450679/s
    vus............................: 210   min=210        max=299 
    vus_max........................: 4000  min=4000       max=4000

    NETWORK
    data_received..................: 12 MB 808 kB/s
    data_sent......................: 12 MB 767 kB/s




running (15.0s), 00000/04000 VUs, 59764 complete and 238 interrupted iterations
default ✓ [ 100% ] 00238/04000 VUs  15s  4000.00 iters/s
