
         /\      Grafana   /‾‾/  
    /\  /  \     |\  __   /  /   
   /  \/    \    | |/ /  /   ‾‾\ 
  /          \   |   (  |  (‾)  |
 / __________ \  |_|\_\  \_____/ 

     execution: local
        script: workflow/online_boutique/k6_open_view_cart.js
        output: -

     scenarios: (100.00%) 1 scenario, 10000 max VUs, 15s max duration (incl. graceful stop):
              * default: 108.00 iterations/s for 15s (maxVUs: 108-10000)


running (01.0s), 00004/00108 VUs, 103 complete and 0 interrupted iterations
default   [   7% ] 00004/00108 VUs  01.0s/15s  108.00 iters/s

running (02.0s), 00004/00108 VUs, 211 complete and 0 interrupted iterations
default   [  13% ] 00004/00108 VUs  02.0s/15s  108.00 iters/s

running (03.0s), 00006/00108 VUs, 317 complete and 0 interrupted iterations
default   [  20% ] 00006/00108 VUs  03.0s/15s  108.00 iters/s

running (04.0s), 00005/00108 VUs, 426 complete and 0 interrupted iterations
default   [  27% ] 00005/00108 VUs  04.0s/15s  108.00 iters/s

running (05.0s), 00008/00108 VUs, 531 complete and 0 interrupted iterations
default   [  33% ] 00008/00108 VUs  05.0s/15s  108.00 iters/s

running (06.0s), 00010/00108 VUs, 637 complete and 0 interrupted iterations
default   [  40% ] 00010/00108 VUs  06.0s/15s  108.00 iters/s

running (07.0s), 00010/00108 VUs, 745 complete and 0 interrupted iterations
default   [  47% ] 00010/00108 VUs  07.0s/15s  108.00 iters/s

running (08.0s), 00013/00108 VUs, 850 complete and 0 interrupted iterations
default   [  53% ] 00013/00108 VUs  08.0s/15s  108.00 iters/s

running (09.0s), 00012/00108 VUs, 959 complete and 0 interrupted iterations
default   [  60% ] 00012/00108 VUs  09.0s/15s  108.00 iters/s

running (10.0s), 00013/00108 VUs, 1066 complete and 0 interrupted iterations
default   [  67% ] 00013/00108 VUs  10.0s/15s  108.00 iters/s

running (11.0s), 00014/00108 VUs, 1173 complete and 0 interrupted iterations
default   [  73% ] 00014/00108 VUs  11.0s/15s  108.00 iters/s

running (12.0s), 00014/00108 VUs, 1281 complete and 0 interrupted iterations
default   [  80% ] 00014/00108 VUs  12.0s/15s  108.00 iters/s

running (13.0s), 00013/00108 VUs, 1390 complete and 0 interrupted iterations
default   [  87% ] 00013/00108 VUs  13.0s/15s  108.00 iters/s

running (14.0s), 00012/00108 VUs, 1499 complete and 0 interrupted iterations
default   [  93% ] 00012/00108 VUs  14.0s/15s  108.00 iters/s

running (15.0s), 00010/00108 VUs, 1609 complete and 0 interrupted iterations
default   [ 100% ] 00010/00108 VUs  15.0s/15s  108.00 iters/s


  █ TOTAL RESULTS 

    CUSTOM
    online_boutique_application_errors...: 0.00%  0 out of 1610

    HTTP
    http_req_duration....................: avg=90.38ms min=10.67ms med=101.26ms max=137.34ms p(90)=128.02ms p(95)=130.45ms
      { expected_response:true }.........: avg=90.38ms min=10.67ms med=101.26ms max=137.34ms p(90)=128.02ms p(95)=130.45ms
    http_req_failed......................: 0.00%  0 out of 1610
    http_reqs............................: 1610   107.325851/s

    EXECUTION
    iteration_duration...................: avg=90.66ms min=11.86ms med=101.54ms max=137.68ms p(90)=128.27ms p(95)=130.72ms
    iterations...........................: 1610   107.325851/s
    vus..................................: 10     min=4         max=14 
    vus_max..............................: 108    min=108       max=108

    NETWORK
    data_received........................: 3.1 MB 209 kB/s
    data_sent............................: 388 kB 26 kB/s




running (15.0s), 00000/00108 VUs, 1610 complete and 10 interrupted iterations
default ✓ [ 100% ] 00010/00108 VUs  15s  108.00 iters/s
