
         /\      Grafana   /‾‾/  
    /\  /  \     |\  __   /  /   
   /  \/    \    | |/ /  /   ‾‾\ 
  /          \   |   (  |  (‾)  |
 / __________ \  |_|\_\  \_____/ 

     execution: local
        script: workflow/spin/k6_open_client.js
        output: -

     scenarios: (100.00%) 1 scenario, 10000 max VUs, 15s max duration (incl. graceful stop):
              * default: 600.00 iterations/s for 15s (maxVUs: 600-10000)


running (01.0s), 00226/00600 VUs, 354 complete and 0 interrupted iterations
default   [   6% ] 00226/00600 VUs  01.0s/15s  600.00 iters/s

running (02.0s), 00019/00600 VUs, 1161 complete and 0 interrupted iterations
default   [  13% ] 00019/00600 VUs  02.0s/15s  600.00 iters/s

running (03.0s), 00025/00600 VUs, 1754 complete and 0 interrupted iterations
default   [  20% ] 00025/00600 VUs  03.0s/15s  600.00 iters/s

running (04.0s), 00035/00600 VUs, 2345 complete and 0 interrupted iterations
default   [  26% ] 00035/00600 VUs  04.0s/15s  600.00 iters/s

running (05.0s), 00011/00600 VUs, 2969 complete and 0 interrupted iterations
default   [  33% ] 00011/00600 VUs  05.0s/15s  600.00 iters/s

running (06.0s), 00013/00600 VUs, 3567 complete and 0 interrupted iterations
default   [  40% ] 00013/00600 VUs  06.0s/15s  600.00 iters/s

running (07.0s), 00011/00600 VUs, 4168 complete and 0 interrupted iterations
default   [  46% ] 00011/00600 VUs  07.0s/15s  600.00 iters/s

running (08.0s), 00015/00600 VUs, 4764 complete and 0 interrupted iterations
default   [  53% ] 00015/00600 VUs  08.0s/15s  600.00 iters/s

running (09.0s), 00020/00600 VUs, 5360 complete and 0 interrupted iterations
default   [  60% ] 00020/00600 VUs  09.0s/15s  600.00 iters/s

running (10.0s), 00027/00600 VUs, 5952 complete and 0 interrupted iterations
default   [  66% ] 00027/00600 VUs  10.0s/15s  600.00 iters/s

running (11.0s), 00033/00600 VUs, 6547 complete and 0 interrupted iterations
default   [  73% ] 00033/00600 VUs  11.0s/15s  600.00 iters/s

running (12.0s), 00036/00600 VUs, 7144 complete and 0 interrupted iterations
default   [  80% ] 00036/00600 VUs  12.0s/15s  600.00 iters/s

running (13.0s), 00038/00600 VUs, 7741 complete and 0 interrupted iterations
default   [  86% ] 00038/00600 VUs  13.0s/15s  600.00 iters/s

running (14.0s), 00012/00600 VUs, 8368 complete and 0 interrupted iterations
default   [  93% ] 00012/00600 VUs  14.0s/15s  600.00 iters/s

running (15.0s), 00013/00600 VUs, 8967 complete and 0 interrupted iterations
default   [ 100% ] 00013/00600 VUs  15.0s/15s  600.00 iters/s


  █ TOTAL RESULTS 

    HTTP
    http_req_duration..............: avg=74.62ms min=14.33ms med=42.95ms max=937.79ms p(90)=63.96ms p(95)=342.99ms
      { expected_response:true }...: avg=74.62ms min=14.33ms med=42.95ms max=937.79ms p(90)=63.96ms p(95)=342.99ms
    http_req_failed................: 0.00%  0 out of 8967
    http_reqs......................: 8967   597.739563/s

    EXECUTION
    iteration_duration.............: avg=74.71ms min=14.4ms  med=43.03ms max=938.03ms p(90)=64.05ms p(95)=343.07ms
    iterations.....................: 8967   597.739563/s
    vus............................: 13     min=11        max=226
    vus_max........................: 600    min=600       max=600

    NETWORK
    data_received..................: 1.8 MB 120 kB/s
    data_sent......................: 1.7 MB 115 kB/s




running (15.0s), 00000/00600 VUs, 8967 complete and 33 interrupted iterations
default ✓ [ 100% ] 00033/00600 VUs  15s  600.00 iters/s
