
         /\      Grafana   /‾‾/  
    /\  /  \     |\  __   /  /   
   /  \/    \    | |/ /  /   ‾‾\ 
  /          \   |   (  |  (‾)  |
 / __________ \  |_|\_\  \_____/ 

     execution: local
        script: workflow/online_boutique/k6_open_product_page.js
        output: -

     scenarios: (100.00%) 1 scenario, 10000 max VUs, 15s max duration (incl. graceful stop):
              * default: 547.00 iterations/s for 15s (maxVUs: 547-10000)


running (01.0s), 00021/00547 VUs, 506 complete and 0 interrupted iterations
default   [   6% ] 00022/00547 VUs  01.0s/15s  547.00 iters/s

running (02.0s), 00003/00547 VUs, 1071 complete and 0 interrupted iterations
default   [  13% ] 00003/00547 VUs  02.0s/15s  547.00 iters/s

running (03.0s), 00003/00547 VUs, 1618 complete and 0 interrupted iterations
default   [  20% ] 00003/00547 VUs  03.0s/15s  547.00 iters/s

running (04.0s), 00003/00547 VUs, 2165 complete and 0 interrupted iterations
default   [  26% ] 00003/00547 VUs  04.0s/15s  547.00 iters/s

running (05.0s), 00005/00547 VUs, 2710 complete and 0 interrupted iterations
default   [  33% ] 00005/00547 VUs  05.0s/15s  547.00 iters/s

running (06.0s), 00002/00547 VUs, 3260 complete and 0 interrupted iterations
default   [  40% ] 00002/00547 VUs  06.0s/15s  547.00 iters/s

running (07.0s), 00003/00547 VUs, 3806 complete and 0 interrupted iterations
default   [  46% ] 00003/00547 VUs  07.0s/15s  547.00 iters/s

running (08.0s), 00003/00547 VUs, 4353 complete and 0 interrupted iterations
default   [  53% ] 00003/00547 VUs  08.0s/15s  547.00 iters/s

running (09.0s), 00003/00547 VUs, 4900 complete and 0 interrupted iterations
default   [  60% ] 00003/00547 VUs  09.0s/15s  547.00 iters/s

running (10.0s), 00004/00547 VUs, 5447 complete and 0 interrupted iterations
default   [  66% ] 00004/00547 VUs  10.0s/15s  547.00 iters/s

running (11.0s), 00003/00547 VUs, 5994 complete and 0 interrupted iterations
default   [  73% ] 00003/00547 VUs  11.0s/15s  547.00 iters/s

running (12.0s), 00004/00547 VUs, 6541 complete and 0 interrupted iterations
default   [  80% ] 00004/00547 VUs  12.0s/15s  547.00 iters/s

running (13.0s), 00002/00547 VUs, 7089 complete and 0 interrupted iterations
default   [  86% ] 00002/00547 VUs  13.0s/15s  547.00 iters/s

running (14.0s), 00004/00547 VUs, 7635 complete and 0 interrupted iterations
default   [  93% ] 00004/00547 VUs  14.0s/15s  547.00 iters/s

running (15.0s), 00003/00547 VUs, 8182 complete and 0 interrupted iterations
default   [ 100% ] 00003/00547 VUs  15.0s/15s  547.00 iters/s


  █ TOTAL RESULTS 

    CUSTOM
    online_boutique_application_errors........: 0.00%  0 out of 8202
    online_boutique_recommendation_winner_1...: 2021   134.714547/s
    online_boutique_recommendation_winner_2...: 3006   200.372058/s
    online_boutique_recommendation_winner_3...: 3175   211.637153/s

    HTTP
    http_req_duration.........................: avg=6.4ms  min=3.44ms med=5.44ms max=36.62ms p(90)=8.18ms p(95)=13.75ms
      { expected_response:true }..............: avg=6.4ms  min=3.44ms med=5.44ms max=36.62ms p(90)=8.18ms p(95)=13.75ms
    http_req_failed...........................: 0.00%  0 out of 8202
    http_reqs.................................: 8202   546.723758/s

    EXECUTION
    iteration_duration........................: avg=6.67ms min=3.62ms med=5.6ms  max=62.09ms p(90)=8.4ms  p(95)=14.16ms
    iterations................................: 8202   546.723758/s
    vus.......................................: 3      min=2         max=22 
    vus_max...................................: 547    min=547       max=547

    NETWORK
    data_received.............................: 15 MB  976 kB/s
    data_sent.................................: 2.3 MB 152 kB/s




running (15.0s), 00000/00547 VUs, 8202 complete and 4 interrupted iterations
default ✓ [ 100% ] 00004/00547 VUs  15s  547.00 iters/s
