
         /\      Grafana   /‾‾/  
    /\  /  \     |\  __   /  /   
   /  \/    \    | |/ /  /   ‾‾\ 
  /          \   |   (  |  (‾)  |
 / __________ \  |_|\_\  \_____/ 

     execution: local
        script: workflow/write/k6_open_client.js
        output: -

     scenarios: (100.00%) 1 scenario, 10000 max VUs, 15s max duration (incl. graceful stop):
              * default: 4562.00 iterations/s for 15s (maxVUs: 4562-10000)


running (00.9s), 00184/04562 VUs, 3700 complete and 0 interrupted iterations
default   [   6% ] 00184/04562 VUs  00.9s/15s  4562.00 iters/s

running (01.9s), 00189/04562 VUs, 8254 complete and 0 interrupted iterations
default   [  12% ] 00189/04562 VUs  01.9s/15s  4562.00 iters/s

running (02.9s), 00219/04562 VUs, 12788 complete and 0 interrupted iterations
default   [  19% ] 00219/04562 VUs  02.9s/15s  4562.00 iters/s

running (03.9s), 00424/04562 VUs, 17143 complete and 0 interrupted iterations
default   [  26% ] 00424/04562 VUs  03.9s/15s  4562.00 iters/s

running (04.9s), 00190/04562 VUs, 21940 complete and 0 interrupted iterations
default   [  32% ] 00190/04562 VUs  04.9s/15s  4562.00 iters/s

running (05.9s), 00203/04562 VUs, 26488 complete and 0 interrupted iterations
default   [  39% ] 00203/04562 VUs  05.9s/15s  4562.00 iters/s

running (06.9s), 00217/04562 VUs, 31034 complete and 0 interrupted iterations
default   [  46% ] 00217/04562 VUs  06.9s/15s  4562.00 iters/s

running (07.9s), 00199/04562 VUs, 35613 complete and 0 interrupted iterations
default   [  52% ] 00199/04562 VUs  07.9s/15s  4562.00 iters/s

running (08.9s), 00179/04562 VUs, 40198 complete and 0 interrupted iterations
default   [  59% ] 00179/04562 VUs  08.9s/15s  4562.00 iters/s

running (09.9s), 00240/04562 VUs, 44701 complete and 0 interrupted iterations
default   [  66% ] 00240/04562 VUs  09.9s/15s  4562.00 iters/s

running (10.9s), 00193/04562 VUs, 49308 complete and 0 interrupted iterations
default   [  72% ] 00194/04562 VUs  10.9s/15s  4562.00 iters/s

running (11.9s), 00243/04562 VUs, 53820 complete and 0 interrupted iterations
default   [  79% ] 00243/04562 VUs  11.9s/15s  4562.00 iters/s

running (12.9s), 00228/04562 VUs, 58397 complete and 0 interrupted iterations
default   [  86% ] 00228/04562 VUs  12.9s/15s  4562.00 iters/s

running (13.9s), 00209/04562 VUs, 62981 complete and 0 interrupted iterations
default   [  92% ] 00209/04562 VUs  13.9s/15s  4562.00 iters/s

running (14.9s), 00206/04562 VUs, 67543 complete and 0 interrupted iterations
default   [  99% ] 00206/04562 VUs  14.9s/15s  4562.00 iters/s


  █ TOTAL RESULTS 

    HTTP
    http_req_duration..............: avg=46.35ms min=33.42ms med=44.93ms max=142.47ms p(90)=52.83ms p(95)=59.8ms 
      { expected_response:true }...: avg=46.35ms min=33.42ms med=44.93ms max=142.47ms p(90)=52.83ms p(95)=59.8ms 
    http_req_failed................: 0.00%  0 out of 68229
    http_reqs......................: 68229  4546.32609/s

    EXECUTION
    iteration_duration.............: avg=46.43ms min=33.47ms med=45ms    max=142.54ms p(90)=52.91ms p(95)=59.89ms
    iterations.....................: 68229  4546.32609/s
    vus............................: 205    min=178        max=423 
    vus_max........................: 4562   min=4562       max=4562

    NETWORK
    data_received..................: 14 MB  924 kB/s
    data_sent......................: 6.8 MB 456 kB/s




running (15.0s), 00000/04562 VUs, 68229 complete and 202 interrupted iterations
default ✓ [ 100% ] 00201/04562 VUs  15s  4562.00 iters/s
