
         /\      Grafana   /‾‾/  
    /\  /  \     |\  __   /  /   
   /  \/    \    | |/ /  /   ‾‾\ 
  /          \   |   (  |  (‾)  |
 / __________ \  |_|\_\  \_____/ 

     execution: local
        script: workflow/spin/k6_open_client.js
        output: -

     scenarios: (100.00%) 1 scenario, 10000 max VUs, 15s max duration (incl. graceful stop):
              * default: 3152.00 iterations/s for 15s (maxVUs: 3152-10000)


running (00.9s), 00253/03152 VUs, 2560 complete and 0 interrupted iterations
default   [   6% ] 00253/03152 VUs  00.9s/15s  3152.00 iters/s

running (01.9s), 00208/03152 VUs, 5754 complete and 0 interrupted iterations
default   [  13% ] 00208/03152 VUs  01.9s/15s  3152.00 iters/s

running (02.9s), 00278/03152 VUs, 8836 complete and 0 interrupted iterations
default   [  19% ] 00278/03152 VUs  02.9s/15s  3152.00 iters/s

running (03.9s), 00236/03152 VUs, 12032 complete and 0 interrupted iterations
default   [  26% ] 00236/03152 VUs  03.9s/15s  3152.00 iters/s

running (04.9s), 00186/03152 VUs, 15232 complete and 0 interrupted iterations
default   [  33% ] 00186/03152 VUs  04.9s/15s  3152.00 iters/s

running (05.9s), 00246/03152 VUs, 18324 complete and 0 interrupted iterations
default   [  39% ] 00246/03152 VUs  05.9s/15s  3152.00 iters/s

running (06.9s), 00218/03152 VUs, 21504 complete and 0 interrupted iterations
default   [  46% ] 00218/03152 VUs  06.9s/15s  3152.00 iters/s

running (07.9s), 00187/03152 VUs, 24687 complete and 0 interrupted iterations
default   [  53% ] 00187/03152 VUs  07.9s/15s  3152.00 iters/s

running (08.9s), 00249/03152 VUs, 27776 complete and 0 interrupted iterations
default   [  59% ] 00249/03152 VUs  08.9s/15s  3152.00 iters/s

running (09.9s), 00204/03152 VUs, 30976 complete and 0 interrupted iterations
default   [  66% ] 00204/03152 VUs  09.9s/15s  3152.00 iters/s

running (10.9s), 00201/03152 VUs, 34129 complete and 0 interrupted iterations
default   [  73% ] 00201/03152 VUs  10.9s/15s  3152.00 iters/s

running (11.9s), 00236/03152 VUs, 37248 complete and 0 interrupted iterations
default   [  79% ] 00236/03152 VUs  11.9s/15s  3152.00 iters/s

running (12.9s), 00194/03152 VUs, 40437 complete and 0 interrupted iterations
default   [  86% ] 00194/03152 VUs  12.9s/15s  3152.00 iters/s

running (13.9s), 00230/03152 VUs, 43558 complete and 0 interrupted iterations
default   [  93% ] 00230/03152 VUs  13.9s/15s  3152.00 iters/s

running (14.9s), 00228/03152 VUs, 46709 complete and 0 interrupted iterations
default   [  99% ] 00228/03152 VUs  14.9s/15s  3152.00 iters/s


  █ TOTAL RESULTS 

    HTTP
    http_req_duration..............: avg=68.69ms min=48.42ms med=68.52ms max=98.15ms p(90)=77.87ms p(95)=80.1ms
      { expected_response:true }...: avg=68.69ms min=48.42ms med=68.52ms max=98.15ms p(90)=77.87ms p(95)=80.1ms
    http_req_failed................: 0.00%  0 out of 47093
    http_reqs......................: 47093  3138.232103/s

    EXECUTION
    iteration_duration.............: avg=68.79ms min=48.5ms  med=68.61ms max=99.28ms p(90)=77.98ms p(95)=80.2ms
    iterations.....................: 47093  3138.232103/s
    vus............................: 231    min=186        max=277 
    vus_max........................: 3152   min=3152       max=3152

    NETWORK
    data_received..................: 9.6 MB 637 kB/s
    data_sent......................: 9.1 MB 605 kB/s




running (15.0s), 00000/03152 VUs, 47093 complete and 187 interrupted iterations
default ✓ [ 100% ] 00187/03152 VUs  15s  3152.00 iters/s
