
         /\      Grafana   /‾‾/  
    /\  /  \     |\  __   /  /   
   /  \/    \    | |/ /  /   ‾‾\ 
  /          \   |   (  |  (‾)  |
 / __________ \  |_|\_\  \_____/ 

     execution: local
        script: workflow/online_boutique/k6_open_view_cart.js
        output: -

     scenarios: (100.00%) 1 scenario, 10000 max VUs, 15s max duration (incl. graceful stop):
              * default: 659.00 iterations/s for 15s (maxVUs: 659-10000)


running (01.0s), 00381/00659 VUs, 256 complete and 0 interrupted iterations
default   [   6% ] 00381/00659 VUs  01.0s/15s  659.00 iters/s

running (02.0s), 00449/00659 VUs, 848 complete and 0 interrupted iterations
default   [  13% ] 00449/00659 VUs  02.0s/15s  659.00 iters/s

running (03.0s), 00419/00659 VUs, 1536 complete and 0 interrupted iterations
default   [  20% ] 00419/00659 VUs  03.0s/15s  659.00 iters/s

running (04.0s), 00311/00659 VUs, 2304 complete and 0 interrupted iterations
default   [  26% ] 00311/00659 VUs  04.0s/15s  659.00 iters/s

running (05.0s), 00458/00659 VUs, 2816 complete and 0 interrupted iterations
default   [  33% ] 00458/00659 VUs  05.0s/15s  659.00 iters/s

running (06.0s), 00349/00659 VUs, 3584 complete and 0 interrupted iterations
default   [  40% ] 00349/00659 VUs  06.0s/15s  659.00 iters/s

running (07.0s), 00496/00659 VUs, 4096 complete and 0 interrupted iterations
default   [  46% ] 00496/00659 VUs  07.0s/15s  659.00 iters/s

running (08.0s), 00387/00659 VUs, 4864 complete and 0 interrupted iterations
default   [  53% ] 00387/00659 VUs  08.0s/15s  659.00 iters/s

running (09.0s), 00370/00659 VUs, 5540 complete and 0 interrupted iterations
default   [  60% ] 00370/00659 VUs  09.0s/15s  659.00 iters/s

running (10.0s), 00425/00659 VUs, 6144 complete and 0 interrupted iterations
default   [  66% ] 00425/00659 VUs  10.0s/15s  659.00 iters/s

running (11.0s), 00316/00659 VUs, 6912 complete and 0 interrupted iterations
default   [  73% ] 00316/00659 VUs  11.0s/15s  659.00 iters/s

running (12.0s), 00463/00659 VUs, 7424 complete and 0 interrupted iterations
default   [  80% ] 00463/00659 VUs  12.0s/15s  659.00 iters/s

running (13.0s), 00353/00659 VUs, 8192 complete and 0 interrupted iterations
default   [  86% ] 00353/00659 VUs  13.0s/15s  659.00 iters/s

running (14.0s), 00500/00659 VUs, 8704 complete and 0 interrupted iterations
default   [  93% ] 00501/00659 VUs  14.0s/15s  659.00 iters/s

running (15.0s), 00391/00659 VUs, 9472 complete and 0 interrupted iterations
default   [ 100% ] 00392/00659 VUs  15.0s/15s  659.00 iters/s


  █ TOTAL RESULTS 

    CUSTOM
    online_boutique_application_errors...: 0.00%  0 out of 9472

    HTTP
    http_req_duration....................: avg=616.62ms min=430.82ms med=616.45ms max=807.66ms p(90)=747.91ms p(95)=764.35ms
      { expected_response:true }.........: avg=616.62ms min=430.82ms med=616.45ms max=807.66ms p(90)=747.91ms p(95)=764.35ms
    http_req_failed......................: 0.00%  0 out of 9472
    http_reqs............................: 9472   631.3094/s

    EXECUTION
    iteration_duration...................: avg=616.82ms min=430.97ms med=616.66ms max=807.85ms p(90)=748.13ms p(95)=764.6ms 
    iterations...........................: 9472   631.3094/s
    vus..................................: 391    min=311       max=501
    vus_max..............................: 659    min=659       max=659

    NETWORK
    data_received........................: 18 MB  1.2 MB/s
    data_sent............................: 2.4 MB 158 kB/s




running (15.0s), 00000/00659 VUs, 9472 complete and 413 interrupted iterations
default ✓ [ 100% ] 00413/00659 VUs  15s  659.00 iters/s
