
         /\      Grafana   /‾‾/  
    /\  /  \     |\  __   /  /   
   /  \/    \    | |/ /  /   ‾‾\ 
  /          \   |   (  |  (‾)  |
 / __________ \  |_|\_\  \_____/ 

     execution: local
        script: workflow/spin/k6_open_client.js
        output: -

     scenarios: (100.00%) 1 scenario, 10000 max VUs, 15s max duration (incl. graceful stop):
              * default: 2300.00 iterations/s for 15s (maxVUs: 2300-10000)


running (00.9s), 00195/02300 VUs, 1915 complete and 0 interrupted iterations
default   [   6% ] 00195/02300 VUs  00.9s/15s  2300.00 iters/s

running (01.9s), 00118/02300 VUs, 4291 complete and 0 interrupted iterations
default   [  13% ] 00119/02300 VUs  01.9s/15s  2300.00 iters/s

running (02.9s), 00151/02300 VUs, 6559 complete and 0 interrupted iterations
default   [  19% ] 00151/02300 VUs  02.9s/15s  2300.00 iters/s

running (03.9s), 00174/02300 VUs, 8837 complete and 0 interrupted iterations
default   [  26% ] 00174/02300 VUs  03.9s/15s  2300.00 iters/s

running (04.9s), 00101/02300 VUs, 11207 complete and 0 interrupted iterations
default   [  33% ] 00101/02300 VUs  04.9s/15s  2300.00 iters/s

running (05.9s), 00162/02300 VUs, 13449 complete and 0 interrupted iterations
default   [  39% ] 00163/02300 VUs  05.9s/15s  2300.00 iters/s

running (06.9s), 00104/02300 VUs, 15805 complete and 0 interrupted iterations
default   [  46% ] 00105/02300 VUs  06.9s/15s  2300.00 iters/s

running (07.9s), 00163/02300 VUs, 18049 complete and 0 interrupted iterations
default   [  53% ] 00163/02300 VUs  07.9s/15s  2300.00 iters/s

running (08.9s), 00118/02300 VUs, 20392 complete and 0 interrupted iterations
default   [  59% ] 00118/02300 VUs  08.9s/15s  2300.00 iters/s

running (09.9s), 00120/02300 VUs, 22690 complete and 0 interrupted iterations
default   [  66% ] 00120/02300 VUs  09.9s/15s  2300.00 iters/s

running (10.9s), 00168/02300 VUs, 24941 complete and 0 interrupted iterations
default   [  73% ] 00168/02300 VUs  10.9s/15s  2300.00 iters/s

running (11.9s), 00117/02300 VUs, 27294 complete and 0 interrupted iterations
default   [  79% ] 00117/02300 VUs  11.9s/15s  2300.00 iters/s

running (12.9s), 00190/02300 VUs, 29520 complete and 0 interrupted iterations
default   [  86% ] 00190/02300 VUs  12.9s/15s  2300.00 iters/s

running (13.9s), 00118/02300 VUs, 31892 complete and 0 interrupted iterations
default   [  93% ] 00118/02300 VUs  13.9s/15s  2300.00 iters/s

running (14.9s), 00126/02300 VUs, 34183 complete and 0 interrupted iterations
default   [  99% ] 00126/02300 VUs  14.9s/15s  2300.00 iters/s


  █ TOTAL RESULTS 

    HTTP
    http_req_duration..............: avg=65.34ms min=36.34ms med=65.29ms max=110.94ms p(90)=82.2ms  p(95)=85.06ms
      { expected_response:true }...: avg=65.34ms min=36.34ms med=65.29ms max=110.94ms p(90)=82.2ms  p(95)=85.06ms
    http_req_failed................: 0.00%  0 out of 34306
    http_reqs......................: 34306  2286.301169/s

    EXECUTION
    iteration_duration.............: avg=65.43ms min=36.55ms med=65.38ms max=111.03ms p(90)=82.29ms p(95)=85.16ms
    iterations.....................: 34306  2286.301169/s
    vus............................: 126    min=104        max=195 
    vus_max........................: 2300   min=2300       max=2300

    NETWORK
    data_received..................: 7.0 MB 464 kB/s
    data_sent......................: 6.6 MB 441 kB/s




running (15.0s), 00000/02300 VUs, 34306 complete and 196 interrupted iterations
default ✓ [ 100% ] 00196/02300 VUs  15s  2300.00 iters/s
