
         /\      Grafana   /‾‾/  
    /\  /  \     |\  __   /  /   
   /  \/    \    | |/ /  /   ‾‾\ 
  /          \   |   (  |  (‾)  |
 / __________ \  |_|\_\  \_____/ 

     execution: local
        script: workflow/online_boutique/k6_open_view_cart.js
        output: -

     scenarios: (100.00%) 1 scenario, 10000 max VUs, 15s max duration (incl. graceful stop):
              * default: 834.00 iterations/s for 15s (maxVUs: 834-10000)


running (01.0s), 00174/00834 VUs, 629 complete and 0 interrupted iterations
default   [   6% ] 00174/00834 VUs  01.0s/15s  834.00 iters/s

running (02.0s), 00277/00834 VUs, 1359 complete and 0 interrupted iterations
default   [  13% ] 00277/00834 VUs  02.0s/15s  834.00 iters/s

running (03.0s), 00357/00834 VUs, 2114 complete and 0 interrupted iterations
default   [  20% ] 00357/00834 VUs  03.0s/15s  834.00 iters/s

running (04.0s), 00462/00834 VUs, 2842 complete and 0 interrupted iterations
default   [  26% ] 00463/00834 VUs  04.0s/15s  834.00 iters/s

running (05.0s), 00524/00834 VUs, 3614 complete and 0 interrupted iterations
default   [  33% ] 00524/00834 VUs  05.0s/15s  834.00 iters/s

running (06.0s), 00609/00834 VUs, 4364 complete and 0 interrupted iterations
default   [  40% ] 00609/00834 VUs  06.0s/15s  834.00 iters/s

running (07.0s), 00677/00834 VUs, 5130 complete and 0 interrupted iterations
default   [  46% ] 00677/00834 VUs  07.0s/15s  834.00 iters/s

running (08.0s), 00774/00834 VUs, 5867 complete and 0 interrupted iterations
default   [  53% ] 00774/00834 VUs  08.0s/15s  834.00 iters/s

running (09.0s), 00845/00847 VUs, 6617 complete and 0 interrupted iterations
default   [  60% ] 00845/00847 VUs  09.0s/15s  834.00 iters/s

running (10.0s), 00861/00863 VUs, 7416 complete and 0 interrupted iterations
default   [  66% ] 00861/00863 VUs  10.0s/15s  834.00 iters/s

running (11.0s), 00879/00880 VUs, 8208 complete and 0 interrupted iterations
default   [  73% ] 00879/00880 VUs  11.0s/15s  834.00 iters/s

running (12.0s), 00904/00904 VUs, 8993 complete and 0 interrupted iterations
default   [  80% ] 00904/00904 VUs  12.0s/15s  834.00 iters/s

running (13.0s), 00938/00938 VUs, 9756 complete and 0 interrupted iterations
default   [  86% ] 00938/00938 VUs  13.0s/15s  834.00 iters/s

running (14.0s), 00978/00978 VUs, 10507 complete and 0 interrupted iterations
default   [  93% ] 00978/00978 VUs  14.0s/15s  834.00 iters/s

running (15.0s), 01019/01022 VUs, 11251 complete and 0 interrupted iterations
default   [ 100% ] 01020/01022 VUs  15.0s/15s  834.00 iters/s


  █ TOTAL RESULTS 

    CUSTOM
    online_boutique_application_errors...: 0.00%  0 out of 11280

    HTTP
    http_req_duration....................: avg=811.35ms min=23.44ms med=878.48ms max=1.44s p(90)=1.2s p(95)=1.27s
      { expected_response:true }.........: avg=811.35ms min=23.44ms med=878.48ms max=1.44s p(90)=1.2s p(95)=1.27s
    http_req_failed......................: 0.00%  0 out of 11280
    http_reqs............................: 11280  751.607682/s

    EXECUTION
    dropped_iterations...................: 209    13.926064/s
    iteration_duration...................: avg=811.72ms min=24.1ms  med=878.64ms max=1.44s p(90)=1.2s p(95)=1.27s
    iterations...........................: 11280  751.607682/s
    vus..................................: 1020   min=174        max=1020
    vus_max..............................: 1022   min=834        max=1022

    NETWORK
    data_received........................: 22 MB  1.5 MB/s
    data_sent............................: 2.9 MB 197 kB/s




running (15.0s), 00000/01023 VUs, 11280 complete and 1021 interrupted iterations
default ✓ [ 100% ] 01021/01023 VUs  15s  834.00 iters/s
